I/PackageManager( 1025):   Action: "android.intent.action.SENDTO"
I/PackageManager( 1025):   Category: "android.intent.category.DEFAULT"
I/PackageManager( 1025):   Scheme: "mmsto"
I/Launcher( 1340): Deferring update until onResume
D/dalvikvm(23175): Trying to load lib /data/app-lib/com.google.android.talk-1/libcrashreporterer.so 0x41fb13c8
D/dalvikvm(23175): Added shared lib /data/app-lib/com.google.android.talk-1/libcrashreporterer.so 0x41fb13c8
I/PackageManager( 1025): Adding preferred activity ComponentInfo{com.android.mms/com.android.mms.ui.ComposeMessageActivity} for user 0 :
I/PackageManager( 1025):   Action: "android.intent.action.SENDTO"
I/PackageManager( 1025):   Category: "android.intent.category.DEFAULT"
I/PackageManager( 1025):   Scheme: "sms"
I/PackageManager( 1025): Adding preferred activity ComponentInfo{com.android.mms/com.android.mms.ui.ComposeMessageActivity} for user 0 :
I/PackageManager( 1025):   Action: "android.intent.action.SENDTO"
I/PackageManager( 1025):   Category: "android.intent.category.DEFAULT"
I/PackageManager( 1025):   Scheme: "smsto"
E/dalvikvm(23175): Could not find class 'android.app.Notification$Action$Builder', referenced from method f.a
W/dalvikvm(23175): VFY: unable to resolve new-instance 402 (Landroid/app/Notification$Action$Builder;) in Lf;
D/dalvikvm(23175): VFY: replacing opcode 0x22 at 0x0000
I/PackageManager( 1025): Adding preferred activity ComponentInfo{com.android.mms/com.android.mms.ui.ComposeMessageActivity} for user 0 :
I/PackageManager( 1025):   Action: "android.intent.action.SENDTO"
I/PackageManager( 1025):   Category: "android.intent.category.DEFAULT"
I/PackageManager( 1025):   Scheme: "mms"
E/dalvikvm(23175): Could not find class 'android.app.RemoteInput$Builder', referenced from method f.a
W/dalvikvm(23175): VFY: unable to resolve new-instance 414 (Landroid/app/RemoteInput$Builder;) in Lf;
D/dalvikvm(23175): VFY: replacing opcode 0x22 at 0x003d
I/PackageManager( 1025): Adding preferred activity ComponentInfo{com.android.mms/com.android.mms.ui.ComposeMessageActivity} for user 0 :
I/PackageManager( 1025):   Action: "android.intent.action.SENDTO"
I/PackageManager( 1025):   Category: "android.intent.category.DEFAULT"
I/PackageManager( 1025):   Scheme: "mmsto"
I/ActivityManager( 1025): Process com.mobisystems.ubreader_west (pid 23100) has died.
W/ManagedEGLContext(20280): doTerminate failed: EGL count is 2 but managed count is 1
E/dalvikvm(23175): Could not find class 'android.app.Notification$Action$Builder', referenced from method f.a
W/dalvikvm(23175): VFY: unable to resolve new-instance 402 (Landroid/app/Notification$Action$Builder;) in Lf;
D/dalvikvm(23175): VFY: replacing opcode 0x22 at 0x0000
W/dalvikvm(23175): Unable to resolve superclass of Law; (790)
W/dalvikvm(23175): Link of class 'Law;' failed
E/dalvikvm(23175): Could not find class 'aw', referenced from method f.a
W/dalvikvm(23175): VFY: unable to resolve new-instance 1214 (Law;) in Lf;
D/dalvikvm(23175): VFY: replacing opcode 0x22 at 0x0006
W/dalvikvm(23175): Unable to resolve superclass of Lay; (790)
W/dalvikvm(23175): Link of class 'Lay;' failed
E/dalvikvm(23175): Could not find class 'ay', referenced from method f.a
W/dalvikvm(23175): VFY: unable to resolve new-instance 1268 (Lay;) in Lf;
D/dalvikvm(23175): VFY: replacing opcode 0x22 at 0x002a
I/dalvikvm(23175): Could not find method android.view.ViewGroup.isTransitionGroup, referenced from method f.a
W/dalvikvm(23175): VFY: unable to resolve virtual method 5345: Landroid/view/ViewGroup;.isTransitionGroup ()Z
D/dalvikvm(23175): VFY: replacing opcode 0x6e at 0x000c
I/dalvikvm(23175): Could not find method android.view.View.getTransitionName, referenced from method f.a
W/dalvikvm(23175): VFY: unable to resolve virtual method 5199: Landroid/view/View;.getTransitionName ()Ljava/lang/String;
D/dalvikvm(23175): VFY: replacing opcode 0x6e at 0x0006
W/dalvikvm(23175): VFY: unable to find class referenced in signature ([Landroid/app/RemoteInput;)
E/dalvikvm(23175): Could not find class 'android.app.RemoteInput[]', referenced from method f.a
W/dalvikvm(23175): VFY: unable to resolve new-array 6957 ([Landroid/app/RemoteInput;) in Lf;
D/dalvikvm(23175): VFY: replacing opcode 0x23 at 0x0005
D/dalvikvm(23175): DexOpt: couldn't find static field Landroid/os/Build;.SUPPORTED_ABIS
W/dalvikvm(23175): VFY: unable to resolve static field 1486 (SUPPORTED_ABIS) in Landroid/os/Build;
D/dalvikvm(23175): VFY: replacing opcode 0x62 at 0x0006
D/dalvikvm(23175): DexOpt: unable to opt direct call 0x0a62 at 0x0e in Lf;.a
D/dalvikvm(23175): DexOpt: unable to opt direct call 0x0ab7 at 0x43 in Lf;.a
D/dalvikvm(23175): DexOpt: unable to opt direct call 0x0a62 at 0x0e in Lf;.a
W/dalvikvm(23175): Unable to resolve superclass of Law; (790)
W/dalvikvm(23175): Link of class 'Law;' failed
D/dalvikvm(23175): DexOpt: unable to opt direct call 0x1d53 at 0x08 in Lf;.a
W/dalvikvm(23175): Unable to resolve superclass of Lay; (790)
W/dalvikvm(23175): Link of class 'Lay;' failed
D/dalvikvm(23175): DexOpt: unable to opt direct call 0x1e94 at 0x2c in Lf;.a
D/dalvikvm(23175): DexOpt: unable to opt direct call 0x0ab7 at 0x13 in Lf;.a
I/ActivityManager( 1025): Process com.rhmsoft.fm:crash.feedback (pid 23079) has died.
I/dalvikvm(23175): Could not find method android.content.Context.getDrawable, referenced from method i.a
W/dalvikvm(23175): VFY: unable to resolve virtual method 2839: Landroid/content/Context;.getDrawable (I)Landroid/graphics/drawable/Drawable;
D/dalvikvm(23175): VFY: replacing opcode 0x6e at 0x0006
I/Babel   (23175): MmsConfig: mnc/mcc: 272/3
I/Babel   (23175): MmsConfig.loadMmsSettings
I/Babel   (23175): MmsConfig.loadDeviceMmsSettings from API: mUserAgent=motoxt1039, mUaProfUrl=http://uaprof.motorola.com/phoneconfig/motoxt1039/Profile/motoxt1039.rdf
I/Babel   (23175): MmsConfig.loadFromDatabase
E/SQLiteLog(23175): (1) no such table: mmsconfig
I/Babel   (23175): MmsConfig: no mmsconfig table android.database.sqlite.SQLiteException: no such table: mmsconfig (code 1): , while compiling: SELECT key, value, type FROM mmsconfig WHERE numeric=?
I/Babel   (23175): MmsConfig.loadFromResources
E/Babel   (23175): canonicalizeMccMnc: invalid mccmnc nullnull
I/Babel   (23175): MmsConfig.loadMmsSettings: mUserAgent=motoxt1039, mUaProfUrl=http://uaprof.motorola.com/phoneconfig/motoxt1039/Profile/motoxt1039.rdf
W/Settings(23175): Setting airplane_mode_on has moved from android.provider.Settings.System to android.provider.Settings.Global, returning read-only value.
I/Babel_StickerModule(23175): App launched.
I/ActivityManager( 1025): Start proc com.motorola.MotGallery2 for broadcast com.motorola.MotGallery2/com.android.gallery3d.app.PackagesMonitor: pid=23213 uid=10034 gids={50034, 3003, 1028, 1015}
W/AppOps  ( 1025): Bad call: specified package qcamera under uid 1013 but it is really -1
D/WifiStateMachine( 1025): handleMessage: E msg.what=151572
D/WifiStateMachine( 1025): processMsg: ConnectedState
D/WifiStateMachine( 1025): processMsg: L2ConnectedState
D/WifiStateMachine( 1025): handleMessage: X
W/AppOps  ( 1025): Bad call: specified package qcamera under uid 1013 but it is really -1
W/AppOps  ( 1025): Bad call: specified package qcamera under uid 1013 but it is really -1
W/AppOps  ( 1025): Bad call: specified package qcamera under uid 1013 but it is really -1
W/dalvikvm(23175): Unable to resolve superclass of Lcom/google/android/libraries/hangouts/video/ScreenCaptureVideoSource$2; (596)
W/dalvikvm(23175): Link of class 'Lcom/google/android/libraries/hangouts/video/ScreenCaptureVideoSource$2;' failed
E/dalvikvm(23175): Could not find class 'com.google.android.libraries.hangouts.video.ScreenCaptureVideoSource$2', referenced from method com.google.android.libraries.hangouts.video.ScreenCaptureVideoSource.<init>
W/dalvikvm(23175): VFY: unable to resolve new-instance 2878 (Lcom/google/android/libraries/hangouts/video/ScreenCaptureVideoSource$2;) in Lcom/google/android/libraries/hangouts/video/ScreenCaptureVideoSource;
D/dalvikvm(23175): VFY: replacing opcode 0x22 at 0x0044
W/dalvikvm(23175): VFY: unable to find class referenced in signature (Landroid/media/projection/MediaProjection;)
W/dalvikvm(23175): VFY: unable to find class referenced in signature (Landroid/media/projection/MediaProjection;)
W/dalvikvm(23175): VFY: unable to find class referenced in signature (Landroid/media/projection/MediaProjection;)
W/dalvikvm(23175): VFY: unable to find class referenced in signature (Landroid/media/projection/MediaProjectionManager;)
I/dalvikvm(23175): Could not find method android.media.projection.MediaProjection.createVirtualDisplay, referenced from method com.google.android.libraries.hangouts.video.ScreenCaptureVideoSource.createVirtualDisplay
W/dalvikvm(23175): VFY: unable to resolve virtual method 3518: Landroid/media/projection/MediaProjection;.createVirtualDisplay (Ljava/lang/String;IIIILandroid/view/Surface;Landroid/hardware/display/VirtualDisplay$Callback;Landroid/os/Handler;)Landroid/hardware/display/VirtualDisplay;
D/dalvikvm(23175): VFY: replacing opcode 0x74 at 0x0053
I/dalvikvm(23175): Could not find method android.media.projection.MediaProjection.stop, referenced from method com.google.android.libraries.hangouts.video.ScreenCaptureVideoSource.release
W/dalvikvm(23175): VFY: unable to resolve virtual method 3520: Landroid/media/projection/MediaProjection;.stop ()V
D/dalvikvm(23175): VFY: replacing opcode 0x6e at 0x002d
I/dalvikvm(23175): Could not find method android.media.projection.MediaProjectionManager.createScreenCaptureIntent, referenced from method com.google.android.libraries.hangouts.video.ScreenCaptureVideoSource.startCapture
W/dalvikvm(23175): VFY: unable to resolve virtual method 3522: Landroid/media/projection/MediaProjectionManager;.createScreenCaptureIntent ()Landroid/content/Intent;
D/dalvikvm(23175): VFY: replacing opcode 0x6e at 0x0023
W/dalvikvm(23175): Unable to resolve superclass of Lcom/google/android/libraries/hangouts/video/ScreenCaptureVideoSource$2; (596)
W/dalvikvm(23175): Link of class 'Lcom/google/android/libraries/hangouts/video/ScreenCaptureVideoSource$2;' failed
D/dalvikvm(23175): DexOpt: unable to opt direct call 0x4a49 at 0x46 in Lcom/google/android/libraries/hangouts/video/ScreenCaptureVideoSource;.<init>
I/dalvikvm(23175): Could not find method android.media.MediaCodecInfo$CodecCapabilities.getVideoCapabilities, referenced from method com.google.android.libraries.hangouts.video.EncoderManager.isHardwareAcceleratedCodec
W/dalvikvm(23175): VFY: unable to resolve virtual method 3454: Landroid/media/MediaCodecInfo$CodecCapabilities;.getVideoCapabilities ()Landroid/media/MediaCodecInfo$VideoCapabilities;
D/dalvikvm(23175): VFY: replacing opcode 0x6e at 0x001f
I/Babel   (23175): Creating RTCS
I/Babel   (23175): Destroying RTCS
D/PackageBroadcastService( 1402): Received broadcast action=android.intent.action.PACKAGE_CHANGED and uri=com.google.android.gms
I/PackageBroadcastService( 1402): Null package name or gms related package.  Ignoreing.
I/ActivityManager( 1025): Start proc com.google.android.apps.plus for broadcast com.google.android.apps.plus/.service.PackagesMediaMonitor: pid=23234 uid=10090 gids={50090, 3003, 3002, 1028, 1015}
I/Icing   ( 1402): updateResources: need to parse e{com.google.android.gms}
V/GmsNetworkLocationProvi( 1273): DISABLE
I/ActivityManager( 1025): Process com.devexpert.weather (pid 23119) has died.
W/ManagedEGLContext(20280): doTerminate failed: EGL count is 2 but managed count is 1
E/dalvikvm(23234): Could not find class 'android.app.Notification$Action$Builder', referenced from method b.a
W/dalvikvm(23234): VFY: unable to resolve new-instance 302 (Landroid/app/Notification$Action$Builder;) in Lb;
D/dalvikvm(23234): VFY: replacing opcode 0x22 at 0x0000
E/dalvikvm(23234): Could not find class 'android.graphics.drawable.RippleDrawable', referenced from method b.a
W/dalvikvm(23234): VFY: unable to resolve new-instance 462 (Landroid/graphics/drawable/RippleDrawable;) in Lb;
D/dalvikvm(23234): VFY: replacing opcode 0x22 at 0x000b
V/GmsNetworkLocationProvi( 1273): onSetRequest: ProviderRequestUnbundled, reportLocation is true and interval is 14400000
E/GCoreFlp( 1273): Bound FusedProviderService with LocationManager
V/GmsNetworkLocationProvi( 1273): ENABLE
V/GmsNetworkLocationProvi( 1273): SET-REQUEST
V/GmsNetworkLocationProvi( 1273): in Handler: ProviderRequestUnbundled, reportLocation is true and interval is 14400000
D/WifiService( 1025): acquireWifiLockLocked: WifiLock{NlpWifiLock type=2 binder=android.os.BinderProxy@42c6a0d8}
I/ActivityManager( 1025): Process com.android.deskclock (pid 23134) has died.
D/WifiStateMachine( 1025): handleMessage: E msg.what=131143
D/WifiStateMachine( 1025): processMsg: ConnectedState
D/WifiStateMachine( 1025): processMsg: L2ConnectedState
D/WifiStateMachine( 1025): handleMessage: X
W/dalvikvm(23234): VFY: unable to find class referenced in signature (Lzt;)
W/dalvikvm(23234): VFY: unable to find class referenced in signature (Lzt;)
W/dalvikvm(23234): VFY: unable to find class referenced in signature (Lzt;)
W/dalvikvm(23234): VFY: unable to find class referenced in signature (Lzt;)
W/dalvikvm(23234): VFY: unable to find class referenced in signature (Lzt;)
W/dalvikvm(23234): VFY: unable to find class referenced in signature (Lzt;)
W/dalvikvm(23234): VFY: unable to find class referenced in signature (Lzt;)
E/dalvikvm(23234): Could not find class 'android.app.Notification$Action$Builder', referenced from method b.a
W/dalvikvm(23234): VFY: unable to resolve new-instance 302 (Landroid/app/Notification$Action$Builder;) in Lb;
D/dalvikvm(23234): VFY: replacing opcode 0x22 at 0x0000
W/dalvikvm(23234): Unable to resolve superclass of Lar; (689)
W/dalvikvm(23234): Link of class 'Lar;' failed
E/dalvikvm(23234): Could not find class 'ar', referenced from method b.a
W/dalvikvm(23234): VFY: unable to resolve new-instance 999 (Lar;) in Lb;
D/dalvikvm(23234): VFY: replacing opcode 0x22 at 0x0006
W/dalvikvm(23234): Unable to resolve superclass of Lat; (689)
W/dalvikvm(23234): Link of class 'Lat;' failed
E/dalvikvm(23234): Could not find class 'at', referenced from method b.a
W/dalvikvm(23234): VFY: unable to resolve new-instance 1053 (Lat;) in Lb;
D/dalvikvm(23234): VFY: replacing opcode 0x22 at 0x002a
I/dalvikvm(23234): Could not find method android.view.ViewGroup.isTransitionGroup, referenced from method b.a
W/dalvikvm(23234): VFY: unable to resolve virtual method 4388: Landroid/view/ViewGroup;.isTransitionGroup ()Z
D/dalvikvm(23234): VFY: replacing opcode 0x6e at 0x000c
I/dalvikvm(23234): Could not find method android.view.View.getTransitionName, referenced from method b.a
W/dalvikvm(23234): VFY: unable to resolve virtual method 4205: Landroid/view/View;.getTransitionName ()Ljava/lang/String;
D/dalvikvm(23234): VFY: replacing opcode 0x6e at 0x0006
W/dalvikvm(23234): VFY: unable to find class referenced in signature ([Landroid/app/RemoteInput;)
E/dalvikvm(23234): Could not find class 'android.app.RemoteInput[]', referenced from method b.a
W/dalvikvm(23234): VFY: unable to resolve new-array 12606 ([Landroid/app/RemoteInput;) in Lb;
D/dalvikvm(23234): VFY: replacing opcode 0x23 at 0x0005
D/dalvikvm(23234): DexOpt: unable to opt direct call 0x0530 at 0x0e in Lb;.a
D/dalvikvm(23234): DexOpt: unable to opt direct call 0x08a4 at 0x0e in Lb;.a
D/dalvikvm(23234): DexOpt: unable to opt direct call 0x0530 at 0x0e in Lb;.a
W/dalvikvm(23234): Unable to resolve superclass of Lar; (689)
W/dalvikvm(23234): Link of class 'Lar;' failed
D/dalvikvm(23234): DexOpt: unable to opt direct call 0x177c at 0x08 in Lb;.a
W/dalvikvm(23234): Unable to resolve superclass of Lat; (689)
W/dalvikvm(23234): Link of class 'Lat;' failed
D/dalvikvm(23234): DexOpt: unable to opt direct call 0x1846 at 0x2c in Lb;.a
D/dalvikvm(23234): DexOpt: unable to opt direct call 0x0587 at 0x13 in Lb;.a
D/dalvikvm(23234): Trying to load lib /data/app-lib/com.google.android.apps.plus-1/libcrashreporterer.so 0x41fabd68
D/dalvikvm(23234): Added shared lib /data/app-lib/com.google.android.apps.plus-1/libcrashreporterer.so 0x41fabd68
D/dalvikvm(23175): GC_CONCURRENT freed 4108K, 25% free 13068K/17224K, paused 3ms+3ms, total 46ms
I/dalvikvm(23234): Could not find method android.content.Context.getDrawable, referenced from method c.a
W/dalvikvm(23234): VFY: unable to resolve virtual method 1545: Landroid/content/Context;.getDrawable (I)Landroid/graphics/drawable/Drawable;
D/dalvikvm(23234): VFY: replacing opcode 0x6e at 0x0006
I/ActivityManager( 1025): Start proc com.google.android.googlequicksearchbox:search for broadcast com.google.android.googlequicksearchbox/com.google.android.search.core.icingsync.IcingCorporaChangedReceiver: pid=23255 uid=10045 gids={50045, 3003, 3001, 1028, 3002, 1015}
