W/ContextImpl( 1295): Calling a method in the system process without a qualified user: android.app.ContextImpl.sendBroadcast:1252 android.content.ContextWrapper.sendBroadcast:365 com.motorola.motocare.util.TriggerHelper$TriggerBuilder.send:76 com.motorola.motocare.internal.frameworkevents.ProcessKillTrigger.sendTrigger:147 com.motorola.motocare.internal.frameworkevents.ProcessKillTrigger.handleLmkKill:337 
W/ContextImpl( 1295): Calling a method in the system process without a qualified user: android.app.ContextImpl.sendBroadcast:1252 android.content.ContextWrapper.sendBroadcast:365 com.motorola.motocare.util.TriggerHelper$TriggerBuilder.send:76 com.motorola.motocare.internal.frameworkevents.ProcessKillTrigger.sendTrigger:147 com.motorola.motocare.internal.frameworkevents.ProcessKillTrigger.handleLmkKill:337 
W/ContextImpl( 1295): Calling a method in the system process without a qualified user: android.app.ContextImpl.sendBroadcast:1252 android.content.ContextWrapper.sendBroadcast:365 com.motorola.motocare.util.TriggerHelper$TriggerBuilder.send:76 com.motorola.motocare.internal.frameworkevents.ProcessKillTrigger.sendTrigger:147 com.motorola.motocare.internal.frameworkevents.ProcessKillTrigger.handleLmkKill:337 
I/SFPerfTracer(  274):      triggers: (rate: 41:17989) (5906 sw vsyncs) (40847 skipped) (17:57679 vsyncs) (19:70587)
V/AlarmManager( 1025): sending alarm Alarm{42abf868 type 3 com.devexpert.weather}
V/AlarmManager( 1025): sending alarm Alarm{42aba648 type 2 com.facebook.katana}
I/ActivityManager( 1025): Start proc com.devexpert.weather for broadcast com.devexpert.weather/.view.WidgetWeather2x1: pid=21352 uid=10112 gids={50112, 3003, 1028, 1015}
V/AlarmManager( 1025): sending alarm Alarm{42a1f410 type 2 com.facebook.katana}
V/AlarmManager( 1025): sending alarm Alarm{42a1bed8 type 2 android}
I/SFPerfTracer(  274):      triggers: (rate: 41:17989) (5906 sw vsyncs) (40847 skipped) (17:57774 vsyncs) (19:70706)
I/EntropyMixer( 1025): Writing entropy...
D/ConnectivityService( 1025): handleInetConditionHoldEnd: net=1, condition=100, published condition=100
I/SFPerfTracer(  274):      triggers: (rate: 30:1092) (compose: 0:9) (post: 0:1) (render: 1:127) (0:16432 frames) (1:51109)
D/SFPerfTracer(  274):        layers: (3:9) (DimLayer: 0:25)* (DimLayer: 0:4)* (FocusedStackFrame: 0:672)* (StatusBar: 1:5446) (NavigationBar: 0:5213) (com.android.wallpaper.fall.FallWallpaper: 0:13736)* (DimLayer: 0:541)* (DimLayer: 0:133)* (co.giftmeapp.gift_me/co.giftmeapp.gift_me.GiftMe: 0:59) 
V/AlarmManager( 1025): sending alarm Alarm{438a23e8 type 3 android}
V/AlarmManager( 1025): sending alarm Alarm{43864e70 type 3 com.devexpert.weather}
V/AlarmManager( 1025): sending alarm Alarm{437c02c0 type 2 com.google.android.gms}
V/AlarmManager( 1025): sending alarm Alarm{438a6a40 type 2 android}
V/AlarmManager( 1025): sending alarm Alarm{42c5be18 type 2 com.google.android.gms}
I/PowerManagerService( 1025): Nap time...
I/PowerManagerService( 1025): Going to sleep due to screen timeout...
I/SFPerfTracer(  274):      triggers: (rate: 41:17989) (5907 sw vsyncs) (40847 skipped) (24:57867 vsyncs) (26:70818)
W/ContextImpl( 1295): Calling a method in the system process without a qualified user: android.app.ContextImpl.sendBroadcast:1252 android.content.ContextWrapper.sendBroadcast:365 com.motorola.motocare.util.TriggerHelper$TriggerBuilder.send:76 com.motorola.motocare.internal.frameworkevents.PauseResumeTrigger.handleFrameworkEvent:53 com.motorola.motocare.internal.frameworkevents.FwEventMonitor$FrameworkListener.processFrameworkEvent:114 
W/ContextImpl( 1295): Calling a method in the system process without a qualified user: android.app.ContextImpl.startService:1608 android.content.ContextWrapper.startService:494 android.content.ContextWrapper.startService:494 com.motorola.motocare.internal.batterystats.BatteryStatsAction.onReceive:33 android.app.ActivityThread.handleReceiver:2434 
V/AlarmManager( 1025): sending alarm Alarm{41fdd298 type 2 com.google.android.gms}
V/AlarmManager( 1025): sending alarm Alarm{41ff34d0 type 2 com.android.keyguard}
I/ActivityManager( 1025): Process com.google.android.apps.plus (pid 21219) has died.
V/AlarmManager( 1025): sending alarm Alarm{42be5110 type 2 com.google.android.gms}
V/AlarmManager( 1025): sending alarm Alarm{41ff3560 type 3 android}
I/ProcessStatsService( 1025): Prepared write state in 41ms
I/ProcessStatsService( 1025): Prepared write state in 27ms
V/AlarmManager( 1025): sending alarm Alarm{42c848b8 type 2 com.google.android.gms}
V/AlarmManager( 1025): sending alarm Alarm{41ff3638 type 3 com.devexpert.weather}
V/AlarmManager( 1025): sending alarm Alarm{41ff3710 type 2 com.google.android.gms}
W/ContextImpl( 1295): Calling a method in the system process without a qualified user: android.app.ContextImpl.sendBroadcast:1252 android.content.ContextWrapper.sendBroadcast:365 com.motorola.motocare.util.TriggerHelper$TriggerBuilder.send:76 com.motorola.motocare.internal.frameworkevents.ProcessKillTrigger.sendTrigger:147 com.motorola.motocare.internal.frameworkevents.ProcessKillTrigger.handleLmkKill:337 
V/AlarmManager( 1025): sending alarm Alarm{42f3de30 type 3 android}
V/AlarmManager( 1025): sending alarm Alarm{42f3df08 type 3 com.devexpert.weather}
V/AlarmManager( 1025): sending alarm Alarm{42f3dcc0 type 2 com.facebook.katana}
V/AlarmManager( 1025): sending alarm Alarm{42d35ab0 type 0 com.google.android.gms}
V/AlarmManager( 1025): sending alarm Alarm{430d8290 type 3 android}
I/PowerManagerService( 1025): Waking up from sleep...
I/WindowManager( 1025): Lock screen displayed!
D/DisplayPowerController( 1025): Unblocked screen on after 33686345 ms
I/SFPerfTracer(  274):      triggers: (rate: 41:17989) (6035 sw vsyncs) (40847 skipped) (0:57867 vsyncs) (129:70947)
D/WifiService( 1025): acquireWifiLockLocked: WifiLock{NlpWifiLock type=2 binder=android.os.BinderProxy@42980a00}
D/WifiService( 1025): releaseWifiLockLocked: WifiLock{NlpWifiLock type=2 binder=android.os.BinderProxy@42980a00}
W/ContextImpl( 1295): Calling a method in the system process without a qualified user: android.app.ContextImpl.sendBroadcast:1252 android.content.ContextWrapper.sendBroadcast:365 com.motorola.motocare.util.TriggerHelper$TriggerBuilder.send:76 com.motorola.motocare.internal.frameworkevents.PauseResumeTrigger.handleFrameworkEvent:53 com.motorola.motocare.internal.frameworkevents.FwEventMonitor$FrameworkListener.processFrameworkEvent:114 
D/UsbDeviceManager( 1025): MSG_USER_PRESENT
I/SFPerfTracer(  274):      triggers: (rate: 30:1100) (compose: 0:9) (post: 0:1) (render: 1:130) (47:16504 frames) (48:51204)
D/SFPerfTracer(  274):        layers: (4:11) (DimLayer: 0:25)* (DimLayer: 0:4)* (FocusedStackFrame: 0:673)* (StatusBar: 2:5457) (NavigationBar: 1:5215) (com.android.wallpaper.fall.FallWallpaper: 15:13752) (DimLayer: 0:541)* (DimLayer: 0:133)* (co.giftmeapp.gift_me/co.giftmeapp.gift_me.GiftMe: 0:63)* (ElectronBeam: 0:26)* (Keyguard: 43:49) 
W/InputMethodManagerService( 1025): Window already focused, ignoring focus gain of: com.android.internal.view.IInputMethodClient$Stub$Proxy@42a9ced8 attribute=android.view.inputmethod.EditorInfo@429b9568, token = android.os.BinderProxy@42646160
I/ActivityManager( 1025): Start proc com.linkedin.android for broadcast com.linkedin.android/.appwidget.ResponsiveWidgetService$ActiveUserListener: pid=21567 uid=10123 gids={50123, 3003, 1028, 1015}
I/ActivityManager( 1025): Start proc com.distilledmedia.thescore for broadcast com.distilledmedia.thescore/com.parse.ParseBroadcastReceiver: pid=21611 uid=10138 gids={50138, 3003, 1028, 1015}
I/ActivityManager( 1025): Process com.google.android.googlequicksearchbox:search (pid 21085) has died.
W/ContextImpl( 1295): Calling a method in the system process without a qualified user: android.app.ContextImpl.startService:1608 android.content.ContextWrapper.startService:494 android.content.ContextWrapper.startService:494 com.motorola.motocare.internal.batterystats.BatteryStatsAction.onReceive:33 android.app.ActivityThread.handleReceiver:2434 
I/ActivityManager( 1025): Process com.google.android.gm (pid 21262) has died.
I/SFPerfTracer(  274):      triggers: (rate: 41:17989) (6035 sw vsyncs) (40903 skipped) (132:57999 vsyncs) (134:71081)
I/ActivityManager( 1025): START u0 {act=com.android.systemui.recent.action.TOGGLE_RECENTS flg=0x10800000 cmp=com.android.systemui/.recent.RecentsActivity (has extras)} from pid 1119
W/ContextImpl( 1295): Calling a method in the system process without a qualified user: android.app.ContextImpl.sendBroadcast:1252 android.content.ContextWrapper.sendBroadcast:365 com.motorola.motocare.util.TriggerHelper$TriggerBuilder.send:76 com.motorola.motocare.internal.frameworkevents.PauseResumeTrigger.handleFrameworkEvent:53 com.motorola.motocare.internal.frameworkevents.FwEventMonitor$FrameworkListener.processFrameworkEvent:114 
W/ContextImpl( 1295): Calling a method in the system process without a qualified user: android.app.ContextImpl.sendBroadcast:1252 android.content.ContextWrapper.sendBroadcast:365 com.motorola.motocare.util.TriggerHelper$TriggerBuilder.send:76 com.motorola.motocare.internal.frameworkevents.PauseResumeTrigger.handleFrameworkEvent:53 com.motorola.motocare.internal.frameworkevents.FwEventMonitor$FrameworkListener.processFrameworkEvent:114 
W/ContextImpl( 1295): Calling a method in the system process without a qualified user: android.app.ContextImpl.sendBroadcast:1252 android.content.ContextWrapper.sendBroadcast:365 com.motorola.motocare.util.TriggerHelper$TriggerBuilder.send:76 com.motorola.motocare.internal.frameworkevents.PauseResumeTrigger.handleFrameworkEvent:53 com.motorola.motocare.internal.frameworkevents.FwEventMonitor$FrameworkListener.processFrameworkEvent:114 
W/ContextImpl( 1295): Calling a method in the system process without a qualified user: android.app.ContextImpl.sendBroadcast:1252 android.content.ContextWrapper.sendBroadcast:365 com.motorola.motocare.util.TriggerHelper$TriggerBuilder.send:76 com.motorola.motocare.internal.frameworkevents.PauseResumeTrigger.handleFrameworkEvent:53 com.motorola.motocare.internal.frameworkevents.FwEventMonitor$FrameworkListener.processFrameworkEvent:114 
I/SFPerfTracer(  274):      triggers: (rate: 30:1101) (compose: 0:9) (post: 0:1) (render: 1:130) (0:16559 frames) (1:51304)
D/SFPerfTracer(  274):        layers: (4:12) (DimLayer: 0:25)* (DimLayer: 0:4)* (FocusedStackFrame: 0:677)* (StatusBar: 0:5498) (NavigationBar: 0:5296) (com.android.wallpaper.fall.FallWallpaper: 1:13775) (DimLayer: 0:541)* (DimLayer: 0:137)* (co.giftmeapp.gift_me/co.giftmeapp.gift_me.GiftMe: 0:95)* (Keyguard: 0:63)* (com.android.launcher/com.android.launcher2.Launcher: 0:10) (thumbnail anim: 0:16)* 
I/ActivityManager( 1025): START u0 {act=com.android.systemui.recent.action.TOGGLE_RECENTS flg=0x10800000 cmp=com.android.systemui/.recent.RecentsActivity} from pid 1119
W/ContextImpl( 1295): Calling a method in the system process without a qualified user: android.app.ContextImpl.sendBroadcast:1252 android.content.ContextWrapper.sendBroadcast:365 com.motorola.motocare.util.TriggerHelper$TriggerBuilder.send:76 com.motorola.motocare.internal.frameworkevents.PauseResumeTrigger.handleFrameworkEvent:53 com.motorola.motocare.internal.frameworkevents.FwEventMonitor$FrameworkListener.processFrameworkEvent:114 
W/ContextImpl( 1295): Calling a method in the system process without a qualified user: android.app.ContextImpl.sendBroadcast:1252 android.content.ContextWrapper.sendBroadcast:365 com.motorola.motocare.util.TriggerHelper$TriggerBuilder.send:76 com.motorola.motocare.internal.frameworkevents.PauseResumeTrigger.handleFrameworkEvent:53 com.motorola.motocare.internal.frameworkevents.FwEventMonitor$FrameworkListener.processFrameworkEvent:114 
I/LaunchCheckinHandler( 1025): Displayed com.android.systemui/.recent.RecentsActivity,wp,ca,160
I/SFPerfTracer(  274):       trigger: vsync rate (-35.240%)	(38.856 vps)	(25.736 ms)* 	(31 drops)	(90 vsyncs)
I/SFPerfTracer(  274):      triggers: (rate: 42:18020) (6035 sw vsyncs) (40993 skipped) (90:58090 vsyncs) (92:71179)
I/SFPerfTracer(  274):      triggers: (rate: 30:1101) (compose: 0:9) (post: 0:1) (render: 1:130) (0:16576 frames) (1:51404)
D/SFPerfTracer(  274):        layers: (3:10) (DimLayer: 0:25)* (DimLayer: 0:4)* (FocusedStackFrame: 0:679)* (StatusBar: 0:5499) (NavigationBar: 0:5315) (com.android.wallpaper.fall.FallWallpaper: 0:13788)* (DimLayer: 0:541)* (DimLayer: 0:137)* (com.android.launcher/com.android.launcher2.Launcher: 0:26)* (com.android.systemui/com.android.systemui.recent.RecentsActivity: 1:71) 
I/SFPerfTracer(  274):      triggers: (rate: 30:1101) (compose: 0:9) (post: 0:1) (render: 1:130) (0:16576 frames) (1:51504)
D/SFPerfTracer(  274):        layers: (3:9) (DimLayer: 0:25)* (DimLayer: 0:4)* (FocusedStackFrame: 0:679)* (StatusBar: 0:5499) (NavigationBar: 0:5315) (com.android.wallpaper.fall.FallWallpaper: 0:13788)* (DimLayer: 0:541)* (DimLayer: 0:137)* (com.android.systemui/com.android.systemui.recent.RecentsActivity: 1:171) 
I/ActivityManager( 1025): START u0 {act=android.intent.action.MAIN cat=[android.intent.category.HOME] flg=0x10200000 cmp=com.android.launcher/com.android.launcher2.Launcher} from pid 1025
W/ContextImpl( 1295): Calling a method in the system process without a qualified user: android.app.ContextImpl.sendBroadcast:1252 android.content.ContextWrapper.sendBroadcast:365 com.motorola.motocare.util.TriggerHelper$TriggerBuilder.send:76 com.motorola.motocare.internal.frameworkevents.PauseResumeTrigger.handleFrameworkEvent:53 com.motorola.motocare.internal.frameworkevents.FwEventMonitor$FrameworkListener.processFrameworkEvent:114 
W/ContextImpl( 1295): Calling a method in the system process without a qualified user: android.app.ContextImpl.sendBroadcast:1252 android.content.ContextWrapper.sendBroadcast:365 com.motorola.motocare.util.TriggerHelper$TriggerBuilder.send:76 com.motorola.motocare.internal.frameworkevents.PauseResumeTrigger.handleFrameworkEvent:53 com.motorola.motocare.internal.frameworkevents.FwEventMonitor$FrameworkListener.processFrameworkEvent:114 
I/LaunchCheckinHandler( 1025): Displayed com.android.launcher/com.android.launcher2.Launcher,wp,wa,207
I/SFPerfTracer(  274):      triggers: (rate: 30:1101) (compose: 0:9) (post: 0:1) (render: 1:130) (0:16597 frames) (1:51604)
D/SFPerfTracer(  274):        layers: (4:10) (DimLayer: 0:25)* (DimLayer: 0:4)* (FocusedStackFrame: 0:681)* (StatusBar: 0:5500) (NavigationBar: 0:5350) (com.android.wallpaper.fall.FallWallpaper: 0:13803) (DimLayer: 0:541)* (DimLayer: 0:137)* (com.android.systemui/com.android.systemui.recent.RecentsActivity: 0:227)* (com.android.launcher/com.android.launcher2.Launcher: 1:48) 
I/ActivityManager( 1025): START u0 {act=android.intent.action.MAIN cat=[android.intent.category.LAUNCHER] flg=0x10200000 cmp=com.giftme.fb_auth/.FB_Auth bnds=[360,385][520,585]} from pid 1340
W/ContextImpl( 1295): Calling a method in the system process without a qualified user: android.app.ContextImpl.sendBroadcast:1252 android.content.ContextWrapper.sendBroadcast:365 com.motorola.motocare.util.TriggerHelper$TriggerBuilder.send:76 com.motorola.motocare.internal.frameworkevents.PauseResumeTrigger.handleFrameworkEvent:53 com.motorola.motocare.internal.frameworkevents.FwEventMonitor$FrameworkListener.processFrameworkEvent:114 
I/ActivityManager( 1025): Start proc com.giftme.fb_auth for activity com.giftme.fb_auth/.FB_Auth: pid=21747 uid=10106 gids={50106, 3003, 1028, 1015}
W/ContextImpl( 1295): Calling a method in the system process without a qualified user: android.app.ContextImpl.sendBroadcast:1252 android.content.ContextWrapper.sendBroadcast:365 com.motorola.motocare.util.TriggerHelper$TriggerBuilder.send:76 com.motorola.motocare.internal.frameworkevents.PauseResumeTrigger.handleFrameworkEvent:53 com.motorola.motocare.internal.frameworkevents.FwEventMonitor$FrameworkListener.processFrameworkEvent:114 
I/LaunchCheckinHandler( 1025): Displayed com.giftme.fb_auth/.FB_Auth,cp,ca,419
I/SFPerfTracer(  274):      triggers: (rate: 42:18061) (6035 sw vsyncs) (41130 skipped) (354:58444 vsyncs) (356:71535)
--------- beginning of /dev/log/main
D/CordovaWebView(21747): The URL at item 0 is: file:///android_asset/www/index.html
D/CordovaActivity(21747): Paused the application!
D/CordovaWebView(21747): Handle the pause
W/ContextImpl( 1295): Calling a method in the system process without a qualified user: android.app.ContextImpl.sendBroadcast:1252 android.content.ContextWrapper.sendBroadcast:365 com.motorola.motocare.util.TriggerHelper$TriggerBuilder.send:76 com.motorola.motocare.internal.frameworkevents.PauseResumeTrigger.handleFrameworkEvent:53 com.motorola.motocare.internal.frameworkevents.FwEventMonitor$FrameworkListener.processFrameworkEvent:114 
W/ContextImpl( 1295): Calling a method in the system process without a qualified user: android.app.ContextImpl.sendBroadcast:1252 android.content.ContextWrapper.sendBroadcast:365 com.motorola.motocare.util.TriggerHelper$TriggerBuilder.send:76 com.motorola.motocare.internal.frameworkevents.PauseResumeTrigger.handleFrameworkEvent:53 com.motorola.motocare.internal.frameworkevents.FwEventMonitor$FrameworkListener.processFrameworkEvent:114 
D/dalvikvm( 1295): GC_CONCURRENT freed 1925K, 46% free 9322K/17224K, paused 2ms+2ms, total 27ms
I/Adreno-EGL( 1340): <qeglDrvAPI_eglInitialize:410>: EGL 1.4 QUALCOMM build: AU_LINUX_ANDROID_LNX.LA.3.5.1_RB1.04.04.02.048.018_msm8226_LNX.LA.3.5.1_RB1__release_AU ()
I/Adreno-EGL( 1340): OpenGL ES Shader Compiler Version: E031.24.00.08
I/Adreno-EGL( 1340): Build Date: 03/07/14 Fri
I/Adreno-EGL( 1340): Local Branch: 
I/Adreno-EGL( 1340): Remote Branch: quic/LNX.LA.3.5.1_RB1.1
I/Adreno-EGL( 1340): Local Patches: NONE
I/Adreno-EGL( 1340): Reconstruct Branch: AU_LINUX_ANDROID_LNX.LA.3.5.1_RB1.04.04.02.048.018 + f2fd134 +  NOTHING
W/IInputConnectionWrapper(21747): showStatusIcon on inactive InputConnection
V/RenderScript( 1340): 0x68ecc298 Launching thread(s), CPUs 4
I/SFPerfTracer(  274):      triggers: (rate: 30:1101) (compose: 0:9) (post: 0:1) (render: 1:130) (6:16633 frames) (7:51705)
D/SFPerfTracer(  274):        layers: (3:12) (DimLayer: 0:25)* (DimLayer: 0:4)* (FocusedStackFrame: 1:687)* (StatusBar: 0:5519) (NavigationBar: 7:5399) (com.android.wallpaper.fall.FallWallpaper: 1:13837)* (DimLayer: 0:541)* (DimLayer: 0:137)* (com.android.launcher/com.android.launcher2.Launcher: 0:69)* (Starting com.giftme.fb_auth: 0:31)* (com.giftme.fb_auth/com.giftme.fb_auth.FB_Auth: 0:9) (com.android.launcher/com.android.launcher2.Launcher: 7:8)* 
W/ManagedEGLContext(21747): doTerminate failed: EGL count is 2 but managed count is 1
D/CordovaActivity(21747): CordovaActivity.onDestroy()
D/CordovaWebView(21747): >>> loadUrlNow()
D/CordovaWebViewClient(21747): onPageFinished(about:blank)
D/CordovaActivity(21747): onMessage(onPageFinished,about:blank)
D/CordovaActivity(21747): onMessage(exit,null)
D/WifiStateMachine( 1025): handleMessage: E msg.what=151572
D/WifiStateMachine( 1025): processMsg: ConnectedState
D/WifiStateMachine( 1025): processMsg: L2ConnectedState
D/WifiStateMachine( 1025): handleMessage: X
D/WifiStateMachine( 1025): handleMessage: E msg.what=131155
D/WifiStateMachine( 1025): processMsg: ConnectedState
D/WifiStateMachine( 1025): processMsg: L2ConnectedState
D/WifiStateMachine( 1025): handleMessage: X
I/ActivityManager( 1025): Process com.devexpert.weather (pid 21352) has died.
D/WifiStateMachine( 1025): handleMessage: E msg.what=151572
D/WifiStateMachine( 1025): processMsg: ConnectedState
D/WifiStateMachine( 1025): processMsg: L2ConnectedState
D/WifiStateMachine( 1025): handleMessage: X
D/dalvikvm( 1340): GC_FOR_ALLOC freed 1904K, 33% free 15545K/22944K, paused 25ms, total 25ms
I/SFPerfTracer(  274):      triggers: (rate: 30:1101) (compose: 0:9) (post: 0:1) (render: 1:130) (0:16655 frames) (1:51805)
D/SFPerfTracer(  274):        layers: (4:10) (DimLayer: 0:25)* (DimLayer: 0:4)* (FocusedStackFrame: 0:689)* (StatusBar: 0:5539) (NavigationBar: 0:5420) (com.android.wallpaper.fall.FallWallpaper: 0:13875) (DimLayer: 0:541)* (DimLayer: 0:137)* (com.giftme.fb_auth/com.giftme.fb_auth.FB_Auth: 0:33)* (com.android.launcher/com.android.launcher2.Launcher: 1:67) 
I/ActivityManager( 1025): START u0 {act=android.intent.action.MAIN cat=[android.intent.category.LAUNCHER] flg=0x10200000 pkg=com.ghisler.android.TotalCommander cmp=com.ghisler.android.TotalCommander/.TotalCommander bnds=[520,385][680,585]} from pid 1340
W/ContextImpl( 1295): Calling a method in the system process without a qualified user: android.app.ContextImpl.sendBroadcast:1252 android.content.ContextWrapper.sendBroadcast:365 com.motorola.motocare.util.TriggerHelper$TriggerBuilder.send:76 com.motorola.motocare.internal.frameworkevents.PauseResumeTrigger.handleFrameworkEvent:53 com.motorola.motocare.internal.frameworkevents.FwEventMonitor$FrameworkListener.processFrameworkEvent:114 
I/ActivityManager( 1025): Start proc com.ghisler.android.TotalCommander for activity com.ghisler.android.TotalCommander/.TotalCommander: pid=21861 uid=10121 gids={50121, 1028, 1015, 3001, 3002, 3003}
D/dalvikvm(  275): GC_EXPLICIT freed 42K, 48% free 9011K/17224K, paused 1ms+3ms, total 25ms
W/ContextImpl( 1295): Calling a method in the system process without a qualified user: android.app.ContextImpl.sendBroadcast:1252 android.content.ContextWrapper.sendBroadcast:365 com.motorola.motocare.util.TriggerHelper$TriggerBuilder.send:76 com.motorola.motocare.internal.frameworkevents.PauseResumeTrigger.handleFrameworkEvent:53 com.motorola.motocare.internal.frameworkevents.FwEventMonitor$FrameworkListener.processFrameworkEvent:114 
D/dalvikvm(  275): GC_EXPLICIT freed <1K, 48% free 9011K/17224K, paused 2ms+3ms, total 22ms
D/dalvikvm(  275): GC_EXPLICIT freed <1K, 48% free 9011K/17224K, paused 2ms+3ms, total 25ms
D/ACRA    (21861): Retrieve application default SharedPreferences.
D/ACRA    (21861): Set OnSharedPreferenceChangeListener.
D/ACRA    (21861): ACRA is enabled for com.ghisler.android.TotalCommander, intializing...
D/ACRA    (21861): Looking for error files in /data/data/com.ghisler.android.TotalCommander/files
D/WifiStateMachine( 1025): handleMessage: E msg.what=151572
D/WifiStateMachine( 1025): processMsg: ConnectedState
D/WifiStateMachine( 1025): processMsg: L2ConnectedState
D/WifiStateMachine( 1025): handleMessage: X
V/OUYAF   (21861): ODK version number: 62
W/OUYAF   (21861): Not running on Ouya hardware: peregrine
E/cutils  (  261): Failed to mkdirat(/storage/sdcard1/Android): Read-only file system
W/Vold    (  261): Returning OperationFailed - no handler for errno 30
W/ContextImpl(21861): Failed to ensure directory: /storage/sdcard1/Android/data/com.ghisler.android.TotalCommander/files
I/ActivityManager( 1025): Process com.linkedin.android (pid 21567) has died.
I/Adreno-EGL(21861): <qeglDrvAPI_eglInitialize:410>: EGL 1.4 QUALCOMM build: AU_LINUX_ANDROID_LNX.LA.3.5.1_RB1.04.04.02.048.018_msm8226_LNX.LA.3.5.1_RB1__release_AU ()
I/Adreno-EGL(21861): OpenGL ES Shader Compiler Version: E031.24.00.08
I/Adreno-EGL(21861): Build Date: 03/07/14 Fri
I/Adreno-EGL(21861): Local Branch: 
I/Adreno-EGL(21861): Remote Branch: quic/LNX.LA.3.5.1_RB1.1
I/Adreno-EGL(21861): Local Patches: NONE
I/Adreno-EGL(21861): Reconstruct Branch: AU_LINUX_ANDROID_LNX.LA.3.5.1_RB1.04.04.02.048.018 + f2fd134 +  NOTHING
D/OpenGLRenderer(21861): Enabling debug mode 0
I/SFPerfTracer(  274):       trigger: vsync rate (-25.754%)	(44.547 vps)	(22.448 ms)* 	(31 drops)	(144 vsyncs)
I/SFPerfTracer(  274):      triggers: (rate: 43:18092) (6035 sw vsyncs) (41265 skipped) (144:58594 vsyncs) (146:71694)
I/LaunchCheckinHandler( 1025): Displayed com.ghisler.android.TotalCommander/.TotalCommander,cp,ca,652
I/ActivityManager( 1025): Displayed com.ghisler.android.TotalCommander/.TotalCommander: +652ms
W/PackageParser(21861): No actions in intent filter at /storage/emulated/0/download/FB_Auth-release.apk Binary XML file line #28
W/PackageParser(21861): No actions in intent filter at /storage/emulated/0/download/GiftMe-release.apk Binary XML file line #15
E/cutils  (  261): Failed to mkdirat(/storage/sdcard1/Android): Read-only file system
W/Vold    (  261): Returning OperationFailed - no handler for errno 30
W/ContextImpl(21861): Failed to ensure directory: /storage/sdcard1/Android/data/com.ghisler.android.TotalCommander/files
E/rsC++   ( 1340): RS Message thread exiting.
D/Ulp_jni ( 1025): Location CB invoked
D/WifiStateMachine( 1025): handleMessage: E msg.what=151572
D/WifiStateMachine( 1025): processMsg: ConnectedState
D/WifiStateMachine( 1025): processMsg: L2ConnectedState
D/WifiStateMachine( 1025): handleMessage: X
D/WifiStateMachine( 1025): handleMessage: E msg.what=131155
D/WifiStateMachine( 1025): processMsg: ConnectedState
D/WifiStateMachine( 1025): processMsg: L2ConnectedState
D/WifiStateMachine( 1025): handleMessage: X
D/WifiStateMachine( 1025): handleMessage: E msg.what=151572
D/WifiStateMachine( 1025): processMsg: ConnectedState
D/WifiStateMachine( 1025): processMsg: L2ConnectedState
D/WifiStateMachine( 1025): handleMessage: X
D/WifiStateMachine( 1025): handleMessage: E msg.what=151572
D/WifiStateMachine( 1025): processMsg: ConnectedState
D/WifiStateMachine( 1025): processMsg: L2ConnectedState
D/WifiStateMachine( 1025): handleMessage: X
W/PackageParser(21861): No actions in intent filter at /storage/emulated/0/download/FB_Auth-release.apk Binary XML file line #28
D/WifiStateMachine( 1025): handleMessage: E msg.what=151572
D/WifiStateMachine( 1025): processMsg: ConnectedState
D/WifiStateMachine( 1025): processMsg: L2ConnectedState
D/WifiStateMachine( 1025): handleMessage: X
D/WifiStateMachine( 1025): handleMessage: E msg.what=131155
D/WifiStateMachine( 1025): processMsg: ConnectedState
D/WifiStateMachine( 1025): processMsg: L2ConnectedState
D/WifiStateMachine( 1025): handleMessage: X
D/WifiStateMachine( 1025): handleMessage: E msg.what=151572
D/WifiStateMachine( 1025): processMsg: ConnectedState
D/WifiStateMachine( 1025): processMsg: L2ConnectedState
I/SFPerfTracer(  274):      triggers: (rate: 43:18092) (6035 sw vsyncs) (41265 skipped) (16:58684 vsyncs) (18:71802)
D/WifiStateMachine( 1025): handleMessage: X
I/SFPerfTracer(  274):      triggers: (rate: 30:1101) (compose: 0:9) (post: 0:1) (render: 1:130) (13:16696 frames) (14:51913)
D/SFPerfTracer(  274):        layers: (5:12) (DimLayer: 0:25)* (DimLayer: 0:4)* (FocusedStackFrame: 0:691)* (StatusBar: 0:5561) (NavigationBar: 0:5439) (com.android.wallpaper.fall.FallWallpaper: 0:13883)* (DimLayer: 14:556) (DimLayer: 0:137)* (com.android.launcher/com.android.launcher2.Launcher: 0:75)* (Starting com.ghisler.android.TotalCommander: 0:33)* (com.ghisler.android.TotalCommander/com.ghisler.android.TotalCommander.TotalCommander: 0:58) (FB_Auth-release.apk: 13:18) 
I/ActivityManager( 1025): START u0 {act=android.intent.action.VIEW dat=market://details?id=com.giftme.fb_auth cmp=com.android.vending/com.google.android.finsky.activities.LaunchUrlHandlerActivity} from pid 21861
W/ContextImpl( 1295): Calling a method in the system process without a qualified user: android.app.ContextImpl.sendBroadcast:1252 android.content.ContextWrapper.sendBroadcast:365 com.motorola.motocare.util.TriggerHelper$TriggerBuilder.send:76 com.motorola.motocare.internal.frameworkevents.PauseResumeTrigger.handleFrameworkEvent:53 com.motorola.motocare.internal.frameworkevents.FwEventMonitor$FrameworkListener.processFrameworkEvent:114 
W/ContextImpl( 1295): Calling a method in the system process without a qualified user: android.app.ContextImpl.sendBroadcast:1252 android.content.ContextWrapper.sendBroadcast:365 com.motorola.motocare.util.TriggerHelper$TriggerBuilder.send:76 com.motorola.motocare.internal.frameworkevents.PauseResumeTrigger.handleFrameworkEvent:53 com.motorola.motocare.internal.frameworkevents.FwEventMonitor$FrameworkListener.processFrameworkEvent:114 
E/Finsky  ( 7635): [1] LaunchUrlHandlerActivity.handleUrl: Launch URL without continue URL
I/ActivityManager( 1025): START u0 {act=android.intent.action.VIEW dat=http://market.android.com/details?id=com.giftme.fb_auth cmp=com.android.vending/com.google.android.finsky.activities.MainActivity (has extras)} from pid 7635
W/ContextImpl( 1295): Calling a method in the system process without a qualified user: android.app.ContextImpl.sendBroadcast:1252 android.content.ContextWrapper.sendBroadcast:365 com.motorola.motocare.util.TriggerHelper$TriggerBuilder.send:76 com.motorola.motocare.internal.frameworkevents.PauseResumeTrigger.handleFrameworkEvent:53 com.motorola.motocare.internal.frameworkevents.FwEventMonitor$FrameworkListener.processFrameworkEvent:114 
W/ContextImpl( 1295): Calling a method in the system process without a qualified user: android.app.ContextImpl.sendBroadcast:1252 android.content.ContextWrapper.sendBroadcast:365 com.motorola.motocare.util.TriggerHelper$TriggerBuilder.send:76 com.motorola.motocare.internal.frameworkevents.PauseResumeTrigger.handleFrameworkEvent:53 com.motorola.motocare.internal.frameworkevents.FwEventMonitor$FrameworkListener.processFrameworkEvent:114 
E/dalvikvm( 7635): Could not find class 'android.graphics.drawable.RippleDrawable', referenced from method com.google.android.play.drawer.PlayDrawerLayout.updateDockedAction
W/dalvikvm( 7635): VFY: unable to resolve new-instance 189 (Landroid/graphics/drawable/RippleDrawable;) in Lcom/google/android/play/drawer/PlayDrawerLayout;
D/dalvikvm( 7635): VFY: replacing opcode 0x22 at 0x002e
I/dalvikvm( 7635): Failed resolving Lcom/google/android/play/drawer/PlayDrawerLayout$1; interface 1196 'Landroid/view/View$OnApplyWindowInsetsListener;'
W/dalvikvm( 7635): Link of class 'Lcom/google/android/play/drawer/PlayDrawerLayout$1;' failed
E/dalvikvm( 7635): Could not find class 'com.google.android.play.drawer.PlayDrawerLayout$1', referenced from method com.google.android.play.drawer.PlayDrawerLayout.onFinishInflate
W/dalvikvm( 7635): VFY: unable to resolve new-instance 5923 (Lcom/google/android/play/drawer/PlayDrawerLayout$1;) in Lcom/google/android/play/drawer/PlayDrawerLayout;
D/dalvikvm( 7635): VFY: replacing opcode 0x22 at 0x0030
D/dalvikvm( 7635): DexOpt: unable to opt direct call 0x03ad at 0x36 in Lcom/google/android/play/drawer/PlayDrawerLayout;.updateDockedAction
I/dalvikvm( 7635): Failed resolving Lcom/google/android/play/drawer/PlayDrawerLayout$1; interface 1196 'Landroid/view/View$OnApplyWindowInsetsListener;'
W/dalvikvm( 7635): Link of class 'Lcom/google/android/play/drawer/PlayDrawerLayout$1;' failed
D/dalvikvm( 7635): DexOpt: unable to opt direct call 0xa2a1 at 0x32 in Lcom/google/android/play/drawer/PlayDrawerLayout;.onFinishInflate
I/qtaguid ( 7635): Failed write_ctrl(u 68) res=-1 errno=22
I/qtaguid ( 7635): Untagging socket 68 failed errno=-22
W/NetworkManagementSocketTagger( 7635): untagSocket(68) failed with errno -22
I/ElegantRequestDirector( 7635): I/O exception (org.apache.http.NoHttpResponseException) caught when processing request: The target server failed to respond
I/ElegantRequestDirector( 7635): Retrying request
I/System.out( 7635): mRetryCountForHop=-1 wrapper.getExecCount=1
I/ViewUtils( 7635): app:theme is now deprecated. Please move to using android:theme instead.
I/ViewUtils( 7635): app:theme is now deprecated. Please move to using android:theme instead.
I/dalvikvm( 7635): Could not find method android.view.ViewAnimationUtils.createCircularReveal, referenced from method com.google.android.play.search.PlaySearch.animateCollapse
W/dalvikvm( 7635): VFY: unable to resolve static method 9454: Landroid/view/ViewAnimationUtils;.createCircularReveal (Landroid/view/View;IIFF)Landroid/animation/Animator;
D/dalvikvm( 7635): VFY: replacing opcode 0x71 at 0x0025
I/dalvikvm( 7635): Could not find method android.view.ViewAnimationUtils.createCircularReveal, referenced from method com.google.android.play.search.PlaySearch.animateExpansion
W/dalvikvm( 7635): VFY: unable to resolve static method 9454: Landroid/view/ViewAnimationUtils;.createCircularReveal (Landroid/view/View;IIFF)Landroid/animation/Animator;
D/dalvikvm( 7635): VFY: replacing opcode 0x71 at 0x0025
I/System.out( 7635): after managedConn.open
I/dalvikvm( 7635): Could not find method android.view.View.getTransitionName, referenced from method com.google.android.finsky.utils.UiUtils.findSharedElementView
W/dalvikvm( 7635): VFY: unable to resolve virtual method 9352: Landroid/view/View;.getTransitionName ()Ljava/lang/String;
D/dalvikvm( 7635): VFY: replacing opcode 0x6e at 0x0009
E/dalvikvm( 7635): Could not find class 'android.app.ActivityManager$TaskDescription', referenced from method com.google.android.finsky.layout.actionbar.ActionBarHelper.syncRecentsEntry
W/dalvikvm( 7635): VFY: unable to resolve new-instance 26 (Landroid/app/ActivityManager$TaskDescription;) in Lcom/google/android/finsky/layout/actionbar/ActionBarHelper;
D/dalvikvm( 7635): VFY: replacing opcode 0x22 at 0x0066
I/dalvikvm( 7635): Could not find method android.view.Window.setStatusBarColor, referenced from method com.google.android.finsky.layout.actionbar.ActionBarHelper.syncStatusBarColor
W/dalvikvm( 7635): VFY: unable to resolve virtual method 9647: Landroid/view/Window;.setStatusBarColor (I)V
D/dalvikvm( 7635): VFY: replacing opcode 0x6e at 0x0051
I/dalvikvm( 7635): Could not find method android.view.Window.setStatusBarColor, referenced from method com.google.android.finsky.layout.actionbar.ActionBarHelper.syncStatusBarColor
W/dalvikvm( 7635): VFY: unable to resolve virtual method 9647: Landroid/view/Window;.setStatusBarColor (I)V
D/dalvikvm( 7635): VFY: replacing opcode 0x6e at 0x005f
D/dalvikvm( 7635): DexOpt: unable to opt direct call 0x0089 at 0x7c in Lcom/google/android/finsky/layout/actionbar/ActionBarHelper;.syncRecentsEntry
W/ActionBarDrawerToggle( 7635): DrawerToggle may not show up because NavigationIcon is not visible. You may need to call actionbar.setDisplayHomeAsUpEnabled(true);
I/Adreno-EGL( 7635): <qeglDrvAPI_eglInitialize:410>: EGL 1.4 QUALCOMM build: AU_LINUX_ANDROID_LNX.LA.3.5.1_RB1.04.04.02.048.018_msm8226_LNX.LA.3.5.1_RB1__release_AU ()
I/Adreno-EGL( 7635): OpenGL ES Shader Compiler Version: E031.24.00.08
I/Adreno-EGL( 7635): Build Date: 03/07/14 Fri
I/Adreno-EGL( 7635): Local Branch: 
I/Adreno-EGL( 7635): Remote Branch: quic/LNX.LA.3.5.1_RB1.1
I/Adreno-EGL( 7635): Local Patches: NONE
I/Adreno-EGL( 7635): Reconstruct Branch: AU_LINUX_ANDROID_LNX.LA.3.5.1_RB1.04.04.02.048.018 + f2fd134 +  NOTHING
D/OpenGLRenderer( 7635): Enabling debug mode 0
I/dalvikvm( 7635): Could not find method android.widget.ImageView.drawableHotspotChanged, referenced from method com.google.android.play.image.FifeImageView.drawableHotspotChanged
W/dalvikvm( 7635): VFY: unable to resolve virtual method 10095: Landroid/widget/ImageView;.drawableHotspotChanged (FF)V
D/dalvikvm( 7635): VFY: replacing opcode 0x6f at 0x0000
D/WifiStateMachine( 1025): handleMessage: E msg.what=151572
D/WifiStateMachine( 1025): processMsg: ConnectedState
D/WifiStateMachine( 1025): processMsg: L2ConnectedState
D/WifiStateMachine( 1025): handleMessage: X
D/dalvikvm( 7635): GC_FOR_ALLOC freed 1504K, 18% free 14251K/17224K, paused 40ms, total 40ms
I/dalvikvm-heap( 7635): Grow heap (frag case) to 16.844MB for 869808-byte allocation
I/LaunchCheckinHandler( 1025): Displayed com.android.vending/com.google.android.finsky.activities.MainActivity,wp,ca,514
I/LaunchCheckinHandler( 1025): Displayed com.android.vending/com.google.android.finsky.activities.LaunchUrlHandlerActivity,wp,ca,692 (total)
I/ActivityManager( 1025): Displayed com.android.vending/com.google.android.finsky.activities.MainActivity: +514ms (total +692ms)
I/dalvikvm( 7635): Could not find method android.content.res.Resources.getDrawable, referenced from method android.support.v7.internal.widget.ResourcesWrapper.getDrawable
W/dalvikvm( 7635): VFY: unable to resolve virtual method 603: Landroid/content/res/Resources;.getDrawable (ILandroid/content/res/Resources$Theme;)Landroid/graphics/drawable/Drawable;
D/dalvikvm( 7635): VFY: replacing opcode 0x6e at 0x0002
I/dalvikvm( 7635): Could not find method android.content.res.Resources.getDrawableForDensity, referenced from method android.support.v7.internal.widget.ResourcesWrapper.getDrawableForDensity
W/dalvikvm( 7635): VFY: unable to resolve virtual method 605: Landroid/content/res/Resources;.getDrawableForDensity (IILandroid/content/res/Resources$Theme;)Landroid/graphics/drawable/Drawable;
D/dalvikvm( 7635): VFY: replacing opcode 0x6e at 0x0002
D/Finsky  ( 7635): [1] SelfUpdateScheduler.checkForSelfUpdate: Skipping DFE self-update. Local Version [80330600] >= Server Version [-1]
D/Finsky  ( 7635): [1] UpdateWidgetsReceiver.onReceive: Updated 0 MarketWidgetProvider widgets (com.google.android.finsky.action.TOC_SET)
D/Finsky  ( 7635): [1] UpdateWidgetsReceiver.onReceive: Updated 0 RecommendedWidgetProvider widgets (com.google.android.finsky.action.TOC_SET)
D/Finsky  ( 7635): [1] UpdateWidgetsReceiver.onReceive: Updated 0 NowPlayingWidgetProvider widgets (com.google.android.finsky.action.TOC_SET)
W/Settings( 7635): Setting download_manager_max_bytes_over_mobile has moved from android.provider.Settings.Secure to android.provider.Settings.Global.
D/Finsky  ( 7635): [1] MainActivity.initializeBilling: Optimistically fetching billing countries.
D/Finsky  ( 7635): [1] BaseWidgetProvider.onReceive: Received ACTION_APPWIDGET_UPDATE, updating 0 widgets.
I/qtaguid ( 7635): Failed write_ctrl(u 68) res=-1 errno=22
I/qtaguid ( 7635): Untagging socket 68 failed errno=-22
W/NetworkManagementSocketTagger( 7635): untagSocket(68) failed with errno -22
D/Finsky  ( 7635): [1] BaseWidgetProvider.onReceive: Received ACTION_APPWIDGET_UPDATE, updating 0 widgets.
D/Finsky  ( 7635): [1] BaseWidgetProvider.onReceive: Received ACTION_APPWIDGET_UPDATE, updating 0 widgets.
I/ElegantRequestDirector( 7635): I/O exception (javax.net.ssl.SSLException) caught when processing request: Write error: ssl=0x6110bcd0: I/O error during system call, Broken pipe
I/ElegantRequestDirector( 7635): Retrying request
I/System.out( 7635): mRetryCountForHop=-1 wrapper.getExecCount=1
I/qtaguid ( 7635): Failed write_ctrl(u 68) res=-1 errno=22
I/qtaguid ( 7635): Untagging socket 68 failed errno=-22
W/NetworkManagementSocketTagger( 7635): untagSocket(68) failed with errno -22
I/System.out( 7635): after managedConn.open
D/dalvikvm( 7635): GC_CONCURRENT freed 1699K, 19% free 14647K/18076K, paused 3ms+4ms, total 42ms
I/qtaguid ( 7635): Failed write_ctrl(u 94) res=-1 errno=22
I/qtaguid ( 7635): Untagging socket 94 failed errno=-22
W/NetworkManagementSocketTagger( 7635): untagSocket(94) failed with errno -22
E/Volley  ( 7635): [2410] BasicNetwork.performRequest: Unexpected response code 404 for https://android.clients.google.com/fdfe/details?doc=com.giftme.fb_auth
D/WifiStateMachine( 1025): handleMessage: E msg.what=151572
D/WifiStateMachine( 1025): processMsg: ConnectedState
D/WifiStateMachine( 1025): processMsg: L2ConnectedState
D/WifiStateMachine( 1025): handleMessage: X
D/WifiStateMachine( 1025): handleMessage: E msg.what=131155
D/WifiStateMachine( 1025): processMsg: ConnectedState
D/WifiStateMachine( 1025): processMsg: L2ConnectedState
D/WifiStateMachine( 1025): handleMessage: X
D/WifiStateMachine( 1025): handleMessage: E msg.what=151572
D/WifiStateMachine( 1025): processMsg: ConnectedState
D/WifiStateMachine( 1025): processMsg: L2ConnectedState
D/WifiStateMachine( 1025): handleMessage: X
I/SFPerfTracer(  274):      triggers: (rate: 43:18092) (6035 sw vsyncs) (41265 skipped) (11:58783 vsyncs) (13:71911)
W/Finsky  ( 7635): [1] FinskyEventLog.addClickPath: Unexpected null PlayStoreUiElement from node DetailsShimFragment{41fda730 #1 id=0x7f0c00d5}
D/dalvikvm( 1025): GC_FOR_ALLOC freed 1977K, 25% free 27604K/36344K, paused 114ms, total 114ms
W/ContextImpl( 1295): Calling a method in the system process without a qualified user: android.app.ContextImpl.sendBroadcast:1252 android.content.ContextWrapper.sendBroadcast:365 com.motorola.motocare.util.TriggerHelper$TriggerBuilder.send:76 com.motorola.motocare.internal.frameworkevents.PauseResumeTrigger.handleFrameworkEvent:53 com.motorola.motocare.internal.frameworkevents.FwEventMonitor$FrameworkListener.processFrameworkEvent:114 
W/ContextImpl( 1295): Calling a method in the system process without a qualified user: android.app.ContextImpl.sendBroadcast:1252 android.content.ContextWrapper.sendBroadcast:365 com.motorola.motocare.util.TriggerHelper$TriggerBuilder.send:76 com.motorola.motocare.internal.frameworkevents.PauseResumeTrigger.handleFrameworkEvent:53 com.motorola.motocare.internal.frameworkevents.FwEventMonitor$FrameworkListener.processFrameworkEvent:114 
I/Adreno-EGL(21861): <qeglDrvAPI_eglInitialize:410>: EGL 1.4 QUALCOMM build: AU_LINUX_ANDROID_LNX.LA.3.5.1_RB1.04.04.02.048.018_msm8226_LNX.LA.3.5.1_RB1__release_AU ()
I/Adreno-EGL(21861): OpenGL ES Shader Compiler Version: E031.24.00.08
I/Adreno-EGL(21861): Build Date: 03/07/14 Fri
I/Adreno-EGL(21861): Local Branch: 
I/Adreno-EGL(21861): Remote Branch: quic/LNX.LA.3.5.1_RB1.1
I/Adreno-EGL(21861): Local Patches: NONE
I/Adreno-EGL(21861): Reconstruct Branch: AU_LINUX_ANDROID_LNX.LA.3.5.1_RB1.04.04.02.048.018 + f2fd134 +  NOTHING
W/InputMethodManagerService( 1025): Starting input on non-focused client com.android.internal.view.IInputMethodClient$Stub$Proxy@42aea2b8 (uid=10039 pid=7635)
I/SFPerfTracer(  274):      triggers: (rate: 30:1102) (compose: 0:9) (post: 0:1) (render: 1:130) (9:16756 frames) (10:52022)
D/SFPerfTracer(  274):        layers: (3:13) (DimLayer: 0:25)* (DimLayer: 0:4)* (FocusedStackFrame: 1:700)* (StatusBar: 0:5564) (NavigationBar: 10:5455) (com.android.wallpaper.fall.FallWallpaper: 0:13883)* (DimLayer: 0:568)* (DimLayer: 0:139)* (com.ghisler.android.TotalCommander/com.ghisler.android.TotalCommander.TotalCommander: 0:77)* (FB_Auth-release.apk: 0:48)* (Starting com.android.vending: 0:34)* (com.android.vending/com.google.android.finsky.activities.MainActivity: 10:48) (com.ghisler.android.TotalCommander/com.ghisler.android.TotalCommander.TotalCommander: 10:11)* 
E/cutils  (  261): Failed to mkdirat(/storage/sdcard1/Android): Read-only file system
W/Vold    (  261): Returning OperationFailed - no handler for errno 30
W/ContextImpl(21861): Failed to ensure directory: /storage/sdcard1/Android/data/com.ghisler.android.TotalCommander/files
D/WifiStateMachine( 1025): handleMessage: E msg.what=151572
D/WifiStateMachine( 1025): processMsg: ConnectedState
D/WifiStateMachine( 1025): processMsg: L2ConnectedState
D/WifiStateMachine( 1025): handleMessage: X
D/WifiStateMachine( 1025): handleMessage: E msg.what=151572
D/WifiStateMachine( 1025): processMsg: ConnectedState
D/WifiStateMachine( 1025): processMsg: L2ConnectedState
D/WifiStateMachine( 1025): handleMessage: X
D/WifiStateMachine( 1025): handleMessage: E msg.what=131155
D/WifiStateMachine( 1025): processMsg: ConnectedState
D/WifiStateMachine( 1025): processMsg: L2ConnectedState
D/WifiStateMachine( 1025): handleMessage: X
I/SFPerfTracer(  274):      triggers: (rate: 43:18092) (6035 sw vsyncs) (41265 skipped) (23:58884 vsyncs) (25:72022)
W/PackageParser(21861): No actions in intent filter at /storage/emulated/0/download/FB_Auth-release.apk Binary XML file line #28
D/Ulp_jni ( 1025): Location CB invoked
D/WifiStateMachine( 1025): handleMessage: E msg.what=151572
D/WifiStateMachine( 1025): processMsg: ConnectedState
D/WifiStateMachine( 1025): processMsg: L2ConnectedState
D/WifiStateMachine( 1025): handleMessage: X
I/ActivityManager( 1025): START u0 {act=android.intent.action.VIEW dat=file:///storage/emulated/0/download/FB_Auth-release.apk typ=application/vnd.android.package-archive flg=0x10000000 cmp=com.android.packageinstaller/.PackageInstallerActivity} from pid 21861
W/ActivityManager( 1025): Activity is launching as a new task, so cancelling activity result.
W/ContextImpl( 1295): Calling a method in the system process without a qualified user: android.app.ContextImpl.sendBroadcast:1252 android.content.ContextWrapper.sendBroadcast:365 com.motorola.motocare.util.TriggerHelper$TriggerBuilder.send:76 com.motorola.motocare.internal.frameworkevents.PauseResumeTrigger.handleFrameworkEvent:53 com.motorola.motocare.internal.frameworkevents.FwEventMonitor$FrameworkListener.processFrameworkEvent:114 
I/ActivityManager( 1025): Start proc com.android.packageinstaller for activity com.android.packageinstaller/.PackageInstallerActivity: pid=21994 uid=10085 gids={50085, 1028}
W/ContextImpl( 1295): Calling a method in the system process without a qualified user: android.app.ContextImpl.sendBroadcast:1252 android.content.ContextWrapper.sendBroadcast:365 com.motorola.motocare.util.TriggerHelper$TriggerBuilder.send:76 com.motorola.motocare.internal.frameworkevents.PauseResumeTrigger.handleFrameworkEvent:53 com.motorola.motocare.internal.frameworkevents.FwEventMonitor$FrameworkListener.processFrameworkEvent:114 
D/WifiStateMachine( 1025): handleMessage: E msg.what=151572
D/WifiStateMachine( 1025): processMsg: ConnectedState
D/WifiStateMachine( 1025): processMsg: L2ConnectedState
D/WifiStateMachine( 1025): handleMessage: X
W/PackageParser(21994): No actions in intent filter at /storage/emulated/0/download/FB_Auth-release.apk Binary XML file line #28
E/cutils  (  261): Failed to mkdirat(/storage/sdcard1/Android): Read-only file system
W/Vold    (  261): Returning OperationFailed - no handler for errno 30
W/ContextImpl(21861): Failed to ensure directory: /storage/sdcard1/Android/data/com.ghisler.android.TotalCommander/files
I/SFPerfTracer(  274):      triggers: (rate: 30:1102) (compose: 0:9) (post: 0:1) (render: 1:130) (3:16826 frames) (4:52122)
D/SFPerfTracer(  274):        layers: (4:12) (DimLayer: 0:25)* (DimLayer: 0:4)* (FocusedStackFrame: 0:706)* (StatusBar: 0:5565) (NavigationBar: 0:5464) (com.android.wallpaper.fall.FallWallpaper: 0:13883)* (DimLayer: 1:594)* (DimLayer: 0:142) (com.android.vending/com.google.android.finsky.activities.MainActivity: 0:68)* (com.ghisler.android.TotalCommander/com.ghisler.android.TotalCommander.TotalCommander: 4:65) (FB_Auth-release.apk: 4:36)* (Starting com.android.packageinstaller: 0:3)* 
I/AppSecurityPermissions(21994): Ignoring unknown permission:android.permission.RECORD_VIDEO
I/ActivityManager( 1025): Process com.distilledmedia.thescore (pid 21611) has died.
I/Adreno-EGL(21994): <qeglDrvAPI_eglInitialize:410>: EGL 1.4 QUALCOMM build: AU_LINUX_ANDROID_LNX.LA.3.5.1_RB1.04.04.02.048.018_msm8226_LNX.LA.3.5.1_RB1__release_AU ()
I/Adreno-EGL(21994): OpenGL ES Shader Compiler Version: E031.24.00.08
I/Adreno-EGL(21994): Build Date: 03/07/14 Fri
I/Adreno-EGL(21994): Local Branch: 
I/Adreno-EGL(21994): Remote Branch: quic/LNX.LA.3.5.1_RB1.1
I/Adreno-EGL(21994): Local Patches: NONE
I/Adreno-EGL(21994): Reconstruct Branch: AU_LINUX_ANDROID_LNX.LA.3.5.1_RB1.04.04.02.048.018 + f2fd134 +  NOTHING
D/OpenGLRenderer(21994): Enabling debug mode 0
V/RenderScript(21994): 0x6050c120 Launching thread(s), CPUs 4
I/LaunchCheckinHandler( 1025): Displayed com.android.packageinstaller/.PackageInstallerActivity,cp,ca,800
I/ActivityManager( 1025): Displayed com.android.packageinstaller/.PackageInstallerActivity: +802ms
D/WifiStateMachine( 1025): handleMessage: E msg.what=151572
D/WifiStateMachine( 1025): processMsg: ConnectedState
D/WifiStateMachine( 1025): processMsg: L2ConnectedState
D/WifiStateMachine( 1025): handleMessage: X
D/WifiStateMachine( 1025): handleMessage: E msg.what=131155
D/WifiStateMachine( 1025): processMsg: ConnectedState
D/WifiStateMachine( 1025): processMsg: L2ConnectedState
D/WifiStateMachine( 1025): handleMessage: X
I/SFPerfTracer(  274):      triggers: (rate: 43:18092) (6035 sw vsyncs) (41265 skipped) (5:58972 vsyncs) (7:72125)
I/ActivityManager( 1025): START u0 {dat=file:///storage/emulated/0/download/FB_Auth-release.apk cmp=com.android.packageinstaller/.InstallAppProgress (has extras)} from pid 21994
W/ContextImpl( 1295): Calling a method in the system process without a qualified user: android.app.ContextImpl.sendBroadcast:1252 android.content.ContextWrapper.sendBroadcast:365 com.motorola.motocare.util.TriggerHelper$TriggerBuilder.send:76 com.motorola.motocare.internal.frameworkevents.PauseResumeTrigger.handleFrameworkEvent:53 com.motorola.motocare.internal.frameworkevents.FwEventMonitor$FrameworkListener.processFrameworkEvent:114 
W/ContextImpl( 1295): Calling a method in the system process without a qualified user: android.app.ContextImpl.sendBroadcast:1252 android.content.ContextWrapper.sendBroadcast:365 com.motorola.motocare.util.TriggerHelper$TriggerBuilder.send:76 com.motorola.motocare.internal.frameworkevents.PauseResumeTrigger.handleFrameworkEvent:53 com.motorola.motocare.internal.frameworkevents.FwEventMonitor$FrameworkListener.processFrameworkEvent:114 
W/InstallAppProgress(21994): Replacing package:com.giftme.fb_auth
I/ActivityManager( 1025): Process com.giftme.fb_auth (pid 21747) has died.
I/ActivityManager( 1025): Start proc com.android.defcontainer for service com.android.defcontainer/.DefaultContainerService: pid=22039 uid=10013 gids={50013, 1028, 1015, 1023, 2001, 1035}
I/LaunchCheckinHandler( 1025): Displayed com.android.packageinstaller/.InstallAppProgress,wp,ca,147
I/ActivityManager( 1025): Displayed com.android.packageinstaller/.InstallAppProgress: +147ms
W/ActivityManager( 1025): No content provider found for permission revoke: file:///storage/emulated/0/download/FB_Auth-release.apk
D/Finsky  ( 7635): [1] PackageVerificationReceiver.onReceive: Verification requested, id = 3
D/Finsky  ( 7635): [1] WorkerTask.onPreExecute: Verification Requested for id = 3, data=file:///storage/emulated/0/download/FB_Auth-release.apk flags=18 fromVerificationActivity=false
W/PackageParser( 7635): No actions in intent filter at /storage/emulated/0/download/FB_Auth-release.apk Binary XML file line #28
D/WifiStateMachine( 1025): handleMessage: E msg.what=151572
D/WifiStateMachine( 1025): processMsg: ConnectedState
D/WifiStateMachine( 1025): processMsg: L2ConnectedState
D/WifiStateMachine( 1025): handleMessage: X
