W/dalvikvm(25402): Link of class 'Lar;' failed
E/dalvikvm(25402): Could not find class 'ar', referenced from method b.a
W/dalvikvm(25402): VFY: unable to resolve new-instance 999 (Lar;) in Lb;
D/dalvikvm(25402): VFY: replacing opcode 0x22 at 0x0006
W/dalvikvm(25402): Unable to resolve superclass of Lat; (689)
W/dalvikvm(25402): Link of class 'Lat;' failed
D/dalvikvm(25385): No JNI_OnLoad found in /system/lib/libstdc++.so 0x4279b9f0, skipping init
D/dalvikvm(25385): Trying to load lib /data/app-lib/com.facebook.katana-1/libsigmux.so 0x4279b9f0
E/dalvikvm(25402): Could not find class 'at', referenced from method b.a
W/dalvikvm(25402): VFY: unable to resolve new-instance 1053 (Lat;) in Lb;
D/dalvikvm(25402): VFY: replacing opcode 0x22 at 0x002a
D/dalvikvm(25385): Added shared lib /data/app-lib/com.facebook.katana-1/libsigmux.so 0x4279b9f0
D/dalvikvm(25385): No JNI_OnLoad found in /data/app-lib/com.facebook.katana-1/libsigmux.so 0x4279b9f0, skipping init
D/dalvikvm(25385): Trying to load lib /data/app-lib/com.facebook.katana-1/libdistract.so 0x4279b9f0
D/dalvikvm(25385): Added shared lib /data/app-lib/com.facebook.katana-1/libdistract.so 0x4279b9f0
D/dalvikvm(25385): No JNI_OnLoad found in /data/app-lib/com.facebook.katana-1/libdistract.so 0x4279b9f0, skipping init
D/dalvikvm(25385): Trying to load lib /data/app-lib/com.facebook.katana-1/libfb_dalvik-internals.so 0x4279b9f0
D/dalvikvm(25385): Added shared lib /data/app-lib/com.facebook.katana-1/libfb_dalvik-internals.so 0x4279b9f0
V/DexLibLoader(25385): about to lock: /data/data/com.facebook.katana/mdex_lock
V/DexLibLoader(25385): locking /data/data/com.facebook.katana/mdex_lock took 1 ms
V/DexLibLoader(25385): Secondary program dex metadata: secondary-1.dex.jar.xz c0d34653f435a7e59cc5f46e9bd47feaf68b0041 secondary.dex01.Canary
V/DexLibLoader(25385): Secondary program dex metadata: secondary-2.dex.jar.xz 3651d03ae513595a1029ff9eae54d36128fdeb5e secondary.dex02.Canary
V/DexLibLoader(25385): Secondary program dex metadata: secondary-3.dex.jar.xz 020c6d0135a14f0280ede88da3e858d29f1b9ed5 secondary.dex03.Canary
V/DexLibLoader(25385): Secondary program dex metadata: secondary-4.dex.jar.xz 3cf3244a0d1c3e39128f7b89ad90b4842a36a05f secondary.dex04.Canary
V/DexLibLoader(25385): Secondary program dex metadata: secondary-5.dex.jar.xz 666d745bfcb3c0496ae90e343db057d6082ce0c3 secondary.dex05.Canary
V/DexLibLoader(25385): Secondary program dex metadata: secondary-6.dex.jar.xz 0089f1fba5ba3a3fb61d98c516e2bbc2e6adfa05 secondary.dex06.Canary
V/DexLibLoader(25385): Secondary program dex metadata: secondary-7.dex.jar.xz 7cecb34308ef8d54acae00b06e3ade52d8da6d49 secondary.dex07.Canary
V/DexLibLoader(25385): directory "/data/data/com.facebook.katana/app_secondary_program_dex" contains "program-c0d34653f435a7e59cc5f46e9bd47feaf68b00416661a1c7.dex.jar" as expected
V/DexLibLoader(25385): directory "/data/data/com.facebook.katana/app_secondary_program_dex" contains "program-3651d03ae513595a1029ff9eae54d36128fdeb5e6661a1c7.dex.jar" as expected
V/DexLibLoader(25385): directory "/data/data/com.facebook.katana/app_secondary_program_dex" contains "program-020c6d0135a14f0280ede88da3e858d29f1b9ed56661a1c7.dex.jar" as expected
V/DexLibLoader(25385): directory "/data/data/com.facebook.katana/app_secondary_program_dex" contains "program-3cf3244a0d1c3e39128f7b89ad90b4842a36a05f6661a1c7.dex.jar" as expected
V/DexLibLoader(25385): directory "/data/data/com.facebook.katana/app_secondary_program_dex" contains "program-666d745bfcb3c0496ae90e343db057d6082ce0c36661a1c7.dex.jar" as expected
V/DexLibLoader(25385): directory "/data/data/com.facebook.katana/app_secondary_program_dex" contains "program-0089f1fba5ba3a3fb61d98c516e2bbc2e6adfa056661a1c7.dex.jar" as expected
V/DexLibLoader(25385): directory "/data/data/com.facebook.katana/app_secondary_program_dex" contains "program-7cecb34308ef8d54acae00b06e3ade52d8da6d496661a1c7.dex.jar" as expected
D/DexLibLoader(25385): ignoring file "program-c0d34653f435a7e59cc5f46e9bd47feaf68b00416661a1c7.dex.odex" in "/data/data/com.facebook.katana/app_secondary_program_dex"
D/DexLibLoader(25385): ignoring file "program-3651d03ae513595a1029ff9eae54d36128fdeb5e6661a1c7.dex.odex" in "/data/data/com.facebook.katana/app_secondary_program_dex"
D/DexLibLoader(25385): ignoring file "program-020c6d0135a14f0280ede88da3e858d29f1b9ed56661a1c7.dex.odex" in "/data/data/com.facebook.katana/app_secondary_program_dex"
D/DexLibLoader(25385): ignoring file "program-3cf3244a0d1c3e39128f7b89ad90b4842a36a05f6661a1c7.dex.odex" in "/data/data/com.facebook.katana/app_secondary_program_dex"
D/DexLibLoader(25385): ignoring file "program-666d745bfcb3c0496ae90e343db057d6082ce0c36661a1c7.dex.odex" in "/data/data/com.facebook.katana/app_secondary_program_dex"
D/DexLibLoader(25385): ignoring file "program-0089f1fba5ba3a3fb61d98c516e2bbc2e6adfa056661a1c7.dex.odex" in "/data/data/com.facebook.katana/app_secondary_program_dex"
D/DexLibLoader(25385): ignoring file "program-7cecb34308ef8d54acae00b06e3ade52d8da6d496661a1c7.dex.odex" in "/data/data/com.facebook.katana/app_secondary_program_dex"
D/DexLibLoader(25385): directory "/data/data/com.facebook.katana/app_secondary_program_dex" is valid
D/DexLibLoader(25385): ignoring file "primary_deps" in "/data/data/com.facebook.katana/app_secondary_program_dex_opt"
V/DexLibLoader(25385): directory "/data/data/com.facebook.katana/app_secondary_program_dex_opt" contains "program-c0d34653f435a7e59cc5f46e9bd47feaf68b00416661a1c7.dex.dex" as expected
V/DexLibLoader(25385): directory "/data/data/com.facebook.katana/app_secondary_program_dex_opt" contains "program-3651d03ae513595a1029ff9eae54d36128fdeb5e6661a1c7.dex.dex" as expected
V/DexLibLoader(25385): directory "/data/data/com.facebook.katana/app_secondary_program_dex_opt" contains "program-020c6d0135a14f0280ede88da3e858d29f1b9ed56661a1c7.dex.dex" as expected
I/dalvikvm(25402): Could not find method android.view.ViewGroup.isTransitionGroup, referenced from method b.a
V/DexLibLoader(25385): directory "/data/data/com.facebook.katana/app_secondary_program_dex_opt" contains "program-3cf3244a0d1c3e39128f7b89ad90b4842a36a05f6661a1c7.dex.dex" as expected
W/dalvikvm(25402): VFY: unable to resolve virtual method 4388: Landroid/view/ViewGroup;.isTransitionGroup ()Z
D/dalvikvm(25402): VFY: replacing opcode 0x6e at 0x000c
V/DexLibLoader(25385): directory "/data/data/com.facebook.katana/app_secondary_program_dex_opt" contains "program-666d745bfcb3c0496ae90e343db057d6082ce0c36661a1c7.dex.dex" as expected
V/DexLibLoader(25385): directory "/data/data/com.facebook.katana/app_secondary_program_dex_opt" contains "program-0089f1fba5ba3a3fb61d98c516e2bbc2e6adfa056661a1c7.dex.dex" as expected
I/dalvikvm(25402): Could not find method android.view.View.getTransitionName, referenced from method b.a
W/dalvikvm(25402): VFY: unable to resolve virtual method 4205: Landroid/view/View;.getTransitionName ()Ljava/lang/String;
D/dalvikvm(25402): VFY: replacing opcode 0x6e at 0x0006
V/DexLibLoader(25385): directory "/data/data/com.facebook.katana/app_secondary_program_dex_opt" contains "program-7cecb34308ef8d54acae00b06e3ade52d8da6d496661a1c7.dex.dex" as expected
D/DexLibLoader(25385): directory "/data/data/com.facebook.katana/app_secondary_program_dex_opt" is valid
D/DexLibLoader(25385): loading pre-built cross-dex opt odex files
V/dalvik-internals(25385): hooked dvmResolveClass using jump ()
V/dalvik-internals(25385): hooked dvmFlushBreakpoints using jump ()
W/dalvikvm(25402): VFY: unable to find class referenced in signature ([Landroid/app/RemoteInput;)
E/dalvikvm(25402): Could not find class 'android.app.RemoteInput[]', referenced from method b.a
W/dalvikvm(25402): VFY: unable to resolve new-array 12606 ([Landroid/app/RemoteInput;) in Lb;
D/dalvikvm(25402): VFY: replacing opcode 0x23 at 0x0005
V/MultiDexClassLoader(25385): installing MultiDexClassLoader before application classloader
I/dalvikvm(25385): Could not find method dalvik.system.DexFile.loadClassBinaryName, referenced from method com.facebook.common.dextricks.DexFileLoadOld.a
W/dalvikvm(25385): VFY: unable to resolve virtual method 2807: Ldalvik/system/DexFile;.loadClassBinaryName (Ljava/lang/String;Ljava/lang/ClassLoader;)Ljava/lang/Class;
D/dalvikvm(25385): VFY: replacing opcode 0x6e at 0x0000
D/dalvikvm(25402): DexOpt: unable to opt direct call 0x0530 at 0x0e in Lb;.a
D/dalvikvm(25402): DexOpt: unable to opt direct call 0x08a4 at 0x0e in Lb;.a
D/dalvikvm(25402): DexOpt: unable to opt direct call 0x0530 at 0x0e in Lb;.a
W/dalvikvm(25402): Unable to resolve superclass of Lar; (689)
W/dalvikvm(25402): Link of class 'Lar;' failed
D/dalvikvm(25402): DexOpt: unable to opt direct call 0x177c at 0x08 in Lb;.a
W/dalvikvm(25402): Unable to resolve superclass of Lat; (689)
W/dalvikvm(25402): Link of class 'Lat;' failed
D/dalvikvm(25402): DexOpt: unable to opt direct call 0x1846 at 0x2c in Lb;.a
D/dalvikvm(25402): DexOpt: unable to opt direct call 0x0587 at 0x13 in Lb;.a
D/DexLibLoader(25385): released odex store lock
D/DexLibLoader(25385): DexLibLoader.loadAll took 117 ms
D/MemoryReductionHack(25385): Marked as initialized entry corresponding to path /data/app/com.facebook.katana-1.apk
D/GcOptimizer(25385): Enabled
V/dalvik-internals(25385): hooked dvmLinearAlloc using jump ()
V/dalvik-internals(25385): hooked dvmLinearRealloc using jump ()
V/dalvik-internals(25385): hooked dvmLinearFree using jump ()
V/dalvik-internals(25385): hooked dvmLinearStrdup using jump ()
V/dalvik-internals(25385): hooked dvmLinearAllocContains using jump ()
I/dalvik-internals(25385): enlarged linearalloc buffer to 33554432 bytes
D/dalvikvm(25402): Trying to load lib /data/app-lib/com.google.android.apps.plus-1/libcrashreporterer.so 0x42794910
D/dalvikvm(25402): Added shared lib /data/app-lib/com.google.android.apps.plus-1/libcrashreporterer.so 0x42794910
I/dalvikvm(25402): Could not find method android.content.Context.getDrawable, referenced from method c.a
W/dalvikvm(25402): VFY: unable to resolve virtual method 1545: Landroid/content/Context;.getDrawable (I)Landroid/graphics/drawable/Drawable;
D/dalvikvm(25402): VFY: replacing opcode 0x6e at 0x0006
I/ActivityManager( 1016): Start proc com.google.android.talk for broadcast com.google.android.talk/com.google.android.apps.hangouts.service.NetworkStateReceiver: pid=25420 uid=10071 gids={50071, 3003, 1028, 1015, 3002}
F/ProcessStats( 1016): Starting service ServiceState{43a506e8 com.tranzmate.services.LocationService pkg=com.tranzmate proc=43a506e8} without owner
I/ActivityManager( 1016): Process com.mobisystems.ubreader_west (pid 25326) has died.
F/ProcessStats( 1016): Starting service ServiceState{43a506e8 com.tranzmate.services.LocationService pkg=com.tranzmate proc=43a506e8} without owner
D/dalvikvm(25420): Trying to load lib /data/app-lib/com.google.android.talk-1/libcrashreporterer.so 0x42792620
D/dalvikvm(25420): Added shared lib /data/app-lib/com.google.android.talk-1/libcrashreporterer.so 0x42792620
E/dalvikvm(25420): Could not find class 'android.app.Notification$Action$Builder', referenced from method f.a
W/dalvikvm(25420): VFY: unable to resolve new-instance 402 (Landroid/app/Notification$Action$Builder;) in Lf;
D/dalvikvm(25420): VFY: replacing opcode 0x22 at 0x0000
E/dalvikvm(25420): Could not find class 'android.app.RemoteInput$Builder', referenced from method f.a
W/dalvikvm(25420): VFY: unable to resolve new-instance 414 (Landroid/app/RemoteInput$Builder;) in Lf;
D/dalvikvm(25420): VFY: replacing opcode 0x22 at 0x003d
E/dalvikvm(25420): Could not find class 'android.app.Notification$Action$Builder', referenced from method f.a
W/dalvikvm(25420): VFY: unable to resolve new-instance 402 (Landroid/app/Notification$Action$Builder;) in Lf;
D/dalvikvm(25420): VFY: replacing opcode 0x22 at 0x0000
W/dalvikvm(25420): Unable to resolve superclass of Law; (790)
W/dalvikvm(25420): Link of class 'Law;' failed
E/dalvikvm(25420): Could not find class 'aw', referenced from method f.a
W/dalvikvm(25420): VFY: unable to resolve new-instance 1214 (Law;) in Lf;
D/dalvikvm(25420): VFY: replacing opcode 0x22 at 0x0006
W/dalvikvm(25420): Unable to resolve superclass of Lay; (790)
W/dalvikvm(25420): Link of class 'Lay;' failed
E/dalvikvm(25420): Could not find class 'ay', referenced from method f.a
W/dalvikvm(25420): VFY: unable to resolve new-instance 1268 (Lay;) in Lf;
D/dalvikvm(25420): VFY: replacing opcode 0x22 at 0x002a
I/dalvikvm(25420): Could not find method android.view.ViewGroup.isTransitionGroup, referenced from method f.a
W/dalvikvm(25420): VFY: unable to resolve virtual method 5345: Landroid/view/ViewGroup;.isTransitionGroup ()Z
D/dalvikvm(25420): VFY: replacing opcode 0x6e at 0x000c
I/dalvikvm(25420): Could not find method android.view.View.getTransitionName, referenced from method f.a
W/dalvikvm(25420): VFY: unable to resolve virtual method 5199: Landroid/view/View;.getTransitionName ()Ljava/lang/String;
D/dalvikvm(25420): VFY: replacing opcode 0x6e at 0x0006
W/dalvikvm(25420): VFY: unable to find class referenced in signature ([Landroid/app/RemoteInput;)
E/dalvikvm(25420): Could not find class 'android.app.RemoteInput[]', referenced from method f.a
W/dalvikvm(25420): VFY: unable to resolve new-array 6957 ([Landroid/app/RemoteInput;) in Lf;
D/dalvikvm(25420): VFY: replacing opcode 0x23 at 0x0005
D/dalvikvm(25420): DexOpt: couldn't find static field Landroid/os/Build;.SUPPORTED_ABIS
W/dalvikvm(25420): VFY: unable to resolve static field 1486 (SUPPORTED_ABIS) in Landroid/os/Build;
D/dalvikvm(25420): VFY: replacing opcode 0x62 at 0x0006
D/dalvikvm(25420): DexOpt: unable to opt direct call 0x0a62 at 0x0e in Lf;.a
D/dalvikvm(25420): DexOpt: unable to opt direct call 0x0ab7 at 0x43 in Lf;.a
D/dalvikvm(25420): DexOpt: unable to opt direct call 0x0a62 at 0x0e in Lf;.a
W/dalvikvm(25420): Unable to resolve superclass of Law; (790)
W/dalvikvm(25420): Link of class 'Law;' failed
D/dalvikvm(25420): DexOpt: unable to opt direct call 0x1d53 at 0x08 in Lf;.a
W/dalvikvm(25420): Unable to resolve superclass of Lay; (790)
W/dalvikvm(25420): Link of class 'Lay;' failed
D/dalvikvm(25420): DexOpt: unable to opt direct call 0x1e94 at 0x2c in Lf;.a
D/dalvikvm(25420): DexOpt: unable to opt direct call 0x0ab7 at 0x13 in Lf;.a
I/dalvikvm(25420): Could not find method android.content.Context.getDrawable, referenced from method i.a
W/dalvikvm(25420): VFY: unable to resolve virtual method 2839: Landroid/content/Context;.getDrawable (I)Landroid/graphics/drawable/Drawable;
D/dalvikvm(25420): VFY: replacing opcode 0x6e at 0x0006
I/Babel   (25420): MmsConfig: mnc/mcc: 272/3
I/Babel   (25420): MmsConfig.loadMmsSettings
I/Babel   (25420): MmsConfig.loadDeviceMmsSettings from API: mUserAgent=motoxt1039, mUaProfUrl=http://uaprof.motorola.com/phoneconfig/motoxt1039/Profile/motoxt1039.rdf
I/Babel   (25420): MmsConfig.loadFromDatabase
E/SQLiteLog(25420): (1) no such table: mmsconfig
I/Babel   (25420): MmsConfig: no mmsconfig table android.database.sqlite.SQLiteException: no such table: mmsconfig (code 1): , while compiling: SELECT key, value, type FROM mmsconfig WHERE numeric=?
I/Babel   (25420): MmsConfig.loadFromResources
E/Babel   (25420): canonicalizeMccMnc: invalid mccmnc nullnull
I/Babel   (25420): MmsConfig.loadMmsSettings: mUserAgent=motoxt1039, mUaProfUrl=http://uaprof.motorola.com/phoneconfig/motoxt1039/Profile/motoxt1039.rdf
W/Settings(25420): Setting airplane_mode_on has moved from android.provider.Settings.System to android.provider.Settings.Global, returning read-only value.
I/Babel_StickerModule(25420): App launched.
I/ActivityManager( 1016): Start proc com.google.android.apps.magazines for broadcast com.google.android.apps.magazines/com.google.apps.dots.android.newsstand.appwidget.NewsWidgetProvider: pid=25442 uid=10077 gids={50077, 3003, 1028, 1015}
W/AppOps  ( 1016): Bad call: specified package qcamera under uid 1013 but it is really -1
W/AppOps  ( 1016): Bad call: specified package qcamera under uid 1013 but it is really -1
W/AppOps  ( 1016): Bad call: specified package qcamera under uid 1013 but it is really -1
I/dalvikvm(25442): Could not find method android.accounts.AccountManager.getPreviousName, referenced from method com.google.apps.dots.android.newsstand.auth.AccountManagerDelegate.getPreviousName
W/dalvikvm(25442): VFY: unable to resolve virtual method 7: Landroid/accounts/AccountManager;.getPreviousName (Landroid/accounts/Account;)Ljava/lang/String;
D/dalvikvm(25442): VFY: replacing opcode 0x6e at 0x0002
E/cutils  (  261): Failed to mkdirat(/storage/sdcard1/Android): Read-only file system
W/Vold    (  261): Returning OperationFailed - no handler for errno 30
W/ContextImpl(25442): Failed to ensure directory: /storage/sdcard1/Android/data/com.google.android.apps.magazines/cache
E/cutils  (  261): Failed to mkdirat(/storage/sdcard1/Android): Read-only file system
W/Vold    (  261): Returning OperationFailed - no handler for errno 30
W/ContextImpl(25442): Failed to ensure directory: /storage/sdcard1/Android/data/com.google.android.apps.magazines/files
E/cutils  (  261): Failed to mkdirat(/storage/sdcard1/Android): Read-only file system
W/Vold    (  261): Returning OperationFailed - no handler for errno 30
W/AppOps  ( 1016): Bad call: specified package qcamera under uid 1013 but it is really -1
W/ContextImpl(25442): Failed to ensure directory: /storage/sdcard1/Android/data/com.google.android.apps.magazines/cache
E/cutils  (  261): Failed to mkdirat(/storage/sdcard1/Android): Read-only file system
W/Vold    (  261): Returning OperationFailed - no handler for errno 30
W/dalvikvm(25420): Unable to resolve superclass of Lcom/google/android/libraries/hangouts/video/ScreenCaptureVideoSource$2; (596)
W/dalvikvm(25420): Link of class 'Lcom/google/android/libraries/hangouts/video/ScreenCaptureVideoSource$2;' failed
W/ContextImpl(25442): Failed to ensure directory: /storage/sdcard1/Android/data/com.google.android.apps.magazines/files
E/dalvikvm(25420): Could not find class 'com.google.android.libraries.hangouts.video.ScreenCaptureVideoSource$2', referenced from method com.google.android.libraries.hangouts.video.ScreenCaptureVideoSource.<init>
W/dalvikvm(25420): VFY: unable to resolve new-instance 2878 (Lcom/google/android/libraries/hangouts/video/ScreenCaptureVideoSource$2;) in Lcom/google/android/libraries/hangouts/video/ScreenCaptureVideoSource;
D/dalvikvm(25420): VFY: replacing opcode 0x22 at 0x0044
W/dalvikvm(25420): VFY: unable to find class referenced in signature (Landroid/media/projection/MediaProjection;)
W/dalvikvm(25420): VFY: unable to find class referenced in signature (Landroid/media/projection/MediaProjection;)
W/dalvikvm(25420): VFY: unable to find class referenced in signature (Landroid/media/projection/MediaProjection;)
W/dalvikvm(25420): VFY: unable to find class referenced in signature (Landroid/media/projection/MediaProjectionManager;)
I/dalvikvm(25420): Could not find method android.media.projection.MediaProjection.createVirtualDisplay, referenced from method com.google.android.libraries.hangouts.video.ScreenCaptureVideoSource.createVirtualDisplay
W/dalvikvm(25420): VFY: unable to resolve virtual method 3518: Landroid/media/projection/MediaProjection;.createVirtualDisplay (Ljava/lang/String;IIIILandroid/view/Surface;Landroid/hardware/display/VirtualDisplay$Callback;Landroid/os/Handler;)Landroid/hardware/display/VirtualDisplay;
D/dalvikvm(25420): VFY: replacing opcode 0x74 at 0x0053
I/dalvikvm(25420): Could not find method android.media.projection.MediaProjection.stop, referenced from method com.google.android.libraries.hangouts.video.ScreenCaptureVideoSource.release
W/dalvikvm(25420): VFY: unable to resolve virtual method 3520: Landroid/media/projection/MediaProjection;.stop ()V
D/dalvikvm(25420): VFY: replacing opcode 0x6e at 0x002d
I/dalvikvm(25420): Could not find method android.media.projection.MediaProjectionManager.createScreenCaptureIntent, referenced from method com.google.android.libraries.hangouts.video.ScreenCaptureVideoSource.startCapture
W/dalvikvm(25420): VFY: unable to resolve virtual method 3522: Landroid/media/projection/MediaProjectionManager;.createScreenCaptureIntent ()Landroid/content/Intent;
D/dalvikvm(25420): VFY: replacing opcode 0x6e at 0x0023
W/dalvikvm(25420): Unable to resolve superclass of Lcom/google/android/libraries/hangouts/video/ScreenCaptureVideoSource$2; (596)
W/dalvikvm(25420): Link of class 'Lcom/google/android/libraries/hangouts/video/ScreenCaptureVideoSource$2;' failed
D/dalvikvm(25420): DexOpt: unable to opt direct call 0x4a49 at 0x46 in Lcom/google/android/libraries/hangouts/video/ScreenCaptureVideoSource;.<init>
E/cutils  (  261): Failed to mkdirat(/storage/sdcard1/Android): Read-only file system
W/Vold    (  261): Returning OperationFailed - no handler for errno 30
W/ContextImpl(25385): Failed to ensure directory: /storage/sdcard1/Android/data/com.facebook.katana/cache
I/dalvikvm(25420): Could not find method android.media.MediaCodecInfo$CodecCapabilities.getVideoCapabilities, referenced from method com.google.android.libraries.hangouts.video.EncoderManager.isHardwareAcceleratedCodec
W/dalvikvm(25420): VFY: unable to resolve virtual method 3454: Landroid/media/MediaCodecInfo$CodecCapabilities;.getVideoCapabilities ()Landroid/media/MediaCodecInfo$VideoCapabilities;
D/dalvikvm(25420): VFY: replacing opcode 0x6e at 0x001f
F/ProcessStats( 1016): Starting service ServiceState{43a506e8 com.tranzmate.services.LocationService pkg=com.tranzmate proc=43a506e8} without owner
D/dalvikvm(25385): Trying to load lib /data/app-lib/com.facebook.katana-1/libdextr.so 0x4279b9f0
D/dalvikvm(25385): Added shared lib /data/app-lib/com.facebook.katana-1/libdextr.so 0x4279b9f0
I/Dextr   (25385): LogQueue params desc: IIJIIIJJ
V/WebViewChromiumFactoryProvider(25442): Binding Chromium to main looper Looper (main, tid 1) {4278dd48}
I/LibraryLoader(25442): Expected native library version number "",actual native library version number ""
I/chromium(25442): [INFO:library_loader_hooks.cc(116)] Chromium logging enabled: level = 0, default verbosity = 0
I/BrowserStartupController(25442): Initializing chromium process, renderers=0
E/AudioManagerAndroid(25442): BLUETOOTH permission is missing!
I/Adreno-EGL(25442): <qeglDrvAPI_eglInitialize:410>: EGL 1.4 QUALCOMM build: AU_LINUX_ANDROID_LNX.LA.3.5.1_RB1.04.04.02.048.018_msm8226_LNX.LA.3.5.1_RB1__release_AU ()
I/Adreno-EGL(25442): OpenGL ES Shader Compiler Version: E031.24.00.08
I/Adreno-EGL(25442): Build Date: 03/07/14 Fri
I/Adreno-EGL(25442): Local Branch: 
I/Adreno-EGL(25442): Remote Branch: quic/LNX.LA.3.5.1_RB1.1
I/Adreno-EGL(25442): Local Patches: NONE
I/Adreno-EGL(25442): Reconstruct Branch: AU_LINUX_ANDROID_LNX.LA.3.5.1_RB1.04.04.02.048.018 + f2fd134 +  NOTHING
D/WifiStateMachine( 1016): handleMessage: E msg.what=151572
D/WifiStateMachine( 1016): processMsg: ConnectedState
D/WifiStateMachine( 1016): processMsg: L2ConnectedState
D/WifiStateMachine( 1016): handleMessage: X
D/dalvikvm( 1016): GC_EXPLICIT freed 1366K, 35% free 27381K/41736K, paused 6ms+17ms, total 165ms
I/NSApplication(25442): Starting up...
I/ActivityManager( 1016): Start proc com.android.chrome for broadcast com.android.chrome/com.google.android.apps.chrome.precache.PrecacheServiceLauncher: pid=25493 uid=10057 gids={50057, 3003, 1028, 1015}
F/ProcessStats( 1016): Starting service ServiceState{43a506e8 com.tranzmate.services.LocationService pkg=com.tranzmate proc=43a506e8} without owner
D/AudioManagerAndroid(25442): ==> onReceive: s=0, m=1, n=h2w, sb=true
D/AudioManagerAndroid(25442): reportUpdate: state=0, devices=[Speakerphone, Headset earpiece]
I/ActivityManager( 1016): Start proc com.rhmsoft.fm:crash.feedback for broadcast com.rhmsoft.fm/com.cleanmaster.fm.receiver.ConnectivityChangeBroadcastReceiver: pid=25506 uid=10105 gids={50105, 3003, 1028, 1015}
D/dalvikvm(  280): GC_EXPLICIT freed 42K, 48% free 9010K/17224K, paused 2ms+3ms, total 23ms
I/ActivityManager( 1016): Process com.google.android.apps.plus (pid 25402) has died.
D/dalvikvm(  280): GC_EXPLICIT freed <1K, 48% free 9010K/17224K, paused 3ms+3ms, total 22ms
W/StaticBindingVerifier(25385): Verify
D/dalvikvm(  280): GC_EXPLICIT freed <1K, 48% free 9010K/17224K, paused 2ms+3ms, total 22ms
I/ActivityManager( 1016): Process com.android.mms (pid 25355) has died.
F/ProcessStats( 1016): Starting service ServiceState{43a506e8 com.tranzmate.services.LocationService pkg=com.tranzmate proc=43a506e8} without owner
W/Settings(25506): Setting android_id has moved from android.provider.Settings.System to android.provider.Settings.Secure, returning read-only value.
E/cutils  (  261): Failed to mkdirat(/storage/sdcard1/Android): Read-only file system
W/Vold    (  261): Returning OperationFailed - no handler for errno 30
W/ContextImpl(25506): Failed to ensure directory: /storage/sdcard1/Android/data/com.rhmsoft.fm/files
D/dalvikvm(25506): Trying to load lib /data/data/com.rhmsoft.fm/lib/libkcmutil.so 0x42793e08
I/ActivityManager( 1016): Start proc com.mobisystems.ubreader_west for broadcast com.mobisystems.ubreader_west/com.mobisystems.ubreader.launcher.network.NetworkStateReceiver: pid=25527 uid=10117 gids={50117, 3003, 1028, 1015}
W/linker  (25506): libkcmutil.so has text relocations. This is wasting memory and is a security risk. Please fix.
D/dalvikvm(25506): Added shared lib /data/data/com.rhmsoft.fm/lib/libkcmutil.so 0x42793e08
F/ProcessStats( 1016): Starting service ServiceState{43a506e8 com.tranzmate.services.LocationService pkg=com.tranzmate proc=43a506e8} without owner
E/cutils  (  261): Failed to mkdirat(/storage/sdcard1/Android): Read-only file system
W/Vold    (  261): Returning OperationFailed - no handler for errno 30
W/ContextImpl(25506): Failed to ensure directory: /storage/sdcard1/Android/data/com.rhmsoft.fm/files
E/cutils  (  261): Failed to mkdirat(/storage/sdcard1/Android): Read-only file system
W/Vold    (  261): Returning OperationFailed - no handler for errno 30
W/ContextImpl(25506): Failed to ensure directory: /storage/sdcard1/Android/data/com.rhmsoft.fm/files
E/cutils  (  261): Failed to mkdirat(/storage/sdcard1/Android): Read-only file system
W/Vold    (  261): Returning OperationFailed - no handler for errno 30
W/ContextImpl(25506): Failed to ensure directory: /storage/sdcard1/Android/data/com.rhmsoft.fm/files
I/dalvikvm(25385): Could not find method com.facebook.resources.FbResources.getDrawable, referenced from method com.facebook.resources.impl.DownloadedFbResources.getDrawable
W/dalvikvm(25385): VFY: unable to resolve virtual method 46880: Lcom/facebook/resources/FbResources;.getDrawable (ILandroid/content/res/Resources$Theme;)Landroid/graphics/drawable/Drawable;
D/dalvikvm(25385): VFY: replacing opcode 0x6f at 0x0031
D/DEBUG   (31852): Received intent : com.motorola.blur.service.blur.Actions.POLLINGMGR_CONNECTIVITY
D/dalvikvm(25420): GC_CONCURRENT freed 4370K, 27% free 12711K/17224K, paused 3ms+6ms, total 59ms
W/ContextImpl(31852): Implicit intents with startService are not safe: Intent { act=com.motorola.blur.service.blur.Actions.BIND_WSPROXY_SVC } android.content.ContextWrapper.bindService:517 com.motorola.ccc.notification.GetNotificationsWS.bindWebServices:65 com.motorola.ccc.notification.SundryService.onCreate:1039 
D/GetNotificationsWS(31852): bindWebServices(): registering our AIDL callback...
D/WifiService( 1016): New client listening to asynchronous messages
I/SundryService(31852): onHandleIntent(): action=com.motorola.blur.service.blur.Actions.POLLINGMGR_CONNECTIVITY
D/WaitableIntentService(31852): ServiceHandler.handleMessage: mWaitCount=0
D/EmailService.MarketingOptInSetter(31852): received com.motorola.blur.service.blur.Actions.POLLINGMGR_CONNECTIVITY
D/GetNotificationsWS(31852): onServiceConnected()
I/ActivityManager( 1016): Process com.google.android.talk (pid 25420) has died.
W/ActivityManager( 1016): Service ServiceRecord{44422750 u0 com.google.android.talk/com.google.android.libraries.hangouts.video.CallService} in process ProcessRecord{43245ed8 25420:com.google.android.talk/u0a71} not same as in map: null
D/GetNotificationsWS(31852): onServiceConnected(): Registered for remote service callbacks...
D/GetNotificationsWS(31852): unbindWebServices(): un-registering our AIDL callback...
D/DEBUG   (31852): Received intent : com.motorola.blur.service.blur.Actions.POLLINGMGR_CONNECTIVITY
W/ContextImpl(31852): Implicit intents with startService are not safe: Intent { act=com.motorola.blur.service.blur.Actions.BIND_WSPROXY_SVC } android.content.ContextWrapper.bindService:517 com.motorola.ccc.notification.GetNotificationsWS.bindWebServices:65 com.motorola.ccc.notification.SundryService.onCreate:1039 
D/GetNotificationsWS(31852): bindWebServices(): registering our AIDL callback...
I/SundryService(31852): onHandleIntent(): action=com.motorola.blur.service.blur.Actions.POLLINGMGR_CONNECTIVITY
D/EmailService.MarketingOptInSetter(31852): received com.motorola.blur.service.blur.Actions.POLLINGMGR_CONNECTIVITY
D/WaitableIntentService(31852): ServiceHandler.handleMessage: mWaitCount=0
D/GetNotificationsWS(31852): onServiceConnected()
D/GetNotificationsWS(31852): onServiceConnected(): Registered for remote service callbacks...
D/GetNotificationsWS(31852): unbindWebServices(): un-registering our AIDL callback...
D/GCM     (31791): GcmService start Intent { act=com.google.android.gms.INITIALIZE flg=0x10 pkg=com.google.android.gms cmp=com.google.android.gms/.gcm.GcmService } com.google.android.gms.INITIALIZE
D/AuthorizationBluetoothService(31791): Received GmsCore event: Intent { act=com.google.android.gms.INITIALIZE flg=0x10 pkg=com.google.android.gms cmp=com.google.android.gms/.auth.be.proximity.authorization.bt.AuthorizationBluetoothService$AutoStarter }.
E/AuthorizationBluetoothService(31791): Proximity feature is not enabled.
V/GmsCoreStatsServiceLauncher(21235): Received broadcast intent Intent { act=com.google.android.gms.INITIALIZE flg=0x10 pkg=com.google.android.gms cmp=com.google.android.gms/.common.stats.GmsCoreStatsServiceLauncher }
D/LocationInitializer(21235): Restart initialization of location
E/MDM     (31965): [14068] b.run: Couldn't connect to Google API client: ConnectionResult{statusCode=API_UNAVAILABLE, resolution=null}
I/CheckinTask(21235): Sending checkin request (7029 bytes)
D/dalvikvm(25385): Trying to load lib /data/app-lib/com.facebook.katana-1/libfb.so 0x4279b9f0
D/dalvikvm(25385): Added shared lib /data/app-lib/com.facebook.katana-1/libfb.so 0x4279b9f0
D/dalvikvm(25385): No JNI_OnLoad found in /data/app-lib/com.facebook.katana-1/libfb.so 0x4279b9f0, skipping init
D/dalvikvm(25385): Trying to load lib /data/app-lib/com.facebook.katana-1/libfbjni.so 0x4279b9f0
D/dalvikvm(25385): Added shared lib /data/app-lib/com.facebook.katana-1/libfbjni.so 0x4279b9f0
D/dalvikvm(25385): Trying to load lib /data/app-lib/com.facebook.katana-1/libcares.so 0x4279b9f0
D/dalvikvm(25385): Added shared lib /data/app-lib/com.facebook.katana-1/libcares.so 0x4279b9f0
D/dalvikvm(25385): No JNI_OnLoad found in /data/app-lib/com.facebook.katana-1/libcares.so 0x4279b9f0, skipping init
D/dalvikvm(25385): Trying to load lib /data/app-lib/com.facebook.katana-1/libdouble-conversion.so 0x4279b9f0
D/dalvikvm(25385): Added shared lib /data/app-lib/com.facebook.katana-1/libdouble-conversion.so 0x4279b9f0
D/dalvikvm(25385): No JNI_OnLoad found in /data/app-lib/com.facebook.katana-1/libdouble-conversion.so 0x4279b9f0, skipping init
D/dalvikvm(25385): Trying to load lib /data/app-lib/com.facebook.katana-1/libevent.so 0x4279b9f0
D/dalvikvm(25385): Added shared lib /data/app-lib/com.facebook.katana-1/libevent.so 0x4279b9f0
D/dalvikvm(25385): No JNI_OnLoad found in /data/app-lib/com.facebook.katana-1/libevent.so 0x4279b9f0, skipping init
D/dalvikvm(25385): Trying to load lib /data/app-lib/com.facebook.katana-1/libliger.so 0x4279b9f0
I/ActivityManager( 1016): Process com.google.android.apps.magazines (pid 25442) has died.
F/ProcessStats( 1016): Starting service ServiceState{43a506e8 com.tranzmate.services.LocationService pkg=com.tranzmate proc=43a506e8} without owner
D/dalvikvm(25385): Added shared lib /data/app-lib/com.facebook.katana-1/libliger.so 0x4279b9f0
D/WifiStateMachine( 1016): handleMessage: E msg.what=131155
D/WifiStateMachine( 1016): processMsg: ConnectedState
D/WifiStateMachine( 1016): processMsg: L2ConnectedState
D/WifiStateMachine( 1016): handleMessage: X
E/dalvikvm(25385): Could not find class 'org.apache.harmony.xnet.provider.jsse.OpenSSLSocketImpl', referenced from method com.facebook.ssl.openssl.check.CheckOpenSSLImplHasRequiredMethods.<clinit>
W/dalvikvm(25385): VFY: unable to resolve const-class 9937 (Lorg/apache/harmony/xnet/provider/jsse/OpenSSLSocketImpl;) in Lcom/facebook/ssl/openssl/check/CheckOpenSSLImplHasRequiredMethods;
D/dalvikvm(25385): VFY: replacing opcode 0x1c at 0x000d
E/dalvikvm(25385): Could not find class 'org.apache.harmony.xnet.provider.jsse.OpenSSLSocketFactoryImpl', referenced from method com.facebook.ssl.openssl.reflect.SSLParametersGetter.<clinit>
W/dalvikvm(25385): VFY: unable to resolve const-class 9936 (Lorg/apache/harmony/xnet/provider/jsse/OpenSSLSocketFactoryImpl;) in Lcom/facebook/ssl/openssl/reflect/SSLParametersGetter;
D/dalvikvm(25385): VFY: replacing opcode 0x1c at 0x000d
E/dalvikvm(25385): Could not find class 'org.apache.harmony.xnet.provider.jsse.SSLParametersImpl', referenced from method com.facebook.ssl.openssl.reflect.SSLParametersGetter.a
W/dalvikvm(25385): VFY: unable to resolve check-cast 9939 (Lorg/apache/harmony/xnet/provider/jsse/SSLParametersImpl;) in Lcom/facebook/ssl/openssl/reflect/SSLParametersGetter;
D/dalvikvm(25385): VFY: replacing opcode 0x1f at 0x0006
E/dalvikvm(25385): Could not find class 'org.apache.harmony.xnet.provider.jsse.SSLParametersImpl', referenced from method com.facebook.ssl.openssl.reflect.SSLSessionTimeoutSetter.<clinit>
W/dalvikvm(25385): VFY: unable to resolve const-class 9939 (Lorg/apache/harmony/xnet/provider/jsse/SSLParametersImpl;) in Lcom/facebook/ssl/openssl/reflect/SSLSessionTimeoutSetter;
D/dalvikvm(25385): VFY: replacing opcode 0x1c at 0x000d
W/dalvikvm(25385): VFY: unable to find class referenced in signature (Lorg/apache/harmony/xnet/provider/jsse/SSLParametersImpl;)
E/dalvikvm(25385): Could not find class 'org.apache.harmony.xnet.provider.jsse.ClientSessionContext', referenced from method com.facebook.ssl.openssl.reflect.SSLSessionTimeoutSetter.a
W/dalvikvm(25385): VFY: unable to resolve check-cast 9935 (Lorg/apache/harmony/xnet/provider/jsse/ClientSessionContext;) in Lcom/facebook/ssl/openssl/reflect/SSLSessionTimeoutSetter;
D/dalvikvm(25385): VFY: replacing opcode 0x1f at 0x0006
W/dalvikvm(25385): VFY: unable to find class referenced in signature (Lorg/apache/harmony/xnet/provider/jsse/SSLParametersImpl;)
W/dalvikvm(25385): Unable to resolve superclass of Lcom/facebook/ssl/openssl/TicketEnabledOpenSSLSocketImplWrapper; (9938)
W/dalvikvm(25385): Link of class 'Lcom/facebook/ssl/openssl/TicketEnabledOpenSSLSocketImplWrapper;' failed
E/dalvikvm(25385): Could not find class 'com.facebook.ssl.openssl.TicketEnabledOpenSSLSocketImplWrapper', referenced from method com.facebook.ssl.openssl.TicketEnabledOpenSSLSocketFactoryHelper.a
W/dalvikvm(25385): VFY: unable to resolve new-instance 7703 (Lcom/facebook/ssl/openssl/TicketEnabledOpenSSLSocketImplWrapper;) in Lcom/facebook/ssl/openssl/TicketEnabledOpenSSLSocketFactoryHelper;
D/dalvikvm(25385): VFY: replacing opcode 0x22 at 0x0000
W/dalvikvm(25385): Unable to resolve superclass of Lcom/facebook/ssl/openssl/TicketEnabledOpenSSLSocketImplWrapper; (9938)
W/dalvikvm(25385): Link of class 'Lcom/facebook/ssl/openssl/TicketEnabledOpenSSLSocketImplWrapper;' failed
D/dalvikvm(25385): DexOpt: unable to opt direct call 0xbd3a at 0x08 in Lcom/facebook/ssl/openssl/TicketEnabledOpenSSLSocketFactoryHelper;.a
I/ActivityManager( 1016): Process com.google.android.setupwizard (pid 25374) has died.
F/ProcessStats( 1016): Starting service ServiceState{43a506e8 com.tranzmate.services.LocationService pkg=com.tranzmate proc=43a506e8} without owner
I/CheckinRequestBuilder(21235): Checkin reason type: 8 attempt count: 1
D/WifiStateMachine( 1016): handleMessage: E msg.what=151572
D/WifiStateMachine( 1016): processMsg: ConnectedState
D/WifiStateMachine( 1016): processMsg: L2ConnectedState
D/WifiStateMachine( 1016): handleMessage: X
D/dalvikvm(25385): Trying to load lib /data/app-lib/com.facebook.katana-1/libheartbleed.so 0x4279b9f0
D/dalvikvm(25385): Added shared lib /data/app-lib/com.facebook.katana-1/libheartbleed.so 0x4279b9f0
I/CheckinRequestBuilder(21235): Classify the device as Phone.
D/dalvikvm(21235): GC_CONCURRENT freed 1850K, 26% free 12779K/17224K, paused 6ms+12ms, total 55ms
I/CheckinTask(21235): Checkin success: https://android.clients.google.com/checkin (1 requests sent)
I/CheckinService(21235): Checking schedule, now: 1428266507216 next: 1428306107202
I/CheckinService(21235): active receiver: disabled
I/CheckinService(21235): Checking schedule, now: 1428266507258 next: 1428306107202
I/CheckinService(21235): active receiver: disabled
D/GCM     (31791): GcmService start Intent { act=com.google.android.checkin.CHECKIN_COMPLETE flg=0x10 cmp=com.google.android.gms/.gcm.GcmService (has extras) } com.google.android.checkin.CHECKIN_COMPLETE
D/WifiStateMachine( 1016): handleMessage: E msg.what=151572
D/WifiStateMachine( 1016): processMsg: ConnectedState
D/WifiStateMachine( 1016): processMsg: L2ConnectedState
D/WifiStateMachine( 1016): handleMessage: X
D/WifiStateMachine( 1016): handleMessage: E msg.what=151572
D/WifiStateMachine( 1016): processMsg: ConnectedState
D/WifiStateMachine( 1016): processMsg: L2ConnectedState
D/WifiStateMachine( 1016): handleMessage: X
F/ProcessStats( 1016): Starting service ServiceState{43a506e8 com.tranzmate.services.LocationService pkg=com.tranzmate proc=43a506e8} without owner
I/ActivityManager( 1016): Process com.android.chrome (pid 25493) has died.
F/ProcessStats( 1016): Starting service ServiceState{43a506e8 com.tranzmate.services.LocationService pkg=com.tranzmate proc=43a506e8} without owner
D/WifiStateMachine( 1016): handleMessage: E msg.what=131155
D/WifiStateMachine( 1016): processMsg: ConnectedState
D/WifiStateMachine( 1016): processMsg: L2ConnectedState
D/WifiStateMachine( 1016): handleMessage: X
D/WifiStateMachine( 1016): handleMessage: E msg.what=151572
D/WifiStateMachine( 1016): processMsg: ConnectedState
D/WifiStateMachine( 1016): processMsg: L2ConnectedState
D/WifiStateMachine( 1016): handleMessage: X
D/WifiStateMachine( 1016): handleMessage: E msg.what=151572
D/WifiStateMachine( 1016): processMsg: ConnectedState
D/WifiStateMachine( 1016): processMsg: L2ConnectedState
D/WifiStateMachine( 1016): handleMessage: X
W/BroadcastQueue( 1016): Permission Denial: broadcasting Intent { act=android.net.conn.INET_CONDITION_ACTION flg=0x4000010 (has extras) } from null (pid=-1, uid=-1) requires com.facebook.permission.prod.FB_APP_COMMUNICATION due to registered receiver BroadcastFilter{442df078 u0 ReceiverList{4437e528 25385 com.facebook.katana/10110/u0 remote:42ce6080}}
W/BroadcastQueue( 1016): Permission Denial: broadcasting Intent { act=android.net.conn.CONNECTIVITY_CHANGE flg=0x4000010 (has extras) } from null (pid=-1, uid=-1) requires com.facebook.permission.prod.FB_APP_COMMUNICATION due to registered receiver BroadcastFilter{442df078 u0 ReceiverList{4437e528 25385 com.facebook.katana/10110/u0 remote:42ce6080}}
W/dalvikvm(25385): Unable to resolve superclass of Lcom/facebook/push/adm/ADMBroadcastReceiver; (403)
W/dalvikvm(25385): Link of class 'Lcom/facebook/push/adm/ADMBroadcastReceiver;' failed
E/dalvikvm(25385): Could not find class 'com.facebook.push.adm.ADMBroadcastReceiver', referenced from method com.facebook.push.adm.ADMPushManager.b
W/dalvikvm(25385): VFY: unable to resolve const-class 9460 (Lcom/facebook/push/adm/ADMBroadcastReceiver;) in Lcom/facebook/push/adm/ADMPushManager;
D/dalvikvm(25385): VFY: replacing opcode 0x1c at 0x000e
E/fb4a(:<default>):FbWallpaperService(25385): com.facebook.wallpaper.wallpaperprocess.FbWallpaperService
V/GAV3    (25527): Thread[GAThread,5,main]: connecting to Analytics service
V/GAV3    (25527): Thread[GAThread,5,main]: connect: bindService returned true for Intent { act=com.google.android.gms.analytics.service.START cmp=com.google.android.gms/.analytics.service.AnalyticsService (has extras) }
V/GAV3    (25527): Thread[main,5,main]: service connected, binder: android.os.BinderProxy@427b6470
V/GAV3    (25527): Thread[main,5,main]: bound to service
W/fb4a(:<default>):AbstractMqttPushService(25385): Attempt to start service that is already started
V/GAV3    (25527): Thread[GAThread,5,main]: Loaded clientId
V/GAV3    (25527): Thread[main,5,main]: Connected to service
I/GAV3    (25527): Thread[GAThread,5,main]: No campaign data found.
D/dalvikvm(25385): GC_CONCURRENT freed 4156K, 25% free 12924K/17224K, paused 4ms+4ms, total 55ms
W/BroadcastQueue( 1016): Permission Denial: broadcasting Intent { act=android.net.conn.CONNECTIVITY_CHANGE flg=0x4000010 (has extras) } from null (pid=-1, uid=-1) requires com.facebook.permission.prod.FB_APP_COMMUNICATION due to registered receiver BroadcastFilter{4395a9c0 u0 ReceiverList{43c4bd68 25385 com.facebook.katana/10110/u0 remote:429b8538}}
D/GcOptimizer(25385): Configure for next cold start: enable
D/WifiStateMachine( 1016): handleMessage: E msg.what=151572
D/WifiStateMachine( 1016): processMsg: ConnectedState
D/WifiStateMachine( 1016): processMsg: L2ConnectedState
D/WifiStateMachine( 1016): handleMessage: X
D/dalvikvm(25385): GC_EXPLICIT freed 5596K, 30% free 13398K/19064K, paused 5ms+6ms, total 70ms
I/ActivityManager( 1016): Start proc com.google.android.talk for broadcast com.google.android.talk/com.google.android.apps.hangouts.phone.PackageReplacedReceiver: pid=25666 uid=10071 gids={50071, 3003, 1028, 1015, 3002}
I/InputReader( 1016): Reconfiguring input devices.  changes=0x00000010
I/PackageManager( 1016): Adding preferred activity ComponentInfo{com.android.mms/com.android.mms.ui.ComposeMessageActivity} for user 0 :
I/PackageManager( 1016):   Action: "android.intent.action.SENDTO"
I/PackageManager( 1016):   Category: "android.intent.category.DEFAULT"
I/PackageManager( 1016):   Scheme: "sms"
I/PackageManager( 1016): Adding preferred activity ComponentInfo{com.android.mms/com.android.mms.ui.ComposeMessageActivity} for user 0 :
I/PackageManager( 1016):   Action: "android.intent.action.SENDTO"
I/PackageManager( 1016):   Category: "android.intent.category.DEFAULT"
I/PackageManager( 1016):   Scheme: "smsto"
I/Launcher(15991): Deferring update until onResume
D/WifiStateMachine( 1016): handleMessage: E msg.what=131155
D/WifiStateMachine( 1016): processMsg: ConnectedState
D/WifiStateMachine( 1016): processMsg: L2ConnectedState
I/PackageManager( 1016): Adding preferred activity ComponentInfo{com.android.mms/com.android.mms.ui.ComposeMessageActivity} for user 0 :
I/PackageManager( 1016):   Action: "android.intent.action.SENDTO"
I/PackageManager( 1016):   Category: "android.intent.category.DEFAULT"
I/PackageManager( 1016):   Scheme: "mms"
D/WifiStateMachine( 1016): handleMessage: X
I/PackageManager( 1016): Adding preferred activity ComponentInfo{com.android.mms/com.android.mms.ui.ComposeMessageActivity} for user 0 :
I/PackageManager( 1016):   Action: "android.intent.action.SENDTO"
I/PackageManager( 1016):   Category: "android.intent.category.DEFAULT"
I/PackageManager( 1016):   Scheme: "mmsto"
I/PackageManager( 1016): Adding preferred activity ComponentInfo{com.android.mms/com.android.mms.ui.ComposeMessageActivity} for user 0 :
I/PackageManager( 1016):   Action: "android.intent.action.SENDTO"
I/PackageManager( 1016):   Category: "android.intent.category.DEFAULT"
I/PackageManager( 1016):   Scheme: "sms"
D/dalvikvm(25666): Trying to load lib /data/app-lib/com.google.android.talk-1/libcrashreporterer.so 0x4278ca30
D/dalvikvm(25666): Added shared lib /data/app-lib/com.google.android.talk-1/libcrashreporterer.so 0x4278ca30
I/PackageManager( 1016): Adding preferred activity ComponentInfo{com.android.mms/com.android.mms.ui.ComposeMessageActivity} for user 0 :
I/PackageManager( 1016):   Action: "android.intent.action.SENDTO"
I/PackageManager( 1016):   Category: "android.intent.category.DEFAULT"
I/PackageManager( 1016):   Scheme: "smsto"
E/dalvikvm(25666): Could not find class 'android.app.Notification$Action$Builder', referenced from method f.a
W/dalvikvm(25666): VFY: unable to resolve new-instance 402 (Landroid/app/Notification$Action$Builder;) in Lf;
D/dalvikvm(25666): VFY: replacing opcode 0x22 at 0x0000
E/dalvikvm(25666): Could not find class 'android.app.RemoteInput$Builder', referenced from method f.a
W/dalvikvm(25666): VFY: unable to resolve new-instance 414 (Landroid/app/RemoteInput$Builder;) in Lf;
D/dalvikvm(25666): VFY: replacing opcode 0x22 at 0x003d
I/PackageManager( 1016): Adding preferred activity ComponentInfo{com.android.mms/com.android.mms.ui.ComposeMessageActivity} for user 0 :
I/PackageManager( 1016):   Action: "android.intent.action.SENDTO"
I/PackageManager( 1016):   Category: "android.intent.category.DEFAULT"
I/PackageManager( 1016):   Scheme: "mms"
I/PackageManager( 1016): Adding preferred activity ComponentInfo{com.android.mms/com.android.mms.ui.ComposeMessageActivity} for user 0 :
I/PackageManager( 1016):   Action: "android.intent.action.SENDTO"
I/PackageManager( 1016):   Category: "android.intent.category.DEFAULT"
I/PackageManager( 1016):   Scheme: "mmsto"
E/dalvikvm(25666): Could not find class 'android.app.Notification$Action$Builder', referenced from method f.a
W/dalvikvm(25666): VFY: unable to resolve new-instance 402 (Landroid/app/Notification$Action$Builder;) in Lf;
D/dalvikvm(25666): VFY: replacing opcode 0x22 at 0x0000
W/dalvikvm(25666): Unable to resolve superclass of Law; (790)
W/dalvikvm(25666): Link of class 'Law;' failed
E/dalvikvm(25666): Could not find class 'aw', referenced from method f.a
W/dalvikvm(25666): VFY: unable to resolve new-instance 1214 (Law;) in Lf;
D/dalvikvm(25666): VFY: replacing opcode 0x22 at 0x0006
W/dalvikvm(25666): Unable to resolve superclass of Lay; (790)
W/dalvikvm(25666): Link of class 'Lay;' failed
E/dalvikvm(25666): Could not find class 'ay', referenced from method f.a
W/dalvikvm(25666): VFY: unable to resolve new-instance 1268 (Lay;) in Lf;
D/dalvikvm(25666): VFY: replacing opcode 0x22 at 0x002a
I/dalvikvm(25666): Could not find method android.view.ViewGroup.isTransitionGroup, referenced from method f.a
W/dalvikvm(25666): VFY: unable to resolve virtual method 5345: Landroid/view/ViewGroup;.isTransitionGroup ()Z
D/dalvikvm(25666): VFY: replacing opcode 0x6e at 0x000c
I/dalvikvm(25666): Could not find method android.view.View.getTransitionName, referenced from method f.a
W/dalvikvm(25666): VFY: unable to resolve virtual method 5199: Landroid/view/View;.getTransitionName ()Ljava/lang/String;
D/dalvikvm(25666): VFY: replacing opcode 0x6e at 0x0006
W/dalvikvm(25666): VFY: unable to find class referenced in signature ([Landroid/app/RemoteInput;)
E/dalvikvm(25666): Could not find class 'android.app.RemoteInput[]', referenced from method f.a
W/dalvikvm(25666): VFY: unable to resolve new-array 6957 ([Landroid/app/RemoteInput;) in Lf;
D/dalvikvm(25666): VFY: replacing opcode 0x23 at 0x0005
D/WifiStateMachine( 1016): handleMessage: E msg.what=151572
D/WifiStateMachine( 1016): processMsg: ConnectedState
D/WifiStateMachine( 1016): processMsg: L2ConnectedState
D/dalvikvm(25666): DexOpt: couldn't find static field Landroid/os/Build;.SUPPORTED_ABIS
W/dalvikvm(25666): VFY: unable to resolve static field 1486 (SUPPORTED_ABIS) in Landroid/os/Build;
D/dalvikvm(25666): VFY: replacing opcode 0x62 at 0x0006
D/WifiStateMachine( 1016): handleMessage: X
D/dalvikvm(25666): DexOpt: unable to opt direct call 0x0a62 at 0x0e in Lf;.a
D/dalvikvm(25666): DexOpt: unable to opt direct call 0x0ab7 at 0x43 in Lf;.a
D/dalvikvm(25666): DexOpt: unable to opt direct call 0x0a62 at 0x0e in Lf;.a
W/dalvikvm(25666): Unable to resolve superclass of Law; (790)
W/dalvikvm(25666): Link of class 'Law;' failed
D/dalvikvm(25666): DexOpt: unable to opt direct call 0x1d53 at 0x08 in Lf;.a
W/dalvikvm(25666): Unable to resolve superclass of Lay; (790)
W/dalvikvm(25666): Link of class 'Lay;' failed
D/dalvikvm(25666): DexOpt: unable to opt direct call 0x1e94 at 0x2c in Lf;.a
D/dalvikvm(25666): DexOpt: unable to opt direct call 0x0ab7 at 0x13 in Lf;.a
D/dalvikvm(31791): GC_EXPLICIT freed 492K, 36% free 11083K/17224K, paused 4ms+5ms, total 59ms
I/dalvikvm(25666): Could not find method android.content.Context.getDrawable, referenced from method i.a
W/dalvikvm(25666): VFY: unable to resolve virtual method 2839: Landroid/content/Context;.getDrawable (I)Landroid/graphics/drawable/Drawable;
D/dalvikvm(25666): VFY: replacing opcode 0x6e at 0x0006
I/Babel   (25666): MmsConfig: mnc/mcc: 272/3
I/Babel   (25666): MmsConfig.loadMmsSettings
I/Babel   (25666): MmsConfig.loadDeviceMmsSettings from API: mUserAgent=motoxt1039, mUaProfUrl=http://uaprof.motorola.com/phoneconfig/motoxt1039/Profile/motoxt1039.rdf
I/Babel   (25666): MmsConfig.loadFromDatabase
E/SQLiteLog(25666): (1) no such table: mmsconfig
I/Babel   (25666): MmsConfig: no mmsconfig table android.database.sqlite.SQLiteException: no such table: mmsconfig (code 1): , while compiling: SELECT key, value, type FROM mmsconfig WHERE numeric=?
I/Babel   (25666): MmsConfig.loadFromResources
E/Babel   (25666): canonicalizeMccMnc: invalid mccmnc nullnull
I/Babel   (25666): MmsConfig.loadMmsSettings: mUserAgent=motoxt1039, mUaProfUrl=http://uaprof.motorola.com/phoneconfig/motoxt1039/Profile/motoxt1039.rdf
I/Launcher(15991): Deferring update until onResume
W/Settings(25666): Setting airplane_mode_on has moved from android.provider.Settings.System to android.provider.Settings.Global, returning read-only value.
I/Babel_StickerModule(25666): App launched.
W/AppOps  ( 1016): Bad call: specified package qcamera under uid 1013 but it is really -1
