I/ActivityManager( 1016): START u0 {act=android.intent.action.MAIN cat=[android.intent.category.LAUNCHER] flg=0x10200000 cmp=com.giftme.fb_auth/.FB_Auth bnds=[360,385][520,585]} from pid 15991
W/ContextImpl( 1231): Calling a method in the system process without a qualified user: android.app.ContextImpl.sendBroadcast:1252 android.content.ContextWrapper.sendBroadcast:365 com.motorola.motocare.util.TriggerHelper$TriggerBuilder.send:76 com.motorola.motocare.internal.frameworkevents.PauseResumeTrigger.handleFrameworkEvent:53 com.motorola.motocare.internal.frameworkevents.FwEventMonitor$FrameworkListener.processFrameworkEvent:114 
I/ActivityManager( 1016): Start proc com.giftme.fb_auth for activity com.giftme.fb_auth/.FB_Auth: pid=24260 uid=10106 gids={50106, 3003, 1028, 1015}
I/dalvikvm(24260): Enabling JNI app bug workarounds for target SDK version 7...
D/dalvikvm(  280): GC_EXPLICIT freed 42K, 48% free 9010K/17224K, paused 2ms+3ms, total 25ms
W/ContextImpl( 1231): Calling a method in the system process without a qualified user: android.app.ContextImpl.sendBroadcast:1252 android.content.ContextWrapper.sendBroadcast:365 com.motorola.motocare.util.TriggerHelper$TriggerBuilder.send:76 com.motorola.motocare.internal.frameworkevents.PauseResumeTrigger.handleFrameworkEvent:53 com.motorola.motocare.internal.frameworkevents.FwEventMonitor$FrameworkListener.processFrameworkEvent:114 
D/dalvikvm(  280): GC_EXPLICIT freed <1K, 48% free 9010K/17224K, paused 2ms+4ms, total 26ms
V/PhoneStatusBar( 1078): setLightsOn(true)
D/dalvikvm(  280): GC_EXPLICIT freed <1K, 48% free 9010K/17224K, paused 1ms+2ms, total 21ms
I/CordovaLog(24260): Changing log level to DEBUG(3)
D/CordovaActivity(24260): CordovaActivity.init()
I/dalvikvm(24260): Could not find method android.webkit.CookieManager.setAcceptThirdPartyCookies, referenced from method org.apache.cordova.CordovaWebView.initWebViewSettings
W/dalvikvm(24260): VFY: unable to resolve virtual method 6163: Landroid/webkit/CookieManager;.setAcceptThirdPartyCookies (Landroid/webkit/WebView;Z)V
D/dalvikvm(24260): VFY: replacing opcode 0x6e at 0x002a
V/WebViewChromiumFactoryProvider(24260): Binding Chromium to main looper Looper (main, tid 1) {4278f858}
I/LibraryLoader(24260): Expected native library version number "",actual native library version number ""
I/chromium(24260): [INFO:library_loader_hooks.cc(116)] Chromium logging enabled: level = 0, default verbosity = 0
I/BrowserStartupController(24260): Initializing chromium process, renderers=0
E/AudioManagerAndroid(24260): BLUETOOTH permission is missing!
I/Adreno-EGL(24260): <qeglDrvAPI_eglInitialize:410>: EGL 1.4 QUALCOMM build: AU_LINUX_ANDROID_LNX.LA.3.5.1_RB1.04.04.02.048.018_msm8226_LNX.LA.3.5.1_RB1__release_AU ()
I/Adreno-EGL(24260): OpenGL ES Shader Compiler Version: E031.24.00.08
I/Adreno-EGL(24260): Build Date: 03/07/14 Fri
I/Adreno-EGL(24260): Local Branch: 
I/Adreno-EGL(24260): Remote Branch: quic/LNX.LA.3.5.1_RB1.1
I/Adreno-EGL(24260): Local Patches: NONE
I/Adreno-EGL(24260): Reconstruct Branch: AU_LINUX_ANDROID_LNX.LA.3.5.1_RB1.04.04.02.048.018 + f2fd134 +  NOTHING
W/chromium(24260): [WARNING:proxy_service.cc(890)] PAC support disabled because there is no system implementation
D/CordovaActivity(24260): CordovaActivity.createViews()
W/dalvikvm(24260): VFY: unable to find class referenced in signature (Landroid/webkit/ClientCertRequest;)
W/dalvikvm(24260): VFY: unable to find class referenced in signature (Landroid/webkit/ClientCertRequest;)
I/dalvikvm(24260): Could not find method android.webkit.WebViewClient.onReceivedClientCertRequest, referenced from method org.apache.cordova.CordovaWebViewClient.onReceivedClientCertRequest
W/dalvikvm(24260): VFY: unable to resolve virtual method 6235: Landroid/webkit/WebViewClient;.onReceivedClientCertRequest (Landroid/webkit/WebView;Landroid/webkit/ClientCertRequest;)V
D/dalvikvm(24260): VFY: replacing opcode 0x6f at 0x001c
I/dalvikvm(24260): Could not find method android.webkit.WebChromeClient$FileChooserParams.createIntent, referenced from method org.apache.cordova.CordovaChromeClient.onShowFileChooser
W/dalvikvm(24260): VFY: unable to resolve virtual method 6182: Landroid/webkit/WebChromeClient$FileChooserParams;.createIntent ()Landroid/content/Intent;
D/dalvikvm(24260): VFY: replacing opcode 0x6e at 0x0000
D/PluginManager(24260): init()
D/CordovaWebView(24260): CordovaWebView is running on device made by: motorola
D/CordovaWebView(24260): >>> loadUrl(file:///android_asset/www/index.html)
D/CordovaWebView(24260): >>> loadUrlNow()
D/CordovaActivity(24260): Resuming the App
D/AudioManagerAndroid(24260): ==> onReceive: s=0, m=1, n=h2w, sb=true
D/AudioManagerAndroid(24260): reportUpdate: state=0, devices=[Speakerphone, Headset earpiece]
D/SoftKeyboardDetect(24260): Ignore this event
D/OpenGLRenderer(24260): Enabling debug mode 0
D/SoftKeyboardDetect(24260): Ignore this event
I/LaunchCheckinHandler( 1016): Displayed com.giftme.fb_auth/.FB_Auth,cp,ca,388
I/ActivityManager( 1016): Displayed com.giftme.fb_auth/.FB_Auth: +389ms
E/rsC++   (15991): RS Message thread exiting.
D/CordovaWebViewClient(24260): onPageStarted(file:///android_asset/www/index.html)
D/CordovaActivity(24260): onMessage(onPageStarted,file:///android_asset/www/index.html)
D/WifiStateMachine( 1016): handleMessage: E msg.what=131155
D/WifiStateMachine( 1016): processMsg: ConnectedState
D/WifiStateMachine( 1016): processMsg: L2ConnectedState
D/WifiStateMachine( 1016): handleMessage: X
I/chromium(24260): [INFO:simple_index_file.cc(437)] Simple Cache Index is being restored from disk.
D/JsMessageQueue(24260): Set native->JS mode to OnlineEventsBridgeMode
D/WifiStateMachine( 1016): handleMessage: E msg.what=151572
D/WifiStateMachine( 1016): processMsg: ConnectedState
D/WifiStateMachine( 1016): processMsg: L2ConnectedState
D/WifiStateMachine( 1016): handleMessage: X
I/SFPerfTracer(  278):      triggers: (rate: 617:20953) (compose: 0:80) (post: 0:3) (render: 54:4876) (0:337493 frames) (1:1020560)
D/SFPerfTracer(  278):        layers: (3:13) (DimLayer: 0:200)* (DimLayer: 0:189)* (FocusedStackFrame: 0:7874)* (StatusBar: 0:78622) (NavigationBar: 1:55423) (DimLayer: 0:13480)* (DimLayer: 0:1568)* (com.android.wallpaper.fall.FallWallpaper: 0:87488)* (Starting co.giftmeapp.gift_me: 0:32)* (co.giftmeapp.gift_me/co.giftmeapp.gift_me.GiftMe: 0:36)* (com.android.launcher/com.android.launcher2.Launcher: 0:12)* (Starting com.giftme.fb_auth: 0:30)* (com.giftme.fb_auth/com.giftme.fb_auth.FB_Auth: 0:7) 
I/SBar.NetworkController( 1078): refreshSignalCluster: mobile: Signal=zz_moto_stat_sys_signal_3_fully_wide Roaming=(none) mSimIconId=(none) Accessibility="Phone three bars.","Not roaming.",""
I/SFPerfTracer(  278):      triggers: (rate: 321:192739) (245039 sw vsyncs) (420237 skipped) (95:1122826 vsyncs) (97:1501361)
D/CordovaLog(24260): file:///android_asset/www/js/app.js: Line 19 : Service initialized
I/chromium(24260): [INFO:CONSOLE(19)] "Service initialized", source: file:///android_asset/www/js/app.js (19)
D/CordovaLog(24260): file:///android_asset/www/js/app.js: Line 107 : facebookConnectPlugin not ready
I/chromium(24260): [INFO:CONSOLE(107)] "facebookConnectPlugin not ready", source: file:///android_asset/www/js/app.js (107)
D/CordovaLog(24260): https://js.stripe.com/v2/: Line 2 : You are using Stripe.js in live mode over an insecure connection. This is considered unsafe. Please conduct live requests only on sites served over https. For more info, see https://stripe.com/help/ssl
I/chromium(24260): [INFO:CONSOLE(2)] "You are using Stripe.js in live mode over an insecure connection. This is considered unsafe. Please conduct live requests only on sites served over https. For more info, see https://stripe.com/help/ssl", source: https://js.stripe.com/v2/ (2)
D/CordovaActivity(24260): onMessage(spinner,stop)
D/CordovaLog(24260): file:///android_asset/www/js/app.js: Line 118 : Uncaught ReferenceError: StatusBar is not defined
I/chromium(24260): [INFO:CONSOLE(118)] "Uncaught ReferenceError: StatusBar is not defined", source: file:///android_asset/www/js/app.js (118)
D/CordovaWebViewClient(24260): onPageFinished(file:///android_asset/www/index.html)
D/CordovaActivity(24260): onMessage(onPageFinished,file:///android_asset/www/index.html)
D/ConnectPlugin(24260): onSessionStateChange:OPENED
D/ConnectPlugin(24260): onSessionStateChange:OPENED
D/WifiStateMachine( 1016): handleMessage: E msg.what=151572
D/WifiStateMachine( 1016): processMsg: ConnectedState
D/WifiStateMachine( 1016): processMsg: L2ConnectedState
D/WifiStateMachine( 1016): handleMessage: X
D/Ulp_jni ( 1016): Location CB invoked
D/WifiStateMachine( 1016): handleMessage: E msg.what=151572
D/WifiStateMachine( 1016): processMsg: ConnectedState
D/WifiStateMachine( 1016): processMsg: L2ConnectedState
D/WifiStateMachine( 1016): handleMessage: X
D/CordovaLog(24260): file:///android_asset/www/js/app.js: Line 93 : success...
I/chromium(24260): [INFO:CONSOLE(93)] "success...", source: file:///android_asset/www/js/app.js (93)
D/WifiStateMachine( 1016): handleMessage: E msg.what=131155
D/WifiStateMachine( 1016): processMsg: ConnectedState
D/WifiStateMachine( 1016): processMsg: L2ConnectedState
D/WifiStateMachine( 1016): handleMessage: X
D/WifiStateMachine( 1016): handleMessage: E msg.what=151572
D/WifiStateMachine( 1016): processMsg: ConnectedState
D/WifiStateMachine( 1016): processMsg: L2ConnectedState
D/WifiStateMachine( 1016): handleMessage: X
D/CordovaLog(24260): file:///android_asset/www/js/ratchet.min.js: Line 10 : Uncaught SyntaxError: Failed to execute 'querySelector' on 'Document': '#friends/' is not a valid selector.
I/chromium(24260): [INFO:CONSOLE(10)] "Uncaught SyntaxError: Failed to execute 'querySelector' on 'Document': '#friends/' is not a valid selector.", source: file:///android_asset/www/js/ratchet.min.js (10)
D/ConnectPlugin(24260): activity result in plugin: requestCode(0), resultCode(0)
I/ActivityManager( 1016): START u0 {act=SSO_WITH_FALLBACK cmp=com.giftme.fb_auth/com.facebook.LoginActivity (has extras)} from pid 24260
D/CordovaActivity(24260): Paused the application!
D/CordovaWebView(24260): Handle the pause
W/ContextImpl( 1231): Calling a method in the system process without a qualified user: android.app.ContextImpl.sendBroadcast:1252 android.content.ContextWrapper.sendBroadcast:365 com.motorola.motocare.util.TriggerHelper$TriggerBuilder.send:76 com.motorola.motocare.internal.frameworkevents.PauseResumeTrigger.handleFrameworkEvent:53 com.motorola.motocare.internal.frameworkevents.FwEventMonitor$FrameworkListener.processFrameworkEvent:114 
W/ContextImpl( 1231): Calling a method in the system process without a qualified user: android.app.ContextImpl.sendBroadcast:1252 android.content.ContextWrapper.sendBroadcast:365 com.motorola.motocare.util.TriggerHelper$TriggerBuilder.send:76 com.motorola.motocare.internal.frameworkevents.PauseResumeTrigger.handleFrameworkEvent:53 com.motorola.motocare.internal.frameworkevents.FwEventMonitor$FrameworkListener.processFrameworkEvent:114 
D/WifiStateMachine( 1016): handleMessage: E msg.what=151572
D/WifiStateMachine( 1016): processMsg: ConnectedState
D/WifiStateMachine( 1016): processMsg: L2ConnectedState
W/PluginManager(24260): THREAD WARNING: exec() call to FacebookConnectPlugin.graphApi blocked the main thread for 85ms. Plugin should use CordovaInterface.getThreadPool().
D/WifiStateMachine( 1016): handleMessage: X
V/PhoneStatusBar( 1078): setLightsOn(true)
I/LaunchCheckinHandler( 1016): Displayed com.giftme.fb_auth/com.facebook.LoginActivity,wp,ca,143
I/ActivityManager( 1016): Displayed com.giftme.fb_auth/com.facebook.LoginActivity: +144ms
W/ContextImpl( 1231): Calling a method in the system process without a qualified user: android.app.ContextImpl.sendBroadcast:1252 android.content.ContextWrapper.sendBroadcast:365 com.motorola.motocare.util.TriggerHelper$TriggerBuilder.send:76 com.motorola.motocare.internal.frameworkevents.PauseResumeTrigger.handleFrameworkEvent:53 com.motorola.motocare.internal.frameworkevents.FwEventMonitor$FrameworkListener.processFrameworkEvent:114 
W/ContextImpl( 1231): Calling a method in the system process without a qualified user: android.app.ContextImpl.sendBroadcast:1252 android.content.ContextWrapper.sendBroadcast:365 com.motorola.motocare.util.TriggerHelper$TriggerBuilder.send:76 com.motorola.motocare.internal.frameworkevents.PauseResumeTrigger.handleFrameworkEvent:53 com.motorola.motocare.internal.frameworkevents.FwEventMonitor$FrameworkListener.processFrameworkEvent:114 
D/CordovaActivity(24260): Incoming Result. Request code = 64206
D/CordovaActivity(24260): We have a callback to send this result to
D/ConnectPlugin(24260): activity result in plugin: requestCode(64206), resultCode(-1)
D/CordovaActivity(24260): Resuming the App
V/PhoneStatusBar( 1078): setLightsOn(true)
I/ActivityManager( 1016): Process com.bambuna.podcastaddict (pid 10030) has died.
W/ActivityManager( 1016): Scheduling restart of crashed service com.bambuna.podcastaddict/.service.PodcastAddictService in 1000ms
I/SBar.NetworkController( 1078): onSignalStrengthsChanged SignalStrength: 12 0 -120 -160 -120 -1 -1 99 2147483647 2147483647 2147483647 2147483647 2147483647 gsm|lte 0 -108 -1 false 4 4 0 0 0 99 99 99 4 level=4
I/SBar.NetworkController( 1078): refreshSignalCluster: mobile: Signal=zz_moto_stat_sys_signal_4_fully_wide Roaming=(none) mSimIconId=(none) Accessibility="Phone signal full.","Not roaming.",""
D/WifiStateMachine( 1016): handleMessage: E msg.what=151572
D/WifiStateMachine( 1016): processMsg: ConnectedState
D/WifiStateMachine( 1016): processMsg: L2ConnectedState
D/WifiStateMachine( 1016): handleMessage: X
I/ActivityManager( 1016): Start proc com.bambuna.podcastaddict for service com.bambuna.podcastaddict/.service.PodcastAddictService: pid=24377 uid=10113 gids={50113, 3003, 1028, 1015, 3002}
I/Fabric  (24377): Initializing Crashlytics 2.0.0.15
E/cutils  (  261): Failed to mkdirat(/storage/sdcard1/Android): Read-only file system
W/Vold    (  261): Returning OperationFailed - no handler for errno 30
W/ContextImpl(24377): Failed to ensure directory: /storage/sdcard1/Android/data/com.bambuna.podcastaddict/files
W/ServerHelper(24377): sendServerDataAsync()
E/PodcastAddictService(24377): starting service: #11
D/WifiStateMachine( 1016): handleMessage: E msg.what=131155
D/WifiStateMachine( 1016): processMsg: ConnectedState
D/WifiStateMachine( 1016): processMsg: L2ConnectedState
D/WifiStateMachine( 1016): handleMessage: X
I/CleanupHelper(24377): setupAutoTrashCleanerService()
W/GAV2    (24377): Thread[z,1,main]: Need to call initialize() and be in fallback mode to start dispatch.
W/GAV2    (24377): Thread[z,1,main]: dispatch call queued.  Need to call GAServiceManager.getInstance().initialize().
D/WifiStateMachine( 1016): handleMessage: E msg.what=151572
D/WifiStateMachine( 1016): processMsg: ConnectedState
D/WifiStateMachine( 1016): processMsg: L2ConnectedState
D/WifiStateMachine( 1016): handleMessage: X
D/CordovaWebView(24260): The current URL is: file:///android_asset/www/index.html#friends/
D/CordovaWebView(24260): The URL at item 0 is: file:///android_asset/www/index.html
I/SFPerfTracer(  278):      triggers: (rate: 617:20953) (compose: 0:80) (post: 0:3) (render: 54:4876) (0:337531 frames) (1:1020660)
D/SFPerfTracer(  278):        layers: (3:10) (DimLayer: 0:200)* (DimLayer: 0:189)* (FocusedStackFrame: 0:7877)* (StatusBar: 0:78627) (NavigationBar: 1:55457) (DimLayer: 0:13480)* (DimLayer: 0:1568)* (com.android.wallpaper.fall.FallWallpaper: 0:87488)* (com.giftme.fb_auth/com.giftme.fb_auth.FB_Auth: 0:40) (com.giftme.fb_auth/com.facebook.LoginActivity: 0:29)* 
D/WifiStateMachine( 1016): handleMessage: E msg.what=151572
D/WifiStateMachine( 1016): processMsg: ConnectedState
D/WifiStateMachine( 1016): processMsg: L2ConnectedState
D/WifiStateMachine( 1016): handleMessage: X
D/CordovaWebView(24260): The current URL is: file:///android_asset/www/index.html
D/CordovaWebView(24260): The URL at item 0 is: file:///android_asset/www/index.html
I/SFPerfTracer(  278):      triggers: (rate: 321:192739) (245039 sw vsyncs) (420237 skipped) (36:1122937 vsyncs) (38:1501494)
D/CordovaActivity(24260): Paused the application!
D/CordovaWebView(24260): Handle the pause
W/ContextImpl( 1231): Calling a method in the system process without a qualified user: android.app.ContextImpl.sendBroadcast:1252 android.content.ContextWrapper.sendBroadcast:365 com.motorola.motocare.util.TriggerHelper$TriggerBuilder.send:76 com.motorola.motocare.internal.frameworkevents.PauseResumeTrigger.handleFrameworkEvent:53 com.motorola.motocare.internal.frameworkevents.FwEventMonitor$FrameworkListener.processFrameworkEvent:114 
W/ContextImpl( 1231): Calling a method in the system process without a qualified user: android.app.ContextImpl.sendBroadcast:1252 android.content.ContextWrapper.sendBroadcast:365 com.motorola.motocare.util.TriggerHelper$TriggerBuilder.send:76 com.motorola.motocare.internal.frameworkevents.PauseResumeTrigger.handleFrameworkEvent:53 com.motorola.motocare.internal.frameworkevents.FwEventMonitor$FrameworkListener.processFrameworkEvent:114 
I/Adreno-EGL(15991): <qeglDrvAPI_eglInitialize:410>: EGL 1.4 QUALCOMM build: AU_LINUX_ANDROID_LNX.LA.3.5.1_RB1.04.04.02.048.018_msm8226_LNX.LA.3.5.1_RB1__release_AU ()
I/Adreno-EGL(15991): OpenGL ES Shader Compiler Version: E031.24.00.08
I/Adreno-EGL(15991): Build Date: 03/07/14 Fri
I/Adreno-EGL(15991): Local Branch: 
I/Adreno-EGL(15991): Remote Branch: quic/LNX.LA.3.5.1_RB1.1
I/Adreno-EGL(15991): Local Patches: NONE
I/Adreno-EGL(15991): Reconstruct Branch: AU_LINUX_ANDROID_LNX.LA.3.5.1_RB1.04.04.02.048.018 + f2fd134 +  NOTHING
W/IInputConnectionWrapper(24260): showStatusIcon on inactive InputConnection
V/RenderScript(15991): 0x621ed1f0 Launching thread(s), CPUs 4
D/WifiStateMachine( 1016): handleMessage: E msg.what=151572
D/WifiStateMachine( 1016): processMsg: ConnectedState
D/WifiStateMachine( 1016): processMsg: L2ConnectedState
D/WifiStateMachine( 1016): handleMessage: X
W/ManagedEGLContext(24260): doTerminate failed: EGL count is 2 but managed count is 1
D/CordovaActivity(24260): CordovaActivity.onDestroy()
D/CordovaWebView(24260): >>> loadUrlNow()
D/CordovaWebViewClient(24260): onPageFinished(about:blank)
D/CordovaActivity(24260): onMessage(onPageFinished,about:blank)
D/CordovaActivity(24260): onMessage(exit,null)
I/ActivityManager( 1016): Process com.giftme.fb_auth (pid 24260) has died.
D/WifiStateMachine( 1016): handleMessage: E msg.what=131155
D/WifiStateMachine( 1016): processMsg: ConnectedState
D/WifiStateMachine( 1016): processMsg: L2ConnectedState
D/WifiStateMachine( 1016): handleMessage: X
D/WifiStateMachine( 1016): handleMessage: E msg.what=151572
D/WifiStateMachine( 1016): processMsg: ConnectedState
D/WifiStateMachine( 1016): processMsg: L2ConnectedState
D/WifiStateMachine( 1016): handleMessage: X
D/WifiStateMachine( 1016): handleMessage: E msg.what=151572
D/WifiStateMachine( 1016): processMsg: ConnectedState
D/WifiStateMachine( 1016): processMsg: L2ConnectedState
D/WifiStateMachine( 1016): handleMessage: X
W/ContextImpl(24377): Implicit intents with startService are not safe: Intent { act=com.google.android.gms.analytics.service.START (has extras) } android.content.ContextWrapper.bindService:517 com.google.analytics.tracking.android.AnalyticsGmsCoreClient.b:82 com.google.analytics.tracking.android.GAServiceProxy.j:279 
I/GAV2    (24377): Thread[GAThread,1,main]: No campaign data found.
D/WifiStateMachine( 1016): handleMessage: E msg.what=151572
D/WifiStateMachine( 1016): processMsg: ConnectedState
D/WifiStateMachine( 1016): processMsg: L2ConnectedState
D/WifiStateMachine( 1016): handleMessage: X
D/Ulp_jni ( 1016): Location CB invoked
I/SFPerfTracer(  278):      triggers: (rate: 617:20953) (compose: 0:80) (post: 0:3) (render: 54:4876) (0:337559 frames) (1:1020760)
D/SFPerfTracer(  278):        layers: (4:10) (DimLayer: 0:200)* (DimLayer: 0:189)* (FocusedStackFrame: 0:7881)* (StatusBar: 0:78648) (NavigationBar: 0:55495) (DimLayer: 0:13480)* (DimLayer: 0:1568)* (com.android.wallpaper.fall.FallWallpaper: 1:87551) (com.giftme.fb_auth/com.giftme.fb_auth.FB_Auth: 0:64)* (com.android.launcher/com.android.launcher2.Launcher: 0:11) 
D/WifiStateMachine( 1016): handleMessage: E msg.what=131155
D/WifiStateMachine( 1016): processMsg: ConnectedState
D/WifiStateMachine( 1016): processMsg: L2ConnectedState
D/WifiStateMachine( 1016): handleMessage: X
D/WifiStateMachine( 1016): handleMessage: E msg.what=151572
D/WifiStateMachine( 1016): processMsg: ConnectedState
D/WifiStateMachine( 1016): processMsg: L2ConnectedState
D/WifiStateMachine( 1016): handleMessage: X
I/SBar.NetworkController( 1078): onSignalStrengthsChanged SignalStrength: 11 0 -120 -160 -120 -1 -1 99 2147483647 2147483647 2147483647 2147483647 2147483647 gsm|lte 0 -108 -1 false 3 3 0 0 0 99 99 99 4 level=3
D/WifiService( 1016): acquireWifiLockLocked: WifiLock{NlpWifiLock type=2 binder=android.os.BinderProxy@434f8fa8}
D/dalvikvm( 1016): JIT code cache reset in 3 ms (1535948 bytes 62/0)
D/dalvikvm( 1016): GC_EXPLICIT freed 1896K, 33% free 28048K/41736K, paused 4ms+22ms, total 166ms
D/WifiService( 1016): releaseWifiLockLocked: WifiLock{NlpWifiLock type=2 binder=android.os.BinderProxy@434f8fa8}
D/WifiStateMachine( 1016): handleMessage: E msg.what=151572
D/WifiStateMachine( 1016): processMsg: ConnectedState
D/WifiStateMachine( 1016): processMsg: L2ConnectedState
D/WifiStateMachine( 1016): handleMessage: X
D/WifiStateMachine( 1016): handleMessage: E msg.what=151572
D/WifiStateMachine( 1016): processMsg: ConnectedState
D/WifiStateMachine( 1016): processMsg: L2ConnectedState
D/WifiStateMachine( 1016): handleMessage: X
D/WifiStateMachine( 1016): handleMessage: E msg.what=131155
D/WifiStateMachine( 1016): processMsg: ConnectedState
D/WifiStateMachine( 1016): processMsg: L2ConnectedState
D/WifiStateMachine( 1016): handleMessage: X
D/WifiStateMachine( 1016): handleMessage: E msg.what=151572
D/WifiStateMachine( 1016): processMsg: ConnectedState
D/WifiStateMachine( 1016): processMsg: L2ConnectedState
D/WifiStateMachine( 1016): handleMessage: X
I/SBar.NetworkController( 1078): onSignalStrengthsChanged SignalStrength: 7 0 -120 -160 -120 -1 -1 99 2147483647 2147483647 2147483647 2147483647 2147483647 gsm|lte 0 -108 -1 false 2 2 0 0 0 99 99 99 4 level=2
V/AlarmManager( 1016): sending alarm Alarm{4392f878 type 2 com.google.android.gms}
D/GCM     (31791): Message class com.google.f.a.a.i
D/WifiStateMachine( 1016): handleMessage: E msg.what=151572
D/WifiStateMachine( 1016): processMsg: ConnectedState
D/WifiStateMachine( 1016): processMsg: L2ConnectedState
D/WifiStateMachine( 1016): handleMessage: X
D/ConnectivityService( 1016): handleInetConditionHoldEnd: net=1, condition=100, published condition=100
I/ModemStatsDSDetect( 1279): onReceive() -Intent { act=android.net.conn.INET_CONDITION_ACTION flg=0x4000010 (has extras) }
I/SBar.NetworkController( 1078): onReceive: ConnectivityManager.INET_CONDITION_ACTION Received
I/ModemStatsDSDetect( 1279): INET_CONDITION=100 ,activeNet=NetworkInfo: type: WIFI[], state: CONNECTED/CONNECTED, reason: (unspecified), extra: "Moulin Rouge", roaming: false, failover: false, isAvailable: true, isConnectedToProvisioningNetwork: false
I/ModemStatsDSDetect( 1279): onReceive() - done, currentInetCondition=100
I/SBar.NetworkController( 1078): updateConnectivity: NetworkInfo: NetworkInfo: type: WIFI[], state: CONNECTED/CONNECTED, reason: (unspecified), extra: "Moulin Rouge", roaming: false, failover: false, isAvailable: true, isConnectedToProvisioningNetwork: false, inetCondition= 1
D/WifiStateMachine( 1016): handleMessage: E msg.what=151572
D/WifiStateMachine( 1016): processMsg: ConnectedState
D/WifiStateMachine( 1016): processMsg: L2ConnectedState
D/WifiStateMachine( 1016): handleMessage: X
I/SFPerfTracer(  278):      triggers: (rate: 617:20953) (compose: 0:80) (post: 0:3) (render: 54:4876) (0:337559 frames) (1:1020860)
D/SFPerfTracer(  278):        layers: (4:9) (DimLayer: 0:200)* (DimLayer: 0:189)* (FocusedStackFrame: 0:7881)* (StatusBar: 0:78656) (NavigationBar: 0:55495) (DimLayer: 0:13480)* (DimLayer: 0:1568)* (com.android.wallpaper.fall.FallWallpaper: 1:87644) (com.android.launcher/com.android.launcher2.Launcher: 0:11) 
D/WifiStateMachine( 1016): handleMessage: E msg.what=131155
D/WifiStateMachine( 1016): processMsg: ConnectedState
D/WifiStateMachine( 1016): processMsg: L2ConnectedState
D/WifiStateMachine( 1016): handleMessage: X
D/WifiStateMachine( 1016): handleMessage: E msg.what=151572
D/WifiStateMachine( 1016): processMsg: ConnectedState
D/WifiStateMachine( 1016): processMsg: L2ConnectedState
D/WifiStateMachine( 1016): handleMessage: X
D/WifiStateMachine( 1016): handleMessage: E msg.what=151572
D/WifiStateMachine( 1016): processMsg: ConnectedState
D/WifiStateMachine( 1016): processMsg: L2ConnectedState
D/WifiStateMachine( 1016): handleMessage: X
D/WifiStateMachine( 1016): handleMessage: E msg.what=151572
D/WifiStateMachine( 1016): processMsg: ConnectedState
D/WifiStateMachine( 1016): processMsg: L2ConnectedState
D/WifiStateMachine( 1016): handleMessage: X
D/WifiStateMachine( 1016): handleMessage: E msg.what=131155
D/WifiStateMachine( 1016): processMsg: ConnectedState
D/WifiStateMachine( 1016): processMsg: L2ConnectedState
D/WifiStateMachine( 1016): handleMessage: X
D/WifiStateMachine( 1016): handleMessage: E msg.what=151572
D/WifiStateMachine( 1016): processMsg: ConnectedState
D/WifiStateMachine( 1016): processMsg: L2ConnectedState
D/WifiStateMachine( 1016): handleMessage: X
D/dalvikvm( 1078): GC_EXPLICIT freed 1716K, 30% free 13384K/19088K, paused 2ms+5ms, total 92ms
D/Ulp_jni ( 1016): Location CB invoked
D/WifiStateMachine( 1016): handleMessage: E msg.what=151572
D/WifiStateMachine( 1016): processMsg: ConnectedState
D/WifiStateMachine( 1016): processMsg: L2ConnectedState
D/WifiStateMachine( 1016): handleMessage: X
I/wpa_supplicant( 1178): wlan0: WPA: Group rekeying completed with 70:54:d2:ae:26:93 [GTK=TKIP]
D/MDMCTBK (  276): reply_len: 40 reply is = IFNAME=wlan0 <3>CTRL-EVENT-STATE-CHANGE 
D/MDMCTBK (  276): Event received = CTRL-EVENT-STATE-CHANGE 
D/MDMCTBK (  276): reply_len: 40 reply is = IFNAME=wlan0 <3>WPA: Group rekeying comp
D/MDMCTBK (  276): Event received = WPA: Group rekeying comp
D/MDMCTBK (  276): reply_len: 40 reply is = IFNAME=wlan0 <3>CTRL-EVENT-STATE-CHANGE 
D/MDMCTBK (  276): Event received = CTRL-EVENT-STATE-CHANGE 
D/WifiStateMachine( 1016): handleMessage: E msg.what=147462
D/WifiStateMachine( 1016): processMsg: ConnectedState
D/WifiStateMachine( 1016): processMsg: L2ConnectedState
D/WifiStateMachine( 1016): processMsg: ConnectModeState
D/WifiStateMachine( 1016): handleMessage: X
D/WifiStateMachine( 1016): handleMessage: E msg.what=147462
D/WifiStateMachine( 1016): processMsg: ConnectedState
D/WifiStateMachine( 1016): processMsg: L2ConnectedState
D/WifiStateMachine( 1016): processMsg: ConnectModeState
D/WifiStateMachine( 1016): handleMessage: X
D/dalvikvm( 1231): GC_CONCURRENT freed 1936K, 46% free 9415K/17224K, paused 2ms+2ms, total 34ms
I/SBar.NetworkController( 1078): onSignalStrengthsChanged SignalStrength: 4 0 -120 -160 -120 -1 -1 99 2147483647 2147483647 2147483647 2147483647 2147483647 gsm|lte 0 -108 -1 false 1 1 0 0 0 99 99 99 4 level=1
I/SBar.NetworkController( 1078): refreshSignalCluster: mobile: Signal=zz_moto_stat_sys_signal_3_fully_wide Roaming=(none) mSimIconId=(none) Accessibility="Phone three bars.","Not roaming.",""
D/WifiStateMachine( 1016): handleMessage: E msg.what=151572
D/WifiStateMachine( 1016): processMsg: ConnectedState
D/WifiStateMachine( 1016): processMsg: L2ConnectedState
D/WifiStateMachine( 1016): handleMessage: X
W/ContextImpl( 1231): Calling a method in the system process without a qualified user: android.app.ContextImpl.sendBroadcast:1252 android.content.ContextWrapper.sendBroadcast:365 com.motorola.motocare.util.TriggerHelper$TriggerBuilder.send:76 com.motorola.motocare.internal.frameworkevents.ProcessKillTrigger.sendTrigger:147 com.motorola.motocare.internal.frameworkevents.ProcessKillTrigger.handleLmkKill:337 
W/ContextImpl( 1231): Calling a method in the system process without a qualified user: android.app.ContextImpl.sendBroadcast:1252 android.content.ContextWrapper.sendBroadcast:365 com.motorola.motocare.util.TriggerHelper$TriggerBuilder.send:76 com.motorola.motocare.internal.frameworkevents.ProcessKillTrigger.sendTrigger:147 com.motorola.motocare.internal.frameworkevents.ProcessKillTrigger.handleLmkKill:337 
W/ContextImpl( 1231): Calling a method in the system process without a qualified user: android.app.ContextImpl.sendBroadcast:1252 android.content.ContextWrapper.sendBroadcast:365 com.motorola.motocare.util.TriggerHelper$TriggerBuilder.send:76 com.motorola.motocare.internal.frameworkevents.ProcessKillTrigger.sendTrigger:147 com.motorola.motocare.internal.frameworkevents.ProcessKillTrigger.handleLmkKill:337 
W/ContextImpl( 1231): Calling a method in the system process without a qualified user: android.app.ContextImpl.sendBroadcast:1252 android.content.ContextWrapper.sendBroadcast:365 com.motorola.motocare.util.TriggerHelper$TriggerBuilder.send:76 com.motorola.motocare.internal.frameworkevents.ProcessKillTrigger.sendTrigger:147 com.motorola.motocare.internal.frameworkevents.ProcessKillTrigger.handleLmkKill:337 
W/ContextImpl( 1231): Calling a method in the system process without a qualified user: android.app.ContextImpl.sendBroadcast:1252 android.content.ContextWrapper.sendBroadcast:365 com.motorola.motocare.util.TriggerHelper$TriggerBuilder.send:76 com.motorola.motocare.internal.frameworkevents.ProcessKillTrigger.sendTrigger:147 com.motorola.motocare.internal.frameworkevents.ProcessKillTrigger.handleLmkKill:337 
W/ContextImpl( 1231): Calling a method in the system process without a qualified user: android.app.ContextImpl.sendBroadcast:1252 android.content.ContextWrapper.sendBroadcast:365 com.motorola.motocare.util.TriggerHelper$TriggerBuilder.send:76 com.motorola.motocare.internal.frameworkevents.ProcessKillTrigger.sendTrigger:147 com.motorola.motocare.internal.frameworkevents.ProcessKillTrigger.handleLmkKill:337 
W/ContextImpl( 1231): Calling a method in the system process without a qualified user: android.app.ContextImpl.sendBroadcast:1252 android.content.ContextWrapper.sendBroadcast:365 com.motorola.motocare.util.TriggerHelper$TriggerBuilder.send:76 com.motorola.motocare.internal.frameworkevents.ProcessKillTrigger.sendTrigger:147 com.motorola.motocare.internal.frameworkevents.ProcessKillTrigger.handleLmkKill:337 
W/ContextImpl( 1231): Calling a method in the system process without a qualified user: android.app.ContextImpl.sendBroadcast:1252 android.content.ContextWrapper.sendBroadcast:365 com.motorola.motocare.util.TriggerHelper$TriggerBuilder.send:76 com.motorola.motocare.internal.frameworkevents.ProcessKillTrigger.sendTrigger:147 com.motorola.motocare.internal.frameworkevents.ProcessKillTrigger.handleLmkKill:337 
W/ContextImpl( 1231): Calling a method in the system process without a qualified user: android.app.ContextImpl.sendBroadcast:1252 android.content.ContextWrapper.sendBroadcast:365 com.motorola.motocare.util.TriggerHelper$TriggerBuilder.send:76 com.motorola.motocare.internal.frameworkevents.ProcessKillTrigger.sendTrigger:147 com.motorola.motocare.internal.frameworkevents.ProcessKillTrigger.handleLmkKill:337 
W/ContextImpl( 1231): Calling a method in the system process without a qualified user: android.app.ContextImpl.sendBroadcast:1252 android.content.ContextWrapper.sendBroadcast:365 com.motorola.motocare.util.TriggerHelper$TriggerBuilder.send:76 com.motorola.motocare.internal.frameworkevents.ProcessKillTrigger.sendTrigger:147 com.motorola.motocare.internal.frameworkevents.ProcessKillTrigger.handleLmkKill:337 
W/ContextImpl( 1231): Calling a method in the system process without a qualified user: android.app.ContextImpl.sendBroadcast:1252 android.content.ContextWrapper.sendBroadcast:365 com.motorola.motocare.util.TriggerHelper$TriggerBuilder.send:76 com.motorola.motocare.internal.frameworkevents.ProcessKillTrigger.sendTrigger:147 com.motorola.motocare.internal.frameworkevents.ProcessKillTrigger.handleLmkKill:337 
W/ContextImpl( 1231): Calling a method in the system process without a qualified user: android.app.ContextImpl.sendBroadcast:1252 android.content.ContextWrapper.sendBroadcast:365 com.motorola.motocare.util.TriggerHelper$TriggerBuilder.send:76 com.motorola.motocare.internal.frameworkevents.ProcessKillTrigger.sendTrigger:147 com.motorola.motocare.internal.frameworkevents.ProcessKillTrigger.handleLmkKill:337 
W/ContextImpl( 1231): Calling a method in the system process without a qualified user: android.app.ContextImpl.sendBroadcast:1252 android.content.ContextWrapper.sendBroadcast:365 com.motorola.motocare.util.TriggerHelper$TriggerBuilder.send:76 com.motorola.motocare.internal.frameworkevents.ProcessKillTrigger.sendTrigger:147 com.motorola.motocare.internal.frameworkevents.ProcessKillTrigger.handleLmkKill:337 
W/ContextImpl( 1231): Calling a method in the system process without a qualified user: android.app.ContextImpl.sendBroadcast:1252 android.content.ContextWrapper.sendBroadcast:365 com.motorola.motocare.util.TriggerHelper$TriggerBuilder.send:76 com.motorola.motocare.internal.frameworkevents.ProcessKillTrigger.sendTrigger:147 com.motorola.motocare.internal.frameworkevents.ProcessKillTrigger.handleLmkKill:337 
W/ContextImpl( 1231): Calling a method in the system process without a qualified user: android.app.ContextImpl.sendBroadcast:1252 android.content.ContextWrapper.sendBroadcast:365 com.motorola.motocare.util.TriggerHelper$TriggerBuilder.send:76 com.motorola.motocare.internal.frameworkevents.ProcessKillTrigger.sendTrigger:147 com.motorola.motocare.internal.frameworkevents.ProcessKillTrigger.handleLmkKill:337 
W/ContextImpl( 1231): Calling a method in the system process without a qualified user: android.app.ContextImpl.sendBroadcast:1252 android.content.ContextWrapper.sendBroadcast:365 com.motorola.motocare.util.TriggerHelper$TriggerBuilder.send:76 com.motorola.motocare.internal.frameworkevents.ProcessKillTrigger.sendTrigger:147 com.motorola.motocare.internal.frameworkevents.ProcessKillTrigger.handleLmkKill:337 
W/ContextImpl( 1231): Calling a method in the system process without a qualified user: android.app.ContextImpl.sendBroadcast:1252 android.content.ContextWrapper.sendBroadcast:365 com.motorola.motocare.util.TriggerHelper$TriggerBuilder.send:76 com.motorola.motocare.internal.frameworkevents.ProcessKillTrigger.sendTrigger:147 com.motorola.motocare.internal.frameworkevents.ProcessKillTrigger.handleLmkKill:337 
W/ContextImpl( 1231): Calling a method in the system process without a qualified user: android.app.ContextImpl.sendBroadcast:1252 android.content.ContextWrapper.sendBroadcast:365 com.motorola.motocare.util.TriggerHelper$TriggerBuilder.send:76 com.motorola.motocare.internal.frameworkevents.ProcessKillTrigger.sendTrigger:147 com.motorola.motocare.internal.frameworkevents.ProcessKillTrigger.handleLmkKill:337 
W/ContextImpl( 1231): Calling a method in the system process without a qualified user: android.app.ContextImpl.sendBroadcast:1252 android.content.ContextWrapper.sendBroadcast:365 com.motorola.motocare.util.TriggerHelper$TriggerBuilder.send:76 com.motorola.motocare.internal.frameworkevents.ProcessKillTrigger.sendTrigger:147 com.motorola.motocare.internal.frameworkevents.ProcessKillTrigger.handleLmkKill:337 
W/ContextImpl( 1231): Calling a method in the system process without a qualified user: android.app.ContextImpl.sendBroadcast:1252 android.content.ContextWrapper.sendBroadcast:365 com.motorola.motocare.util.TriggerHelper$TriggerBuilder.send:76 com.motorola.motocare.internal.frameworkevents.ProcessKillTrigger.sendTrigger:147 com.motorola.motocare.internal.frameworkevents.ProcessKillTrigger.handleLmkKill:337 
W/ContextImpl( 1231): Calling a method in the system process without a qualified user: android.app.ContextImpl.sendBroadcast:1252 android.content.ContextWrapper.sendBroadcast:365 com.motorola.motocare.util.TriggerHelper$TriggerBuilder.send:76 com.motorola.motocare.internal.frameworkevents.ProcessKillTrigger.sendTrigger:147 com.motorola.motocare.internal.frameworkevents.ProcessKillTrigger.handleLmkKill:337 
W/ContextImpl( 1231): Calling a method in the system process without a qualified user: android.app.ContextImpl.sendBroadcast:1252 android.content.ContextWrapper.sendBroadcast:365 com.motorola.motocare.util.TriggerHelper$TriggerBuilder.send:76 com.motorola.motocare.internal.frameworkevents.ProcessKillTrigger.sendTrigger:147 com.motorola.motocare.internal.frameworkevents.ProcessKillTrigger.handleLmkKill:337 
W/ContextImpl( 1231): Calling a method in the system process without a qualified user: android.app.ContextImpl.sendBroadcast:1252 android.content.ContextWrapper.sendBroadcast:365 com.motorola.motocare.util.TriggerHelper$TriggerBuilder.send:76 com.motorola.motocare.internal.frameworkevents.ProcessKillTrigger.sendTrigger:147 com.motorola.motocare.internal.frameworkevents.ProcessKillTrigger.handleLmkKill:337 
W/ContextImpl( 1231): Calling a method in the system process without a qualified user: android.app.ContextImpl.sendBroadcast:1252 android.content.ContextWrapper.sendBroadcast:365 com.motorola.motocare.util.TriggerHelper$TriggerBuilder.send:76 com.motorola.motocare.internal.frameworkevents.ProcessKillTrigger.sendTrigger:147 com.motorola.motocare.internal.frameworkevents.ProcessKillTrigger.handleLmkKill:337 
W/ContextImpl( 1231): Calling a method in the system process without a qualified user: android.app.ContextImpl.sendBroadcast:1252 android.content.ContextWrapper.sendBroadcast:365 com.motorola.motocare.util.TriggerHelper$TriggerBuilder.send:76 com.motorola.motocare.internal.frameworkevents.ProcessKillTrigger.sendTrigger:147 com.motorola.motocare.internal.frameworkevents.ProcessKillTrigger.handleLmkKill:337 
W/ContextImpl( 1231): Calling a method in the system process without a qualified user: android.app.ContextImpl.sendBroadcast:1252 android.content.ContextWrapper.sendBroadcast:365 com.motorola.motocare.util.TriggerHelper$TriggerBuilder.send:76 com.motorola.motocare.internal.frameworkevents.ProcessKillTrigger.sendTrigger:147 com.motorola.motocare.internal.frameworkevents.ProcessKillTrigger.handleLmkKill:337 
W/ContextImpl( 1231): Calling a method in the system process without a qualified user: android.app.ContextImpl.sendBroadcast:1252 android.content.ContextWrapper.sendBroadcast:365 com.motorola.motocare.util.TriggerHelper$TriggerBuilder.send:76 com.motorola.motocare.internal.frameworkevents.ProcessKillTrigger.sendTrigger:147 com.motorola.motocare.internal.frameworkevents.ProcessKillTrigger.handleLmkKill:337 
W/ContextImpl( 1231): Calling a method in the system process without a qualified user: android.app.ContextImpl.sendBroadcast:1252 android.content.ContextWrapper.sendBroadcast:365 com.motorola.motocare.util.TriggerHelper$TriggerBuilder.send:76 com.motorola.motocare.internal.frameworkevents.ProcessKillTrigger.sendTrigger:147 com.motorola.motocare.internal.frameworkevents.ProcessKillTrigger.handleLmkKill:337 
W/ContextImpl( 1231): Calling a method in the system process without a qualified user: android.app.ContextImpl.sendBroadcast:1252 android.content.ContextWrapper.sendBroadcast:365 com.motorola.motocare.util.TriggerHelper$TriggerBuilder.send:76 com.motorola.motocare.internal.frameworkevents.ProcessKillTrigger.sendTrigger:147 com.motorola.motocare.internal.frameworkevents.ProcessKillTrigger.handleLmkKill:337 
W/ContextImpl( 1231): Calling a method in the system process without a qualified user: android.app.ContextImpl.sendBroadcast:1252 android.content.ContextWrapper.sendBroadcast:365 com.motorola.motocare.util.TriggerHelper$TriggerBuilder.send:76 com.motorola.motocare.internal.frameworkevents.ProcessKillTrigger.sendTrigger:147 com.motorola.motocare.internal.frameworkevents.ProcessKillTrigger.handleLmkKill:337 
W/ContextImpl( 1231): Calling a method in the system process without a qualified user: android.app.ContextImpl.sendBroadcast:1252 android.content.ContextWrapper.sendBroadcast:365 com.motorola.motocare.util.TriggerHelper$TriggerBuilder.send:76 com.motorola.motocare.internal.frameworkevents.ProcessKillTrigger.sendTrigger:147 com.motorola.motocare.internal.frameworkevents.ProcessKillTrigger.handleLmkKill:337 
W/ContextImpl( 1231): Calling a method in the system process without a qualified user: android.app.ContextImpl.sendBroadcast:1252 android.content.ContextWrapper.sendBroadcast:365 com.motorola.motocare.util.TriggerHelper$TriggerBuilder.send:76 com.motorola.motocare.internal.frameworkevents.ProcessKillTrigger.sendTrigger:147 com.motorola.motocare.internal.frameworkevents.ProcessKillTrigger.handleLmkKill:337 
W/ContextImpl( 1231): Calling a method in the system process without a qualified user: android.app.ContextImpl.sendBroadcast:1252 android.content.ContextWrapper.sendBroadcast:365 com.motorola.motocare.util.TriggerHelper$TriggerBuilder.send:76 com.motorola.motocare.internal.frameworkevents.ProcessKillTrigger.sendTrigger:147 com.motorola.motocare.internal.frameworkevents.ProcessKillTrigger.handleLmkKill:337 
D/dalvikvm( 1231): GC_EXPLICIT freed 1176K, 46% free 9396K/17224K, paused 2ms+3ms, total 24ms
D/WifiStateMachine( 1016): handleMessage: E msg.what=131155
D/WifiStateMachine( 1016): processMsg: ConnectedState
D/WifiStateMachine( 1016): processMsg: L2ConnectedState
D/WifiStateMachine( 1016): handleMessage: X
D/WifiStateMachine( 1016): handleMessage: E msg.what=151572
D/WifiStateMachine( 1016): processMsg: ConnectedState
D/WifiStateMachine( 1016): processMsg: L2ConnectedState
D/WifiStateMachine( 1016): handleMessage: X
I/SFPerfTracer(  278):      triggers: (rate: 617:20953) (compose: 0:80) (post: 0:3) (render: 54:4876) (0:337559 frames) (1:1020960)
D/SFPerfTracer(  278):        layers: (4:9) (DimLayer: 0:200)* (DimLayer: 0:189)* (FocusedStackFrame: 0:7881)* (StatusBar: 0:78663) (NavigationBar: 0:55495) (DimLayer: 0:13480)* (DimLayer: 0:1568)* (com.android.wallpaper.fall.FallWallpaper: 1:87740) (com.android.launcher/com.android.launcher2.Launcher: 0:11) 
D/WifiStateMachine( 1016): handleMessage: E msg.what=151572
D/WifiStateMachine( 1016): processMsg: ConnectedState
D/WifiStateMachine( 1016): processMsg: L2ConnectedState
D/WifiStateMachine( 1016): handleMessage: X
D/WifiStateMachine( 1016): handleMessage: E msg.what=151572
D/WifiStateMachine( 1016): processMsg: ConnectedState
D/WifiStateMachine( 1016): processMsg: L2ConnectedState
D/WifiStateMachine( 1016): handleMessage: X
D/WifiStateMachine( 1016): handleMessage: E msg.what=131155
D/WifiStateMachine( 1016): processMsg: ConnectedState
D/WifiStateMachine( 1016): processMsg: L2ConnectedState
D/WifiStateMachine( 1016): handleMessage: X
D/WifiStateMachine( 1016): handleMessage: E msg.what=151572
D/WifiStateMachine( 1016): processMsg: ConnectedState
D/WifiStateMachine( 1016): processMsg: L2ConnectedState
D/WifiStateMachine( 1016): handleMessage: X
I/SBar.NetworkController( 1078): refreshSignalCluster: mobile: Signal=zz_moto_stat_sys_signal_2_fully_wide Roaming=(none) mSimIconId=(none) Accessibility="Phone two bars.","Not roaming.",""
V/AlarmManager( 1016): sending alarm Alarm{437bbdd0 type 3 android}
D/WifiStateMachine( 1016): handleMessage: E msg.what=151572
D/WifiStateMachine( 1016): processMsg: ConnectedState
D/WifiStateMachine( 1016): processMsg: L2ConnectedState
D/WifiStateMachine( 1016): handleMessage: X
D/WifiStateMachine( 1016): handleMessage: E msg.what=151572
D/WifiStateMachine( 1016): processMsg: ConnectedState
D/WifiStateMachine( 1016): processMsg: L2ConnectedState
D/WifiStateMachine( 1016): handleMessage: X
D/WifiStateMachine( 1016): handleMessage: E msg.what=131155
D/WifiStateMachine( 1016): processMsg: ConnectedState
D/WifiStateMachine( 1016): processMsg: L2ConnectedState
D/WifiStateMachine( 1016): handleMessage: X
D/WifiStateMachine( 1016): handleMessage: E msg.what=151572
D/WifiStateMachine( 1016): processMsg: ConnectedState
D/WifiStateMachine( 1016): processMsg: L2ConnectedState
D/WifiStateMachine( 1016): handleMessage: X
I/ActivityManager( 1016): START u0 {act=android.intent.action.MAIN cat=[android.intent.category.LAUNCHER] flg=0x10200000 cmp=com.giftme.fb_auth/.FB_Auth bnds=[360,385][520,585]} from pid 15991
W/ContextImpl( 1231): Calling a method in the system process without a qualified user: android.app.ContextImpl.sendBroadcast:1252 android.content.ContextWrapper.sendBroadcast:365 com.motorola.motocare.util.TriggerHelper$TriggerBuilder.send:76 com.motorola.motocare.internal.frameworkevents.PauseResumeTrigger.handleFrameworkEvent:53 com.motorola.motocare.internal.frameworkevents.FwEventMonitor$FrameworkListener.processFrameworkEvent:114 
I/ActivityManager( 1016): Start proc com.giftme.fb_auth for activity com.giftme.fb_auth/.FB_Auth: pid=24527 uid=10106 gids={50106, 3003, 1028, 1015}
I/dalvikvm(24527): Enabling JNI app bug workarounds for target SDK version 7...
I/SFPerfTracer(  278):      triggers: (rate: 617:20953) (compose: 0:80) (post: 0:3) (render: 54:4876) (0:337559 frames) (1:1021060)
D/SFPerfTracer(  278):        layers: (4:10) (DimLayer: 0:200)* (DimLayer: 0:189)* (FocusedStackFrame: 1:7882)* (StatusBar: 0:78668) (NavigationBar: 0:55495) (DimLayer: 0:13480)* (DimLayer: 0:1568)* (com.android.wallpaper.fall.FallWallpaper: 0:87835) (com.android.launcher/com.android.launcher2.Launcher: 0:12) (Starting com.giftme.fb_auth: 0:1)* 
W/ContextImpl( 1231): Calling a method in the system process without a qualified user: android.app.ContextImpl.sendBroadcast:1252 android.content.ContextWrapper.sendBroadcast:365 com.motorola.motocare.util.TriggerHelper$TriggerBuilder.send:76 com.motorola.motocare.internal.frameworkevents.PauseResumeTrigger.handleFrameworkEvent:53 com.motorola.motocare.internal.frameworkevents.FwEventMonitor$FrameworkListener.processFrameworkEvent:114 
V/PhoneStatusBar( 1078): setLightsOn(true)
I/CordovaLog(24527): Changing log level to DEBUG(3)
D/CordovaActivity(24527): CordovaActivity.init()
I/dalvikvm(24527): Could not find method android.webkit.CookieManager.setAcceptThirdPartyCookies, referenced from method org.apache.cordova.CordovaWebView.initWebViewSettings
W/dalvikvm(24527): VFY: unable to resolve virtual method 6163: Landroid/webkit/CookieManager;.setAcceptThirdPartyCookies (Landroid/webkit/WebView;Z)V
D/dalvikvm(24527): VFY: replacing opcode 0x6e at 0x002a
V/WebViewChromiumFactoryProvider(24527): Binding Chromium to main looper Looper (main, tid 1) {42786a88}
I/LibraryLoader(24527): Expected native library version number "",actual native library version number ""
I/chromium(24527): [INFO:library_loader_hooks.cc(116)] Chromium logging enabled: level = 0, default verbosity = 0
I/BrowserStartupController(24527): Initializing chromium process, renderers=0
E/AudioManagerAndroid(24527): BLUETOOTH permission is missing!
I/Adreno-EGL(24527): <qeglDrvAPI_eglInitialize:410>: EGL 1.4 QUALCOMM build: AU_LINUX_ANDROID_LNX.LA.3.5.1_RB1.04.04.02.048.018_msm8226_LNX.LA.3.5.1_RB1__release_AU ()
I/Adreno-EGL(24527): OpenGL ES Shader Compiler Version: E031.24.00.08
I/Adreno-EGL(24527): Build Date: 03/07/14 Fri
I/Adreno-EGL(24527): Local Branch: 
I/Adreno-EGL(24527): Remote Branch: quic/LNX.LA.3.5.1_RB1.1
I/Adreno-EGL(24527): Local Patches: NONE
I/Adreno-EGL(24527): Reconstruct Branch: AU_LINUX_ANDROID_LNX.LA.3.5.1_RB1.04.04.02.048.018 + f2fd134 +  NOTHING
W/chromium(24527): [WARNING:proxy_service.cc(890)] PAC support disabled because there is no system implementation
D/CordovaActivity(24527): CordovaActivity.createViews()
W/dalvikvm(24527): VFY: unable to find class referenced in signature (Landroid/webkit/ClientCertRequest;)
W/dalvikvm(24527): VFY: unable to find class referenced in signature (Landroid/webkit/ClientCertRequest;)
I/dalvikvm(24527): Could not find method android.webkit.WebViewClient.onReceivedClientCertRequest, referenced from method org.apache.cordova.CordovaWebViewClient.onReceivedClientCertRequest
W/dalvikvm(24527): VFY: unable to resolve virtual method 6235: Landroid/webkit/WebViewClient;.onReceivedClientCertRequest (Landroid/webkit/WebView;Landroid/webkit/ClientCertRequest;)V
D/dalvikvm(24527): VFY: replacing opcode 0x6f at 0x001c
I/dalvikvm(24527): Could not find method android.webkit.WebChromeClient$FileChooserParams.createIntent, referenced from method org.apache.cordova.CordovaChromeClient.onShowFileChooser
W/dalvikvm(24527): VFY: unable to resolve virtual method 6182: Landroid/webkit/WebChromeClient$FileChooserParams;.createIntent ()Landroid/content/Intent;
D/dalvikvm(24527): VFY: replacing opcode 0x6e at 0x0000
D/PluginManager(24527): init()
D/CordovaWebView(24527): CordovaWebView is running on device made by: motorola
D/CordovaWebView(24527): >>> loadUrl(file:///android_asset/www/index.html)
D/CordovaWebView(24527): >>> loadUrlNow()
D/CordovaActivity(24527): Resuming the App
D/AudioManagerAndroid(24527): ==> onReceive: s=0, m=1, n=h2w, sb=true
D/AudioManagerAndroid(24527): reportUpdate: state=0, devices=[Speakerphone, Headset earpiece]
D/SoftKeyboardDetect(24527): Ignore this event
D/OpenGLRenderer(24527): Enabling debug mode 0
D/SoftKeyboardDetect(24527): Ignore this event
I/LaunchCheckinHandler( 1016): Displayed com.giftme.fb_auth/.FB_Auth,cp,ca,407
I/ActivityManager( 1016): Displayed com.giftme.fb_auth/.FB_Auth: +407ms
E/rsC++   (15991): RS Message thread exiting.
D/WifiStateMachine( 1016): handleMessage: E msg.what=151572
D/WifiStateMachine( 1016): processMsg: ConnectedState
D/WifiStateMachine( 1016): processMsg: L2ConnectedState
D/CordovaWebViewClient(24527): onPageStarted(file:///android_asset/www/index.html)
D/CordovaActivity(24527): onMessage(onPageStarted,file:///android_asset/www/index.html)
D/WifiStateMachine( 1016): handleMessage: X
I/chromium(24527): [INFO:simple_index_file.cc(437)] Simple Cache Index is being restored from disk.
D/JsMessageQueue(24527): Set native->JS mode to OnlineEventsBridgeMode
