W/PackageManager( 1016): Unknown permission android.permission.STORAGE in package com.whatsapp
W/PackageManager( 1016): Unknown permission com.sec.android.provider.badge.permission.READ in package com.whatsapp
W/PackageManager( 1016): Unknown permission com.sec.android.provider.badge.permission.WRITE in package com.whatsapp
W/PackageManager( 1016): Unknown permission com.motorola.permission.CONNMO_SETTINGS in package com.motorola.android.dm.service
W/PackageManager( 1016): Unknown permission com.motorola.permission.SET_NAVBAR_BACKGROUNDCOLOR in package com.motorola.camera
W/PackageManager( 1016): Unknown permission android.permission.MMS_PUSH in package org.codeaurora.bluetooth
W/PackageManager( 1016): Unknown permission com.motorola.blur.service.email.Permissions.ACTION_SEND in package com.motorola.setup
W/PackageManager( 1016): Unknown permission com.motorola.blur.contacts.permission.SOCIAL_CONTACT_WRITE in package com.motorola.setup
W/PackageManager( 1016): Unknown permission com.motorola.blur.contacts.permission.SOCIAL_CONTACT_READ in package com.motorola.setup
W/PackageManager( 1016): Unknown permission android.permission.READ_OWNER_DATA in package com.motorola.setup
W/PackageManager( 1016): Unknown permission android.permission.WRITE_OWNER_DATA in package com.motorola.setup
W/PackageManager( 1016): Unknown permission com.motorola.blur.service.email.Permissions.INTERACT in package com.motorola.setup
W/PackageManager( 1016): Unknown permission com.motorola.digitalpersonalization.permission.READ_CREDENTIALS in package com.motorola.setup
W/PackageManager( 1016): Unknown permission com.motorola.setupwizard.controller.permission.UPDATE_CONTROLLER in package com.motorola.setup
W/PackageManager( 1016): Unknown permission com.motorola.setup.permission.REPORT_BUA_SYNC_STATUS in package com.motorola.setup
W/PackageManager( 1016): Unknown permission com.qualcomm.permission.ACCESS_LOCATION_API in package com.qualcomm.location
W/PackageManager( 1016): Not granting permission android.permission.INTERACT_ACROSS_USERS_FULL to package com.motorola.onetimeinitializer (protectionLevel=2 flags=0x4088be45)
W/PackageManager( 1016): Unknown permission android.permission.RECORD_VIDEO in package com.giftme.fb_auth
W/PackageManager( 1016): Not granting permission com.android.gallery3d.filtershow.permission.READ to package com.google.android.apps.plus (protectionLevel=2 flags=0x98be45)
W/PackageManager( 1016): Not granting permission com.android.gallery3d.filtershow.permission.WRITE to package com.google.android.apps.plus (protectionLevel=2 flags=0x98be45)
W/PackageManager( 1016): Unknown permission com.google.android.gallery3d.permission.PICASA_STORE in package com.google.android.apps.plus
W/PackageManager( 1016): Unknown permission android.permission.REAL_GET_TASKS in package com.android.vending
W/PackageManager( 1016): Not granting permission android.permission.SEND_DOWNLOAD_COMPLETED_INTENTS to package com.android.vending (protectionLevel=2 flags=0x408abec5)
W/PackageManager( 1016): Unknown permission android.permission.SEND_SMS_NO_CONFIRMATION in package com.android.vending
W/PackageManager( 1016): Not granting permission android.permission.FORCE_STOP_PACKAGES to package com.android.vending (protectionLevel=18 flags=0x408abec5)
W/PackageManager( 1016): Unknown permission com.motorola.digitalpersonalization.permission.READ_CREDENTIALS in package com.motorola.ccc.cce
W/PackageManager( 1016): Not granting permission android.permission.MANAGE_DOCUMENTS to package com.google.android.youtube (protectionLevel=2 flags=0x98be45)
W/PackageManager( 1016): Not granting permission android.permission.DEVICE_POWER to package com.android.deskclock (protectionLevel=2 flags=0x40c8be45)
W/PackageManager( 1016): Not granting permission android.permission.READ_DREAM_STATE to package com.google.android.gsf (protectionLevel=2 flags=0x40883e45)
W/PackageManager( 1016): Unknown permission motorola.sprint.permission.READ_OMADM_RUNTIME_DATA in package com.android.keyguard
W/PackageManager( 1016): Unknown permission motorola.sprint.permission.WRITE_OMADM_RUNTIME_DATA in package com.android.keyguard
W/PackageManager( 1016): Unknown permission com.motorola.fingerprintsensor.permission.FINGERPRINT_SENSOR in package com.android.keyguard
W/PackageManager( 1016): Unknown permission com.chrome.permission.DEVICE_EXTRAS in package com.android.chrome
W/PackageManager( 1016): Unknown permission com.sec.enterprise.knox.MDM_CONTENT_PROVIDER in package com.android.chrome
W/Vold    (  261): Returning OperationFailed - no handler for errno 30
I/ActivityManager( 1016): Killing 18818:com.motorola.genie/u0a26 (adj 15): empty #9
W/Vold    (  261): Returning OperationFailed - no handler for errno 30
W/ContextImpl( 1231): Calling a method in the system process without a qualified user: android.app.ContextImpl.sendBroadcast:1252 android.content.ContextWrapper.sendBroadcast:365 com.motorola.motocare.util.TriggerHelper$TriggerBuilder.send:76 com.motorola.motocare.internal.frameworkevents.ProcessKillTrigger.sendTrigger:147 com.motorola.motocare.internal.frameworkevents.ProcessKillTrigger.handleFrameworkEvent:164 
W/Vold    (  261): Returning OperationFailed - no handler for errno 30
I/SFPerfTracer(  278):      triggers: (rate: 33:2624) (compose: 0:11) (post: 0:2) (render: 8:369) (0:49512 frames) (1:129726)
D/SFPerfTracer(  278):        layers: (3:13) (DimLayer: 0:65)* (DimLayer: 0:23)* (FocusedStackFrame: 0:1131)* (StatusBar: 0:6791) (NavigationBar: 0:8292) (DimLayer: 1:1543)* (DimLayer: 0:197)* (com.android.wallpaper.fall.FallWallpaper: 0:14333)* (com.android.systemui/com.android.systemui.recent.RecentsActivity: 0:89)* (Starting com.rhmsoft.fm: 0:31)* (thumbnail anim: 0:16)* (com.rhmsoft.fm/com.rhmsoft.fm.FileManager: 0:10)* (com.rhmsoft.fm/com.rhmsoft.fm.FileManager: 0:33) 
I/PackageManager( 1016): Adding preferred activity ComponentInfo{com.android.mms/com.android.mms.ui.ComposeMessageActivity} for user 0 :
W/Vold    (  261): Returning OperationFailed - no handler for errno 30
I/ActivityManager( 1016): Start proc com.google.android.partnersetup for broadcast com.google.android.partnersetup/.RlzPingBroadcastReceiver: pid=19414 uid=10025 gids={50025, 3003}
I/PackageManager( 1016): Adding preferred activity ComponentInfo{com.android.mms/com.android.mms.ui.ComposeMessageActivity} for user 0 :
I/PackageManager( 1016): Adding preferred activity ComponentInfo{com.android.mms/com.android.mms.ui.ComposeMessageActivity} for user 0 :
I/PackageManager( 1016): Adding preferred activity ComponentInfo{com.android.mms/com.android.mms.ui.ComposeMessageActivity} for user 0 :
I/PackageManager( 1016): Adding preferred activity ComponentInfo{com.android.mms/com.android.mms.ui.ComposeMessageActivity} for user 0 :
I/PackageManager( 1016): Adding preferred activity ComponentInfo{com.android.mms/com.android.mms.ui.ComposeMessageActivity} for user 0 :
I/PackageManager( 1016): Adding preferred activity ComponentInfo{com.android.mms/com.android.mms.ui.ComposeMessageActivity} for user 0 :
I/PackageManager( 1016): Adding preferred activity ComponentInfo{com.android.mms/com.android.mms.ui.ComposeMessageActivity} for user 0 :
I/ActivityManager( 1016): Start proc com.google.android.apps.docs for broadcast com.google.android.apps.docs/.receivers.AppPackageAddRemoveReceiver: pid=19440 uid=10060 gids={50060, 3003, 1028, 1015}
W/Vold    (  261): Returning OperationFailed - no handler for errno 30
I/ActivityManager( 1016): Killing 18673:com.android.chrome/u0a57 (adj 15): empty #9
W/ContextImpl( 1231): Calling a method in the system process without a qualified user: android.app.ContextImpl.sendBroadcast:1252 android.content.ContextWrapper.sendBroadcast:365 com.motorola.motocare.util.TriggerHelper$TriggerBuilder.send:76 com.motorola.motocare.internal.frameworkevents.ProcessKillTrigger.sendTrigger:147 com.motorola.motocare.internal.frameworkevents.ProcessKillTrigger.handleFrameworkEvent:164 
D/BackupManagerService( 1016): Received broadcast Intent { act=android.intent.action.PACKAGE_ADDED dat=package:com.devexpert.weather flg=0x4000010 (has extras) }
V/BackupManagerService( 1016): addPackageParticipantsLocked: #1
I/ActivityManager( 1016): Killing 18710:com.google.android.apps.uploader/u0a79 (adj 15): empty #9
W/ContextImpl( 1231): Calling a method in the system process without a qualified user: android.app.ContextImpl.sendBroadcast:1252 android.content.ContextWrapper.sendBroadcast:365 com.motorola.motocare.util.TriggerHelper$TriggerBuilder.send:76 com.motorola.motocare.internal.frameworkevents.ProcessKillTrigger.sendTrigger:147 com.motorola.motocare.internal.frameworkevents.ProcessKillTrigger.handleFrameworkEvent:164 
W/PackageParser(19319): No actions in intent filter at /storage/emulated/0/Download/FB_Auth-release.apk Binary XML file line #28
I/SFPerfTracer(  278):      triggers: (rate: 26:25836) (87295 sw vsyncs) (44628 skipped) (32:126280 vsyncs) (34:229169)
I/ActivityManager( 1016): START u0 {act=android.intent.action.VIEW cat=[android.intent.category.DEFAULT] dat=file:///storage/emulated/0/Download/FB_Auth-release.apk typ=application/vnd.android.package-archive flg=0x10000 cmp=com.android.packageinstaller/.PackageInstallerActivity} from pid 19319
W/ContextImpl( 1231): Calling a method in the system process without a qualified user: android.app.ContextImpl.sendBroadcast:1252 android.content.ContextWrapper.sendBroadcast:365 com.motorola.motocare.util.TriggerHelper$TriggerBuilder.send:76 com.motorola.motocare.internal.frameworkevents.PauseResumeTrigger.handleFrameworkEvent:53 com.motorola.motocare.internal.frameworkevents.FwEventMonitor$FrameworkListener.processFrameworkEvent:114 
I/ActivityManager( 1016): Start proc com.android.packageinstaller for activity com.android.packageinstaller/.PackageInstallerActivity: pid=19548 uid=10085 gids={50085, 1028}
W/ContextImpl( 1231): Calling a method in the system process without a qualified user: android.app.ContextImpl.sendBroadcast:1252 android.content.ContextWrapper.sendBroadcast:365 com.motorola.motocare.util.TriggerHelper$TriggerBuilder.send:76 com.motorola.motocare.internal.frameworkevents.PauseResumeTrigger.handleFrameworkEvent:53 com.motorola.motocare.internal.frameworkevents.FwEventMonitor$FrameworkListener.processFrameworkEvent:114 
W/PackageParser(19548): No actions in intent filter at /storage/emulated/0/Download/FB_Auth-release.apk Binary XML file line #28
I/SFPerfTracer(  278):      triggers: (rate: 33:2626) (compose: 0:11) (post: 0:2) (render: 8:369) (0:49597 frames) (1:129826)
D/SFPerfTracer(  278):        layers: (3:10) (DimLayer: 0:65)* (DimLayer: 0:23)* (FocusedStackFrame: 0:1133)* (StatusBar: 1:6864) (NavigationBar: 0:8292) (DimLayer: 0:1543)* (DimLayer: 0:197)* (com.android.wallpaper.fall.FallWallpaper: 0:14333)* (com.rhmsoft.fm/com.rhmsoft.fm.FileManager: 0:75)* (Starting com.android.packageinstaller: 0:3) 
I/LaunchCheckinHandler( 1016): Displayed com.android.packageinstaller/.PackageInstallerActivity,cp,ca,678
I/SFPerfTracer(  278):      triggers: (rate: 26:25836) (87295 sw vsyncs) (44628 skipped) (17:126370 vsyncs) (19:229278)
I/ActivityManager( 1016): START u0 {dat=file:///storage/emulated/0/Download/FB_Auth-release.apk cmp=com.android.packageinstaller/.InstallAppProgress (has extras)} from pid 19548
W/ContextImpl( 1231): Calling a method in the system process without a qualified user: android.app.ContextImpl.sendBroadcast:1252 android.content.ContextWrapper.sendBroadcast:365 com.motorola.motocare.util.TriggerHelper$TriggerBuilder.send:76 com.motorola.motocare.internal.frameworkevents.PauseResumeTrigger.handleFrameworkEvent:53 com.motorola.motocare.internal.frameworkevents.FwEventMonitor$FrameworkListener.processFrameworkEvent:114 
W/ContextImpl( 1231): Calling a method in the system process without a qualified user: android.app.ContextImpl.sendBroadcast:1252 android.content.ContextWrapper.sendBroadcast:365 com.motorola.motocare.util.TriggerHelper$TriggerBuilder.send:76 com.motorola.motocare.internal.frameworkevents.PauseResumeTrigger.handleFrameworkEvent:53 com.motorola.motocare.internal.frameworkevents.FwEventMonitor$FrameworkListener.processFrameworkEvent:114 
W/ActivityManager( 1016): No content provider found for permission revoke: file:///storage/emulated/0/Download/FB_Auth-release.apk
I/LaunchCheckinHandler( 1016): Displayed com.android.packageinstaller/.InstallAppProgress,wp,ca,135
W/PackageParser(18319): No actions in intent filter at /storage/emulated/0/Download/FB_Auth-release.apk Binary XML file line #28
V/AlarmManager( 1016): sending alarm Alarm{43f19db0 type 3 android}
W/ActivityManager( 1016): No content provider found for permission revoke: file:///storage/emulated/0/Download/FB_Auth-release.apk
I/PackageManager( 1016): Copying native libraries to /data/app-lib/vmdl1391786816
W/PackageParser( 1016): No actions in intent filter at /data/app/vmdl1391786816.tmp Binary XML file line #28
I/SFPerfTracer(  278):      triggers: (rate: 33:2626) (compose: 0:11) (post: 0:2) (render: 8:369) (0:49622 frames) (1:129926)
D/SFPerfTracer(  278):        layers: (3:11) (DimLayer: 0:65)* (DimLayer: 0:23)* (FocusedStackFrame: 0:1140)* (StatusBar: 0:6897) (NavigationBar: 0:8292) (DimLayer: 0:1543)* (DimLayer: 0:199)* (com.android.wallpaper.fall.FallWallpaper: 0:14333)* (Starting com.android.packageinstaller: 0:14)* (com.android.packageinstaller/com.android.packageinstaller.PackageInstallerActivity: 0:41)* (com.android.packageinstaller/com.android.packageinstaller.InstallAppProgress: 1:41) 
I/ActivityManager( 1016): Force stopping com.giftme.fb_auth appid=10106 user=-1: uninstall pkg
I/ActivityManager( 1016):   Force finishing activity ActivityRecord{42fedba0 u0 com.giftme.fb_auth/.FB_Auth t71}
I/SFPerfTracer(  278):      triggers: (rate: 26:25836) (87295 sw vsyncs) (44628 skipped) (15:126436 vsyncs) (17:229379)
I/PackageManager( 1016): Package com.giftme.fb_auth codePath changed from /data/app/com.giftme.fb_auth-2.apk to /data/app/com.giftme.fb_auth-1.apk; Retaining data and using new
W/PackageManager( 1016): Code path for pkg : com.giftme.fb_auth changing from /data/app/com.giftme.fb_auth-2.apk to /data/app/com.giftme.fb_auth-1.apk
I/ActivityManager( 1016): Force stopping com.giftme.fb_auth appid=10106 user=-1: update pkg
W/PackageManager( 1016): Resource path for pkg : com.giftme.fb_auth changing from /data/app/com.giftme.fb_auth-2.apk to /data/app/com.giftme.fb_auth-1.apk
W/PackageManager( 1016): Unknown permission android.permission.RECORD_VIDEO in package com.giftme.fb_auth
I/ActivityManager( 1016): Force stopping com.giftme.fb_auth appid=10106 user=0: pkg removed
I/PackageManager( 1016): Adding preferred activity ComponentInfo{com.android.mms/com.android.mms.ui.ComposeMessageActivity} for user 0 :
I/PackageManager( 1016): Adding preferred activity ComponentInfo{com.android.mms/com.android.mms.ui.ComposeMessageActivity} for user 0 :
I/PackageManager( 1016): Adding preferred activity ComponentInfo{com.android.mms/com.android.mms.ui.ComposeMessageActivity} for user 0 :
I/PackageManager( 1016): Adding preferred activity ComponentInfo{com.android.mms/com.android.mms.ui.ComposeMessageActivity} for user 0 :
I/PackageManager( 1016): Adding preferred activity ComponentInfo{com.android.mms/com.android.mms.ui.ComposeMessageActivity} for user 0 :
I/PackageManager( 1016): Adding preferred activity ComponentInfo{com.android.mms/com.android.mms.ui.ComposeMessageActivity} for user 0 :
I/PackageManager( 1016): Adding preferred activity ComponentInfo{com.android.mms/com.android.mms.ui.ComposeMessageActivity} for user 0 :
I/PackageManager( 1016): Adding preferred activity ComponentInfo{com.android.mms/com.android.mms.ui.ComposeMessageActivity} for user 0 :
I/ActivityManager( 1016): Start proc com.android.keychain for broadcast com.android.keychain/.KeyChainBroadcastReceiver: pid=19623 uid=1000 gids={41000, 1028, 1015, 3002, 3001, 3003, 1021, 3004, 3005, 1000, 3009, 1023, 1010, 1004, 2002, 3006}
I/PackageManager( 1016): Adding preferred activity ComponentInfo{com.android.mms/com.android.mms.ui.ComposeMessageActivity} for user 0 :
I/PackageManager( 1016): Adding preferred activity ComponentInfo{com.android.mms/com.android.mms.ui.ComposeMessageActivity} for user 0 :
I/PackageManager( 1016): Adding preferred activity ComponentInfo{com.android.mms/com.android.mms.ui.ComposeMessageActivity} for user 0 :
I/PackageManager( 1016): Adding preferred activity ComponentInfo{com.android.mms/com.android.mms.ui.ComposeMessageActivity} for user 0 :
D/BackupManagerService( 1016): Received broadcast Intent { act=android.intent.action.PACKAGE_REMOVED dat=package:com.giftme.fb_auth flg=0x4000010 (has extras) }
W/ContextImpl(19623): Calling a method in the system process without a qualified user: android.app.ContextImpl.startService:1608 android.content.ContextWrapper.startService:494 android.content.ContextWrapper.startService:494 com.android.keychain.KeyChainBroadcastReceiver.onReceive:12 android.app.ActivityThread.handleReceiver:2434 
I/PackageManager( 1016): Adding preferred activity ComponentInfo{com.android.mms/com.android.mms.ui.ComposeMessageActivity} for user 0 :
I/PackageManager( 1016): Adding preferred activity ComponentInfo{com.android.mms/com.android.mms.ui.ComposeMessageActivity} for user 0 :
I/PackageManager( 1016): Adding preferred activity ComponentInfo{com.android.mms/com.android.mms.ui.ComposeMessageActivity} for user 0 :
I/PackageManager( 1016): Adding preferred activity ComponentInfo{com.android.mms/com.android.mms.ui.ComposeMessageActivity} for user 0 :
I/PackageManager( 1016): Adding preferred activity ComponentInfo{com.android.mms/com.android.mms.ui.ComposeMessageActivity} for user 0 :
I/PackageManager( 1016): Adding preferred activity ComponentInfo{com.android.mms/com.android.mms.ui.ComposeMessageActivity} for user 0 :
I/PackageManager( 1016): Adding preferred activity ComponentInfo{com.android.mms/com.android.mms.ui.ComposeMessageActivity} for user 0 :
I/PackageManager( 1016): Adding preferred activity ComponentInfo{com.android.mms/com.android.mms.ui.ComposeMessageActivity} for user 0 :
I/ActivityManager( 1016): Killing 18769:com.google.android.tts/u0a68 (adj 15): empty #9
W/ContextImpl( 1231): Calling a method in the system process without a qualified user: android.app.ContextImpl.sendBroadcast:1252 android.content.ContextWrapper.sendBroadcast:365 com.motorola.motocare.util.TriggerHelper$TriggerBuilder.send:76 com.motorola.motocare.internal.frameworkevents.ProcessKillTrigger.sendTrigger:147 com.motorola.motocare.internal.frameworkevents.ProcessKillTrigger.handleFrameworkEvent:164 
D/BackupManagerService( 1016): Received broadcast Intent { act=android.intent.action.PACKAGE_ADDED dat=package:com.giftme.fb_auth flg=0x4000010 (has extras) }
V/BackupManagerService( 1016): removePackageParticipantsLocked: uid=10106 #1
W/ActivityManager( 1016): Scheduling restart of crashed service com.google.android.tts/.service.GoogleTTSService in 1000ms
V/BackupManagerService( 1016): addPackageParticipantsLocked: #1
I/PackageManager( 1016): Adding preferred activity ComponentInfo{com.android.mms/com.android.mms.ui.ComposeMessageActivity} for user 0 :
I/PackageManager( 1016): Adding preferred activity ComponentInfo{com.android.mms/com.android.mms.ui.ComposeMessageActivity} for user 0 :
I/PackageManager( 1016): Adding preferred activity ComponentInfo{com.android.mms/com.android.mms.ui.ComposeMessageActivity} for user 0 :
I/PackageManager( 1016): Adding preferred activity ComponentInfo{com.android.mms/com.android.mms.ui.ComposeMessageActivity} for user 0 :
I/ActivityManager( 1016): Start proc com.facebook.katana:dash for broadcast com.facebook.katana/com.facebook.dash.receivers.DashPackageUninstallReceiver: pid=19642 uid=10110 gids={50110, 1028, 1015, 3003}
W/Vold    (  261): Returning OperationFailed - no handler for errno 30
I/ActivityManager( 1016): Start proc com.google.android.tts for service com.google.android.tts/.service.GoogleTTSService: pid=19666 uid=10068 gids={50068, 3003, 1028, 1015}
D/WifiService( 1016): New client listening to asynchronous messages
I/ActivityManager( 1016): START u0 {act=android.intent.action.MAIN cat=[android.intent.category.LAUNCHER] flg=0x10000000 pkg=com.giftme.fb_auth cmp=com.giftme.fb_auth/.FB_Auth} from pid 19548
W/ContextImpl( 1231): Calling a method in the system process without a qualified user: android.app.ContextImpl.sendBroadcast:1252 android.content.ContextWrapper.sendBroadcast:365 com.motorola.motocare.util.TriggerHelper$TriggerBuilder.send:76 com.motorola.motocare.internal.frameworkevents.PauseResumeTrigger.handleFrameworkEvent:53 com.motorola.motocare.internal.frameworkevents.FwEventMonitor$FrameworkListener.processFrameworkEvent:114 
I/ActivityManager( 1016): Start proc com.giftme.fb_auth for activity com.giftme.fb_auth/.FB_Auth: pid=19710 uid=10106 gids={50106, 3003, 1028, 1015}
W/ContextImpl( 1231): Calling a method in the system process without a qualified user: android.app.ContextImpl.sendBroadcast:1252 android.content.ContextWrapper.sendBroadcast:365 com.motorola.motocare.util.TriggerHelper$TriggerBuilder.send:76 com.motorola.motocare.internal.frameworkevents.PauseResumeTrigger.handleFrameworkEvent:53 com.motorola.motocare.internal.frameworkevents.FwEventMonitor$FrameworkListener.processFrameworkEvent:114 
I/ActivityManager( 1016): Killing 18162:com.google.android.apps.maps/u0a64 (adj 15): empty #9
W/ContextImpl( 1231): Calling a method in the system process without a qualified user: android.app.ContextImpl.sendBroadcast:1252 android.content.ContextWrapper.sendBroadcast:365 com.motorola.motocare.util.TriggerHelper$TriggerBuilder.send:76 com.motorola.motocare.internal.frameworkevents.ProcessKillTrigger.sendTrigger:147 com.motorola.motocare.internal.frameworkevents.ProcessKillTrigger.handleFrameworkEvent:164 
D/WifiService( 1016): Client connection lost with reason: 4
W/ActivityManager( 1016): Service ServiceRecord{43844f48 u0 com.google.android.apps.maps/com.google.android.apps.gmm.prefetch.PrefetcherService} in process ProcessRecord{42905598 18162:com.google.android.apps.maps/u0a64} not same as in map: null
I/ActivityManager( 1016): Start proc com.google.android.apps.magazines for broadcast com.google.android.apps.magazines/com.google.apps.dots.android.app.receiver.FirstInstallNotificationReceiver: pid=19739 uid=10077 gids={50077, 3003, 1028, 1015}
W/BroadcastQueue( 1016): Permission Denial: broadcasting Intent { act=android.net.conn.INET_CONDITION_ACTION flg=0x4000010 (has extras) } from null (pid=-1, uid=-1) requires com.facebook.permission.prod.FB_APP_COMMUNICATION due to registered receiver BroadcastFilter{42985ba8 u0 ReceiverList{4299c9a0 19642 com.facebook.katana:dash/10110/u0 remote:42a7ec68}}
W/BroadcastQueue( 1016): Permission Denial: broadcasting Intent { act=android.net.conn.CONNECTIVITY_CHANGE flg=0x4000010 (has extras) } from null (pid=-1, uid=-1) requires com.facebook.permission.prod.FB_APP_COMMUNICATION due to registered receiver BroadcastFilter{42985ba8 u0 ReceiverList{4299c9a0 19642 com.facebook.katana:dash/10110/u0 remote:42a7ec68}}
W/Vold    (  261): Returning OperationFailed - no handler for errno 30
I/LaunchCheckinHandler( 1016): Displayed com.giftme.fb_auth/.FB_Auth,cp,ca,811
I/ActivityManager( 1016): Killing 19291:com.android.defcontainer/u0a13 (adj 15): empty #9
W/ContextImpl( 1231): Calling a method in the system process without a qualified user: android.app.ContextImpl.sendBroadcast:1252 android.content.ContextWrapper.sendBroadcast:365 com.motorola.motocare.util.TriggerHelper$TriggerBuilder.send:76 com.motorola.motocare.internal.frameworkevents.ProcessKillTrigger.sendTrigger:147 com.motorola.motocare.internal.frameworkevents.ProcessKillTrigger.handleFrameworkEvent:164 
I/ActivityManager( 1016): Killing 19623:com.android.keychain/1000 (adj 15): empty #9
W/ContextImpl( 1231): Calling a method in the system process without a qualified user: android.app.ContextImpl.sendBroadcast:1252 android.content.ContextWrapper.sendBroadcast:365 com.motorola.motocare.util.TriggerHelper$TriggerBuilder.send:76 com.motorola.motocare.internal.frameworkevents.ProcessKillTrigger.sendTrigger:147 com.motorola.motocare.internal.frameworkevents.ProcessKillTrigger.handleFrameworkEvent:164 
W/BroadcastQueue( 1016): Permission Denial: broadcasting Intent { act=android.net.conn.CONNECTIVITY_CHANGE flg=0x4000010 (has extras) } from null (pid=-1, uid=-1) requires com.facebook.permission.prod.FB_APP_COMMUNICATION due to registered receiver BroadcastFilter{42877298 u0 ReceiverList{42877258 19642 com.facebook.katana:dash/10110/u0 remote:4289d538}}
I/SFPerfTracer(  278):      triggers: (rate: 33:2626) (compose: 0:11) (post: 0:2) (render: 8:369) (8:49669 frames) (9:130028)
D/SFPerfTracer(  278):        layers: (4:11) (DimLayer: 0:65)* (DimLayer: 0:23)* (FocusedStackFrame: 1:1146)* (StatusBar: 0:6897) (NavigationBar: 0:8311) (DimLayer: 0:1543)* (DimLayer: 0:201)* (com.android.wallpaper.fall.FallWallpaper: 0:14333)* (com.android.packageinstaller/com.android.packageinstaller.InstallAppProgress: 0:105)* (Starting com.giftme.fb_auth: 9:37) (com.giftme.fb_auth/com.giftme.fb_auth.FB_Auth: 1:11) 
I/SFPerfTracer(  278):      triggers: (rate: 26:25836) (87295 sw vsyncs) (44628 skipped) (58:126511 vsyncs) (60:229511)
I/ActivityManager( 1016): Killing 19642:com.facebook.katana:dash/u0a110 (adj 15): empty #9
W/ContextImpl( 1231): Calling a method in the system process without a qualified user: android.app.ContextImpl.sendBroadcast:1252 android.content.ContextWrapper.sendBroadcast:365 com.motorola.motocare.util.TriggerHelper$TriggerBuilder.send:76 com.motorola.motocare.internal.frameworkevents.ProcessKillTrigger.sendTrigger:147 com.motorola.motocare.internal.frameworkevents.ProcessKillTrigger.handleFrameworkEvent:164 
D/WifiService( 1016): Client connection lost with reason: 4
W/InputMethodManagerService( 1016): Window already focused, ignoring focus gain of: com.android.internal.view.IInputMethodClient$Stub$Proxy@43c0de80 attribute=null, token = android.os.BinderProxy@428dd960
I/SFPerfTracer(  278):      triggers: (rate: 26:25836) (87295 sw vsyncs) (44628 skipped) (25:126612 vsyncs) (27:229626)
I/SFPerfTracer(  278):      triggers: (rate: 33:2626) (compose: 0:11) (post: 0:2) (render: 8:369) (1:49710 frames) (2:130128)
D/SFPerfTracer(  278):        layers: (3:12) (DimLayer: 0:65)* (DimLayer: 0:23)* (FocusedStackFrame: 1:1149)* (StatusBar: 0:6897) (NavigationBar: 2:8320) (DimLayer: 0:1570)* (DimLayer: 0:201)* (com.android.wallpaper.fall.FallWallpaper: 0:14333)* (Starting com.giftme.fb_auth: 0:38)* (com.giftme.fb_auth/com.giftme.fb_auth.FB_Auth: 0:48) (com.giftme.fb_auth/com.giftme.fb_auth.FB_Auth: 0:48)* (com.giftme.fb_auth/com.giftme.fb_auth.FB_Auth: 2:4)* 
W/InputMethodManagerService( 1016): Window already focused, ignoring focus gain of: com.android.internal.view.IInputMethodClient$Stub$Proxy@42954420 attribute=null, token = android.os.BinderProxy@428dd960
I/SFPerfTracer(  278):      triggers: (rate: 26:25836) (87295 sw vsyncs) (44628 skipped) (27:126719 vsyncs) (29:229752)
V/AlarmManager( 1016): sending alarm Alarm{429a85b0 type 2 android}
V/AlarmManager( 1016): sending alarm Alarm{4298b178 type 2 com.google.android.gms}
V/AlarmManager( 1016): sending alarm Alarm{4298b1c8 type 0 com.google.android.gms}
V/AlarmManager( 1016): sending alarm Alarm{42905218 type 0 com.android.vending}
D/ConnectivityService( 1016): Sampling interval elapsed, updating statistics ..
D/ConnectivityService( 1016): Done.
D/ConnectivityService( 1016): Setting timer for 720seconds
D/ConnectivityService( 1016): handleInetConditionHoldEnd: net=1, condition=100, published condition=100
I/SFPerfTracer(  278):      triggers: (rate: 26:25836) (87295 sw vsyncs) (44628 skipped) (16:126806 vsyncs) (18:229859)
I/SFPerfTracer(  278):      triggers: (rate: 33:2626) (compose: 0:11) (post: 0:2) (render: 8:370) (25:49774 frames) (26:130228)
D/SFPerfTracer(  278):        layers: (5:11) (DimLayer: 0:65)* (DimLayer: 0:23)* (FocusedStackFrame: 0:1151)* (StatusBar: 0:6897) (NavigationBar: 26:8378) (DimLayer: 14:1610) (DimLayer: 0:201)* (com.android.wallpaper.fall.FallWallpaper: 0:14333)* (com.giftme.fb_auth/com.giftme.fb_auth.FB_Auth: 0:68) (com.giftme.fb_auth/com.giftme.fb_auth.FB_Auth: 0:35)* (com.giftme.fb_auth/com.giftme.fb_auth.FB_Auth: 13:17) 
W/InputMethodManagerService( 1016): Window already focused, ignoring focus gain of: com.android.internal.view.IInputMethodClient$Stub$Proxy@437ba908 attribute=null, token = android.os.BinderProxy@428dd960
I/SFPerfTracer(  278):      triggers: (rate: 26:25836) (87295 sw vsyncs) (44628 skipped) (17:126905 vsyncs) (19:229976)
V/AlarmManager( 1016): sending alarm Alarm{430d8ec8 type 3 android}
I/SFPerfTracer(  278):      triggers: (rate: 26:25836) (87295 sw vsyncs) (44628 skipped) (17:126994 vsyncs) (19:230082)
V/AlarmManager( 1016): sending alarm Alarm{4342a258 type 2 com.google.android.gms}
D/WifiService( 1016): acquireWifiLockLocked: WifiLock{NlpWifiLock type=2 binder=android.os.BinderProxy@43081920}
D/WifiService( 1016): releaseWifiLockLocked: WifiLock{NlpWifiLock type=2 binder=android.os.BinderProxy@43081920}
V/AlarmManager( 1016): sending alarm Alarm{428e5c88 type 3 android}
I/SFPerfTracer(  278):      triggers: (rate: 26:25836) (87295 sw vsyncs) (44628 skipped) (5:127075 vsyncs) (7:230184)
I/PowerManagerService( 1016): Nap time...
I/PowerManagerService( 1016): Going to sleep due to screen timeout...
I/SFPerfTracer(  278):      triggers: (rate: 26:25836) (87295 sw vsyncs) (44628 skipped) (17:127177 vsyncs) (19:230298)
W/ContextImpl( 1231): Calling a method in the system process without a qualified user: android.app.ContextImpl.sendBroadcast:1252 android.content.ContextWrapper.sendBroadcast:365 com.motorola.motocare.util.TriggerHelper$TriggerBuilder.send:76 com.motorola.motocare.internal.frameworkevents.PauseResumeTrigger.handleFrameworkEvent:53 com.motorola.motocare.internal.frameworkevents.FwEventMonitor$FrameworkListener.processFrameworkEvent:114 
W/ContextImpl( 1231): Calling a method in the system process without a qualified user: android.app.ContextImpl.startService:1608 android.content.ContextWrapper.startService:494 android.content.ContextWrapper.startService:494 com.motorola.motocare.internal.batterystats.BatteryStatsAction.onReceive:33 android.app.ActivityThread.handleReceiver:2434 
V/AlarmManager( 1016): sending alarm Alarm{429726e8 type 2 com.android.keyguard}
V/AlarmManager( 1016): sending alarm Alarm{42917178 type 0 com.facebook.katana}
V/AlarmManager( 1016): sending alarm Alarm{42fd6508 type 3 android}
V/AlarmManager( 1016): sending alarm Alarm{42fd65a0 type 2 com.google.android.gms}
V/AlarmManager( 1016): sending alarm Alarm{43027c68 type 2 com.google.android.gsf}
V/AlarmManager( 1016): sending alarm Alarm{443e8b18 type 2 com.facebook.katana}
V/AlarmManager( 1016): sending alarm Alarm{42d15e38 type 3 android}
I/PowerManagerService( 1016): Waking up from sleep...
V/AlarmManager( 1016): sending alarm Alarm{43fe1d88 type 2 com.facebook.katana}
V/AlarmManager( 1016): sending alarm Alarm{443f6ad0 type 2 com.google.android.gms}
I/WindowManager( 1016): Lock screen displayed!
D/DisplayPowerController( 1016): Unblocked screen on after 22419334 ms
I/SFPerfTracer(  278):      triggers: (rate: 26:25836) (87424 sw vsyncs) (44628 skipped) (0:127200 vsyncs) (129:230453)
D/WifiService( 1016): acquireWifiLockLocked: WifiLock{NlpWifiLock type=2 binder=android.os.BinderProxy@43081920}
D/ConnectivityService( 1016): handleInetConditionHoldEnd: net=1, condition=100, published condition=100
D/WifiService( 1016): releaseWifiLockLocked: WifiLock{NlpWifiLock type=2 binder=android.os.BinderProxy@43081920}
W/ContextImpl( 1231): Calling a method in the system process without a qualified user: android.app.ContextImpl.sendBroadcast:1252 android.content.ContextWrapper.sendBroadcast:365 com.motorola.motocare.util.TriggerHelper$TriggerBuilder.send:76 com.motorola.motocare.internal.frameworkevents.PauseResumeTrigger.handleFrameworkEvent:53 com.motorola.motocare.internal.frameworkevents.FwEventMonitor$FrameworkListener.processFrameworkEvent:114 
D/UsbDeviceManager( 1016): MSG_USER_PRESENT
I/SFPerfTracer(  278):      triggers: (rate: 33:2634) (compose: 0:11) (post: 0:2) (render: 8:370) (53:49863 frames) (54:130344)
D/SFPerfTracer(  278):        layers: (4:12) (DimLayer: 0:65)* (DimLayer: 0:23)* (FocusedStackFrame: 0:1153)* (StatusBar: 0:6902) (NavigationBar: 1:8380) (DimLayer: 0:1622)* (DimLayer: 0:201)* (com.android.wallpaper.fall.FallWallpaper: 15:14349) (com.giftme.fb_auth/com.giftme.fb_auth.FB_Auth: 0:75)* (com.giftme.fb_auth/com.giftme.fb_auth.FB_Auth: 0:31)* (ElectronBeam: 0:27)* (Keyguard: 49:55) 
W/InputMethodManagerService( 1016): Window already focused, ignoring focus gain of: com.android.internal.view.IInputMethodClient$Stub$Proxy@4386b728 attribute=android.view.inputmethod.EditorInfo@43a582f0, token = android.os.BinderProxy@428dd960
W/ContextImpl( 1231): Calling a method in the system process without a qualified user: android.app.ContextImpl.startService:1608 android.content.ContextWrapper.startService:494 android.content.ContextWrapper.startService:494 com.motorola.motocare.internal.batterystats.BatteryStatsAction.onReceive:33 android.app.ActivityThread.handleReceiver:2434 
I/ActivityManager( 1016): START u0 {act=com.android.systemui.recent.action.TOGGLE_RECENTS flg=0x10800000 cmp=com.android.systemui/.recent.RecentsActivity (has extras)} from pid 1078
W/ContextImpl( 1231): Calling a method in the system process without a qualified user: android.app.ContextImpl.sendBroadcast:1252 android.content.ContextWrapper.sendBroadcast:365 com.motorola.motocare.util.TriggerHelper$TriggerBuilder.send:76 com.motorola.motocare.internal.frameworkevents.PauseResumeTrigger.handleFrameworkEvent:53 com.motorola.motocare.internal.frameworkevents.FwEventMonitor$FrameworkListener.processFrameworkEvent:114 
W/ContextImpl( 1231): Calling a method in the system process without a qualified user: android.app.ContextImpl.sendBroadcast:1252 android.content.ContextWrapper.sendBroadcast:365 com.motorola.motocare.util.TriggerHelper$TriggerBuilder.send:76 com.motorola.motocare.internal.frameworkevents.PauseResumeTrigger.handleFrameworkEvent:53 com.motorola.motocare.internal.frameworkevents.FwEventMonitor$FrameworkListener.processFrameworkEvent:114 
I/SFPerfTracer(  278):      triggers: (rate: 26:25842) (87424 sw vsyncs) (44684 skipped) (137:127337 vsyncs) (139:230592)
I/LaunchCheckinHandler( 1016): Displayed com.android.systemui/.recent.RecentsActivity,wp,wa,98
I/ActivityManager( 1016): Killing 19414:com.google.android.partnersetup/u0a25 (adj 15): empty #9
W/ContextImpl( 1231): Calling a method in the system process without a qualified user: android.app.ContextImpl.sendBroadcast:1252 android.content.ContextWrapper.sendBroadcast:365 com.motorola.motocare.util.TriggerHelper$TriggerBuilder.send:76 com.motorola.motocare.internal.frameworkevents.ProcessKillTrigger.sendTrigger:147 com.motorola.motocare.internal.frameworkevents.ProcessKillTrigger.handleFrameworkEvent:164 
I/ActivityManager( 1016): Killing 19710:com.giftme.fb_auth/u0a106 (adj 9): remove task
W/ContextImpl( 1231): Calling a method in the system process without a qualified user: android.app.ContextImpl.sendBroadcast:1252 android.content.ContextWrapper.sendBroadcast:365 com.motorola.motocare.util.TriggerHelper$TriggerBuilder.send:76 com.motorola.motocare.internal.frameworkevents.ProcessKillTrigger.sendTrigger:147 com.motorola.motocare.internal.frameworkevents.ProcessKillTrigger.handleFrameworkEvent:164 
I/SFPerfTracer(  278):      triggers: (rate: 33:2635) (compose: 0:11) (post: 0:2) (render: 8:370) (0:49915 frames) (1:130444)
D/SFPerfTracer(  278):        layers: (3:12) (DimLayer: 0:65)* (DimLayer: 0:23)* (FocusedStackFrame: 0:1156)* (StatusBar: 0:6921) (NavigationBar: 0:8445) (DimLayer: 0:1622)* (DimLayer: 0:205)* (com.android.wallpaper.fall.FallWallpaper: 0:14354)* (com.giftme.fb_auth/com.giftme.fb_auth.FB_Auth: 0:107)* (Keyguard: 0:68)* (com.android.systemui/com.android.systemui.recent.RecentsActivity: 1:39) (thumbnail anim: 0:17)* 
I/WindowState( 1016): WIN DEATH: Window{42faeb50 u0 com.giftme.fb_auth/com.giftme.fb_auth.FB_Auth}
I/ActivityManager( 1016): START u0 {act=android.intent.action.MAIN cat=[android.intent.category.HOME] flg=0x10200000 cmp=com.android.launcher/com.android.launcher2.Launcher} from pid 1016
W/ContextImpl( 1231): Calling a method in the system process without a qualified user: android.app.ContextImpl.sendBroadcast:1252 android.content.ContextWrapper.sendBroadcast:365 com.motorola.motocare.util.TriggerHelper$TriggerBuilder.send:76 com.motorola.motocare.internal.frameworkevents.PauseResumeTrigger.handleFrameworkEvent:53 com.motorola.motocare.internal.frameworkevents.FwEventMonitor$FrameworkListener.processFrameworkEvent:114 
W/ContextImpl( 1231): Calling a method in the system process without a qualified user: android.app.ContextImpl.sendBroadcast:1252 android.content.ContextWrapper.sendBroadcast:365 com.motorola.motocare.util.TriggerHelper$TriggerBuilder.send:76 com.motorola.motocare.internal.frameworkevents.PauseResumeTrigger.handleFrameworkEvent:53 com.motorola.motocare.internal.frameworkevents.FwEventMonitor$FrameworkListener.processFrameworkEvent:114 
I/LaunchCheckinHandler( 1016): Displayed com.android.launcher/com.android.launcher2.Launcher,wp,wa,351
I/ActivityManager( 1016): START u0 {act=android.intent.action.MAIN cat=[android.intent.category.LAUNCHER] flg=0x10200000 cmp=com.giftme.fb_auth/.FB_Auth bnds=[360,385][520,585]} from pid 30757
I/SFPerfTracer(  278):      triggers: (rate: 33:2635) (compose: 0:11) (post: 0:2) (render: 8:370) (0:49932 frames) (1:130544)
D/SFPerfTracer(  278):        layers: (4:10) (DimLayer: 0:65)* (DimLayer: 0:23)* (FocusedStackFrame: 0:1156)* (StatusBar: 0:6939) (NavigationBar: 0:8484) (DimLayer: 0:1622)* (DimLayer: 0:205)* (com.android.wallpaper.fall.FallWallpaper: 1:14377) (com.android.systemui/com.android.systemui.recent.RecentsActivity: 0:69)* (com.android.launcher/com.android.launcher2.Launcher: 0:65) 
W/ContextImpl( 1231): Calling a method in the system process without a qualified user: android.app.ContextImpl.sendBroadcast:1252 android.content.ContextWrapper.sendBroadcast:365 com.motorola.motocare.util.TriggerHelper$TriggerBuilder.send:76 com.motorola.motocare.internal.frameworkevents.PauseResumeTrigger.handleFrameworkEvent:53 com.motorola.motocare.internal.frameworkevents.FwEventMonitor$FrameworkListener.processFrameworkEvent:114 
I/ActivityManager( 1016): Start proc com.giftme.fb_auth for activity com.giftme.fb_auth/.FB_Auth: pid=20168 uid=10106 gids={50106, 3003, 1028, 1015}
W/ContextImpl( 1231): Calling a method in the system process without a qualified user: android.app.ContextImpl.sendBroadcast:1252 android.content.ContextWrapper.sendBroadcast:365 com.motorola.motocare.util.TriggerHelper$TriggerBuilder.send:76 com.motorola.motocare.internal.frameworkevents.PauseResumeTrigger.handleFrameworkEvent:53 com.motorola.motocare.internal.frameworkevents.FwEventMonitor$FrameworkListener.processFrameworkEvent:114 
I/LaunchCheckinHandler( 1016): Displayed com.giftme.fb_auth/.FB_Auth,cp,ca,355
I/SFPerfTracer(  278):      triggers: (rate: 26:25850) (87424 sw vsyncs) (44770 skipped) (134:127550 vsyncs) (136:230815)
W/InputMethodManagerService( 1016): Window already focused, ignoring focus gain of: com.android.internal.view.IInputMethodClient$Stub$Proxy@43598970 attribute=null, token = android.os.BinderProxy@43c25938
I/SFPerfTracer(  278):      triggers: (rate: 33:2638) (compose: 0:11) (post: 0:2) (render: 8:370) (0:49989 frames) (1:130644)
D/SFPerfTracer(  278):        layers: (3:12) (DimLayer: 0:65)* (DimLayer: 0:23)* (FocusedStackFrame: 0:1161)* (StatusBar: 0:6957) (NavigationBar: 0:8520) (DimLayer: 0:1648)* (DimLayer: 0:205)* (com.android.wallpaper.fall.FallWallpaper: 0:14384)* (com.android.launcher/com.android.launcher2.Launcher: 0:67)* (Starting com.giftme.fb_auth: 0:32)* (com.giftme.fb_auth/com.giftme.fb_auth.FB_Auth: 1:23) (com.giftme.fb_auth/com.giftme.fb_auth.FB_Auth: 0:38)* 
I/SFPerfTracer(  278):      triggers: (rate: 26:25850) (87424 sw vsyncs) (44770 skipped) (17:127642 vsyncs) (19:230920)
I/ActivityManager( 1016): Config changes=480 {1.0 ?mcc?mnc en_GB ldltr sw360dp w598dp h335dp 320dpi nrml land finger -keyb/v/h -nav/h s.15?spn}
I/WindowManager( 1016): Screen frozen for +259ms due to Window{42950648 u0 StatusBar}
I/ActivityManager( 1016): Process com.google.android.apps.docs (pid 19440) has died.
I/SFPerfTracer(  278):      triggers: (rate: 26:25850) (87424 sw vsyncs) (44770 skipped) (18:127710 vsyncs) (20:231027)
V/AlarmManager( 1016): sending alarm Alarm{4291aeb8 type 3 android}
V/AlarmManager( 1016): sending alarm Alarm{4300b888 type 1 com.android.deskclock}
I/ActivityManager( 1016): Start proc com.android.deskclock for broadcast com.android.deskclock/com.android.alarmclock.DigitalAppWidgetProvider: pid=20282 uid=10015 gids={50015, 1028}
W/ContextImpl( 1231): Calling a method in the system process without a qualified user: android.app.ContextImpl.sendBroadcast:1252 android.content.ContextWrapper.sendBroadcast:365 com.motorola.motocare.util.TriggerHelper$TriggerBuilder.send:76 com.motorola.motocare.internal.frameworkevents.ProcessKillTrigger.sendTrigger:147 com.motorola.motocare.internal.frameworkevents.ProcessKillTrigger.handleLmkKill:337 
I/SFPerfTracer(  278):      triggers: (rate: 26:25850) (87424 sw vsyncs) (44770 skipped) (17:127797 vsyncs) (19:231132)
V/AlarmManager( 1016): sending alarm Alarm{43ce6db0 type 3 android}
V/AlarmManager( 1016): sending alarm Alarm{4300b960 type 2 android}
D/WifiP2pService( 1016): InactiveState{ when=-1ms what=143375 arg1=1 arg2=196615 obj=android.net.DhcpStateMachine@4290d258 target=com.android.internal.util.StateMachine$SmHandler }
D/WifiP2pService( 1016): P2pEnabledState{ when=-1ms what=143375 arg1=1 arg2=196615 obj=android.net.DhcpStateMachine@4290d258 target=com.android.internal.util.StateMachine$SmHandler }
D/WifiP2pService( 1016): InactiveState{ when=0 what=143375 target=com.android.internal.util.StateMachine$SmHandler }
D/WifiP2pService( 1016): P2pEnabledState{ when=0 what=143375 target=com.android.internal.util.StateMachine$SmHandler }
I/ActivityManager( 1016): Start proc com.motorola.genie for broadcast com.motorola.genie/.prefetch.WiFiStatusReceiver: pid=20323 uid=10026 gids={50026, 3003, 1028, 1015}
D/ConnectivityService( 1016): Captive portal check NetworkInfo: type: WIFI[], state: CONNECTING/CAPTIVE_PORTAL_CHECK, reason: (unspecified), extra: "Moulin Rouge", roaming: false, failover: false, isAvailable: true, isConnectedToProvisioningNetwork: false
D/ConnectivityService( 1016): handleCaptivePortalTrackerCheck: call captivePortalCheckComplete ni=NetworkInfo: type: WIFI[], state: CONNECTING/CAPTIVE_PORTAL_CHECK, reason: (unspecified), extra: "Moulin Rouge", roaming: false, failover: false, isAvailable: true, isConnectedToProvisioningNetwork: false
D/ConnectivityService( 1016): Captive portal check NetworkInfo: type: WIFI[], state: CONNECTING/CAPTIVE_PORTAL_CHECK, reason: (unspecified), extra: "Moulin Rouge", roaming: false, failover: false, isAvailable: true, isConnectedToProvisioningNetwork: false
D/ConnectivityService( 1016): handleCaptivePortalTrackerCheck: call captivePortalCheckComplete ni=NetworkInfo: type: WIFI[], state: CONNECTING/CAPTIVE_PORTAL_CHECK, reason: (unspecified), extra: "Moulin Rouge", roaming: false, failover: false, isAvailable: true, isConnectedToProvisioningNetwork: false
D/ConnectivityService( 1016): ConnectivityChange for WIFI: CONNECTED/CONNECTED
V/ConnectivityService( 1016): WiFi NOT Tethered!
E/ConnectivityService( 1016): Unexpected mtu value: android.net.wifi.WifiStateTracker@42f7b6f8
D/ConnectivityService( 1016): handleConnectivityChange: address are the same reset per doReset linkProperty[1]: resetMask=0
D/Nat464Xlat( 1016): requiresClat: netType=1, hasIPv4Address=true
D/ConnectivityService( 1016): ConnectivityChange for WIFI: CONNECTED/CONNECTED
V/ConnectivityService( 1016): WiFi NOT Tethered!
E/ConnectivityService( 1016): Unexpected mtu value: android.net.wifi.WifiStateTracker@42f7b6f8
D/ConnectivityService( 1016): handleConnectivityChange: address are the same reset per doReset linkProperty[1]: resetMask=0
D/Nat464Xlat( 1016): requiresClat: netType=1, hasIPv4Address=true
D/ConnectivityService( 1016): NetTransition Wakelock for ConnectedState released by timeout
I/SFPerfTracer(  278):      triggers: (rate: 26:25850) (87424 sw vsyncs) (44770 skipped) (23:127892 vsyncs) (25:231246)
E/ActivityThread(30980): Failed to find provider info for com.motorola.blur.setupprovider
I/openssl (17168): Crypto mode not selected, openssl will run on its regular mode.
I/openssl (17168): Crypto mode 0 already enabled
E/ActivityThread(30980): Failed to find provider info for com.motorola.blur.setupprovider
I/ActivityManager( 1016): Start proc com.android.mms for broadcast com.android.mms/.transaction.MmsSystemEventReceiver: pid=20398 uid=10031 gids={50031, 3003, 1028, 1015}
I/ActivityManager( 1016): Process com.google.android.googlequicksearchbox:search (pid 18657) has died.
W/ActivityManager( 1016): Scheduling restart of crashed service com.google.android.googlequicksearchbox/com.google.android.search.core.service.SearchService in 1000ms
I/ActivityManager( 1016): Start proc com.google.android.setupwizard for broadcast com.google.android.setupwizard/.MobileConnectivityChangeReceiver: pid=20420 uid=10042 gids={50042, 3003}
I/ActivityManager( 1016): Start proc com.android.chrome for broadcast com.android.chrome/com.google.android.apps.chrome.precache.PrecacheServiceLauncher: pid=20433 uid=10057 gids={50057, 3003, 1028, 1015}
I/ActivityManager( 1016): Killing 18890:com.motorola.MotGallery2/u0a34 (adj 15): empty #9
W/ContextImpl( 1231): Calling a method in the system process without a qualified user: android.app.ContextImpl.sendBroadcast:1252 android.content.ContextWrapper.sendBroadcast:365 com.motorola.motocare.util.TriggerHelper$TriggerBuilder.send:76 com.motorola.motocare.internal.frameworkevents.ProcessKillTrigger.sendTrigger:147 com.motorola.motocare.internal.frameworkevents.ProcessKillTrigger.handleFrameworkEvent:164 
I/ActivityManager( 1016): Killing 19666:com.google.android.tts/u0a68 (adj 15): empty #9
W/ContextImpl( 1231): Calling a method in the system process without a qualified user: android.app.ContextImpl.sendBroadcast:1252 android.content.ContextWrapper.sendBroadcast:365 com.motorola.motocare.util.TriggerHelper$TriggerBuilder.send:76 com.motorola.motocare.internal.frameworkevents.ProcessKillTrigger.sendTrigger:147 com.motorola.motocare.internal.frameworkevents.ProcessKillTrigger.handleFrameworkEvent:164 
I/ActivityManager( 1016): Start proc com.rhmsoft.fm:crash.feedback for broadcast com.rhmsoft.fm/com.cleanmaster.fm.receiver.ConnectivityChangeBroadcastReceiver: pid=20453 uid=10105 gids={50105, 3003, 1028, 1015}
I/ActivityManager( 1016): Killing 19548:com.android.packageinstaller/u0a85 (adj 15): empty #9
W/ContextImpl( 1231): Calling a method in the system process without a qualified user: android.app.ContextImpl.sendBroadcast:1252 android.content.ContextWrapper.sendBroadcast:365 com.motorola.motocare.util.TriggerHelper$TriggerBuilder.send:76 com.motorola.motocare.internal.frameworkevents.ProcessKillTrigger.sendTrigger:147 com.motorola.motocare.internal.frameworkevents.ProcessKillTrigger.handleFrameworkEvent:164 
W/Vold    (  261): Returning OperationFailed - no handler for errno 30
I/openssl (17168): Crypto mode not selected, openssl will run on its regular mode.
I/openssl (17168): Crypto mode 0 already enabled
W/Vold    (  261): Returning OperationFailed - no handler for errno 30
W/Vold    (  261): Returning OperationFailed - no handler for errno 30
W/Vold    (  261): Returning OperationFailed - no handler for errno 30
I/ActivityManager( 1016): Start proc com.google.android.gms.unstable for service com.google.android.gms/.droidguard.DroidGuardService: pid=20481 uid=10022 gids={50022, 3003, 1007, 1028, 1015, 3002, 3001, 3007, 2001, 3006}
W/Vold    (  261): Returning OperationFailed - no handler for errno 30
W/Vold    (  261): Returning OperationFailed - no handler for errno 30
D/ConnectivityService( 1016): handleInetConditionHoldEnd: net=1, condition=100, published condition=0
I/ActivityManager( 1016): Killing 17972:android.process.acore/u0a10 (adj 15): empty #9
W/ContextImpl( 1231): Calling a method in the system process without a qualified user: android.app.ContextImpl.sendBroadcast:1252 android.content.ContextWrapper.sendBroadcast:365 com.motorola.motocare.util.TriggerHelper$TriggerBuilder.send:76 com.motorola.motocare.internal.frameworkevents.ProcessKillTrigger.sendTrigger:147 com.motorola.motocare.internal.frameworkevents.ProcessKillTrigger.handleFrameworkEvent:164 
I/ActivityManager( 1016): Killing 20282:com.android.deskclock/u0a15 (adj 15): empty #9
W/ContextImpl( 1231): Calling a method in the system process without a qualified user: android.app.ContextImpl.sendBroadcast:1252 android.content.ContextWrapper.sendBroadcast:365 com.motorola.motocare.util.TriggerHelper$TriggerBuilder.send:76 com.motorola.motocare.internal.frameworkevents.ProcessKillTrigger.sendTrigger:147 com.motorola.motocare.internal.frameworkevents.ProcessKillTrigger.handleFrameworkEvent:164 
I/ActivityManager( 1016): Start proc com.google.android.talk for broadcast com.google.android.talk/com.google.android.apps.babel.phone.PackageReplacedReceiver: pid=20525 uid=10071 gids={50071, 3003, 1028, 1015, 3002}
I/PackageManager( 1016): Adding preferred activity ComponentInfo{com.android.mms/com.android.mms.ui.ComposeMessageActivity} for user 0 :
I/PackageManager( 1016): Adding preferred activity ComponentInfo{com.android.mms/com.android.mms.ui.ComposeMessageActivity} for user 0 :
--------- beginning of /dev/log/main
I/PackageManager( 1016):   Action: "android.intent.action.SENDTO"
