I/ActivityManager( 1016): Start proc com.google.android.apps.magazines for broadcast com.google.android.apps.magazines/com.google.apps.dots.android.app.receiver.FirstInstallNotificationReceiver: pid=1665 uid=10077 gids={50077, 3003, 1028, 1015}
E/dalvikvm( 1576): Could not find class 'org.apache.harmony.xnet.provider.jsse.OpenSSLSocketImpl', referenced from method com.facebook.ssl.openssl.check.CheckOpenSSLImplHasRequiredMethods.<clinit>
W/dalvikvm( 1576): VFY: unable to resolve const-class 9937 (Lorg/apache/harmony/xnet/provider/jsse/OpenSSLSocketImpl;) in Lcom/facebook/ssl/openssl/check/CheckOpenSSLImplHasRequiredMethods;
D/dalvikvm( 1576): VFY: replacing opcode 0x1c at 0x000d
E/dalvikvm( 1576): Could not find class 'org.apache.harmony.xnet.provider.jsse.OpenSSLSocketFactoryImpl', referenced from method com.facebook.ssl.openssl.reflect.SSLParametersGetter.<clinit>
W/dalvikvm( 1576): VFY: unable to resolve const-class 9936 (Lorg/apache/harmony/xnet/provider/jsse/OpenSSLSocketFactoryImpl;) in Lcom/facebook/ssl/openssl/reflect/SSLParametersGetter;
D/dalvikvm( 1576): VFY: replacing opcode 0x1c at 0x000d
E/dalvikvm( 1576): Could not find class 'org.apache.harmony.xnet.provider.jsse.SSLParametersImpl', referenced from method com.facebook.ssl.openssl.reflect.SSLParametersGetter.a
W/dalvikvm( 1576): VFY: unable to resolve check-cast 9939 (Lorg/apache/harmony/xnet/provider/jsse/SSLParametersImpl;) in Lcom/facebook/ssl/openssl/reflect/SSLParametersGetter;
D/dalvikvm( 1576): VFY: replacing opcode 0x1f at 0x0006
E/dalvikvm( 1576): Could not find class 'org.apache.harmony.xnet.provider.jsse.SSLParametersImpl', referenced from method com.facebook.ssl.openssl.reflect.SSLSessionTimeoutSetter.<clinit>
W/dalvikvm( 1576): VFY: unable to resolve const-class 9939 (Lorg/apache/harmony/xnet/provider/jsse/SSLParametersImpl;) in Lcom/facebook/ssl/openssl/reflect/SSLSessionTimeoutSetter;
D/dalvikvm( 1576): VFY: replacing opcode 0x1c at 0x000d
W/dalvikvm( 1576): VFY: unable to find class referenced in signature (Lorg/apache/harmony/xnet/provider/jsse/SSLParametersImpl;)
E/dalvikvm( 1576): Could not find class 'org.apache.harmony.xnet.provider.jsse.ClientSessionContext', referenced from method com.facebook.ssl.openssl.reflect.SSLSessionTimeoutSetter.a
W/dalvikvm( 1576): VFY: unable to resolve check-cast 9935 (Lorg/apache/harmony/xnet/provider/jsse/ClientSessionContext;) in Lcom/facebook/ssl/openssl/reflect/SSLSessionTimeoutSetter;
D/dalvikvm( 1576): VFY: replacing opcode 0x1f at 0x0006
W/dalvikvm( 1576): VFY: unable to find class referenced in signature (Lorg/apache/harmony/xnet/provider/jsse/SSLParametersImpl;)
W/dalvikvm( 1576): Unable to resolve superclass of Lcom/facebook/ssl/openssl/TicketEnabledOpenSSLSocketImplWrapper; (9938)
W/dalvikvm( 1576): Link of class 'Lcom/facebook/ssl/openssl/TicketEnabledOpenSSLSocketImplWrapper;' failed
E/dalvikvm( 1576): Could not find class 'com.facebook.ssl.openssl.TicketEnabledOpenSSLSocketImplWrapper', referenced from method com.facebook.ssl.openssl.TicketEnabledOpenSSLSocketFactoryHelper.a
W/dalvikvm( 1576): VFY: unable to resolve new-instance 7703 (Lcom/facebook/ssl/openssl/TicketEnabledOpenSSLSocketImplWrapper;) in Lcom/facebook/ssl/openssl/TicketEnabledOpenSSLSocketFactoryHelper;
D/dalvikvm( 1576): VFY: replacing opcode 0x22 at 0x0000
W/dalvikvm( 1576): Unable to resolve superclass of Lcom/facebook/ssl/openssl/TicketEnabledOpenSSLSocketImplWrapper; (9938)
W/dalvikvm( 1576): Link of class 'Lcom/facebook/ssl/openssl/TicketEnabledOpenSSLSocketImplWrapper;' failed
D/dalvikvm( 1576): DexOpt: unable to opt direct call 0xbd3a at 0x08 in Lcom/facebook/ssl/openssl/TicketEnabledOpenSSLSocketFactoryHelper;.a
D/dalvikvm( 1576): Trying to load lib /data/app-lib/com.facebook.katana-1/libfb.so 0x42790d38
D/dalvikvm( 1576): Added shared lib /data/app-lib/com.facebook.katana-1/libfb.so 0x42790d38
D/dalvikvm( 1576): No JNI_OnLoad found in /data/app-lib/com.facebook.katana-1/libfb.so 0x42790d38, skipping init
D/dalvikvm( 1576): Trying to load lib /data/app-lib/com.facebook.katana-1/libfbjni.so 0x42790d38
D/dalvikvm( 1576): Added shared lib /data/app-lib/com.facebook.katana-1/libfbjni.so 0x42790d38
D/dalvikvm( 1576): Trying to load lib /data/app-lib/com.facebook.katana-1/libheartbleed.so 0x42790d38
D/dalvikvm( 1576): Added shared lib /data/app-lib/com.facebook.katana-1/libheartbleed.so 0x42790d38
D/dalvikvm( 1576): Trying to load lib /data/app-lib/com.facebook.katana-1/libcares.so 0x42790d38
D/dalvikvm( 1576): Added shared lib /data/app-lib/com.facebook.katana-1/libcares.so 0x42790d38
D/dalvikvm( 1576): No JNI_OnLoad found in /data/app-lib/com.facebook.katana-1/libcares.so 0x42790d38, skipping init
D/dalvikvm( 1576): Trying to load lib /data/app-lib/com.facebook.katana-1/libdouble-conversion.so 0x42790d38
D/dalvikvm( 1576): Added shared lib /data/app-lib/com.facebook.katana-1/libdouble-conversion.so 0x42790d38
D/dalvikvm( 1576): No JNI_OnLoad found in /data/app-lib/com.facebook.katana-1/libdouble-conversion.so 0x42790d38, skipping init
D/dalvikvm( 1576): Trying to load lib /data/app-lib/com.facebook.katana-1/libevent.so 0x42790d38
D/dalvikvm( 1576): Added shared lib /data/app-lib/com.facebook.katana-1/libevent.so 0x42790d38
D/dalvikvm( 1576): No JNI_OnLoad found in /data/app-lib/com.facebook.katana-1/libevent.so 0x42790d38, skipping init
D/dalvikvm( 1576): Trying to load lib /data/app-lib/com.facebook.katana-1/libliger.so 0x42790d38
W/BroadcastQueue( 1016): Permission Denial: broadcasting Intent { act=android.net.conn.INET_CONDITION_ACTION flg=0x4000010 (has extras) } from null (pid=-1, uid=-1) requires com.facebook.permission.prod.FB_APP_COMMUNICATION due to registered receiver BroadcastFilter{42fc8b60 u0 ReceiverList{428a6108 1576 com.facebook.katana:dash/10110/u0 remote:429bd408}}
W/BroadcastQueue( 1016): Permission Denial: broadcasting Intent { act=android.net.conn.CONNECTIVITY_CHANGE flg=0x4000010 (has extras) } from null (pid=-1, uid=-1) requires com.facebook.permission.prod.FB_APP_COMMUNICATION due to registered receiver BroadcastFilter{42fc8b60 u0 ReceiverList{428a6108 1576 com.facebook.katana:dash/10110/u0 remote:429bd408}}
I/dalvikvm( 1665): Could not find method android.accounts.AccountManager.getPreviousName, referenced from method com.google.apps.dots.android.newsstand.auth.AccountManagerDelegate.getPreviousName
W/dalvikvm( 1665): VFY: unable to resolve virtual method 7: Landroid/accounts/AccountManager;.getPreviousName (Landroid/accounts/Account;)Ljava/lang/String;
D/dalvikvm( 1665): VFY: replacing opcode 0x6e at 0x0002
D/dalvikvm( 1576): Added shared lib /data/app-lib/com.facebook.katana-1/libliger.so 0x42790d38
E/cutils  (  261): Failed to mkdirat(/storage/sdcard1/Android): Read-only file system
W/Vold    (  261): Returning OperationFailed - no handler for errno 30
W/ContextImpl( 1665): Failed to ensure directory: /storage/sdcard1/Android/data/com.google.android.apps.magazines/cache
E/cutils  (  261): Failed to mkdirat(/storage/sdcard1/Android): Read-only file system
W/Vold    (  261): Returning OperationFailed - no handler for errno 30
W/ContextImpl( 1665): Failed to ensure directory: /storage/sdcard1/Android/data/com.google.android.apps.magazines/files
E/cutils  (  261): Failed to mkdirat(/storage/sdcard1/Android): Read-only file system
W/Vold    (  261): Returning OperationFailed - no handler for errno 30
W/ContextImpl( 1665): Failed to ensure directory: /storage/sdcard1/Android/data/com.google.android.apps.magazines/cache
E/cutils  (  261): Failed to mkdirat(/storage/sdcard1/Android): Read-only file system
W/Vold    (  261): Returning OperationFailed - no handler for errno 30
W/ContextImpl( 1665): Failed to ensure directory: /storage/sdcard1/Android/data/com.google.android.apps.magazines/files
D/WifiStateMachine( 1016): handleMessage: E msg.what=151572
D/WifiStateMachine( 1016): processMsg: ConnectedState
D/WifiStateMachine( 1016): processMsg: L2ConnectedState
D/WifiStateMachine( 1016): handleMessage: X
I/ApplicationLogger( 1546): canRun() : Opted Out
I/UpdateIcingCorporaServi( 1546): UpdateCorporaTask done [took 294 ms] updated apps [took 294 ms] 
I/ActivityManager( 1016): Killing 1576:com.facebook.katana:dash/u0a110 (adj 15): empty #9
W/ContextImpl( 1231): Calling a method in the system process without a qualified user: android.app.ContextImpl.sendBroadcast:1252 android.content.ContextWrapper.sendBroadcast:365 com.motorola.motocare.util.TriggerHelper$TriggerBuilder.send:76 com.motorola.motocare.internal.frameworkevents.ProcessKillTrigger.sendTrigger:147 com.motorola.motocare.internal.frameworkevents.ProcessKillTrigger.handleFrameworkEvent:164 
D/WifiService( 1016): Client connection lost with reason: 4
V/WebViewChromiumFactoryProvider( 1665): Binding Chromium to main looper Looper (main, tid 1) {4278ded8}
I/LibraryLoader( 1665): Expected native library version number "",actual native library version number ""
I/chromium( 1665): [INFO:library_loader_hooks.cc(116)] Chromium logging enabled: level = 0, default verbosity = 0
I/BrowserStartupController( 1665): Initializing chromium process, renderers=0
E/AudioManagerAndroid( 1665): BLUETOOTH permission is missing!
I/Adreno-EGL( 1665): <qeglDrvAPI_eglInitialize:410>: EGL 1.4 QUALCOMM build: AU_LINUX_ANDROID_LNX.LA.3.5.1_RB1.04.04.02.048.018_msm8226_LNX.LA.3.5.1_RB1__release_AU ()
I/Adreno-EGL( 1665): OpenGL ES Shader Compiler Version: E031.24.00.08
I/Adreno-EGL( 1665): Build Date: 03/07/14 Fri
I/Adreno-EGL( 1665): Local Branch: 
I/Adreno-EGL( 1665): Remote Branch: quic/LNX.LA.3.5.1_RB1.1
I/Adreno-EGL( 1665): Local Patches: NONE
I/Adreno-EGL( 1665): Reconstruct Branch: AU_LINUX_ANDROID_LNX.LA.3.5.1_RB1.04.04.02.048.018 + f2fd134 +  NOTHING
D/Ulp_jni ( 1016): Location CB invoked
I/NSApplication( 1665): Starting up...
I/ActivityManager( 1016): Start proc com.google.android.apps.cloudprint for broadcast com.google.android.apps.cloudprint/.printdialog.receivers.UpgradeBroadcastReceiver: pid=1728 uid=10058 gids={50058, 3003, 1028}
I/ActivityManager( 1016): Killing 1610:com.google.android.partnersetup/u0a25 (adj 15): empty #9
W/ContextImpl( 1231): Calling a method in the system process without a qualified user: android.app.ContextImpl.sendBroadcast:1252 android.content.ContextWrapper.sendBroadcast:365 com.motorola.motocare.util.TriggerHelper$TriggerBuilder.send:76 com.motorola.motocare.internal.frameworkevents.ProcessKillTrigger.sendTrigger:147 com.motorola.motocare.internal.frameworkevents.ProcessKillTrigger.handleFrameworkEvent:164 
D/AudioManagerAndroid( 1665): ==> onReceive: s=0, m=1, n=h2w, sb=true
D/AudioManagerAndroid( 1665): reportUpdate: state=0, devices=[Speakerphone, Headset earpiece]
I/ActivityManager( 1016): Start proc com.motorola.context for broadcast com.motorola.context/.engine.mediator.MediatorReceiver: pid=1741 uid=10011 gids={50011, 3001, 3002, 3003}
I/ActivityManager( 1016): Killing 1393:com.motorola.MotGallery2/u0a34 (adj 15): empty #9
W/ContextImpl( 1231): Calling a method in the system process without a qualified user: android.app.ContextImpl.sendBroadcast:1252 android.content.ContextWrapper.sendBroadcast:365 com.motorola.motocare.util.TriggerHelper$TriggerBuilder.send:76 com.motorola.motocare.internal.frameworkevents.ProcessKillTrigger.sendTrigger:147 com.motorola.motocare.internal.frameworkevents.ProcessKillTrigger.handleFrameworkEvent:164 
D/dalvikvm(  280): GC_EXPLICIT freed 43K, 48% free 9010K/17224K, paused 1ms+3ms, total 22ms
D/dalvikvm(  280): GC_EXPLICIT freed <1K, 48% free 9010K/17224K, paused 2ms+3ms, total 18ms
D/dalvikvm(  280): GC_EXPLICIT freed <1K, 48% free 9010K/17224K, paused 2ms+3ms, total 17ms
D/dalvikvm( 1016): GC_EXPLICIT freed 773K, 29% free 28639K/40112K, paused 4ms+12ms, total 136ms
I/ActivityManager( 1016): Killing 1429:com.android.vending/u0a39 (adj 15): empty #9
W/ContextImpl( 1231): Calling a method in the system process without a qualified user: android.app.ContextImpl.sendBroadcast:1252 android.content.ContextWrapper.sendBroadcast:365 com.motorola.motocare.util.TriggerHelper$TriggerBuilder.send:76 com.motorola.motocare.internal.frameworkevents.ProcessKillTrigger.sendTrigger:147 com.motorola.motocare.internal.frameworkevents.ProcessKillTrigger.handleFrameworkEvent:164 
D/GCM     (31791): GcmService start Intent { act=com.google.android.checkin.CHECKIN_COMPLETE flg=0x10 cmp=com.google.android.gms/.gcm.GcmService (has extras) } com.google.android.checkin.CHECKIN_COMPLETE
I/GCM     (31791): GCM config loaded
I/ActivityManager( 1016): Killing 1474:com.google.android.apps.plus/u0a90 (adj 15): empty #9
W/ContextImpl( 1231): Calling a method in the system process without a qualified user: android.app.ContextImpl.sendBroadcast:1252 android.content.ContextWrapper.sendBroadcast:365 com.motorola.motocare.util.TriggerHelper$TriggerBuilder.send:76 com.motorola.motocare.internal.frameworkevents.ProcessKillTrigger.sendTrigger:147 com.motorola.motocare.internal.frameworkevents.ProcessKillTrigger.handleFrameworkEvent:164 
D/WifiStateMachine( 1016): handleMessage: E msg.what=131155
D/WifiStateMachine( 1016): processMsg: ConnectedState
D/WifiStateMachine( 1016): processMsg: L2ConnectedState
D/WifiStateMachine( 1016): handleMessage: X
D/WifiStateMachine( 1016): handleMessage: E msg.what=151572
D/WifiStateMachine( 1016): processMsg: ConnectedState
D/WifiStateMachine( 1016): processMsg: L2ConnectedState
D/WifiStateMachine( 1016): handleMessage: X
I/Icing   (20182): Indexing D11140B64A23ADCF9607D6E17FA4854A5443BF22 from com.google.android.googlequicksearchbox
D/Icing   (20182): Loaded CLD2 Version V2.0 - 20141016
I/Icing   (20182): Indexing done D11140B64A23ADCF9607D6E17FA4854A5443BF22
D/WifiStateMachine( 1016): handleMessage: E msg.what=151572
D/WifiStateMachine( 1016): processMsg: ConnectedState
D/WifiStateMachine( 1016): processMsg: L2ConnectedState
D/WifiStateMachine( 1016): handleMessage: X
V/AlarmManager( 1016): sending alarm Alarm{43500578 type 2 android}
D/WifiStateMachine( 1016): handleMessage: E msg.what=151572
D/WifiStateMachine( 1016): processMsg: ConnectedState
D/WifiStateMachine( 1016): processMsg: L2ConnectedState
D/WifiStateMachine( 1016): handleMessage: X
I/InputReader( 1016): Reconfiguring input devices.  changes=0x00000010
I/PackageManager( 1016): Adding preferred activity ComponentInfo{com.android.mms/com.android.mms.ui.ComposeMessageActivity} for user 0 :
I/PackageManager( 1016):   Action: "android.intent.action.SENDTO"
I/PackageManager( 1016):   Category: "android.intent.category.DEFAULT"
I/PackageManager( 1016):   Scheme: "sms"
I/PackageManager( 1016): Adding preferred activity ComponentInfo{com.android.mms/com.android.mms.ui.ComposeMessageActivity} for user 0 :
I/PackageManager( 1016):   Action: "android.intent.action.SENDTO"
I/PackageManager( 1016):   Category: "android.intent.category.DEFAULT"
I/PackageManager( 1016):   Scheme: "smsto"
I/ActivityManager( 1016): Start proc com.google.android.talk for broadcast com.google.android.talk/com.google.android.apps.hangouts.phone.PackageReplacedReceiver: pid=1775 uid=10071 gids={50071, 3003, 1028, 1015, 3002}
I/PackageManager( 1016): Adding preferred activity ComponentInfo{com.android.mms/com.android.mms.ui.ComposeMessageActivity} for user 0 :
I/PackageManager( 1016):   Action: "android.intent.action.SENDTO"
I/PackageManager( 1016):   Category: "android.intent.category.DEFAULT"
I/PackageManager( 1016):   Scheme: "mms"
I/Launcher(  813): Deferring update until onResume
I/PackageManager( 1016): Adding preferred activity ComponentInfo{com.android.mms/com.android.mms.ui.ComposeMessageActivity} for user 0 :
I/PackageManager( 1016):   Action: "android.intent.action.SENDTO"
I/PackageManager( 1016):   Category: "android.intent.category.DEFAULT"
I/PackageManager( 1016):   Scheme: "mmsto"
D/WifiStateMachine( 1016): handleMessage: E msg.what=131155
D/WifiStateMachine( 1016): processMsg: ConnectedState
D/WifiStateMachine( 1016): processMsg: L2ConnectedState
I/Launcher(  813): Deferring update until onResume
D/WifiStateMachine( 1016): handleMessage: X
I/PackageManager( 1016): Adding preferred activity ComponentInfo{com.android.mms/com.android.mms.ui.ComposeMessageActivity} for user 0 :
I/PackageManager( 1016):   Action: "android.intent.action.SENDTO"
I/PackageManager( 1016):   Category: "android.intent.category.DEFAULT"
I/PackageManager( 1016):   Scheme: "sms"
I/PackageManager( 1016): Adding preferred activity ComponentInfo{com.android.mms/com.android.mms.ui.ComposeMessageActivity} for user 0 :
I/PackageManager( 1016):   Action: "android.intent.action.SENDTO"
I/PackageManager( 1016):   Category: "android.intent.category.DEFAULT"
I/PackageManager( 1016):   Scheme: "smsto"
I/PackageManager( 1016): Adding preferred activity ComponentInfo{com.android.mms/com.android.mms.ui.ComposeMessageActivity} for user 0 :
I/PackageManager( 1016):   Action: "android.intent.action.SENDTO"
I/PackageManager( 1016):   Category: "android.intent.category.DEFAULT"
I/PackageManager( 1016):   Scheme: "mms"
I/PackageManager( 1016): Adding preferred activity ComponentInfo{com.android.mms/com.android.mms.ui.ComposeMessageActivity} for user 0 :
I/PackageManager( 1016):   Action: "android.intent.action.SENDTO"
I/PackageManager( 1016):   Category: "android.intent.category.DEFAULT"
I/PackageManager( 1016):   Scheme: "mmsto"
D/dalvikvm( 1775): Trying to load lib /data/app-lib/com.google.android.talk-1/libcrashreporterer.so 0x4278bab0
D/dalvikvm( 1775): Added shared lib /data/app-lib/com.google.android.talk-1/libcrashreporterer.so 0x4278bab0
E/dalvikvm( 1775): Could not find class 'android.app.Notification$Action$Builder', referenced from method f.a
W/dalvikvm( 1775): VFY: unable to resolve new-instance 402 (Landroid/app/Notification$Action$Builder;) in Lf;
D/dalvikvm( 1775): VFY: replacing opcode 0x22 at 0x0000
E/dalvikvm( 1775): Could not find class 'android.app.RemoteInput$Builder', referenced from method f.a
W/dalvikvm( 1775): VFY: unable to resolve new-instance 414 (Landroid/app/RemoteInput$Builder;) in Lf;
D/dalvikvm( 1775): VFY: replacing opcode 0x22 at 0x003d
V/GmsNetworkLocationProvi(31965): DISABLE
E/dalvikvm( 1775): Could not find class 'android.app.Notification$Action$Builder', referenced from method f.a
W/dalvikvm( 1775): VFY: unable to resolve new-instance 402 (Landroid/app/Notification$Action$Builder;) in Lf;
D/dalvikvm( 1775): VFY: replacing opcode 0x22 at 0x0000
D/WifiStateMachine( 1016): handleMessage: E msg.what=151572
D/WifiStateMachine( 1016): processMsg: ConnectedState
D/WifiStateMachine( 1016): processMsg: L2ConnectedState
W/dalvikvm( 1775): Unable to resolve superclass of Law; (790)
W/dalvikvm( 1775): Link of class 'Law;' failed
E/dalvikvm( 1775): Could not find class 'aw', referenced from method f.a
W/dalvikvm( 1775): VFY: unable to resolve new-instance 1214 (Law;) in Lf;
D/dalvikvm( 1775): VFY: replacing opcode 0x22 at 0x0006
W/dalvikvm( 1775): Unable to resolve superclass of Lay; (790)
W/dalvikvm( 1775): Link of class 'Lay;' failed
E/dalvikvm( 1775): Could not find class 'ay', referenced from method f.a
W/dalvikvm( 1775): VFY: unable to resolve new-instance 1268 (Lay;) in Lf;
D/dalvikvm( 1775): VFY: replacing opcode 0x22 at 0x002a
I/dalvikvm( 1775): Could not find method android.view.ViewGroup.isTransitionGroup, referenced from method f.a
W/dalvikvm( 1775): VFY: unable to resolve virtual method 5345: Landroid/view/ViewGroup;.isTransitionGroup ()Z
D/dalvikvm( 1775): VFY: replacing opcode 0x6e at 0x000c
I/dalvikvm( 1775): Could not find method android.view.View.getTransitionName, referenced from method f.a
W/dalvikvm( 1775): VFY: unable to resolve virtual method 5199: Landroid/view/View;.getTransitionName ()Ljava/lang/String;
D/dalvikvm( 1775): VFY: replacing opcode 0x6e at 0x0006
W/dalvikvm( 1775): VFY: unable to find class referenced in signature ([Landroid/app/RemoteInput;)
E/dalvikvm( 1775): Could not find class 'android.app.RemoteInput[]', referenced from method f.a
W/dalvikvm( 1775): VFY: unable to resolve new-array 6957 ([Landroid/app/RemoteInput;) in Lf;
D/dalvikvm( 1775): VFY: replacing opcode 0x23 at 0x0005
D/WifiStateMachine( 1016): handleMessage: X
D/dalvikvm( 1775): DexOpt: couldn't find static field Landroid/os/Build;.SUPPORTED_ABIS
W/dalvikvm( 1775): VFY: unable to resolve static field 1486 (SUPPORTED_ABIS) in Landroid/os/Build;
D/dalvikvm( 1775): VFY: replacing opcode 0x62 at 0x0006
D/dalvikvm( 1775): DexOpt: unable to opt direct call 0x0a62 at 0x0e in Lf;.a
D/dalvikvm( 1775): DexOpt: unable to opt direct call 0x0ab7 at 0x43 in Lf;.a
D/dalvikvm(31791): GC_EXPLICIT freed 501K, 40% free 10432K/17224K, paused 3ms+4ms, total 41ms
D/dalvikvm( 1775): DexOpt: unable to opt direct call 0x0a62 at 0x0e in Lf;.a
W/dalvikvm( 1775): Unable to resolve superclass of Law; (790)
W/dalvikvm( 1775): Link of class 'Law;' failed
D/dalvikvm( 1775): DexOpt: unable to opt direct call 0x1d53 at 0x08 in Lf;.a
W/dalvikvm( 1775): Unable to resolve superclass of Lay; (790)
W/dalvikvm( 1775): Link of class 'Lay;' failed
D/dalvikvm( 1775): DexOpt: unable to opt direct call 0x1e94 at 0x2c in Lf;.a
D/dalvikvm( 1775): DexOpt: unable to opt direct call 0x0ab7 at 0x13 in Lf;.a
V/GmsNetworkLocationProvi(31965): onSetRequest: ProviderRequestUnbundled, reportLocation is true and interval is 14400000
V/GmsNetworkLocationProvi(31965): ENABLE
V/GmsNetworkLocationProvi(31965): SET-REQUEST
V/GmsNetworkLocationProvi(31965): in Handler: ProviderRequestUnbundled, reportLocation is true and interval is 14400000
D/WifiService( 1016): acquireWifiLockLocked: WifiLock{NlpWifiLock type=2 binder=android.os.BinderProxy@430cab68}
D/WifiStateMachine( 1016): handleMessage: E msg.what=131143
D/WifiStateMachine( 1016): processMsg: ConnectedState
D/WifiStateMachine( 1016): processMsg: L2ConnectedState
D/WifiStateMachine( 1016): handleMessage: X
I/dalvikvm( 1775): Could not find method android.content.Context.getDrawable, referenced from method i.a
W/dalvikvm( 1775): VFY: unable to resolve virtual method 2839: Landroid/content/Context;.getDrawable (I)Landroid/graphics/drawable/Drawable;
D/dalvikvm( 1775): VFY: replacing opcode 0x6e at 0x0006
I/Babel   ( 1775): MmsConfig: mnc/mcc: 272/3
I/Babel   ( 1775): MmsConfig.loadMmsSettings
I/Babel   ( 1775): MmsConfig.loadDeviceMmsSettings from API: mUserAgent=motoxt1039, mUaProfUrl=http://uaprof.motorola.com/phoneconfig/motoxt1039/Profile/motoxt1039.rdf
I/Babel   ( 1775): MmsConfig.loadFromDatabase
E/SQLiteLog( 1775): (1) no such table: mmsconfig
I/Babel   ( 1775): MmsConfig: no mmsconfig table android.database.sqlite.SQLiteException: no such table: mmsconfig (code 1): , while compiling: SELECT key, value, type FROM mmsconfig WHERE numeric=?
I/Babel   ( 1775): MmsConfig.loadFromResources
E/Babel   ( 1775): canonicalizeMccMnc: invalid mccmnc nullnull
I/Babel   ( 1775): MmsConfig.loadMmsSettings: mUserAgent=motoxt1039, mUaProfUrl=http://uaprof.motorola.com/phoneconfig/motoxt1039/Profile/motoxt1039.rdf
W/Settings( 1775): Setting airplane_mode_on has moved from android.provider.Settings.System to android.provider.Settings.Global, returning read-only value.
I/Babel_StickerModule( 1775): App launched.
W/AppOps  ( 1016): Bad call: specified package qcamera under uid 1013 but it is really -1
I/ActivityManager( 1016): Start proc com.motorola.MotGallery2 for broadcast com.motorola.MotGallery2/com.android.gallery3d.app.PackagesMonitor: pid=1814 uid=10034 gids={50034, 3003, 1028, 1015}
W/AppOps  ( 1016): Bad call: specified package qcamera under uid 1013 but it is really -1
W/AppOps  ( 1016): Bad call: specified package qcamera under uid 1013 but it is really -1
I/ActivityManager( 1016): Start proc com.android.vending for broadcast com.android.vending/com.google.android.finsky.receivers.PackageMonitorReceiver$RegisteredReceiver: pid=1829 uid=10039 gids={50039, 3003, 1028, 1015}
I/ActivityManager( 1016): Killing 1514:com.google.android.apps.docs/u0a60 (adj 15): empty #9
W/ContextImpl( 1231): Calling a method in the system process without a qualified user: android.app.ContextImpl.sendBroadcast:1252 android.content.ContextWrapper.sendBroadcast:365 com.motorola.motocare.util.TriggerHelper$TriggerBuilder.send:76 com.motorola.motocare.internal.frameworkevents.ProcessKillTrigger.sendTrigger:147 com.motorola.motocare.internal.frameworkevents.ProcessKillTrigger.handleFrameworkEvent:164 
W/AppOps  ( 1016): Bad call: specified package qcamera under uid 1013 but it is really -1
W/dalvikvm( 1775): Unable to resolve superclass of Lcom/google/android/libraries/hangouts/video/ScreenCaptureVideoSource$2; (596)
W/dalvikvm( 1775): Link of class 'Lcom/google/android/libraries/hangouts/video/ScreenCaptureVideoSource$2;' failed
E/dalvikvm( 1775): Could not find class 'com.google.android.libraries.hangouts.video.ScreenCaptureVideoSource$2', referenced from method com.google.android.libraries.hangouts.video.ScreenCaptureVideoSource.<init>
W/dalvikvm( 1775): VFY: unable to resolve new-instance 2878 (Lcom/google/android/libraries/hangouts/video/ScreenCaptureVideoSource$2;) in Lcom/google/android/libraries/hangouts/video/ScreenCaptureVideoSource;
D/dalvikvm( 1775): VFY: replacing opcode 0x22 at 0x0044
W/dalvikvm( 1775): VFY: unable to find class referenced in signature (Landroid/media/projection/MediaProjection;)
W/dalvikvm( 1775): VFY: unable to find class referenced in signature (Landroid/media/projection/MediaProjection;)
W/dalvikvm( 1775): VFY: unable to find class referenced in signature (Landroid/media/projection/MediaProjection;)
W/dalvikvm( 1775): VFY: unable to find class referenced in signature (Landroid/media/projection/MediaProjectionManager;)
I/dalvikvm( 1775): Could not find method android.media.projection.MediaProjection.createVirtualDisplay, referenced from method com.google.android.libraries.hangouts.video.ScreenCaptureVideoSource.createVirtualDisplay
W/dalvikvm( 1775): VFY: unable to resolve virtual method 3518: Landroid/media/projection/MediaProjection;.createVirtualDisplay (Ljava/lang/String;IIIILandroid/view/Surface;Landroid/hardware/display/VirtualDisplay$Callback;Landroid/os/Handler;)Landroid/hardware/display/VirtualDisplay;
D/dalvikvm( 1775): VFY: replacing opcode 0x74 at 0x0053
I/dalvikvm( 1775): Could not find method android.media.projection.MediaProjection.stop, referenced from method com.google.android.libraries.hangouts.video.ScreenCaptureVideoSource.release
W/dalvikvm( 1775): VFY: unable to resolve virtual method 3520: Landroid/media/projection/MediaProjection;.stop ()V
D/dalvikvm( 1775): VFY: replacing opcode 0x6e at 0x002d
I/dalvikvm( 1775): Could not find method android.media.projection.MediaProjectionManager.createScreenCaptureIntent, referenced from method com.google.android.libraries.hangouts.video.ScreenCaptureVideoSource.startCapture
W/dalvikvm( 1775): VFY: unable to resolve virtual method 3522: Landroid/media/projection/MediaProjectionManager;.createScreenCaptureIntent ()Landroid/content/Intent;
D/dalvikvm( 1775): VFY: replacing opcode 0x6e at 0x0023
W/dalvikvm( 1775): Unable to resolve superclass of Lcom/google/android/libraries/hangouts/video/ScreenCaptureVideoSource$2; (596)
W/dalvikvm( 1775): Link of class 'Lcom/google/android/libraries/hangouts/video/ScreenCaptureVideoSource$2;' failed
D/dalvikvm( 1775): DexOpt: unable to opt direct call 0x4a49 at 0x46 in Lcom/google/android/libraries/hangouts/video/ScreenCaptureVideoSource;.<init>
I/dalvikvm( 1775): Could not find method android.media.MediaCodecInfo$CodecCapabilities.getVideoCapabilities, referenced from method com.google.android.libraries.hangouts.video.EncoderManager.isHardwareAcceleratedCodec
W/dalvikvm( 1775): VFY: unable to resolve virtual method 3454: Landroid/media/MediaCodecInfo$CodecCapabilities;.getVideoCapabilities ()Landroid/media/MediaCodecInfo$VideoCapabilities;
D/dalvikvm( 1775): VFY: replacing opcode 0x6e at 0x001f
I/Babel   ( 1775): Creating RTCS
D/Finsky  ( 1829): [1] FinskyApp.onCreate: Initializing network with DFE https://android.clients.google.com/fdfe/
I/Babel   ( 1775): Destroying RTCS
I/ActivityManager( 1016): Killing 1642:com.imangi.templerun2/u0a111 (adj 15): empty #9
W/ContextImpl( 1231): Calling a method in the system process without a qualified user: android.app.ContextImpl.sendBroadcast:1252 android.content.ContextWrapper.sendBroadcast:365 com.motorola.motocare.util.TriggerHelper$TriggerBuilder.send:76 com.motorola.motocare.internal.frameworkevents.ProcessKillTrigger.sendTrigger:147 com.motorola.motocare.internal.frameworkevents.ProcessKillTrigger.handleFrameworkEvent:164 
D/Finsky  ( 1829): [1] DailyHygiene.goMakeHygieneIfDirty: No need to run daily hygiene.
W/Settings( 1829): Setting download_manager_max_bytes_over_mobile has moved from android.provider.Settings.Secure to android.provider.Settings.Global.
W/Settings( 1829): Setting download_manager_recommended_max_bytes_over_mobile has moved from android.provider.Settings.Secure to android.provider.Settings.Global.
I/dalvikvm( 1829): Could not find method com.google.android.play.layout.PlayCardViewBase.setTransitionName, referenced from method com.google.android.finsky.utils.PlayCardUtils.bindCard
W/dalvikvm( 1829): VFY: unable to resolve virtual method 42705: Lcom/google/android/play/layout/PlayCardViewBase;.setTransitionName (Ljava/lang/String;)V
D/dalvikvm( 1829): VFY: replacing opcode 0x6e at 0x00d9
I/dalvikvm( 1829): Could not find method com.google.android.play.layout.PlayCardViewBase.setTransitionGroup, referenced from method com.google.android.finsky.utils.PlayCardUtils.bindCard
W/dalvikvm( 1829): VFY: unable to resolve virtual method 42704: Lcom/google/android/play/layout/PlayCardViewBase;.setTransitionGroup (Z)V
D/dalvikvm( 1829): VFY: replacing opcode 0x6e at 0x0246
I/dalvikvm( 1829): Could not find method android.view.View.getTransitionName, referenced from method com.google.android.finsky.navigationmanager.NavigationManager.showPage
W/dalvikvm( 1829): VFY: unable to resolve virtual method 9352: Landroid/view/View;.getTransitionName ()Ljava/lang/String;
D/dalvikvm( 1829): VFY: replacing opcode 0x6e at 0x001a
D/MDMCTBK (  276): reply_len: 40 reply is = IFNAME=wlan0 <3>CTRL-EVENT-BSS-ADDED 207
D/MDMCTBK (  276): Event received = CTRL-EVENT-BSS-ADDED 207
D/MDMCTBK (  276): reply_len: 40 reply is = IFNAME=wlan0 <3>CTRL-EVENT-BSS-ADDED 207
D/MDMCTBK (  276): Event received = CTRL-EVENT-BSS-ADDED 207
D/MDMCTBK (  276): reply_len: 40 reply is = IFNAME=wlan0 <3>CTRL-EVENT-BSS-REMOVED 2
D/MDMCTBK (  276): Event received = CTRL-EVENT-BSS-REMOVED 2
D/MDMCTBK (  276): reply_len: 40 reply is = IFNAME=wlan0 <3>CTRL-EVENT-SCAN-RESULTS 
D/MDMCTBK (  276): Event received = CTRL-EVENT-SCAN-RESULTS 
D/TCMD    ( 2001): NL - Read 56 bytes from update socket.
D/TCMD    ( 2001): NL - message type is RTM_NEWLINK
D/TCMD    ( 2001): Listening for incoming client connection request
D/WifiStateMachine( 1016): handleMessage: E msg.what=147461
D/WifiStateMachine( 1016): processMsg: ConnectedState
D/WifiStateMachine( 1016): processMsg: L2ConnectedState
D/WifiStateMachine( 1016): processMsg: ConnectModeState
D/WifiStateMachine( 1016): processMsg: DriverStartedState
D/WifiStateMachine( 1016): processMsg: SupplicantStartedState
D/WifiStateMachine( 1016): handleMessage: X
D/Finsky  ( 1829): [1] 2.run: Loaded library for account: [gKXbJhL8NA2nPUzZyFpjB6tKi7U]
D/Finsky  ( 1829): [1] 2.run: Finished loading 1 libraries.
I/ActivityManager( 1016): Killing 1665:com.google.android.apps.magazines/u0a77 (adj 15): empty #9
W/ContextImpl( 1231): Calling a method in the system process without a qualified user: android.app.ContextImpl.sendBroadcast:1252 android.content.ContextWrapper.sendBroadcast:365 com.motorola.motocare.util.TriggerHelper$TriggerBuilder.send:76 com.motorola.motocare.internal.frameworkevents.ProcessKillTrigger.sendTrigger:147 com.motorola.motocare.internal.frameworkevents.ProcessKillTrigger.handleFrameworkEvent:164 
D/PackageBroadcastService(20182): Received broadcast action=android.intent.action.PACKAGE_CHANGED and uri=com.google.android.gms
I/PackageBroadcastService(20182): Null package name or gms related package.  Ignoreing.
I/ActivityManager( 1016): Start proc com.google.android.apps.plus for broadcast com.google.android.apps.plus/.service.PackagesMediaMonitor: pid=1875 uid=10090 gids={50090, 3003, 3002, 1028, 1015}
I/Icing   (20182): updateResources: need to parse e{com.google.android.gms}
D/Finsky  ( 1829): [1] GmsCoreHelper.cleanupNlp: result=false type=4
E/dalvikvm( 1875): Could not find class 'android.app.Notification$Action$Builder', referenced from method b.a
W/dalvikvm( 1875): VFY: unable to resolve new-instance 302 (Landroid/app/Notification$Action$Builder;) in Lb;
D/dalvikvm( 1875): VFY: replacing opcode 0x22 at 0x0000
D/Finsky  ( 1829): [1] RestoreTracker.stopServiceIfDone: Restore complete with 0 success and 0 failed.
E/dalvikvm( 1875): Could not find class 'android.graphics.drawable.RippleDrawable', referenced from method b.a
W/dalvikvm( 1875): VFY: unable to resolve new-instance 462 (Landroid/graphics/drawable/RippleDrawable;) in Lb;
D/dalvikvm( 1875): VFY: replacing opcode 0x22 at 0x000b
W/dalvikvm( 1875): VFY: unable to find class referenced in signature (Lzt;)
W/dalvikvm( 1875): VFY: unable to find class referenced in signature (Lzt;)
W/dalvikvm( 1875): VFY: unable to find class referenced in signature (Lzt;)
W/dalvikvm( 1875): VFY: unable to find class referenced in signature (Lzt;)
W/dalvikvm( 1875): VFY: unable to find class referenced in signature (Lzt;)
W/dalvikvm( 1875): VFY: unable to find class referenced in signature (Lzt;)
W/dalvikvm( 1875): VFY: unable to find class referenced in signature (Lzt;)
E/dalvikvm( 1875): Could not find class 'android.app.Notification$Action$Builder', referenced from method b.a
W/dalvikvm( 1875): VFY: unable to resolve new-instance 302 (Landroid/app/Notification$Action$Builder;) in Lb;
D/dalvikvm( 1875): VFY: replacing opcode 0x22 at 0x0000
W/dalvikvm( 1875): Unable to resolve superclass of Lar; (689)
W/dalvikvm( 1875): Link of class 'Lar;' failed
E/dalvikvm( 1875): Could not find class 'ar', referenced from method b.a
W/dalvikvm( 1875): VFY: unable to resolve new-instance 999 (Lar;) in Lb;
D/dalvikvm( 1875): VFY: replacing opcode 0x22 at 0x0006
W/dalvikvm( 1875): Unable to resolve superclass of Lat; (689)
W/dalvikvm( 1875): Link of class 'Lat;' failed
E/dalvikvm( 1875): Could not find class 'at', referenced from method b.a
W/dalvikvm( 1875): VFY: unable to resolve new-instance 1053 (Lat;) in Lb;
D/dalvikvm( 1875): VFY: replacing opcode 0x22 at 0x002a
I/dalvikvm( 1875): Could not find method android.view.ViewGroup.isTransitionGroup, referenced from method b.a
W/dalvikvm( 1875): VFY: unable to resolve virtual method 4388: Landroid/view/ViewGroup;.isTransitionGroup ()Z
D/dalvikvm( 1875): VFY: replacing opcode 0x6e at 0x000c
I/dalvikvm( 1875): Could not find method android.view.View.getTransitionName, referenced from method b.a
W/dalvikvm( 1875): VFY: unable to resolve virtual method 4205: Landroid/view/View;.getTransitionName ()Ljava/lang/String;
D/dalvikvm( 1875): VFY: replacing opcode 0x6e at 0x0006
W/dalvikvm( 1875): VFY: unable to find class referenced in signature ([Landroid/app/RemoteInput;)
E/dalvikvm( 1875): Could not find class 'android.app.RemoteInput[]', referenced from method b.a
W/dalvikvm( 1875): VFY: unable to resolve new-array 12606 ([Landroid/app/RemoteInput;) in Lb;
D/dalvikvm( 1875): VFY: replacing opcode 0x23 at 0x0005
D/dalvikvm( 1775): GC_CONCURRENT freed 4285K, 26% free 12844K/17224K, paused 3ms+2ms, total 45ms
D/dalvikvm( 1875): DexOpt: unable to opt direct call 0x0530 at 0x0e in Lb;.a
D/dalvikvm( 1875): DexOpt: unable to opt direct call 0x08a4 at 0x0e in Lb;.a
D/dalvikvm( 1875): DexOpt: unable to opt direct call 0x0530 at 0x0e in Lb;.a
W/dalvikvm( 1875): Unable to resolve superclass of Lar; (689)
W/dalvikvm( 1875): Link of class 'Lar;' failed
D/dalvikvm( 1875): DexOpt: unable to opt direct call 0x177c at 0x08 in Lb;.a
W/dalvikvm( 1875): Unable to resolve superclass of Lat; (689)
W/dalvikvm( 1875): Link of class 'Lat;' failed
D/dalvikvm( 1875): DexOpt: unable to opt direct call 0x1846 at 0x2c in Lb;.a
D/dalvikvm( 1875): DexOpt: unable to opt direct call 0x0587 at 0x13 in Lb;.a
D/dalvikvm( 1875): Trying to load lib /data/app-lib/com.google.android.apps.plus-1/libcrashreporterer.so 0x42791c08
D/dalvikvm( 1875): Added shared lib /data/app-lib/com.google.android.apps.plus-1/libcrashreporterer.so 0x42791c08
I/UpdateIcingCorporaServi( 1546): Updating corpora: APPS=com.google.android.gms, CONTACTS=MAYBE
I/ApplicationLogger( 1546): canRun() : Opted Out
I/UpdateIcingCorporaServi( 1546): UpdateCorporaTask done [took 54 ms] updated apps [took 54 ms] 
I/ActivityManager( 1016): Killing 1728:com.google.android.apps.cloudprint/u0a58 (adj 15): empty #9
W/ContextImpl( 1231): Calling a method in the system process without a qualified user: android.app.ContextImpl.sendBroadcast:1252 android.content.ContextWrapper.sendBroadcast:365 com.motorola.motocare.util.TriggerHelper$TriggerBuilder.send:76 com.motorola.motocare.internal.frameworkevents.ProcessKillTrigger.sendTrigger:147 com.motorola.motocare.internal.frameworkevents.ProcessKillTrigger.handleFrameworkEvent:164 
D/WifiStateMachine( 1016): handleMessage: E msg.what=151572
D/WifiStateMachine( 1016): processMsg: ConnectedState
D/WifiStateMachine( 1016): processMsg: L2ConnectedState
D/WifiStateMachine( 1016): handleMessage: X
D/dalvikvm( 1775): GC_CONCURRENT freed 881K, 19% free 14010K/17224K, paused 2ms+2ms, total 37ms
D/dalvikvm( 1775): WAIT_FOR_CONCURRENT_GC blocked 26ms
D/WifiStateMachine( 1016): handleMessage: E msg.what=151572
D/WifiStateMachine( 1016): processMsg: ConnectedState
D/WifiStateMachine( 1016): processMsg: L2ConnectedState
D/WifiStateMachine( 1016): handleMessage: X
D/WifiStateMachine( 1016): handleMessage: E msg.what=131155
D/WifiStateMachine( 1016): processMsg: ConnectedState
D/WifiStateMachine( 1016): processMsg: L2ConnectedState
D/WifiStateMachine( 1016): handleMessage: X
D/WifiStateMachine( 1016): handleMessage: E msg.what=151572
D/WifiStateMachine( 1016): processMsg: ConnectedState
D/WifiStateMachine( 1016): processMsg: L2ConnectedState
D/WifiStateMachine( 1016): handleMessage: X
D/WifiStateMachine( 1016): handleMessage: E msg.what=151572
D/WifiStateMachine( 1016): processMsg: ConnectedState
D/WifiStateMachine( 1016): processMsg: L2ConnectedState
D/WifiStateMachine( 1016): handleMessage: X
D/WifiStateMachine( 1016): handleMessage: E msg.what=151572
D/WifiStateMachine( 1016): processMsg: ConnectedState
D/WifiStateMachine( 1016): processMsg: L2ConnectedState
D/WifiStateMachine( 1016): handleMessage: X
V/AlarmManager( 1016): sending alarm Alarm{4379bd30 type 2 com.google.android.gms}
D/Sensors ( 1016): AccelerationSensor: set delay 20
D/WifiService( 1016): releaseWifiLockLocked: WifiLock{NlpWifiLock type=2 binder=android.os.BinderProxy@430cab68}
I/ActivityManager( 1016): START u0 {act=android.intent.action.MAIN cat=[android.intent.category.LAUNCHER] flg=0x10000000 pkg=com.giftme.fb_auth cmp=com.giftme.fb_auth/.FB_Auth} from pid 730
W/ContextImpl( 1231): Calling a method in the system process without a qualified user: android.app.ContextImpl.sendBroadcast:1252 android.content.ContextWrapper.sendBroadcast:365 com.motorola.motocare.util.TriggerHelper$TriggerBuilder.send:76 com.motorola.motocare.internal.frameworkevents.PauseResumeTrigger.handleFrameworkEvent:53 com.motorola.motocare.internal.frameworkevents.FwEventMonitor$FrameworkListener.processFrameworkEvent:114 
I/ActivityManager( 1016): Start proc com.giftme.fb_auth for activity com.giftme.fb_auth/.FB_Auth: pid=1917 uid=10106 gids={50106, 3003, 1028, 1015}
I/dalvikvm( 1917): Enabling JNI app bug workarounds for target SDK version 7...
W/ContextImpl( 1231): Calling a method in the system process without a qualified user: android.app.ContextImpl.sendBroadcast:1252 android.content.ContextWrapper.sendBroadcast:365 com.motorola.motocare.util.TriggerHelper$TriggerBuilder.send:76 com.motorola.motocare.internal.frameworkevents.PauseResumeTrigger.handleFrameworkEvent:53 com.motorola.motocare.internal.frameworkevents.FwEventMonitor$FrameworkListener.processFrameworkEvent:114 
V/PhoneStatusBar( 1078): setLightsOn(true)
I/CordovaLog( 1917): Changing log level to DEBUG(3)
D/CordovaActivity( 1917): CordovaActivity.init()
I/dalvikvm( 1917): Could not find method android.webkit.CookieManager.setAcceptThirdPartyCookies, referenced from method org.apache.cordova.CordovaWebView.initWebViewSettings
W/dalvikvm( 1917): VFY: unable to resolve virtual method 6163: Landroid/webkit/CookieManager;.setAcceptThirdPartyCookies (Landroid/webkit/WebView;Z)V
D/dalvikvm( 1917): VFY: replacing opcode 0x6e at 0x002a
V/WebViewChromiumFactoryProvider( 1917): Binding Chromium to main looper Looper (main, tid 1) {427892d8}
I/LibraryLoader( 1917): Expected native library version number "",actual native library version number ""
I/chromium( 1917): [INFO:library_loader_hooks.cc(116)] Chromium logging enabled: level = 0, default verbosity = 0
I/BrowserStartupController( 1917): Initializing chromium process, renderers=0
E/AudioManagerAndroid( 1917): BLUETOOTH permission is missing!
I/Adreno-EGL( 1917): <qeglDrvAPI_eglInitialize:410>: EGL 1.4 QUALCOMM build: AU_LINUX_ANDROID_LNX.LA.3.5.1_RB1.04.04.02.048.018_msm8226_LNX.LA.3.5.1_RB1__release_AU ()
I/Adreno-EGL( 1917): OpenGL ES Shader Compiler Version: E031.24.00.08
I/Adreno-EGL( 1917): Build Date: 03/07/14 Fri
I/Adreno-EGL( 1917): Local Branch: 
I/Adreno-EGL( 1917): Remote Branch: quic/LNX.LA.3.5.1_RB1.1
I/Adreno-EGL( 1917): Local Patches: NONE
I/Adreno-EGL( 1917): Reconstruct Branch: AU_LINUX_ANDROID_LNX.LA.3.5.1_RB1.04.04.02.048.018 + f2fd134 +  NOTHING
V/ConfigFetchTask(20182): ConfigFetchTask getDeviceDataVersionInfo(): ABFEt1UnV48mGxB8Q2fXWToTi_P94Q6CIpfa9VtVkwtNWh_VDfiOsGq4KsjZum4FoYeggL6dDG6Kw-VdoEeiexdxeij85OkVTv8mUiOz3234iCFTjmPK_9oaFyXz6A4NXkZPHtnWfJ_nh6cQZDw5aRvEms6bGuODhwGhgOLzDARvVxzS0thvK-BPvWPcHcSTUy-nKUE6rBSp75ypYI5-QJdedloTMXfb5IqdTh13Lm3jis3RpPFdyg3mueVbE2mBNmVUi4zsDAby8af562LlahM6qwtwkA-20R1FiBNYQ4ePWUVW3T91ULs
I/GoogleURLConnFactory(20182): Using platform SSLCertificateSocketFactory
W/chromium( 1917): [WARNING:proxy_service.cc(890)] PAC support disabled because there is no system implementation
I/ConfigFetchService(20182): fetch service done; releasing wakelock
I/ConfigFetchService(20182): stopping self
D/CordovaActivity( 1917): CordovaActivity.createViews()
W/dalvikvm( 1917): VFY: unable to find class referenced in signature (Landroid/webkit/ClientCertRequest;)
W/dalvikvm( 1917): VFY: unable to find class referenced in signature (Landroid/webkit/ClientCertRequest;)
I/dalvikvm( 1917): Could not find method android.webkit.WebViewClient.onReceivedClientCertRequest, referenced from method org.apache.cordova.CordovaWebViewClient.onReceivedClientCertRequest
W/dalvikvm( 1917): VFY: unable to resolve virtual method 6235: Landroid/webkit/WebViewClient;.onReceivedClientCertRequest (Landroid/webkit/WebView;Landroid/webkit/ClientCertRequest;)V
D/dalvikvm( 1917): VFY: replacing opcode 0x6f at 0x001c
I/dalvikvm( 1917): Could not find method android.webkit.WebChromeClient$FileChooserParams.createIntent, referenced from method org.apache.cordova.CordovaChromeClient.onShowFileChooser
W/dalvikvm( 1917): VFY: unable to resolve virtual method 6182: Landroid/webkit/WebChromeClient$FileChooserParams;.createIntent ()Landroid/content/Intent;
D/dalvikvm( 1917): VFY: replacing opcode 0x6e at 0x0000
D/PluginManager( 1917): init()
D/CordovaWebView( 1917): CordovaWebView is running on device made by: motorola
D/CordovaWebView( 1917): >>> loadUrl(file:///android_asset/www/index.html)
D/CordovaWebView( 1917): >>> loadUrlNow()
D/WifiStateMachine( 1016): handleMessage: E msg.what=131155
D/WifiStateMachine( 1016): processMsg: ConnectedState
D/WifiStateMachine( 1016): processMsg: L2ConnectedState
D/WifiStateMachine( 1016): handleMessage: X
D/CordovaActivity( 1917): Resuming the App
D/AudioManagerAndroid( 1917): ==> onReceive: s=0, m=1, n=h2w, sb=true
D/AudioManagerAndroid( 1917): reportUpdate: state=0, devices=[Speakerphone, Headset earpiece]
D/SoftKeyboardDetect( 1917): Ignore this event
D/OpenGLRenderer( 1917): Enabling debug mode 0
D/WifiStateMachine( 1016): handleMessage: E msg.what=151572
D/WifiStateMachine( 1016): processMsg: ConnectedState
D/WifiStateMachine( 1016): processMsg: L2ConnectedState
I/LaunchCheckinHandler( 1016): Displayed com.giftme.fb_auth/.FB_Auth,cp,ca,586
I/ActivityManager( 1016): Displayed com.giftme.fb_auth/.FB_Auth: +586ms
D/WifiStateMachine( 1016): handleMessage: X
D/SoftKeyboardDetect( 1917): Ignore this event
D/Ulp_jni ( 1016): Location CB invoked
I/ActivityManager( 1016): Process com.google.android.talk (pid 1775) has died.
W/ActivityManager( 1016): Service ServiceRecord{43c46d58 u0 com.google.android.talk/com.google.android.libraries.hangouts.video.CallService} in process ProcessRecord{43bc6670 1775:com.google.android.talk/u0a71} not same as in map: null
D/CordovaWebViewClient( 1917): onPageStarted(file:///android_asset/www/index.html)
D/CordovaActivity( 1917): onMessage(onPageStarted,file:///android_asset/www/index.html)
D/JsMessageQueue( 1917): Set native->JS mode to OnlineEventsBridgeMode
D/CordovaLog( 1917): file:///android_asset/www/js/app.js: Line 44 : Service initialized
I/chromium( 1917): [INFO:CONSOLE(44)] "Service initialized", source: file:///android_asset/www/js/app.js (44)
D/CordovaLog( 1917): file:///android_asset/www/js/app.js: Line 116 : FB NOT READY
I/chromium( 1917): [INFO:CONSOLE(116)] "FB NOT READY", source: file:///android_asset/www/js/app.js (116)
D/CordovaLog( 1917): https://js.stripe.com/v2/: Line 2 : You are using Stripe.js in live mode over an insecure connection. This is considered unsafe. Please conduct live requests only on sites served over https. For more info, see https://stripe.com/help/ssl
I/chromium( 1917): [INFO:CONSOLE(2)] "You are using Stripe.js in live mode over an insecure connection. This is considered unsafe. Please conduct live requests only on sites served over https. For more info, see https://stripe.com/help/ssl", source: https://js.stripe.com/v2/ (2)
I/SFPerfTracer(  278):      triggers: (rate: 147:79526) (226173 sw vsyncs) (168295 skipped) (47:749615 vsyncs) (49:1069667)
D/CordovaActivity( 1917): onMessage(spinner,stop)
D/CordovaLog( 1917): file:///android_asset/www/js/app.js: Line 8 : Uncaught ReferenceError: StatusBar is not defined
I/chromium( 1917): [INFO:CONSOLE(8)] "Uncaught ReferenceError: StatusBar is not defined", source: file:///android_asset/www/js/app.js (8)
D/WifiStateMachine( 1016): handleMessage: E msg.what=151572
D/WifiStateMachine( 1016): processMsg: ConnectedState
D/WifiStateMachine( 1016): processMsg: L2ConnectedState
D/WifiStateMachine( 1016): handleMessage: X
D/CordovaWebViewClient( 1917): onPageFinished(file:///android_asset/www/index.html)
D/CordovaActivity( 1917): onMessage(onPageFinished,file:///android_asset/www/index.html)
D/WifiStateMachine( 1016): handleMessage: E msg.what=151572
D/WifiStateMachine( 1016): processMsg: ConnectedState
D/WifiStateMachine( 1016): processMsg: L2ConnectedState
D/WifiStateMachine( 1016): handleMessage: X
I/SFPerfTracer(  278):      triggers: (rate: 484:15692) (compose: 0:48) (post: 0:2) (render: 45:4080) (13:220479 frames) (14:682054)
D/SFPerfTracer(  278):        layers: (5:12) (DimLayer: 0:145)* (DimLayer: 0:39)* (FocusedStackFrame: 0:4620)* (StatusBar: 0:40353) (NavigationBar: 0:33333) (DimLayer: 14:6850) (DimLayer: 0:952)* (com.android.wallpaper.fall.FallWallpaper: 0:2953)* (com.android.packageinstaller/com.android.packageinstaller.InstallAppProgress: 0:125)* (Starting com.giftme.fb_auth: 0:26)* (com.giftme.fb_auth/com.giftme.fb_auth.FB_Auth: 0:24) (com.giftme.fb_auth/com.giftme.fb_auth.FB_Auth: 13:19) 
W/InputMethodManagerService( 1016): Window already focused, ignoring focus gain of: com.android.internal.view.IInputMethodClient$Stub$Proxy@4379d168 attribute=null, token = android.os.BinderProxy@442bc318
D/Sensors ( 1016): AccelerationSensor: set delay 200
D/WifiStateMachine( 1016): handleMessage: E msg.what=131155
D/WifiStateMachine( 1016): processMsg: ConnectedState
D/WifiStateMachine( 1016): processMsg: L2ConnectedState
D/WifiStateMachine( 1016): handleMessage: X
D/WifiStateMachine( 1016): handleMessage: E msg.what=151572
D/WifiStateMachine( 1016): processMsg: ConnectedState
D/WifiStateMachine( 1016): processMsg: L2ConnectedState
D/WifiStateMachine( 1016): handleMessage: X
W/InputMethodManagerService( 1016): Window already focused, ignoring focus gain of: com.android.internal.view.IInputMethodClient$Stub$Proxy@43778630 attribute=null, token = android.os.BinderProxy@442bc318
E/PluginManager( 1917): Uncaught exception from plugin
E/PluginManager( 1917): java.lang.NullPointerException
E/PluginManager( 1917): 	at org.apache.cordova.facebook.ConnectPlugin.makeGraphCall(ConnectPlugin.java:618)
E/PluginManager( 1917): 	at org.apache.cordova.facebook.ConnectPlugin.execute(ConnectPlugin.java:513)
E/PluginManager( 1917): 	at org.apache.cordova.CordovaPlugin.execute(CordovaPlugin.java:84)
E/PluginManager( 1917): 	at org.apache.cordova.PluginManager.exec(PluginManager.java:151)
E/PluginManager( 1917): 	at org.apache.cordova.CordovaBridge.jsExec(CordovaBridge.java:63)
E/PluginManager( 1917): 	at org.apache.cordova.ExposedJsApi.exec(ExposedJsApi.java:40)
E/PluginManager( 1917): 	at com.android.org.chromium.base.SystemMessageHandler.nativeDoRunLoopOnce(Native Method)
E/PluginManager( 1917): 	at com.android.org.chromium.base.SystemMessageHandler.handleMessage(SystemMessageHandler.java:24)
E/PluginManager( 1917): 	at android.os.Handler.dispatchMessage(Handler.java:102)
E/PluginManager( 1917): 	at android.os.Looper.loop(Looper.java:136)
E/PluginManager( 1917): 	at android.os.HandlerThread.run(HandlerThread.java:61)
D/CordovaLog( 1917): file:///android_asset/www/js/HomeView.js: Line 17 : null
I/chromium( 1917): [INFO:CONSOLE(17)] "null", source: file:///android_asset/www/js/HomeView.js (17)
I/KInfoc  (26035): Auto Post
