I/openssl (24728): Crypto mode not selected, openssl will run on its regular mode.
I/openssl (24728): Crypto mode 0 already enabled
I/ActivityManager( 1016): Start proc com.android.mms for broadcast com.android.mms/.transaction.MmsSystemEventReceiver: pid=3035 uid=10031 gids={50031, 3003, 1028, 1015}
I/ActivityManager( 1016): Process com.google.android.talk (pid 2940) has died.
W/ActivityManager( 1016): Service ServiceRecord{443e4318 u0 com.google.android.talk/com.google.android.libraries.hangouts.video.CallService} in process ProcessRecord{43fc2370 2940:com.google.android.talk/u0a71} not same as in map: null
I/ActivityManager( 1016): Process com.google.android.apps.plus (pid 2920) has died.
I/ActivityManager( 1016): Process com.google.android.apps.magazines (pid 2962) has died.
I/ActivityManager( 1016): Process com.motorola.context (pid 2701) has died.
F/ProcessStats( 1016): Starting service ServiceState{43a506e8 com.tranzmate.services.LocationService pkg=com.tranzmate proc=43a506e8} without owner
F/ProcessStats( 1016): Starting service ServiceState{43a506e8 com.tranzmate.services.LocationService pkg=com.tranzmate proc=43a506e8} without owner
I/ActivityManager( 1016): Start proc com.google.android.apps.plus for broadcast com.google.android.apps.plus/.service.ConnectivityReceiver: pid=3057 uid=10090 gids={50090, 3003, 3002, 1028, 1015}
W/InputMethodManagerService( 1016): Window already focused, ignoring focus gain of: com.android.internal.view.IInputMethodClient$Stub$Proxy@429a9ec0 attribute=null, token = android.os.BinderProxy@43beb0a0
I/ActivityManager( 1016): Process com.android.chrome (pid 2846) has died.
F/ProcessStats( 1016): Starting service ServiceState{43a506e8 com.tranzmate.services.LocationService pkg=com.tranzmate proc=43a506e8} without owner
I/ActivityManager( 1016): Start proc com.google.android.talk for broadcast com.google.android.talk/com.google.android.apps.hangouts.service.NetworkStateReceiver: pid=3074 uid=10071 gids={50071, 3003, 1028, 1015, 3002}
F/ProcessStats( 1016): Starting service ServiceState{43a506e8 com.tranzmate.services.LocationService pkg=com.tranzmate proc=43a506e8} without owner
D/ConnectivityService( 1016): handleInetConditionHoldEnd: net=1, condition=100, published condition=100
I/ActivityManager( 1016): Start proc com.google.android.apps.magazines for broadcast com.google.android.apps.magazines/com.google.apps.dots.android.newsstand.appwidget.NewsWidgetProvider: pid=3100 uid=10077 gids={50077, 3003, 1028, 1015}
W/AppOps  ( 1016): Bad call: specified package qcamera under uid 1013 but it is really -1
W/AppOps  ( 1016): Bad call: specified package qcamera under uid 1013 but it is really -1
W/Vold    (  261): Returning OperationFailed - no handler for errno 30
W/Vold    (  261): Returning OperationFailed - no handler for errno 30
W/Vold    (  261): Returning OperationFailed - no handler for errno 30
W/Vold    (  261): Returning OperationFailed - no handler for errno 30
W/AppOps  ( 1016): Bad call: specified package qcamera under uid 1013 but it is really -1
W/AppOps  ( 1016): Bad call: specified package qcamera under uid 1013 but it is really -1
I/ActivityManager( 1016): Start proc com.android.chrome for broadcast com.android.chrome/com.google.android.apps.chrome.precache.PrecacheServiceLauncher: pid=3151 uid=10057 gids={50057, 3003, 1028, 1015}
I/ActivityManager( 1016): Process com.android.mms (pid 3035) has died.
W/Vold    (  261): Returning OperationFailed - no handler for errno 30
W/Vold    (  261): Returning OperationFailed - no handler for errno 30
I/ActivityManager( 1016): Start proc com.devexpert.weather for broadcast com.devexpert.weather/.view.WidgetWeather2x1: pid=3169 uid=10112 gids={50112, 3003, 1028, 1015}
I/ActivityManager( 1016): Process com.google.android.talk (pid 3074) has died.
W/ActivityManager( 1016): Service ServiceRecord{43c45bd0 u0 com.google.android.talk/com.google.android.libraries.hangouts.video.CallService} in process ProcessRecord{4387ef30 3074:com.google.android.talk/u0a71} not same as in map: null
D/WifiService( 1016): releaseWifiLockLocked: WifiLock{NlpWifiLock type=2 binder=android.os.BinderProxy@42ab52b8}
I/ActivityManager( 1016): Process com.google.android.apps.plus (pid 3057) has died.
I/SFPerfTracer(  278):      triggers: (rate: 161:90632) (229580 sw vsyncs) (191097 skipped) (35:811918 vsyncs) (37:1142344)
I/ActivityManager( 1016): Process com.google.android.apps.magazines (pid 3100) has died.
I/ActivityManager( 1016): Process com.android.chrome (pid 3151) has died.
I/PackageManager( 1016): Adding preferred activity ComponentInfo{com.android.mms/com.android.mms.ui.ComposeMessageActivity} for user 0 :
I/ActivityManager( 1016): Start proc com.google.android.talk for broadcast com.google.android.talk/com.google.android.apps.hangouts.phone.PackageReplacedReceiver: pid=3219 uid=10071 gids={50071, 3003, 1028, 1015, 3002}
I/PackageManager( 1016): Adding preferred activity ComponentInfo{com.android.mms/com.android.mms.ui.ComposeMessageActivity} for user 0 :
I/ActivityManager( 1016): Process com.rhmsoft.fm:crash.feedback (pid 2859) has died.
F/ProcessStats( 1016): Starting service ServiceState{43a506e8 com.tranzmate.services.LocationService pkg=com.tranzmate proc=43a506e8} without owner
I/PackageManager( 1016): Adding preferred activity ComponentInfo{com.android.mms/com.android.mms.ui.ComposeMessageActivity} for user 0 :
I/PackageManager( 1016): Adding preferred activity ComponentInfo{com.android.mms/com.android.mms.ui.ComposeMessageActivity} for user 0 :
I/PackageManager( 1016): Adding preferred activity ComponentInfo{com.android.mms/com.android.mms.ui.ComposeMessageActivity} for user 0 :
I/PackageManager( 1016): Adding preferred activity ComponentInfo{com.android.mms/com.android.mms.ui.ComposeMessageActivity} for user 0 :
I/PackageManager( 1016): Adding preferred activity ComponentInfo{com.android.mms/com.android.mms.ui.ComposeMessageActivity} for user 0 :
I/PackageManager( 1016): Adding preferred activity ComponentInfo{com.android.mms/com.android.mms.ui.ComposeMessageActivity} for user 0 :
W/AppOps  ( 1016): Bad call: specified package qcamera under uid 1013 but it is really -1
I/ActivityManager( 1016): Start proc com.motorola.MotGallery2 for broadcast com.motorola.MotGallery2/com.android.gallery3d.app.PackagesMonitor: pid=3257 uid=10034 gids={50034, 3003, 1028, 1015}
W/AppOps  ( 1016): Bad call: specified package qcamera under uid 1013 but it is really -1
W/AppOps  ( 1016): Bad call: specified package qcamera under uid 1013 but it is really -1
D/WifiService( 1016): acquireWifiLockLocked: WifiLock{NlpWifiLock type=2 binder=android.os.BinderProxy@42ab52b8}
W/AppOps  ( 1016): Bad call: specified package qcamera under uid 1013 but it is really -1
F/ProcessStats( 1016): Starting service ServiceState{43a506e8 com.tranzmate.services.LocationService pkg=com.tranzmate proc=43a506e8} without owner
I/ActivityManager( 1016): Start proc com.google.android.apps.plus for broadcast com.google.android.apps.plus/.service.PackagesMediaMonitor: pid=3275 uid=10090 gids={50090, 3003, 3002, 1028, 1015}
I/ActivityManager( 1016): Process com.devexpert.weather (pid 3169) has died.
I/ActivityManager( 1016): Start proc com.google.android.googlequicksearchbox:search for broadcast com.google.android.googlequicksearchbox/com.google.android.search.core.icingsync.IcingCorporaChangedReceiver: pid=3298 uid=10045 gids={50045, 3003, 3001, 1028, 3002, 1015}
I/ActivityManager( 1016): Start proc com.google.android.partnersetup for content provider com.google.android.partnersetup/.RlzAppProvider: pid=3321 uid=10025 gids={50025, 3003}
I/ActivityManager( 1016): Process com.google.android.gms.unstable (pid 2800) has died.
I/ActivityManager( 1016): Process com.google.android.talk (pid 3219) has died.
W/ActivityManager( 1016): Service ServiceRecord{429422d0 u0 com.google.android.talk/com.google.android.libraries.hangouts.video.CallService} in process ProcessRecord{42fdf678 3219:com.google.android.talk/u0a71} not same as in map: null
I/SFPerfTracer(  278):      triggers: (rate: 161:90632) (229580 sw vsyncs) (191097 skipped) (5:812007 vsyncs) (7:1142450)
V/AlarmManager( 1016): sending alarm Alarm{434fc588 type 2 com.whatsapp}
V/AlarmManager( 1016): sending alarm Alarm{434da588 type 0 com.android.vending}
V/AlarmManager( 1016): sending alarm Alarm{443e87e0 type 2 com.google.android.gms}
D/WifiService( 1016): releaseWifiLockLocked: WifiLock{NlpWifiLock type=2 binder=android.os.BinderProxy@42ab52b8}
I/SFPerfTracer(  278):      triggers: (rate: 161:90632) (229580 sw vsyncs) (191097 skipped) (5:812095 vsyncs) (7:1142555)
I/ActivityManager( 1016): START u0 {act=com.android.systemui.recent.action.TOGGLE_RECENTS flg=0x10800000 cmp=com.android.systemui/.recent.RecentsActivity (has extras)} from pid 1078
W/ContextImpl( 1231): Calling a method in the system process without a qualified user: android.app.ContextImpl.sendBroadcast:1252 android.content.ContextWrapper.sendBroadcast:365 com.motorola.motocare.util.TriggerHelper$TriggerBuilder.send:76 com.motorola.motocare.internal.frameworkevents.PauseResumeTrigger.handleFrameworkEvent:53 com.motorola.motocare.internal.frameworkevents.FwEventMonitor$FrameworkListener.processFrameworkEvent:114 
W/ContextImpl( 1231): Calling a method in the system process without a qualified user: android.app.ContextImpl.sendBroadcast:1252 android.content.ContextWrapper.sendBroadcast:365 com.motorola.motocare.util.TriggerHelper$TriggerBuilder.send:76 com.motorola.motocare.internal.frameworkevents.PauseResumeTrigger.handleFrameworkEvent:53 com.motorola.motocare.internal.frameworkevents.FwEventMonitor$FrameworkListener.processFrameworkEvent:114 
W/InputMethodManagerService( 1016): Starting input on non-focused client com.android.internal.view.IInputMethodClient$Stub$Proxy@42967150 (uid=10106 pid=2258)
I/SFPerfTracer(  278):      triggers: (rate: 503:16473) (compose: 0:58) (post: 0:3) (render: 47:4356) (3:246596 frames) (4:733689)
D/SFPerfTracer(  278):        layers: (3:12) (DimLayer: 0:145)* (DimLayer: 0:163)* (FocusedStackFrame: 0:5479)* (StatusBar: 0:54259) (NavigationBar: 1:35435) (DimLayer: 0:10334)* (DimLayer: 0:1178)* (com.android.wallpaper.fall.FallWallpaper: 0:10611)* (com.giftme.fb_auth/com.giftme.fb_auth.FB_Auth: 0:46) (com.giftme.fb_auth/com.giftme.fb_auth.FB_Auth: 0:34)* (com.giftme.fb_auth/com.giftme.fb_auth.FB_Auth: 0:49)* (com.android.systemui/com.android.systemui.recent.RecentsActivity: 4:4)* 
I/LaunchCheckinHandler( 1016): Displayed com.android.systemui/.recent.RecentsActivity,wp,wa,165
W/ProcessCpuTracker( 1016): Skipping unknown process pid 3372
W/ProcessCpuTracker( 1016): Skipping unknown process pid 3373
W/ProcessCpuTracker( 1016): Skipping unknown process pid 3376
I/SFPerfTracer(  278):      triggers: (rate: 503:16473) (compose: 0:58) (post: 0:3) (render: 47:4356) (0:246610 frames) (1:733789)
D/SFPerfTracer(  278):        layers: (3:11) (DimLayer: 0:145)* (DimLayer: 0:163)* (FocusedStackFrame: 0:5479)* (StatusBar: 0:54261) (NavigationBar: 0:35440) (DimLayer: 0:10334)* (DimLayer: 0:1178)* (com.android.wallpaper.fall.FallWallpaper: 0:10611)* (com.giftme.fb_auth/com.giftme.fb_auth.FB_Auth: 0:63)* (com.android.systemui/com.android.systemui.recent.RecentsActivity: 1:89) (thumbnail anim: 0:17)* 
I/SFPerfTracer(  278):      triggers: (rate: 503:16473) (compose: 0:58) (post: 0:3) (render: 47:4356) (0:246610 frames) (1:733889)
D/SFPerfTracer(  278):        layers: (3:9) (DimLayer: 0:145)* (DimLayer: 0:163)* (FocusedStackFrame: 0:5479)* (StatusBar: 0:54261) (NavigationBar: 0:35440) (DimLayer: 0:10334)* (DimLayer: 0:1178)* (com.android.wallpaper.fall.FallWallpaper: 0:10611)* (com.android.systemui/com.android.systemui.recent.RecentsActivity: 1:189) 
I/SFPerfTracer(  278):      triggers: (rate: 161:90632) (229580 sw vsyncs) (191097 skipped) (182:812321 vsyncs) (184:1142796)
I/ActivityManager( 1016): Killing 2258:com.giftme.fb_auth/u0a106 (adj 9): remove task
W/ContextImpl( 1231): Calling a method in the system process without a qualified user: android.app.ContextImpl.sendBroadcast:1252 android.content.ContextWrapper.sendBroadcast:365 com.motorola.motocare.util.TriggerHelper$TriggerBuilder.send:76 com.motorola.motocare.internal.frameworkevents.ProcessKillTrigger.sendTrigger:147 com.motorola.motocare.internal.frameworkevents.ProcessKillTrigger.handleFrameworkEvent:164 
I/WindowState( 1016): WIN DEATH: Window{42a1b298 u0 com.giftme.fb_auth/com.giftme.fb_auth.FB_Auth}
I/ActivityManager( 1016): START u0 {act=android.intent.action.MAIN cat=[android.intent.category.HOME] flg=0x10200000 cmp=com.android.launcher/com.android.launcher2.Launcher} from pid 1016
W/ContextImpl( 1231): Calling a method in the system process without a qualified user: android.app.ContextImpl.sendBroadcast:1252 android.content.ContextWrapper.sendBroadcast:365 com.motorola.motocare.util.TriggerHelper$TriggerBuilder.send:76 com.motorola.motocare.internal.frameworkevents.PauseResumeTrigger.handleFrameworkEvent:53 com.motorola.motocare.internal.frameworkevents.FwEventMonitor$FrameworkListener.processFrameworkEvent:114 
W/ContextImpl( 1231): Calling a method in the system process without a qualified user: android.app.ContextImpl.sendBroadcast:1252 android.content.ContextWrapper.sendBroadcast:365 com.motorola.motocare.util.TriggerHelper$TriggerBuilder.send:76 com.motorola.motocare.internal.frameworkevents.PauseResumeTrigger.handleFrameworkEvent:53 com.motorola.motocare.internal.frameworkevents.FwEventMonitor$FrameworkListener.processFrameworkEvent:114 
I/LaunchCheckinHandler( 1016): Displayed com.android.launcher/com.android.launcher2.Launcher,wp,wa,395
I/SFPerfTracer(  278):      triggers: (rate: 503:16473) (compose: 0:58) (post: 0:3) (render: 47:4356) (0:246632 frames) (1:733989)
D/SFPerfTracer(  278):        layers: (4:10) (DimLayer: 0:145)* (DimLayer: 0:163)* (FocusedStackFrame: 0:5479)* (StatusBar: 0:54283) (NavigationBar: 0:35488) (DimLayer: 0:10334)* (DimLayer: 0:1178)* (com.android.wallpaper.fall.FallWallpaper: 0:10621) (com.android.systemui/com.android.systemui.recent.RecentsActivity: 0:242)* (com.android.launcher/com.android.launcher2.Launcher: 1:41) 
I/ActivityManager( 1016): START u0 {act=android.intent.action.MAIN cat=[android.intent.category.LAUNCHER] flg=0x10200000 cmp=com.giftme.fb_auth/.FB_Auth bnds=[360,385][520,585]} from pid 813
W/ContextImpl( 1231): Calling a method in the system process without a qualified user: android.app.ContextImpl.sendBroadcast:1252 android.content.ContextWrapper.sendBroadcast:365 com.motorola.motocare.util.TriggerHelper$TriggerBuilder.send:76 com.motorola.motocare.internal.frameworkevents.PauseResumeTrigger.handleFrameworkEvent:53 com.motorola.motocare.internal.frameworkevents.FwEventMonitor$FrameworkListener.processFrameworkEvent:114 
I/ActivityManager( 1016): Start proc com.giftme.fb_auth for activity com.giftme.fb_auth/.FB_Auth: pid=3435 uid=10106 gids={50106, 3003, 1028, 1015}
W/ContextImpl( 1231): Calling a method in the system process without a qualified user: android.app.ContextImpl.sendBroadcast:1252 android.content.ContextWrapper.sendBroadcast:365 com.motorola.motocare.util.TriggerHelper$TriggerBuilder.send:76 com.motorola.motocare.internal.frameworkevents.PauseResumeTrigger.handleFrameworkEvent:53 com.motorola.motocare.internal.frameworkevents.FwEventMonitor$FrameworkListener.processFrameworkEvent:114 
I/LaunchCheckinHandler( 1016): Displayed com.giftme.fb_auth/.FB_Auth,cp,ca,378
I/ActivityManager( 1016): Process com.mobisystems.ubreader_west (pid 3018) has died.
I/ActivityManager( 1016): Process com.motorola.MotGallery2 (pid 3257) has died.
F/ProcessStats( 1016): Starting service ServiceState{43a506e8 com.tranzmate.services.LocationService pkg=com.tranzmate proc=43a506e8} without owner
I/SFPerfTracer(  278):       trigger: vsync rate (-27.379%)	(43.573 vps)	(22.950 ms)* 	(38 drops)	(159 vsyncs)
I/SFPerfTracer(  278):      triggers: (rate: 162:90670) (229580 sw vsyncs) (191226 skipped) (159:812528 vsyncs) (161:1143007)
I/SFPerfTracer(  278):      triggers: (rate: 503:16473) (compose: 0:58) (post: 0:3) (render: 47:4356) (1:246660 frames) (2:734089)
D/SFPerfTracer(  278):        layers: (3:12) (DimLayer: 0:145)* (DimLayer: 0:163)* (FocusedStackFrame: 0:5483)* (StatusBar: 0:54304) (NavigationBar: 0:35525) (DimLayer: 0:10334)* (DimLayer: 0:1178)* (com.android.wallpaper.fall.FallWallpaper: 0:10656)* (com.android.launcher/com.android.launcher2.Launcher: 0:68)* (Starting com.giftme.fb_auth: 0:31)* (com.giftme.fb_auth/com.giftme.fb_auth.FB_Auth: 1:11) (com.giftme.fb_auth/com.giftme.fb_auth.FB_Auth: 2:6)* 
W/InputMethodManagerService( 1016): Window already focused, ignoring focus gain of: com.android.internal.view.IInputMethodClient$Stub$Proxy@4391eaf8 attribute=null, token = android.os.BinderProxy@4356c930
W/InputMethodManagerService( 1016): Window already focused, ignoring focus gain of: com.android.internal.view.IInputMethodClient$Stub$Proxy@430fb280 attribute=null, token = android.os.BinderProxy@4356c930
I/SFPerfTracer(  278):      triggers: (rate: 162:90670) (229580 sw vsyncs) (191226 skipped) (36:812614 vsyncs) (38:1143109)
W/InputMethodManagerService( 1016): Window already focused, ignoring focus gain of: com.android.internal.view.IInputMethodClient$Stub$Proxy@42f93208 attribute=null, token = android.os.BinderProxy@4356c930
W/ContextImpl( 1231): Calling a method in the system process without a qualified user: android.app.ContextImpl.sendBroadcast:1252 android.content.ContextWrapper.sendBroadcast:365 com.motorola.motocare.util.TriggerHelper$TriggerBuilder.send:76 com.motorola.motocare.internal.frameworkevents.ProcessKillTrigger.sendTrigger:147 com.motorola.motocare.internal.frameworkevents.ProcessKillTrigger.handleLmkKill:337 
W/ContextImpl( 1231): Calling a method in the system process without a qualified user: android.app.ContextImpl.sendBroadcast:1252 android.content.ContextWrapper.sendBroadcast:365 com.motorola.motocare.util.TriggerHelper$TriggerBuilder.send:76 com.motorola.motocare.internal.frameworkevents.ProcessKillTrigger.sendTrigger:147 com.motorola.motocare.internal.frameworkevents.ProcessKillTrigger.handleLmkKill:337 
W/ContextImpl( 1231): Calling a method in the system process without a qualified user: android.app.ContextImpl.sendBroadcast:1252 android.content.ContextWrapper.sendBroadcast:365 com.motorola.motocare.util.TriggerHelper$TriggerBuilder.send:76 com.motorola.motocare.internal.frameworkevents.ProcessKillTrigger.sendTrigger:147 com.motorola.motocare.internal.frameworkevents.ProcessKillTrigger.handleLmkKill:337 
W/ContextImpl( 1231): Calling a method in the system process without a qualified user: android.app.ContextImpl.sendBroadcast:1252 android.content.ContextWrapper.sendBroadcast:365 com.motorola.motocare.util.TriggerHelper$TriggerBuilder.send:76 com.motorola.motocare.internal.frameworkevents.ProcessKillTrigger.sendTrigger:147 com.motorola.motocare.internal.frameworkevents.ProcessKillTrigger.handleLmkKill:337 
W/ContextImpl( 1231): Calling a method in the system process without a qualified user: android.app.ContextImpl.sendBroadcast:1252 android.content.ContextWrapper.sendBroadcast:365 com.motorola.motocare.util.TriggerHelper$TriggerBuilder.send:76 com.motorola.motocare.internal.frameworkevents.ProcessKillTrigger.sendTrigger:147 com.motorola.motocare.internal.frameworkevents.ProcessKillTrigger.handleLmkKill:337 
W/ContextImpl( 1231): Calling a method in the system process without a qualified user: android.app.ContextImpl.sendBroadcast:1252 android.content.ContextWrapper.sendBroadcast:365 com.motorola.motocare.util.TriggerHelper$TriggerBuilder.send:76 com.motorola.motocare.internal.frameworkevents.ProcessKillTrigger.sendTrigger:147 com.motorola.motocare.internal.frameworkevents.ProcessKillTrigger.handleLmkKill:337 
W/ContextImpl( 1231): Calling a method in the system process without a qualified user: android.app.ContextImpl.sendBroadcast:1252 android.content.ContextWrapper.sendBroadcast:365 com.motorola.motocare.util.TriggerHelper$TriggerBuilder.send:76 com.motorola.motocare.internal.frameworkevents.ProcessKillTrigger.sendTrigger:147 com.motorola.motocare.internal.frameworkevents.ProcessKillTrigger.handleLmkKill:337 
W/ContextImpl( 1231): Calling a method in the system process without a qualified user: android.app.ContextImpl.sendBroadcast:1252 android.content.ContextWrapper.sendBroadcast:365 com.motorola.motocare.util.TriggerHelper$TriggerBuilder.send:76 com.motorola.motocare.internal.frameworkevents.ProcessKillTrigger.sendTrigger:147 com.motorola.motocare.internal.frameworkevents.ProcessKillTrigger.handleLmkKill:337 
W/ContextImpl( 1231): Calling a method in the system process without a qualified user: android.app.ContextImpl.sendBroadcast:1252 android.content.ContextWrapper.sendBroadcast:365 com.motorola.motocare.util.TriggerHelper$TriggerBuilder.send:76 com.motorola.motocare.internal.frameworkevents.ProcessKillTrigger.sendTrigger:147 com.motorola.motocare.internal.frameworkevents.ProcessKillTrigger.handleLmkKill:337 
W/ContextImpl( 1231): Calling a method in the system process without a qualified user: android.app.ContextImpl.sendBroadcast:1252 android.content.ContextWrapper.sendBroadcast:365 com.motorola.motocare.util.TriggerHelper$TriggerBuilder.send:76 com.motorola.motocare.internal.frameworkevents.ProcessKillTrigger.sendTrigger:147 com.motorola.motocare.internal.frameworkevents.ProcessKillTrigger.handleLmkKill:337 
W/ContextImpl( 1231): Calling a method in the system process without a qualified user: android.app.ContextImpl.sendBroadcast:1252 android.content.ContextWrapper.sendBroadcast:365 com.motorola.motocare.util.TriggerHelper$TriggerBuilder.send:76 com.motorola.motocare.internal.frameworkevents.ProcessKillTrigger.sendTrigger:147 com.motorola.motocare.internal.frameworkevents.ProcessKillTrigger.handleLmkKill:337 
W/ContextImpl( 1231): Calling a method in the system process without a qualified user: android.app.ContextImpl.sendBroadcast:1252 android.content.ContextWrapper.sendBroadcast:365 com.motorola.motocare.util.TriggerHelper$TriggerBuilder.send:76 com.motorola.motocare.internal.frameworkevents.ProcessKillTrigger.sendTrigger:147 com.motorola.motocare.internal.frameworkevents.ProcessKillTrigger.handleLmkKill:337 
W/ContextImpl( 1231): Calling a method in the system process without a qualified user: android.app.ContextImpl.sendBroadcast:1252 android.content.ContextWrapper.sendBroadcast:365 com.motorola.motocare.util.TriggerHelper$TriggerBuilder.send:76 com.motorola.motocare.internal.frameworkevents.ProcessKillTrigger.sendTrigger:147 com.motorola.motocare.internal.frameworkevents.ProcessKillTrigger.handleLmkKill:337 
W/ContextImpl( 1231): Calling a method in the system process without a qualified user: android.app.ContextImpl.sendBroadcast:1252 android.content.ContextWrapper.sendBroadcast:365 com.motorola.motocare.util.TriggerHelper$TriggerBuilder.send:76 com.motorola.motocare.internal.frameworkevents.ProcessKillTrigger.sendTrigger:147 com.motorola.motocare.internal.frameworkevents.ProcessKillTrigger.handleLmkKill:337 
W/ContextImpl( 1231): Calling a method in the system process without a qualified user: android.app.ContextImpl.sendBroadcast:1252 android.content.ContextWrapper.sendBroadcast:365 com.motorola.motocare.util.TriggerHelper$TriggerBuilder.send:76 com.motorola.motocare.internal.frameworkevents.ProcessKillTrigger.sendTrigger:147 com.motorola.motocare.internal.frameworkevents.ProcessKillTrigger.handleLmkKill:337 
W/ContextImpl( 1231): Calling a method in the system process without a qualified user: android.app.ContextImpl.sendBroadcast:1252 android.content.ContextWrapper.sendBroadcast:365 com.motorola.motocare.util.TriggerHelper$TriggerBuilder.send:76 com.motorola.motocare.internal.frameworkevents.ProcessKillTrigger.sendTrigger:147 com.motorola.motocare.internal.frameworkevents.ProcessKillTrigger.handleLmkKill:337 
W/ContextImpl( 1231): Calling a method in the system process without a qualified user: android.app.ContextImpl.sendBroadcast:1252 android.content.ContextWrapper.sendBroadcast:365 com.motorola.motocare.util.TriggerHelper$TriggerBuilder.send:76 com.motorola.motocare.internal.frameworkevents.ProcessKillTrigger.sendTrigger:147 com.motorola.motocare.internal.frameworkevents.ProcessKillTrigger.handleLmkKill:337 
W/ContextImpl( 1231): Calling a method in the system process without a qualified user: android.app.ContextImpl.sendBroadcast:1252 android.content.ContextWrapper.sendBroadcast:365 com.motorola.motocare.util.TriggerHelper$TriggerBuilder.send:76 com.motorola.motocare.internal.frameworkevents.ProcessKillTrigger.sendTrigger:147 com.motorola.motocare.internal.frameworkevents.ProcessKillTrigger.handleLmkKill:337 
W/ContextImpl( 1231): Calling a method in the system process without a qualified user: android.app.ContextImpl.sendBroadcast:1252 android.content.ContextWrapper.sendBroadcast:365 com.motorola.motocare.util.TriggerHelper$TriggerBuilder.send:76 com.motorola.motocare.internal.frameworkevents.ProcessKillTrigger.sendTrigger:147 com.motorola.motocare.internal.frameworkevents.ProcessKillTrigger.handleLmkKill:337 
W/ContextImpl( 1231): Calling a method in the system process without a qualified user: android.app.ContextImpl.sendBroadcast:1252 android.content.ContextWrapper.sendBroadcast:365 com.motorola.motocare.util.TriggerHelper$TriggerBuilder.send:76 com.motorola.motocare.internal.frameworkevents.ProcessKillTrigger.sendTrigger:147 com.motorola.motocare.internal.frameworkevents.ProcessKillTrigger.handleLmkKill:337 
W/ContextImpl( 1231): Calling a method in the system process without a qualified user: android.app.ContextImpl.sendBroadcast:1252 android.content.ContextWrapper.sendBroadcast:365 com.motorola.motocare.util.TriggerHelper$TriggerBuilder.send:76 com.motorola.motocare.internal.frameworkevents.ProcessKillTrigger.sendTrigger:147 com.motorola.motocare.internal.frameworkevents.ProcessKillTrigger.handleLmkKill:337 
W/ContextImpl( 1231): Calling a method in the system process without a qualified user: android.app.ContextImpl.sendBroadcast:1252 android.content.ContextWrapper.sendBroadcast:365 com.motorola.motocare.util.TriggerHelper$TriggerBuilder.send:76 com.motorola.motocare.internal.frameworkevents.ProcessKillTrigger.sendTrigger:147 com.motorola.motocare.internal.frameworkevents.ProcessKillTrigger.handleLmkKill:337 
W/ContextImpl( 1231): Calling a method in the system process without a qualified user: android.app.ContextImpl.sendBroadcast:1252 android.content.ContextWrapper.sendBroadcast:365 com.motorola.motocare.util.TriggerHelper$TriggerBuilder.send:76 com.motorola.motocare.internal.frameworkevents.ProcessKillTrigger.sendTrigger:147 com.motorola.motocare.internal.frameworkevents.ProcessKillTrigger.handleLmkKill:337 
W/ContextImpl( 1231): Calling a method in the system process without a qualified user: android.app.ContextImpl.sendBroadcast:1252 android.content.ContextWrapper.sendBroadcast:365 com.motorola.motocare.util.TriggerHelper$TriggerBuilder.send:76 com.motorola.motocare.internal.frameworkevents.ProcessKillTrigger.sendTrigger:147 com.motorola.motocare.internal.frameworkevents.ProcessKillTrigger.handleLmkKill:337 
W/ContextImpl( 1231): Calling a method in the system process without a qualified user: android.app.ContextImpl.sendBroadcast:1252 android.content.ContextWrapper.sendBroadcast:365 com.motorola.motocare.util.TriggerHelper$TriggerBuilder.send:76 com.motorola.motocare.internal.frameworkevents.ProcessKillTrigger.sendTrigger:147 com.motorola.motocare.internal.frameworkevents.ProcessKillTrigger.handleLmkKill:337 
W/ContextImpl( 1231): Calling a method in the system process without a qualified user: android.app.ContextImpl.sendBroadcast:1252 android.content.ContextWrapper.sendBroadcast:365 com.motorola.motocare.util.TriggerHelper$TriggerBuilder.send:76 com.motorola.motocare.internal.frameworkevents.ProcessKillTrigger.sendTrigger:147 com.motorola.motocare.internal.frameworkevents.ProcessKillTrigger.handleLmkKill:337 
W/ContextImpl( 1231): Calling a method in the system process without a qualified user: android.app.ContextImpl.sendBroadcast:1252 android.content.ContextWrapper.sendBroadcast:365 com.motorola.motocare.util.TriggerHelper$TriggerBuilder.send:76 com.motorola.motocare.internal.frameworkevents.ProcessKillTrigger.sendTrigger:147 com.motorola.motocare.internal.frameworkevents.ProcessKillTrigger.handleLmkKill:337 
W/ContextImpl( 1231): Calling a method in the system process without a qualified user: android.app.ContextImpl.sendBroadcast:1252 android.content.ContextWrapper.sendBroadcast:365 com.motorola.motocare.util.TriggerHelper$TriggerBuilder.send:76 com.motorola.motocare.internal.frameworkevents.ProcessKillTrigger.sendTrigger:147 com.motorola.motocare.internal.frameworkevents.ProcessKillTrigger.handleLmkKill:337 
W/ContextImpl( 1231): Calling a method in the system process without a qualified user: android.app.ContextImpl.sendBroadcast:1252 android.content.ContextWrapper.sendBroadcast:365 com.motorola.motocare.util.TriggerHelper$TriggerBuilder.send:76 com.motorola.motocare.internal.frameworkevents.ProcessKillTrigger.sendTrigger:147 com.motorola.motocare.internal.frameworkevents.ProcessKillTrigger.handleLmkKill:337 
W/ContextImpl( 1231): Calling a method in the system process without a qualified user: android.app.ContextImpl.sendBroadcast:1252 android.content.ContextWrapper.sendBroadcast:365 com.motorola.motocare.util.TriggerHelper$TriggerBuilder.send:76 com.motorola.motocare.internal.frameworkevents.ProcessKillTrigger.sendTrigger:147 com.motorola.motocare.internal.frameworkevents.ProcessKillTrigger.handleLmkKill:337 
W/ContextImpl( 1231): Calling a method in the system process without a qualified user: android.app.ContextImpl.sendBroadcast:1252 android.content.ContextWrapper.sendBroadcast:365 com.motorola.motocare.util.TriggerHelper$TriggerBuilder.send:76 com.motorola.motocare.internal.frameworkevents.ProcessKillTrigger.sendTrigger:147 com.motorola.motocare.internal.frameworkevents.ProcessKillTrigger.handleLmkKill:337 
W/ContextImpl( 1231): Calling a method in the system process without a qualified user: android.app.ContextImpl.sendBroadcast:1252 android.content.ContextWrapper.sendBroadcast:365 com.motorola.motocare.util.TriggerHelper$TriggerBuilder.send:76 com.motorola.motocare.internal.frameworkevents.ProcessKillTrigger.sendTrigger:147 com.motorola.motocare.internal.frameworkevents.ProcessKillTrigger.handleLmkKill:337 
W/ContextImpl( 1231): Calling a method in the system process without a qualified user: android.app.ContextImpl.sendBroadcast:1252 android.content.ContextWrapper.sendBroadcast:365 com.motorola.motocare.util.TriggerHelper$TriggerBuilder.send:76 com.motorola.motocare.internal.frameworkevents.ProcessKillTrigger.sendTrigger:147 com.motorola.motocare.internal.frameworkevents.ProcessKillTrigger.handleLmkKill:337 
W/ContextImpl( 1231): Calling a method in the system process without a qualified user: android.app.ContextImpl.sendBroadcast:1252 android.content.ContextWrapper.sendBroadcast:365 com.motorola.motocare.util.TriggerHelper$TriggerBuilder.send:76 com.motorola.motocare.internal.frameworkevents.ProcessKillTrigger.sendTrigger:147 com.motorola.motocare.internal.frameworkevents.ProcessKillTrigger.handleLmkKill:337 
W/ContextImpl( 1231): Calling a method in the system process without a qualified user: android.app.ContextImpl.sendBroadcast:1252 android.content.ContextWrapper.sendBroadcast:365 com.motorola.motocare.util.TriggerHelper$TriggerBuilder.send:76 com.motorola.motocare.internal.frameworkevents.ProcessKillTrigger.sendTrigger:147 com.motorola.motocare.internal.frameworkevents.ProcessKillTrigger.handleLmkKill:337 
W/ContextImpl( 1231): Calling a method in the system process without a qualified user: android.app.ContextImpl.sendBroadcast:1252 android.content.ContextWrapper.sendBroadcast:365 com.motorola.motocare.util.TriggerHelper$TriggerBuilder.send:76 com.motorola.motocare.internal.frameworkevents.ProcessKillTrigger.sendTrigger:147 com.motorola.motocare.internal.frameworkevents.ProcessKillTrigger.handleLmkKill:337 
V/AlarmManager( 1016): sending alarm Alarm{443fd828 type 2 com.whatsapp}
V/AlarmManager( 1016): sending alarm Alarm{443d8cb0 type 3 android}
F/ProcessStats( 1016): Starting service ServiceState{43a506e8 com.tranzmate.services.LocationService pkg=com.tranzmate proc=43a506e8} without owner
I/SFPerfTracer(  278):      triggers: (rate: 162:90670) (229580 sw vsyncs) (191226 skipped) (17:812713 vsyncs) (19:1143227)
I/SFPerfTracer(  278):      triggers: (rate: 503:16473) (compose: 0:58) (post: 0:3) (render: 47:4356) (0:246718 frames) (1:734189)
D/SFPerfTracer(  278):        layers: (3:12) (DimLayer: 0:145)* (DimLayer: 0:163)* (FocusedStackFrame: 0:5490)* (StatusBar: 1:54318) (NavigationBar: 0:35525) (DimLayer: 0:10403)* (DimLayer: 0:1178)* (com.android.wallpaper.fall.FallWallpaper: 0:10656)* (com.giftme.fb_auth/com.giftme.fb_auth.FB_Auth: 0:27) (com.giftme.fb_auth/com.giftme.fb_auth.FB_Auth: 0:33)* (com.giftme.fb_auth/com.giftme.fb_auth.FB_Auth: 0:31)* (com.giftme.fb_auth/com.giftme.fb_auth.FB_Auth: 0:32)* 
V/AlarmManager( 1016): sending alarm Alarm{44362d60 type 3 com.devexpert.weather}
V/AlarmManager( 1016): sending alarm Alarm{4434f8e0 type 2 com.android.phone}
I/ActivityManager( 1016): Start proc com.devexpert.weather for broadcast com.devexpert.weather/.view.WidgetWeather2x1: pid=3559 uid=10112 gids={50112, 3003, 1028, 1015}
V/AlarmManager( 1016): sending alarm Alarm{4433bc70 type 2 com.google.android.gms}
D/ConnectivityService( 1016): handleInetConditionHoldEnd: net=1, condition=100, published condition=100
V/AlarmManager( 1016): sending alarm Alarm{4302ecb8 type 3 android}
D/WifiService( 1016): acquireWifiLockLocked: WifiLock{NlpWifiLock type=2 binder=android.os.BinderProxy@430ee440}
V/AlarmManager( 1016): sending alarm Alarm{42ddcf00 type 1 com.android.chrome}
I/ActivityManager( 1016): Start proc com.android.chrome for broadcast com.android.chrome/com.google.ipc.invalidation.ticl.android2.AndroidInternalScheduler$AlarmReceiver: pid=3608 uid=10057 gids={50057, 3003, 1028, 1015}
D/ConnectivityService( 1016): startUsingNetworkFeature reconnecting to 0: enableSUPL
D/ConnectivityService( 1016): startUsingNetworkFeature X: return APN_REQUEST_STARTED
D/MobileDataStateTracker( 1016): supl: Broadcast received: android.intent.action.ANY_DATA_STATE apnType=supl
D/MobileDataStateTracker( 1016): supl: Received state=CONNECTING, old=DISCONNECTED, reason=dataEnabled
D/MobileDataStateTracker( 1016): supl: setDetailed state, old =IDLE and new state=CONNECTING
I/ActivityManager( 1016): Start proc com.android.mms for broadcast com.android.mms/.transaction.MmsSystemEventReceiver: pid=3625 uid=10031 gids={50031, 3003, 1028, 1015}
V/AlarmManager( 1016): sending alarm Alarm{438064f8 type 1 com.android.chrome}
I/ActivityManager( 1016): Process com.google.android.googlequicksearchbox:search (pid 3298) has died.
I/ActivityManager( 1016): Process com.android.vending (pid 576) has died.
D/MobileDataStateTracker( 1016): supl: Broadcast received: android.intent.action.ANY_DATA_STATE apnType=supl
D/MobileDataStateTracker( 1016): supl: Received state=CONNECTING, old=CONNECTING, reason=(unspecified)
D/MobileDataStateTracker( 1016): supl: Broadcast received: android.intent.action.ANY_DATA_STATE apnType=supl
D/MobileDataStateTracker( 1016): supl: Received state=CONNECTED, old=CONNECTING, reason=connected
D/MobileDataStateTracker( 1016): supl: Unexpected mtu value: 0
D/MobileDataStateTracker( 1016): supl: Using FW overlay value config_mobile_mtu
D/MobileDataStateTracker( 1016): supl: setDetailed state, old =CONNECTING and new state=CONNECTED
D/ConnectivityService( 1016): ConnectivityChange for mobile_supl: CONNECTED/CONNECTED
D/ConnectivityService( 1016): Setting MTU size: rmnet0, 1410
D/NetworkManagementService( 1016): Enter setMtu in NetworkManagementService
D/NetworkManagementService( 1016): interface rmnet0setmtu 1410
I/ActivityManager( 1016): Process com.google.android.apps.plus (pid 3275) has died.
F/ProcessStats( 1016): Starting service ServiceState{43a506e8 com.tranzmate.services.LocationService pkg=com.tranzmate proc=43a506e8} without owner
F/ProcessStats( 1016): Starting service ServiceState{43a506e8 com.tranzmate.services.LocationService pkg=com.tranzmate proc=43a506e8} without owner
E/ConnectivityService( 1016): Exception trying to remove a route: java.lang.IllegalStateException: command '3015 interface route remove rmnet0 default 0.0.0.0 0 100.103.11.189' failed with '400 3015 Failed to remove route from default table (No such process)'
D/Nat464Xlat( 1016): requiresClat: netType=3, hasIPv4Address=true
D/MobileDataStateTracker( 1016): default: setPolicyDataEnable(enabled=true)
D/MobileDataStateTracker( 1016): default: setPolicyDataEnable(enabled=true)
V/AlarmManager( 1016): sending alarm Alarm{43ab7c30 type 3 com.devexpert.weather}
V/AlarmManager( 1016): sending alarm Alarm{43ac4700 type 2 com.google.android.gms}
D/WifiService( 1016): releaseWifiLockLocked: WifiLock{NlpWifiLock type=2 binder=android.os.BinderProxy@430ee440}
I/SFPerfTracer(  278):      triggers: (rate: 162:90670) (229580 sw vsyncs) (191226 skipped) (17:812797 vsyncs) (19:1143345)
E/ActivityThread(31852): Failed to find provider info for com.motorola.blur.setupprovider
D/ConnectivityService( 1016): requestRouteToHostAddress ok=true
I/openssl (24728): Crypto mode not selected, openssl will run on its regular mode.
I/openssl (24728): Crypto mode 0 already enabled
I/ActivityManager( 1016): Start proc com.google.android.apps.plus for broadcast com.google.android.apps.plus/.service.ConnectivityReceiver: pid=3801 uid=10090 gids={50090, 3003, 3002, 1028, 1015}
I/ActivityManager( 1016): Start proc com.google.android.talk for broadcast com.google.android.talk/com.google.android.apps.hangouts.service.NetworkStateReceiver: pid=3826 uid=10071 gids={50071, 3003, 1028, 1015, 3002}
I/ActivityManager( 1016): Start proc com.google.android.apps.magazines for broadcast com.google.android.apps.magazines/com.google.apps.dots.android.newsstand.appwidget.NewsWidgetProvider: pid=3858 uid=10077 gids={50077, 3003, 1028, 1015}
W/AppOps  ( 1016): Bad call: specified package qcamera under uid 1013 but it is really -1
W/AppOps  ( 1016): Bad call: specified package qcamera under uid 1013 but it is really -1
W/AppOps  ( 1016): Bad call: specified package qcamera under uid 1013 but it is really -1
W/Vold    (  261): Returning OperationFailed - no handler for errno 30
W/Vold    (  261): Returning OperationFailed - no handler for errno 30
W/Vold    (  261): Returning OperationFailed - no handler for errno 30
W/Vold    (  261): Returning OperationFailed - no handler for errno 30
W/AppOps  ( 1016): Bad call: specified package qcamera under uid 1013 but it is really -1
I/ActivityManager( 1016): Start proc com.rhmsoft.fm:crash.feedback for broadcast com.rhmsoft.fm/com.cleanmaster.fm.receiver.ConnectivityChangeBroadcastReceiver: pid=3919 uid=10105 gids={50105, 3003, 1028, 1015}
I/ActivityManager( 1016): Process com.android.mms (pid 3625) has died.
W/Vold    (  261): Returning OperationFailed - no handler for errno 30
W/Vold    (  261): Returning OperationFailed - no handler for errno 30
I/ActivityManager( 1016): Start proc com.mobisystems.ubreader_west for broadcast com.mobisystems.ubreader_west/com.mobisystems.ubreader.launcher.network.NetworkStateReceiver: pid=3942 uid=10117 gids={50117, 3003, 1028, 1015}
W/Vold    (  261): Returning OperationFailed - no handler for errno 30
W/Vold    (  261): Returning OperationFailed - no handler for errno 30
I/ActivityManager( 1016): Killing 3321:com.google.android.partnersetup/u0a25 (adj 15): empty #9
W/ContextImpl( 1231): Calling a method in the system process without a qualified user: android.app.ContextImpl.sendBroadcast:1252 android.content.ContextWrapper.sendBroadcast:365 com.motorola.motocare.util.TriggerHelper$TriggerBuilder.send:76 com.motorola.motocare.internal.frameworkevents.ProcessKillTrigger.sendTrigger:147 com.motorola.motocare.internal.frameworkevents.ProcessKillTrigger.handleFrameworkEvent:164 
I/ActivityManager( 1016): Process com.google.android.talk (pid 3826) has died.
W/ActivityManager( 1016): Service ServiceRecord{443c5598 u0 com.google.android.talk/com.google.android.libraries.hangouts.video.CallService} in process ProcessRecord{42fdf678 3826:com.google.android.talk/u0a71} not same as in map: null
D/ConnectivityService( 1016): handleInetConditionHoldEnd: net=1, condition=100, published condition=100
V/AlarmManager( 1016): sending alarm Alarm{439b8cd0 type 2 com.google.android.gms}
D/WifiService( 1016): acquireWifiLockLocked: WifiLock{NlpWifiLock type=2 binder=android.os.BinderProxy@439edc50}
V/AlarmManager( 1016): sending alarm Alarm{43903b70 type 2 com.google.android.gms}
D/WifiService( 1016): releaseWifiLockLocked: WifiLock{NlpWifiLock type=2 binder=android.os.BinderProxy@439edc50}
I/SFPerfTracer(  278):      triggers: (rate: 162:90670) (229580 sw vsyncs) (191226 skipped) (18:812874 vsyncs) (20:1143453)
V/AlarmManager( 1016): sending alarm Alarm{4349b208 type 2 com.whatsapp}
D/ConnectivityService( 1016): stopUsingNetworkFeature: teardown net 0: enableSUPL
D/MobileDataStateTracker( 1016): supl: Broadcast received: android.intent.action.ANY_DATA_STATE apnType=supl
I/ActivityManager( 1016): Start proc com.android.mms for broadcast com.android.mms/.transaction.MmsSystemEventReceiver: pid=4078 uid=10031 gids={50031, 3003, 1028, 1015}
D/MobileDataStateTracker( 1016): supl: Received state=DISCONNECTED, old=CONNECTED, reason=dataDisabled
D/MobileDataStateTracker( 1016): supl: setDetailed state, old =CONNECTED and new state=DISCONNECTED
D/ConnectivityService( 1016): ConnectivityChange for mobile_supl: DISCONNECTED/DISCONNECTED
W/FrameworkListener(  274): Handler 'interface' error (No such device)
W/FrameworkListener(  274): Handler 'interface' error (No such device)
D/ConnectivityService( 1016): resetConnections(rmnet0, 3)
D/WifiService( 1016): acquireWifiLockLocked: WifiLock{NlpWifiLock type=2 binder=android.os.BinderProxy@439edc50}
D/Nat464Xlat( 1016): requiresClat: netType=3, hasIPv4Address=true
D/MobileDataStateTracker( 1016): default: setPolicyDataEnable(enabled=true)
D/MobileDataStateTracker( 1016): default: setPolicyDataEnable(enabled=true)
D/MobileDataStateTracker( 1016): default: setPolicyDataEnable(enabled=true)
D/MobileDataStateTracker( 1016): default: setPolicyDataEnable(enabled=true)
I/ActivityManager( 1016): Process com.google.android.apps.plus (pid 3801) has died.
E/ActivityThread(31852): Failed to find provider info for com.motorola.blur.setupprovider
I/openssl (24728): Crypto mode not selected, openssl will run on its regular mode.
I/openssl (24728): Crypto mode 0 already enabled
E/ActivityThread(31852): Failed to find provider info for com.motorola.blur.setupprovider
I/ActivityManager( 1016): Start proc com.google.android.apps.plus for broadcast com.google.android.apps.plus/.service.ConnectivityReceiver: pid=4153 uid=10090 gids={50090, 3003, 3002, 1028, 1015}
I/ActivityManager( 1016): Start proc com.google.android.talk for broadcast com.google.android.talk/com.google.android.apps.hangouts.service.NetworkStateReceiver: pid=4172 uid=10071 gids={50071, 3003, 1028, 1015, 3002}
W/AppOps  ( 1016): Bad call: specified package qcamera under uid 1013 but it is really -1
I/openssl (24728): Crypto mode not selected, openssl will run on its regular mode.
I/openssl (24728): Crypto mode 0 already enabled
W/Vold    (  261): Returning OperationFailed - no handler for errno 30
W/Vold    (  261): Returning OperationFailed - no handler for errno 30
W/AppOps  ( 1016): Bad call: specified package qcamera under uid 1013 but it is really -1
W/AppOps  ( 1016): Bad call: specified package qcamera under uid 1013 but it is really -1
I/ActivityManager( 1016): Process com.google.android.apps.plus (pid 4153) has died.
W/AppOps  ( 1016): Bad call: specified package qcamera under uid 1013 but it is really -1
V/AlarmManager( 1016): sending alarm Alarm{43fb9668 type 2 com.google.android.gms}
I/ActivityManager( 1016): Start proc com.google.android.apps.plus for broadcast com.google.android.apps.plus/com.google.android.libraries.social.autobackup.AutoBackupEnvironment$ConnectivityReceiver: pid=4227 uid=10090 gids={50090, 3003, 3002, 1028, 1015}
I/ActivityManager( 1016): Process com.google.android.talk (pid 4172) has died.
W/ActivityManager( 1016): Service ServiceRecord{44421e48 u0 com.google.android.talk/com.google.android.libraries.hangouts.video.CallService} in process ProcessRecord{428a0db8 4172:com.google.android.talk/u0a71} not same as in map: null
I/ActivityManager( 1016): Start proc com.google.android.talk for broadcast com.google.android.talk/com.google.android.apps.hangouts.service.NetworkStateReceiver: pid=4244 uid=10071 gids={50071, 3003, 1028, 1015, 3002}
W/Vold    (  261): Returning OperationFailed - no handler for errno 30
W/Vold    (  261): Returning OperationFailed - no handler for errno 30
W/AppOps  ( 1016): Bad call: specified package qcamera under uid 1013 but it is really -1
W/AppOps  ( 1016): Bad call: specified package qcamera under uid 1013 but it is really -1
W/AppOps  ( 1016): Bad call: specified package qcamera under uid 1013 but it is really -1
D/WifiService( 1016): releaseWifiLockLocked: WifiLock{NlpWifiLock type=2 binder=android.os.BinderProxy@439edc50}
W/AppOps  ( 1016): Bad call: specified package qcamera under uid 1013 but it is really -1
I/ActivityManager( 1016): Killing 3559:com.devexpert.weather/u0a112 (adj 15): empty #9
W/ContextImpl( 1231): Calling a method in the system process without a qualified user: android.app.ContextImpl.sendBroadcast:1252 android.content.ContextWrapper.sendBroadcast:365 com.motorola.motocare.util.TriggerHelper$TriggerBuilder.send:76 com.motorola.motocare.internal.frameworkevents.ProcessKillTrigger.sendTrigger:147 com.motorola.motocare.internal.frameworkevents.ProcessKillTrigger.handleFrameworkEvent:164 
D/ConnectivityService( 1016): handleInetConditionHoldEnd: net=1, condition=100, published condition=100
I/PowerManagerService( 1016): Nap time...
I/PowerManagerService( 1016): Going to sleep due to screen timeout...
I/SFPerfTracer(  278):      triggers: (rate: 162:90670) (229580 sw vsyncs) (191226 skipped) (23:812966 vsyncs) (25:1143565)
W/ContextImpl( 1231): Calling a method in the system process without a qualified user: android.app.ContextImpl.sendBroadcast:1252 android.content.ContextWrapper.sendBroadcast:365 com.motorola.motocare.util.TriggerHelper$TriggerBuilder.send:76 com.motorola.motocare.internal.frameworkevents.PauseResumeTrigger.handleFrameworkEvent:53 com.motorola.motocare.internal.frameworkevents.FwEventMonitor$FrameworkListener.processFrameworkEvent:114 
F/ProcessStats( 1016): Starting service ServiceState{43a506e8 com.tranzmate.services.LocationService pkg=com.tranzmate proc=43a506e8} without owner
I/ActivityManager( 1016): Process com.google.android.talk (pid 4244) has died.
W/ActivityManager( 1016): Service ServiceRecord{443e4d88 u0 com.google.android.talk/com.google.android.libraries.hangouts.video.CallService} in process ProcessRecord{42991998 4244:com.google.android.talk/u0a71} not same as in map: null
W/ContextImpl( 1231): Calling a method in the system process without a qualified user: android.app.ContextImpl.startService:1608 android.content.ContextWrapper.startService:494 android.content.ContextWrapper.startService:494 com.motorola.motocare.internal.batterystats.BatteryStatsAction.onReceive:33 android.app.ActivityThread.handleReceiver:2434 
V/AlarmManager( 1016): sending alarm Alarm{4351d508 type 2 com.android.keyguard}
V/AlarmManager( 1016): sending alarm Alarm{4351c6a0 type 0 com.facebook.katana}
I/SFPerfTracer(  278):      triggers: (rate: 503:16474) (compose: 0:58) (post: 0:3) (render: 47:4356) (2:246743 frames) (3:734289)
D/SFPerfTracer(  278):        layers: (0:11) (DimLayer: 0:145)* (DimLayer: 0:163)* (FocusedStackFrame: 0:5490)* (StatusBar: 0:54378)* (NavigationBar: 0:35525)* (DimLayer: 0:10403)* (DimLayer: 0:1178)* (com.android.wallpaper.fall.FallWallpaper: 0:10656)* (com.giftme.fb_auth/com.giftme.fb_auth.FB_Auth: 1:28)* (ElectronBeam: 0:27)* (Keyguard: 3:3)* 
V/AlarmManager( 1016): sending alarm Alarm{4351ba78 type 3 android}
V/AlarmManager( 1016): sending alarm Alarm{43517068 type 3 com.devexpert.weather}
V/AlarmManager( 1016): sending alarm Alarm{43515378 type 2 android}
I/ActivityManager( 1016): Start proc com.devexpert.weather for broadcast com.devexpert.weather/.view.WidgetWeather2x1: pid=4335 uid=10112 gids={50112, 3003, 1028, 1015}
D/ConnectivityService( 1016): Sampling interval elapsed, updating statistics ..
D/ConnectivityService( 1016): Done.
D/ConnectivityService( 1016): Setting timer for 720seconds
W/ContextImpl( 1231): Calling a method in the system process without a qualified user: android.app.ContextImpl.sendBroadcast:1252 android.content.ContextWrapper.sendBroadcast:365 com.motorola.motocare.util.TriggerHelper$TriggerBuilder.send:76 com.motorola.motocare.internal.frameworkevents.ProcessKillTrigger.sendTrigger:147 com.motorola.motocare.internal.frameworkevents.ProcessKillTrigger.handleLmkKill:337 
W/ContextImpl( 1231): Calling a method in the system process without a qualified user: android.app.ContextImpl.sendBroadcast:1252 android.content.ContextWrapper.sendBroadcast:365 com.motorola.motocare.util.TriggerHelper$TriggerBuilder.send:76 com.motorola.motocare.internal.frameworkevents.ProcessKillTrigger.sendTrigger:147 com.motorola.motocare.internal.frameworkevents.ProcessKillTrigger.handleLmkKill:337 
W/ContextImpl( 1231): Calling a method in the system process without a qualified user: android.app.ContextImpl.sendBroadcast:1252 android.content.ContextWrapper.sendBroadcast:365 com.motorola.motocare.util.TriggerHelper$TriggerBuilder.send:76 com.motorola.motocare.internal.frameworkevents.ProcessKillTrigger.sendTrigger:147 com.motorola.motocare.internal.frameworkevents.ProcessKillTrigger.handleLmkKill:337 
