E/dalvikvm(13664): Could not find class 'android.app.Notification$Action$Builder', referenced from method f.a
W/dalvikvm(13664): VFY: unable to resolve new-instance 402 (Landroid/app/Notification$Action$Builder;) in Lf;
D/dalvikvm(13664): VFY: replacing opcode 0x22 at 0x0000
W/dalvikvm(13664): Unable to resolve superclass of Law; (790)
W/dalvikvm(13664): Link of class 'Law;' failed
E/dalvikvm(13664): Could not find class 'aw', referenced from method f.a
W/dalvikvm(13664): VFY: unable to resolve new-instance 1214 (Law;) in Lf;
D/dalvikvm(13664): VFY: replacing opcode 0x22 at 0x0006
W/dalvikvm(13664): Unable to resolve superclass of Lay; (790)
W/dalvikvm(13664): Link of class 'Lay;' failed
E/dalvikvm(13664): Could not find class 'ay', referenced from method f.a
W/dalvikvm(13664): VFY: unable to resolve new-instance 1268 (Lay;) in Lf;
D/dalvikvm(13664): VFY: replacing opcode 0x22 at 0x002a
I/dalvikvm(13664): Could not find method android.view.ViewGroup.isTransitionGroup, referenced from method f.a
W/dalvikvm(13664): VFY: unable to resolve virtual method 5345: Landroid/view/ViewGroup;.isTransitionGroup ()Z
D/dalvikvm(13664): VFY: replacing opcode 0x6e at 0x000c
I/dalvikvm(13664): Could not find method android.view.View.getTransitionName, referenced from method f.a
W/dalvikvm(13664): VFY: unable to resolve virtual method 5199: Landroid/view/View;.getTransitionName ()Ljava/lang/String;
D/dalvikvm(13664): VFY: replacing opcode 0x6e at 0x0006
W/dalvikvm(13664): VFY: unable to find class referenced in signature ([Landroid/app/RemoteInput;)
E/dalvikvm(13664): Could not find class 'android.app.RemoteInput[]', referenced from method f.a
W/dalvikvm(13664): VFY: unable to resolve new-array 6957 ([Landroid/app/RemoteInput;) in Lf;
D/dalvikvm(13664): VFY: replacing opcode 0x23 at 0x0005
D/dalvikvm(13664): DexOpt: couldn't find static field Landroid/os/Build;.SUPPORTED_ABIS
W/dalvikvm(13664): VFY: unable to resolve static field 1486 (SUPPORTED_ABIS) in Landroid/os/Build;
D/dalvikvm(13664): VFY: replacing opcode 0x62 at 0x0006
D/dalvikvm(13664): DexOpt: unable to opt direct call 0x0a62 at 0x0e in Lf;.a
D/dalvikvm(13664): DexOpt: unable to opt direct call 0x0ab7 at 0x43 in Lf;.a
D/dalvikvm(13664): DexOpt: unable to opt direct call 0x0a62 at 0x0e in Lf;.a
W/dalvikvm(13664): Unable to resolve superclass of Law; (790)
W/dalvikvm(13664): Link of class 'Law;' failed
D/dalvikvm(13664): DexOpt: unable to opt direct call 0x1d53 at 0x08 in Lf;.a
W/dalvikvm(13664): Unable to resolve superclass of Lay; (790)
W/dalvikvm(13664): Link of class 'Lay;' failed
D/dalvikvm(13664): DexOpt: unable to opt direct call 0x1e94 at 0x2c in Lf;.a
D/dalvikvm(13664): DexOpt: unable to opt direct call 0x0ab7 at 0x13 in Lf;.a
I/dalvikvm(13664): Could not find method android.content.Context.getDrawable, referenced from method i.a
W/dalvikvm(13664): VFY: unable to resolve virtual method 2839: Landroid/content/Context;.getDrawable (I)Landroid/graphics/drawable/Drawable;
D/dalvikvm(13664): VFY: replacing opcode 0x6e at 0x0006
I/Babel   (13664): MmsConfig: mnc/mcc: 272/3
I/Babel   (13664): MmsConfig.loadMmsSettings
I/Babel   (13664): MmsConfig.loadDeviceMmsSettings from API: mUserAgent=motoxt1039, mUaProfUrl=http://uaprof.motorola.com/phoneconfig/motoxt1039/Profile/motoxt1039.rdf
I/Babel   (13664): MmsConfig.loadFromDatabase
E/SQLiteLog(13664): (1) no such table: mmsconfig
I/Babel   (13664): MmsConfig: no mmsconfig table android.database.sqlite.SQLiteException: no such table: mmsconfig (code 1): , while compiling: SELECT key, value, type FROM mmsconfig WHERE numeric=?
I/Babel   (13664): MmsConfig.loadFromResources
E/Babel   (13664): canonicalizeMccMnc: invalid mccmnc nullnull
I/Babel   (13664): MmsConfig.loadMmsSettings: mUserAgent=motoxt1039, mUaProfUrl=http://uaprof.motorola.com/phoneconfig/motoxt1039/Profile/motoxt1039.rdf
W/GestureStrokeRecognitionPoints(  612): [0] drop stale event: 340,365|1075 last: 352,363|1083
W/GestureStrokeRecognitionPoints(  612): [0] drop stale event: 339,362|1080 last: 352,363|1083
D/dalvikvm( 1016): GC_EXPLICIT freed 1919K, 27% free 29333K/40112K, paused 8ms+19ms, total 187ms
W/Settings(13664): Setting airplane_mode_on has moved from android.provider.Settings.System to android.provider.Settings.Global, returning read-only value.
I/Babel_StickerModule(13664): App launched.
D/WifiStateMachine( 1016): handleMessage: E msg.what=151572
D/WifiStateMachine( 1016): processMsg: ConnectedState
D/WifiStateMachine( 1016): processMsg: L2ConnectedState
I/ActivityManager( 1016): Start proc com.google.android.apps.magazines for broadcast com.google.android.apps.magazines/com.google.apps.dots.android.newsstand.appwidget.NewsWidgetProvider: pid=13694 uid=10077 gids={50077, 3003, 1028, 1015}
D/WifiStateMachine( 1016): handleMessage: X
W/AppOps  ( 1016): Bad call: specified package qcamera under uid 1013 but it is really -1
D/WifiStateMachine( 1016): handleMessage: E msg.what=131155
D/WifiStateMachine( 1016): processMsg: ConnectedState
D/WifiStateMachine( 1016): processMsg: L2ConnectedState
W/AppOps  ( 1016): Bad call: specified package qcamera under uid 1013 but it is really -1
W/AppOps  ( 1016): Bad call: specified package qcamera under uid 1013 but it is really -1
D/WifiStateMachine( 1016): handleMessage: X
I/dalvikvm(13694): Could not find method android.accounts.AccountManager.getPreviousName, referenced from method com.google.apps.dots.android.newsstand.auth.AccountManagerDelegate.getPreviousName
W/dalvikvm(13694): VFY: unable to resolve virtual method 7: Landroid/accounts/AccountManager;.getPreviousName (Landroid/accounts/Account;)Ljava/lang/String;
D/dalvikvm(13694): VFY: replacing opcode 0x6e at 0x0002
E/cutils  (  261): Failed to mkdirat(/storage/sdcard1/Android): Read-only file system
W/Vold    (  261): Returning OperationFailed - no handler for errno 30
W/ContextImpl(13694): Failed to ensure directory: /storage/sdcard1/Android/data/com.google.android.apps.magazines/cache
E/cutils  (  261): Failed to mkdirat(/storage/sdcard1/Android): Read-only file system
W/Vold    (  261): Returning OperationFailed - no handler for errno 30
W/AppOps  ( 1016): Bad call: specified package qcamera under uid 1013 but it is really -1
W/ContextImpl(13694): Failed to ensure directory: /storage/sdcard1/Android/data/com.google.android.apps.magazines/files
W/dalvikvm(13664): Unable to resolve superclass of Lcom/google/android/libraries/hangouts/video/ScreenCaptureVideoSource$2; (596)
W/dalvikvm(13664): Link of class 'Lcom/google/android/libraries/hangouts/video/ScreenCaptureVideoSource$2;' failed
E/dalvikvm(13664): Could not find class 'com.google.android.libraries.hangouts.video.ScreenCaptureVideoSource$2', referenced from method com.google.android.libraries.hangouts.video.ScreenCaptureVideoSource.<init>
W/dalvikvm(13664): VFY: unable to resolve new-instance 2878 (Lcom/google/android/libraries/hangouts/video/ScreenCaptureVideoSource$2;) in Lcom/google/android/libraries/hangouts/video/ScreenCaptureVideoSource;
D/dalvikvm(13664): VFY: replacing opcode 0x22 at 0x0044
W/dalvikvm(13664): VFY: unable to find class referenced in signature (Landroid/media/projection/MediaProjection;)
W/dalvikvm(13664): VFY: unable to find class referenced in signature (Landroid/media/projection/MediaProjection;)
E/cutils  (  261): Failed to mkdirat(/storage/sdcard1/Android): Read-only file system
W/Vold    (  261): Returning OperationFailed - no handler for errno 30
W/dalvikvm(13664): VFY: unable to find class referenced in signature (Landroid/media/projection/MediaProjection;)
W/dalvikvm(13664): VFY: unable to find class referenced in signature (Landroid/media/projection/MediaProjectionManager;)
W/ContextImpl(13694): Failed to ensure directory: /storage/sdcard1/Android/data/com.google.android.apps.magazines/cache
I/dalvikvm(13664): Could not find method android.media.projection.MediaProjection.createVirtualDisplay, referenced from method com.google.android.libraries.hangouts.video.ScreenCaptureVideoSource.createVirtualDisplay
W/dalvikvm(13664): VFY: unable to resolve virtual method 3518: Landroid/media/projection/MediaProjection;.createVirtualDisplay (Ljava/lang/String;IIIILandroid/view/Surface;Landroid/hardware/display/VirtualDisplay$Callback;Landroid/os/Handler;)Landroid/hardware/display/VirtualDisplay;
D/dalvikvm(13664): VFY: replacing opcode 0x74 at 0x0053
I/dalvikvm(13664): Could not find method android.media.projection.MediaProjection.stop, referenced from method com.google.android.libraries.hangouts.video.ScreenCaptureVideoSource.release
W/dalvikvm(13664): VFY: unable to resolve virtual method 3520: Landroid/media/projection/MediaProjection;.stop ()V
D/dalvikvm(13664): VFY: replacing opcode 0x6e at 0x002d
I/dalvikvm(13664): Could not find method android.media.projection.MediaProjectionManager.createScreenCaptureIntent, referenced from method com.google.android.libraries.hangouts.video.ScreenCaptureVideoSource.startCapture
W/dalvikvm(13664): VFY: unable to resolve virtual method 3522: Landroid/media/projection/MediaProjectionManager;.createScreenCaptureIntent ()Landroid/content/Intent;
D/dalvikvm(13664): VFY: replacing opcode 0x6e at 0x0023
W/dalvikvm(13664): Unable to resolve superclass of Lcom/google/android/libraries/hangouts/video/ScreenCaptureVideoSource$2; (596)
W/dalvikvm(13664): Link of class 'Lcom/google/android/libraries/hangouts/video/ScreenCaptureVideoSource$2;' failed
D/dalvikvm(13664): DexOpt: unable to opt direct call 0x4a49 at 0x46 in Lcom/google/android/libraries/hangouts/video/ScreenCaptureVideoSource;.<init>
E/cutils  (  261): Failed to mkdirat(/storage/sdcard1/Android): Read-only file system
W/Vold    (  261): Returning OperationFailed - no handler for errno 30
W/ContextImpl(13694): Failed to ensure directory: /storage/sdcard1/Android/data/com.google.android.apps.magazines/files
I/dalvikvm(13664): Could not find method android.media.MediaCodecInfo$CodecCapabilities.getVideoCapabilities, referenced from method com.google.android.libraries.hangouts.video.EncoderManager.isHardwareAcceleratedCodec
W/dalvikvm(13664): VFY: unable to resolve virtual method 3454: Landroid/media/MediaCodecInfo$CodecCapabilities;.getVideoCapabilities ()Landroid/media/MediaCodecInfo$VideoCapabilities;
D/dalvikvm(13664): VFY: replacing opcode 0x6e at 0x001f
V/GAV3    (13546): Thread[GAThread,5,main]: connecting to Analytics service
V/GAV3    (13546): Thread[main,5,main]: service connected, binder: android.os.BinderProxy@427b7d18
V/GAV3    (13546): Thread[main,5,main]: bound to service
V/GAV3    (13546): Thread[GAThread,5,main]: connect: bindService returned true for Intent { act=com.google.android.gms.analytics.service.START cmp=com.google.android.gms/.analytics.service.AnalyticsService (has extras) }
V/GAV3    (13546): Thread[main,5,main]: Connected to service
V/GAV3    (13546): Thread[GAThread,5,main]: Loaded clientId
I/GAV3    (13546): Thread[GAThread,5,main]: No campaign data found.
V/WebViewChromiumFactoryProvider(13694): Binding Chromium to main looper Looper (main, tid 1) {4278a2a8}
I/LibraryLoader(13694): Expected native library version number "",actual native library version number ""
I/chromium(13694): [INFO:library_loader_hooks.cc(116)] Chromium logging enabled: level = 0, default verbosity = 0
I/BrowserStartupController(13694): Initializing chromium process, renderers=0
E/AudioManagerAndroid(13694): BLUETOOTH permission is missing!
I/Adreno-EGL(13694): <qeglDrvAPI_eglInitialize:410>: EGL 1.4 QUALCOMM build: AU_LINUX_ANDROID_LNX.LA.3.5.1_RB1.04.04.02.048.018_msm8226_LNX.LA.3.5.1_RB1__release_AU ()
I/Adreno-EGL(13694): OpenGL ES Shader Compiler Version: E031.24.00.08
I/Adreno-EGL(13694): Build Date: 03/07/14 Fri
I/Adreno-EGL(13694): Local Branch: 
I/Adreno-EGL(13694): Remote Branch: quic/LNX.LA.3.5.1_RB1.1
I/Adreno-EGL(13694): Local Patches: NONE
I/Adreno-EGL(13694): Reconstruct Branch: AU_LINUX_ANDROID_LNX.LA.3.5.1_RB1.04.04.02.048.018 + f2fd134 +  NOTHING
I/NSApplication(13694): Starting up...
D/AudioManagerAndroid(13694): ==> onReceive: s=0, m=1, n=h2w, sb=true
D/AudioManagerAndroid(13694): reportUpdate: state=0, devices=[Speakerphone, Headset earpiece]
I/ActivityManager( 1016): Killing 13366:com.google.android.gms.unstable/u0a22 (adj 15): empty #9
W/ContextImpl( 1231): Calling a method in the system process without a qualified user: android.app.ContextImpl.sendBroadcast:1252 android.content.ContextWrapper.sendBroadcast:365 com.motorola.motocare.util.TriggerHelper$TriggerBuilder.send:76 com.motorola.motocare.internal.frameworkevents.ProcessKillTrigger.sendTrigger:147 com.motorola.motocare.internal.frameworkevents.ProcessKillTrigger.handleFrameworkEvent:164 
D/PodcastAddictBroadcastReceiver( 8853): Connectivity changed... (android.net.conn.CONNECTIVITY_CHANGE)
D/PodcastAddictBroadcastReceiver( 8853): resumeService() - connected
D/PodcastAddictBroadcastReceiver( 8853): resumeService() - starting connection change process
E/cutils  (  261): Failed to mkdirat(/storage/sdcard1/Android): Read-only file system
W/Vold    (  261): Returning OperationFailed - no handler for errno 30
W/ContextImpl(13525): Failed to ensure directory: /storage/sdcard1/Android/data/com.rhmsoft.fm/files
I/openssl ( 8117): Crypto mode not selected, openssl will run on its regular mode.
I/openssl ( 8117): Crypto mode 0 already enabled
E/cutils  (  261): Failed to mkdirat(/storage/sdcard1/Android): Read-only file system
W/Vold    (  261): Returning OperationFailed - no handler for errno 30
W/ContextImpl(13525): Failed to ensure directory: /storage/sdcard1/Android/data/com.rhmsoft.fm/files
I/SFPerfTracer(  278):      triggers: (rate: 168:94158) (230107 sw vsyncs) (197769 skipped) (2:824243 vsyncs) (4:1158291)
D/MobileConnectivityChangeReceiver(13403): onReceive Intent { act=android.net.conn.CONNECTIVITY_CHANGE flg=0x4000010 cmp=com.google.android.setupwizard/.MobileConnectivityChangeReceiver (has extras) }
D/MobileConnectivityChangeReceiver(13403): onReceive CONNECTIVITY_CHANGE networkType=1
W/PodcastAddictBroadcastReceiver( 8853): Network modification detected but ignored... (0)
D/PodcastAddictBroadcastReceiver( 8853): resumeService() - finishing connection change process
D/GCM     (31791): GcmService start Intent { act=android.net.conn.CONNECTIVITY_CHANGE flg=0x4000010 cmp=com.google.android.gms/.gcm.GcmService (has extras) } android.net.conn.CONNECTIVITY_CHANGE
I/iu.Environment(20163): update connectivity state; isNetworkMetered? false, isRoaming? false, isBackgroundDataAllowed? true
E/cutils  (  261): Failed to mkdirat(/storage/sdcard1/Android): Read-only file system
W/Vold    (  261): Returning OperationFailed - no handler for errno 30
W/ContextImpl(13525): Failed to ensure directory: /storage/sdcard1/Android/data/com.rhmsoft.fm/files
D/DEBUG   (31852): Received intent : com.motorola.blur.service.blur.Actions.POLLINGMGR_CONNECTIVITY
E/cutils  (  261): Failed to mkdirat(/storage/sdcard1/Android): Read-only file system
W/Vold    (  261): Returning OperationFailed - no handler for errno 30
W/ContextImpl(31852): Implicit intents with startService are not safe: Intent { act=com.motorola.blur.service.blur.Actions.BIND_WSPROXY_SVC } android.content.ContextWrapper.bindService:517 com.motorola.ccc.notification.GetNotificationsWS.bindWebServices:65 com.motorola.ccc.notification.SundryService.onCreate:1039 
D/GetNotificationsWS(31852): bindWebServices(): registering our AIDL callback...
W/ContextImpl(13525): Failed to ensure directory: /storage/sdcard1/Android/data/com.rhmsoft.fm/files
D/EmailService.MarketingOptInSetter(31852): received com.motorola.blur.service.blur.Actions.POLLINGMGR_CONNECTIVITY
D/GetNotificationsWS(31852): onServiceConnected()
D/GetNotificationsWS(31852): onServiceConnected(): Registered for remote service callbacks...
I/SundryService(31852): onHandleIntent(): action=com.motorola.blur.service.blur.Actions.POLLINGMGR_CONNECTIVITY
D/WaitableIntentService(31852): ServiceHandler.handleMessage: mWaitCount=0
D/GetNotificationsWS(31852): unbindWebServices(): un-registering our AIDL callback...
I/ActivityManager( 1016): Process com.google.android.talk (pid 13664) has died.
W/ActivityManager( 1016): Service ServiceRecord{445d6368 u0 com.google.android.talk/com.google.android.libraries.hangouts.video.CallService} in process ProcessRecord{437cd498 13664:com.google.android.talk/u0a71} not same as in map: null
D/WifiStateMachine( 1016): handleMessage: E msg.what=151572
D/WifiStateMachine( 1016): processMsg: ConnectedState
D/WifiStateMachine( 1016): processMsg: L2ConnectedState
D/WifiStateMachine( 1016): handleMessage: X
D/ConnectivityService( 1016): handleInetConditionHoldEnd: net=1, condition=100, published condition=100
I/SBar.NetworkController( 1078): onReceive: ConnectivityManager.INET_CONDITION_ACTION Received
I/ModemStatsDSDetect( 1279): onReceive() -Intent { act=android.net.conn.INET_CONDITION_ACTION flg=0x4000010 (has extras) }
I/SBar.NetworkController( 1078): updateConnectivity: NetworkInfo: NetworkInfo: type: WIFI[], state: CONNECTED/CONNECTED, reason: (unspecified), extra: "Moulin Rouge", roaming: false, failover: false, isAvailable: true, isConnectedToProvisioningNetwork: false, inetCondition= 1
I/ModemStatsDSDetect( 1279): INET_CONDITION=100 ,activeNet=NetworkInfo: type: WIFI[], state: CONNECTED/CONNECTED, reason: (unspecified), extra: "Moulin Rouge", roaming: false, failover: false, isAvailable: true, isConnectedToProvisioningNetwork: false
I/ModemStatsDSDetect( 1279): onReceive() - done, currentInetCondition=100
D/WifiStateMachine( 1016): handleMessage: E msg.what=151572
D/WifiStateMachine( 1016): processMsg: ConnectedState
D/WifiStateMachine( 1016): processMsg: L2ConnectedState
D/WifiStateMachine( 1016): handleMessage: X
I/InputReader( 1016): Reconfiguring input devices.  changes=0x00000010
I/Launcher(  813): Deferring update until onResume
I/SFPerfTracer(  278):      triggers: (rate: 168:94158) (230107 sw vsyncs) (197769 skipped) (24:824330 vsyncs) (26:1158401)
I/PackageManager( 1016): Adding preferred activity ComponentInfo{com.android.mms/com.android.mms.ui.ComposeMessageActivity} for user 0 :
I/PackageManager( 1016):   Action: "android.intent.action.SENDTO"
I/PackageManager( 1016):   Category: "android.intent.category.DEFAULT"
I/PackageManager( 1016):   Scheme: "sms"
I/ActivityManager( 1016): Start proc com.google.android.talk for broadcast com.google.android.talk/com.google.android.apps.hangouts.phone.PackageReplacedReceiver: pid=13758 uid=10071 gids={50071, 3003, 1028, 1015, 3002}
I/PackageManager( 1016): Adding preferred activity ComponentInfo{com.android.mms/com.android.mms.ui.ComposeMessageActivity} for user 0 :
I/PackageManager( 1016):   Action: "android.intent.action.SENDTO"
I/PackageManager( 1016):   Category: "android.intent.category.DEFAULT"
I/PackageManager( 1016):   Scheme: "smsto"
I/Launcher(  813): Deferring update until onResume
I/PackageManager( 1016): Adding preferred activity ComponentInfo{com.android.mms/com.android.mms.ui.ComposeMessageActivity} for user 0 :
I/PackageManager( 1016):   Action: "android.intent.action.SENDTO"
I/PackageManager( 1016):   Category: "android.intent.category.DEFAULT"
I/PackageManager( 1016):   Scheme: "mms"
I/PackageManager( 1016): Adding preferred activity ComponentInfo{com.android.mms/com.android.mms.ui.ComposeMessageActivity} for user 0 :
I/PackageManager( 1016):   Action: "android.intent.action.SENDTO"
I/PackageManager( 1016):   Category: "android.intent.category.DEFAULT"
I/PackageManager( 1016):   Scheme: "mmsto"
I/PackageManager( 1016): Adding preferred activity ComponentInfo{com.android.mms/com.android.mms.ui.ComposeMessageActivity} for user 0 :
I/PackageManager( 1016):   Action: "android.intent.action.SENDTO"
I/PackageManager( 1016):   Category: "android.intent.category.DEFAULT"
I/PackageManager( 1016):   Scheme: "sms"
D/dalvikvm( 1255): GC_CONCURRENT freed 1911K, 36% free 11079K/17224K, paused 3ms+7ms, total 48ms
I/PackageManager( 1016): Adding preferred activity ComponentInfo{com.android.mms/com.android.mms.ui.ComposeMessageActivity} for user 0 :
I/PackageManager( 1016):   Action: "android.intent.action.SENDTO"
I/PackageManager( 1016):   Category: "android.intent.category.DEFAULT"
I/PackageManager( 1016):   Scheme: "smsto"
I/PackageManager( 1016): Adding preferred activity ComponentInfo{com.android.mms/com.android.mms.ui.ComposeMessageActivity} for user 0 :
I/PackageManager( 1016):   Action: "android.intent.action.SENDTO"
I/PackageManager( 1016):   Category: "android.intent.category.DEFAULT"
I/PackageManager( 1016):   Scheme: "mms"
D/dalvikvm(13758): Trying to load lib /data/app-lib/com.google.android.talk-1/libcrashreporterer.so 0x42791888
D/dalvikvm(13758): Added shared lib /data/app-lib/com.google.android.talk-1/libcrashreporterer.so 0x42791888
I/PackageManager( 1016): Adding preferred activity ComponentInfo{com.android.mms/com.android.mms.ui.ComposeMessageActivity} for user 0 :
I/PackageManager( 1016):   Action: "android.intent.action.SENDTO"
I/PackageManager( 1016):   Category: "android.intent.category.DEFAULT"
I/PackageManager( 1016):   Scheme: "mmsto"
E/dalvikvm(13758): Could not find class 'android.app.Notification$Action$Builder', referenced from method f.a
W/dalvikvm(13758): VFY: unable to resolve new-instance 402 (Landroid/app/Notification$Action$Builder;) in Lf;
D/dalvikvm(13758): VFY: replacing opcode 0x22 at 0x0000
E/dalvikvm(13758): Could not find class 'android.app.RemoteInput$Builder', referenced from method f.a
W/dalvikvm(13758): VFY: unable to resolve new-instance 414 (Landroid/app/RemoteInput$Builder;) in Lf;
D/dalvikvm(13758): VFY: replacing opcode 0x22 at 0x003d
E/dalvikvm(13758): Could not find class 'android.app.Notification$Action$Builder', referenced from method f.a
W/dalvikvm(13758): VFY: unable to resolve new-instance 402 (Landroid/app/Notification$Action$Builder;) in Lf;
D/dalvikvm(13758): VFY: replacing opcode 0x22 at 0x0000
W/dalvikvm(13758): Unable to resolve superclass of Law; (790)
W/dalvikvm(13758): Link of class 'Law;' failed
E/dalvikvm(13758): Could not find class 'aw', referenced from method f.a
W/dalvikvm(13758): VFY: unable to resolve new-instance 1214 (Law;) in Lf;
D/dalvikvm(13758): VFY: replacing opcode 0x22 at 0x0006
W/dalvikvm(13758): Unable to resolve superclass of Lay; (790)
W/dalvikvm(13758): Link of class 'Lay;' failed
E/dalvikvm(13758): Could not find class 'ay', referenced from method f.a
W/dalvikvm(13758): VFY: unable to resolve new-instance 1268 (Lay;) in Lf;
D/dalvikvm(13758): VFY: replacing opcode 0x22 at 0x002a
I/dalvikvm(13758): Could not find method android.view.ViewGroup.isTransitionGroup, referenced from method f.a
W/dalvikvm(13758): VFY: unable to resolve virtual method 5345: Landroid/view/ViewGroup;.isTransitionGroup ()Z
D/dalvikvm(13758): VFY: replacing opcode 0x6e at 0x000c
I/dalvikvm(13758): Could not find method android.view.View.getTransitionName, referenced from method f.a
W/dalvikvm(13758): VFY: unable to resolve virtual method 5199: Landroid/view/View;.getTransitionName ()Ljava/lang/String;
D/dalvikvm(13758): VFY: replacing opcode 0x6e at 0x0006
V/GmsNetworkLocationProvi(31965): DISABLE
W/dalvikvm(13758): VFY: unable to find class referenced in signature ([Landroid/app/RemoteInput;)
E/dalvikvm(13758): Could not find class 'android.app.RemoteInput[]', referenced from method f.a
W/dalvikvm(13758): VFY: unable to resolve new-array 6957 ([Landroid/app/RemoteInput;) in Lf;
D/dalvikvm(13758): VFY: replacing opcode 0x23 at 0x0005
D/dalvikvm(13758): DexOpt: couldn't find static field Landroid/os/Build;.SUPPORTED_ABIS
W/dalvikvm(13758): VFY: unable to resolve static field 1486 (SUPPORTED_ABIS) in Landroid/os/Build;
D/dalvikvm(13758): VFY: replacing opcode 0x62 at 0x0006
D/dalvikvm(13758): DexOpt: unable to opt direct call 0x0a62 at 0x0e in Lf;.a
D/dalvikvm(13758): DexOpt: unable to opt direct call 0x0ab7 at 0x43 in Lf;.a
V/GmsNetworkLocationProvi(31965): ENABLE
V/GmsNetworkLocationProvi(31965): onSetRequest: ProviderRequestUnbundled, reportLocation is true and interval is 14400000
V/GmsNetworkLocationProvi(31965): SET-REQUEST
V/GmsNetworkLocationProvi(31965): in Handler: ProviderRequestUnbundled, reportLocation is true and interval is 14400000
D/dalvikvm(13758): DexOpt: unable to opt direct call 0x0a62 at 0x0e in Lf;.a
W/dalvikvm(13758): Unable to resolve superclass of Law; (790)
W/dalvikvm(13758): Link of class 'Law;' failed
D/dalvikvm(13758): DexOpt: unable to opt direct call 0x1d53 at 0x08 in Lf;.a
W/dalvikvm(13758): Unable to resolve superclass of Lay; (790)
W/dalvikvm(13758): Link of class 'Lay;' failed
D/dalvikvm(13758): DexOpt: unable to opt direct call 0x1e94 at 0x2c in Lf;.a
D/dalvikvm(13758): DexOpt: unable to opt direct call 0x0ab7 at 0x13 in Lf;.a
D/WifiService( 1016): acquireWifiLockLocked: WifiLock{NlpWifiLock type=2 binder=android.os.BinderProxy@43121a28}
D/WifiStateMachine( 1016): handleMessage: E msg.what=131143
D/WifiStateMachine( 1016): processMsg: ConnectedState
D/WifiStateMachine( 1016): processMsg: L2ConnectedState
D/WifiStateMachine( 1016): handleMessage: X
I/dalvikvm(13758): Could not find method android.content.Context.getDrawable, referenced from method i.a
W/dalvikvm(13758): VFY: unable to resolve virtual method 2839: Landroid/content/Context;.getDrawable (I)Landroid/graphics/drawable/Drawable;
D/dalvikvm(13758): VFY: replacing opcode 0x6e at 0x0006
I/Babel   (13758): MmsConfig: mnc/mcc: 272/3
I/Babel   (13758): MmsConfig.loadMmsSettings
I/Babel   (13758): MmsConfig.loadDeviceMmsSettings from API: mUserAgent=motoxt1039, mUaProfUrl=http://uaprof.motorola.com/phoneconfig/motoxt1039/Profile/motoxt1039.rdf
I/Babel   (13758): MmsConfig.loadFromDatabase
E/SQLiteLog(13758): (1) no such table: mmsconfig
I/Babel   (13758): MmsConfig: no mmsconfig table android.database.sqlite.SQLiteException: no such table: mmsconfig (code 1): , while compiling: SELECT key, value, type FROM mmsconfig WHERE numeric=?
I/Babel   (13758): MmsConfig.loadFromResources
E/Babel   (13758): canonicalizeMccMnc: invalid mccmnc nullnull
I/Babel   (13758): MmsConfig.loadMmsSettings: mUserAgent=motoxt1039, mUaProfUrl=http://uaprof.motorola.com/phoneconfig/motoxt1039/Profile/motoxt1039.rdf
W/Settings(13758): Setting airplane_mode_on has moved from android.provider.Settings.System to android.provider.Settings.Global, returning read-only value.
I/Babel_StickerModule(13758): App launched.
W/AppOps  ( 1016): Bad call: specified package qcamera under uid 1013 but it is really -1
I/ActivityManager( 1016): Start proc com.motorola.MotGallery2 for broadcast com.motorola.MotGallery2/com.android.gallery3d.app.PackagesMonitor: pid=13791 uid=10034 gids={50034, 3003, 1028, 1015}
W/AppOps  ( 1016): Bad call: specified package qcamera under uid 1013 but it is really -1
W/AppOps  ( 1016): Bad call: specified package qcamera under uid 1013 but it is really -1
W/AppOps  ( 1016): Bad call: specified package qcamera under uid 1013 but it is really -1
I/ActivityManager( 1016): Start proc com.android.vending for broadcast com.android.vending/com.google.android.finsky.receivers.PackageMonitorReceiver$RegisteredReceiver: pid=13805 uid=10039 gids={50039, 3003, 1028, 1015}
D/WifiStateMachine( 1016): handleMessage: E msg.what=151572
D/WifiStateMachine( 1016): processMsg: ConnectedState
D/WifiStateMachine( 1016): processMsg: L2ConnectedState
W/dalvikvm(13758): Unable to resolve superclass of Lcom/google/android/libraries/hangouts/video/ScreenCaptureVideoSource$2; (596)
W/dalvikvm(13758): Link of class 'Lcom/google/android/libraries/hangouts/video/ScreenCaptureVideoSource$2;' failed
E/dalvikvm(13758): Could not find class 'com.google.android.libraries.hangouts.video.ScreenCaptureVideoSource$2', referenced from method com.google.android.libraries.hangouts.video.ScreenCaptureVideoSource.<init>
W/dalvikvm(13758): VFY: unable to resolve new-instance 2878 (Lcom/google/android/libraries/hangouts/video/ScreenCaptureVideoSource$2;) in Lcom/google/android/libraries/hangouts/video/ScreenCaptureVideoSource;
D/dalvikvm(13758): VFY: replacing opcode 0x22 at 0x0044
W/dalvikvm(13758): VFY: unable to find class referenced in signature (Landroid/media/projection/MediaProjection;)
W/dalvikvm(13758): VFY: unable to find class referenced in signature (Landroid/media/projection/MediaProjection;)
W/dalvikvm(13758): VFY: unable to find class referenced in signature (Landroid/media/projection/MediaProjection;)
W/dalvikvm(13758): VFY: unable to find class referenced in signature (Landroid/media/projection/MediaProjectionManager;)
I/dalvikvm(13758): Could not find method android.media.projection.MediaProjection.createVirtualDisplay, referenced from method com.google.android.libraries.hangouts.video.ScreenCaptureVideoSource.createVirtualDisplay
W/dalvikvm(13758): VFY: unable to resolve virtual method 3518: Landroid/media/projection/MediaProjection;.createVirtualDisplay (Ljava/lang/String;IIIILandroid/view/Surface;Landroid/hardware/display/VirtualDisplay$Callback;Landroid/os/Handler;)Landroid/hardware/display/VirtualDisplay;
D/dalvikvm(13758): VFY: replacing opcode 0x74 at 0x0053
I/dalvikvm(13758): Could not find method android.media.projection.MediaProjection.stop, referenced from method com.google.android.libraries.hangouts.video.ScreenCaptureVideoSource.release
W/dalvikvm(13758): VFY: unable to resolve virtual method 3520: Landroid/media/projection/MediaProjection;.stop ()V
D/dalvikvm(13758): VFY: replacing opcode 0x6e at 0x002d
I/dalvikvm(13758): Could not find method android.media.projection.MediaProjectionManager.createScreenCaptureIntent, referenced from method com.google.android.libraries.hangouts.video.ScreenCaptureVideoSource.startCapture
W/dalvikvm(13758): VFY: unable to resolve virtual method 3522: Landroid/media/projection/MediaProjectionManager;.createScreenCaptureIntent ()Landroid/content/Intent;
D/dalvikvm(13758): VFY: replacing opcode 0x6e at 0x0023
W/dalvikvm(13758): Unable to resolve superclass of Lcom/google/android/libraries/hangouts/video/ScreenCaptureVideoSource$2; (596)
W/dalvikvm(13758): Link of class 'Lcom/google/android/libraries/hangouts/video/ScreenCaptureVideoSource$2;' failed
D/dalvikvm(13758): DexOpt: unable to opt direct call 0x4a49 at 0x46 in Lcom/google/android/libraries/hangouts/video/ScreenCaptureVideoSource;.<init>
I/dalvikvm(13758): Could not find method android.media.MediaCodecInfo$CodecCapabilities.getVideoCapabilities, referenced from method com.google.android.libraries.hangouts.video.EncoderManager.isHardwareAcceleratedCodec
W/dalvikvm(13758): VFY: unable to resolve virtual method 3454: Landroid/media/MediaCodecInfo$CodecCapabilities;.getVideoCapabilities ()Landroid/media/MediaCodecInfo$VideoCapabilities;
D/dalvikvm(13758): VFY: replacing opcode 0x6e at 0x001f
I/Babel   (13758): Creating RTCS
D/dalvikvm(31791): GC_EXPLICIT freed 597K, 38% free 10844K/17224K, paused 3ms+6ms, total 45ms
D/TCMD    ( 2001): NL - Read 56 bytes from update socket.
D/TCMD    ( 2001): NL - message type is RTM_NEWLINK
D/TCMD    ( 2001): Listening for incoming client connection request
D/MDMCTBK (  276): reply_len: 40 reply is = IFNAME=wlan0 <3>CTRL-EVENT-SCAN-RESULTS 
D/MDMCTBK (  276): Event received = CTRL-EVENT-SCAN-RESULTS 
D/WifiStateMachine( 1016): handleMessage: X
D/WifiStateMachine( 1016): handleMessage: E msg.what=131155
D/WifiStateMachine( 1016): processMsg: ConnectedState
D/WifiStateMachine( 1016): processMsg: L2ConnectedState
I/Babel   (13758): Destroying RTCS
I/ActivityManager( 1016): Killing 13246:com.android.mms/u0a31 (adj 15): empty #9
W/ContextImpl( 1231): Calling a method in the system process without a qualified user: android.app.ContextImpl.sendBroadcast:1252 android.content.ContextWrapper.sendBroadcast:365 com.motorola.motocare.util.TriggerHelper$TriggerBuilder.send:76 com.motorola.motocare.internal.frameworkevents.ProcessKillTrigger.sendTrigger:147 com.motorola.motocare.internal.frameworkevents.ProcessKillTrigger.handleFrameworkEvent:164 
D/WifiStateMachine( 1016): handleMessage: X
D/WifiStateMachine( 1016): handleMessage: E msg.what=147461
D/WifiStateMachine( 1016): processMsg: ConnectedState
D/WifiStateMachine( 1016): processMsg: L2ConnectedState
D/WifiStateMachine( 1016): processMsg: ConnectModeState
D/WifiStateMachine( 1016): processMsg: DriverStartedState
D/WifiStateMachine( 1016): processMsg: SupplicantStartedState
D/WifiStateMachine( 1016): handleMessage: X
D/Finsky  (13805): [1] FinskyApp.onCreate: Initializing network with DFE https://android.clients.google.com/fdfe/
D/WifiService( 1016): releaseWifiLockLocked: WifiLock{NlpWifiLock type=2 binder=android.os.BinderProxy@43121a28}
D/Finsky  (13805): [1] DailyHygiene.goMakeHygieneIfDirty: No need to run daily hygiene.
W/Settings(13805): Setting download_manager_max_bytes_over_mobile has moved from android.provider.Settings.Secure to android.provider.Settings.Global.
W/Settings(13805): Setting download_manager_recommended_max_bytes_over_mobile has moved from android.provider.Settings.Secure to android.provider.Settings.Global.
I/dalvikvm(13805): Could not find method com.google.android.play.layout.PlayCardViewBase.setTransitionName, referenced from method com.google.android.finsky.utils.PlayCardUtils.bindCard
W/dalvikvm(13805): VFY: unable to resolve virtual method 42705: Lcom/google/android/play/layout/PlayCardViewBase;.setTransitionName (Ljava/lang/String;)V
D/dalvikvm(13805): VFY: replacing opcode 0x6e at 0x00d9
I/dalvikvm(13805): Could not find method com.google.android.play.layout.PlayCardViewBase.setTransitionGroup, referenced from method com.google.android.finsky.utils.PlayCardUtils.bindCard
W/dalvikvm(13805): VFY: unable to resolve virtual method 42704: Lcom/google/android/play/layout/PlayCardViewBase;.setTransitionGroup (Z)V
D/dalvikvm(13805): VFY: replacing opcode 0x6e at 0x0246
I/ActivityManager( 1016): Process com.google.android.apps.plus (pid 13645) has died.
I/dalvikvm(13805): Could not find method android.view.View.getTransitionName, referenced from method com.google.android.finsky.navigationmanager.NavigationManager.showPage
W/dalvikvm(13805): VFY: unable to resolve virtual method 9352: Landroid/view/View;.getTransitionName ()Ljava/lang/String;
D/dalvikvm(13805): VFY: replacing opcode 0x6e at 0x001a
D/Finsky  (13805): [1] 2.run: Loaded library for account: [gKXbJhL8NA2nPUzZyFpjB6tKi7U]
D/Finsky  (13805): [1] 2.run: Finished loading 1 libraries.
D/PackageBroadcastService(20163): Received broadcast action=android.intent.action.PACKAGE_CHANGED and uri=com.google.android.gms
I/PackageBroadcastService(20163): Null package name or gms related package.  Ignoreing.
I/ActivityManager( 1016): Start proc com.google.android.apps.plus for broadcast com.google.android.apps.plus/.service.PackagesMediaMonitor: pid=13848 uid=10090 gids={50090, 3003, 3002, 1028, 1015}
I/Icing   (20163): updateResources: need to parse e{com.google.android.gms}
E/dalvikvm(13848): Could not find class 'android.app.Notification$Action$Builder', referenced from method b.a
W/dalvikvm(13848): VFY: unable to resolve new-instance 302 (Landroid/app/Notification$Action$Builder;) in Lb;
D/dalvikvm(13848): VFY: replacing opcode 0x22 at 0x0000
E/dalvikvm(13848): Could not find class 'android.graphics.drawable.RippleDrawable', referenced from method b.a
W/dalvikvm(13848): VFY: unable to resolve new-instance 462 (Landroid/graphics/drawable/RippleDrawable;) in Lb;
D/dalvikvm(13848): VFY: replacing opcode 0x22 at 0x000b
D/dalvikvm(13758): GC_CONCURRENT freed 4302K, 26% free 12840K/17224K, paused 3ms+2ms, total 74ms
D/Finsky  (13805): [1] GmsCoreHelper.cleanupNlp: result=false type=4
I/dalvikvm(31791): Jit: resizing JitTable from 8192 to 16384
W/dalvikvm(13848): VFY: unable to find class referenced in signature (Lzt;)
W/dalvikvm(13848): VFY: unable to find class referenced in signature (Lzt;)
W/dalvikvm(13848): VFY: unable to find class referenced in signature (Lzt;)
W/dalvikvm(13848): VFY: unable to find class referenced in signature (Lzt;)
W/dalvikvm(13848): VFY: unable to find class referenced in signature (Lzt;)
D/Finsky  (13805): [1] RestoreTracker.stopServiceIfDone: Restore complete with 0 success and 0 failed.
W/dalvikvm(13848): VFY: unable to find class referenced in signature (Lzt;)
W/dalvikvm(13848): VFY: unable to find class referenced in signature (Lzt;)
E/dalvikvm(13848): Could not find class 'android.app.Notification$Action$Builder', referenced from method b.a
W/dalvikvm(13848): VFY: unable to resolve new-instance 302 (Landroid/app/Notification$Action$Builder;) in Lb;
D/dalvikvm(13848): VFY: replacing opcode 0x22 at 0x0000
W/dalvikvm(13848): Unable to resolve superclass of Lar; (689)
W/dalvikvm(13848): Link of class 'Lar;' failed
E/dalvikvm(13848): Could not find class 'ar', referenced from method b.a
W/dalvikvm(13848): VFY: unable to resolve new-instance 999 (Lar;) in Lb;
D/dalvikvm(13848): VFY: replacing opcode 0x22 at 0x0006
W/dalvikvm(13848): Unable to resolve superclass of Lat; (689)
W/dalvikvm(13848): Link of class 'Lat;' failed
E/dalvikvm(13848): Could not find class 'at', referenced from method b.a
W/dalvikvm(13848): VFY: unable to resolve new-instance 1053 (Lat;) in Lb;
D/dalvikvm(13848): VFY: replacing opcode 0x22 at 0x002a
I/dalvikvm(13848): Could not find method android.view.ViewGroup.isTransitionGroup, referenced from method b.a
W/dalvikvm(13848): VFY: unable to resolve virtual method 4388: Landroid/view/ViewGroup;.isTransitionGroup ()Z
D/dalvikvm(13848): VFY: replacing opcode 0x6e at 0x000c
I/dalvikvm(13848): Could not find method android.view.View.getTransitionName, referenced from method b.a
W/dalvikvm(13848): VFY: unable to resolve virtual method 4205: Landroid/view/View;.getTransitionName ()Ljava/lang/String;
D/dalvikvm(13848): VFY: replacing opcode 0x6e at 0x0006
W/dalvikvm(13848): VFY: unable to find class referenced in signature ([Landroid/app/RemoteInput;)
E/dalvikvm(13848): Could not find class 'android.app.RemoteInput[]', referenced from method b.a
W/dalvikvm(13848): VFY: unable to resolve new-array 12606 ([Landroid/app/RemoteInput;) in Lb;
D/dalvikvm(13848): VFY: replacing opcode 0x23 at 0x0005
D/dalvikvm(13848): DexOpt: unable to opt direct call 0x0530 at 0x0e in Lb;.a
D/dalvikvm(13848): DexOpt: unable to opt direct call 0x08a4 at 0x0e in Lb;.a
D/dalvikvm(13848): DexOpt: unable to opt direct call 0x0530 at 0x0e in Lb;.a
W/dalvikvm(13848): Unable to resolve superclass of Lar; (689)
W/dalvikvm(13848): Link of class 'Lar;' failed
D/dalvikvm(13848): DexOpt: unable to opt direct call 0x177c at 0x08 in Lb;.a
W/dalvikvm(13848): Unable to resolve superclass of Lat; (689)
W/dalvikvm(13848): Link of class 'Lat;' failed
D/dalvikvm(13848): DexOpt: unable to opt direct call 0x1846 at 0x2c in Lb;.a
D/dalvikvm(13848): DexOpt: unable to opt direct call 0x0587 at 0x13 in Lb;.a
D/WifiStateMachine( 1016): handleMessage: E msg.what=151572
D/WifiStateMachine( 1016): processMsg: ConnectedState
D/WifiStateMachine( 1016): processMsg: L2ConnectedState
I/ActivityManager( 1016): Process com.google.android.apps.magazines (pid 13694) has died.
D/WifiStateMachine( 1016): handleMessage: X
D/dalvikvm(13848): Trying to load lib /data/app-lib/com.google.android.apps.plus-1/libcrashreporterer.so 0x42797900
D/dalvikvm(13848): Added shared lib /data/app-lib/com.google.android.apps.plus-1/libcrashreporterer.so 0x42797900
D/dalvikvm(13758): GC_CONCURRENT freed 885K, 19% free 14002K/17224K, paused 3ms+7ms, total 56ms
D/dalvikvm(13758): WAIT_FOR_CONCURRENT_GC blocked 25ms
I/ActivityManager( 1016): Start proc com.google.android.googlequicksearchbox:search for broadcast com.google.android.googlequicksearchbox/com.google.android.search.core.icingsync.IcingCorporaChangedReceiver: pid=13869 uid=10045 gids={50045, 3003, 3001, 1028, 3002, 1015}
D/dalvikvm(  280): GC_EXPLICIT freed 43K, 48% free 9010K/17224K, paused 2ms+3ms, total 24ms
D/dalvikvm(  280): GC_EXPLICIT freed <1K, 48% free 9010K/17224K, paused 2ms+2ms, total 20ms
D/dalvikvm(  280): GC_EXPLICIT freed <1K, 48% free 9010K/17224K, paused 1ms+3ms, total 21ms
I/UpdateIcingCorporaServi(13869): Updating corpora: APPS=com.google.android.gms, CONTACTS=MAYBE
I/ActivityManager( 1016): Start proc com.google.android.partnersetup for content provider com.google.android.partnersetup/.RlzAppProvider: pid=13885 uid=10025 gids={50025, 3003}
I/ActivityManager( 1016): Process com.google.android.talk (pid 13758) has died.
W/ActivityManager( 1016): Service ServiceRecord{43cc8058 u0 com.google.android.talk/com.google.android.libraries.hangouts.video.CallService} in process ProcessRecord{42fce500 13758:com.google.android.talk/u0a71} not same as in map: null
D/dalvikvm( 1016): GC_EXPLICIT freed 1408K, 27% free 29367K/40112K, paused 5ms+17ms, total 171ms
I/dalvikvm(13869): Could not find method android.content.pm.PackageManager.getPackageInstaller, referenced from method com.google.android.gms.common.g.m
W/dalvikvm(13869): VFY: unable to resolve virtual method 902: Landroid/content/pm/PackageManager;.getPackageInstaller ()Landroid/content/pm/PackageInstaller;
D/dalvikvm(13869): VFY: replacing opcode 0x6e at 0x000d
I/ApplicationLogger(13869): canRun() : Opted Out
I/UpdateIcingCorporaServi(13869): UpdateCorporaTask done [took 220 ms] updated apps [took 220 ms] 
I/ActivityManager( 1016): Killing 13403:com.google.android.setupwizard/u0a42 (adj 15): empty #9
W/ContextImpl( 1231): Calling a method in the system process without a qualified user: android.app.ContextImpl.sendBroadcast:1252 android.content.ContextWrapper.sendBroadcast:365 com.motorola.motocare.util.TriggerHelper$TriggerBuilder.send:76 com.motorola.motocare.internal.frameworkevents.ProcessKillTrigger.sendTrigger:147 com.motorola.motocare.internal.frameworkevents.ProcessKillTrigger.handleFrameworkEvent:164 
I/SFPerfTracer(  278):      triggers: (rate: 168:94158) (230107 sw vsyncs) (197769 skipped) (0:824398 vsyncs) (1:1158502)
D/WifiStateMachine( 1016): handleMessage: E msg.what=151572
D/WifiStateMachine( 1016): processMsg: ConnectedState
D/WifiStateMachine( 1016): processMsg: L2ConnectedState
D/WifiStateMachine( 1016): handleMessage: X
I/SFPerfTracer(  278):      triggers: (rate: 522:16949) (compose: 0:58) (post: 0:3) (render: 47:4389) (294:251520 frames) (295:744731)
D/SFPerfTracer(  278):        layers: (4:10) (DimLayer: 0:145)* (DimLayer: 0:163)* (FocusedStackFrame: 0:5692)* (StatusBar: 10:55837) (NavigationBar: 0:36638) (DimLayer: 0:10831)* (DimLayer: 0:1227)* (com.android.wallpaper.fall.FallWallpaper: 0:12874)* (com.whatsapp/com.whatsapp.Conversation: 14:111) (InputMethod: 291:427) 
D/Ulp_jni ( 1016): Location CB invoked
D/WifiStateMachine( 1016): handleMessage: E msg.what=151572
D/WifiStateMachine( 1016): processMsg: ConnectedState
D/WifiStateMachine( 1016): processMsg: L2ConnectedState
D/WifiStateMachine( 1016): handleMessage: X
D/WifiStateMachine( 1016): handleMessage: E msg.what=131155
D/WifiStateMachine( 1016): processMsg: ConnectedState
D/WifiStateMachine( 1016): processMsg: L2ConnectedState
D/WifiStateMachine( 1016): handleMessage: X
D/WifiStateMachine( 1016): handleMessage: E msg.what=151572
D/WifiStateMachine( 1016): processMsg: ConnectedState
D/WifiStateMachine( 1016): processMsg: L2ConnectedState
D/WifiStateMachine( 1016): handleMessage: X
I/SBar.NetworkController( 1078): refreshSignalCluster: mobile: Signal=zz_moto_stat_sys_signal_2_fully_wide Roaming=(none) mSimIconId=(none) Accessibility="Phone two bars.","Not roaming.",""
I/SFPerfTracer(  278):       trigger: frame rate (-42.083%)	(34.750 fps)	(28.777 ms) 	(13 drops)	(33 frames)
I/SFPerfTracer(  278):      triggers: (rate: 523:16966) (compose: 0:58) (post: 0:3) (render: 47:4389) (33:251558 frames) (34:744776)
D/SFPerfTracer(  278):        layers: (4:10) (DimLayer: 0:145)* (DimLayer: 0:163)* (FocusedStackFrame: 0:5692)* (StatusBar: 1:55839) (NavigationBar: 0:36638) (DimLayer: 0:10831)* (DimLayer: 0:1227)* (com.android.wallpaper.fall.FallWallpaper: 0:12874)* (com.whatsapp/com.whatsapp.Conversation: 3:116) (InputMethod: 31:467) 
D/WifiStateMachine( 1016): handleMessage: E msg.what=151572
D/WifiStateMachine( 1016): processMsg: ConnectedState
D/WifiStateMachine( 1016): processMsg: L2ConnectedState
D/WifiStateMachine( 1016): handleMessage: X
D/WifiStateMachine( 1016): handleMessage: E msg.what=151572
D/WifiStateMachine( 1016): processMsg: ConnectedState
D/WifiStateMachine( 1016): processMsg: L2ConnectedState
D/WifiStateMachine( 1016): handleMessage: X
D/WifiStateMachine( 1016): handleMessage: E msg.what=131155
D/WifiStateMachine( 1016): processMsg: ConnectedState
D/WifiStateMachine( 1016): processMsg: L2ConnectedState
D/WifiStateMachine( 1016): handleMessage: X
I/SFPerfTracer(  278):      triggers: (rate: 168:94158) (230107 sw vsyncs) (197769 skipped) (21:824440 vsyncs) (23:1158624)
D/WifiStateMachine( 1016): handleMessage: E msg.what=151572
D/WifiStateMachine( 1016): processMsg: ConnectedState
D/WifiStateMachine( 1016): processMsg: L2ConnectedState
D/WifiStateMachine( 1016): handleMessage: X
W/GestureStrokeRecognitionPoints(  612): [0] drop stale event: 295,207|980 last: 297,194|985
W/GestureStrokeRecognitionPoints(  612): [0] drop stale event: 296,209|983 last: 297,194|985
D/WifiStateMachine( 1016): handleMessage: E msg.what=151572
D/WifiStateMachine( 1016): processMsg: ConnectedState
D/WifiStateMachine( 1016): processMsg: L2ConnectedState
D/WifiStateMachine( 1016): handleMessage: X
I/SFPerfTracer(  278):       trigger: frame rate (-27.710%)	(43.374 fps)	(23.055 ms) 	(19 drops)	(99 frames)
I/SFPerfTracer(  278):      triggers: (rate: 524:16986) (compose: 0:58) (post: 0:3) (render: 47:4389) (99:251661 frames) (100:744888)
D/SFPerfTracer(  278):        layers: (4:10) (DimLayer: 0:145)* (DimLayer: 0:163)* (FocusedStackFrame: 0:5692)* (StatusBar: 1:55841) (NavigationBar: 0:36638) (DimLayer: 0:10831)* (DimLayer: 0:1227)* (com.android.wallpaper.fall.FallWallpaper: 0:12874)* (com.whatsapp/com.whatsapp.Conversation: 5:127) (InputMethod: 99:571) 
D/WifiStateMachine( 1016): handleMessage: E msg.what=151572
D/WifiStateMachine( 1016): processMsg: ConnectedState
D/WifiStateMachine( 1016): processMsg: L2ConnectedState
D/WifiStateMachine( 1016): handleMessage: X
D/WifiStateMachine( 1016): handleMessage: E msg.what=131155
D/WifiStateMachine( 1016): processMsg: ConnectedState
D/WifiStateMachine( 1016): processMsg: L2ConnectedState
D/WifiStateMachine( 1016): handleMessage: X
I/SFPerfTracer(  278):      triggers: (rate: 168:94158) (230107 sw vsyncs) (197769 skipped) (2:824499 vsyncs) (4:1158728)
D/WifiStateMachine( 1016): handleMessage: E msg.what=151572
D/WifiStateMachine( 1016): processMsg: ConnectedState
D/WifiStateMachine( 1016): processMsg: L2ConnectedState
D/WifiStateMachine( 1016): handleMessage: X
I/SFPerfTracer(  278):       trigger: frame rate (-46.296%)	(32.223 fps)	(31.034 ms) 	(11 drops)	(29 frames)
I/SFPerfTracer(  278):      triggers: (rate: 525:16999) (compose: 0:58) (post: 0:3) (render: 47:4389) (29:251693 frames) (30:744925)
D/SFPerfTracer(  278):        layers: (4:10) (DimLayer: 0:145)* (DimLayer: 0:163)* (FocusedStackFrame: 0:5692)* (StatusBar: 0:55841) (NavigationBar: 0:36638) (DimLayer: 0:10831)* (DimLayer: 0:1227)* (com.android.wallpaper.fall.FallWallpaper: 0:12874)* (com.whatsapp/com.whatsapp.Conversation: 3:131) (InputMethod: 29:607) 
D/WifiStateMachine( 1016): handleMessage: E msg.what=151572
D/WifiStateMachine( 1016): processMsg: ConnectedState
D/WifiStateMachine( 1016): processMsg: L2ConnectedState
D/WifiStateMachine( 1016): handleMessage: X
D/WifiStateMachine( 1016): handleMessage: E msg.what=151572
D/WifiStateMachine( 1016): processMsg: ConnectedState
D/WifiStateMachine( 1016): processMsg: L2ConnectedState
D/WifiStateMachine( 1016): handleMessage: X
D/WifiStateMachine( 1016): handleMessage: E msg.what=131155
D/WifiStateMachine( 1016): processMsg: ConnectedState
D/WifiStateMachine( 1016): processMsg: L2ConnectedState
D/WifiStateMachine( 1016): handleMessage: X
D/Ulp_jni ( 1016): Location CB invoked
D/WifiStateMachine( 1016): handleMessage: E msg.what=151572
D/WifiStateMachine( 1016): processMsg: ConnectedState
D/WifiStateMachine( 1016): processMsg: L2ConnectedState
D/WifiStateMachine( 1016): handleMessage: X
I/SFPerfTracer(  278):      triggers: (rate: 168:94158) (230107 sw vsyncs) (197769 skipped) (33:824562 vsyncs) (35:1158836)
D/WifiStateMachine( 1016): handleMessage: E msg.what=151572
D/WifiStateMachine( 1016): processMsg: ConnectedState
D/WifiStateMachine( 1016): processMsg: L2ConnectedState
D/WifiStateMachine( 1016): handleMessage: X
I/KInfoc  (30130): Auto Post
D/WifiStateMachine( 1016): handleMessage: E msg.what=151572
D/WifiStateMachine( 1016): processMsg: ConnectedState
D/WifiStateMachine( 1016): processMsg: L2ConnectedState
D/WifiStateMachine( 1016): handleMessage: X
D/WifiStateMachine( 1016): handleMessage: E msg.what=131155
D/WifiStateMachine( 1016): processMsg: ConnectedState
D/WifiStateMachine( 1016): processMsg: L2ConnectedState
D/WifiStateMachine( 1016): handleMessage: X
I/SFPerfTracer(  278):       trigger: frame rate (-28.262%)	(43.043 fps)	(23.233 ms) 	(18 drops)	(109 frames)
I/SFPerfTracer(  278):      triggers: (rate: 526:17017) (compose: 0:58) (post: 0:3) (render: 47:4389) (109:251806 frames) (110:745046)
D/SFPerfTracer(  278):        layers: (4:10) (DimLayer: 0:145)* (DimLayer: 0:163)* (FocusedStackFrame: 0:5692)* (StatusBar: 0:55842) (NavigationBar: 0:36638) (DimLayer: 0:10831)* (DimLayer: 0:1227)* (com.android.wallpaper.fall.FallWallpaper: 0:12874)* (com.whatsapp/com.whatsapp.Conversation: 6:142) (InputMethod: 107:720) 
D/WifiStateMachine( 1016): handleMessage: E msg.what=151572
D/WifiStateMachine( 1016): processMsg: ConnectedState
D/WifiStateMachine( 1016): processMsg: L2ConnectedState
D/WifiStateMachine( 1016): handleMessage: X
I/SBar.NetworkController( 1078): onSignalStrengthsChanged SignalStrength: 8 0 -120 -160 -120 -1 -1 99 2147483647 2147483647 2147483647 2147483647 2147483647 gsm|lte 0 -108 -1 false 3 3 0 0 0 99 99 99 4 level=3
I/SBar.NetworkController( 1078): refreshSignalCluster: mobile: Signal=zz_moto_stat_sys_signal_3_fully_wide Roaming=(none) mSimIconId=(none) Accessibility="Phone three bars.","Not roaming.",""
