W/ContextImpl( 1231): Calling a method in the system process without a qualified user: android.app.ContextImpl.sendBroadcast:1252 android.content.ContextWrapper.sendBroadcast:365 com.motorola.motocare.util.TriggerHelper$TriggerBuilder.send:76 com.motorola.motocare.internal.frameworkevents.ProcessKillTrigger.sendTrigger:147 com.motorola.motocare.internal.frameworkevents.ProcessKillTrigger.handleFrameworkEvent:164 
I/ActivityManager( 1016): Start proc com.google.android.syncadapters.calendar for service com.google.android.syncadapters.calendar/.CalendarSyncAdapterService: pid=31614 uid=10066 gids={50066, 3003}
I/ActivityManager( 1016): Killing 31444:com.google.android.apps.maps/u0a64 (adj 15): empty #9
W/ContextImpl( 1231): Calling a method in the system process without a qualified user: android.app.ContextImpl.sendBroadcast:1252 android.content.ContextWrapper.sendBroadcast:365 com.motorola.motocare.util.TriggerHelper$TriggerBuilder.send:76 com.motorola.motocare.internal.frameworkevents.ProcessKillTrigger.sendTrigger:147 com.motorola.motocare.internal.frameworkevents.ProcessKillTrigger.handleFrameworkEvent:164 
I/PackageManager( 1016): Adding preferred activity ComponentInfo{com.android.mms/com.android.mms.ui.ComposeMessageActivity} for user 0 :
I/ActivityManager( 1016): Start proc com.motorola.MotGallery2 for broadcast com.motorola.MotGallery2/com.android.gallery3d.app.PackagesMonitor: pid=31644 uid=10034 gids={50034, 3003, 1028, 1015}
I/PackageManager( 1016): Adding preferred activity ComponentInfo{com.android.mms/com.android.mms.ui.ComposeMessageActivity} for user 0 :
I/PackageManager( 1016): Adding preferred activity ComponentInfo{com.android.mms/com.android.mms.ui.ComposeMessageActivity} for user 0 :
I/PackageManager( 1016): Adding preferred activity ComponentInfo{com.android.mms/com.android.mms.ui.ComposeMessageActivity} for user 0 :
I/PackageManager( 1016): Adding preferred activity ComponentInfo{com.android.mms/com.android.mms.ui.ComposeMessageActivity} for user 0 :
I/PackageManager( 1016): Adding preferred activity ComponentInfo{com.android.mms/com.android.mms.ui.ComposeMessageActivity} for user 0 :
I/PackageManager( 1016): Adding preferred activity ComponentInfo{com.android.mms/com.android.mms.ui.ComposeMessageActivity} for user 0 :
I/PackageManager( 1016): Adding preferred activity ComponentInfo{com.android.mms/com.android.mms.ui.ComposeMessageActivity} for user 0 :
I/ActivityManager( 1016): Start proc com.android.vending for broadcast com.android.vending/com.google.android.finsky.receivers.PackageMonitorReceiver$RegisteredReceiver: pid=31663 uid=10039 gids={50039, 3003, 1028, 1015}
I/ActivityManager( 1016): Killing 30747:com.google.android.gm/u0a65 (adj 15): empty #9
W/ContextImpl( 1231): Calling a method in the system process without a qualified user: android.app.ContextImpl.sendBroadcast:1252 android.content.ContextWrapper.sendBroadcast:365 com.motorola.motocare.util.TriggerHelper$TriggerBuilder.send:76 com.motorola.motocare.internal.frameworkevents.ProcessKillTrigger.sendTrigger:147 com.motorola.motocare.internal.frameworkevents.ProcessKillTrigger.handleFrameworkEvent:164 
I/ActivityManager( 1016): Killing 31546:com.android.email/u0a19 (adj 15): empty #9
W/ContextImpl( 1231): Calling a method in the system process without a qualified user: android.app.ContextImpl.sendBroadcast:1252 android.content.ContextWrapper.sendBroadcast:365 com.motorola.motocare.util.TriggerHelper$TriggerBuilder.send:76 com.motorola.motocare.internal.frameworkevents.ProcessKillTrigger.sendTrigger:147 com.motorola.motocare.internal.frameworkevents.ProcessKillTrigger.handleFrameworkEvent:164 
I/ActivityManager( 1016): Start proc com.google.android.googlequicksearchbox:search for broadcast com.google.android.googlequicksearchbox/com.google.android.search.core.icingsync.IcingCorporaChangedReceiver: pid=31704 uid=10045 gids={50045, 3003, 3001, 1028, 3002, 1015}
I/ActivityManager( 1016): Start proc com.google.android.apps.magazines for service com.google.android.apps.magazines/com.google.apps.dots.android.newsstand.service.SyncAdapterService: pid=31719 uid=10077 gids={50077, 3003, 1028, 1015}
V/AlarmManager( 1016): sending alarm Alarm{437c38e8 type 2 com.google.android.gms}
D/WifiService( 1016): releaseWifiLockLocked: WifiLock{NlpWifiLock type=2 binder=android.os.BinderProxy@42a1a708}
W/Vold    (  261): Returning OperationFailed - no handler for errno 30
I/ActivityManager( 1016): Start proc com.google.android.partnersetup for content provider com.google.android.partnersetup/.RlzAppProvider: pid=31738 uid=10025 gids={50025, 3003}
W/Vold    (  261): Returning OperationFailed - no handler for errno 30
W/Vold    (  261): Returning OperationFailed - no handler for errno 30
W/Vold    (  261): Returning OperationFailed - no handler for errno 30
I/ActivityManager( 1016): Killing 31423:com.android.chrome/u0a57 (adj 15): empty #9
W/ContextImpl( 1231): Calling a method in the system process without a qualified user: android.app.ContextImpl.sendBroadcast:1252 android.content.ContextWrapper.sendBroadcast:365 com.motorola.motocare.util.TriggerHelper$TriggerBuilder.send:76 com.motorola.motocare.internal.frameworkevents.ProcessKillTrigger.sendTrigger:147 com.motorola.motocare.internal.frameworkevents.ProcessKillTrigger.handleFrameworkEvent:164 
I/ActivityManager( 1016): Killing 31519:com.motorola.context/u0a11 (adj 15): empty #9
W/ContextImpl( 1231): Calling a method in the system process without a qualified user: android.app.ContextImpl.sendBroadcast:1252 android.content.ContextWrapper.sendBroadcast:365 com.motorola.motocare.util.TriggerHelper$TriggerBuilder.send:76 com.motorola.motocare.internal.frameworkevents.ProcessKillTrigger.sendTrigger:147 com.motorola.motocare.internal.frameworkevents.ProcessKillTrigger.handleFrameworkEvent:164 
I/ActivityManager( 1016): Killing 31531:com.android.providers.calendar/u0a8 (adj 15): empty #9
W/ContextImpl( 1231): Calling a method in the system process without a qualified user: android.app.ContextImpl.sendBroadcast:1252 android.content.ContextWrapper.sendBroadcast:365 com.motorola.motocare.util.TriggerHelper$TriggerBuilder.send:76 com.motorola.motocare.internal.frameworkevents.ProcessKillTrigger.sendTrigger:147 com.motorola.motocare.internal.frameworkevents.ProcessKillTrigger.handleFrameworkEvent:164 
I/ActivityManager( 1016): Start proc com.android.providers.calendar for content provider com.android.providers.calendar/.CalendarProvider2: pid=31804 uid=10008 gids={50008, 3003, 1028, 1015}
I/SFPerfTracer(  278):      triggers: (rate: 484:15692) (compose: 0:48) (post: 0:2) (render: 45:4079) (0:220302 frames) (1:680356)
D/SFPerfTracer(  278):        layers: (4:9) (DimLayer: 0:145)* (DimLayer: 0:39)* (FocusedStackFrame: 0:4596)* (StatusBar: 0:40163) (NavigationBar: 0:33273) (DimLayer: 0:6809)* (DimLayer: 0:946)* (com.android.wallpaper.fall.FallWallpaper: 1:2084) (com.android.launcher/com.android.launcher2.Launcher: 0:9) 
W/Vold    (  261): Returning OperationFailed - no handler for errno 30
W/Vold    (  261): Returning OperationFailed - no handler for errno 30
I/ActivityManager( 1016): Start proc com.android.chrome for service com.android.chrome/org.chromium.chrome.browser.sync.ChromeBrowserSyncAdapterService: pid=31839 uid=10057 gids={50057, 3003, 1028, 1015}
I/ActivityManager( 1016): Killing 31614:com.google.android.syncadapters.calendar/u0a66 (adj 15): empty #9
W/ContextImpl( 1231): Calling a method in the system process without a qualified user: android.app.ContextImpl.sendBroadcast:1252 android.content.ContextWrapper.sendBroadcast:365 com.motorola.motocare.util.TriggerHelper$TriggerBuilder.send:76 com.motorola.motocare.internal.frameworkevents.ProcessKillTrigger.sendTrigger:147 com.motorola.motocare.internal.frameworkevents.ProcessKillTrigger.handleFrameworkEvent:164 
I/ActivityManager( 1016): Start proc com.motorola.context for broadcast com.motorola.context/.publisher.calendar.CalendarReceiver: pid=31877 uid=10011 gids={50011, 3001, 3002, 3003}
W/Vold    (  261): Returning OperationFailed - no handler for errno 30
I/ActivityManager( 1016): Start proc com.google.android.apps.docs for service com.google.android.apps.docs/.sync.syncadapter.DocsSyncAdapterService: pid=31905 uid=10060 gids={50060, 3003, 1028, 1015}
W/Vold    (  261): Returning OperationFailed - no handler for errno 30
I/ActivityManager( 1016): Killing 31458:android.process.acore/u0a10 (adj 15): empty #9
W/ContextImpl( 1231): Calling a method in the system process without a qualified user: android.app.ContextImpl.sendBroadcast:1252 android.content.ContextWrapper.sendBroadcast:365 com.motorola.motocare.util.TriggerHelper$TriggerBuilder.send:76 com.motorola.motocare.internal.frameworkevents.ProcessKillTrigger.sendTrigger:147 com.motorola.motocare.internal.frameworkevents.ProcessKillTrigger.handleFrameworkEvent:164 
I/ActivityManager( 1016): Killing 31644:com.motorola.MotGallery2/u0a34 (adj 15): empty #9
W/ContextImpl( 1231): Calling a method in the system process without a qualified user: android.app.ContextImpl.sendBroadcast:1252 android.content.ContextWrapper.sendBroadcast:365 com.motorola.motocare.util.TriggerHelper$TriggerBuilder.send:76 com.motorola.motocare.internal.frameworkevents.ProcessKillTrigger.sendTrigger:147 com.motorola.motocare.internal.frameworkevents.ProcessKillTrigger.handleFrameworkEvent:164 
D/WifiService( 1016): acquireWifiLockLocked: WifiLock{BaseSyncManager type=1 binder=android.os.BinderProxy@4344b930}
D/WifiService( 1016): releaseWifiLockLocked: WifiLock{BaseSyncManager type=1 binder=android.os.BinderProxy@4344b930}
I/ActivityManager( 1016): Killing 31704:com.google.android.googlequicksearchbox:search/u0a45 (adj 15): empty #9
W/ContextImpl( 1231): Calling a method in the system process without a qualified user: android.app.ContextImpl.sendBroadcast:1252 android.content.ContextWrapper.sendBroadcast:365 com.motorola.motocare.util.TriggerHelper$TriggerBuilder.send:76 com.motorola.motocare.internal.frameworkevents.ProcessKillTrigger.sendTrigger:147 com.motorola.motocare.internal.frameworkevents.ProcessKillTrigger.handleFrameworkEvent:164 
I/ActivityManager( 1016): Start proc com.google.android.apps.books for service com.google.android.apps.books/.service.SyncService: pid=31995 uid=10052 gids={50052, 3003, 1028, 1015}
V/AlarmManager( 1016): sending alarm Alarm{431190a8 type 0 com.google.android.googlequicksearchbox}
I/ActivityManager( 1016): Start proc com.google.android.googlequicksearchbox:search for service com.google.android.googlequicksearchbox/com.google.android.velvet.VelvetBackgroundTasksImpl$Service: pid=32042 uid=10045 gids={50045, 3003, 3001, 1028, 3002, 1015}
I/ActivityManager( 1016): Killing 31738:com.google.android.partnersetup/u0a25 (adj 15): empty #9
W/ContextImpl( 1231): Calling a method in the system process without a qualified user: android.app.ContextImpl.sendBroadcast:1252 android.content.ContextWrapper.sendBroadcast:365 com.motorola.motocare.util.TriggerHelper$TriggerBuilder.send:76 com.motorola.motocare.internal.frameworkevents.ProcessKillTrigger.sendTrigger:147 com.motorola.motocare.internal.frameworkevents.ProcessKillTrigger.handleFrameworkEvent:164 
V/AlarmManager( 1016): sending alarm Alarm{431182d8 type 0 com.android.vending}
I/ActivityManager( 1016): Killing 31719:com.google.android.apps.magazines/u0a77 (adj 15): empty #9
W/ContextImpl( 1231): Calling a method in the system process without a qualified user: android.app.ContextImpl.sendBroadcast:1252 android.content.ContextWrapper.sendBroadcast:365 com.motorola.motocare.util.TriggerHelper$TriggerBuilder.send:76 com.motorola.motocare.internal.frameworkevents.ProcessKillTrigger.sendTrigger:147 com.motorola.motocare.internal.frameworkevents.ProcessKillTrigger.handleFrameworkEvent:164 
I/ActivityManager( 1016): Start proc com.google.android.apps.maps for broadcast com.google.android.apps.maps/com.google.android.apps.gmm.iamhere.ble.StartBleServiceReceiver: pid=32092 uid=10064 gids={50064, 3003, 1028, 1015, 3002, 3001}
I/ActivityManager( 1016): Start proc com.linkedin.android for service com.linkedin.android/.sync.SyncService: pid=32110 uid=10123 gids={50123, 3003, 1028, 1015}
W/ActivityThread(32092): ClassLoader.loadClass: The class loader returned by Thread.getContextClassLoader() may fail for processes that host multiple applications. You should explicitly specify a context class loader. For example: Thread.setContextClassLoader(getClass().getClassLoader());
--------- beginning of /dev/log/main
D/StrictMode(32092): StrictMode policy violation; ~duration=84 ms: android.os.StrictMode$StrictModeDiskReadViolation: policy=31 violation=2
D/StrictMode(32092): 	at android.os.StrictMode$AndroidBlockGuardPolicy.onReadFromDisk(StrictMode.java:1135)
D/StrictMode(32092): 	at libcore.io.BlockGuardOs.read(BlockGuardOs.java:148)
D/StrictMode(32092): 	at libcore.io.IoBridge.read(IoBridge.java:425)
D/StrictMode(32092): 	at java.io.FileInputStream.read(FileInputStream.java:179)
D/StrictMode(32092): 	at java.io.BufferedInputStream.read(BufferedInputStream.java:283)
D/StrictMode(32092): 	at java.io.DataInputStream.read(DataInputStream.java:63)
D/StrictMode(32092): 	at com.google.r.j.c(PG:1152)
D/StrictMode(32092): 	at com.google.r.j.b(PG:1234)
D/StrictMode(32092): 	at com.google.r.j.g(PG:548)
D/StrictMode(32092): 	at com.google.v.b.a.dv.<init>(PG:43)
D/StrictMode(32092): 	at com.google.v.b.a.dw.b(PG:68)
D/StrictMode(32092): 	at com.google.v.b.a.dw.a(PG:62)
D/StrictMode(32092): 	at com.google.r.e.a(PG:170)
D/StrictMode(32092): 	at com.google.r.e.b(PG:21)
D/StrictMode(32092): 	at com.google.android.apps.gmm.shared.f.h.a(PG:151)
D/StrictMode(32092): 	at com.google.android.apps.gmm.shared.net.g.a(PG:594)
D/StrictMode(32092): 	at com.google.android.apps.gmm.map.m.f.a(PG:321)
D/StrictMode(32092): 	at com.google.android.apps.gmm.base.app.d.a(PG:1100)
D/StrictMode(32092): 	at com.google.android.apps.gmm.base.app.d.<init>(PG:561)
D/StrictMode(32092): 	at com.google.android.apps.gmm.base.app.GoogleMapsApplication.a(PG:156)
D/StrictMode(32092): 	at com.google.android.apps.gmm.base.app.GoogleMapsApplication.onCreate(PG:111)
D/StrictMode(32092): 	at android.app.Instrumentation.callApplicationOnCreate(Instrumentation.java:1030)
D/StrictMode(32092): 	at android.app.ActivityThread.handleBindApplication(ActivityThread.java:4409)
D/StrictMode(32092): 	at android.app.ActivityThread.access$1500(ActivityThread.java:139)
D/StrictMode(32092): 	at android.app.ActivityThread$H.handleMessage(ActivityThread.java:1270)
D/StrictMode(32092): 	at android.os.Handler.dispatchMessage(Handler.java:102)
D/StrictMode(32092): 	at android.os.Looper.loop(Looper.java:136)
D/StrictMode(32092): 	at android.app.ActivityThread.main(ActivityThread.java:5086)
D/StrictMode(32092): 	at java.lang.reflect.Method.invokeNative(Native Method)
D/StrictMode(32092): 	at java.lang.reflect.Method.invoke(Method.java:515)
D/StrictMode(32092): 	at com.android.internal.os.ZygoteInit$MethodAndArgsCaller.run(ZygoteInit.java:785)
D/StrictMode(32092): 	at com.android.internal.os.ZygoteInit.main(ZygoteInit.java:601)
D/StrictMode(32092): 	at dalvik.system.NativeStart.main(Native Method)
I/ActivityManager( 1016): Killing 31804:com.android.providers.calendar/u0a8 (adj 15): empty #9
W/ContextImpl( 1231): Calling a method in the system process without a qualified user: android.app.ContextImpl.sendBroadcast:1252 android.content.ContextWrapper.sendBroadcast:365 com.motorola.motocare.util.TriggerHelper$TriggerBuilder.send:76 com.motorola.motocare.internal.frameworkevents.ProcessKillTrigger.sendTrigger:147 com.motorola.motocare.internal.frameworkevents.ProcessKillTrigger.handleFrameworkEvent:164 
I/dalvikvm(32092): Could not find method android.os.PowerManager.isPowerSaveMode, referenced from method com.google.android.apps.gmm.iamhere.ble.l.b
W/dalvikvm(32092): VFY: unable to resolve virtual method 1271: Landroid/os/PowerManager;.isPowerSaveMode ()Z
D/dalvikvm(32092): VFY: replacing opcode 0x6e at 0x0072
I/dalvikvm(32092): Could not find method android.content.pm.PackageManager.getPackageInstaller, referenced from method com.google.android.gms.common.f.c
W/dalvikvm(32092): VFY: unable to resolve virtual method 564: Landroid/content/pm/PackageManager;.getPackageInstaller ()Landroid/content/pm/PackageInstaller;
D/dalvikvm(32092): VFY: replacing opcode 0x6e at 0x0011
W/com.google.a.a.b.d.a(32092): Application name is not set. Call Builder#setApplicationName.
D/BluetoothManagerService( 1016): Message: 20
D/BluetoothManagerService( 1016): Added callback: android.bluetooth.IBluetoothManagerCallback$Stub$Proxy@439db560:true
I/LiConfigParser(32110): Avail updated for feature [bluesteel_profile_easter] to:true
I/LiConfigParser(32110): Avail updated for feature [bluesteel_profile_caching] to:true
I/LiConfigParser(32110): Avail updated for feature [bluesteel_profile_background_animation] to:true
I/DefaultLiHttpClient(32110): Current retry config is:UseLiExceptionRetry
I/PersistentCookieStore(32110): Get Persistent Cookie Store
I/PersistentCookieStore(32110): mInstance == null. init mInstance
I/PersistentCookieStore(32110): no migration
I/MobileClient(32110): Mobile server: https://touch.www.linkedin.com
V/WebViewChromiumFactoryProvider(32110): Binding Chromium to main looper Looper (main, tid 1) {42788c60}
I/LibraryLoader(32110): Expected native library version number "",actual native library version number ""
I/chromium(32110): [INFO:library_loader_hooks.cc(116)] Chromium logging enabled: level = 0, default verbosity = 0
I/BrowserStartupController(32110): Initializing chromium process, renderers=0
E/AudioManagerAndroid(32110): BLUETOOTH permission is missing!
I/Adreno-EGL(32110): <qeglDrvAPI_eglInitialize:410>: EGL 1.4 QUALCOMM build: AU_LINUX_ANDROID_LNX.LA.3.5.1_RB1.04.04.02.048.018_msm8226_LNX.LA.3.5.1_RB1__release_AU ()
I/Adreno-EGL(32110): OpenGL ES Shader Compiler Version: E031.24.00.08
I/Adreno-EGL(32110): Build Date: 03/07/14 Fri
I/Adreno-EGL(32110): Local Branch: 
I/Adreno-EGL(32110): Remote Branch: quic/LNX.LA.3.5.1_RB1.1
I/Adreno-EGL(32110): Local Patches: NONE
I/Adreno-EGL(32110): Reconstruct Branch: AU_LINUX_ANDROID_LNX.LA.3.5.1_RB1.04.04.02.048.018 + f2fd134 +  NOTHING
V/Herrevad(20182): NQAS connected
W/chromium(32110): [WARNING:proxy_service.cc(890)] PAC support disabled because there is no system implementation
I/PersistentCookieStore(32110): Get Persistent Cookie Store
D/AudioManagerAndroid(32110): ==> onReceive: s=0, m=1, n=h2w, sb=true
D/AudioManagerAndroid(32110): reportUpdate: state=0, devices=[Speakerphone, Headset earpiece]
D/dalvikvm(20182): GC_CONCURRENT freed 3008K, 18% free 14542K/17704K, paused 3ms+15ms, total 81ms
D/dalvikvm(20182): WAIT_FOR_CONCURRENT_GC blocked 29ms
D/ACRA    (32110): ACRA is enabled for com.linkedin.android, intializing...
I/PersistentCookieStore(32110): Get Persistent Cookie Store
D/ACRA    (32110): Looking for error files in /data/data/com.linkedin.android/files
I/LiApplication(32110): Locale found in prefs: 
I/LiApplication(32110): Updated language/locale to: en_GB
I/RequestQueue(32110): Init Network Client
I/RequestQueue(32110): Network dispatcher has started
D/LI_AUTH_LIB(32110): in init username=TimCallagy@gmail.com
I/PersistentCookieStore(32110): All cookies cleared
D/com.linkedin.android.liauthlib.NetworkDispatcher(32110): sending request https://www.linkedin.com/mob/sso/you
I/DefaultLiHttpClient(32110): Use LiExceptionRetryHandler
D/WifiStateMachine( 1016): handleMessage: E msg.what=151572
D/WifiStateMachine( 1016): processMsg: ConnectedState
D/WifiStateMachine( 1016): processMsg: L2ConnectedState
D/WifiStateMachine( 1016): handleMessage: X
V/GLSUser (31791): [AppCertService] DeviceKey is turned off
D/com.linkedin.android.liauthlib.NetworkDispatcher(32110): got response from https://www.linkedin.com/mob/sso/you
W/Settings(32110): Setting airplane_mode_on has moved from android.provider.Settings.System to android.provider.Settings.Global, returning read-only value.
D/LICrashReporter(32110): Adding bread crumb in the report object
I/ActivityManager( 1016): Start proc com.whatsapp:contacts for service com.whatsapp/.accountsync.ContactsSyncAdapterService: pid=32181 uid=10107 gids={50107, 3002, 3003, 1028, 1015}
D/dalvikvm(20182): GC_FOR_ALLOC freed 1638K, 24% free 13624K/17704K, paused 49ms, total 49ms
E/dalvikvm(32181): Could not find class 'com.amazon.device.messaging.ADM', referenced from method com.whatsapp.App.av
W/dalvikvm(32181): VFY: unable to resolve new-instance 1189 (Lcom/amazon/device/messaging/ADM;) in Lcom/whatsapp/App;
D/dalvikvm(32181): VFY: replacing opcode 0x22 at 0x0000
E/dalvikvm(32181): Could not find class 'com.amazon.device.messaging.ADM', referenced from method com.whatsapp.App.t
W/dalvikvm(32181): VFY: unable to resolve new-instance 1189 (Lcom/amazon/device/messaging/ADM;) in Lcom/whatsapp/App;
D/dalvikvm(32181): VFY: replacing opcode 0x22 at 0x000e
D/dalvikvm(32181): DexOpt: unable to opt direct call 0x2075 at 0x04 in Lcom/whatsapp/App;.av
D/dalvikvm(32181): DexOpt: unable to opt direct call 0x2075 at 0x10 in Lcom/whatsapp/App;.t
W/dalvikvm(32181): Unable to resolve superclass of Lcom/whatsapp/adm/ADMMessageHandler; (1190)
W/dalvikvm(32181): Link of class 'Lcom/whatsapp/adm/ADMMessageHandler;' failed
E/dalvikvm(32181): Could not find class 'com.whatsapp.adm.ADMMessageHandler', referenced from method com.whatsapp.vw.f
W/dalvikvm(32181): VFY: unable to resolve new-instance 2839 (Lcom/whatsapp/adm/ADMMessageHandler;) in Lcom/whatsapp/vw;
D/dalvikvm(32181): VFY: replacing opcode 0x22 at 0x0027
W/dalvikvm(32181): Unable to resolve superclass of Lcom/whatsapp/adm/ADMMessageHandler; (1190)
W/dalvikvm(32181): Link of class 'Lcom/whatsapp/adm/ADMMessageHandler;' failed
E/dalvikvm(32181): Could not find class 'com.whatsapp.adm.ADMMessageHandler', referenced from method com.whatsapp.vw.f
W/dalvikvm(32181): VFY: unable to resolve new-instance 2839 (Lcom/whatsapp/adm/ADMMessageHandler;) in Lcom/whatsapp/vw;
D/dalvikvm(32181): VFY: replacing opcode 0x22 at 0x0040
W/dalvikvm(32181): Unable to resolve superclass of Lcom/whatsapp/adm/ADMMessageHandler; (1190)
W/dalvikvm(32181): Link of class 'Lcom/whatsapp/adm/ADMMessageHandler;' failed
D/dalvikvm(32181): DexOpt: unable to opt direct call 0x6231 at 0x2b in Lcom/whatsapp/vw;.f
W/dalvikvm(32181): Unable to resolve superclass of Lcom/whatsapp/adm/ADMMessageHandler; (1190)
W/dalvikvm(32181): Link of class 'Lcom/whatsapp/adm/ADMMessageHandler;' failed
D/dalvikvm(32181): DexOpt: unable to opt direct call 0x6231 at 0x44 in Lcom/whatsapp/vw;.f
I/dalvikvm(32181): Could not find method android.os.PowerManager.isPowerSaveMode, referenced from method com.whatsapp.BatteryReceiver.a
W/dalvikvm(32181): VFY: unable to resolve virtual method 1506: Landroid/os/PowerManager;.isPowerSaveMode ()Z
D/dalvikvm(32181): VFY: replacing opcode 0x6e at 0x000d
D/Event   (32181): No subscribers registered for event class com.whatsapp.ah3
D/Event   (32181): No subscribers registered for event class de.greenrobot.event.a
I/WhatsApp(32181): LL_I W [1:main]App.java:1142 ntp update processed; device time: Sat Apr 04 18:50:57 GMT+01:00 2015 ntp time: Sat Apr 04 18:50:57 GMT+01:00 2015
D/Event   (32181): No subscribers registered for event class com.whatsapp.alk
D/Event   (32181): No subscribers registered for event class de.greenrobot.event.a
D/dalvikvm(32181): Trying to load lib /data/app-lib/com.whatsapp-1/libvlc.so 0x4278e6f0
D/dalvikvm(32181): Added shared lib /data/app-lib/com.whatsapp-1/libvlc.so 0x4278e6f0
D/dalvikvm(32181): No JNI_OnLoad found in /data/app-lib/com.whatsapp-1/libvlc.so 0x4278e6f0, skipping init
D/dalvikvm(32181): Trying to load lib /data/app-lib/com.whatsapp-1/libresample.so 0x4278e6f0
D/dalvikvm(32181): Added shared lib /data/app-lib/com.whatsapp-1/libresample.so 0x4278e6f0
D/dalvikvm(32181): No JNI_OnLoad found in /data/app-lib/com.whatsapp-1/libresample.so 0x4278e6f0, skipping init
D/dalvikvm(32181): Trying to load lib /data/app-lib/com.whatsapp-1/libwhatsapp.so 0x4278e6f0
D/dalvikvm(32181): Added shared lib /data/app-lib/com.whatsapp-1/libwhatsapp.so 0x4278e6f0
I/WhatsApp(32181): LL_I W [1:main]Runtime.java:421 18:50:57.215 os_core_unix.c !pjlib 2.2.1 for POSIX initialized
I/WhatsApp(32181): LL_I W [1:main]Runtime.java:421 18:50:57.222 wa_audio_dev.c !WA Audio sound library initialized
I/WhatsApp(32181): LL_I W [1:main]Runtime.java:421 18:50:57.222          pjlib  select() I/O Queue created (0x5fe5e314)
I/WhatsApp(32181): LL_I W [1:main]Runtime.java:421 18:50:57.223      wa_opus.c  pjmedia_codec_opus_init start
I/WhatsApp(32181): LL_I W [1:main]Runtime.java:421 18:50:57.224      wa_opus.c  pjmedia_codec_opus_init success
D/dalvikvm(32181): Trying to load lib /data/app-lib/com.whatsapp-1/libcurve25519.so 0x4278e6f0
D/dalvikvm(32181): Added shared lib /data/app-lib/com.whatsapp-1/libcurve25519.so 0x4278e6f0
D/dalvikvm(32181): No JNI_OnLoad found in /data/app-lib/com.whatsapp-1/libcurve25519.so 0x4278e6f0, skipping init
I/WhatsApp(32181): LL_I W [1:main]WhatsAppLibLoader.java:77 native library usability testing in progress
I/WhatsApp(32181): LL_I W [1:main]WhatsAppLibLoader.java:77 native library usability testing complete
V/AlarmManager( 1016): sending alarm Alarm{4356a1e8 type 3 com.whatsapp}
I/ActivityManager( 1016): Killing 31398:com.google.android.apps.plus/u0a90 (adj 15): empty #9
W/ContextImpl( 1231): Calling a method in the system process without a qualified user: android.app.ContextImpl.sendBroadcast:1252 android.content.ContextWrapper.sendBroadcast:365 com.motorola.motocare.util.TriggerHelper$TriggerBuilder.send:76 com.motorola.motocare.internal.frameworkevents.ProcessKillTrigger.sendTrigger:147 com.motorola.motocare.internal.frameworkevents.ProcessKillTrigger.handleFrameworkEvent:164 
I/SFPerfTracer(  278):      triggers: (rate: 484:15692) (compose: 0:48) (post: 0:2) (render: 45:4079) (0:220302 frames) (1:680456)
D/SFPerfTracer(  278):        layers: (4:9) (DimLayer: 0:145)* (DimLayer: 0:39)* (FocusedStackFrame: 0:4596)* (StatusBar: 0:40166) (NavigationBar: 0:33273) (DimLayer: 0:6809)* (DimLayer: 0:946)* (com.android.wallpaper.fall.FallWallpaper: 1:2182) (com.android.launcher/com.android.launcher2.Launcher: 0:9) 
I/ActivityManager( 1016): Start proc android.process.acore for content provider com.android.providers.contacts/.ContactsProvider2: pid=32206 uid=10010 gids={50010, 3003, 1028, 1015, 1023}
I/ActivityManager( 1016): Killing 31839:com.android.chrome/u0a57 (adj 15): empty #9
W/ContextImpl( 1231): Calling a method in the system process without a qualified user: android.app.ContextImpl.sendBroadcast:1252 android.content.ContextWrapper.sendBroadcast:365 com.motorola.motocare.util.TriggerHelper$TriggerBuilder.send:76 com.motorola.motocare.internal.frameworkevents.ProcessKillTrigger.sendTrigger:147 com.motorola.motocare.internal.frameworkevents.ProcessKillTrigger.handleFrameworkEvent:164 
I/ActivityManager( 1016): Killing 31877:com.motorola.context/u0a11 (adj 15): empty #9
W/ContextImpl( 1231): Calling a method in the system process without a qualified user: android.app.ContextImpl.sendBroadcast:1252 android.content.ContextWrapper.sendBroadcast:365 com.motorola.motocare.util.TriggerHelper$TriggerBuilder.send:76 com.motorola.motocare.internal.frameworkevents.ProcessKillTrigger.sendTrigger:147 com.motorola.motocare.internal.frameworkevents.ProcessKillTrigger.handleFrameworkEvent:164 
I/ActivityManager( 1016): Start proc com.google.android.apps.plus for service com.google.android.apps.plus/.service.EsSyncAdapterService: pid=32220 uid=10090 gids={50090, 3003, 3002, 1028, 1015}
E/dalvikvm(32220): Could not find class 'android.app.Notification$Action$Builder', referenced from method b.a
W/dalvikvm(32220): VFY: unable to resolve new-instance 302 (Landroid/app/Notification$Action$Builder;) in Lb;
D/dalvikvm(32220): VFY: replacing opcode 0x22 at 0x0000
E/dalvikvm(32220): Could not find class 'android.graphics.drawable.RippleDrawable', referenced from method b.a
W/dalvikvm(32220): VFY: unable to resolve new-instance 462 (Landroid/graphics/drawable/RippleDrawable;) in Lb;
D/dalvikvm(32220): VFY: replacing opcode 0x22 at 0x000b
D/WifiStateMachine( 1016): handleMessage: E msg.what=151572
D/WifiStateMachine( 1016): processMsg: ConnectedState
D/WifiStateMachine( 1016): processMsg: L2ConnectedState
I/ContactLocale(32206): AddressBook Labels [en_GB]: [, A, B, C, D, E, F, G, H, I, J, K, L, M, N, O, P, Q, R, S, T, U, V, W, X, Y, Z, , , , , , , , , , , , , , , , , , , , , , , , , , , , , , , , , , , , , , , , , , , , , , , , , , , , , , , , , , , , , , , , , , , , , , , , , , , , , , , , , , , , , , , , , , , , , , , , , , , , , , , , , , , , , , , , , , , , , , , , , , , , , , , , , , , , , , , , , , , , , , , , , , , , , , , , , , , , , , , , , , , , , , , , , , , , , , , , , , , , , , #, ]
D/WifiStateMachine( 1016): handleMessage: X
W/dalvikvm(32220): VFY: unable to find class referenced in signature (Lzt;)
W/dalvikvm(32220): VFY: unable to find class referenced in signature (Lzt;)
W/dalvikvm(32220): VFY: unable to find class referenced in signature (Lzt;)
W/dalvikvm(32220): VFY: unable to find class referenced in signature (Lzt;)
W/dalvikvm(32220): VFY: unable to find class referenced in signature (Lzt;)
W/dalvikvm(32220): VFY: unable to find class referenced in signature (Lzt;)
W/dalvikvm(32220): VFY: unable to find class referenced in signature (Lzt;)
E/dalvikvm(32220): Could not find class 'android.app.Notification$Action$Builder', referenced from method b.a
W/dalvikvm(32220): VFY: unable to resolve new-instance 302 (Landroid/app/Notification$Action$Builder;) in Lb;
D/dalvikvm(32220): VFY: replacing opcode 0x22 at 0x0000
W/dalvikvm(32220): Unable to resolve superclass of Lar; (689)
W/dalvikvm(32220): Link of class 'Lar;' failed
E/dalvikvm(32220): Could not find class 'ar', referenced from method b.a
W/dalvikvm(32220): VFY: unable to resolve new-instance 999 (Lar;) in Lb;
D/dalvikvm(32220): VFY: replacing opcode 0x22 at 0x0006
W/dalvikvm(32220): Unable to resolve superclass of Lat; (689)
W/dalvikvm(32220): Link of class 'Lat;' failed
E/dalvikvm(32220): Could not find class 'at', referenced from method b.a
W/dalvikvm(32220): VFY: unable to resolve new-instance 1053 (Lat;) in Lb;
D/dalvikvm(32220): VFY: replacing opcode 0x22 at 0x002a
I/dalvikvm(32220): Could not find method android.view.ViewGroup.isTransitionGroup, referenced from method b.a
W/dalvikvm(32220): VFY: unable to resolve virtual method 4388: Landroid/view/ViewGroup;.isTransitionGroup ()Z
D/dalvikvm(32220): VFY: replacing opcode 0x6e at 0x000c
I/dalvikvm(32220): Could not find method android.view.View.getTransitionName, referenced from method b.a
W/dalvikvm(32220): VFY: unable to resolve virtual method 4205: Landroid/view/View;.getTransitionName ()Ljava/lang/String;
D/dalvikvm(32220): VFY: replacing opcode 0x6e at 0x0006
W/dalvikvm(32220): VFY: unable to find class referenced in signature ([Landroid/app/RemoteInput;)
D/dalvikvm(20182): GC_CONCURRENT freed 260K, 14% free 15397K/17704K, paused 6ms+28ms, total 93ms
E/dalvikvm(32220): Could not find class 'android.app.RemoteInput[]', referenced from method b.a
W/dalvikvm(32220): VFY: unable to resolve new-array 12606 ([Landroid/app/RemoteInput;) in Lb;
D/dalvikvm(32220): VFY: replacing opcode 0x23 at 0x0005
D/dalvikvm(32220): DexOpt: unable to opt direct call 0x0530 at 0x0e in Lb;.a
D/dalvikvm(32220): DexOpt: unable to opt direct call 0x08a4 at 0x0e in Lb;.a
D/dalvikvm(32220): DexOpt: unable to opt direct call 0x0530 at 0x0e in Lb;.a
W/dalvikvm(32220): Unable to resolve superclass of Lar; (689)
W/dalvikvm(32220): Link of class 'Lar;' failed
D/dalvikvm(32220): DexOpt: unable to opt direct call 0x177c at 0x08 in Lb;.a
W/dalvikvm(32220): Unable to resolve superclass of Lat; (689)
W/dalvikvm(32220): Link of class 'Lat;' failed
D/dalvikvm(32220): DexOpt: unable to opt direct call 0x1846 at 0x2c in Lb;.a
D/dalvikvm(32220): DexOpt: unable to opt direct call 0x0587 at 0x13 in Lb;.a
D/dalvikvm(32220): Trying to load lib /data/app-lib/com.google.android.apps.plus-1/libcrashreporterer.so 0x42794918
D/dalvikvm(32220): Added shared lib /data/app-lib/com.google.android.apps.plus-1/libcrashreporterer.so 0x42794918
D/dalvikvm(20182): GC_CONCURRENT freed 2807K, 17% free 14744K/17704K, paused 3ms+11ms, total 67ms
D/dalvikvm(20182): WAIT_FOR_CONCURRENT_GC blocked 31ms
I/GAV2    (31995): Thread[GAThread,5,main]: No campaign data found.
D/WifiStateMachine( 1016): handleMessage: E msg.what=151572
D/WifiStateMachine( 1016): processMsg: ConnectedState
D/WifiStateMachine( 1016): processMsg: L2ConnectedState
D/WifiStateMachine( 1016): handleMessage: X
D/WifiStateMachine( 1016): handleMessage: E msg.what=131155
D/WifiStateMachine( 1016): processMsg: ConnectedState
D/WifiStateMachine( 1016): processMsg: L2ConnectedState
D/WifiStateMachine( 1016): handleMessage: X
I/ActivityManager( 1016): Killing 31905:com.google.android.apps.docs/u0a60 (adj 15): empty #9
W/ContextImpl( 1231): Calling a method in the system process without a qualified user: android.app.ContextImpl.sendBroadcast:1252 android.content.ContextWrapper.sendBroadcast:365 com.motorola.motocare.util.TriggerHelper$TriggerBuilder.send:76 com.motorola.motocare.internal.frameworkevents.ProcessKillTrigger.sendTrigger:147 com.motorola.motocare.internal.frameworkevents.ProcessKillTrigger.handleFrameworkEvent:164 
I/ActivityManager( 1016): Start proc com.google.android.syncadapters.calendar for service com.google.android.syncadapters.calendar/.CalendarSyncAdapterService: pid=32257 uid=10066 gids={50066, 3003}
V/GLSUser (31791): [AppCertService] DeviceKey is turned off
W/AbstractGoogleClient(32257): Application name is not set. Call Builder#setApplicationName.
D/dalvikvm( 1016): GC_EXPLICIT freed 921K, 28% free 28962K/40112K, paused 6ms+13ms, total 147ms
I/ActivityManager( 1016): Start proc com.android.providers.calendar for content provider com.android.providers.calendar/.CalendarProvider2: pid=32278 uid=10008 gids={50008, 3003, 1028, 1015}
I/CalendarProvider2(32278): Created com.android.providers.calendar.CalendarAlarmManager@427a6db0(com.android.providers.calendar.CalendarProvider2@4279e968)
D/dalvikvm(20182): GC_FOR_ALLOC freed 2071K, 23% free 13770K/17704K, paused 55ms, total 55ms
D/WifiStateMachine( 1016): handleMessage: E msg.what=151572
D/WifiStateMachine( 1016): processMsg: ConnectedState
D/WifiStateMachine( 1016): processMsg: L2ConnectedState
D/WifiStateMachine( 1016): handleMessage: X
V/CalendarSyncAdapter(32257): Saving inProgress state: {calendarId=timcallagy@gmail.com, maxAttendees=50, maxResults=200, timeMax=2016-04-29T00:00:00.000Z, updatedMin=2015-03-31T17:06:21.921Z}
D/CalendarSyncAdapter(32257): Found 0 events marked dirty & lastSynced
I/ActivityManager( 1016): Killing 31663:com.android.vending/u0a39 (adj 15): empty #9
W/ContextImpl( 1231): Calling a method in the system process without a qualified user: android.app.ContextImpl.sendBroadcast:1252 android.content.ContextWrapper.sendBroadcast:365 com.motorola.motocare.util.TriggerHelper$TriggerBuilder.send:76 com.motorola.motocare.internal.frameworkevents.ProcessKillTrigger.sendTrigger:147 com.motorola.motocare.internal.frameworkevents.ProcessKillTrigger.handleFrameworkEvent:164 
D/dalvikvm(20182): GC_CONCURRENT freed 308K, 13% free 15509K/17704K, paused 3ms+21ms, total 72ms
D/dalvikvm(20182): WAIT_FOR_CONCURRENT_GC blocked 33ms
I/ActivityManager( 1016): Waited long enough for: ServiceRecord{437f9dd8 u0 com.android.calendar/.alerts.AlertService}
V/CalendarSyncAdapter(32257): Saving inProgress state: {calendarId=freddymarinho@gmail.com, maxAttendees=50, maxResults=200, timeMax=2016-04-29T00:00:00.000Z, updatedMin=2015-04-02T14:41:23.140Z}
V/AlarmManager( 1016): sending alarm Alarm{44349270 type 3 android}
I/CalendarProvider2(32278): Sending notification intent: Intent { act=android.intent.action.PROVIDER_CHANGED dat=content://com.android.calendar }
W/ContentResolver(32278): Failed to get type for: content://com.android.calendar (Unknown URL content://com.android.calendar)
D/AlertReceiver(31497): onReceive: a=android.intent.action.PROVIDER_CHANGED Intent { act=android.intent.action.PROVIDER_CHANGED dat=content://com.android.calendar flg=0x10 cmp=com.android.calendar/.alerts.AlertReceiver }
I/ActivityManager( 1016): Start proc com.motorola.context for broadcast com.motorola.context/.publisher.calendar.CalendarReceiver: pid=32313 uid=10011 gids={50011, 3001, 3002, 3003}
I/GlobalDismissManager(31497): no sender configured
D/AlertService(31497): Beginning updateAlertNotification
D/AlertService(31497): No fired or scheduled alerts
D/AlertService(31497): Scheduling next alarm with AlarmScheduler. sEventReminderReceived: null
D/AlarmScheduler(31497): Query result count for events starting within 1 week: 5
D/AlertService(31497): 0 Action = android.intent.action.PROVIDER_CHANGED
D/CalendarSyncAdapter(32257): Found 0 events marked dirty & lastSynced
I/ActivityManager( 1016): Killing 31995:com.google.android.apps.books/u0a52 (adj 15): empty #9
W/ContextImpl( 1231): Calling a method in the system process without a qualified user: android.app.ContextImpl.sendBroadcast:1252 android.content.ContextWrapper.sendBroadcast:365 com.motorola.motocare.util.TriggerHelper$TriggerBuilder.send:76 com.motorola.motocare.internal.frameworkevents.ProcessKillTrigger.sendTrigger:147 com.motorola.motocare.internal.frameworkevents.ProcessKillTrigger.handleFrameworkEvent:164 
D/WifiStateMachine( 1016): handleMessage: E msg.what=151572
D/WifiStateMachine( 1016): processMsg: ConnectedState
D/WifiStateMachine( 1016): processMsg: L2ConnectedState
D/WifiStateMachine( 1016): handleMessage: X
D/dalvikvm(20182): GC_CONCURRENT freed 1688K, 11% free 15938K/17804K, paused 3ms+25ms, total 86ms
D/dalvikvm(20182): WAIT_FOR_CONCURRENT_GC blocked 67ms
D/Ulp_jni ( 1016): Location CB invoked
D/dalvikvm(20182): GC_CONCURRENT freed 3419K, 20% free 14816K/18376K, paused 3ms+7ms, total 69ms
D/dalvikvm(20182): WAIT_FOR_CONCURRENT_GC blocked 39ms
D/WifiStateMachine( 1016): handleMessage: E msg.what=151572
D/WifiStateMachine( 1016): processMsg: ConnectedState
D/WifiStateMachine( 1016): processMsg: L2ConnectedState
D/WifiStateMachine( 1016): handleMessage: X
D/dalvikvm(31791): GC_EXPLICIT freed 737K, 40% free 10440K/17224K, paused 3ms+5ms, total 32ms
W/GLSUser (31791): [DeviceKeyStore] Cannot load key: Device key file not found.
V/GLSUser (31791): [AppCertService] DeviceKey is turned off
D/WifiStateMachine( 1016): handleMessage: E msg.what=131155
D/WifiStateMachine( 1016): processMsg: ConnectedState
D/WifiStateMachine( 1016): processMsg: L2ConnectedState
D/WifiStateMachine( 1016): handleMessage: X
D/dalvikvm(20182): GC_CONCURRENT freed 2027K, 20% free 14837K/18376K, paused 3ms+12ms, total 63ms
D/dalvikvm(20182): WAIT_FOR_CONCURRENT_GC blocked 40ms
D/WifiStateMachine( 1016): handleMessage: E msg.what=151572
D/WifiStateMachine( 1016): processMsg: ConnectedState
D/WifiStateMachine( 1016): processMsg: L2ConnectedState
D/WifiStateMachine( 1016): handleMessage: X
D/dalvikvm(20182): GC_CONCURRENT freed 762K, 13% free 16122K/18376K, paused 4ms+22ms, total 80ms
D/dalvikvm(20182): WAIT_FOR_CONCURRENT_GC blocked 46ms
D/dalvikvm(20182): GC_CONCURRENT freed 2448K, 14% free 16013K/18620K, paused 4ms+18ms, total 81ms
D/dalvikvm(20182): WAIT_FOR_CONCURRENT_GC blocked 54ms
D/WifiStateMachine( 1016): handleMessage: E msg.what=151572
D/WifiStateMachine( 1016): processMsg: ConnectedState
D/WifiStateMachine( 1016): processMsg: L2ConnectedState
D/WifiStateMachine( 1016): handleMessage: X
I/SFPerfTracer(  278):      triggers: (rate: 484:15692) (compose: 0:48) (post: 0:2) (render: 45:4079) (0:220302 frames) (1:680556)
D/SFPerfTracer(  278):        layers: (4:9) (DimLayer: 0:145)* (DimLayer: 0:39)* (FocusedStackFrame: 0:4596)* (StatusBar: 0:40171) (NavigationBar: 0:33273) (DimLayer: 0:6809)* (DimLayer: 0:946)* (com.android.wallpaper.fall.FallWallpaper: 1:2277) (com.android.launcher/com.android.launcher2.Launcher: 0:9) 
D/dalvikvm(20182): GC_CONCURRENT freed 3135K, 19% free 15237K/18620K, paused 3ms+6ms, total 72ms
D/dalvikvm(20182): WAIT_FOR_CONCURRENT_GC blocked 35ms
V/GLSUser (31791): [AppCertService] DeviceKey is turned off
D/WifiStateMachine( 1016): handleMessage: E msg.what=151572
D/WifiStateMachine( 1016): processMsg: ConnectedState
D/WifiStateMachine( 1016): processMsg: L2ConnectedState
D/WifiStateMachine( 1016): handleMessage: X
D/WifiStateMachine( 1016): handleMessage: E msg.what=131155
D/WifiStateMachine( 1016): processMsg: ConnectedState
D/WifiStateMachine( 1016): processMsg: L2ConnectedState
D/WifiStateMachine( 1016): handleMessage: X
D/dalvikvm(20182): GC_FOR_ALLOC freed 1327K, 23% free 14489K/18620K, paused 57ms, total 57ms
V/AlarmManager( 1016): sending alarm Alarm{42f77928 type 3 com.devexpert.weather}
V/AlarmManager( 1016): sending alarm Alarm{42eac810 type 2 com.android.providers.calendar}
I/ActivityManager( 1016): Start proc com.devexpert.weather for broadcast com.devexpert.weather/.view.WidgetWeather2x1: pid=32354 uid=10112 gids={50112, 3003, 1028, 1015}
D/dalvikvm(  280): GC_EXPLICIT freed 42K, 48% free 9010K/17224K, paused 2ms+3ms, total 28ms
D/dalvikvm(  280): GC_EXPLICIT freed <1K, 48% free 9010K/17224K, paused 1ms+2ms, total 19ms
I/GlobalDismissManager(31497): no sender configured
D/AlertService(31497): Beginning updateAlertNotification
D/dalvikvm(  280): GC_EXPLICIT freed <1K, 48% free 9010K/17224K, paused 1ms+3ms, total 27ms
D/AlertService(31497): No fired or scheduled alerts
D/AlertService(31497): Scheduling next alarm with AlarmScheduler. sEventReminderReceived: null
D/AlarmScheduler(31497): Query result count for events starting within 1 week: 5
I/ActivityManager( 1016): Killing 32042:com.google.android.googlequicksearchbox:search/u0a45 (adj 15): empty #9
W/ContextImpl( 1231): Calling a method in the system process without a qualified user: android.app.ContextImpl.sendBroadcast:1252 android.content.ContextWrapper.sendBroadcast:365 com.motorola.motocare.util.TriggerHelper$TriggerBuilder.send:76 com.motorola.motocare.internal.frameworkevents.ProcessKillTrigger.sendTrigger:147 com.motorola.motocare.internal.frameworkevents.ProcessKillTrigger.handleFrameworkEvent:164 
I/ActivityManager( 1016): Killing 32092:com.google.android.apps.maps/u0a64 (adj 15): empty #9
W/ContextImpl( 1231): Calling a method in the system process without a qualified user: android.app.ContextImpl.sendBroadcast:1252 android.content.ContextWrapper.sendBroadcast:365 com.motorola.motocare.util.TriggerHelper$TriggerBuilder.send:76 com.motorola.motocare.internal.frameworkevents.ProcessKillTrigger.sendTrigger:147 com.motorola.motocare.internal.frameworkevents.ProcessKillTrigger.handleFrameworkEvent:164 
V/AlarmManager( 1016): sending alarm Alarm{42ddd148 type 0 com.google.android.googlequicksearchbox}
I/ActivityManager( 1016): Start proc com.google.android.googlequicksearchbox:search for service com.google.android.googlequicksearchbox/com.google.android.velvet.VelvetBackgroundTasksImpl$Service: pid=32381 uid=10045 gids={50045, 3003, 3001, 1028, 3002, 1015}
I/ActivityManager( 1016): Start proc com.google.android.partnersetup for content provider com.google.android.partnersetup/.RlzAppProvider: pid=32397 uid=10025 gids={50025, 3003}
I/dalvikvm(32381): Could not find method android.content.pm.PackageManager.getPackageInstaller, referenced from method com.google.android.gms.common.g.m
W/dalvikvm(32381): VFY: unable to resolve virtual method 902: Landroid/content/pm/PackageManager;.getPackageInstaller ()Landroid/content/pm/PackageInstaller;
D/dalvikvm(32381): VFY: replacing opcode 0x6e at 0x000d
D/WifiStateMachine( 1016): handleMessage: E msg.what=151572
D/WifiStateMachine( 1016): processMsg: ConnectedState
D/WifiStateMachine( 1016): processMsg: L2ConnectedState
I/ActivityManager( 1016): Killing 32110:com.linkedin.android/u0a123 (adj 15): empty #9
D/WifiStateMachine( 1016): handleMessage: X
W/ContextImpl( 1231): Calling a method in the system process without a qualified user: android.app.ContextImpl.sendBroadcast:1252 android.content.ContextWrapper.sendBroadcast:365 com.motorola.motocare.util.TriggerHelper$TriggerBuilder.send:76 com.motorola.motocare.internal.frameworkevents.ProcessKillTrigger.sendTrigger:147 com.motorola.motocare.internal.frameworkevents.ProcessKillTrigger.handleFrameworkEvent:164 
I/ActivityManager( 1016): Killing 32181:com.whatsapp:contacts/u0a107 (adj 15): empty #9
W/ContextImpl( 1231): Calling a method in the system process without a qualified user: android.app.ContextImpl.sendBroadcast:1252 android.content.ContextWrapper.sendBroadcast:365 com.motorola.motocare.util.TriggerHelper$TriggerBuilder.send:76 com.motorola.motocare.internal.frameworkevents.ProcessKillTrigger.sendTrigger:147 com.motorola.motocare.internal.frameworkevents.ProcessKillTrigger.handleFrameworkEvent:164 
D/dalvikvm(20182): GC_CONCURRENT freed 227K, 13% free 16309K/18620K, paused 3ms+23ms, total 89ms
D/dalvikvm(20182): WAIT_FOR_CONCURRENT_GC blocked 53ms
I/MDMCTBK (  276): NetlinkHandler, power_supply subsys
I/MDMCTBK (  276): NetlinkHandler, usbChargerStateChanged
I/MDMCTBK (  276): checkDefaultInst, current pid is = 276
I/MDMCTBK (  276): checkDefaultInst, pid match
I/MDMCTBK (  276): MdmCutbackHndler,readFromFile = /sys/class/power_supply/usb/online
I/MDMCTBK (  276): MdmCutbackHndler,usb, new_state =0
I/MDMCTBK (  276): MdmCutbackHndler Status: Qmi =1, cg=0, ep=0, vc=0, dc=0, cn=0, wf=1, mf=0, wfd=0, apm=0, usb=0, stopqmi=0
I/MDMCTBK (  276): set_property_value, Enter
I/MDMCTBK (  276): set_property_value, Values updated in the property=1,0,0,0,0,0,1,0,0,0,0,0
I/MDMCTBK (  276): set_property_value, Values updated in the property file Successfully
I/MDMCTBK (  276): set_property_value, Exit
I/MDMCTBK (  276): setSarCtrl:set SAR over QMI, conn:0, ep:0,wf:1, mf:0, chrg:0
I/MDMCTBK (  276): send SAR ctrl over QMI
I/MDMCTBK (  276): MdmCutbackHndler,readFromFile = 
E/MDMCTBK (  276): MdmCutbackHndler,Could not open ''
E/MtpServer(26272): request read returned -1, errno: 5
E/UsbDebuggingManager( 1016): got -1 reading
V/UsbDeviceManager( 1016): USB UEVENT: {USB_STATE=DISCONNECTED, SUBSYSTEM=android_usb, DEVPATH=/devices/virtual/android_usb/android0, SEQNUM=42882, ACTION=change}
I/MDMCTBK (  276): NetlinkHandler, power_supply subsys
I/MDMCTBK (  276): NetlinkHandler, usbChargerStateChanged
I/MDMCTBK (  276): checkDefaultInst, current pid is = 276
I/MDMCTBK (  276): checkDefaultInst, pid match
I/MDMCTBK (  276): MdmCutbackHndler,readFromFile = /sys/class/power_supply/usb/online
I/MDMCTBK (  276): MdmCutbackHndler,readFromFile = 
E/MDMCTBK (  276): MdmCutbackHndler,Could not open ''
I/MDMCTBK (  276): NetlinkHandler, power_supply subsys
I/MDMCTBK (  276): NetlinkHandler, usbChargerStateChanged
I/MDMCTBK (  276): checkDefaultInst, current pid is = 276
I/MDMCTBK (  276): checkDefaultInst, pid match
I/MDMCTBK (  276): MdmCutbackHndler,readFromFile = /sys/class/power_supply/usb/online
I/MDMCTBK (  276): MdmCutbackHndler,readFromFile = 
E/MDMCTBK (  276): MdmCutbackHndler,Could not open ''
I/MDMCTBK (  276): NetlinkHandler, power_supply subsys
I/MDMCTBK (  276): NetlinkHandler, usbChargerStateChanged
I/MDMCTBK (  276): checkDefaultInst, current pid is = 276
I/MDMCTBK (  276): checkDefaultInst, pid match
I/MDMCTBK (  276): MdmCutbackHndler,readFromFile = /sys/class/power_supply/usb/online
I/MDMCTBK (  276): MdmCutbackHndler,readFromFile = 
E/MDMCTBK (  276): MdmCutbackHndler,Could not open ''
I/MDMCTBK (  276): NetlinkHandler, power_supply subsys
I/MDMCTBK (  276): NetlinkHandler, usbChargerStateChanged
I/MDMCTBK (  276): checkDefaultInst, current pid is = 276
I/MDMCTBK (  276): checkDefaultInst, pid match
I/MDMCTBK (  276): MdmCutbackHndler,readFromFile = /sys/class/power_supply/usb/online
I/MDMCTBK (  276): MdmCutbackHndler,readFromFile = 
E/MDMCTBK (  276): MdmCutbackHndler,Could not open ''
I/ActivityManager( 1016): Start proc com.google.android.apps.uploader for broadcast com.google.android.apps.uploader/com.google.android.picasasync.BatteryReceiver: pid=32436 uid=10079 gids={50079, 3003, 1028, 1015}
D/LBSSystemMonitorService( 1016): handleMessage what - 8
D/DeviceContext( 1016): handleMessage what - 1
D/Ulp_jni ( 1016): JNI:system_update. Event-3
D/dalvikvm(20182): GC_CONCURRENT freed 1777K, 11% free 16893K/18868K, paused 4ms+66ms, total 163ms
D/WifiStateMachine( 1016): handleMessage: E msg.what=151572
D/WifiStateMachine( 1016): processMsg: ConnectedState
D/WifiStateMachine( 1016): processMsg: L2ConnectedState
I/ActivityManager( 1016): Killing 32206:android.process.acore/u0a10 (adj 15): empty #9
W/ContextImpl( 1231): Calling a method in the system process without a qualified user: android.app.ContextImpl.sendBroadcast:1252 android.content.ContextWrapper.sendBroadcast:365 com.motorola.motocare.util.TriggerHelper$TriggerBuilder.send:76 com.motorola.motocare.internal.frameworkevents.ProcessKillTrigger.sendTrigger:147 com.motorola.motocare.internal.frameworkevents.ProcessKillTrigger.handleFrameworkEvent:164 
D/WifiStateMachine( 1016): handleMessage: X
I/iu.Environment(20182): update battery state; isPlugged? false*
I/iu.SyncManager(20182): SYNC; picasa accounts
I/GCoreUlr(31965): Starting service, intent=Intent { act=com.google.android.location.reporting.ACTION_UPDATE_WORLD cmp=com.google.android.gms/com.google.android.location.reporting.service.DispatchingService (has extras) }, extras=Bundle[{receiverAction=android.intent.action.ACTION_POWER_DISCONNECTED}]
I/GCoreUlr(31965): DispatchingService.onCreate()
D/PicasaUploader(32436):    wifiOnlyPhoto changed to true
D/PicasaUploader(32436):    wifiOnlyVideo changed to true
D/PicasaUploader(32436):    syncOnBattery changed to true
I/ActivityManager( 1016): Start proc com.motorola.genie for broadcast com.motorola.genie/.prefetch.PowerStatusReceiver: pid=32461 uid=10026 gids={50026, 3003, 1028, 1015}
D/PicasaUploaderSync(32436): sync account database
I/iu.UploadsManager(20182): num queued entries: 0
I/iu.UploadsManager(20182): num updated entries: 0
