--------- beginning of /dev/log/system
D/WifiService( 1016): Client connection lost with reason: 4
I/ActivityManager( 1016): Process com.google.android.apps.docs (pid 1346) has died.
I/ActivityManager( 1016): START u0 {act=SSO_WITH_FALLBACK cmp=com.giftme.fb_auth/com.facebook.LoginActivity (has extras)} from pid 1637
W/ContextImpl( 1231): Calling a method in the system process without a qualified user: android.app.ContextImpl.sendBroadcast:1252 android.content.ContextWrapper.sendBroadcast:365 com.motorola.motocare.util.TriggerHelper$TriggerBuilder.send:76 com.motorola.motocare.internal.frameworkevents.PauseResumeTrigger.handleFrameworkEvent:53 com.motorola.motocare.internal.frameworkevents.FwEventMonitor$FrameworkListener.processFrameworkEvent:114 
W/ContextImpl( 1231): Calling a method in the system process without a qualified user: android.app.ContextImpl.sendBroadcast:1252 android.content.ContextWrapper.sendBroadcast:365 com.motorola.motocare.util.TriggerHelper$TriggerBuilder.send:76 com.motorola.motocare.internal.frameworkevents.PauseResumeTrigger.handleFrameworkEvent:53 com.motorola.motocare.internal.frameworkevents.FwEventMonitor$FrameworkListener.processFrameworkEvent:114 
I/LaunchCheckinHandler( 1016): Displayed com.giftme.fb_auth/com.facebook.LoginActivity,wp,ca,111
I/ActivityManager( 1016): Process com.google.android.apps.plus (pid 32395) has died.
W/ContextImpl( 1231): Calling a method in the system process without a qualified user: android.app.ContextImpl.sendBroadcast:1252 android.content.ContextWrapper.sendBroadcast:365 com.motorola.motocare.util.TriggerHelper$TriggerBuilder.send:76 com.motorola.motocare.internal.frameworkevents.PauseResumeTrigger.handleFrameworkEvent:53 com.motorola.motocare.internal.frameworkevents.FwEventMonitor$FrameworkListener.processFrameworkEvent:114 
W/ContextImpl( 1231): Calling a method in the system process without a qualified user: android.app.ContextImpl.sendBroadcast:1252 android.content.ContextWrapper.sendBroadcast:365 com.motorola.motocare.util.TriggerHelper$TriggerBuilder.send:76 com.motorola.motocare.internal.frameworkevents.PauseResumeTrigger.handleFrameworkEvent:53 com.motorola.motocare.internal.frameworkevents.FwEventMonitor$FrameworkListener.processFrameworkEvent:114 
W/WindowManager( 1016): Rebuild removed 9 windows but added 8
W/WindowManager( 1016): java.lang.RuntimeException: here
W/WindowManager( 1016): 	at com.android.server.wm.WindowManagerService.rebuildAppWindowListLocked(WindowManagerService.java:8096)
W/WindowManager( 1016): 	at com.android.server.wm.WindowManagerService.rebuildAppWindowListLocked(WindowManagerService.java:8032)
W/WindowManager( 1016): 	at com.android.server.wm.WindowManagerService.handleAnimatingStoppedAndTransitionLocked(WindowManagerService.java:8776)
W/WindowManager( 1016): 	at com.android.server.wm.WindowManagerService.performLayoutAndPlaceSurfacesLockedInner(WindowManagerService.java:9311)
W/WindowManager( 1016): 	at com.android.server.wm.WindowManagerService.performLayoutAndPlaceSurfacesLockedLoop(WindowManagerService.java:8248)
W/WindowManager( 1016): 	at com.android.server.wm.WindowManagerService.performLayoutAndPlaceSurfacesLocked(WindowManagerService.java:8190)
W/WindowManager( 1016): 	at com.android.server.wm.WindowManagerService.access$300(WindowManagerService.java:165)
W/WindowManager( 1016): 	at com.android.server.wm.WindowManagerService$H.handleMessage(WindowManagerService.java:7224)
W/WindowManager( 1016): 	at android.os.Handler.dispatchMessage(Handler.java:102)
W/WindowManager( 1016): 	at android.os.Looper.loop(Looper.java:136)
W/WindowManager( 1016): 	at android.os.HandlerThread.run(HandlerThread.java:61)
W/WindowManager( 1016): This window was lost: Window{428c1d08 u0 com.giftme.fb_auth/com.facebook.LoginActivity}
W/WindowManager( 1016): mDisplayId=0 mSession=Session{43f03838 1637:u0a10106} mClient=android.os.BinderProxy@42c23be8
W/WindowManager( 1016): mOwnerUid=10106 mShowToOwnerOnly=true package=com.giftme.fb_auth appop=NONE
W/WindowManager( 1016): mAttrs=WM.LayoutParams{(0,0)(fillxfill) sim=#120 ty=1 fl=#41010100 pfl=0x8 fmt=-2 wanim=0x1030000}
W/WindowManager( 1016): Requested w=720 h=1184 mLayoutSeq=7068
W/WindowManager( 1016): mBaseLayer=21000 mSubLayer=0 mAnimLayer=21045+1000=21045 mLastLayer=22045
W/WindowManager( 1016): mToken=AppWindowToken{443a26a8 token=Token{42fbfac8 ActivityRecord{42891b90 u0 com.giftme.fb_auth/com.facebook.LoginActivity t106}}}
W/WindowManager( 1016): mRootToken=AppWindowToken{443a26a8 token=Token{42fbfac8 ActivityRecord{42891b90 u0 com.giftme.fb_auth/com.facebook.LoginActivity t106}}}
W/WindowManager( 1016): mAppToken=AppWindowToken{443a26a8 token=Token{42fbfac8 ActivityRecord{42891b90 u0 com.giftme.fb_auth/com.facebook.LoginActivity t106}}}
W/WindowManager( 1016): mViewVisibility=0x8 mHaveFrame=true mObscured=false
W/WindowManager( 1016): mSeq=0 mSystemUiVisibility=0x0
W/WindowManager( 1016): mGivenContentInsets=[0,0][0,0] mGivenVisibleInsets=[0,0][0,0]
W/WindowManager( 1016): mConfiguration={1.0 ?mcc?mnc en_GB ldltr sw360dp w360dp h567dp 320dpi nrml port finger -keyb/v/h -nav/h s.20?spn}
W/WindowManager( 1016): mHasSurface=true mShownFrame=[62.449127,102.69412][782.4491,1286.6941] isReadyForDisplay()=false
W/WindowManager( 1016): mFrame=[0,0][720,1184] last=[0,0][720,1184]
W/WindowManager( 1016): mSystemDecorRect=[0,50][720,1184] last=[0,50][720,1184]
W/WindowManager( 1016): Frames: containing=[0,0][720,1184] parent=[0,0][720,1184]
W/WindowManager( 1016):     display=[0,0][720,1184] overscan=[0,0][720,1280]
W/WindowManager( 1016):     content=[0,50][720,1184] visible=[0,50][720,1184]
W/WindowManager( 1016):     decor=[0,50][720,1184]
W/WindowManager( 1016): Cur insets: overscan=[0,0][0,0] content=[0,50][0,0] visible=[0,50][0,0]
W/WindowManager( 1016): Lst insets: overscan=[0,0][0,0] content=[0,50][0,0] visible=[0,50][0,0]
W/WindowManager( 1016): WindowStateAnimator{43fcd708 com.giftme.fb_auth/com.facebook.LoginActivity}:
W/WindowManager( 1016):   mSurface=Surface(name=com.giftme.fb_auth/com.facebook.LoginActivity)
W/WindowManager( 1016):   mDrawState=HAS_DRAWN mLastHidden=true
W/WindowManager( 1016):   Surface: shown=false layer=22045 alpha=0.13265097 rect=(62.449127,102.69412) 720.0 x 1184.0
W/WindowManager( 1016):   mShownAlpha=0.13265097 mAlpha=1.0 mLastAlpha=0.13265097
W/WindowManager( 1016):   mGlobalScale=1.0 mDsDx=0.8265302 mDtDx=0.0 mDsDy=0.0 mDtDy=0.8265302
W/WindowManager( 1016): mExiting=false mRemoveOnExit=false mDestroying=true mRemoved=false
W/WindowManager( 1016): Current app token list:
V/WindowManager( 1016):   Display 0
V/WindowManager( 1016):   #10: Token{4288e9e0 ActivityRecord{42aa28b8 u0 com.giftme.fb_auth/.FB_Auth t106}}
V/WindowManager( 1016):   #9: Token{42b595c8 ActivityRecord{42907368 u0 com.rhmsoft.fm/.FileManager t22}}
V/WindowManager( 1016):   #8: Token{42bf2c68 ActivityRecord{4282e3a8 u0 com.android.vending/com.google.android.finsky.activities.LaunchUrlHandlerActivity t90}}
V/WindowManager( 1016):   #7: Token{42f88f68 ActivityRecord{4298fc60 u0 com.rhmsoft.fm/.hd.FileManagerHD t90}}
V/WindowManager( 1016):   #6: Token{4286f6e0 ActivityRecord{42929d28 u0 com.android.deskclock/.DeskClock t90}}
V/WindowManager( 1016):   #5: Token{42992de8 ActivityRecord{42992c88 u0 com.android.systemui/.recent.RecentsActivity t29}}
V/WindowManager( 1016):   #4: Token{42a987a8 ActivityRecord{42d15960 u0 com.android.vending/com.google.android.finsky.activities.MainActivity t76}}
V/WindowManager( 1016):   #3: Token{428b0a30 ActivityRecord{430c5710 u0 com.android.launcher/com.android.launcher2.Launcher t39}}
V/WindowManager( 1016):   #2: Token{42c4c5e8 ActivityRecord{4287c7b0 u0 com.google.android.play.games/com.google.android.gms.games.ui.destination.games.GameDetailActivity t72}}
V/WindowManager( 1016):   #1: Token{430db658 ActivityRecord{428d4d48 u0 com.google.android.play.games/com.google.android.gms.games.ui.destination.games.ShopGamesListActivity t72}}
V/WindowManager( 1016):   #0: Token{43485d38 ActivityRecord{4306fa58 u0 com.google.android.play.games/com.google.android.gms.games.ui.destination.main.MainActivity t72}}
W/WindowManager( 1016): Final window list:
V/WindowManager( 1016):   #0: Window{4344b040 u0 SearchPanel}
V/WindowManager( 1016):   #1: Window{4287c4e0 u0 NavigationBar}
V/WindowManager( 1016):   #2: Window{42950648 u0 StatusBar}
V/WindowManager( 1016):   #3: Window{42fc43e8 u0 Keyguard}
V/WindowManager( 1016):   #4: Window{42bade60 u0 KeyguardScrim}
V/WindowManager( 1016):   #5: Window{42864cc0 u0 InputMethod}
V/WindowManager( 1016):   #6: Window{42974ce8 u0 com.giftme.fb_auth/com.giftme.fb_auth.FB_Auth}
V/WindowManager( 1016):   #7: Window{4284b188 u0 com.giftme.fb_auth/com.giftme.fb_auth.FB_Auth}
V/WindowManager( 1016):   #8: Window{443411b0 u0 com.rhmsoft.fm/com.rhmsoft.fm.FileManager}
V/WindowManager( 1016):   #9: Window{428efe48 u0 com.rhmsoft.fm/com.rhmsoft.fm.hd.FileManagerHD}
V/WindowManager( 1016):   #10: Window{42fe9488 u0 com.android.deskclock/com.android.deskclock.DeskClock}
V/WindowManager( 1016):   #11: Window{427c2a38 u0 com.android.systemui/com.android.systemui.recent.RecentsActivity}
V/WindowManager( 1016):   #12: Window{437b5900 u0 com.android.vending/com.google.android.finsky.activities.MainActivity}
V/WindowManager( 1016):   #13: Window{43222de0 u0 com.android.launcher/com.android.launcher2.Launcher}
V/WindowManager( 1016):   #14: Window{4358b788 u0 com.android.wallpaper.fall.FallWallpaper}
I/SFPerfTracer(  278):      triggers: (rate: 38:2825) (compose: 0:14) (post: 0:2) (render: 9:424) (9:56420 frames) (10:151502)
D/SFPerfTracer(  278):        layers: (6:13) (DimLayer: 0:65)* (DimLayer: 0:25)* (FocusedStackFrame: 1:1597)* (StatusBar: 0:8894) (NavigationBar: 0:11129) (DimLayer: 9:2691) (DimLayer: 0:287)* (com.android.wallpaper.fall.FallWallpaper: 0:17526)* (com.android.packageinstaller/com.android.packageinstaller.InstallAppProgress: 0:108)* (Starting com.giftme.fb_auth: 0:27)* (com.giftme.fb_auth/com.giftme.fb_auth.FB_Auth: 0:29) (com.giftme.fb_auth/com.facebook.LoginActivity: 10:20) (com.giftme.fb_auth/com.giftme.fb_auth.FB_Auth: 8:19) 
I/SFPerfTracer(  278):      triggers: (rate: 38:29641) (88615 sw vsyncs) (53726 skipped) (15:154760 vsyncs) (17:262727)
W/BroadcastQueue( 1016): Permission Denial: broadcasting Intent { act=android.net.conn.INET_CONDITION_ACTION flg=0x4000010 (has extras) } from null (pid=-1, uid=-1) requires com.facebook.permission.prod.FB_APP_COMMUNICATION due to registered receiver BroadcastFilter{42fe5fc0 u0 ReceiverList{42de69e8 1558 com.facebook.katana/10110/u0 remote:42ffe588}}
W/BroadcastQueue( 1016): Permission Denial: broadcasting Intent { act=android.net.conn.CONNECTIVITY_CHANGE flg=0x4000010 (has extras) } from null (pid=-1, uid=-1) requires com.facebook.permission.prod.FB_APP_COMMUNICATION due to registered receiver BroadcastFilter{42fe5fc0 u0 ReceiverList{42de69e8 1558 com.facebook.katana/10110/u0 remote:42ffe588}}
W/BroadcastQueue( 1016): Permission Denial: broadcasting Intent { act=android.net.conn.CONNECTIVITY_CHANGE flg=0x4000010 (has extras) } from null (pid=-1, uid=-1) requires com.facebook.permission.prod.FB_APP_COMMUNICATION due to registered receiver BroadcastFilter{42c7b248 u0 ReceiverList{4294df00 1558 com.facebook.katana/10110/u0 remote:42957e00}}
I/ActivityManager( 1016): Process android.process.acore (pid 32344) has died.
I/ActivityManager( 1016): Process com.motorola.MotGallery2 (pid 1119) has died.
W/InputMethodManagerService( 1016): Window already focused, ignoring focus gain of: com.android.internal.view.IInputMethodClient$Stub$Proxy@42f8fb20 attribute=null, token = android.os.BinderProxy@434b6ad0
I/SFPerfTracer(  278):      triggers: (rate: 38:29641) (88615 sw vsyncs) (53726 skipped) (17:154848 vsyncs) (19:262832)
V/AlarmManager( 1016): sending alarm Alarm{429e1be8 type 2 com.facebook.katana}
V/AlarmManager( 1016): sending alarm Alarm{429e0f78 type 0 com.android.vending}
I/ActivityManager( 1016): START u0 {act=SSO_WITH_FALLBACK cmp=com.giftme.fb_auth/com.facebook.LoginActivity (has extras)} from pid 1637
W/ContextImpl( 1231): Calling a method in the system process without a qualified user: android.app.ContextImpl.sendBroadcast:1252 android.content.ContextWrapper.sendBroadcast:365 com.motorola.motocare.util.TriggerHelper$TriggerBuilder.send:76 com.motorola.motocare.internal.frameworkevents.PauseResumeTrigger.handleFrameworkEvent:53 com.motorola.motocare.internal.frameworkevents.FwEventMonitor$FrameworkListener.processFrameworkEvent:114 
W/ContextImpl( 1231): Calling a method in the system process without a qualified user: android.app.ContextImpl.sendBroadcast:1252 android.content.ContextWrapper.sendBroadcast:365 com.motorola.motocare.util.TriggerHelper$TriggerBuilder.send:76 com.motorola.motocare.internal.frameworkevents.PauseResumeTrigger.handleFrameworkEvent:53 com.motorola.motocare.internal.frameworkevents.FwEventMonitor$FrameworkListener.processFrameworkEvent:114 
I/LaunchCheckinHandler( 1016): Displayed com.giftme.fb_auth/com.facebook.LoginActivity,wp,ca,93
I/SFPerfTracer(  278):      triggers: (rate: 38:2825) (compose: 0:14) (post: 0:2) (render: 9:424) (0:56460 frames) (1:151602)
D/SFPerfTracer(  278):        layers: (4:12) (DimLayer: 0:65)* (DimLayer: 0:25)* (FocusedStackFrame: 0:1603)* (StatusBar: 0:8894) (NavigationBar: 1:11151) (DimLayer: 0:2723)* (DimLayer: 0:287)* (com.android.wallpaper.fall.FallWallpaper: 0:17526)* (com.giftme.fb_auth/com.giftme.fb_auth.FB_Auth: 0:55) (com.giftme.fb_auth/com.giftme.fb_auth.FB_Auth: 0:31)* (com.giftme.fb_auth/com.giftme.fb_auth.FB_Auth: 0:48)* (com.giftme.fb_auth/com.facebook.LoginActivity: 0:6) 
W/ContextImpl( 1231): Calling a method in the system process without a qualified user: android.app.ContextImpl.sendBroadcast:1252 android.content.ContextWrapper.sendBroadcast:365 com.motorola.motocare.util.TriggerHelper$TriggerBuilder.send:76 com.motorola.motocare.internal.frameworkevents.PauseResumeTrigger.handleFrameworkEvent:53 com.motorola.motocare.internal.frameworkevents.FwEventMonitor$FrameworkListener.processFrameworkEvent:114 
W/ContextImpl( 1231): Calling a method in the system process without a qualified user: android.app.ContextImpl.sendBroadcast:1252 android.content.ContextWrapper.sendBroadcast:365 com.motorola.motocare.util.TriggerHelper$TriggerBuilder.send:76 com.motorola.motocare.internal.frameworkevents.PauseResumeTrigger.handleFrameworkEvent:53 com.motorola.motocare.internal.frameworkevents.FwEventMonitor$FrameworkListener.processFrameworkEvent:114 
I/SFPerfTracer(  278):      triggers: (rate: 38:29641) (88615 sw vsyncs) (53726 skipped) (43:154937 vsyncs) (45:262937)
I/ActivityManager( 1016): Config changes=480 {1.0 ?mcc?mnc en_GB ldltr sw360dp w598dp h335dp 320dpi nrml land finger -keyb/v/h -nav/h s.21?spn}
I/ActivityManager( 1016): Start proc android.process.acore for content provider com.android.providers.contacts/.ContactsProvider2: pid=1892 uid=10010 gids={50010, 3003, 1028, 1015, 1023}
I/WindowManager( 1016): Screen frozen for +285ms due to Window{42950648 u0 StatusBar}
V/AlarmManager( 1016): sending alarm Alarm{42fa2680 type 3 android}
I/SFPerfTracer(  278):      triggers: (rate: 38:29641) (88615 sw vsyncs) (53726 skipped) (5:155023 vsyncs) (7:263040)
V/AlarmManager( 1016): sending alarm Alarm{42d88210 type 3 com.devexpert.weather}
V/AlarmManager( 1016): sending alarm Alarm{42d766f8 type 2 com.google.android.gms}
I/ActivityManager( 1016): Start proc com.devexpert.weather for broadcast com.devexpert.weather/.view.WidgetWeather2x1: pid=1928 uid=10112 gids={50112, 3003, 1028, 1015}
D/ConnectivityService( 1016): handleInetConditionHoldEnd: net=1, condition=100, published condition=100
I/SFPerfTracer(  278):      triggers: (rate: 38:29641) (88615 sw vsyncs) (53726 skipped) (17:155111 vsyncs) (19:263145)
W/ContextImpl( 1231): Calling a method in the system process without a qualified user: android.app.ContextImpl.sendBroadcast:1252 android.content.ContextWrapper.sendBroadcast:365 com.motorola.motocare.util.TriggerHelper$TriggerBuilder.send:76 com.motorola.motocare.internal.frameworkevents.ProcessKillTrigger.sendTrigger:147 com.motorola.motocare.internal.frameworkevents.ProcessKillTrigger.handleLmkKill:337 
W/ContextImpl( 1231): Calling a method in the system process without a qualified user: android.app.ContextImpl.sendBroadcast:1252 android.content.ContextWrapper.sendBroadcast:365 com.motorola.motocare.util.TriggerHelper$TriggerBuilder.send:76 com.motorola.motocare.internal.frameworkevents.ProcessKillTrigger.sendTrigger:147 com.motorola.motocare.internal.frameworkevents.ProcessKillTrigger.handleLmkKill:337 
W/ContextImpl( 1231): Calling a method in the system process without a qualified user: android.app.ContextImpl.sendBroadcast:1252 android.content.ContextWrapper.sendBroadcast:365 com.motorola.motocare.util.TriggerHelper$TriggerBuilder.send:76 com.motorola.motocare.internal.frameworkevents.ProcessKillTrigger.sendTrigger:147 com.motorola.motocare.internal.frameworkevents.ProcessKillTrigger.handleLmkKill:337 
W/ContextImpl( 1231): Calling a method in the system process without a qualified user: android.app.ContextImpl.sendBroadcast:1252 android.content.ContextWrapper.sendBroadcast:365 com.motorola.motocare.util.TriggerHelper$TriggerBuilder.send:76 com.motorola.motocare.internal.frameworkevents.ProcessKillTrigger.sendTrigger:147 com.motorola.motocare.internal.frameworkevents.ProcessKillTrigger.handleLmkKill:337 
W/ContextImpl( 1231): Calling a method in the system process without a qualified user: android.app.ContextImpl.sendBroadcast:1252 android.content.ContextWrapper.sendBroadcast:365 com.motorola.motocare.util.TriggerHelper$TriggerBuilder.send:76 com.motorola.motocare.internal.frameworkevents.ProcessKillTrigger.sendTrigger:147 com.motorola.motocare.internal.frameworkevents.ProcessKillTrigger.handleLmkKill:337 
I/SFPerfTracer(  278):      triggers: (rate: 38:29641) (88615 sw vsyncs) (53726 skipped) (17:155206 vsyncs) (19:263260)
I/SFPerfTracer(  278):      triggers: (rate: 38:29641) (88615 sw vsyncs) (53726 skipped) (17:155300 vsyncs) (19:263372)
V/AlarmManager( 1016): sending alarm Alarm{431959c0 type 3 android}
V/AlarmManager( 1016): sending alarm Alarm{43194358 type 3 com.devexpert.weather}
I/SFPerfTracer(  278):      triggers: (rate: 38:29641) (88615 sw vsyncs) (53726 skipped) (17:155389 vsyncs) (19:263478)
I/ActivityManager( 1016): Config changes=480 {1.0 ?mcc?mnc en_GB ldltr sw360dp w360dp h567dp 320dpi nrml port finger -keyb/v/h -nav/h s.22?spn}
I/WindowManager( 1016): Screen frozen for +258ms due to Window{42950648 u0 StatusBar}
I/SFPerfTracer(  278):      triggers: (rate: 38:2830) (compose: 0:14) (post: 0:2) (render: 9:424) (15:56521 frames) (16:151713)
D/SFPerfTracer(  278):        layers: (8:20) (DimLayer: 0:65)* (DimLayer: 0:25)* (FocusedStackFrame: 0:1604)* (StatusBar: 16:8946) (NavigationBar: 16:11222) (DimLayer: 0:2723)* (DimLayer: 0:287)* (com.android.wallpaper.fall.FallWallpaper: 16:17566)* (com.giftme.fb_auth/com.giftme.fb_auth.FB_Auth: 16:112) (com.giftme.fb_auth/com.facebook.LoginActivity: 0:27)* (ScreenshotSurface: 0:26)* (BlackSurface: 0:25)* (BlackSurface: 0:25)* (BlackSurface: 0:25)* (BlackSurface: 0:25)* (ScreenshotSurface: 16:19) (BlackSurface: 16:18) (BlackSurface: 16:18) (BlackSurface: 16:18) (BlackSurface: 16:18) 
I/ActivityManager( 1016): START u0 {act=com.android.systemui.recent.action.TOGGLE_RECENTS flg=0x10800000 cmp=com.android.systemui/.recent.RecentsActivity (has extras)} from pid 1078
W/ContextImpl( 1231): Calling a method in the system process without a qualified user: android.app.ContextImpl.sendBroadcast:1252 android.content.ContextWrapper.sendBroadcast:365 com.motorola.motocare.util.TriggerHelper$TriggerBuilder.send:76 com.motorola.motocare.internal.frameworkevents.PauseResumeTrigger.handleFrameworkEvent:53 com.motorola.motocare.internal.frameworkevents.FwEventMonitor$FrameworkListener.processFrameworkEvent:114 
W/ContextImpl( 1231): Calling a method in the system process without a qualified user: android.app.ContextImpl.sendBroadcast:1252 android.content.ContextWrapper.sendBroadcast:365 com.motorola.motocare.util.TriggerHelper$TriggerBuilder.send:76 com.motorola.motocare.internal.frameworkevents.PauseResumeTrigger.handleFrameworkEvent:53 com.motorola.motocare.internal.frameworkevents.FwEventMonitor$FrameworkListener.processFrameworkEvent:114 
I/LaunchCheckinHandler( 1016): Displayed com.android.systemui/.recent.RecentsActivity,wp,wa,206
I/SFPerfTracer(  278):      triggers: (rate: 38:29641) (88615 sw vsyncs) (53726 skipped) (41:155514 vsyncs) (43:263621)
I/ActivityManager( 1016): Killing 1637:com.giftme.fb_auth/u0a106 (adj 9): remove task
W/ContextImpl( 1231): Calling a method in the system process without a qualified user: android.app.ContextImpl.sendBroadcast:1252 android.content.ContextWrapper.sendBroadcast:365 com.motorola.motocare.util.TriggerHelper$TriggerBuilder.send:76 com.motorola.motocare.internal.frameworkevents.ProcessKillTrigger.sendTrigger:147 com.motorola.motocare.internal.frameworkevents.ProcessKillTrigger.handleFrameworkEvent:164 
I/WindowState( 1016): WIN DEATH: Window{4284b188 u0 com.giftme.fb_auth/com.giftme.fb_auth.FB_Auth}
W/ContextImpl( 1231): Calling a method in the system process without a qualified user: android.app.ContextImpl.sendBroadcast:1252 android.content.ContextWrapper.sendBroadcast:365 com.motorola.motocare.util.TriggerHelper$TriggerBuilder.send:76 com.motorola.motocare.internal.frameworkevents.PauseResumeTrigger.handleFrameworkEvent:53 com.motorola.motocare.internal.frameworkevents.FwEventMonitor$FrameworkListener.processFrameworkEvent:114 
W/ContextImpl( 1231): Calling a method in the system process without a qualified user: android.app.ContextImpl.sendBroadcast:1252 android.content.ContextWrapper.sendBroadcast:365 com.motorola.motocare.util.TriggerHelper$TriggerBuilder.send:76 com.motorola.motocare.internal.frameworkevents.PauseResumeTrigger.handleFrameworkEvent:53 com.motorola.motocare.internal.frameworkevents.FwEventMonitor$FrameworkListener.processFrameworkEvent:114 
W/InputMethodManagerService( 1016): Starting input on non-focused client com.android.internal.view.IInputMethodClient$Stub$Proxy@42c6f998 (uid=10027 pid=1078)
I/SFPerfTracer(  278):      triggers: (rate: 38:2830) (compose: 0:14) (post: 0:2) (render: 9:424) (9:56559 frames) (10:151818)
D/SFPerfTracer(  278):        layers: (4:18) (DimLayer: 0:65)* (DimLayer: 0:25)* (FocusedStackFrame: 0:1605)* (StatusBar: 0:8950) (NavigationBar: 0:11245) (DimLayer: 0:2723)* (DimLayer: 0:287)* (com.android.wallpaper.fall.FallWallpaper: 0:17570)* (com.giftme.fb_auth/com.giftme.fb_auth.FB_Auth: 0:133)* (ScreenshotSurface: 0:26)* (BlackSurface: 0:25)* (BlackSurface: 0:25)* (BlackSurface: 0:25)* (BlackSurface: 0:25)* (com.android.systemui/com.android.systemui.recent.RecentsActivity: 0:56) (thumbnail anim: 0:17)* (com.rhmsoft.fm/com.rhmsoft.fm.FileManager: 10:22) (thumbnail anim: 10:15)* 
I/SFPerfTracer(  278):      triggers: (rate: 38:29641) (88615 sw vsyncs) (53726 skipped) (15:155620 vsyncs) (17:263738)
V/AlarmManager( 1016): sending alarm Alarm{42fb8bc0 type 3 android}
V/AlarmManager( 1016): sending alarm Alarm{4308d540 type 3 com.devexpert.weather}
W/PackageParser(19319): No actions in intent filter at /storage/emulated/0/Download/FB_Auth-release.apk Binary XML file line #28
I/ActivityManager( 1016): START u0 {act=android.intent.action.VIEW cat=[android.intent.category.DEFAULT] dat=file:///storage/emulated/0/Download/FB_Auth-release.apk typ=application/vnd.android.package-archive flg=0x10000 cmp=com.android.packageinstaller/.PackageInstallerActivity} from pid 19319
W/ContextImpl( 1231): Calling a method in the system process without a qualified user: android.app.ContextImpl.sendBroadcast:1252 android.content.ContextWrapper.sendBroadcast:365 com.motorola.motocare.util.TriggerHelper$TriggerBuilder.send:76 com.motorola.motocare.internal.frameworkevents.PauseResumeTrigger.handleFrameworkEvent:53 com.motorola.motocare.internal.frameworkevents.FwEventMonitor$FrameworkListener.processFrameworkEvent:114 
W/ContextImpl( 1231): Calling a method in the system process without a qualified user: android.app.ContextImpl.sendBroadcast:1252 android.content.ContextWrapper.sendBroadcast:365 com.motorola.motocare.util.TriggerHelper$TriggerBuilder.send:76 com.motorola.motocare.internal.frameworkevents.PauseResumeTrigger.handleFrameworkEvent:53 com.motorola.motocare.internal.frameworkevents.FwEventMonitor$FrameworkListener.processFrameworkEvent:114 
W/PackageParser( 1200): No actions in intent filter at /storage/emulated/0/Download/FB_Auth-release.apk Binary XML file line #28
I/LaunchCheckinHandler( 1016): Displayed com.android.packageinstaller/.PackageInstallerActivity,wp,ca,345
I/SFPerfTracer(  278):      triggers: (rate: 38:29641) (88615 sw vsyncs) (53726 skipped) (37:155730 vsyncs) (39:263868)
I/ActivityManager( 1016): START u0 {dat=file:///storage/emulated/0/Download/FB_Auth-release.apk cmp=com.android.packageinstaller/.InstallAppProgress (has extras)} from pid 1200
W/ContextImpl( 1231): Calling a method in the system process without a qualified user: android.app.ContextImpl.sendBroadcast:1252 android.content.ContextWrapper.sendBroadcast:365 com.motorola.motocare.util.TriggerHelper$TriggerBuilder.send:76 com.motorola.motocare.internal.frameworkevents.PauseResumeTrigger.handleFrameworkEvent:53 com.motorola.motocare.internal.frameworkevents.FwEventMonitor$FrameworkListener.processFrameworkEvent:114 
W/ContextImpl( 1231): Calling a method in the system process without a qualified user: android.app.ContextImpl.sendBroadcast:1252 android.content.ContextWrapper.sendBroadcast:365 com.motorola.motocare.util.TriggerHelper$TriggerBuilder.send:76 com.motorola.motocare.internal.frameworkevents.PauseResumeTrigger.handleFrameworkEvent:53 com.motorola.motocare.internal.frameworkevents.FwEventMonitor$FrameworkListener.processFrameworkEvent:114 
I/ActivityManager( 1016): Start proc com.android.defcontainer for service com.android.defcontainer/.DefaultContainerService: pid=2101 uid=10013 gids={50013, 1028, 1015, 1023, 2001, 1035}
I/LaunchCheckinHandler( 1016): Displayed com.android.packageinstaller/.InstallAppProgress,wp,ca,132
W/ActivityManager( 1016): No content provider found for permission revoke: file:///storage/emulated/0/Download/FB_Auth-release.apk
W/PackageParser(18319): No actions in intent filter at /storage/emulated/0/Download/FB_Auth-release.apk Binary XML file line #28
I/SFPerfTracer(  278):      triggers: (rate: 38:2830) (compose: 0:14) (post: 0:2) (render: 9:424) (0:56583 frames) (1:151918)
D/SFPerfTracer(  278):        layers: (3:13) (DimLayer: 0:65)* (DimLayer: 0:25)* (FocusedStackFrame: 0:1611)* (StatusBar: 0:8951) (NavigationBar: 0:11245) (DimLayer: 0:2723)* (DimLayer: 0:289)* (com.android.wallpaper.fall.FallWallpaper: 0:17570)* (com.android.systemui/com.android.systemui.recent.RecentsActivity: 0:56)* (com.rhmsoft.fm/com.rhmsoft.fm.FileManager: 0:68)* (thumbnail anim: 0:18)* (com.android.packageinstaller/com.android.packageinstaller.PackageInstallerActivity: 0:41)* (com.android.packageinstaller/com.android.packageinstaller.InstallAppProgress: 1:30) 
W/ActivityManager( 1016): No content provider found for permission revoke: file:///storage/emulated/0/Download/FB_Auth-release.apk
I/PackageManager( 1016): Copying native libraries to /data/app-lib/vmdl-1772965646
W/PackageParser( 1016): No actions in intent filter at /data/app/vmdl-1772965646.tmp Binary XML file line #28
I/ActivityManager( 1016): Force stopping com.giftme.fb_auth appid=10106 user=-1: uninstall pkg
I/PackageManager( 1016): Package com.giftme.fb_auth codePath changed from /data/app/com.giftme.fb_auth-2.apk to /data/app/com.giftme.fb_auth-1.apk; Retaining data and using new
I/SFPerfTracer(  278):      triggers: (rate: 38:29641) (88615 sw vsyncs) (53726 skipped) (0:155794 vsyncs) (2:263970)
W/PackageManager( 1016): Code path for pkg : com.giftme.fb_auth changing from /data/app/com.giftme.fb_auth-2.apk to /data/app/com.giftme.fb_auth-1.apk
I/ActivityManager( 1016): Force stopping com.giftme.fb_auth appid=10106 user=-1: update pkg
W/PackageManager( 1016): Resource path for pkg : com.giftme.fb_auth changing from /data/app/com.giftme.fb_auth-2.apk to /data/app/com.giftme.fb_auth-1.apk
W/PackageManager( 1016): Unknown permission android.permission.RECORD_VIDEO in package com.giftme.fb_auth
I/ActivityManager( 1016): Force stopping com.giftme.fb_auth appid=10106 user=0: pkg removed
I/PackageManager( 1016): Adding preferred activity ComponentInfo{com.android.mms/com.android.mms.ui.ComposeMessageActivity} for user 0 :
I/PackageManager( 1016): Adding preferred activity ComponentInfo{com.android.mms/com.android.mms.ui.ComposeMessageActivity} for user 0 :
I/ActivityManager( 1016): Start proc com.motorola.MotGallery2 for broadcast com.motorola.MotGallery2/com.android.gallery3d.app.PackagesMonitor: pid=2137 uid=10034 gids={50034, 3003, 1028, 1015}
I/PackageManager( 1016): Adding preferred activity ComponentInfo{com.android.mms/com.android.mms.ui.ComposeMessageActivity} for user 0 :
I/PackageManager( 1016): Adding preferred activity ComponentInfo{com.android.mms/com.android.mms.ui.ComposeMessageActivity} for user 0 :
I/PackageManager( 1016): Adding preferred activity ComponentInfo{com.android.mms/com.android.mms.ui.ComposeMessageActivity} for user 0 :
I/PackageManager( 1016): Adding preferred activity ComponentInfo{com.android.mms/com.android.mms.ui.ComposeMessageActivity} for user 0 :
I/PackageManager( 1016): Adding preferred activity ComponentInfo{com.android.mms/com.android.mms.ui.ComposeMessageActivity} for user 0 :
I/PackageManager( 1016): Adding preferred activity ComponentInfo{com.android.mms/com.android.mms.ui.ComposeMessageActivity} for user 0 :
I/PackageManager( 1016): Adding preferred activity ComponentInfo{com.android.mms/com.android.mms.ui.ComposeMessageActivity} for user 0 :
I/PackageManager( 1016): Adding preferred activity ComponentInfo{com.android.mms/com.android.mms.ui.ComposeMessageActivity} for user 0 :
D/BackupManagerService( 1016): Received broadcast Intent { act=android.intent.action.PACKAGE_REMOVED dat=package:com.giftme.fb_auth flg=0x4000010 (has extras) }
I/PackageManager( 1016): Adding preferred activity ComponentInfo{com.android.mms/com.android.mms.ui.ComposeMessageActivity} for user 0 :
I/PackageManager( 1016): Adding preferred activity ComponentInfo{com.android.mms/com.android.mms.ui.ComposeMessageActivity} for user 0 :
I/ActivityManager( 1016): Start proc com.google.android.apps.docs for broadcast com.google.android.apps.docs/.receivers.AppPackageAddRemoveReceiver: pid=2153 uid=10060 gids={50060, 3003, 1028, 1015}
I/PackageManager( 1016): Adding preferred activity ComponentInfo{com.android.mms/com.android.mms.ui.ComposeMessageActivity} for user 0 :
I/PackageManager( 1016): Adding preferred activity ComponentInfo{com.android.mms/com.android.mms.ui.ComposeMessageActivity} for user 0 :
D/BackupManagerService( 1016): Received broadcast Intent { act=android.intent.action.PACKAGE_ADDED dat=package:com.giftme.fb_auth flg=0x4000010 (has extras) }
V/BackupManagerService( 1016): removePackageParticipantsLocked: uid=10106 #1
I/PackageManager( 1016): Adding preferred activity ComponentInfo{com.android.mms/com.android.mms.ui.ComposeMessageActivity} for user 0 :
V/BackupManagerService( 1016): addPackageParticipantsLocked: #1
I/PackageManager( 1016): Adding preferred activity ComponentInfo{com.android.mms/com.android.mms.ui.ComposeMessageActivity} for user 0 :
I/PackageManager( 1016): Adding preferred activity ComponentInfo{com.android.mms/com.android.mms.ui.ComposeMessageActivity} for user 0 :
I/PackageManager( 1016): Adding preferred activity ComponentInfo{com.android.mms/com.android.mms.ui.ComposeMessageActivity} for user 0 :
I/PackageManager( 1016): Adding preferred activity ComponentInfo{com.android.mms/com.android.mms.ui.ComposeMessageActivity} for user 0 :
I/PackageManager( 1016): Adding preferred activity ComponentInfo{com.android.mms/com.android.mms.ui.ComposeMessageActivity} for user 0 :
I/PackageManager( 1016): Adding preferred activity ComponentInfo{com.android.mms/com.android.mms.ui.ComposeMessageActivity} for user 0 :
I/PackageManager( 1016): Adding preferred activity ComponentInfo{com.android.mms/com.android.mms.ui.ComposeMessageActivity} for user 0 :
I/PackageManager( 1016): Adding preferred activity ComponentInfo{com.android.mms/com.android.mms.ui.ComposeMessageActivity} for user 0 :
I/PackageManager( 1016): Adding preferred activity ComponentInfo{com.android.mms/com.android.mms.ui.ComposeMessageActivity} for user 0 :
I/ActivityManager( 1016): Start proc com.android.keychain for broadcast com.android.keychain/.KeyChainBroadcastReceiver: pid=2175 uid=1000 gids={41000, 1028, 1015, 3002, 3001, 3003, 1021, 3004, 3005, 1000, 3009, 1023, 1010, 1004, 2002, 3006}
W/ContextImpl( 2175): Calling a method in the system process without a qualified user: android.app.ContextImpl.startService:1608 android.content.ContextWrapper.startService:494 android.content.ContextWrapper.startService:494 com.android.keychain.KeyChainBroadcastReceiver.onReceive:12 android.app.ActivityThread.handleReceiver:2434 
I/ActivityManager( 1016): Start proc com.google.android.apps.plus for broadcast com.google.android.apps.plus/.service.PackagesMediaMonitor: pid=2193 uid=10090 gids={50090, 3003, 3002, 1028, 1015}
I/ActivityManager( 1016): Start proc com.facebook.katana:dash for broadcast com.facebook.katana/com.facebook.dash.receivers.DashPackageUninstallReceiver: pid=2213 uid=10110 gids={50110, 1028, 1015, 3003}
I/ActivityManager( 1016): Killing 1454:com.google.android.partnersetup/u0a25 (adj 15): empty #9
W/ContextImpl( 1231): Calling a method in the system process without a qualified user: android.app.ContextImpl.sendBroadcast:1252 android.content.ContextWrapper.sendBroadcast:365 com.motorola.motocare.util.TriggerHelper$TriggerBuilder.send:76 com.motorola.motocare.internal.frameworkevents.ProcessKillTrigger.sendTrigger:147 com.motorola.motocare.internal.frameworkevents.ProcessKillTrigger.handleFrameworkEvent:164 
I/ActivityManager( 1016): Process com.google.android.apps.magazines (pid 1507) has died.
W/Vold    (  261): Returning OperationFailed - no handler for errno 30
I/ActivityManager( 1016): Process com.google.android.apps.docs (pid 2153) has died.
W/ProcessCpuTracker( 1016): Skipping unknown process pid 2232
W/ProcessCpuTracker( 1016): Skipping unknown process pid 2235
D/WifiService( 1016): New client listening to asynchronous messages
I/ActivityManager( 1016): Start proc com.google.android.partnersetup for broadcast com.google.android.partnersetup/.RlzPingBroadcastReceiver: pid=2257 uid=10025 gids={50025, 3003}
V/DeadZone( 1078): consuming errant click: (486.32455,5.071045)
I/ActivityManager( 1016): Start proc com.google.android.apps.docs for broadcast com.google.android.apps.docs/.receivers.AppPackageAddRemoveReceiver: pid=2282 uid=10060 gids={50060, 3003, 1028, 1015}
I/ActivityManager( 1016): Killing 1487:com.imangi.templerun2/u0a111 (adj 15): empty #9
W/ContextImpl( 1231): Calling a method in the system process without a qualified user: android.app.ContextImpl.sendBroadcast:1252 android.content.ContextWrapper.sendBroadcast:365 com.motorola.motocare.util.TriggerHelper$TriggerBuilder.send:76 com.motorola.motocare.internal.frameworkevents.ProcessKillTrigger.sendTrigger:147 com.motorola.motocare.internal.frameworkevents.ProcessKillTrigger.handleFrameworkEvent:164 
I/ActivityManager( 1016): Process com.facebook.katana:dash (pid 2213) has died.
D/WifiService( 1016): Client connection lost with reason: 4
I/ActivityManager( 1016): Start proc com.imangi.templerun2 for broadcast com.imangi.templerun2/com.amazon.identity.auth.device.authorization.PackageIntentReceiver: pid=2315 uid=10111 gids={50111, 1028, 1015, 3003}
I/ActivityManager( 1016): Start proc com.google.android.apps.magazines for broadcast com.google.android.apps.magazines/com.google.apps.dots.android.app.receiver.FirstInstallNotificationReceiver: pid=2341 uid=10077 gids={50077, 3003, 1028, 1015}
I/ActivityManager( 1016): Process com.google.android.apps.plus (pid 2193) has died.
W/Vold    (  261): Returning OperationFailed - no handler for errno 30
I/ActivityManager( 1016): Killing 1928:com.devexpert.weather/u0a112 (adj 15): empty #9
W/ContextImpl( 1231): Calling a method in the system process without a qualified user: android.app.ContextImpl.sendBroadcast:1252 android.content.ContextWrapper.sendBroadcast:365 com.motorola.motocare.util.TriggerHelper$TriggerBuilder.send:76 com.motorola.motocare.internal.frameworkevents.ProcessKillTrigger.sendTrigger:147 com.motorola.motocare.internal.frameworkevents.ProcessKillTrigger.handleFrameworkEvent:164 
I/ActivityManager( 1016): START u0 {act=android.intent.action.MAIN cat=[android.intent.category.LAUNCHER] flg=0x10000000 pkg=com.giftme.fb_auth cmp=com.giftme.fb_auth/.FB_Auth} from pid 1200
W/ContextImpl( 1231): Calling a method in the system process without a qualified user: android.app.ContextImpl.sendBroadcast:1252 android.content.ContextWrapper.sendBroadcast:365 com.motorola.motocare.util.TriggerHelper$TriggerBuilder.send:76 com.motorola.motocare.internal.frameworkevents.PauseResumeTrigger.handleFrameworkEvent:53 com.motorola.motocare.internal.frameworkevents.FwEventMonitor$FrameworkListener.processFrameworkEvent:114 
I/ActivityManager( 1016): Start proc com.giftme.fb_auth for activity com.giftme.fb_auth/.FB_Auth: pid=2387 uid=10106 gids={50106, 3003, 1028, 1015}
W/ContextImpl( 1231): Calling a method in the system process without a qualified user: android.app.ContextImpl.sendBroadcast:1252 android.content.ContextWrapper.sendBroadcast:365 com.motorola.motocare.util.TriggerHelper$TriggerBuilder.send:76 com.motorola.motocare.internal.frameworkevents.PauseResumeTrigger.handleFrameworkEvent:53 com.motorola.motocare.internal.frameworkevents.FwEventMonitor$FrameworkListener.processFrameworkEvent:114 
I/ActivityManager( 1016): Process com.google.android.apps.docs (pid 2282) has died.
I/LaunchCheckinHandler( 1016): Displayed com.giftme.fb_auth/.FB_Auth,cp,ca,580
I/SFPerfTracer(  278):      triggers: (rate: 38:2830) (compose: 0:14) (post: 0:2) (render: 9:424) (0:56618 frames) (1:152018)
D/SFPerfTracer(  278):        layers: (3:11) (DimLayer: 0:65)* (DimLayer: 0:25)* (FocusedStackFrame: 1:1617)* (StatusBar: 0:8951) (NavigationBar: 0:11264) (DimLayer: 0:2723)* (DimLayer: 1:291)* (com.android.wallpaper.fall.FallWallpaper: 0:17570)* (com.android.packageinstaller/com.android.packageinstaller.InstallAppProgress: 0:102)* (Starting com.giftme.fb_auth: 1:29)* (com.giftme.fb_auth/com.giftme.fb_auth.FB_Auth: 1:20) 
I/ActivityManager( 1016): Process android.process.acore (pid 1892) has died.
I/SFPerfTracer(  278):      triggers: (rate: 38:29641) (88615 sw vsyncs) (53726 skipped) (49:155885 vsyncs) (51:264100)
I/ActivityManager( 1016): Process com.motorola.MotGallery2 (pid 2137) has died.
I/ActivityManager( 1016): START u0 {act=SSO_WITH_FALLBACK cmp=com.giftme.fb_auth/com.facebook.LoginActivity (has extras)} from pid 2387
W/ContextImpl( 1231): Calling a method in the system process without a qualified user: android.app.ContextImpl.sendBroadcast:1252 android.content.ContextWrapper.sendBroadcast:365 com.motorola.motocare.util.TriggerHelper$TriggerBuilder.send:76 com.motorola.motocare.internal.frameworkevents.PauseResumeTrigger.handleFrameworkEvent:53 com.motorola.motocare.internal.frameworkevents.FwEventMonitor$FrameworkListener.processFrameworkEvent:114 
W/ContextImpl( 1231): Calling a method in the system process without a qualified user: android.app.ContextImpl.sendBroadcast:1252 android.content.ContextWrapper.sendBroadcast:365 com.motorola.motocare.util.TriggerHelper$TriggerBuilder.send:76 com.motorola.motocare.internal.frameworkevents.PauseResumeTrigger.handleFrameworkEvent:53 com.motorola.motocare.internal.frameworkevents.FwEventMonitor$FrameworkListener.processFrameworkEvent:114 
I/ActivityManager( 1016): Process com.android.keychain (pid 2175) has died.
I/LaunchCheckinHandler( 1016): Displayed com.giftme.fb_auth/com.facebook.LoginActivity,wp,ca,102
W/ContextImpl( 1231): Calling a method in the system process without a qualified user: android.app.ContextImpl.sendBroadcast:1252 android.content.ContextWrapper.sendBroadcast:365 com.motorola.motocare.util.TriggerHelper$TriggerBuilder.send:76 com.motorola.motocare.internal.frameworkevents.PauseResumeTrigger.handleFrameworkEvent:53 com.motorola.motocare.internal.frameworkevents.FwEventMonitor$FrameworkListener.processFrameworkEvent:114 
W/ContextImpl( 1231): Calling a method in the system process without a qualified user: android.app.ContextImpl.sendBroadcast:1252 android.content.ContextWrapper.sendBroadcast:365 com.motorola.motocare.util.TriggerHelper$TriggerBuilder.send:76 com.motorola.motocare.internal.frameworkevents.PauseResumeTrigger.handleFrameworkEvent:53 com.motorola.motocare.internal.frameworkevents.FwEventMonitor$FrameworkListener.processFrameworkEvent:114 
I/ActivityManager( 1016): Process com.android.defcontainer (pid 2101) has died.
W/WindowManager( 1016): Rebuild removed 9 windows but added 8
W/WindowManager( 1016): java.lang.RuntimeException: here
W/WindowManager( 1016): 	at com.android.server.wm.WindowManagerService.rebuildAppWindowListLocked(WindowManagerService.java:8096)
W/WindowManager( 1016): 	at com.android.server.wm.WindowManagerService.rebuildAppWindowListLocked(WindowManagerService.java:8032)
W/WindowManager( 1016): 	at com.android.server.wm.WindowManagerService.handleAnimatingStoppedAndTransitionLocked(WindowManagerService.java:8776)
W/WindowManager( 1016): 	at com.android.server.wm.WindowManagerService.performLayoutAndPlaceSurfacesLockedInner(WindowManagerService.java:9311)
W/WindowManager( 1016): 	at com.android.server.wm.WindowManagerService.performLayoutAndPlaceSurfacesLockedLoop(WindowManagerService.java:8248)
W/WindowManager( 1016): 	at com.android.server.wm.WindowManagerService.performLayoutAndPlaceSurfacesLocked(WindowManagerService.java:8190)
W/WindowManager( 1016): 	at com.android.server.wm.WindowManagerService.access$300(WindowManagerService.java:165)
W/WindowManager( 1016): 	at com.android.server.wm.WindowManagerService$H.handleMessage(WindowManagerService.java:7224)
W/WindowManager( 1016): 	at android.os.Handler.dispatchMessage(Handler.java:102)
W/WindowManager( 1016): 	at android.os.Looper.loop(Looper.java:136)
W/WindowManager( 1016): 	at android.os.HandlerThread.run(HandlerThread.java:61)
W/WindowManager( 1016): This window was lost: Window{42974ce8 u0 com.giftme.fb_auth/com.facebook.LoginActivity}
W/WindowManager( 1016): mDisplayId=0 mSession=Session{43848098 2387:u0a10106} mClient=android.os.BinderProxy@42fb5748
W/WindowManager( 1016): mOwnerUid=10106 mShowToOwnerOnly=true package=com.giftme.fb_auth appop=NONE
W/WindowManager( 1016): mAttrs=WM.LayoutParams{(0,0)(fillxfill) sim=#120 ty=1 fl=#41010100 pfl=0x8 fmt=-2 wanim=0x1030000}
W/WindowManager( 1016): Requested w=720 h=1184 mLayoutSeq=7164
W/WindowManager( 1016): mBaseLayer=21000 mSubLayer=0 mAnimLayer=21045+1000=21045 mLastLayer=22045
W/WindowManager( 1016): mToken=AppWindowToken{44357448 token=Token{42ff5740 ActivityRecord{4278a268 u0 com.giftme.fb_auth/com.facebook.LoginActivity t107}}}
W/WindowManager( 1016): mRootToken=AppWindowToken{44357448 token=Token{42ff5740 ActivityRecord{4278a268 u0 com.giftme.fb_auth/com.facebook.LoginActivity t107}}}
W/WindowManager( 1016): mAppToken=AppWindowToken{44357448 token=Token{42ff5740 ActivityRecord{4278a268 u0 com.giftme.fb_auth/com.facebook.LoginActivity t107}}}
W/WindowManager( 1016): mViewVisibility=0x8 mHaveFrame=true mObscured=false
W/WindowManager( 1016): mSeq=0 mSystemUiVisibility=0x0
W/WindowManager( 1016): mGivenContentInsets=[0,0][0,0] mGivenVisibleInsets=[0,0][0,0]
W/WindowManager( 1016): mConfiguration={1.0 ?mcc?mnc en_GB ldltr sw360dp w360dp h567dp 320dpi nrml port finger -keyb/v/h -nav/h s.22?spn}
W/WindowManager( 1016): mHasSurface=true mShownFrame=[71.300934,117.25046][791.3009,1301.2505] isReadyForDisplay()=false
W/WindowManager( 1016): mFrame=[0,0][720,1184] last=[0,0][720,1184]
W/WindowManager( 1016): mSystemDecorRect=[0,50][720,1184] last=[0,50][720,1184]
W/WindowManager( 1016): Frames: containing=[0,0][720,1184] parent=[0,0][720,1184]
W/WindowManager( 1016):     display=[0,0][720,1184] overscan=[0,0][720,1280]
W/WindowManager( 1016):     content=[0,50][720,1184] visible=[0,50][720,1184]
W/WindowManager( 1016):     decor=[0,50][720,1184]
W/WindowManager( 1016): Cur insets: overscan=[0,0][0,0] content=[0,50][0,0] visible=[0,50][0,0]
W/WindowManager( 1016): Lst insets: overscan=[0,0][0,0] content=[0,50][0,0] visible=[0,50][0,0]
W/WindowManager( 1016): WindowStateAnimator{43fd06d0 com.giftme.fb_auth/com.facebook.LoginActivity}:
W/WindowManager( 1016):   mSurface=Surface(name=com.giftme.fb_auth/com.facebook.LoginActivity)
W/WindowManager( 1016):   mDrawState=HAS_DRAWN mLastHidden=true
W/WindowManager( 1016):   Surface: shown=false layer=22045 alpha=0.00970906 rect=(71.300934,117.25046) 720.0 x 1184.0
W/WindowManager( 1016):   mShownAlpha=0.00970906 mAlpha=1.0 mLastAlpha=0.00970906
W/WindowManager( 1016):   mGlobalScale=1.0 mDsDx=0.8019418 mDtDx=0.0 mDsDy=0.0 mDtDy=0.8019418
W/WindowManager( 1016): mExiting=false mRemoveOnExit=false mDestroying=true mRemoved=false
W/WindowManager( 1016): Current app token list:
V/WindowManager( 1016):   Display 0
V/WindowManager( 1016):   #10: Token{42a8ff18 ActivityRecord{4277ebc0 u0 com.giftme.fb_auth/.FB_Auth t107}}
V/WindowManager( 1016):   #9: Token{42b595c8 ActivityRecord{42907368 u0 com.rhmsoft.fm/.FileManager t22}}
V/WindowManager( 1016):   #8: Token{42992de8 ActivityRecord{42992c88 u0 com.android.systemui/.recent.RecentsActivity t29}}
V/WindowManager( 1016):   #7: Token{42bf2c68 ActivityRecord{4282e3a8 u0 com.android.vending/com.google.android.finsky.activities.LaunchUrlHandlerActivity t90}}
V/WindowManager( 1016):   #6: Token{42f88f68 ActivityRecord{4298fc60 u0 com.rhmsoft.fm/.hd.FileManagerHD t90}}
V/WindowManager( 1016):   #5: Token{4286f6e0 ActivityRecord{42929d28 u0 com.android.deskclock/.DeskClock t90}}
V/WindowManager( 1016):   #4: Token{42a987a8 ActivityRecord{42d15960 u0 com.android.vending/com.google.android.finsky.activities.MainActivity t76}}
V/WindowManager( 1016):   #3: Token{428b0a30 ActivityRecord{430c5710 u0 com.android.launcher/com.android.launcher2.Launcher t39}}
V/WindowManager( 1016):   #2: Token{42c4c5e8 ActivityRecord{4287c7b0 u0 com.google.android.play.games/com.google.android.gms.games.ui.destination.games.GameDetailActivity t72}}
V/WindowManager( 1016):   #1: Token{430db658 ActivityRecord{428d4d48 u0 com.google.android.play.games/com.google.android.gms.games.ui.destination.games.ShopGamesListActivity t72}}
V/WindowManager( 1016):   #0: Token{43485d38 ActivityRecord{4306fa58 u0 com.google.android.play.games/com.google.android.gms.games.ui.destination.main.MainActivity t72}}
W/WindowManager( 1016): Final window list:
V/WindowManager( 1016):   #0: Window{42ffb740 u0 SearchPanel}
V/WindowManager( 1016):   #1: Window{4287c4e0 u0 NavigationBar}
V/WindowManager( 1016):   #2: Window{42950648 u0 StatusBar}
V/WindowManager( 1016):   #3: Window{42fc43e8 u0 Keyguard}
V/WindowManager( 1016):   #4: Window{42bade60 u0 KeyguardScrim}
V/WindowManager( 1016):   #5: Window{42864cc0 u0 InputMethod}
V/WindowManager( 1016):   #6: Window{42994b88 u0 com.giftme.fb_auth/com.giftme.fb_auth.FB_Auth}
V/WindowManager( 1016):   #7: Window{428938e8 u0 com.giftme.fb_auth/com.giftme.fb_auth.FB_Auth}
V/WindowManager( 1016):   #8: Window{443411b0 u0 com.rhmsoft.fm/com.rhmsoft.fm.FileManager}
V/WindowManager( 1016):   #9: Window{427c2a38 u0 com.android.systemui/com.android.systemui.recent.RecentsActivity}
V/WindowManager( 1016):   #10: Window{428efe48 u0 com.rhmsoft.fm/com.rhmsoft.fm.hd.FileManagerHD}
V/WindowManager( 1016):   #11: Window{42fe9488 u0 com.android.deskclock/com.android.deskclock.DeskClock}
V/WindowManager( 1016):   #12: Window{437b5900 u0 com.android.vending/com.google.android.finsky.activities.MainActivity}
V/WindowManager( 1016):   #13: Window{43222de0 u0 com.android.launcher/com.android.launcher2.Launcher}
V/WindowManager( 1016):   #14: Window{4358b788 u0 com.android.wallpaper.fall.FallWallpaper}
I/SFPerfTracer(  278):      triggers: (rate: 38:2831) (compose: 0:14) (post: 0:2) (render: 9:425) (14:56632 frames) (15:152071)
D/SFPerfTracer(  278):        layers: (6:11) (DimLayer: 0:65)* (DimLayer: 0:25)* (FocusedStackFrame: 0:1622)* (StatusBar: 0:8951) (NavigationBar: 0:11264) (DimLayer: 13:2738) (DimLayer: 0:291)* (com.android.wallpaper.fall.FallWallpaper: 0:17570)* (com.giftme.fb_auth/com.giftme.fb_auth.FB_Auth: 4:49) (com.giftme.fb_auth/com.facebook.LoginActivity: 15:26) (com.giftme.fb_auth/com.giftme.fb_auth.FB_Auth: 12:17) 
I/SFPerfTracer(  278):      triggers: (rate: 38:29641) (88615 sw vsyncs) (53726 skipped) (31:155969 vsyncs) (33:264207)
W/InputMethodManagerService( 1016): Window already focused, ignoring focus gain of: com.android.internal.view.IInputMethodClient$Stub$Proxy@42bf2570 attribute=null, token = android.os.BinderProxy@4442e190
V/AlarmManager( 1016): sending alarm Alarm{4289a8d0 type 0 com.android.vending}
I/SFPerfTracer(  278):      triggers: (rate: 38:29641) (88615 sw vsyncs) (53726 skipped) (17:156063 vsyncs) (19:264315)
V/AlarmManager( 1016): sending alarm Alarm{4279d338 type 3 android}
I/SFPerfTracer(  278):      triggers: (rate: 38:29641) (88615 sw vsyncs) (53726 skipped) (17:156157 vsyncs) (19:264428)
I/SFPerfTracer(  278):      triggers: (rate: 38:29641) (88615 sw vsyncs) (53726 skipped) (17:156246 vsyncs) (19:264533)
V/AlarmManager( 1016): sending alarm Alarm{43547990 type 3 com.devexpert.weather}
V/AlarmManager( 1016): sending alarm Alarm{4350eda8 type 2 com.google.android.gms}
