D/WifiStateMachine( 1016): VerifyingLinkState what=151572 NOT_HANDLED
D/WifiStateMachine( 1016): processMsg: L2ConnectedState
I/SBar.NetworkController( 1078): refreshSignalCluster: wifi: mWifiConnected=false Wifi=zz_moto_stat_sys_wifi_signal_null_wide Activity=(none) in=false out=false Accessibility="Wi-Fi disconnected."
I/SBar.NetworkController( 1078): onReceive: WifiManager.RSSI_CHANGED_ACTION Received
D/WifiStateMachine( 1016): handleMessage: X
D/WifiStateMachine( 1016): handleMessage: E msg.what=135190
D/WifiStateMachine( 1016): processMsg: VerifyingLinkState
D/WifiStateMachine( 1016): VerifyingLinkState GOOD_LINK_DETECTED: transition to captive portal check
D/WifiStateMachine( 1016): transitionTo: destState=CaptivePortalCheckState
D/WifiStateMachine( 1016): handleMessage: new destination call exit/enter
D/WifiStateMachine( 1016): setupTempStateStackWithStatesToEnter: X mTempStateStackCount=1,curStateInfo: state=L2ConnectedState,active=true,parent=ConnectModeState
D/WifiStateMachine( 1016): invokeExitMethods: VerifyingLinkState
D/WifiStateMachine( 1016): moveTempStackToStateStack: i=0,j=5
D/WifiStateMachine( 1016): moveTempStackToStateStack: X mStateStackTop=5,startingIndex=5,Top=CaptivePortalCheckState
D/WifiStateMachine( 1016): invokeEnterMethods: CaptivePortalCheckState
D/WifiStateMachine( 1016): CaptivePortalCheckState enter
D/WifiStateMachine( 1016): setDetailed state, old =VERIFYING_POOR_LINK and new state=CAPTIVE_PORTAL_CHECK
D/WifiStateMachine( 1016): moveDeferredMessageAtFrontOfQueue; what=131152
D/WifiStateMachine( 1016): handleMessage: X
D/WifiStateMachine( 1016): handleMessage: E msg.what=131152
D/WifiStateMachine( 1016): processMsg: CaptivePortalCheckState
D/WifiStateMachine( 1016): processMsg: L2ConnectedState
D/ConnectivityService( 1016): Captive portal check NetworkInfo: type: WIFI[], state: CONNECTING/CAPTIVE_PORTAL_CHECK, reason: (unspecified), extra: "Moulin Rouge", roaming: false, failover: false, isAvailable: true, isConnectedToProvisioningNetwork: false
D/ConnectivityService( 1016): handleCaptivePortalTrackerCheck: call captivePortalCheckComplete ni=NetworkInfo: type: WIFI[], state: CONNECTING/CAPTIVE_PORTAL_CHECK, reason: (unspecified), extra: "Moulin Rouge", roaming: false, failover: false, isAvailable: true, isConnectedToProvisioningNetwork: false
D/ConnectivityService( 1016): Captive portal check NetworkInfo: type: WIFI[], state: CONNECTING/CAPTIVE_PORTAL_CHECK, reason: (unspecified), extra: "Moulin Rouge", roaming: false, failover: false, isAvailable: true, isConnectedToProvisioningNetwork: false
D/ConnectivityService( 1016): handleCaptivePortalTrackerCheck: call captivePortalCheckComplete ni=NetworkInfo: type: WIFI[], state: CONNECTING/CAPTIVE_PORTAL_CHECK, reason: (unspecified), extra: "Moulin Rouge", roaming: false, failover: false, isAvailable: true, isConnectedToProvisioningNetwork: false
D/WifiStateMachine( 1016): deferMessage: msg=131152
D/WifiStateMachine( 1016): handleMessage: X
D/WifiStateMachine( 1016): handleMessage: E msg.what=131092
D/WifiStateMachine( 1016): processMsg: CaptivePortalCheckState
D/WifiStateMachine( 1016): CaptivePortalCheckState CMD_CAPTIVE_CHECK_COMPLETE
D/WifiStateMachine( 1016): setDetailed state, old =CAPTIVE_PORTAL_CHECK and new state=CONNECTED
D/ConnectivityService( 1016): ConnectivityChange for WIFI: CONNECTED/CONNECTED
I/SBar.NetworkController( 1078): onReceive: WifiManager.NETWORK_STATE_CHANGED_ACTION Received
V/ConnectivityService( 1016): WiFi NOT Tethered!
E/ConnectivityService( 1016): Unexpected mtu value: android.net.wifi.WifiStateTracker@42f7b6f8
D/Checkin ( 1016): publish the event [tag = MOT_WIFI_L1 event name = CONNECT]
D/WifiStateMachine( 1016): transitionTo: destState=ConnectedState
D/WifiStateMachine( 1016): handleMessage: new destination call exit/enter
D/WifiStateMachine( 1016): setupTempStateStackWithStatesToEnter: X mTempStateStackCount=1,curStateInfo: state=L2ConnectedState,active=true,parent=ConnectModeState
D/WifiStateMachine( 1016): invokeExitMethods: CaptivePortalCheckState
D/WifiStateMachine( 1016): moveTempStackToStateStack: i=0,j=5
D/WifiStateMachine( 1016): moveTempStackToStateStack: X mStateStackTop=5,startingIndex=5,Top=ConnectedState
D/WifiStateMachine( 1016): invokeEnterMethods: ConnectedState
D/WifiStateMachine( 1016): moveDeferredMessageAtFrontOfQueue; what=131152
D/WifiStateMachine( 1016): handleMessage: X
D/WifiStateMachine( 1016): handleMessage: E msg.what=131152
D/WifiStateMachine( 1016): processMsg: ConnectedState
D/WifiStateMachine( 1016): processMsg: L2ConnectedState
D/WifiStateMachine( 1016): deferMessage: msg=131152
D/WifiStateMachine( 1016): handleMessage: X
D/WifiStateMachine( 1016): handleMessage: E msg.what=131092
D/WifiStateMachine( 1016): processMsg: ConnectedState
D/WifiStateMachine( 1016): processMsg: L2ConnectedState
D/WifiStateMachine( 1016): processMsg: ConnectModeState
D/WifiStateMachine( 1016): processMsg: DriverStartedState
D/ConnectivityService( 1016): handleConnectivityChange: address are the same reset per doReset linkProperty[1]: resetMask=0
D/WifiStateMachine( 1016): processMsg: SupplicantStartedState
D/WifiStateMachine( 1016): processMsg: DefaultState
D/WifiStateMachine( 1016): handleMessage: X
D/WifiStateMachine( 1016): handleMessage: E msg.what=151572
D/WifiStateMachine( 1016): processMsg: ConnectedState
D/WifiStateMachine( 1016): processMsg: L2ConnectedState
D/Nat464Xlat( 1016): requiresClat: netType=1, hasIPv4Address=true
I/ModemStatsDSDetect( 1279): onReceive() -Intent { act=android.net.conn.CONNECTIVITY_CHANGE_IMMEDIATE flg=0x4000010 (has extras) }
I/ModemStatsDSDetect( 1279): INET_CONDITION=0 ,activeNet=NetworkInfo: type: WIFI[], state: CONNECTED/CONNECTED, reason: (unspecified), extra: "Moulin Rouge", roaming: false, failover: false, isAvailable: true, isConnectedToProvisioningNetwork: false
I/ModemStatsDSDetect( 1279): Inetcondition changed, blue->white
I/ModemStatsDSDetect( 1279): onReceive() - done, currentInetCondition=0
I/GCoreUlr(31965): Wifi connected, attempting upload
I/GCoreUlr(31965): Starting service, intent=Intent { act=com.google.android.location.reporting.WIFI_TRIGGERED_UPLOAD cmp=com.google.android.gms/com.google.android.location.reporting.service.DispatchingService }, extras=null
D/ConnectivityService( 1016): ConnectivityChange for WIFI: CONNECTED/CONNECTED
V/ConnectivityService( 1016): WiFi NOT Tethered!
E/ConnectivityService( 1016): Unexpected mtu value: android.net.wifi.WifiStateTracker@42f7b6f8
D/WifiStateMachine( 1016): handleMessage: X
D/ConnectivityService( 1016): handleConnectivityChange: address are the same reset per doReset linkProperty[1]: resetMask=0
D/Nat464Xlat( 1016): requiresClat: netType=1, hasIPv4Address=true
I/ModemStatsDSDetect( 1279): onReceive() -Intent { act=android.net.conn.CONNECTIVITY_CHANGE_IMMEDIATE flg=0x4000010 (has extras) }
I/ModemStatsDSDetect( 1279): INET_CONDITION=0 ,activeNet=NetworkInfo: type: WIFI[], state: CONNECTED/CONNECTED, reason: (unspecified), extra: "Moulin Rouge", roaming: false, failover: false, isAvailable: true, isConnectedToProvisioningNetwork: false
I/ModemStatsDSDetect( 1279): onReceive() - done, currentInetCondition=0
D/MobileDataStateTracker( 1016): default: setPolicyDataEnable(enabled=true)
I/SBar.NetworkController( 1078): onReceive: WifiManager.NETWORK_STATE_CHANGED_ACTION Received
I/GCoreUlr(31965): DispatchingService.onCreate()
I/SBar.NetworkController( 1078): refreshSignalCluster: wifi: mWifiConnected=true Wifi=zz_moto_stat_sys_wifi_signal_0_wide Activity=zz_moto_stat_sys_wifi_inout_wide in=false out=false Accessibility="Wi-Fi disconnected."
I/SBar.NetworkController( 1078): onReceive: WifiManager.RSSI_CHANGED_ACTION Received
I/SBar.NetworkController( 1078): refreshSignalCluster: wifi: mWifiConnected=true Wifi=zz_moto_stat_sys_wifi_signal_4_fully_wide Activity=zz_moto_stat_sys_wifi_inout_wide in=false out=false Accessibility="Wi-Fi signal full."
I/SBar.NetworkController( 1078): onSignalStrengthsChanged SignalStrength: 6 0 -120 -160 -120 -1 -1 99 2147483647 2147483647 2147483647 2147483647 2147483647 gsm|lte 0 -108 -1 false 2 2 0 0 0 99 99 99 4 level=2
W/GCoreUlr(31965): DispatchingService ignoring Intent { act=com.google.android.location.reporting.WIFI_TRIGGERED_UPLOAD cmp=com.google.android.gms/com.google.android.location.reporting.service.DispatchingService } because ULR inactive
I/GCoreUlr(31965): DispatchingService.onDestroy()
I/GCoreUlr(31965): Unbound from all location providers
D/MobileDataStateTracker( 1016): default: setPolicyDataEnable(enabled=true)
D/MobileDataStateTracker( 1016): default: setPolicyDataEnable(enabled=true)
D/MobileDataStateTracker( 1016): default: setPolicyDataEnable(enabled=true)
D/WifiStateMachine( 1016): handleMessage: E msg.what=131155
D/WifiStateMachine( 1016): processMsg: ConnectedState
D/WifiStateMachine( 1016): processMsg: L2ConnectedState
D/WifiStateMachine( 1016): handleMessage: X
D/WifiStateMachine( 1016): handleMessage: E msg.what=151572
D/WifiStateMachine( 1016): processMsg: ConnectedState
D/WifiStateMachine( 1016): processMsg: L2ConnectedState
D/ConnectivityService( 1016): NetTransition Wakelock for ConnectedState released by timeout
D/WifiStateMachine( 1016): handleMessage: X
D/WifiStateMachine( 1016): handleMessage: E msg.what=151572
D/WifiStateMachine( 1016): processMsg: ConnectedState
D/WifiStateMachine( 1016): processMsg: L2ConnectedState
D/WifiStateMachine( 1016): handleMessage: X
D/WifiStateMachine( 1016): handleMessage: E msg.what=151572
D/WifiStateMachine( 1016): processMsg: ConnectedState
D/WifiStateMachine( 1016): processMsg: L2ConnectedState
D/Tethering( 1016): MasterInitialState.processMessage what=3
D/WifiStateMachine( 1016): handleMessage: X
W/XTWiFiOS( 1267): No entry in secure settings for enhanced location services: false
D/OtaApp  (31852): [debug] > pollingManagerService, connectivity_action: NetworkInfo: type: WIFI[], state: CONNECTED/CONNECTED, reason: (unspecified), extra: "Moulin Rouge", roaming: false, failover: false, isAvailable: true, isConnectedToProvisioningNetwork: false
D/OtaApp  (31852): [debug] > PollingManagerService, now: 100638875 ,futureTime: 164783466
D/TelephonyProvider( 1255): Column apn id key is 'apn_id'
D/OtaApp  (31852): [debug] > Polling alarm set to expire at: 164783466 Current Time: 100638876
D/PodcastAddictBroadcastReceiver( 1788): Connectivity changed... (android.net.conn.CONNECTIVITY_CHANGE)
D/PodcastAddictBroadcastReceiver( 1788): resumeService() - connected
D/PodcastAddictBroadcastReceiver( 1788): resumeService() - starting connection change process
I/SBar.NetworkController( 1078): onReceive: ConnectivityManager.CONNECTIVITY_ACTION Received
W/XTWiFiOS( 1267): No entry in secure settings for enhanced location services: false
I/ActivityManager( 1016): Start proc com.google.android.music:main for broadcast com.google.android.music/.homewidgets.IFLWidgetProvider: pid=2614 uid=10082 gids={50082, 3003, 1028, 1015}
I/SBar.NetworkController( 1078): the netConditon of netType 1 is updated as 0 by android.net.conn.CONNECTIVITY_CHANGE,icon color should be white.
I/SBar.NetworkController( 1078): updateConnectivity: NetworkInfo: NetworkInfo: type: WIFI[], state: CONNECTED/CONNECTED, reason: (unspecified), extra: "Moulin Rouge", roaming: false, failover: false, isAvailable: true, isConnectedToProvisioningNetwork: false, inetCondition= 0
D/Tethering( 1016): MasterInitialState.processMessage what=3
D/TelephonyProvider( 1255): Column apn id key is 'apn_id'
I/SBar.NetworkController( 1078): onReceive: ConnectivityManager.CONNECTIVITY_ACTION Received
I/SBar.NetworkController( 1078): updateConnectivity: NetworkInfo: NetworkInfo: type: WIFI[], state: CONNECTED/CONNECTED, reason: (unspecified), extra: "Moulin Rouge", roaming: false, failover: false, isAvailable: true, isConnectedToProvisioningNetwork: false, inetCondition= 0
D/TelephonyProvider( 1255): Column apn id key is 'apn_id'
D/PollingManager(31852): connectivity_action: NetworkInfo: type: WIFI[], state: CONNECTED/CONNECTED, reason: (unspecified), extra: "Moulin Rouge", roaming: false, failover: false, isAvailable: true, isConnectedToProvisioningNetwork: false
D/PollingManager(31852): now: 100638962 ,futureTime: 143600975
D/PollingManager(31852): Polling alarm set to expire at: 143600975 Current Time: 100638962
W/PodcastAddictBroadcastReceiver( 1788): Network modification detected but ignored... (0)
D/PodcastAddictBroadcastReceiver( 1788): resumeService() - finishing connection change process
E/ActivityThread(31852): Failed to find provider info for com.motorola.blur.setupprovider
D/OtaApp  (31852): [debug] > pollingManagerService, connectivity_action: NetworkInfo: type: WIFI[], state: CONNECTED/CONNECTED, reason: (unspecified), extra: "Moulin Rouge", roaming: false, failover: false, isAvailable: true, isConnectedToProvisioningNetwork: false
D/OtaApp  (31852): [debug] > AndroidClientUpgradeService.handleIntent: com.motorola.ccc.ota.pm.POLLINGMGR_CONNECTIVITY
D/OtaApp  (31852): [debug] > PollingManagerService, now: 100638990 ,futureTime: 164783466
D/OtaApp  (31852): [debug] > Polling alarm set to expire at: 164783466 Current Time: 100638991
D/OtaApp  (31852): [debug] > CusSM.onRadioUp
D/OtaApp  (31852): [debug] > CusSM.sendUpgradeStatus: no unlogged events.
D/TelephonyProvider( 1255): Column apn id key is 'apn_id'
D/OtaApp  (31852): [debug] > Description is null
D/OtaApp  (31852): [debug] > CusSM.runStateMachine: no versions found in database
D/PollingManager(31852): connectivity_action: NetworkInfo: type: WIFI[], state: CONNECTED/CONNECTED, reason: (unspecified), extra: "Moulin Rouge", roaming: false, failover: false, isAvailable: true, isConnectedToProvisioningNetwork: false
D/PollingManager(31852): now: 100639026 ,futureTime: 143600975
D/PollingManager(31852): Polling alarm set to expire at: 143600975 Current Time: 100639026
E/ActivityThread(31852): Failed to find provider info for com.motorola.blur.setupprovider
D/OtaApp  (31852): [debug] > AndroidClientUpgradeService.handleIntent: com.motorola.ccc.ota.pm.POLLINGMGR_CONNECTIVITY
D/OtaApp  (31852): [debug] > CusSM.onRadioUp
D/OtaApp  (31852): [debug] > CusSM.sendUpgradeStatus: no unlogged events.
D/OtaApp  (31852): [debug] > Description is null
D/OtaApp  (31852): [debug] > CusSM.runStateMachine: no versions found in database
I/MusicStore( 2614): Database version: 107
D/dalvikvm( 2614): Trying to load lib /data/app-lib/com.google.android.gms-1/libgmscore.so 0x42833b28
D/dalvikvm( 2614): Added shared lib /data/app-lib/com.google.android.gms-1/libgmscore.so 0x42833b28
D/dalvikvm( 2614): No JNI_OnLoad found in /data/app-lib/com.google.android.gms-1/libgmscore.so 0x42833b28, skipping init
D/dalvikvm( 2614): Trying to load lib /data/app-lib/com.google.android.gms-1/libconscrypt_gmscore_jni.so 0x42833b28
D/dalvikvm( 2614): Added shared lib /data/app-lib/com.google.android.gms-1/libconscrypt_gmscore_jni.so 0x42833b28
V/JNIHelp ( 2614): Registering com/google/android/gms/org/conscrypt/NativeCrypto's 235 native methods...
D/dalvikvm( 2614): Trying to load lib /data/app-lib/com.google.android.gms-1/libgmscore.so 0x42833b28
D/dalvikvm( 2614): Shared lib '/data/app-lib/com.google.android.gms-1/libgmscore.so' already loaded in same CL 0x42833b28
D/dalvikvm( 2614): Trying to load lib /data/app-lib/com.google.android.gms-1/libconscrypt_gmscore_jni.so 0x42833b28
D/dalvikvm( 2614): Shared lib '/data/app-lib/com.google.android.gms-1/libconscrypt_gmscore_jni.so' already loaded in same CL 0x42833b28
I/ProviderInstaller( 2614): Installed default security provider GmsCore_OpenSSL
D/AndroidMusic( 2614): GMSCore installation verified
I/ConfigStore( 2614): Config Database version: 1
E/cutils  (  261): Failed to mkdirat(/storage/sdcard1/Android): Read-only file system
W/Vold    (  261): Returning OperationFailed - no handler for errno 30
W/ContextImpl( 2614): Failed to ensure directory: /storage/sdcard1/Android/data/com.google.android.music/files
E/cutils  (  261): Failed to mkdirat(/storage/sdcard1/Android): Read-only file system
W/Vold    (  261): Returning OperationFailed - no handler for errno 30
W/ContextImpl( 2614): Failed to ensure directory: /storage/sdcard1/Android/data/com.google.android.music/files
E/cutils  (  261): Failed to mkdirat(/storage/sdcard1/Android): Read-only file system
W/Vold    (  261): Returning OperationFailed - no handler for errno 30
W/ContextImpl( 2614): Failed to ensure directory: /storage/sdcard1/Android/data/com.google.android.music/files
I/MediaRouter( 2614): Found default route: MediaRouter.RouteInfo{ uniqueId=android/.support.v7.media.SystemMediaRouteProvider:DEFAULT_ROUTE, name=Phone, description=null, enabled=true, connecting=false, canDisconnect=false, playbackType=0, playbackStream=3, volumeHandling=1, volume=6, volumeMax=15, presentationDisplayId=-1, extras=null, settingsIntent=null, providerPackageName=android }
I/openssl (  944): Crypto mode not selected, openssl will run on its regular mode.
I/openssl (  944): Crypto mode 0 already enabled
E/dalvikvm( 2614): Could not find class 'android.app.Notification$MediaStyle', referenced from method com.google.android.music.playback.MusicPlaybackService.buildLNotification
W/dalvikvm( 2614): VFY: unable to resolve new-instance 54 (Landroid/app/Notification$MediaStyle;) in Lcom/google/android/music/playback/MusicPlaybackService;
D/dalvikvm( 2614): VFY: replacing opcode 0x22 at 0x001d
D/dalvikvm( 2614): DexOpt: couldn't find field Landroid/app/Notification;.visibility
W/dalvikvm( 2614): VFY: unable to resolve instance field 27
D/dalvikvm( 2614): VFY: replacing opcode 0x59 at 0x0059
I/ActivityManager( 1016): Start proc com.android.mms for broadcast com.android.mms/.transaction.MmsSystemEventReceiver: pid=2666 uid=10031 gids={50031, 3003, 1028, 1015}
D/dalvikvm(  280): GC_EXPLICIT freed 42K, 48% free 9010K/17224K, paused 2ms+2ms, total 21ms
D/dalvikvm(  280): GC_EXPLICIT freed <1K, 48% free 9010K/17224K, paused 1ms+2ms, total 17ms
D/dalvikvm( 2614): DexOpt: unable to opt direct call 0x0203 at 0x1f in Lcom/google/android/music/playback/MusicPlaybackService;.buildLNotification
D/dalvikvm(  280): GC_EXPLICIT freed <1K, 48% free 9010K/17224K, paused 1ms+3ms, total 17ms
I/dalvikvm( 2614): Could not find method android.view.View.setClipToOutline, referenced from method com.google.android.music.leanback.LeanbackUtils.clipToOutline
W/dalvikvm( 2614): VFY: unable to resolve virtual method 15104: Landroid/view/View;.setClipToOutline (Z)V
D/dalvikvm( 2614): VFY: replacing opcode 0x6e at 0x0007
V/MmsConfig( 2666): mnc/mcc: 27203
V/MmsConfig( 2666): tag: bool value: enabledMMS - true
V/MmsConfig( 2666): tag: int value: maxMessageSize - 307200
V/MmsConfig( 2666): tag: int value: maxImageHeight - 1944
V/MmsConfig( 2666): tag: int value: maxImageWidth - 2592
V/MmsConfig( 2666): tag: int value: defaultSMSMessagesPerThread - 500
V/MmsConfig( 2666): tag: int value: defaultMMSMessagesPerThread - 50
V/MmsConfig( 2666): tag: int value: minMessageCountPerThread - 10
V/MmsConfig( 2666): tag: int value: maxMessageCountPerThread - 5000
V/MmsConfig( 2666): tag: int value: recipientLimit - 20
V/MmsConfig( 2666): tag: bool value: enableMultipartSMS - true
V/MmsConfig( 2666): tag: int value: smsToMmsTextThreshold - 6
V/MmsConfig( 2666): tag: bool value: enableSlideDuration - true
V/MmsConfig( 2666): tag: int value: maxMessageTextSize - -1
V/MmsConfig( 2666): tag: int value: maxSubjectLength - 80
V/MmsConfig( 2666): tag: bool value: smsForceShowEncodingMenu - true
V/MmsConfig( 2666): tag: bool value: smsForce7BitEncoding - false
V/MmsConfig( 2666): tag: bool value: enableGroupMms - false
E/MmsConfig( 2666): MmsConfig.loadMmsSettings mms_config.xml missing uaProfUrl setting
D/SystemUtils( 2614): getSystemProperty: lpa.decode=true
D/LocalDevicePlayback( 2614): LPAPlayer detected. Disabling gapless.
I/ActivityManager( 1016): Start proc com.google.android.setupwizard for broadcast com.google.android.setupwizard/.MobileConnectivityChangeReceiver: pid=2699 uid=10042 gids={50042, 3003}
I/GHttpClientFactory( 2614): Using the GMSCore's GoogleHttpClient
I/NetworkMonitor( 2614): type=WIFI subType= reason=null isConnected=true
E/cutils  (  261): Failed to mkdirat(/storage/sdcard1/Android): Read-only file system
W/Vold    (  261): Returning OperationFailed - no handler for errno 30
W/ContextImpl( 2614): Failed to ensure directory: /storage/sdcard1/Android/data/com.google.android.music/files
E/cutils  (  261): Failed to mkdirat(/storage/sdcard1/Android): Read-only file system
W/Vold    (  261): Returning OperationFailed - no handler for errno 30
W/ContextImpl( 2614): Failed to ensure directory: /storage/sdcard1/Android/data/com.google.android.music/files
D/MobileConnectivityChangeReceiver( 2699): onReceive Intent { act=android.net.conn.CONNECTIVITY_CHANGE flg=0x4000010 cmp=com.google.android.setupwizard/.MobileConnectivityChangeReceiver (has extras) }
D/MobileConnectivityChangeReceiver( 2699): onReceive CONNECTIVITY_CHANGE networkType=1
I/ActivityManager( 1016): Killing 636:android.process.acore/u0a10 (adj 15): empty #9
E/PhoneMonitor( 2699): onOtaspChanged old =0, new =3
V/PhoneMonitor( 2699): mOtaspPhoneStateListener#onOtaspChanged, mOtaspMode=3
W/ContextImpl( 1231): Calling a method in the system process without a qualified user: android.app.ContextImpl.sendBroadcast:1252 android.content.ContextWrapper.sendBroadcast:365 com.motorola.motocare.util.TriggerHelper$TriggerBuilder.send:76 com.motorola.motocare.internal.frameworkevents.ProcessKillTrigger.sendTrigger:147 com.motorola.motocare.internal.frameworkevents.ProcessKillTrigger.handleFrameworkEvent:164 
I/NetworkMonitor( 2614): type=WIFI subType= reason=null isConnected=true
I/LocalDevicePlayback( 2614): Streaming client created.
D/WifiStateMachine( 1016): handleMessage: E msg.what=131155
D/WifiStateMachine( 1016): processMsg: ConnectedState
D/WifiStateMachine( 1016): processMsg: L2ConnectedState
D/GCM     (31791): GcmService start Intent { act=android.net.conn.CONNECTIVITY_CHANGE flg=0x4000010 cmp=com.google.android.gms/.gcm.GcmService (has extras) } android.net.conn.CONNECTIVITY_CHANGE
D/WifiStateMachine( 1016): handleMessage: X
W/ArtDownloadService( 2614): Setting cache size 0
D/WifiStateMachine( 1016): handleMessage: E msg.what=151572
D/WifiStateMachine( 1016): processMsg: ConnectedState
D/WifiStateMachine( 1016): processMsg: L2ConnectedState
D/WifiStateMachine( 1016): handleMessage: X
D/dalvikvm( 1016): GC_EXPLICIT freed 3172K, 30% free 28464K/40112K, paused 8ms+14ms, total 150ms
I/ActivityManager( 1016): Start proc android.process.acore for content provider com.android.providers.contacts/.ContactsProvider2: pid=2722 uid=10010 gids={50010, 3003, 1028, 1015, 1023}
I/CheckinService(31905): Disabling old GoogleServicesFramework version
I/ActivityManager( 1016): Killing 2058:com.google.android.apps.magazines/u0a77 (adj 15): empty #9
W/ContextImpl( 1231): Calling a method in the system process without a qualified user: android.app.ContextImpl.sendBroadcast:1252 android.content.ContextWrapper.sendBroadcast:365 com.motorola.motocare.util.TriggerHelper$TriggerBuilder.send:76 com.motorola.motocare.internal.frameworkevents.ProcessKillTrigger.sendTrigger:147 com.motorola.motocare.internal.frameworkevents.ProcessKillTrigger.handleFrameworkEvent:164 
I/iu.Environment(31905): update connectivity state; isNetworkMetered? false, isRoaming? false, isBackgroundDataAllowed? true
D/dalvikvm(31905): GC_CONCURRENT freed 1517K, 39% free 10669K/17224K, paused 3ms+3ms, total 41ms
I/CheckinService(31905): Checking schedule, now: 1428161290225 next: 1428159594145
I/CheckinService(31905): active receiver: enabled
E/cutils  (  261): Failed to mkdirat(/storage/sdcard1/Android): Read-only file system
W/Vold    (  261): Returning OperationFailed - no handler for errno 30
W/ContextImpl( 2614): Failed to ensure directory: /storage/sdcard1/Android/data/com.google.android.music/cache
I/CheckinService(31905): Preparing to send checkin request
E/cutils  (  261): Failed to mkdirat(/storage/sdcard1/Android): Read-only file system
W/Vold    (  261): Returning OperationFailed - no handler for errno 30
W/ContextImpl( 2614): Failed to ensure directory: /storage/sdcard1/Android/data/com.google.android.music/cache
I/ActivityManager( 1016): Start proc com.google.android.apps.plus for broadcast com.google.android.apps.plus/.service.ConnectivityReceiver: pid=2736 uid=10090 gids={50090, 3003, 3002, 1028, 1015}
I/EventLogService(31905): Accumulating logs since 1428159942409
E/dalvikvm( 2736): Could not find class 'android.app.Notification$Action$Builder', referenced from method b.a
W/dalvikvm( 2736): VFY: unable to resolve new-instance 302 (Landroid/app/Notification$Action$Builder;) in Lb;
D/dalvikvm( 2736): VFY: replacing opcode 0x22 at 0x0000
E/dalvikvm( 2736): Could not find class 'android.graphics.drawable.RippleDrawable', referenced from method b.a
W/dalvikvm( 2736): VFY: unable to resolve new-instance 462 (Landroid/graphics/drawable/RippleDrawable;) in Lb;
D/dalvikvm( 2736): VFY: replacing opcode 0x22 at 0x000b
D/Ulp_jni ( 1016): Location CB invoked
W/dalvikvm( 2736): VFY: unable to find class referenced in signature (Lzt;)
W/dalvikvm( 2736): VFY: unable to find class referenced in signature (Lzt;)
W/dalvikvm( 2736): VFY: unable to find class referenced in signature (Lzt;)
W/dalvikvm( 2736): VFY: unable to find class referenced in signature (Lzt;)
W/dalvikvm( 2736): VFY: unable to find class referenced in signature (Lzt;)
W/dalvikvm( 2736): VFY: unable to find class referenced in signature (Lzt;)
W/dalvikvm( 2736): VFY: unable to find class referenced in signature (Lzt;)
E/dalvikvm( 2736): Could not find class 'android.app.Notification$Action$Builder', referenced from method b.a
W/dalvikvm( 2736): VFY: unable to resolve new-instance 302 (Landroid/app/Notification$Action$Builder;) in Lb;
D/dalvikvm( 2736): VFY: replacing opcode 0x22 at 0x0000
I/GoogleURLConnFactory(31905): Using platform SSLCertificateSocketFactory
W/dalvikvm( 2736): Unable to resolve superclass of Lar; (689)
W/dalvikvm( 2736): Link of class 'Lar;' failed
E/dalvikvm( 2736): Could not find class 'ar', referenced from method b.a
W/dalvikvm( 2736): VFY: unable to resolve new-instance 999 (Lar;) in Lb;
D/dalvikvm( 2736): VFY: replacing opcode 0x22 at 0x0006
W/dalvikvm( 2736): Unable to resolve superclass of Lat; (689)
W/dalvikvm( 2736): Link of class 'Lat;' failed
E/dalvikvm( 2736): Could not find class 'at', referenced from method b.a
W/dalvikvm( 2736): VFY: unable to resolve new-instance 1053 (Lat;) in Lb;
D/dalvikvm( 2736): VFY: replacing opcode 0x22 at 0x002a
I/ContactLocale( 2722): AddressBook Labels [en_GB]: [, A, B, C, D, E, F, G, H, I, J, K, L, M, N, O, P, Q, R, S, T, U, V, W, X, Y, Z, , , , , , , , , , , , , , , , , , , , , , , , , , , , , , , , , , , , , , , , , , , , , , , , , , , , , , , , , , , , , , , , , , , , , , , , , , , , , , , , , , , , , , , , , , , , , , , , , , , , , , , , , , , , , , , , , , , , , , , , , , , , , , , , , , , , , , , , , , , , , , , , , , , , , , , , , , , , , , , , , , , , , , , , , , , , , , , , , , , , , , #, ]
I/CheckinRequestBuilder(31905): Checkin reason type: 8 attempt count: 1
I/dalvikvm( 2736): Could not find method android.view.ViewGroup.isTransitionGroup, referenced from method b.a
W/dalvikvm( 2736): VFY: unable to resolve virtual method 4388: Landroid/view/ViewGroup;.isTransitionGroup ()Z
D/dalvikvm( 2736): VFY: replacing opcode 0x6e at 0x000c
I/dalvikvm( 2736): Could not find method android.view.View.getTransitionName, referenced from method b.a
W/dalvikvm( 2736): VFY: unable to resolve virtual method 4205: Landroid/view/View;.getTransitionName ()Ljava/lang/String;
D/dalvikvm( 2736): VFY: replacing opcode 0x6e at 0x0006
W/dalvikvm( 2736): VFY: unable to find class referenced in signature ([Landroid/app/RemoteInput;)
E/dalvikvm( 2736): Could not find class 'android.app.RemoteInput[]', referenced from method b.a
W/dalvikvm( 2736): VFY: unable to resolve new-array 12606 ([Landroid/app/RemoteInput;) in Lb;
D/dalvikvm( 2736): VFY: replacing opcode 0x23 at 0x0005
D/dalvikvm(31791): GC_EXPLICIT freed 297K, 42% free 10095K/17224K, paused 2ms+4ms, total 26ms
D/dalvikvm( 2736): DexOpt: unable to opt direct call 0x0530 at 0x0e in Lb;.a
D/dalvikvm( 2736): DexOpt: unable to opt direct call 0x08a4 at 0x0e in Lb;.a
D/dalvikvm( 2736): DexOpt: unable to opt direct call 0x0530 at 0x0e in Lb;.a
W/dalvikvm( 2736): Unable to resolve superclass of Lar; (689)
W/dalvikvm( 2736): Link of class 'Lar;' failed
D/dalvikvm( 2736): DexOpt: unable to opt direct call 0x177c at 0x08 in Lb;.a
W/dalvikvm( 2736): Unable to resolve superclass of Lat; (689)
W/dalvikvm( 2736): Link of class 'Lat;' failed
D/dalvikvm( 2736): DexOpt: unable to opt direct call 0x1846 at 0x2c in Lb;.a
D/dalvikvm( 2736): DexOpt: unable to opt direct call 0x0587 at 0x13 in Lb;.a
D/dalvikvm( 2736): Trying to load lib /data/app-lib/com.google.android.apps.plus-1/libcrashreporterer.so 0x42790c08
D/dalvikvm( 2736): Added shared lib /data/app-lib/com.google.android.apps.plus-1/libcrashreporterer.so 0x42790c08
I/dalvikvm( 2736): Could not find method android.content.Context.getDrawable, referenced from method c.a
W/dalvikvm( 2736): VFY: unable to resolve virtual method 1545: Landroid/content/Context;.getDrawable (I)Landroid/graphics/drawable/Drawable;
D/dalvikvm( 2736): VFY: replacing opcode 0x6e at 0x0006
I/ActivityManager( 1016): Start proc com.google.android.talk for broadcast com.google.android.talk/com.google.android.apps.hangouts.service.NetworkStateReceiver: pid=2762 uid=10071 gids={50071, 3003, 1028, 1015, 3002}
I/ActivityManager( 1016): Killing 2130:com.google.android.apps.cloudprint/u0a58 (adj 15): empty #9
W/ContextImpl( 1231): Calling a method in the system process without a qualified user: android.app.ContextImpl.sendBroadcast:1252 android.content.ContextWrapper.sendBroadcast:365 com.motorola.motocare.util.TriggerHelper$TriggerBuilder.send:76 com.motorola.motocare.internal.frameworkevents.ProcessKillTrigger.sendTrigger:147 com.motorola.motocare.internal.frameworkevents.ProcessKillTrigger.handleFrameworkEvent:164 
I/ActivityManager( 1016): Start proc com.google.android.gms.unstable for service com.google.android.gms/.droidguard.DroidGuardService: pid=2776 uid=10022 gids={50022, 3003, 1007, 1028, 1015, 3002, 3001, 3007, 2001, 3006}
W/dalvikvm( 2776): VFY: unable to resolve static field 658 (PR_SET_DUMPABLE) in Landroid/system/OsConstants;
D/dalvikvm( 2776): VFY: replacing opcode 0x60 at 0x000b
I/MultiDex( 2776): VM with version 1.6.0 does not have multidex support
I/MultiDex( 2776): install
I/MultiDex( 2776): MultiDexExtractor.load(/data/app/com.google.android.gms-1.apk, false)
I/MultiDex( 2776): loading existing secondary dex files
I/MultiDex( 2776): load found 3 secondary dex files
I/MultiDex( 2776): install done
D/dalvikvm( 2762): Trying to load lib /data/app-lib/com.google.android.talk-1/libcrashreporterer.so 0x4278e8d8
D/dalvikvm( 2762): Added shared lib /data/app-lib/com.google.android.talk-1/libcrashreporterer.so 0x4278e8d8
I/ProviderInstaller( 2776): Insert disabled by gate 'gms:security:enable_conscrypt_in_gms_application'
E/dalvikvm( 2762): Could not find class 'android.app.Notification$Action$Builder', referenced from method f.a
W/dalvikvm( 2762): VFY: unable to resolve new-instance 402 (Landroid/app/Notification$Action$Builder;) in Lf;
D/dalvikvm( 2762): VFY: replacing opcode 0x22 at 0x0000
E/dalvikvm( 2762): Could not find class 'android.app.RemoteInput$Builder', referenced from method f.a
W/dalvikvm( 2762): VFY: unable to resolve new-instance 414 (Landroid/app/RemoteInput$Builder;) in Lf;
D/dalvikvm( 2762): VFY: replacing opcode 0x22 at 0x003d
I/dalvikvm( 2776): Could not find method android.content.pm.PackageManager.getPackageInstaller, referenced from method com.google.android.gms.common.ff.a
W/dalvikvm( 2776): VFY: unable to resolve virtual method 479: Landroid/content/pm/PackageManager;.getPackageInstaller ()Landroid/content/pm/PackageInstaller;
D/dalvikvm( 2776): VFY: replacing opcode 0x6e at 0x000d
E/dalvikvm( 2762): Could not find class 'android.app.Notification$Action$Builder', referenced from method f.a
W/dalvikvm( 2762): VFY: unable to resolve new-instance 402 (Landroid/app/Notification$Action$Builder;) in Lf;
D/dalvikvm( 2762): VFY: replacing opcode 0x22 at 0x0000
W/dalvikvm( 2762): Unable to resolve superclass of Law; (790)
W/dalvikvm( 2762): Link of class 'Law;' failed
E/dalvikvm( 2762): Could not find class 'aw', referenced from method f.a
W/dalvikvm( 2762): VFY: unable to resolve new-instance 1214 (Law;) in Lf;
D/dalvikvm( 2762): VFY: replacing opcode 0x22 at 0x0006
W/dalvikvm( 2762): Unable to resolve superclass of Lay; (790)
W/dalvikvm( 2762): Link of class 'Lay;' failed
E/dalvikvm( 2762): Could not find class 'ay', referenced from method f.a
W/dalvikvm( 2762): VFY: unable to resolve new-instance 1268 (Lay;) in Lf;
D/dalvikvm( 2762): VFY: replacing opcode 0x22 at 0x002a
I/dalvikvm( 2762): Could not find method android.view.ViewGroup.isTransitionGroup, referenced from method f.a
W/dalvikvm( 2762): VFY: unable to resolve virtual method 5345: Landroid/view/ViewGroup;.isTransitionGroup ()Z
D/dalvikvm( 2762): VFY: replacing opcode 0x6e at 0x000c
I/dalvikvm( 2762): Could not find method android.view.View.getTransitionName, referenced from method f.a
W/dalvikvm( 2762): VFY: unable to resolve virtual method 5199: Landroid/view/View;.getTransitionName ()Ljava/lang/String;
D/dalvikvm( 2762): VFY: replacing opcode 0x6e at 0x0006
W/dalvikvm( 2762): VFY: unable to find class referenced in signature ([Landroid/app/RemoteInput;)
E/dalvikvm( 2762): Could not find class 'android.app.RemoteInput[]', referenced from method f.a
W/dalvikvm( 2762): VFY: unable to resolve new-array 6957 ([Landroid/app/RemoteInput;) in Lf;
D/dalvikvm( 2762): VFY: replacing opcode 0x23 at 0x0005
D/dalvikvm( 2762): DexOpt: couldn't find static field Landroid/os/Build;.SUPPORTED_ABIS
W/dalvikvm( 2762): VFY: unable to resolve static field 1486 (SUPPORTED_ABIS) in Landroid/os/Build;
D/dalvikvm( 2762): VFY: replacing opcode 0x62 at 0x0006
D/WVCdm   (  284): Instantiating CDM.
I/WVCdm   (  284): Level3 Library Nov 20 2013 18:09:31
D/dalvikvm( 2762): DexOpt: unable to opt direct call 0x0a62 at 0x0e in Lf;.a
D/dalvikvm( 2762): DexOpt: unable to opt direct call 0x0ab7 at 0x43 in Lf;.a
D/DrmWidevineDash(  284): calling OEMCrypto_Initialize, g_qsee_apps_version = 7
D/DrmWidevineDash(  284): Service_Initialize: widevine DASH app is already open!
D/DrmWidevineDash(  284): OEMCrypto_Initialize sion_buffer g_wv_fhandle->ion_sbuffer  0x0xb4152000
E/DrmWidevineDash(  284): sion_buffer g_wv_fhandle->ion_sbuffer  0x0xb4152000
D/dalvikvm( 2762): DexOpt: unable to opt direct call 0x0a62 at 0x0e in Lf;.a
W/dalvikvm( 2762): Unable to resolve superclass of Law; (790)
W/dalvikvm( 2762): Link of class 'Law;' failed
D/dalvikvm( 2762): DexOpt: unable to opt direct call 0x1d53 at 0x08 in Lf;.a
W/dalvikvm( 2762): Unable to resolve superclass of Lay; (790)
W/dalvikvm( 2762): Link of class 'Lay;' failed
D/dalvikvm( 2762): DexOpt: unable to opt direct call 0x1e94 at 0x2c in Lf;.a
D/DrmWidevineDash(  284): OEMCrypto_Initialize exit returns 0
D/DrmWidevineDash(  284): calling OEMCrypto_APIVersion...
D/dalvikvm( 2762): DexOpt: unable to opt direct call 0x0ab7 at 0x13 in Lf;.a
D/DrmWidevineDash(  284): OEMCrypto_APIVersion = 8
D/DrmWidevineDash(  284): calling OEMCrypto_IsKeyboxValid...
D/DrmWidevineDash(  284): OEMCrypto_IsKeyboxValid returns 0
D/WVCdm   (  284): OEMCrypto_Initialize Level 1 success. I will use level 1.
I/WVCdm   (  284): CdmEngine::OpenSession
D/DrmWidevineDash(  284): calling OEMCrypto_OpenSession...
D/DrmWidevineDash(  284): OEMCrypto_OpenSession SID = 1
D/DrmWidevineDash(  284): OEMCrypto_OpenSession returns 0
D/DrmWidevineDash(  284): calling OEMCrypto_GetRandom...
D/DrmWidevineDash(  284): OEMCrypto_GetRandom returns 0
I/WVCdm   (  284): CdmEngine::QueryKeyControlInfo
I/WVCdm   (  284): CdmEngine::CloseSession
D/DrmWidevineDash(  284): calling OEMCrypto_CloseSession. SID = 1
D/DrmWidevineDash(  284): OEMCrypto_CloseSession returns 0
I/dalvikvm( 2762): Could not find method android.content.Context.getDrawable, referenced from method i.a
W/dalvikvm( 2762): VFY: unable to resolve virtual method 2839: Landroid/content/Context;.getDrawable (I)Landroid/graphics/drawable/Drawable;
D/dalvikvm( 2762): VFY: replacing opcode 0x6e at 0x0006
I/Babel   ( 2762): MmsConfig: mnc/mcc: 272/3
I/Babel   ( 2762): MmsConfig.loadMmsSettings
I/Babel   ( 2762): MmsConfig.loadDeviceMmsSettings from API: mUserAgent=motoxt1039, mUaProfUrl=http://uaprof.motorola.com/phoneconfig/motoxt1039/Profile/motoxt1039.rdf
I/Babel   ( 2762): MmsConfig.loadFromDatabase
E/SQLiteLog( 2762): (1) no such table: mmsconfig
I/Babel   ( 2762): MmsConfig: no mmsconfig table android.database.sqlite.SQLiteException: no such table: mmsconfig (code 1): , while compiling: SELECT key, value, type FROM mmsconfig WHERE numeric=?
I/Babel   ( 2762): MmsConfig.loadFromResources
E/Babel   ( 2762): canonicalizeMccMnc: invalid mccmnc nullnull
I/Babel   ( 2762): MmsConfig.loadMmsSettings: mUserAgent=motoxt1039, mUaProfUrl=http://uaprof.motorola.com/phoneconfig/motoxt1039/Profile/motoxt1039.rdf
W/Settings( 2762): Setting airplane_mode_on has moved from android.provider.Settings.System to android.provider.Settings.Global, returning read-only value.
I/Babel_StickerModule( 2762): App launched.
I/ActivityManager( 1016): Start proc com.google.android.apps.magazines for broadcast com.google.android.apps.magazines/com.google.apps.dots.android.newsstand.appwidget.NewsWidgetProvider: pid=2809 uid=10077 gids={50077, 3003, 1028, 1015}
W/AppOps  ( 1016): Bad call: specified package qcamera under uid 1013 but it is really -1
D/WifiStateMachine( 1016): handleMessage: E msg.what=151572
D/WifiStateMachine( 1016): processMsg: ConnectedState
D/WifiStateMachine( 1016): processMsg: L2ConnectedState
W/AppOps  ( 1016): Bad call: specified package qcamera under uid 1013 but it is really -1
D/WifiStateMachine( 1016): handleMessage: X
W/AppOps  ( 1016): Bad call: specified package qcamera under uid 1013 but it is really -1
I/dalvikvm( 2809): Could not find method android.accounts.AccountManager.getPreviousName, referenced from method com.google.apps.dots.android.newsstand.auth.AccountManagerDelegate.getPreviousName
W/dalvikvm( 2809): VFY: unable to resolve virtual method 7: Landroid/accounts/AccountManager;.getPreviousName (Landroid/accounts/Account;)Ljava/lang/String;
D/dalvikvm( 2809): VFY: replacing opcode 0x6e at 0x0002
E/cutils  (  261): Failed to mkdirat(/storage/sdcard1/Android): Read-only file system
W/Vold    (  261): Returning OperationFailed - no handler for errno 30
W/ContextImpl( 2809): Failed to ensure directory: /storage/sdcard1/Android/data/com.google.android.apps.magazines/cache
E/cutils  (  261): Failed to mkdirat(/storage/sdcard1/Android): Read-only file system
W/Vold    (  261): Returning OperationFailed - no handler for errno 30
W/ContextImpl( 2809): Failed to ensure directory: /storage/sdcard1/Android/data/com.google.android.apps.magazines/files
W/AppOps  ( 1016): Bad call: specified package qcamera under uid 1013 but it is really -1
E/cutils  (  261): Failed to mkdirat(/storage/sdcard1/Android): Read-only file system
W/Vold    (  261): Returning OperationFailed - no handler for errno 30
W/ContextImpl( 2809): Failed to ensure directory: /storage/sdcard1/Android/data/com.google.android.apps.magazines/cache
W/dalvikvm( 2762): Unable to resolve superclass of Lcom/google/android/libraries/hangouts/video/ScreenCaptureVideoSource$2; (596)
W/dalvikvm( 2762): Link of class 'Lcom/google/android/libraries/hangouts/video/ScreenCaptureVideoSource$2;' failed
E/dalvikvm( 2762): Could not find class 'com.google.android.libraries.hangouts.video.ScreenCaptureVideoSource$2', referenced from method com.google.android.libraries.hangouts.video.ScreenCaptureVideoSource.<init>
W/dalvikvm( 2762): VFY: unable to resolve new-instance 2878 (Lcom/google/android/libraries/hangouts/video/ScreenCaptureVideoSource$2;) in Lcom/google/android/libraries/hangouts/video/ScreenCaptureVideoSource;
D/dalvikvm( 2762): VFY: replacing opcode 0x22 at 0x0044
E/cutils  (  261): Failed to mkdirat(/storage/sdcard1/Android): Read-only file system
W/Vold    (  261): Returning OperationFailed - no handler for errno 30
W/dalvikvm( 2762): VFY: unable to find class referenced in signature (Landroid/media/projection/MediaProjection;)
W/dalvikvm( 2762): VFY: unable to find class referenced in signature (Landroid/media/projection/MediaProjection;)
W/dalvikvm( 2762): VFY: unable to find class referenced in signature (Landroid/media/projection/MediaProjection;)
W/dalvikvm( 2762): VFY: unable to find class referenced in signature (Landroid/media/projection/MediaProjectionManager;)
W/ContextImpl( 2809): Failed to ensure directory: /storage/sdcard1/Android/data/com.google.android.apps.magazines/files
I/dalvikvm( 2762): Could not find method android.media.projection.MediaProjection.createVirtualDisplay, referenced from method com.google.android.libraries.hangouts.video.ScreenCaptureVideoSource.createVirtualDisplay
W/dalvikvm( 2762): VFY: unable to resolve virtual method 3518: Landroid/media/projection/MediaProjection;.createVirtualDisplay (Ljava/lang/String;IIIILandroid/view/Surface;Landroid/hardware/display/VirtualDisplay$Callback;Landroid/os/Handler;)Landroid/hardware/display/VirtualDisplay;
D/dalvikvm( 2762): VFY: replacing opcode 0x74 at 0x0053
I/dalvikvm( 2762): Could not find method android.media.projection.MediaProjection.stop, referenced from method com.google.android.libraries.hangouts.video.ScreenCaptureVideoSource.release
W/dalvikvm( 2762): VFY: unable to resolve virtual method 3520: Landroid/media/projection/MediaProjection;.stop ()V
D/dalvikvm( 2762): VFY: replacing opcode 0x6e at 0x002d
I/dalvikvm( 2762): Could not find method android.media.projection.MediaProjectionManager.createScreenCaptureIntent, referenced from method com.google.android.libraries.hangouts.video.ScreenCaptureVideoSource.startCapture
W/dalvikvm( 2762): VFY: unable to resolve virtual method 3522: Landroid/media/projection/MediaProjectionManager;.createScreenCaptureIntent ()Landroid/content/Intent;
D/dalvikvm( 2762): VFY: replacing opcode 0x6e at 0x0023
W/dalvikvm( 2762): Unable to resolve superclass of Lcom/google/android/libraries/hangouts/video/ScreenCaptureVideoSource$2; (596)
W/dalvikvm( 2762): Link of class 'Lcom/google/android/libraries/hangouts/video/ScreenCaptureVideoSource$2;' failed
D/dalvikvm( 2762): DexOpt: unable to opt direct call 0x4a49 at 0x46 in Lcom/google/android/libraries/hangouts/video/ScreenCaptureVideoSource;.<init>
I/dalvikvm( 2762): Could not find method android.media.MediaCodecInfo$CodecCapabilities.getVideoCapabilities, referenced from method com.google.android.libraries.hangouts.video.EncoderManager.isHardwareAcceleratedCodec
W/dalvikvm( 2762): VFY: unable to resolve virtual method 3454: Landroid/media/MediaCodecInfo$CodecCapabilities;.getVideoCapabilities ()Landroid/media/MediaCodecInfo$VideoCapabilities;
D/dalvikvm( 2762): VFY: replacing opcode 0x6e at 0x001f
I/ActivityManager( 1016): Killing 1896:com.google.android.googlequicksearchbox:search/u0a45 (adj 15): empty #9
W/ContextImpl( 1231): Calling a method in the system process without a qualified user: android.app.ContextImpl.sendBroadcast:1252 android.content.ContextWrapper.sendBroadcast:365 com.motorola.motocare.util.TriggerHelper$TriggerBuilder.send:76 com.motorola.motocare.internal.frameworkevents.ProcessKillTrigger.sendTrigger:147 com.motorola.motocare.internal.frameworkevents.ProcessKillTrigger.handleFrameworkEvent:164 
D/dalvikvm( 2776): Trying to load lib /data/data/com.google.android.gms/app_dg_cache/681C2F668DCBE4CF20940E2F93EF45FBED1401FE/lib/libdD11BC7B78B49.so 0x428089b0
D/dalvikvm( 2776): Added shared lib /data/data/com.google.android.gms/app_dg_cache/681C2F668DCBE4CF20940E2F93EF45FBED1401FE/lib/libdD11BC7B78B49.so 0x428089b0
D/dalvikvm( 2776): No JNI_OnLoad found in /data/data/com.google.android.gms/app_dg_cache/681C2F668DCBE4CF20940E2F93EF45FBED1401FE/lib/libdD11BC7B78B49.so 0x428089b0, skipping init
V/WebViewChromiumFactoryProvider( 2809): Binding Chromium to main looper Looper (main, tid 1) {4278b178}
I/LibraryLoader( 2809): Expected native library version number "",actual native library version number ""
I/chromium( 2809): [INFO:library_loader_hooks.cc(116)] Chromium logging enabled: level = 0, default verbosity = 0
I/BrowserStartupController( 2809): Initializing chromium process, renderers=0
E/AudioManagerAndroid( 2809): BLUETOOTH permission is missing!
I/Adreno-EGL( 2809): <qeglDrvAPI_eglInitialize:410>: EGL 1.4 QUALCOMM build: AU_LINUX_ANDROID_LNX.LA.3.5.1_RB1.04.04.02.048.018_msm8226_LNX.LA.3.5.1_RB1__release_AU ()
I/Adreno-EGL( 2809): OpenGL ES Shader Compiler Version: E031.24.00.08
I/Adreno-EGL( 2809): Build Date: 03/07/14 Fri
I/Adreno-EGL( 2809): Local Branch: 
I/Adreno-EGL( 2809): Remote Branch: quic/LNX.LA.3.5.1_RB1.1
I/Adreno-EGL( 2809): Local Patches: NONE
I/Adreno-EGL( 2809): Reconstruct Branch: AU_LINUX_ANDROID_LNX.LA.3.5.1_RB1.04.04.02.048.018 + f2fd134 +  NOTHING
I/NSApplication( 2809): Starting up...
I/ActivityManager( 1016): Start proc com.android.chrome for broadcast com.android.chrome/com.google.android.apps.chrome.precache.PrecacheServiceLauncher: pid=2862 uid=10057 gids={50057, 3003, 1028, 1015}
I/ActivityManager( 1016): Killing 2144:com.motorola.context/u0a11 (adj 15): empty #9
D/AudioManagerAndroid( 2809): ==> onReceive: s=0, m=1, n=h2w, sb=true
D/AudioManagerAndroid( 2809): reportUpdate: state=0, devices=[Speakerphone, Headset earpiece]
W/ContextImpl( 1231): Calling a method in the system process without a qualified user: android.app.ContextImpl.sendBroadcast:1252 android.content.ContextWrapper.sendBroadcast:365 com.motorola.motocare.util.TriggerHelper$TriggerBuilder.send:76 com.motorola.motocare.internal.frameworkevents.ProcessKillTrigger.sendTrigger:147 com.motorola.motocare.internal.frameworkevents.ProcessKillTrigger.handleFrameworkEvent:164 
I/WVCdm   (  284): CdmEngine::OpenSession
D/DrmWidevineDash(  284): calling OEMCrypto_OpenSession...
D/DrmWidevineDash(  284): OEMCrypto_OpenSession SID = 1
D/DrmWidevineDash(  284): OEMCrypto_OpenSession returns 0
D/DrmWidevineDash(  284): calling OEMCrypto_GetRandom...
D/DrmWidevineDash(  284): OEMCrypto_GetRandom returns 0
I/WVCdm   (  284): CdmEngine::QueryKeyControlInfo
I/WVCdm   (  284): CdmEngine::GenerateKeyRequest
D/DrmWidevineDash(  284): calling OEMCrypto_LoadDeviceRSAKey. SID = 1
D/DrmWidevineDash(  284): OEMCrypto_LoadDeviceRSAKey returns 0
D/DrmWidevineDash(  284): calling OEMCrypto_GetDeviceID...
I/ActivityManager( 1016): Start proc com.rhmsoft.fm:crash.feedback for broadcast com.rhmsoft.fm/com.cleanmaster.fm.receiver.ConnectivityChangeBroadcastReceiver: pid=2877 uid=10105 gids={50105, 3003, 1028, 1015}
I/ActivityManager( 1016): Killing 2200:com.android.vending/u0a39 (adj 15): empty #9
W/ContextImpl( 1231): Calling a method in the system process without a qualified user: android.app.ContextImpl.sendBroadcast:1252 android.content.ContextWrapper.sendBroadcast:365 com.motorola.motocare.util.TriggerHelper$TriggerBuilder.send:76 com.motorola.motocare.internal.frameworkevents.ProcessKillTrigger.sendTrigger:147 com.motorola.motocare.internal.frameworkevents.ProcessKillTrigger.handleFrameworkEvent:164 
D/DrmWidevineDash(  284): OEMCrypto_GetDeviceID returns 0
D/DrmWidevineDash(  284): calling OEMCrypto_GenerateNonce. SID = 1
D/DrmWidevineDash(  284): OEMCrypto_GenerateNonce returns 0
D/WVCdm   (  284): PrepareKeyRequest: nonce=2382195227
D/DrmWidevineDash(  284): calling OEMCrypto_GenerateRSASignature. SID = 1
D/DrmWidevineDash(  284): OEMCrypto_GenerateRSASignature needs buffer size = 256
D/DrmWidevineDash(  284): OEMCrypto_GenerateRSASignature returns 7
D/DrmWidevineDash(  284): calling OEMCrypto_GenerateRSASignature. SID = 1
W/Settings( 2877): Setting android_id has moved from android.provider.Settings.System to android.provider.Settings.Secure, returning read-only value.
D/dalvikvm( 2877): Trying to load lib /data/data/com.rhmsoft.fm/lib/libkcmutil.so 0x427913d8
E/cutils  (  261): Failed to mkdirat(/storage/sdcard1/Android): Read-only file system
W/Vold    (  261): Returning OperationFailed - no handler for errno 30
W/ContextImpl( 2877): Failed to ensure directory: /storage/sdcard1/Android/data/com.rhmsoft.fm/files
W/linker  ( 2877): libkcmutil.so has text relocations. This is wasting memory and is a security risk. Please fix.
D/dalvikvm( 2877): Added shared lib /data/data/com.rhmsoft.fm/lib/libkcmutil.so 0x427913d8
E/cutils  (  261): Failed to mkdirat(/storage/sdcard1/Android): Read-only file system
W/Vold    (  261): Returning OperationFailed - no handler for errno 30
W/ContextImpl( 2877): Failed to ensure directory: /storage/sdcard1/Android/data/com.rhmsoft.fm/files
E/cutils  (  261): Failed to mkdirat(/storage/sdcard1/Android): Read-only file system
W/Vold    (  261): Returning OperationFailed - no handler for errno 30
W/ContextImpl( 2877): Failed to ensure directory: /storage/sdcard1/Android/data/com.rhmsoft.fm/files
E/cutils  (  261): Failed to mkdirat(/storage/sdcard1/Android): Read-only file system
W/Vold    (  261): Returning OperationFailed - no handler for errno 30
W/ContextImpl( 2877): Failed to ensure directory: /storage/sdcard1/Android/data/com.rhmsoft.fm/files
I/ActivityManager( 1016): Start proc com.mobisystems.ubreader_west for broadcast com.mobisystems.ubreader_west/com.mobisystems.ubreader.launcher.network.NetworkStateReceiver: pid=2900 uid=10117 gids={50117, 3003, 1028, 1015}
I/ActivityManager( 1016): Killing 2358:com.devexpert.weather/u0a112 (adj 15): empty #9
