W/ActivityManager( 1016): Service ServiceRecord{43f18f80 u0 com.google.android.music/.net.NetworkMonitor} in process ProcessRecord{43739d10 21115:com.google.android.music:main/u0a82} not same as in map: null
W/ActivityManager( 1016): Service ServiceRecord{43f183e0 u0 com.google.android.music/.preferences.MusicPreferenceService$MusicPreferenceServiceBinder} in process ProcessRecord{43739d10 21115:com.google.android.music:main/u0a82} not same as in map: null
W/ActivityManager( 1016): Service ServiceRecord{43c92b28 u0 com.google.android.music/.download.artwork.ArtDownloadService} in process ProcessRecord{43739d10 21115:com.google.android.music:main/u0a82} not same as in map: null
W/ActivityManager( 1016): Service ServiceRecord{43c87f88 u0 com.google.android.music/.download.cache.TrackCacheService} in process ProcessRecord{43739d10 21115:com.google.android.music:main/u0a82} not same as in map: null
W/ActivityManager( 1016): Service ServiceRecord{43c57ce0 u0 com.google.android.music/.download.TrackDownloadQueueService} in process ProcessRecord{43739d10 21115:com.google.android.music:main/u0a82} not same as in map: null
D/CordovaWebViewClient(29584): onPageFinished(about:blank)
D/CordovaActivity(29584): onMessage(onPageFinished,about:blank)
D/CordovaActivity(29584): onMessage(exit,null)
I/SFPerfTracer(  278):      triggers: (rate: 159:90369) (229437 sw vsyncs) (190302 skipped) (57:809365 vsyncs) (59:1139098)
D/WifiStateMachine( 1016): handleMessage: E msg.what=131155
D/WifiStateMachine( 1016): processMsg: ConnectedState
D/WifiStateMachine( 1016): processMsg: L2ConnectedState
D/WifiStateMachine( 1016): handleMessage: X
D/WifiStateMachine( 1016): handleMessage: E msg.what=151572
D/WifiStateMachine( 1016): processMsg: ConnectedState
D/WifiStateMachine( 1016): processMsg: L2ConnectedState
D/WifiStateMachine( 1016): handleMessage: X
I/ActivityManager( 1016): Start proc com.google.android.music:main for service com.google.android.music/.playback.MusicPlaybackService: pid=30025 uid=10082 gids={50082, 3003, 1028, 1015}
I/MusicStore(30025): Database version: 107
D/dalvikvm(30025): Trying to load lib /data/app-lib/com.google.android.gms-1/libgmscore.so 0x4282ac68
D/dalvikvm(30025): Added shared lib /data/app-lib/com.google.android.gms-1/libgmscore.so 0x4282ac68
D/dalvikvm(30025): No JNI_OnLoad found in /data/app-lib/com.google.android.gms-1/libgmscore.so 0x4282ac68, skipping init
D/dalvikvm(30025): Trying to load lib /data/app-lib/com.google.android.gms-1/libconscrypt_gmscore_jni.so 0x4282ac68
D/dalvikvm(30025): Added shared lib /data/app-lib/com.google.android.gms-1/libconscrypt_gmscore_jni.so 0x4282ac68
V/JNIHelp (30025): Registering com/google/android/gms/org/conscrypt/NativeCrypto's 235 native methods...
D/dalvikvm(30025): Trying to load lib /data/app-lib/com.google.android.gms-1/libgmscore.so 0x4282ac68
D/dalvikvm(30025): Shared lib '/data/app-lib/com.google.android.gms-1/libgmscore.so' already loaded in same CL 0x4282ac68
D/dalvikvm(30025): Trying to load lib /data/app-lib/com.google.android.gms-1/libconscrypt_gmscore_jni.so 0x4282ac68
D/dalvikvm(30025): Shared lib '/data/app-lib/com.google.android.gms-1/libconscrypt_gmscore_jni.so' already loaded in same CL 0x4282ac68
I/ProviderInstaller(30025): Installed default security provider GmsCore_OpenSSL
D/AndroidMusic(30025): GMSCore installation verified
I/ConfigStore(30025): Config Database version: 1
E/cutils  (  261): Failed to mkdirat(/storage/sdcard1/Android): Read-only file system
W/Vold    (  261): Returning OperationFailed - no handler for errno 30
W/ContextImpl(30025): Failed to ensure directory: /storage/sdcard1/Android/data/com.google.android.music/files
E/cutils  (  261): Failed to mkdirat(/storage/sdcard1/Android): Read-only file system
W/Vold    (  261): Returning OperationFailed - no handler for errno 30
W/ContextImpl(30025): Failed to ensure directory: /storage/sdcard1/Android/data/com.google.android.music/files
E/cutils  (  261): Failed to mkdirat(/storage/sdcard1/Android): Read-only file system
W/Vold    (  261): Returning OperationFailed - no handler for errno 30
W/ContextImpl(30025): Failed to ensure directory: /storage/sdcard1/Android/data/com.google.android.music/files
I/MediaRouter(30025): Found default route: MediaRouter.RouteInfo{ uniqueId=android/.support.v7.media.SystemMediaRouteProvider:DEFAULT_ROUTE, name=Phone, description=null, enabled=true, connecting=false, canDisconnect=false, playbackType=0, playbackStream=3, volumeHandling=1, volume=6, volumeMax=15, presentationDisplayId=-1, extras=null, settingsIntent=null, providerPackageName=android }
E/dalvikvm(30025): Could not find class 'android.app.Notification$MediaStyle', referenced from method com.google.android.music.playback.MusicPlaybackService.buildLNotification
W/dalvikvm(30025): VFY: unable to resolve new-instance 54 (Landroid/app/Notification$MediaStyle;) in Lcom/google/android/music/playback/MusicPlaybackService;
D/dalvikvm(30025): VFY: replacing opcode 0x22 at 0x001d
D/dalvikvm(30025): DexOpt: couldn't find field Landroid/app/Notification;.visibility
W/dalvikvm(30025): VFY: unable to resolve instance field 27
D/dalvikvm(30025): VFY: replacing opcode 0x59 at 0x0059
D/dalvikvm(30025): DexOpt: unable to opt direct call 0x0203 at 0x1f in Lcom/google/android/music/playback/MusicPlaybackService;.buildLNotification
I/dalvikvm(30025): Could not find method android.view.View.setClipToOutline, referenced from method com.google.android.music.leanback.LeanbackUtils.clipToOutline
W/dalvikvm(30025): VFY: unable to resolve virtual method 15104: Landroid/view/View;.setClipToOutline (Z)V
D/dalvikvm(30025): VFY: replacing opcode 0x6e at 0x0007
I/GHttpClientFactory(30025): Using the GMSCore's GoogleHttpClient
D/SystemUtils(30025): getSystemProperty: lpa.decode=true
D/LocalDevicePlayback(30025): LPAPlayer detected. Disabling gapless.
I/NetworkMonitor(30025): type=WIFI subType= reason=null isConnected=true
E/cutils  (  261): Failed to mkdirat(/storage/sdcard1/Android): Read-only file system
W/Vold    (  261): Returning OperationFailed - no handler for errno 30
W/ContextImpl(30025): Failed to ensure directory: /storage/sdcard1/Android/data/com.google.android.music/files
E/cutils  (  261): Failed to mkdirat(/storage/sdcard1/Android): Read-only file system
W/Vold    (  261): Returning OperationFailed - no handler for errno 30
W/ContextImpl(30025): Failed to ensure directory: /storage/sdcard1/Android/data/com.google.android.music/files
I/NetworkMonitor(30025): type=WIFI subType= reason=null isConnected=true
I/LocalDevicePlayback(30025): Streaming client created.
W/ArtDownloadService(30025): Setting cache size 0
E/cutils  (  261): Failed to mkdirat(/storage/sdcard1/Android): Read-only file system
W/Vold    (  261): Returning OperationFailed - no handler for errno 30
W/ContextImpl(30025): Failed to ensure directory: /storage/sdcard1/Android/data/com.google.android.music/cache
E/cutils  (  261): Failed to mkdirat(/storage/sdcard1/Android): Read-only file system
W/Vold    (  261): Returning OperationFailed - no handler for errno 30
W/ContextImpl(30025): Failed to ensure directory: /storage/sdcard1/Android/data/com.google.android.music/cache
D/WifiStateMachine( 1016): handleMessage: E msg.what=151572
D/WifiStateMachine( 1016): processMsg: ConnectedState
D/WifiStateMachine( 1016): processMsg: L2ConnectedState
D/WifiStateMachine( 1016): handleMessage: X
D/WifiStateMachine( 1016): handleMessage: E msg.what=151572
D/WifiStateMachine( 1016): processMsg: ConnectedState
D/WifiStateMachine( 1016): processMsg: L2ConnectedState
D/WifiStateMachine( 1016): handleMessage: X
D/WifiStateMachine( 1016): handleMessage: E msg.what=131155
D/WifiStateMachine( 1016): processMsg: ConnectedState
D/WifiStateMachine( 1016): processMsg: L2ConnectedState
D/WifiStateMachine( 1016): handleMessage: X
D/WifiStateMachine( 1016): handleMessage: E msg.what=151572
D/WifiStateMachine( 1016): processMsg: ConnectedState
D/WifiStateMachine( 1016): processMsg: L2ConnectedState
D/WifiStateMachine( 1016): handleMessage: X
I/wpa_supplicant( 1178): wlan0: WPA: Group rekeying completed with 70:54:d2:ae:26:93 [GTK=TKIP]
D/MDMCTBK (  276): reply_len: 40 reply is = IFNAME=wlan0 <3>CTRL-EVENT-STATE-CHANGE 
D/MDMCTBK (  276): Event received = CTRL-EVENT-STATE-CHANGE 
D/MDMCTBK (  276): reply_len: 40 reply is = IFNAME=wlan0 <3>WPA: Group rekeying comp
D/MDMCTBK (  276): Event received = WPA: Group rekeying comp
D/MDMCTBK (  276): reply_len: 40 reply is = IFNAME=wlan0 <3>CTRL-EVENT-STATE-CHANGE 
D/MDMCTBK (  276): Event received = CTRL-EVENT-STATE-CHANGE 
D/WifiStateMachine( 1016): handleMessage: E msg.what=147462
D/WifiStateMachine( 1016): processMsg: ConnectedState
D/WifiStateMachine( 1016): processMsg: L2ConnectedState
D/WifiStateMachine( 1016): processMsg: ConnectModeState
D/WifiStateMachine( 1016): handleMessage: X
D/WifiStateMachine( 1016): handleMessage: E msg.what=147462
D/WifiStateMachine( 1016): processMsg: ConnectedState
D/WifiStateMachine( 1016): processMsg: L2ConnectedState
D/WifiStateMachine( 1016): processMsg: ConnectModeState
D/WifiStateMachine( 1016): handleMessage: X
D/WifiStateMachine( 1016): handleMessage: E msg.what=151572
D/WifiStateMachine( 1016): processMsg: ConnectedState
D/WifiStateMachine( 1016): processMsg: L2ConnectedState
D/WifiStateMachine( 1016): handleMessage: X
D/Ulp_jni ( 1016): Location CB invoked
D/WifiStateMachine( 1016): handleMessage: E msg.what=151572
D/WifiStateMachine( 1016): processMsg: ConnectedState
D/WifiStateMachine( 1016): processMsg: L2ConnectedState
D/WifiStateMachine( 1016): handleMessage: X
D/WifiStateMachine( 1016): handleMessage: E msg.what=131155
D/WifiStateMachine( 1016): processMsg: ConnectedState
D/WifiStateMachine( 1016): processMsg: L2ConnectedState
D/WifiStateMachine( 1016): handleMessage: X
I/ActivityManager( 1016): Process com.android.vending (pid 29923) has died.
D/dalvikvm( 1016): GC_EXPLICIT freed 2033K, 24% free 34304K/44796K, paused 5ms+14ms, total 177ms
E/GmsUtils(30025): Failed to connect to Google API client: ConnectionResult{statusCode=unknown status code 16, resolution=null}
E/GmsUtils(30025): Failed to connect to Google API client: ConnectionResult{statusCode=unknown status code 16, resolution=null}
I/MusicLeanback(30025): Conditions not met for autocaching.
I/MusicLeanback(30025): Stop autocaching.
D/WifiStateMachine( 1016): handleMessage: E msg.what=151572
D/WifiStateMachine( 1016): processMsg: ConnectedState
D/WifiStateMachine( 1016): processMsg: L2ConnectedState
D/WifiStateMachine( 1016): handleMessage: X
D/dalvikvm( 1078): GC_FOR_ALLOC freed 803K, 25% free 16113K/21428K, paused 24ms, total 25ms
D/dalvikvm( 1078): GC_FOR_ALLOC freed 24K, 24% free 16483K/21428K, paused 19ms, total 19ms
I/dalvikvm-heap( 1078): Grow heap (frag case) to 18.558MB for 380496-byte allocation
D/dalvikvm( 1078): GC_FOR_ALLOC freed 420K, 25% free 16516K/21800K, paused 21ms, total 22ms
I/ActivityManager( 1016): START u0 {act=android.intent.action.MAIN cat=[android.intent.category.HOME] flg=0x10200000 cmp=com.android.launcher/com.android.launcher2.Launcher} from pid 1016
W/ContextImpl( 1231): Calling a method in the system process without a qualified user: android.app.ContextImpl.sendBroadcast:1252 android.content.ContextWrapper.sendBroadcast:365 com.motorola.motocare.util.TriggerHelper$TriggerBuilder.send:76 com.motorola.motocare.internal.frameworkevents.PauseResumeTrigger.handleFrameworkEvent:53 com.motorola.motocare.internal.frameworkevents.FwEventMonitor$FrameworkListener.processFrameworkEvent:114 
W/ContextImpl( 1231): Calling a method in the system process without a qualified user: android.app.ContextImpl.sendBroadcast:1252 android.content.ContextWrapper.sendBroadcast:365 com.motorola.motocare.util.TriggerHelper$TriggerBuilder.send:76 com.motorola.motocare.internal.frameworkevents.PauseResumeTrigger.handleFrameworkEvent:53 com.motorola.motocare.internal.frameworkevents.FwEventMonitor$FrameworkListener.processFrameworkEvent:114 
D/dalvikvm( 1078): GC_FOR_ALLOC freed 4K, 23% free 16929K/21800K, paused 25ms, total 25ms
I/dalvikvm-heap( 1078): Grow heap (frag case) to 18.994MB for 380496-byte allocation
I/ActivityManager( 1016): Process com.rhmsoft.fm:service (pid 21418) has died.
W/ActivityManager( 1016): Scheduling restart of crashed service com.rhmsoft.fm/com.cleanmaster.fm.service.BackgroundService in 1000ms
E/AppsCustomizePagedView(  813): Widget ComponentInfo{com.devexpert.weather/com.devexpert.weather.view.WidgetWeather5x1Cur} can not fit on this device (736, 80)
E/AppsCustomizePagedView(  813): Widget ComponentInfo{com.devexpert.weather/com.devexpert.weather.view.WidgetWeather5x1} can not fit on this device (736, 80)
E/AppsCustomizePagedView(  813): Widget ComponentInfo{com.devexpert.weather/com.devexpert.weather.view.WidgetWeather5x2LC} can not fit on this device (736, 220)
E/AppsCustomizePagedView(  813): Widget ComponentInfo{com.devexpert.weather/com.devexpert.weather.view.WidgetWeather5x2} can not fit on this device (736, 220)
E/AppsCustomizePagedView(  813): Widget ComponentInfo{com.devexpert.weather/com.devexpert.weather.view.WidgetWeather5x3} can not fit on this device (736, 330)
I/Adreno-EGL(  813): <qeglDrvAPI_eglInitialize:410>: EGL 1.4 QUALCOMM build: AU_LINUX_ANDROID_LNX.LA.3.5.1_RB1.04.04.02.048.018_msm8226_LNX.LA.3.5.1_RB1__release_AU ()
I/Adreno-EGL(  813): OpenGL ES Shader Compiler Version: E031.24.00.08
I/Adreno-EGL(  813): Build Date: 03/07/14 Fri
I/Adreno-EGL(  813): Local Branch: 
I/Adreno-EGL(  813): Remote Branch: quic/LNX.LA.3.5.1_RB1.1
I/Adreno-EGL(  813): Local Patches: NONE
I/Adreno-EGL(  813): Reconstruct Branch: AU_LINUX_ANDROID_LNX.LA.3.5.1_RB1.04.04.02.048.018 + f2fd134 +  NOTHING
V/RenderScript(  813): 0x624ac2c0 Launching thread(s), CPUs 4
I/LaunchCheckinHandler( 1016): Displayed com.android.launcher/com.android.launcher2.Launcher,wp,wa,354
I/SFPerfTracer(  278):      triggers: (rate: 501:16405) (compose: 0:57) (post: 0:3) (render: 47:4349) (11:245726 frames) (12:731640)
D/SFPerfTracer(  278):        layers: (5:11) (DimLayer: 0:145)* (DimLayer: 0:163)* (FocusedStackFrame: 0:5420)* (StatusBar: 12:53987) (NavigationBar: 12:35163) (DimLayer: 0:10173)* (DimLayer: 0:1164)* (com.android.wallpaper.fall.FallWallpaper: 4:10337) (com.giftme.fb_auth/com.giftme.fb_auth.FB_Auth: 0:57)* (com.ghisler.android.TotalCommander/com.ghisler.android.TotalCommander.TotalCommander: 12:66) (com.android.launcher/com.android.launcher2.Launcher: 1:10) 
D/WifiStateMachine( 1016): handleMessage: E msg.what=151572
D/WifiStateMachine( 1016): processMsg: ConnectedState
D/WifiStateMachine( 1016): processMsg: L2ConnectedState
D/WifiStateMachine( 1016): handleMessage: X
I/ActivityManager( 1016): Start proc com.rhmsoft.fm:service for service com.rhmsoft.fm/com.cleanmaster.fm.service.BackgroundService: pid=30130 uid=10105 gids={50105, 3003, 1028, 1015}
W/Settings(30130): Setting android_id has moved from android.provider.Settings.System to android.provider.Settings.Secure, returning read-only value.
D/filesDir(30130): /data/data/com.rhmsoft.fm/files
E/cutils  (  261): Failed to mkdirat(/storage/sdcard1/Android): Read-only file system
W/Vold    (  261): Returning OperationFailed - no handler for errno 30
W/ContextImpl(30130): Failed to ensure directory: /storage/sdcard1/Android/data/com.rhmsoft.fm/files
D/dalvikvm(30130): Trying to load lib /data/data/com.rhmsoft.fm/lib/libkcmutil.so 0x4278b730
W/linker  (30130): libkcmutil.so has text relocations. This is wasting memory and is a security risk. Please fix.
D/dalvikvm(30130): Added shared lib /data/data/com.rhmsoft.fm/lib/libkcmutil.so 0x4278b730
W/Settings(30130): Setting android_id has moved from android.provider.Settings.System to android.provider.Settings.Secure, returning read-only value.
W/System.err(30130): Commons.readAssetsFileLineString :cn2
W/Settings(30130): Setting android_id has moved from android.provider.Settings.System to android.provider.Settings.Secure, returning read-only value.
D/WifiStateMachine( 1016): handleMessage: E msg.what=151572
D/WifiStateMachine( 1016): processMsg: ConnectedState
D/WifiStateMachine( 1016): processMsg: L2ConnectedState
D/WifiStateMachine( 1016): handleMessage: X
D/WifiStateMachine( 1016): handleMessage: E msg.what=131155
D/WifiStateMachine( 1016): processMsg: ConnectedState
D/WifiStateMachine( 1016): processMsg: L2ConnectedState
D/WifiStateMachine( 1016): handleMessage: X
D/WifiStateMachine( 1016): handleMessage: E msg.what=151572
D/WifiStateMachine( 1016): processMsg: ConnectedState
D/WifiStateMachine( 1016): processMsg: L2ConnectedState
D/WifiStateMachine( 1016): handleMessage: X
I/SFPerfTracer(  278):      triggers: (rate: 501:16405) (compose: 0:57) (post: 0:3) (render: 47:4349) (0:245737 frames) (1:731740)
D/SFPerfTracer(  278):        layers: (4:10) (DimLayer: 0:145)* (DimLayer: 0:163)* (FocusedStackFrame: 0:5420)* (StatusBar: 0:53995) (NavigationBar: 0:35171) (DimLayer: 0:10173)* (DimLayer: 0:1164)* (com.android.wallpaper.fall.FallWallpaper: 0:10370) (com.ghisler.android.TotalCommander/com.ghisler.android.TotalCommander.TotalCommander: 0:78)* (com.android.launcher/com.android.launcher2.Launcher: 1:86) 
D/WifiStateMachine( 1016): handleMessage: E msg.what=151572
D/WifiStateMachine( 1016): processMsg: ConnectedState
D/WifiStateMachine( 1016): processMsg: L2ConnectedState
D/WifiStateMachine( 1016): handleMessage: X
D/WifiStateMachine( 1016): handleMessage: E msg.what=151572
D/WifiStateMachine( 1016): processMsg: ConnectedState
D/WifiStateMachine( 1016): processMsg: L2ConnectedState
W/ProcessCpuTracker( 1016): Skipping unknown process pid 30166
W/ProcessCpuTracker( 1016): Skipping unknown process pid 30167
W/ProcessCpuTracker( 1016): Skipping unknown process pid 30173
W/ProcessCpuTracker( 1016): Skipping unknown process pid 30177
D/WifiStateMachine( 1016): handleMessage: X
D/WifiStateMachine( 1016): handleMessage: E msg.what=131155
D/WifiStateMachine( 1016): processMsg: ConnectedState
D/WifiStateMachine( 1016): processMsg: L2ConnectedState
D/WifiStateMachine( 1016): handleMessage: X
V/AlarmManager( 1016): sending alarm Alarm{439a8420 type 3 android}
D/WifiStateMachine( 1016): handleMessage: E msg.what=151572
D/WifiStateMachine( 1016): processMsg: ConnectedState
D/WifiStateMachine( 1016): processMsg: L2ConnectedState
D/WifiStateMachine( 1016): handleMessage: X
I/ActivityManager( 1016): START u0 {act=android.intent.action.MAIN cat=[android.intent.category.LAUNCHER] flg=0x10200000 cmp=com.giftme.fb_auth/.FB_Auth bnds=[360,385][520,585]} from pid 813
W/ContextImpl( 1231): Calling a method in the system process without a qualified user: android.app.ContextImpl.sendBroadcast:1252 android.content.ContextWrapper.sendBroadcast:365 com.motorola.motocare.util.TriggerHelper$TriggerBuilder.send:76 com.motorola.motocare.internal.frameworkevents.PauseResumeTrigger.handleFrameworkEvent:53 com.motorola.motocare.internal.frameworkevents.FwEventMonitor$FrameworkListener.processFrameworkEvent:114 
W/ContextImpl( 1231): Calling a method in the system process without a qualified user: android.app.ContextImpl.sendBroadcast:1252 android.content.ContextWrapper.sendBroadcast:365 com.motorola.motocare.util.TriggerHelper$TriggerBuilder.send:76 com.motorola.motocare.internal.frameworkevents.PauseResumeTrigger.handleFrameworkEvent:53 com.motorola.motocare.internal.frameworkevents.FwEventMonitor$FrameworkListener.processFrameworkEvent:114 
I/CordovaActivity(29584): Apache Cordova native platform version 3.7.1 is starting
D/CordovaActivity(29584): CordovaActivity.onCreate()
I/CordovaLog(29584): Changing log level to DEBUG(3)
D/CordovaActivity(29584): CordovaActivity.init()
D/CordovaActivity(29584): CordovaActivity.createViews()
D/PluginManager(29584): init()
D/CordovaWebView(29584): CordovaWebView is running on device made by: motorola
D/CordovaWebView(29584): >>> loadUrl(file:///android_asset/www/index.html)
D/CordovaWebView(29584): >>> loadUrlNow()
D/CordovaActivity(29584): Resuming the App
D/SoftKeyboardDetect(29584): Ignore this event
V/PhoneStatusBar( 1078): setLightsOn(true)
D/SoftKeyboardDetect(29584): Ignore this event
D/CordovaWebViewClient(29584): onPageStarted(file:///android_asset/www/index.html)
D/CordovaActivity(29584): onMessage(onPageStarted,file:///android_asset/www/index.html)
I/LaunchCheckinHandler( 1016): Displayed com.giftme.fb_auth/.FB_Auth,wp,ca,134
I/ActivityManager( 1016): Displayed com.giftme.fb_auth/.FB_Auth: +134ms
D/JsMessageQueue(29584): Set native->JS mode to OnlineEventsBridgeMode
I/SFPerfTracer(  278):      triggers: (rate: 501:16406) (compose: 0:57) (post: 0:3) (render: 47:4349) (0:245747 frames) (1:731840)
D/SFPerfTracer(  278):        layers: (5:11) (DimLayer: 0:145)* (DimLayer: 0:163)* (FocusedStackFrame: 0:5423)* (StatusBar: 1:54011) (NavigationBar: 1:35181) (DimLayer: 0:10173)* (DimLayer: 0:1164)* (com.android.wallpaper.fall.FallWallpaper: 0:10422) (com.android.launcher/com.android.launcher2.Launcher: 0:130) (Starting com.giftme.fb_auth: 1:17)* (com.giftme.fb_auth/com.giftme.fb_auth.FB_Auth: 1:14) 
E/rsC++   (  813): RS Message thread exiting.
D/CordovaLog(29584): file:///android_asset/www/js/app.js: Line 44 : Service initialized
I/chromium(29584): [INFO:CONSOLE(44)] "Service initialized", source: file:///android_asset/www/js/app.js (44)
D/CordovaLog(29584): file:///android_asset/www/js/app.js: Line 116 : facebookConnectPlugin not ready
I/chromium(29584): [INFO:CONSOLE(116)] "facebookConnectPlugin not ready", source: file:///android_asset/www/js/app.js (116)
D/CordovaLog(29584): https://js.stripe.com/v2/: Line 2 : You are using Stripe.js in live mode over an insecure connection. This is considered unsafe. Please conduct live requests only on sites served over https. For more info, see https://stripe.com/help/ssl
I/chromium(29584): [INFO:CONSOLE(2)] "You are using Stripe.js in live mode over an insecure connection. This is considered unsafe. Please conduct live requests only on sites served over https. For more info, see https://stripe.com/help/ssl", source: https://js.stripe.com/v2/ (2)
D/CordovaActivity(29584): onMessage(spinner,stop)
D/WifiStateMachine( 1016): handleMessage: E msg.what=151572
D/WifiStateMachine( 1016): processMsg: ConnectedState
D/WifiStateMachine( 1016): processMsg: L2ConnectedState
D/WifiStateMachine( 1016): handleMessage: X
I/SFPerfTracer(  278):       trigger: vsync rate (-29.951%)	(42.030 vps)	(23.793 ms)* 	(76 drops)	(278 vsyncs)
I/SFPerfTracer(  278):      triggers: (rate: 160:90445) (229437 sw vsyncs) (190570 skipped) (278:809657 vsyncs) (280:1139399)
D/WifiStateMachine( 1016): handleMessage: E msg.what=151572
D/WifiStateMachine( 1016): processMsg: ConnectedState
D/WifiStateMachine( 1016): processMsg: L2ConnectedState
D/WifiStateMachine( 1016): handleMessage: X
D/Ulp_jni ( 1016): Location CB invoked
D/CordovaLog(29584): file:///android_asset/www/js/app.js: Line 8 : Uncaught ReferenceError: StatusBar is not defined
I/chromium(29584): [INFO:CONSOLE(8)] "Uncaught ReferenceError: StatusBar is not defined", source: file:///android_asset/www/js/app.js (8)
W/InputMethodManagerService( 1016): Window already focused, ignoring focus gain of: com.android.internal.view.IInputMethodClient$Stub$Proxy@43512280 attribute=null, token = android.os.BinderProxy@429aca78
D/CordovaWebViewClient(29584): onPageFinished(file:///android_asset/www/index.html)
D/CordovaActivity(29584): onMessage(onPageFinished,file:///android_asset/www/index.html)
D/WifiStateMachine( 1016): handleMessage: E msg.what=131155
D/WifiStateMachine( 1016): processMsg: ConnectedState
D/WifiStateMachine( 1016): processMsg: L2ConnectedState
D/WifiStateMachine( 1016): handleMessage: X
D/WifiStateMachine( 1016): handleMessage: E msg.what=151572
D/WifiStateMachine( 1016): processMsg: ConnectedState
D/WifiStateMachine( 1016): processMsg: L2ConnectedState
D/WifiStateMachine( 1016): handleMessage: X
W/InputMethodManagerService( 1016): Window already focused, ignoring focus gain of: com.android.internal.view.IInputMethodClient$Stub$Proxy@43080fa8 attribute=null, token = android.os.BinderProxy@429aca78
I/SFPerfTracer(  278):      triggers: (rate: 501:16406) (compose: 0:57) (post: 0:3) (render: 47:4349) (6:245805 frames) (7:731944)
D/SFPerfTracer(  278):        layers: (5:13) (DimLayer: 0:145)* (DimLayer: 0:163)* (FocusedStackFrame: 0:5428)* (StatusBar: 0:54020) (NavigationBar: 0:35205) (DimLayer: 7:10227) (DimLayer: 0:1164)* (com.android.wallpaper.fall.FallWallpaper: 0:10424)* (com.android.launcher/com.android.launcher2.Launcher: 0:130)* (com.giftme.fb_auth/com.giftme.fb_auth.FB_Auth: 0:38) (com.giftme.fb_auth/com.giftme.fb_auth.FB_Auth: 0:37)* (com.giftme.fb_auth/com.giftme.fb_auth.FB_Auth: 6:31)* (com.giftme.fb_auth/com.giftme.fb_auth.FB_Auth: 7:14) 
D/WifiStateMachine( 1016): handleMessage: E msg.what=151572
D/WifiStateMachine( 1016): processMsg: ConnectedState
D/WifiStateMachine( 1016): processMsg: L2ConnectedState
D/WifiStateMachine( 1016): handleMessage: X
I/SFPerfTracer(  278):      triggers: (rate: 160:90445) (229437 sw vsyncs) (190570 skipped) (26:809756 vsyncs) (28:1139510)
I/SBar.NetworkController( 1078): onSignalStrengthsChanged SignalStrength: 12 0 -120 -160 -120 -1 -1 99 2147483647 2147483647 2147483647 2147483647 2147483647 gsm|lte 0 -108 -1 false 4 4 0 0 0 99 99 99 4 level=4
I/SBar.NetworkController( 1078): refreshSignalCluster: mobile: Signal=zz_moto_stat_sys_signal_4_fully_wide Roaming=(none) mSimIconId=(none) Accessibility="Phone signal full.","Not roaming.",""
W/InputMethodManagerService( 1016): Window already focused, ignoring focus gain of: com.android.internal.view.IInputMethodClient$Stub$Proxy@42aa30c0 attribute=null, token = android.os.BinderProxy@429aca78
E/PluginManager(29584): Uncaught exception from plugin
E/PluginManager(29584): java.lang.NullPointerException
E/PluginManager(29584): 	at org.apache.cordova.facebook.ConnectPlugin.makeGraphCall(ConnectPlugin.java:618)
E/PluginManager(29584): 	at org.apache.cordova.facebook.ConnectPlugin.execute(ConnectPlugin.java:513)
E/PluginManager(29584): 	at org.apache.cordova.CordovaPlugin.execute(CordovaPlugin.java:84)
E/PluginManager(29584): 	at org.apache.cordova.PluginManager.exec(PluginManager.java:151)
E/PluginManager(29584): 	at org.apache.cordova.CordovaBridge.jsExec(CordovaBridge.java:63)
E/PluginManager(29584): 	at org.apache.cordova.ExposedJsApi.exec(ExposedJsApi.java:40)
E/PluginManager(29584): 	at com.android.org.chromium.base.SystemMessageHandler.nativeDoRunLoopOnce(Native Method)
E/PluginManager(29584): 	at com.android.org.chromium.base.SystemMessageHandler.handleMessage(SystemMessageHandler.java:24)
E/PluginManager(29584): 	at android.os.Handler.dispatchMessage(Handler.java:102)
E/PluginManager(29584): 	at android.os.Looper.loop(Looper.java:136)
E/PluginManager(29584): 	at android.os.HandlerThread.run(HandlerThread.java:61)
D/CordovaLog(29584): file:///android_asset/www/js/HomeView.js: Line 17 : null
I/chromium(29584): [INFO:CONSOLE(17)] "null", source: file:///android_asset/www/js/HomeView.js (17)
W/ContextImpl( 1231): Calling a method in the system process without a qualified user: android.app.ContextImpl.sendBroadcast:1252 android.content.ContextWrapper.sendBroadcast:365 com.motorola.motocare.util.TriggerHelper$TriggerBuilder.send:76 com.motorola.motocare.internal.frameworkevents.ProcessKillTrigger.sendTrigger:147 com.motorola.motocare.internal.frameworkevents.ProcessKillTrigger.handleLmkKill:337 
W/ContextImpl( 1231): Calling a method in the system process without a qualified user: android.app.ContextImpl.sendBroadcast:1252 android.content.ContextWrapper.sendBroadcast:365 com.motorola.motocare.util.TriggerHelper$TriggerBuilder.send:76 com.motorola.motocare.internal.frameworkevents.ProcessKillTrigger.sendTrigger:147 com.motorola.motocare.internal.frameworkevents.ProcessKillTrigger.handleLmkKill:337 
W/ContextImpl( 1231): Calling a method in the system process without a qualified user: android.app.ContextImpl.sendBroadcast:1252 android.content.ContextWrapper.sendBroadcast:365 com.motorola.motocare.util.TriggerHelper$TriggerBuilder.send:76 com.motorola.motocare.internal.frameworkevents.ProcessKillTrigger.sendTrigger:147 com.motorola.motocare.internal.frameworkevents.ProcessKillTrigger.handleLmkKill:337 
W/ContextImpl( 1231): Calling a method in the system process without a qualified user: android.app.ContextImpl.sendBroadcast:1252 android.content.ContextWrapper.sendBroadcast:365 com.motorola.motocare.util.TriggerHelper$TriggerBuilder.send:76 com.motorola.motocare.internal.frameworkevents.ProcessKillTrigger.sendTrigger:147 com.motorola.motocare.internal.frameworkevents.ProcessKillTrigger.handleLmkKill:337 
W/ContextImpl( 1231): Calling a method in the system process without a qualified user: android.app.ContextImpl.sendBroadcast:1252 android.content.ContextWrapper.sendBroadcast:365 com.motorola.motocare.util.TriggerHelper$TriggerBuilder.send:76 com.motorola.motocare.internal.frameworkevents.ProcessKillTrigger.sendTrigger:147 com.motorola.motocare.internal.frameworkevents.ProcessKillTrigger.handleLmkKill:337 
W/ContextImpl( 1231): Calling a method in the system process without a qualified user: android.app.ContextImpl.sendBroadcast:1252 android.content.ContextWrapper.sendBroadcast:365 com.motorola.motocare.util.TriggerHelper$TriggerBuilder.send:76 com.motorola.motocare.internal.frameworkevents.ProcessKillTrigger.sendTrigger:147 com.motorola.motocare.internal.frameworkevents.ProcessKillTrigger.handleLmkKill:337 
D/dalvikvm( 1231): GC_EXPLICIT freed 1768K, 46% free 9301K/17224K, paused 1ms+2ms, total 23ms
D/WifiStateMachine( 1016): handleMessage: E msg.what=151572
D/WifiStateMachine( 1016): processMsg: ConnectedState
D/WifiStateMachine( 1016): processMsg: L2ConnectedState
D/WifiStateMachine( 1016): handleMessage: X
D/WifiStateMachine( 1016): handleMessage: E msg.what=131155
D/WifiStateMachine( 1016): processMsg: ConnectedState
D/WifiStateMachine( 1016): processMsg: L2ConnectedState
D/WifiStateMachine( 1016): handleMessage: X
D/WifiStateMachine( 1016): handleMessage: E msg.what=151572
D/WifiStateMachine( 1016): processMsg: ConnectedState
D/WifiStateMachine( 1016): processMsg: L2ConnectedState
D/WifiStateMachine( 1016): handleMessage: X
