W/View    ( 9772): requestLayout() improperly called by android.widget.TextView{429656e8 V.ED.... ......ID 417,7-504,40 #7f0b013e app:id/contactpicker_row_phone_type} during layout: running second layout pass
W/View    ( 9772): requestLayout() improperly called by com.whatsapp.TextEmojiLabel{42a42b90 V.ED.... ......ID 24,48-160,90 #7f0b013f app:id/contactpicker_row_status} during layout: running second layout pass
I/SFPerfTracer(  278):      triggers: (rate: 520:16869) (compose: 0:58) (post: 0:3) (render: 47:4389) (15:250846 frames) (16:743707)
D/SFPerfTracer(  278):        layers: (5:11) (DimLayer: 0:145)* (DimLayer: 0:163)* (FocusedStackFrame: 0:5670)* (StatusBar: 0:55694) (NavigationBar: 1:36420) (DimLayer: 0:10831)* (DimLayer: 0:1220) (com.android.wallpaper.fall.FallWallpaper: 0:12806)* (com.whatsapp/com.whatsapp.Conversation: 16:445) (Keyguard: 0:63)* (com.whatsapp/com.whatsapp.HomeActivity: 16:25) 
D/WifiStateMachine( 1016): handleMessage: E msg.what=151572
D/WifiStateMachine( 1016): processMsg: ConnectedState
D/WifiStateMachine( 1016): processMsg: L2ConnectedState
D/WifiStateMachine( 1016): handleMessage: X
W/ContextImpl( 1231): Calling a method in the system process without a qualified user: android.app.ContextImpl.sendBroadcast:1252 android.content.ContextWrapper.sendBroadcast:365 com.motorola.motocare.util.TriggerHelper$TriggerBuilder.send:76 com.motorola.motocare.internal.frameworkevents.PauseResumeTrigger.handleFrameworkEvent:53 com.motorola.motocare.internal.frameworkevents.FwEventMonitor$FrameworkListener.processFrameworkEvent:114 
W/ContextImpl( 1231): Calling a method in the system process without a qualified user: android.app.ContextImpl.sendBroadcast:1252 android.content.ContextWrapper.sendBroadcast:365 com.motorola.motocare.util.TriggerHelper$TriggerBuilder.send:76 com.motorola.motocare.internal.frameworkevents.PauseResumeTrigger.handleFrameworkEvent:53 com.motorola.motocare.internal.frameworkevents.FwEventMonitor$FrameworkListener.processFrameworkEvent:114 
D/CordovaActivity(10278): Resuming the App
V/PhoneStatusBar( 1078): setLightsOn(true)
W/IInputConnectionWrapper( 9772): showStatusIcon on inactive InputConnection
D/WifiStateMachine( 1016): handleMessage: E msg.what=151572
D/WifiStateMachine( 1016): processMsg: ConnectedState
D/WifiStateMachine( 1016): processMsg: L2ConnectedState
D/WifiStateMachine( 1016): handleMessage: X
D/WifiStateMachine( 1016): handleMessage: E msg.what=131155
D/WifiStateMachine( 1016): processMsg: ConnectedState
D/WifiStateMachine( 1016): processMsg: L2ConnectedState
D/WifiStateMachine( 1016): handleMessage: X
D/WifiStateMachine( 1016): handleMessage: E msg.what=151572
D/WifiStateMachine( 1016): processMsg: ConnectedState
D/WifiStateMachine( 1016): processMsg: L2ConnectedState
I/SFPerfTracer(  278):      triggers: (rate: 167:94063) (230107 sw vsyncs) (197573 skipped) (79:823458 vsyncs) (81:1157383)
D/WifiStateMachine( 1016): handleMessage: X
I/SFPerfTracer(  278):      triggers: (rate: 520:16869) (compose: 0:58) (post: 0:3) (render: 47:4389) (0:250904 frames) (1:743807)
D/SFPerfTracer(  278):        layers: (3:11) (DimLayer: 0:145)* (DimLayer: 0:163)* (FocusedStackFrame: 0:5676)* (StatusBar: 0:55696) (NavigationBar: 0:36466) (DimLayer: 0:10831)* (DimLayer: 0:1223)* (com.android.wallpaper.fall.FallWallpaper: 0:12806)* (com.whatsapp/com.whatsapp.Conversation: 0:448)* (com.whatsapp/com.whatsapp.HomeActivity: 0:70)* (com.giftme.fb_auth/com.giftme.fb_auth.FB_Auth: 1:54) 
D/WifiStateMachine( 1016): handleMessage: E msg.what=151572
D/WifiStateMachine( 1016): processMsg: ConnectedState
D/WifiStateMachine( 1016): processMsg: L2ConnectedState
D/WifiStateMachine( 1016): handleMessage: X
I/KInfoc  (30130): Auto Post
D/WifiStateMachine( 1016): handleMessage: E msg.what=151572
D/WifiStateMachine( 1016): processMsg: ConnectedState
D/WifiStateMachine( 1016): processMsg: L2ConnectedState
D/WifiStateMachine( 1016): handleMessage: X
D/WifiStateMachine( 1016): handleMessage: E msg.what=131155
D/WifiStateMachine( 1016): processMsg: ConnectedState
D/WifiStateMachine( 1016): processMsg: L2ConnectedState
D/WifiStateMachine( 1016): handleMessage: X
D/WifiStateMachine( 1016): handleMessage: E msg.what=151572
D/WifiStateMachine( 1016): processMsg: ConnectedState
D/WifiStateMachine( 1016): processMsg: L2ConnectedState
D/WifiStateMachine( 1016): handleMessage: X
D/WifiStateMachine( 1016): handleMessage: E msg.what=151572
D/WifiStateMachine( 1016): processMsg: ConnectedState
D/WifiStateMachine( 1016): processMsg: L2ConnectedState
D/WifiStateMachine( 1016): handleMessage: X
D/Ulp_jni ( 1016): Location CB invoked
D/WifiStateMachine( 1016): handleMessage: E msg.what=151572
D/WifiStateMachine( 1016): processMsg: ConnectedState
D/WifiStateMachine( 1016): processMsg: L2ConnectedState
D/WifiStateMachine( 1016): handleMessage: X
D/WifiStateMachine( 1016): handleMessage: E msg.what=131155
D/WifiStateMachine( 1016): processMsg: ConnectedState
D/WifiStateMachine( 1016): processMsg: L2ConnectedState
D/WifiStateMachine( 1016): handleMessage: X
V/PanelView( 1078): animationTick called with dtms=0; nothing to do (h=326.74472 v=2129.1975)
V/PanelView( 1078): animationTick called with dtms=-3; nothing to do (h=326.74472 v=2129.1975)
D/WifiStateMachine( 1016): handleMessage: E msg.what=151572
D/WifiStateMachine( 1016): processMsg: ConnectedState
D/WifiStateMachine( 1016): processMsg: L2ConnectedState
D/WifiStateMachine( 1016): handleMessage: X
I/SBar.NetworkController( 1078): onSignalStrengthsChanged SignalStrength: 7 0 -120 -160 -120 -1 -1 99 2147483647 2147483647 2147483647 2147483647 2147483647 gsm|lte 0 -108 -1 false 2 2 0 0 0 99 99 99 4 level=2
I/SFPerfTracer(  278):      triggers: (rate: 167:94063) (230107 sw vsyncs) (197573 skipped) (66:823559 vsyncs) (68:1157495)
D/WifiStateMachine( 1016): handleMessage: E msg.what=151572
D/WifiStateMachine( 1016): processMsg: ConnectedState
D/WifiStateMachine( 1016): processMsg: L2ConnectedState
D/WifiStateMachine( 1016): handleMessage: X
D/dalvikvm( 1078): GC_CONCURRENT freed 2147K, 27% free 14263K/19456K, paused 3ms+6ms, total 62ms
V/PanelView( 1078): animationTick called with dtms=0; nothing to do (h=900.2217 v=-1985.7512)
V/PanelView( 1078): animationTick called with dtms=-15; nothing to do (h=900.2217 v=-1985.7512)
D/KInfoc  (30130): clear batch timer
D/KInfoc  (30130): set batch timer
D/KInfoc  (30130):  BATCH REPORTER STARTED ........
W/InputMethodManagerService( 1016): Window already focused, ignoring focus gain of: com.android.internal.view.IInputMethodClient$Stub$Proxy@43105468 attribute=null, token = android.os.BinderProxy@428c4800
V/PhoneStatusBar( 1078): setLightsOn(true)
D/MDMCTBK (  276): reply_len: 40 reply is = IFNAME=wlan0 <3>CTRL-EVENT-STATE-CHANGE 
D/MDMCTBK (  276): Event received = CTRL-EVENT-STATE-CHANGE 
I/wpa_supplicant( 1178): wlan0: WPA: Group rekeying completed with 70:54:d2:ae:26:93 [GTK=TKIP]
D/MDMCTBK (  276): reply_len: 40 reply is = IFNAME=wlan0 <3>WPA: Group rekeying comp
D/MDMCTBK (  276): Event received = WPA: Group rekeying comp
D/WifiStateMachine( 1016): handleMessage: E msg.what=147462
D/WifiStateMachine( 1016): processMsg: ConnectedState
D/MDMCTBK (  276): reply_len: 40 reply is = IFNAME=wlan0 <3>CTRL-EVENT-STATE-CHANGE 
D/MDMCTBK (  276): Event received = CTRL-EVENT-STATE-CHANGE 
D/WifiStateMachine( 1016): processMsg: L2ConnectedState
D/WifiStateMachine( 1016): processMsg: ConnectModeState
D/WifiStateMachine( 1016): handleMessage: X
D/WifiStateMachine( 1016): handleMessage: E msg.what=147462
D/WifiStateMachine( 1016): processMsg: ConnectedState
D/WifiStateMachine( 1016): processMsg: L2ConnectedState
D/WifiStateMachine( 1016): processMsg: ConnectModeState
D/WifiStateMachine( 1016): handleMessage: X
D/WifiStateMachine( 1016): handleMessage: E msg.what=151572
D/WifiStateMachine( 1016): processMsg: ConnectedState
D/WifiStateMachine( 1016): processMsg: L2ConnectedState
D/WifiStateMachine( 1016): handleMessage: X
D/WifiStateMachine( 1016): handleMessage: E msg.what=131155
D/WifiStateMachine( 1016): processMsg: ConnectedState
D/WifiStateMachine( 1016): processMsg: L2ConnectedState
D/WifiStateMachine( 1016): handleMessage: X
D/CordovaWebView(10278): The current URL is: file:///android_asset/www/index.html
D/CordovaWebView(10278): The URL at item 0 is: file:///android_asset/www/index.html
W/ContextImpl( 1231): Calling a method in the system process without a qualified user: android.app.ContextImpl.sendBroadcast:1252 android.content.ContextWrapper.sendBroadcast:365 com.motorola.motocare.util.TriggerHelper$TriggerBuilder.send:76 com.motorola.motocare.internal.frameworkevents.PauseResumeTrigger.handleFrameworkEvent:53 com.motorola.motocare.internal.frameworkevents.FwEventMonitor$FrameworkListener.processFrameworkEvent:114 
D/CordovaActivity(10278): Paused the application!
D/CordovaWebView(10278): Handle the pause
W/ContextImpl( 1231): Calling a method in the system process without a qualified user: android.app.ContextImpl.sendBroadcast:1252 android.content.ContextWrapper.sendBroadcast:365 com.motorola.motocare.util.TriggerHelper$TriggerBuilder.send:76 com.motorola.motocare.internal.frameworkevents.PauseResumeTrigger.handleFrameworkEvent:53 com.motorola.motocare.internal.frameworkevents.FwEventMonitor$FrameworkListener.processFrameworkEvent:114 
I/Adreno-EGL(26568): <qeglDrvAPI_eglInitialize:410>: EGL 1.4 QUALCOMM build: AU_LINUX_ANDROID_LNX.LA.3.5.1_RB1.04.04.02.048.018_msm8226_LNX.LA.3.5.1_RB1__release_AU ()
I/Adreno-EGL(26568): OpenGL ES Shader Compiler Version: E031.24.00.08
I/Adreno-EGL(26568): Build Date: 03/07/14 Fri
I/Adreno-EGL(26568): Local Branch: 
I/Adreno-EGL(26568): Remote Branch: quic/LNX.LA.3.5.1_RB1.1
I/Adreno-EGL(26568): Local Patches: NONE
I/Adreno-EGL(26568): Reconstruct Branch: AU_LINUX_ANDROID_LNX.LA.3.5.1_RB1.04.04.02.048.018 + f2fd134 +  NOTHING
W/IInputConnectionWrapper(10278): showStatusIcon on inactive InputConnection
I/ActivityManager( 1016): Process com.mobisystems.ubreader_west (pid 12874) has died.
E/cutils  (  261): Failed to mkdirat(/storage/sdcard1/Android): Read-only file system
W/Vold    (  261): Returning OperationFailed - no handler for errno 30
F/ProcessStats( 1016): Starting service ServiceState{43a506e8 com.tranzmate.services.LocationService pkg=com.tranzmate proc=43a506e8} without owner
W/ContextImpl(26568): Failed to ensure directory: /storage/sdcard1/Android/data/com.ghisler.android.TotalCommander/files
I/SFPerfTracer(  278):      triggers: (rate: 520:16873) (compose: 0:58) (post: 0:3) (render: 47:4389) (18:250988 frames) (19:743916)
D/SFPerfTracer(  278):        layers: (4:10) (DimLayer: 0:145)* (DimLayer: 0:163)* (FocusedStackFrame: 1:5679)* (StatusBar: 0:55763) (NavigationBar: 19:36502) (DimLayer: 0:10831)* (DimLayer: 1:1224) (com.android.wallpaper.fall.FallWallpaper: 0:12806)* (com.giftme.fb_auth/com.giftme.fb_auth.FB_Auth: 18:79) (com.ghisler.android.TotalCommander/com.ghisler.android.TotalCommander.TotalCommander: 1:9)* 
D/WifiStateMachine( 1016): handleMessage: E msg.what=151572
D/WifiStateMachine( 1016): processMsg: ConnectedState
D/WifiStateMachine( 1016): processMsg: L2ConnectedState
D/WifiStateMachine( 1016): handleMessage: X
W/ManagedEGLContext(10278): doTerminate failed: EGL count is 2 but managed count is 1
D/CordovaActivity(10278): CordovaActivity.onDestroy()
D/CordovaWebView(10278): >>> loadUrlNow()
D/CordovaWebViewClient(10278): onPageFinished(about:blank)
D/CordovaActivity(10278): onMessage(onPageFinished,about:blank)
D/CordovaActivity(10278): onMessage(exit,null)
I/SFPerfTracer(  278):      triggers: (rate: 167:94063) (230107 sw vsyncs) (197573 skipped) (84:823681 vsyncs) (86:1157622)
I/ActivityManager( 1016): Process com.linkedin.android (pid 13013) has died.
D/WifiStateMachine( 1016): handleMessage: E msg.what=151572
D/WifiStateMachine( 1016): processMsg: ConnectedState
D/WifiStateMachine( 1016): processMsg: L2ConnectedState
D/WifiStateMachine( 1016): handleMessage: X
I/SBar.NetworkController( 1078): refreshSignalCluster: mobile: mHasMobileDataFeature=true DataTypeShown=(none) Activity=(none) in=false out=false Accessibility="3G"
D/WifiStateMachine( 1016): handleMessage: E msg.what=151572
D/WifiStateMachine( 1016): processMsg: ConnectedState
D/WifiStateMachine( 1016): processMsg: L2ConnectedState
D/WifiStateMachine( 1016): handleMessage: X
I/SBar.NetworkController( 1078): refreshSignalCluster: mobile: Signal=zz_moto_stat_sys_signal_2_fully_wide Roaming=(none) mSimIconId=(none) Accessibility="Phone two bars.","Not roaming.",""
D/WifiStateMachine( 1016): handleMessage: E msg.what=131155
D/WifiStateMachine( 1016): processMsg: ConnectedState
D/WifiStateMachine( 1016): processMsg: L2ConnectedState
D/WifiStateMachine( 1016): handleMessage: X
E/cutils  (  261): Failed to mkdirat(/storage/sdcard1/Android): Read-only file system
W/Vold    (  261): Returning OperationFailed - no handler for errno 30
W/ContextImpl(26568): Failed to ensure directory: /storage/sdcard1/Android/data/com.ghisler.android.TotalCommander/files
I/SFPerfTracer(  278):      triggers: (rate: 520:16873) (compose: 0:58) (post: 0:3) (render: 47:4389) (0:251011 frames) (1:744016)
D/SFPerfTracer(  278):        layers: (3:10) (DimLayer: 0:145)* (DimLayer: 0:163)* (FocusedStackFrame: 0:5680)* (StatusBar: 0:55767) (NavigationBar: 1:36548) (DimLayer: 0:10831)* (DimLayer: 0:1225)* (com.android.wallpaper.fall.FallWallpaper: 0:12806)* (com.giftme.fb_auth/com.giftme.fb_auth.FB_Auth: 0:80)* (com.ghisler.android.TotalCommander/com.ghisler.android.TotalCommander.TotalCommander: 0:81) 
D/WifiStateMachine( 1016): handleMessage: E msg.what=151572
D/WifiStateMachine( 1016): processMsg: ConnectedState
D/WifiStateMachine( 1016): processMsg: L2ConnectedState
D/WifiStateMachine( 1016): handleMessage: X
I/SFPerfTracer(  278):      triggers: (rate: 167:94063) (230107 sw vsyncs) (197573 skipped) (43:823777 vsyncs) (45:1157729)
W/ContextImpl( 1231): Calling a method in the system process without a qualified user: android.app.ContextImpl.sendBroadcast:1252 android.content.ContextWrapper.sendBroadcast:365 com.motorola.motocare.util.TriggerHelper$TriggerBuilder.send:76 com.motorola.motocare.internal.frameworkevents.PauseResumeTrigger.handleFrameworkEvent:53 com.motorola.motocare.internal.frameworkevents.FwEventMonitor$FrameworkListener.processFrameworkEvent:114 
W/ContextImpl( 1231): Calling a method in the system process without a qualified user: android.app.ContextImpl.sendBroadcast:1252 android.content.ContextWrapper.sendBroadcast:365 com.motorola.motocare.util.TriggerHelper$TriggerBuilder.send:76 com.motorola.motocare.internal.frameworkevents.PauseResumeTrigger.handleFrameworkEvent:53 com.motorola.motocare.internal.frameworkevents.FwEventMonitor$FrameworkListener.processFrameworkEvent:114 
E/AppsCustomizePagedView(  813): Widget ComponentInfo{com.devexpert.weather/com.devexpert.weather.view.WidgetWeather5x1Cur} can not fit on this device (736, 80)
E/AppsCustomizePagedView(  813): Widget ComponentInfo{com.devexpert.weather/com.devexpert.weather.view.WidgetWeather5x1} can not fit on this device (736, 80)
E/AppsCustomizePagedView(  813): Widget ComponentInfo{com.devexpert.weather/com.devexpert.weather.view.WidgetWeather5x2LC} can not fit on this device (736, 220)
E/AppsCustomizePagedView(  813): Widget ComponentInfo{com.devexpert.weather/com.devexpert.weather.view.WidgetWeather5x2} can not fit on this device (736, 220)
E/AppsCustomizePagedView(  813): Widget ComponentInfo{com.devexpert.weather/com.devexpert.weather.view.WidgetWeather5x3} can not fit on this device (736, 330)
I/Adreno-EGL(  813): <qeglDrvAPI_eglInitialize:410>: EGL 1.4 QUALCOMM build: AU_LINUX_ANDROID_LNX.LA.3.5.1_RB1.04.04.02.048.018_msm8226_LNX.LA.3.5.1_RB1__release_AU ()
I/Adreno-EGL(  813): OpenGL ES Shader Compiler Version: E031.24.00.08
I/Adreno-EGL(  813): Build Date: 03/07/14 Fri
I/Adreno-EGL(  813): Local Branch: 
I/Adreno-EGL(  813): Remote Branch: quic/LNX.LA.3.5.1_RB1.1
I/Adreno-EGL(  813): Local Patches: NONE
I/Adreno-EGL(  813): Reconstruct Branch: AU_LINUX_ANDROID_LNX.LA.3.5.1_RB1.04.04.02.048.018 + f2fd134 +  NOTHING
V/RenderScript(  813): 0x641fcc70 Launching thread(s), CPUs 4
D/WifiStateMachine( 1016): handleMessage: E msg.what=151572
D/WifiStateMachine( 1016): processMsg: ConnectedState
D/WifiStateMachine( 1016): processMsg: L2ConnectedState
D/WifiStateMachine( 1016): handleMessage: X
D/dalvikvm(26568): GC_EXPLICIT freed 1046K, 42% free 10128K/17224K, paused 1ms+4ms, total 24ms
D/WifiStateMachine( 1016): handleMessage: E msg.what=151572
D/WifiStateMachine( 1016): processMsg: ConnectedState
D/WifiStateMachine( 1016): processMsg: L2ConnectedState
D/WifiStateMachine( 1016): handleMessage: X
D/WifiStateMachine( 1016): handleMessage: E msg.what=131155
D/WifiStateMachine( 1016): processMsg: ConnectedState
D/WifiStateMachine( 1016): processMsg: L2ConnectedState
D/WifiStateMachine( 1016): handleMessage: X
D/Ulp_jni ( 1016): Location CB invoked
I/SFPerfTracer(  278):      triggers: (rate: 520:16873) (compose: 0:58) (post: 0:3) (render: 47:4389) (0:251040 frames) (1:744116)
D/SFPerfTracer(  278):        layers: (4:10) (DimLayer: 0:145)* (DimLayer: 0:163)* (FocusedStackFrame: 0:5684)* (StatusBar: 0:55787) (NavigationBar: 0:36618) (DimLayer: 0:10831)* (DimLayer: 0:1225)* (com.android.wallpaper.fall.FallWallpaper: 1:12837) (com.ghisler.android.TotalCommander/com.ghisler.android.TotalCommander.TotalCommander: 0:105)* (com.android.launcher/com.android.launcher2.Launcher: 0:12) 
D/WifiStateMachine( 1016): handleMessage: E msg.what=151572
D/WifiStateMachine( 1016): processMsg: ConnectedState
D/WifiStateMachine( 1016): processMsg: L2ConnectedState
D/WifiStateMachine( 1016): handleMessage: X
V/AlarmManager( 1016): sending alarm Alarm{4344df78 type 3 android}
D/WifiStateMachine( 1016): handleMessage: E msg.what=151572
D/WifiStateMachine( 1016): processMsg: ConnectedState
D/WifiStateMachine( 1016): processMsg: L2ConnectedState
D/WifiStateMachine( 1016): handleMessage: X
I/IsUpdateNow(12991): 98:60
V/GmsNetworkLocationProvi(31965): onSetRequest: ProviderRequestUnbundled, reportLocation is true and interval is 0
V/GmsNetworkLocationProvi(31965): SET-REQUEST
V/GmsNetworkLocationProvi(31965): in Handler: ProviderRequestUnbundled, reportLocation is true and interval is 20000
D/Wiper_jni( 1016): wifiRequestEventCb invoked
D/LBSSystemMonitorService( 1016): handleMessage what - 2
D/Wiper_jni( 1016): wifiRequestEventCb invoked
D/LBSSystemMonitorService( 1016): handleMessage what - 2
V/GmsNetworkLocationProvi(31965): onSetRequest: ProviderRequestUnbundled, reportLocation is true and interval is 0
V/GmsNetworkLocationProvi(31965): SET-REQUEST
V/GmsNetworkLocationProvi(31965): in Handler: ProviderRequestUnbundled, reportLocation is true and interval is 20000
D/WifiService( 1016): acquireWifiLockLocked: WifiLock{NlpWifiLock type=2 binder=android.os.BinderProxy@4395aa98}
D/WifiStateMachine( 1016): handleMessage: E msg.what=131143
D/WifiStateMachine( 1016): processMsg: ConnectedState
D/WifiStateMachine( 1016): processMsg: L2ConnectedState
D/WifiStateMachine( 1016): handleMessage: X
D/ConnectivityService( 1016): startUsingNetworkFeature reconnecting to 0: enableSUPL
D/ConnectivityService( 1016): startUsingNetworkFeature X: return APN_REQUEST_STARTED
D/MobileDataStateTracker( 1016): supl: Broadcast received: android.intent.action.ANY_DATA_STATE apnType=supl
D/MobileDataStateTracker( 1016): supl: Received state=CONNECTING, old=DISCONNECTED, reason=dataEnabled
D/MobileDataStateTracker( 1016): supl: setDetailed state, old =IDLE and new state=CONNECTING
I/ActivityManager( 1016): Start proc com.android.mms for broadcast com.android.mms/.transaction.MmsSystemEventReceiver: pid=13246 uid=10031 gids={50031, 3003, 1028, 1015}
V/MmsConfig(13246): mnc/mcc: 27203
V/MmsConfig(13246): tag: bool value: enabledMMS - true
V/MmsConfig(13246): tag: int value: maxMessageSize - 307200
V/MmsConfig(13246): tag: int value: maxImageHeight - 1944
V/MmsConfig(13246): tag: int value: maxImageWidth - 2592
V/MmsConfig(13246): tag: int value: defaultSMSMessagesPerThread - 500
V/MmsConfig(13246): tag: int value: defaultMMSMessagesPerThread - 50
V/MmsConfig(13246): tag: int value: minMessageCountPerThread - 10
V/MmsConfig(13246): tag: int value: maxMessageCountPerThread - 5000
V/MmsConfig(13246): tag: int value: recipientLimit - 20
V/MmsConfig(13246): tag: bool value: enableMultipartSMS - true
V/MmsConfig(13246): tag: int value: smsToMmsTextThreshold - 6
V/MmsConfig(13246): tag: bool value: enableSlideDuration - true
V/MmsConfig(13246): tag: int value: maxMessageTextSize - -1
V/MmsConfig(13246): tag: int value: maxSubjectLength - 80
V/MmsConfig(13246): tag: bool value: smsForceShowEncodingMenu - true
V/MmsConfig(13246): tag: bool value: smsForce7BitEncoding - false
V/MmsConfig(13246): tag: bool value: enableGroupMms - false
E/MmsConfig(13246): MmsConfig.loadMmsSettings mms_config.xml missing uaProfUrl setting
D/WifiStateMachine( 1016): handleMessage: E msg.what=131143
D/WifiStateMachine( 1016): processMsg: ConnectedState
D/WifiStateMachine( 1016): processMsg: L2ConnectedState
D/WifiStateMachine( 1016): handleMessage: X
F/ProcessStats( 1016): Starting service ServiceState{43a506e8 com.tranzmate.services.LocationService pkg=com.tranzmate proc=43a506e8} without owner
D/MDMCTBK (  276): reply_len: 40 reply is = IFNAME=wlan0 <3>CTRL-EVENT-BSS-ADDED 217
D/MDMCTBK (  276): Event received = CTRL-EVENT-BSS-ADDED 217
D/MDMCTBK (  276): reply_len: 40 reply is = IFNAME=wlan0 <3>CTRL-EVENT-BSS-REMOVED 2
D/MDMCTBK (  276): Event received = CTRL-EVENT-BSS-REMOVED 2
D/MDMCTBK (  276): reply_len: 40 reply is = IFNAME=wlan0 <3>CTRL-EVENT-BSS-REMOVED 2
D/MDMCTBK (  276): Event received = CTRL-EVENT-BSS-REMOVED 2
D/MDMCTBK (  276): reply_len: 40 reply is = IFNAME=wlan0 <3>CTRL-EVENT-SCAN-RESULTS 
D/MDMCTBK (  276): Event received = CTRL-EVENT-SCAN-RESULTS 
D/TCMD    ( 2001): NL - Read 56 bytes from update socket.
D/TCMD    ( 2001): NL - message type is RTM_NEWLINK
D/TCMD    ( 2001): Listening for incoming client connection request
D/WifiStateMachine( 1016): handleMessage: E msg.what=147461
D/WifiStateMachine( 1016): processMsg: ConnectedState
D/WifiStateMachine( 1016): processMsg: L2ConnectedState
D/WifiStateMachine( 1016): processMsg: ConnectModeState
D/WifiStateMachine( 1016): processMsg: DriverStartedState
D/WifiStateMachine( 1016): processMsg: SupplicantStartedState
D/WifiStateMachine( 1016): handleMessage: X
I/ActivityManager( 1016): START u0 {act=android.intent.action.MAIN cat=[android.intent.category.LAUNCHER] flg=0x10200000 pkg=com.whatsapp cmp=com.whatsapp/.Main bnds=[360,185][520,385]} from pid 813
D/dalvikvm( 1016): JIT code cache reset in 3 ms (1536000 bytes 37/0)
D/dalvikvm( 1016): GC_FOR_ALLOC freed 2512K, 27% free 29388K/40112K, paused 125ms, total 127ms
W/ContextImpl( 1231): Calling a method in the system process without a qualified user: android.app.ContextImpl.sendBroadcast:1252 android.content.ContextWrapper.sendBroadcast:365 com.motorola.motocare.util.TriggerHelper$TriggerBuilder.send:76 com.motorola.motocare.internal.frameworkevents.PauseResumeTrigger.handleFrameworkEvent:53 com.motorola.motocare.internal.frameworkevents.FwEventMonitor$FrameworkListener.processFrameworkEvent:114 
W/ContextImpl( 1231): Calling a method in the system process without a qualified user: android.app.ContextImpl.sendBroadcast:1252 android.content.ContextWrapper.sendBroadcast:365 com.motorola.motocare.util.TriggerHelper$TriggerBuilder.send:76 com.motorola.motocare.internal.frameworkevents.PauseResumeTrigger.handleFrameworkEvent:53 com.motorola.motocare.internal.frameworkevents.FwEventMonitor$FrameworkListener.processFrameworkEvent:114 
I/ActivityManager( 1016): START u0 {cmp=com.whatsapp/.HomeActivity} from pid 9772
W/ContextImpl( 1231): Calling a method in the system process without a qualified user: android.app.ContextImpl.sendBroadcast:1252 android.content.ContextWrapper.sendBroadcast:365 com.motorola.motocare.util.TriggerHelper$TriggerBuilder.send:76 com.motorola.motocare.internal.frameworkevents.PauseResumeTrigger.handleFrameworkEvent:53 com.motorola.motocare.internal.frameworkevents.FwEventMonitor$FrameworkListener.processFrameworkEvent:114 
W/ContextImpl( 1231): Calling a method in the system process without a qualified user: android.app.ContextImpl.sendBroadcast:1252 android.content.ContextWrapper.sendBroadcast:365 com.motorola.motocare.util.TriggerHelper$TriggerBuilder.send:76 com.motorola.motocare.internal.frameworkevents.PauseResumeTrigger.handleFrameworkEvent:53 com.motorola.motocare.internal.frameworkevents.FwEventMonitor$FrameworkListener.processFrameworkEvent:114 
D/WifiStateMachine( 1016): handleMessage: E msg.what=151572
D/WifiStateMachine( 1016): processMsg: ConnectedState
D/WifiStateMachine( 1016): processMsg: L2ConnectedState
D/WifiStateMachine( 1016): handleMessage: X
I/LaunchCheckinHandler( 1016): Displayed com.whatsapp/.HomeActivity,wp,ca,240
I/LaunchCheckinHandler( 1016): Displayed com.whatsapp/.Main,wp,ca,309 (total)
I/ActivityManager( 1016): Displayed com.whatsapp/.HomeActivity: +240ms (total +309ms)
D/WifiStateMachine( 1016): handleMessage: E msg.what=131155
D/WifiStateMachine( 1016): processMsg: ConnectedState
D/WifiStateMachine( 1016): processMsg: L2ConnectedState
D/WifiStateMachine( 1016): handleMessage: X
D/dalvikvm( 9772): GC_CONCURRENT freed 1185K, 10% free 18856K/20828K, paused 5ms+13ms, total 60ms
W/View    ( 9772): requestLayout() improperly called by com.whatsapp.TextEmojiLabel{427ad8c8 V.ED.... ......ID 0,0-226,48 #7f0b013d app:id/contactpicker_row_name} during layout: running second layout pass
W/View    ( 9772): requestLayout() improperly called by android.widget.TextView{4296c6f0 V.ED.... ......ID 426,7-504,40 #7f0b013e app:id/contactpicker_row_phone_type} during layout: running second layout pass
W/View    ( 9772): requestLayout() improperly called by com.whatsapp.TextEmojiLabel{4292c6e0 V.ED.... ......ID 24,48-146,90 #7f0b013f app:id/contactpicker_row_status} during layout: running second layout pass
W/View    ( 9772): requestLayout() improperly called by com.whatsapp.TextEmojiLabel{42960ac0 V.ED.... ......ID 0,0-223,48 #7f0b013d app:id/contactpicker_row_name} during layout: running second layout pass
W/View    ( 9772): requestLayout() improperly called by android.widget.TextView{429c9eb0 V.ED.... ......ID 417,7-504,40 #7f0b013e app:id/contactpicker_row_phone_type} during layout: running second layout pass
W/View    ( 9772): requestLayout() improperly called by com.whatsapp.TextEmojiLabel{4298d798 V.ED.... ......ID 24,48-469,90 #7f0b013f app:id/contactpicker_row_status} during layout: running second layout pass
W/View    ( 9772): requestLayout() improperly called by com.whatsapp.TextEmojiLabel{429c79e0 V.ED.... ......ID 0,0-229,48 #7f0b013d app:id/contactpicker_row_name} during layout: running second layout pass
W/View    ( 9772): requestLayout() improperly called by android.widget.TextView{42bde158 V.ED.... ......ID 426,7-504,40 #7f0b013e app:id/contactpicker_row_phone_type} during layout: running second layout pass
W/View    ( 9772): requestLayout() improperly called by com.whatsapp.TextEmojiLabel{42a2e900 V.ED.... ......ID 24,48-469,90 #7f0b013f app:id/contactpicker_row_status} during layout: running second layout pass
W/View    ( 9772): requestLayout() improperly called by com.whatsapp.TextEmojiLabel{42a42b90 V.ED.... ......ID 0,0-384,48 #7f0b013d app:id/contactpicker_row_name} during layout: running second layout pass
W/View    ( 9772): requestLayout() improperly called by android.widget.TextView{428d1898 V.ED.... ......ID 417,7-504,40 #7f0b013e app:id/contactpicker_row_phone_type} during layout: running second layout pass
W/View    ( 9772): requestLayout() improperly called by com.whatsapp.TextEmojiLabel{42a4e370 V.ED.... ......ID 24,48-91,90 #7f0b013f app:id/contactpicker_row_status} during layout: running second layout pass
W/View    ( 9772): requestLayout() improperly called by com.whatsapp.TextEmojiLabel{42ba6378 V.ED.... ......ID 0,0-225,48 #7f0b013d app:id/contactpicker_row_name} during layout: running second layout pass
W/View    ( 9772): requestLayout() improperly called by android.widget.TextView{42b4c808 V.ED.... ......ID 426,7-504,40 #7f0b013e app:id/contactpicker_row_phone_type} during layout: running second layout pass
W/View    ( 9772): requestLayout() improperly called by com.whatsapp.TextEmojiLabel{42c58128 V.ED.... ......ID 24,48-160,90 #7f0b013f app:id/contactpicker_row_status} during layout: running second layout pass
W/View    ( 9772): requestLayout() improperly called by com.whatsapp.TextEmojiLabel{42d4c718 V.ED.... ......ID 0,0-426,48 #7f0b013d app:id/contactpicker_row_name} during layout: running second layout pass
W/View    ( 9772): requestLayout() improperly called by android.widget.TextView{42d578b0 V.ED.... ......ID 426,7-504,40 #7f0b013e app:id/contactpicker_row_phone_type} during layout: running second layout pass
W/View    ( 9772): requestLayout() improperly called by com.whatsapp.TextEmojiLabel{429d4150 V.ED.... ......ID 24,48-469,90 #7f0b013f app:id/contactpicker_row_status} during layout: running second layout pass
W/View    ( 9772): requestLayout() improperly called by com.whatsapp.TextEmojiLabel{42ac7f88 V.ED.... ......ID 0,0-417,48 #7f0b013d app:id/contactpicker_row_name} during layout: running second layout pass
W/View    ( 9772): requestLayout() improperly called by android.widget.TextView{42887a60 V.ED.... ......ID 417,7-504,40 #7f0b013e app:id/contactpicker_row_phone_type} during layout: running second layout pass
W/View    ( 9772): requestLayout() improperly called by com.whatsapp.TextEmojiLabel{42921c78 V.ED.... ......ID 24,48-160,90 #7f0b013f app:id/contactpicker_row_status} during layout: running second layout pass
E/rsC++   (  813): RS Message thread exiting.
W/ProcessCpuTracker( 1016): Skipping unknown process pid 13267
W/ProcessCpuTracker( 1016): Skipping unknown process pid 13270
W/ProcessCpuTracker( 1016): Skipping unknown process pid 13279
W/ProcessCpuTracker( 1016): Skipping unknown process pid 13280
D/WifiStateMachine( 1016): handleMessage: E msg.what=151572
D/WifiStateMachine( 1016): processMsg: ConnectedState
D/WifiStateMachine( 1016): processMsg: L2ConnectedState
D/WifiStateMachine( 1016): handleMessage: X
I/SFPerfTracer(  278):       trigger: vsync rate (-50.321%)	(29.807 vps)	(33.549 ms)* 	(95 drops)	(147 vsyncs)
I/SFPerfTracer(  278):      triggers: (rate: 168:94158) (230107 sw vsyncs) (197769 skipped) (147:823924 vsyncs) (149:1157878)
D/WifiStateMachine( 1016): handleMessage: E msg.what=151572
D/WifiStateMachine( 1016): processMsg: ConnectedState
D/WifiStateMachine( 1016): processMsg: L2ConnectedState
D/WifiStateMachine( 1016): handleMessage: X
I/SBar.NetworkController( 1078): onSignalStrengthsChanged SignalStrength: 8 0 -120 -160 -120 -1 -1 99 2147483647 2147483647 2147483647 2147483647 2147483647 gsm|lte 0 -108 -1 false 3 3 0 0 0 99 99 99 4 level=3
I/SBar.NetworkController( 1078): refreshSignalCluster: mobile: Signal=zz_moto_stat_sys_signal_3_fully_wide Roaming=(none) mSimIconId=(none) Accessibility="Phone three bars.","Not roaming.",""
D/TCMD    ( 2001): NL - Read 984 bytes from update socket.
D/TCMD    ( 2001): NL - message type is RTM_NEWLINK
D/TCMD    ( 2001): Listening for incoming client connection request
D/TCMD    ( 2001): NL - Read 52 bytes from update socket.
D/TCMD    ( 2001): NL - ignore NL message, type = 20
D/TCMD    ( 2001): Listening for incoming client connection request
D/TCMD    ( 2001): NL - Read 52 bytes from update socket.
D/TCMD    ( 2001): NL - ignore NL message, type = 21
D/TCMD    ( 2001): Listening for incoming client connection request
E/Diag_Lib( 1255): qmi_client [1255] 14: Received 65 bytes on fd = 116
E/Diag_Lib( 1255): qmi_service.c RX indication for conn=0, srvc=1
E/Diag_Lib( 1255): Processing indication: Mesage4 ID=  34, Service ID = 1
E/Diag_Lib( 1255): Client 330100 gets indication callback
D/TCMD    ( 2001): NL - Read 52 bytes from update socket.
D/TCMD    ( 2001): NL - ignore NL message, type = 20
D/TCMD    ( 2001): Listening for incoming client connection request
D/TCMD    ( 2001): NL - Read 984 bytes from update socket.
D/TCMD    ( 2001): NL - message type is RTM_NEWLINK
D/TCMD    ( 2001): Listening for incoming client connection request
I/MDMCTBK (  276): updateDataState new_state=1, old_state=0
E/MDMCTBK (  276): MdmCutbackHndlerUpdateDataState+
I/MDMCTBK (  276): get_property_value, Enter
I/MDMCTBK (  276): get_property_value, Values read from property=1,0,0,0,0,0,1,0,0,0,1,0, length=23
I/MDMCTBK (  276): get_property_value, Exit
I/MDMCTBK (  276): MdmCutbackHndler,updateDataCallState new_data_state=1, old_data_state = 0
I/MDMCTBK (  276): MdmCutbackHndler,updateDataCallState data_call is up wlan_int =1
I/MDMCTBK (  276): MdmCutbackHndler Status: Qmi =1, cg=0, ep=0, vc=0, dc=1, cn=1, wf=0, mf=0, wfd=0, apm=0, usb=1, stopqmi=0
I/MDMCTBK (  276): set_property_value, Enter
I/MDMCTBK (  276): set_property_value, Values updated in the property=1,0,0,0,1,1,0,0,0,0,1,0
I/MDMCTBK (  276): set_property_value, Values updated in the property file Successfully
I/MDMCTBK (  276): set_property_value, Exit
I/MDMCTBK (  276): setSarCtrl:set SAR over QMI, conn:1, ep:0,wf:0, mf:0, chrg:1
I/MDMCTBK (  276): send SAR ctrl over QMI
I/SBar.NetworkController( 1078): onDataConnectionStateChanged: state=2=DATA_CONNECTED networkType=3
D/MobileDataStateTracker( 1016): supl: Broadcast received: android.intent.action.ANY_DATA_STATE apnType=supl
D/MobileDataStateTracker( 1016): supl: Received state=CONNECTED, old=CONNECTING, reason=connected
D/MobileDataStateTracker( 1016): supl: Unexpected mtu value: 0
D/MobileDataStateTracker( 1016): supl: Using FW overlay value config_mobile_mtu
D/MobileDataStateTracker( 1016): supl: setDetailed state, old =CONNECTING and new state=CONNECTED
D/ConnectivityService( 1016): ConnectivityChange for mobile_supl: CONNECTED/CONNECTED
D/ConnectivityService( 1016): Setting MTU size: rmnet0, 1410
D/NetworkManagementService( 1016): Enter setMtu in NetworkManagementService
D/TCMD    ( 2001): NL - Read 984 bytes from update socket.
D/TCMD    ( 2001): NL - message type is RTM_NEWLINK
D/TCMD    ( 2001): Listening for incoming client connection request
D/NetworkManagementService( 1016): interface rmnet0setmtu 1410
E/ConnectivityService( 1016): Exception trying to remove a route: java.lang.IllegalStateException: command '3104 interface route remove rmnet0 default 0.0.0.0 0 100.70.244.134' failed with '400 3104 Failed to remove route from default table (No such process)'
D/Nat464Xlat( 1016): requiresClat: netType=3, hasIPv4Address=true
W/ManagedEGLContext(10278): doTerminate failed: EGL count is 2 but managed count is 1
D/MobileDataStateTracker( 1016): default: setPolicyDataEnable(enabled=true)
I/ModemStatsDSDetect( 1279): onReceive() -Intent { act=android.net.conn.CONNECTIVITY_CHANGE_IMMEDIATE flg=0x4000010 (has extras) }
I/ModemStatsDSDetect( 1279): INET_CONDITION=100 ,activeNet=NetworkInfo: type: WIFI[], state: CONNECTED/CONNECTED, reason: (unspecified), extra: "Moulin Rouge", roaming: false, failover: false, isAvailable: true, isConnectedToProvisioningNetwork: false
I/ModemStatsDSDetect( 1279): onReceive() - done, currentInetCondition=100
I/SBar.NetworkController( 1078): onDataActivity: direction=0
D/MobileDataStateTracker( 1016): default: setPolicyDataEnable(enabled=true)
D/WifiStateMachine( 1016): handleMessage: E msg.what=151572
D/WifiStateMachine( 1016): processMsg: ConnectedState
D/WifiStateMachine( 1016): processMsg: L2ConnectedState
D/WifiStateMachine( 1016): handleMessage: X
D/WifiStateMachine( 1016): handleMessage: E msg.what=131155
D/WifiStateMachine( 1016): processMsg: ConnectedState
D/WifiStateMachine( 1016): processMsg: L2ConnectedState
D/WifiStateMachine( 1016): handleMessage: X
I/ActivityManager( 1016): START u0 {flg=0x14000000 cmp=com.whatsapp/.Conversation (has extras)} from pid 9772
W/ContextImpl( 1231): Calling a method in the system process without a qualified user: android.app.ContextImpl.sendBroadcast:1252 android.content.ContextWrapper.sendBroadcast:365 com.motorola.motocare.util.TriggerHelper$TriggerBuilder.send:76 com.motorola.motocare.internal.frameworkevents.PauseResumeTrigger.handleFrameworkEvent:53 com.motorola.motocare.internal.frameworkevents.FwEventMonitor$FrameworkListener.processFrameworkEvent:114 
W/ContextImpl( 1231): Calling a method in the system process without a qualified user: android.app.ContextImpl.sendBroadcast:1252 android.content.ContextWrapper.sendBroadcast:365 com.motorola.motocare.util.TriggerHelper$TriggerBuilder.send:76 com.motorola.motocare.internal.frameworkevents.PauseResumeTrigger.handleFrameworkEvent:53 com.motorola.motocare.internal.frameworkevents.FwEventMonitor$FrameworkListener.processFrameworkEvent:114 
I/LaunchCheckinHandler( 1016): Displayed com.whatsapp/.Conversation,wp,ca,333
I/ActivityManager( 1016): Displayed com.whatsapp/.Conversation: +333ms
I/SFPerfTracer(  278):      triggers: (rate: 520:16873) (compose: 0:58) (post: 0:3) (render: 47:4389) (10:251068 frames) (11:744219)
D/SFPerfTracer(  278):        layers: (3:12) (DimLayer: 0:145)* (DimLayer: 0:163)* (FocusedStackFrame: 1:5690)* (StatusBar: 0:55815) (NavigationBar: 0:36637) (DimLayer: 0:10831)* (DimLayer: 0:1225)* (com.android.wallpaper.fall.FallWallpaper: 0:12874)* (com.android.launcher/com.android.launcher2.Launcher: 0:14)* (Starting com.whatsapp: 0:29)* (com.whatsapp/com.whatsapp.HomeActivity: 0:31) (com.whatsapp/com.whatsapp.Conversation: 11:12)* 
D/WifiStateMachine( 1016): handleMessage: E msg.what=151572
D/WifiStateMachine( 1016): processMsg: ConnectedState
D/WifiStateMachine( 1016): processMsg: L2ConnectedState
D/WifiStateMachine( 1016): handleMessage: X
V/AlarmManager( 1016): sending alarm Alarm{4341fcb0 type 3 com.devexpert.weather}
V/AlarmManager( 1016): sending alarm Alarm{4341c310 type 2 com.google.android.gms}
V/AlarmManager( 1016): sending alarm Alarm{433ad1c8 type 0 com.google.android.gms}
W/ManagedEGLContext(10278): doTerminate failed: EGL count is 2 but managed count is 1
V/CheckinService(20163): unknown intent received for checkin (Intent { flg=0x14 cmp=com.google.android.gms/.checkin.CheckinService$Receiver (has extras) })
I/CheckinService(20163): Checking schedule, now: 1428178865396 next: 1428178838047
I/CheckinService(20163): active receiver: enabled
I/CheckinService(20163): Preparing to send checkin request
I/EventLogService(20163): Accumulating logs since 1428178805972
D/LBSSystemMonitorService( 1016): handleMessage what - 3
D/Wiper_jni( 1016): Send Network Location.
D/WifiService( 1016): releaseWifiLockLocked: WifiLock{NlpWifiLock type=2 binder=android.os.BinderProxy@4395aa98}
I/GoogleURLConnFactory(20163): Using platform SSLCertificateSocketFactory
I/CheckinRequestBuilder(20163): Checkin reason type: 11 attempt count: 1
D/dalvikvm(20163): GC_CONCURRENT freed 1909K, 36% free 11050K/17224K, paused 3ms+6ms, total 43ms
I/ActivityManager( 1016): Start proc com.google.android.gms.unstable for service com.google.android.gms/.droidguard.DroidGuardService: pid=13366 uid=10022 gids={50022, 3003, 1007, 1028, 1015, 3002, 3001, 3007, 2001, 3006}
W/dalvikvm(13366): VFY: unable to resolve static field 658 (PR_SET_DUMPABLE) in Landroid/system/OsConstants;
D/dalvikvm(13366): VFY: replacing opcode 0x60 at 0x000b
I/MultiDex(13366): VM with version 1.6.0 does not have multidex support
I/MultiDex(13366): install
I/MultiDex(13366): MultiDexExtractor.load(/data/app/com.google.android.gms-1.apk, false)
I/MultiDex(13366): loading existing secondary dex files
I/MultiDex(13366): load found 3 secondary dex files
I/MultiDex(13366): install done
I/ProviderInstaller(13366): Insert disabled by gate 'gms:security:enable_conscrypt_in_gms_application'
D/GCM     (31791): GcmService start Intent { act=com.google.android.gms.INITIALIZE flg=0x10 pkg=com.google.android.gms cmp=com.google.android.gms/.gcm.GcmService } com.google.android.gms.INITIALIZE
D/AuthorizationBluetoothService(31791): Received GmsCore event: Intent { act=com.google.android.gms.INITIALIZE flg=0x10 pkg=com.google.android.gms cmp=com.google.android.gms/.auth.be.proximity.authorization.bt.AuthorizationBluetoothService$AutoStarter }.
E/AuthorizationBluetoothService(31791): Proximity feature is not enabled.
V/GmsCoreStatsServiceLauncher(20163): Received broadcast intent Intent { act=com.google.android.gms.INITIALIZE flg=0x10 pkg=com.google.android.gms cmp=com.google.android.gms/.common.stats.GmsCoreStatsServiceLauncher }
D/LocationInitializer(20163): Restart initialization of location
E/MDM     (31965): [14067] b.run: Couldn't connect to Google API client: ConnectionResult{statusCode=API_UNAVAILABLE, resolution=null}
I/dalvikvm(13366): Could not find method android.content.pm.PackageManager.getPackageInstaller, referenced from method com.google.android.gms.common.ff.a
W/dalvikvm(13366): VFY: unable to resolve virtual method 479: Landroid/content/pm/PackageManager;.getPackageInstaller ()Landroid/content/pm/PackageInstaller;
D/dalvikvm(13366): VFY: replacing opcode 0x6e at 0x000d
D/WVCdm   (  284): Instantiating CDM.
I/WVCdm   (  284): Level3 Library Nov 20 2013 18:09:31
D/DrmWidevineDash(  284): calling OEMCrypto_Initialize, g_qsee_apps_version = 7
D/DrmWidevineDash(  284): Service_Initialize: widevine DASH app is already open!
D/DrmWidevineDash(  284): OEMCrypto_Initialize sion_buffer g_wv_fhandle->ion_sbuffer  0x0xb4152000
E/DrmWidevineDash(  284): sion_buffer g_wv_fhandle->ion_sbuffer  0x0xb4152000
D/DrmWidevineDash(  284): OEMCrypto_Initialize exit returns 0
D/DrmWidevineDash(  284): calling OEMCrypto_APIVersion...
D/DrmWidevineDash(  284): OEMCrypto_APIVersion = 8
D/DrmWidevineDash(  284): calling OEMCrypto_IsKeyboxValid...
D/DrmWidevineDash(  284): OEMCrypto_IsKeyboxValid returns 0
D/WVCdm   (  284): OEMCrypto_Initialize Level 1 success. I will use level 1.
I/WVCdm   (  284): CdmEngine::OpenSession
D/DrmWidevineDash(  284): calling OEMCrypto_OpenSession...
D/DrmWidevineDash(  284): OEMCrypto_OpenSession SID = 1
D/DrmWidevineDash(  284): OEMCrypto_OpenSession returns 0
D/DrmWidevineDash(  284): calling OEMCrypto_GetRandom...
D/DrmWidevineDash(  284): OEMCrypto_GetRandom returns 0
I/WVCdm   (  284): CdmEngine::QueryKeyControlInfo
I/WVCdm   (  284): CdmEngine::CloseSession
D/DrmWidevineDash(  284): calling OEMCrypto_CloseSession. SID = 1
D/DrmWidevineDash(  284): OEMCrypto_CloseSession returns 0
I/SFPerfTracer(  278):      triggers: (rate: 168:94158) (230107 sw vsyncs) (197769 skipped) (15:824016 vsyncs) (17:1157985)
D/WifiStateMachine( 1016): handleMessage: E msg.what=151572
D/WifiStateMachine( 1016): processMsg: ConnectedState
D/WifiStateMachine( 1016): processMsg: L2ConnectedState
D/WifiStateMachine( 1016): handleMessage: X
D/dalvikvm(13366): Trying to load lib /data/data/com.google.android.gms/app_dg_cache/681C2F668DCBE4CF20940E2F93EF45FBED1401FE/lib/libdD11BC7B78B49.so 0x4280a048
D/dalvikvm(13366): Added shared lib /data/data/com.google.android.gms/app_dg_cache/681C2F668DCBE4CF20940E2F93EF45FBED1401FE/lib/libdD11BC7B78B49.so 0x4280a048
D/dalvikvm(13366): No JNI_OnLoad found in /data/data/com.google.android.gms/app_dg_cache/681C2F668DCBE4CF20940E2F93EF45FBED1401FE/lib/libdD11BC7B78B49.so 0x4280a048, skipping init
D/dalvikvm( 1231): GC_CONCURRENT freed 1905K, 46% free 9336K/17224K, paused 3ms+2ms, total 22ms
I/LatinIME(  612): Starting input. Cursor position = 0,0
I/LatinIME:LogUtils(  612): Dictionary info: dictionary = ContextualDictionary.en_GB ; version = 1428178866 ; date = ?
D/dalvikvm(  612): GC_FOR_ALLOC freed 2587K, 35% free 11244K/17224K, paused 27ms, total 27ms
D/dalvikvm(13366): DexOpt: --- BEGIN 'f.apk' (bootstrap=0) ---
E/AmanattoDataUpdaterHelper(  612): Failed to get contextual suggestions.
E/AmanattoDataUpdaterHelper(  612): package name: com.whatsapp
E/AmanattoDataUpdaterHelper(  612): Error message: Disabled
D/dalvikvm(13394): DexOpt: load 5ms, verify+opt 8ms, 128132 bytes
D/Tethering( 1016): MasterInitialState.processMessage what=3
I/SBar.NetworkController( 1078): onReceive: ConnectivityManager.CONNECTIVITY_ACTION Received
I/SBar.NetworkController( 1078): updateConnectivity: NetworkInfo: NetworkInfo: type: WIFI[], state: CONNECTED/CONNECTED, reason: (unspecified), extra: "Moulin Rouge", roaming: false, failover: false, isAvailable: true, isConnectedToProvisioningNetwork: false, inetCondition= 1
W/XTWiFiOS( 1267): No entry in secure settings for enhanced location services: false
D/OtaApp  (31852): [debug] > PollingManagerService, ignoring connectivity_action: since I don't like the type: NetworkInfo: type: mobile_supl[UMTS], state: CONNECTED/CONNECTED, reason: connected, extra: data.mymeteor.ie, roaming: false, failover: false, isAvailable: true, isConnectedToProvisioningNetwork: false
D/PollingManager(31852): ignoring connectivity_action: since I don't like the type: NetworkInfo: type: mobile_supl[UMTS], state: CONNECTED/CONNECTED, reason: connected, extra: data.mymeteor.ie, roaming: false, failover: false, isAvailable: true, isConnectedToProvisioningNetwork: false
D/dalvikvm(13366): DexOpt: --- END 'f.apk' (success) ---
D/dalvikvm(13366): DEX prep '/data/data/com.google.android.gms/app_fb/f.apk': unzip in 3ms, rewrite 100ms
D/TelephonyProvider( 1255): Column apn id key is 'apn_id'
E/ActivityThread(31852): Failed to find provider info for com.motorola.blur.setupprovider
D/LocSvc_java( 1016): agpsConnInfo.mIpAddr /a8:a663:3837:3261:3837:3261:6cd9:545f
D/ConnectivityService( 1016): requestRouteToHostAddress ok=true
I/Adreno-EGL(13366): <qeglDrvAPI_eglInitialize:410>: EGL 1.4 QUALCOMM build: AU_LINUX_ANDROID_LNX.LA.3.5.1_RB1.04.04.02.048.018_msm8226_LNX.LA.3.5.1_RB1__release_AU ()
I/Adreno-EGL(13366): OpenGL ES Shader Compiler Version: E031.24.00.08
I/Adreno-EGL(13366): Build Date: 03/07/14 Fri
I/Adreno-EGL(13366): Local Branch: 
I/Adreno-EGL(13366): Remote Branch: quic/LNX.LA.3.5.1_RB1.1
I/Adreno-EGL(13366): Local Patches: NONE
I/Adreno-EGL(13366): Reconstruct Branch: AU_LINUX_ANDROID_LNX.LA.3.5.1_RB1.04.04.02.048.018 + f2fd134 +  NOTHING
D/PodcastAddictBroadcastReceiver( 8853): Connectivity changed... (android.net.conn.CONNECTIVITY_CHANGE)
I/NetworkMonitor(11837): type=WIFI subType= reason=null isConnected=true
D/PodcastAddictBroadcastReceiver( 8853): resumeService() - connected
D/PodcastAddictBroadcastReceiver( 8853): resumeService() - starting connection change process
I/ActivityManager( 1016): Process com.giftme.fb_auth (pid 10278) has died.
F/ProcessStats( 1016): Starting service ServiceState{43a506e8 com.tranzmate.services.LocationService pkg=com.tranzmate proc=43a506e8} without owner
D/LocSvc_java( 1016): ipProtocol: IP apn: data.mymeteor.ie networkType: UMTS state: 1
D/TelephonyProvider( 1255): Column apn id key is 'apn_id'
I/openssl ( 8117): Crypto mode not selected, openssl will run on its regular mode.
I/openssl ( 8117): Crypto mode 0 already enabled
W/PodcastAddictBroadcastReceiver( 8853): Network modification detected but ignored... (0)
D/PodcastAddictBroadcastReceiver( 8853): resumeService() - finishing connection change process
I/ActivityManager( 1016): Start proc com.google.android.setupwizard for broadcast com.google.android.setupwizard/.MobileConnectivityChangeReceiver: pid=13403 uid=10042 gids={50042, 3003}
D/MobileConnectivityChangeReceiver(13403): onReceive Intent { act=android.net.conn.CONNECTIVITY_CHANGE flg=0x4000010 cmp=com.google.android.setupwizard/.MobileConnectivityChangeReceiver (has extras) }
D/MobileConnectivityChangeReceiver(13403): onReceive CONNECTIVITY_CHANGE networkType=3
E/PhoneMonitor(13403): onOtaspChanged old =0, new =3
V/PhoneMonitor(13403): mOtaspPhoneStateListener#onOtaspChanged, mOtaspMode=3
F/ProcessStats( 1016): Starting service ServiceState{43a506e8 com.tranzmate.services.LocationService pkg=com.tranzmate proc=43a506e8} without owner
I/CheckinRequestBuilder(20163): Classify the device as Phone.
D/GCM     (31791): GcmService start Intent { act=android.net.conn.CONNECTIVITY_CHANGE flg=0x4000010 cmp=com.google.android.gms/.gcm.GcmService (has extras) } android.net.conn.CONNECTIVITY_CHANGE
I/iu.Environment(20163): update connectivity state; isNetworkMetered? false, isRoaming? false, isBackgroundDataAllowed? true
I/ActivityManager( 1016): Start proc com.google.android.apps.plus for broadcast com.google.android.apps.plus/.service.ConnectivityReceiver: pid=13417 uid=10090 gids={50090, 3003, 3002, 1028, 1015}
E/dalvikvm(13417): Could not find class 'android.app.Notification$Action$Builder', referenced from method b.a
W/dalvikvm(13417): VFY: unable to resolve new-instance 302 (Landroid/app/Notification$Action$Builder;) in Lb;
D/dalvikvm(13417): VFY: replacing opcode 0x22 at 0x0000
E/dalvikvm(13417): Could not find class 'android.graphics.drawable.RippleDrawable', referenced from method b.a
W/dalvikvm(13417): VFY: unable to resolve new-instance 462 (Landroid/graphics/drawable/RippleDrawable;) in Lb;
D/dalvikvm(13417): VFY: replacing opcode 0x22 at 0x000b
W/dalvikvm(13417): VFY: unable to find class referenced in signature (Lzt;)
W/dalvikvm(13417): VFY: unable to find class referenced in signature (Lzt;)
W/dalvikvm(13417): VFY: unable to find class referenced in signature (Lzt;)
W/dalvikvm(13417): VFY: unable to find class referenced in signature (Lzt;)
W/dalvikvm(13417): VFY: unable to find class referenced in signature (Lzt;)
W/dalvikvm(13417): VFY: unable to find class referenced in signature (Lzt;)
W/dalvikvm(13417): VFY: unable to find class referenced in signature (Lzt;)
E/dalvikvm(13417): Could not find class 'android.app.Notification$Action$Builder', referenced from method b.a
W/dalvikvm(13417): VFY: unable to resolve new-instance 302 (Landroid/app/Notification$Action$Builder;) in Lb;
D/dalvikvm(13417): VFY: replacing opcode 0x22 at 0x0000
W/dalvikvm(13417): Unable to resolve superclass of Lar; (689)
W/dalvikvm(13417): Link of class 'Lar;' failed
E/dalvikvm(13417): Could not find class 'ar', referenced from method b.a
