D/WifiStateMachine( 1016): processMsg: L2ConnectedState
D/WifiStateMachine( 1016): handleMessage: X
D/WifiStateMachine( 1016): handleMessage: E msg.what=151572
D/WifiStateMachine( 1016): processMsg: ConnectedState
D/WifiStateMachine( 1016): processMsg: L2ConnectedState
D/WifiStateMachine( 1016): handleMessage: X
D/WifiStateMachine( 1016): handleMessage: E msg.what=131155
D/WifiStateMachine( 1016): processMsg: ConnectedState
D/WifiStateMachine( 1016): processMsg: L2ConnectedState
D/WifiStateMachine( 1016): handleMessage: X
D/KInfoc  (19319): tableName: fm_hd_mainpage dataString: clicktype=34&uptime2=1428083659
W/KInfoc  (19319): The data section count is not equal! table:fm_public, count in format:13, count in data:14.
W/KInfoc  (19319): The data section count is not equal! table:fm_public, count in format:13, count in data:14.
D/KInfoc  (19319): SAVE ICH : ALL=97 startOffset=90 HL=90 DL=7
W/KInfoc  (19319): The data section count is not equal! table:fm_public, count in format:13, count in data:14.
D/KInfoc  (19319): SAVE ICH : ALL=97 startOffset=90 HL=90 DL=7
D/KInfoc  (19319): tableName: fm_hd_act_1 dataString: sourcefrom=1&mediatype=7&uptime2=1428083659
W/KInfoc  (19319): The data section count is not equal! table:fm_public, count in format:13, count in data:14.
W/KInfoc  (19319): The data section count is not equal! table:fm_public, count in format:13, count in data:14.
D/KInfoc  (19319): SAVE ICH : ALL=98 startOffset=90 HL=90 DL=8
W/KInfoc  (19319): The data section count is not equal! table:fm_public, count in format:13, count in data:14.
D/KInfoc  (19319): SAVE ICH : ALL=98 startOffset=90 HL=90 DL=8
D/KInfoc  (19319): tableName: fm_ads_nativeclick dataString: path=&isclick=2&level=0&page=1&adstype=2&viewtype=1&uptime2=1428083659
W/KInfoc  (19319): The data section count is not equal! table:fm_public, count in format:13, count in data:14.
D/KInfoc  (19319): Post data via network.
D/KInfoc  (19319): Post data on http://infoc2.duba.net/c/
D/KInfoc  (19319): Post data on https://cmdts.ksmobile.com/c/
D/adReport(19319): ad.shown: Game of War - Fire Age (picks)
W/Settings(19319): Setting android_id has moved from android.provider.Settings.System to android.provider.Settings.Secure, returning read-only value.
D/KInfoc  (19319): tableName: fm_ads_nativeclick dataString: path=/storage/emulated/0/Download&isclick=2&level=4&page=1&adstype=2&viewtype=1&uptime2=1428083659
W/KInfoc  (19319): The data section count is not equal! table:fm_public, count in format:13, count in data:14.
D/KInfoc  (19319): Post data via network.
D/KInfoc  (19319): Post data on http://infoc2.duba.net/c/
D/KInfoc  (19319): Post data on https://cmdts.ksmobile.com/c/
D/adReport(19319): ad.shown: Game of War - Fire Age (picks)
W/Settings(19319): Setting android_id has moved from android.provider.Settings.System to android.provider.Settings.Secure, returning read-only value.
W/PackageParser(19319): No actions in intent filter at /storage/emulated/0/Download/FB_Auth-release.apk Binary XML file line #28
D/WifiStateMachine( 1016): handleMessage: E msg.what=151572
D/WifiStateMachine( 1016): processMsg: ConnectedState
D/WifiStateMachine( 1016): processMsg: L2ConnectedState
D/WifiStateMachine( 1016): handleMessage: X
D/NativeAdManager(19319): # of AD types to update:1
D/FileManagerHD(19319): ADs in pool: 8
I/KInfoc  (19319): Post successed, server Priority: 1, table: fm_ads_nativeclick, last time: 1428083659
I/KInfoc  (19319): Post successed, server Priority: 1, table: fm_ads_nativeclick, last time: 1428083660
D/KInfoc  (19319): tableName: fm_fileopen dataString: file_size=3&open_source=1&file_path=/storage/emulated/0/Download&file_type=apk&uptime2=1428083660
W/KInfoc  (19319): The data section count is not equal! table:fm_public, count in format:13, count in data:14.
W/KInfoc  (19319): The data section count is not equal! table:fm_public, count in format:13, count in data:14.
D/KInfoc  (19319): SAVE ICH : ALL=136 startOffset=90 HL=90 DL=46
I/ActivityManager( 1016): START u0 {act=android.intent.action.VIEW cat=[android.intent.category.DEFAULT] dat=file:///storage/emulated/0/Download/FB_Auth-release.apk typ=application/vnd.android.package-archive flg=0x10000 cmp=com.android.packageinstaller/.PackageInstallerActivity} from pid 19319
W/KInfoc  (19319): The data section count is not equal! table:fm_public, count in format:13, count in data:14.
D/KInfoc  (19319): SAVE ICH : ALL=136 startOffset=90 HL=90 DL=46
W/ContextImpl( 1231): Calling a method in the system process without a qualified user: android.app.ContextImpl.sendBroadcast:1252 android.content.ContextWrapper.sendBroadcast:365 com.motorola.motocare.util.TriggerHelper$TriggerBuilder.send:76 com.motorola.motocare.internal.frameworkevents.PauseResumeTrigger.handleFrameworkEvent:53 com.motorola.motocare.internal.frameworkevents.FwEventMonitor$FrameworkListener.processFrameworkEvent:114 
I/ActivityManager( 1016): Start proc com.android.packageinstaller for activity com.android.packageinstaller/.PackageInstallerActivity: pid=21597 uid=10085 gids={50085, 1028}
D/dalvikvm(19319): GC_CONCURRENT freed 1903K, 32% free 11882K/17224K, paused 6ms+4ms, total 92ms
W/ContextImpl( 1231): Calling a method in the system process without a qualified user: android.app.ContextImpl.sendBroadcast:1252 android.content.ContextWrapper.sendBroadcast:365 com.motorola.motocare.util.TriggerHelper$TriggerBuilder.send:76 com.motorola.motocare.internal.frameworkevents.PauseResumeTrigger.handleFrameworkEvent:53 com.motorola.motocare.internal.frameworkevents.FwEventMonitor$FrameworkListener.processFrameworkEvent:114 
I/GAV2    (21514): Thread[GAThread,5,main]: No campaign data found.
W/PackageParser(21597): No actions in intent filter at /storage/emulated/0/Download/FB_Auth-release.apk Binary XML file line #28
D/WifiStateMachine( 1016): handleMessage: E msg.what=151572
D/WifiStateMachine( 1016): processMsg: ConnectedState
D/WifiStateMachine( 1016): processMsg: L2ConnectedState
D/WifiStateMachine( 1016): handleMessage: X
I/AppSecurityPermissions(21597): Ignoring unknown permission:android.permission.RECORD_VIDEO
I/Adreno-EGL(21597): <qeglDrvAPI_eglInitialize:410>: EGL 1.4 QUALCOMM build: AU_LINUX_ANDROID_LNX.LA.3.5.1_RB1.04.04.02.048.018_msm8226_LNX.LA.3.5.1_RB1__release_AU ()
I/Adreno-EGL(21597): OpenGL ES Shader Compiler Version: E031.24.00.08
I/Adreno-EGL(21597): Build Date: 03/07/14 Fri
I/Adreno-EGL(21597): Local Branch: 
I/Adreno-EGL(21597): Remote Branch: quic/LNX.LA.3.5.1_RB1.1
I/Adreno-EGL(21597): Local Patches: NONE
I/Adreno-EGL(21597): Reconstruct Branch: AU_LINUX_ANDROID_LNX.LA.3.5.1_RB1.04.04.02.048.018 + f2fd134 +  NOTHING
D/OpenGLRenderer(21597): Enabling debug mode 0
V/RenderScript(21597): 0x605c3fd0 Launching thread(s), CPUs 4
I/LaunchCheckinHandler( 1016): Displayed com.android.packageinstaller/.PackageInstallerActivity,cp,ca,561
I/ActivityManager( 1016): Displayed com.android.packageinstaller/.PackageInstallerActivity: +561ms
D/NativeAdManager(19319): stop worker
D/WifiStateMachine( 1016): handleMessage: E msg.what=151572
D/WifiStateMachine( 1016): processMsg: ConnectedState
D/WifiStateMachine( 1016): processMsg: L2ConnectedState
D/WifiStateMachine( 1016): handleMessage: X
D/WifiStateMachine( 1016): handleMessage: E msg.what=131155
D/WifiStateMachine( 1016): processMsg: ConnectedState
D/WifiStateMachine( 1016): processMsg: L2ConnectedState
D/WifiStateMachine( 1016): handleMessage: X
D/WifiStateMachine( 1016): handleMessage: E msg.what=151572
D/WifiStateMachine( 1016): processMsg: ConnectedState
D/WifiStateMachine( 1016): processMsg: L2ConnectedState
D/WifiStateMachine( 1016): handleMessage: X
I/SFPerfTracer(  278):      triggers: (rate: 26:25850) (87574 sw vsyncs) (44839 skipped) (22:131821 vsyncs) (24:235625)
I/ActivityManager( 1016): START u0 {dat=file:///storage/emulated/0/Download/FB_Auth-release.apk cmp=com.android.packageinstaller/.InstallAppProgress (has extras)} from pid 21597
W/ContextImpl( 1231): Calling a method in the system process without a qualified user: android.app.ContextImpl.sendBroadcast:1252 android.content.ContextWrapper.sendBroadcast:365 com.motorola.motocare.util.TriggerHelper$TriggerBuilder.send:76 com.motorola.motocare.internal.frameworkevents.PauseResumeTrigger.handleFrameworkEvent:53 com.motorola.motocare.internal.frameworkevents.FwEventMonitor$FrameworkListener.processFrameworkEvent:114 
W/ContextImpl( 1231): Calling a method in the system process without a qualified user: android.app.ContextImpl.sendBroadcast:1252 android.content.ContextWrapper.sendBroadcast:365 com.motorola.motocare.util.TriggerHelper$TriggerBuilder.send:76 com.motorola.motocare.internal.frameworkevents.PauseResumeTrigger.handleFrameworkEvent:53 com.motorola.motocare.internal.frameworkevents.FwEventMonitor$FrameworkListener.processFrameworkEvent:114 
I/KInfoc  (19319): Post successed, server Priority: 2, table: fm_ads_nativeclick, last time: 1428083663
W/InstallAppProgress(21597): Replacing package:com.giftme.fb_auth
W/ActivityManager( 1016): No content provider found for permission revoke: file:///storage/emulated/0/Download/FB_Auth-release.apk
D/Finsky  (18319): [1] PackageVerificationReceiver.onReceive: Verification requested, id = 20
I/LaunchCheckinHandler( 1016): Displayed com.android.packageinstaller/.InstallAppProgress,wp,ca,120
I/ActivityManager( 1016): Displayed com.android.packageinstaller/.InstallAppProgress: +120ms
D/Finsky  (18319): [1] WorkerTask.onPreExecute: Verification Requested for id = 20, data=file:///storage/emulated/0/Download/FB_Auth-release.apk flags=18 fromVerificationActivity=false
W/PackageParser(18319): No actions in intent filter at /storage/emulated/0/Download/FB_Auth-release.apk Binary XML file line #28
D/WifiStateMachine( 1016): handleMessage: E msg.what=151572
D/WifiStateMachine( 1016): processMsg: ConnectedState
D/WifiStateMachine( 1016): processMsg: L2ConnectedState
D/WifiStateMachine( 1016): handleMessage: X
I/SFPerfTracer(  278):      triggers: (rate: 34:2665) (compose: 0:11) (post: 0:2) (render: 8:377) (15:50517 frames) (16:134426)
D/SFPerfTracer(  278):        layers: (5:12) (DimLayer: 0:65)* (DimLayer: 0:23)* (FocusedStackFrame: 0:1191)* (StatusBar: 0:7250) (NavigationBar: 0:8663) (DimLayer: 0:1699)* (DimLayer: 0:214) (com.android.wallpaper.fall.FallWallpaper: 0:14432)* (com.rhmsoft.fm/com.rhmsoft.fm.FileManager: 0:51)* (Starting com.android.packageinstaller: 0:14)* (com.android.packageinstaller/com.android.packageinstaller.PackageInstallerActivity: 16:39) (com.android.packageinstaller/com.android.packageinstaller.InstallAppProgress: 16:20) 
I/KInfoc  (19319): Post successed, server Priority: 2, table: fm_ads_nativeclick, last time: 1428083664
I/qtaguid (18319): Failed write_ctrl(u 108) res=-1 errno=22
I/qtaguid (18319): Untagging socket 108 failed errno=-22
W/NetworkManagementSocketTagger(18319): untagSocket(108) failed with errno -22
D/Finsky  (18319): [1] 2.onResponse: Verification id=20 response=0
D/Finsky  (18319): [1] PackageVerificationReceiver.onReceive: Verification requested, id = 20
W/ActivityManager( 1016): No content provider found for permission revoke: file:///storage/emulated/0/Download/FB_Auth-release.apk
I/PackageManager( 1016): Copying native libraries to /data/app-lib/vmdl1967566227
W/PackageParser( 1016): No actions in intent filter at /data/app/vmdl1967566227.tmp Binary XML file line #28
I/ActivityManager( 1016): Force stopping com.giftme.fb_auth appid=10106 user=-1: uninstall pkg
I/PackageManager( 1016): Package com.giftme.fb_auth codePath changed from /data/app/com.giftme.fb_auth-1.apk to /data/app/com.giftme.fb_auth-2.apk; Retaining data and using new
I/PackageManager( 1016): Running dexopt on: com.giftme.fb_auth
D/WifiStateMachine( 1016): handleMessage: E msg.what=151572
D/WifiStateMachine( 1016): processMsg: ConnectedState
D/WifiStateMachine( 1016): processMsg: L2ConnectedState
D/WifiStateMachine( 1016): handleMessage: X
D/WifiStateMachine( 1016): handleMessage: E msg.what=131155
D/WifiStateMachine( 1016): processMsg: ConnectedState
D/WifiStateMachine( 1016): processMsg: L2ConnectedState
D/WifiStateMachine( 1016): handleMessage: X
D/dalvikvm(21658): DexOpt: load 95ms, verify+opt 379ms, 1767204 bytes
W/PackageManager( 1016): Code path for pkg : com.giftme.fb_auth changing from /data/app/com.giftme.fb_auth-1.apk to /data/app/com.giftme.fb_auth-2.apk
I/ActivityManager( 1016): Force stopping com.giftme.fb_auth appid=10106 user=-1: update pkg
W/PackageManager( 1016): Resource path for pkg : com.giftme.fb_auth changing from /data/app/com.giftme.fb_auth-1.apk to /data/app/com.giftme.fb_auth-2.apk
I/SFPerfTracer(  278):      triggers: (rate: 26:25850) (87574 sw vsyncs) (44839 skipped) (0:131870 vsyncs) (2:235726)
W/PackageManager( 1016): Unknown permission android.permission.RECORD_VIDEO in package com.giftme.fb_auth
D/dalvikvm( 1016): GC_CONCURRENT freed 5908K, 39% free 23946K/39124K, paused 5ms+10ms, total 111ms
D/dalvikvm( 1016): WAIT_FOR_CONCURRENT_GC blocked 48ms
D/dalvikvm( 1016): WAIT_FOR_CONCURRENT_GC blocked 54ms
I/ActivityManager( 1016): Force stopping com.giftme.fb_auth appid=10106 user=0: pkg removed
D/dalvikvm(19319): GC_EXPLICIT freed 245K, 32% free 11770K/17224K, paused 3ms+4ms, total 36ms
I/InputReader( 1016): Reconfiguring input devices.  changes=0x00000010
I/PackageManager( 1016): Adding preferred activity ComponentInfo{com.android.mms/com.android.mms.ui.ComposeMessageActivity} for user 0 :
I/PackageManager( 1016):   Action: "android.intent.action.SENDTO"
I/PackageManager( 1016):   Category: "android.intent.category.DEFAULT"
I/PackageManager( 1016):   Scheme: "sms"
D/dalvikvm( 1078): GC_EXPLICIT freed 2659K, 34% free 13489K/20252K, paused 3ms+4ms, total 57ms
I/PackageManager( 1016): Adding preferred activity ComponentInfo{com.android.mms/com.android.mms.ui.ComposeMessageActivity} for user 0 :
I/PackageManager( 1016):   Action: "android.intent.action.SENDTO"
I/PackageManager( 1016):   Category: "android.intent.category.DEFAULT"
I/PackageManager( 1016):   Scheme: "smsto"
D/WifiStateMachine( 1016): handleMessage: E msg.what=151572
D/WifiStateMachine( 1016): processMsg: ConnectedState
D/WifiStateMachine( 1016): processMsg: L2ConnectedState
D/WifiStateMachine( 1016): handleMessage: X
I/PackageManager( 1016): Adding preferred activity ComponentInfo{com.android.mms/com.android.mms.ui.ComposeMessageActivity} for user 0 :
I/PackageManager( 1016):   Action: "android.intent.action.SENDTO"
I/PackageManager( 1016):   Category: "android.intent.category.DEFAULT"
I/PackageManager( 1016):   Scheme: "mms"
V/ConfigFetchTask(30409): ConfigFetchTask getDeviceDataVersionInfo(): ABFEt1WGE3VC4EwUK0r_Xlg-9PHBP3ysrg5-4TM9OEUSfal-XMjxHNyYWOqcLqtMoOTnVsv6DrKpV2GMPXEdQ-tMNuBos11K7NkGufCihC_3iQqw1012EV6j7xu06a5i7k54RqzdRLUAThFU3r4QEW4lHTb7TdBj_spMYkbQE_Omz9gqewwsc4ilPXfpJ6Oo-Wsh5Hi0VbAu1KUpwCLM5UQwZ0PW6cNzvB3cs-3EHchGtWhAKHSlpdSy6xO138emsQxZNp1qp1TKx6VSlWuZwN49OAxJ_Nh4V5-Z_qv9w97a-c1fou6UpSc
D/dalvikvm(18319): GC_EXPLICIT freed 3653K, 12% free 30711K/34508K, paused 3ms+9ms, total 159ms
I/PackageManager( 1016): Adding preferred activity ComponentInfo{com.android.mms/com.android.mms.ui.ComposeMessageActivity} for user 0 :
I/PackageManager( 1016):   Action: "android.intent.action.SENDTO"
I/PackageManager( 1016):   Category: "android.intent.category.DEFAULT"
I/PackageManager( 1016):   Scheme: "mmsto"
I/GoogleURLConnFactory(30409): Using platform SSLCertificateSocketFactory
I/InputReader( 1016): Reconfiguring input devices.  changes=0x00000010
I/PackageManager( 1016): Adding preferred activity ComponentInfo{com.android.mms/com.android.mms.ui.ComposeMessageActivity} for user 0 :
I/PackageManager( 1016):   Action: "android.intent.action.SENDTO"
I/PackageManager( 1016):   Category: "android.intent.category.DEFAULT"
I/PackageManager( 1016):   Scheme: "sms"
I/Launcher(30757): Deferring update until onResume
I/InputReader( 1016): Reconfiguring input devices.  changes=0x00000010
I/PackageManager( 1016): Adding preferred activity ComponentInfo{com.android.mms/com.android.mms.ui.ComposeMessageActivity} for user 0 :
I/PackageManager( 1016):   Action: "android.intent.action.SENDTO"
I/PackageManager( 1016):   Category: "android.intent.category.DEFAULT"
I/PackageManager( 1016):   Scheme: "smsto"
I/Launcher(30757): Deferring update until onResume
I/PackageManager( 1016): Adding preferred activity ComponentInfo{com.android.mms/com.android.mms.ui.ComposeMessageActivity} for user 0 :
I/PackageManager( 1016):   Action: "android.intent.action.SENDTO"
I/PackageManager( 1016):   Category: "android.intent.category.DEFAULT"
I/PackageManager( 1016):   Scheme: "mms"
I/ActivityManager( 1016): Start proc com.android.keychain for broadcast com.android.keychain/.KeyChainBroadcastReceiver: pid=21671 uid=1000 gids={41000, 1028, 1015, 3002, 3001, 3003, 1021, 3004, 3005, 1000, 3009, 1023, 1010, 1004, 2002, 3006}
I/PackageManager( 1016): Adding preferred activity ComponentInfo{com.android.mms/com.android.mms.ui.ComposeMessageActivity} for user 0 :
I/PackageManager( 1016):   Action: "android.intent.action.SENDTO"
I/PackageManager( 1016):   Category: "android.intent.category.DEFAULT"
I/PackageManager( 1016):   Scheme: "mmsto"
I/PackageManager( 1016): Adding preferred activity ComponentInfo{com.android.mms/com.android.mms.ui.ComposeMessageActivity} for user 0 :
I/PackageManager( 1016):   Action: "android.intent.action.SENDTO"
I/PackageManager( 1016):   Category: "android.intent.category.DEFAULT"
I/PackageManager( 1016):   Scheme: "sms"
I/PackageManager( 1016): Adding preferred activity ComponentInfo{com.android.mms/com.android.mms.ui.ComposeMessageActivity} for user 0 :
I/PackageManager( 1016):   Action: "android.intent.action.SENDTO"
I/PackageManager( 1016):   Category: "android.intent.category.DEFAULT"
I/PackageManager( 1016):   Scheme: "smsto"
D/BackupManagerService( 1016): Received broadcast Intent { act=android.intent.action.PACKAGE_REMOVED dat=package:com.giftme.fb_auth flg=0x4000010 (has extras) }
W/ContextImpl(21671): Calling a method in the system process without a qualified user: android.app.ContextImpl.startService:1608 android.content.ContextWrapper.startService:494 android.content.ContextWrapper.startService:494 com.android.keychain.KeyChainBroadcastReceiver.onReceive:12 android.app.ActivityThread.handleReceiver:2434 
I/PackageManager( 1016): Adding preferred activity ComponentInfo{com.android.mms/com.android.mms.ui.ComposeMessageActivity} for user 0 :
I/PackageManager( 1016):   Action: "android.intent.action.SENDTO"
I/PackageManager( 1016):   Category: "android.intent.category.DEFAULT"
I/PackageManager( 1016):   Scheme: "mms"
D/BackupManagerService( 1016): Received broadcast Intent { act=android.intent.action.PACKAGE_ADDED dat=package:com.giftme.fb_auth flg=0x4000010 (has extras) }
V/BackupManagerService( 1016): removePackageParticipantsLocked: uid=10106 #1
I/PackageManager( 1016): Adding preferred activity ComponentInfo{com.android.mms/com.android.mms.ui.ComposeMessageActivity} for user 0 :
I/PackageManager( 1016):   Action: "android.intent.action.SENDTO"
I/PackageManager( 1016):   Category: "android.intent.category.DEFAULT"
I/PackageManager( 1016):   Scheme: "mmsto"
V/BackupManagerService( 1016): addPackageParticipantsLocked: #1
I/PackageManager( 1016): Adding preferred activity ComponentInfo{com.android.mms/com.android.mms.ui.ComposeMessageActivity} for user 0 :
I/PackageManager( 1016):   Action: "android.intent.action.SENDTO"
I/PackageManager( 1016):   Category: "android.intent.category.DEFAULT"
I/PackageManager( 1016):   Scheme: "sms"
I/PackageManager( 1016): Adding preferred activity ComponentInfo{com.android.mms/com.android.mms.ui.ComposeMessageActivity} for user 0 :
I/PackageManager( 1016):   Action: "android.intent.action.SENDTO"
I/PackageManager( 1016):   Category: "android.intent.category.DEFAULT"
I/PackageManager( 1016):   Scheme: "smsto"
I/ActivityManager( 1016): Killing 21305:com.devexpert.weather/u0a112 (adj 15): empty #9
I/ConfigFetchService(30409): fetch service done; releasing wakelock
W/ContextImpl( 1231): Calling a method in the system process without a qualified user: android.app.ContextImpl.sendBroadcast:1252 android.content.ContextWrapper.sendBroadcast:365 com.motorola.motocare.util.TriggerHelper$TriggerBuilder.send:76 com.motorola.motocare.internal.frameworkevents.ProcessKillTrigger.sendTrigger:147 com.motorola.motocare.internal.frameworkevents.ProcessKillTrigger.handleFrameworkEvent:164 
I/ConfigFetchService(30409): stopping self
I/PackageManager( 1016): Adding preferred activity ComponentInfo{com.android.mms/com.android.mms.ui.ComposeMessageActivity} for user 0 :
I/PackageManager( 1016):   Action: "android.intent.action.SENDTO"
I/PackageManager( 1016):   Category: "android.intent.category.DEFAULT"
I/PackageManager( 1016):   Scheme: "mms"
I/PackageManager( 1016): Adding preferred activity ComponentInfo{com.android.mms/com.android.mms.ui.ComposeMessageActivity} for user 0 :
I/PackageManager( 1016):   Action: "android.intent.action.SENDTO"
I/PackageManager( 1016):   Category: "android.intent.category.DEFAULT"
I/PackageManager( 1016):   Scheme: "mmsto"
D/dalvikvm( 1016): GC_EXPLICIT freed 1495K, 40% free 23728K/39124K, paused 9ms+16ms, total 161ms
E/NetworkScheduler.SchedulerReceiver(30376): Invalid parameter app
E/NetworkScheduler.SchedulerReceiver(30376): Invalid package name : Perhaps you didn't include a PendingIntent in the extras?
I/PackageManager( 1016): Adding preferred activity ComponentInfo{com.android.mms/com.android.mms.ui.ComposeMessageActivity} for user 0 :
I/PackageManager( 1016):   Action: "android.intent.action.SENDTO"
I/PackageManager( 1016):   Category: "android.intent.category.DEFAULT"
I/PackageManager( 1016):   Scheme: "sms"
D/PackageBroadcastService(30409): Received broadcast action=android.intent.action.PACKAGE_REMOVED and uri=com.giftme.fb_auth
I/PackageManager( 1016): Adding preferred activity ComponentInfo{com.android.mms/com.android.mms.ui.ComposeMessageActivity} for user 0 :
I/PackageManager( 1016):   Action: "android.intent.action.SENDTO"
I/PackageManager( 1016):   Category: "android.intent.category.DEFAULT"
I/PackageManager( 1016):   Scheme: "smsto"
I/ActivityManager( 1016): Start proc com.facebook.katana:dash for broadcast com.facebook.katana/com.facebook.dash.receivers.DashPackageUninstallReceiver: pid=21688 uid=10110 gids={50110, 1028, 1015, 3003}
I/PackageManager( 1016): Adding preferred activity ComponentInfo{com.android.mms/com.android.mms.ui.ComposeMessageActivity} for user 0 :
I/PackageManager( 1016):   Action: "android.intent.action.SENDTO"
I/PackageManager( 1016):   Category: "android.intent.category.DEFAULT"
I/PackageManager( 1016):   Scheme: "mms"
I/PackageManager( 1016): Adding preferred activity ComponentInfo{com.android.mms/com.android.mms.ui.ComposeMessageActivity} for user 0 :
I/PackageManager( 1016):   Action: "android.intent.action.SENDTO"
I/PackageManager( 1016):   Category: "android.intent.category.DEFAULT"
I/PackageManager( 1016):   Scheme: "mmsto"
I/ConfigFetchService(30409): onStartCommand Intent { act=android.intent.action.PACKAGE_REMOVED dat=package:com.giftme.fb_auth cmp=com.google.android.gms/.config.ConfigFetchService (has extras) }
I/PackageManager( 1016): Adding preferred activity ComponentInfo{com.android.mms/com.android.mms.ui.ComposeMessageActivity} for user 0 :
I/PackageManager( 1016):   Action: "android.intent.action.SENDTO"
I/PackageManager( 1016):   Category: "android.intent.category.DEFAULT"
I/PackageManager( 1016):   Scheme: "sms"
I/ConfigFetchService(30409): service connected
I/PackageManager( 1016): Adding preferred activity ComponentInfo{com.android.mms/com.android.mms.ui.ComposeMessageActivity} for user 0 :
I/PackageManager( 1016):   Action: "android.intent.action.SENDTO"
I/PackageManager( 1016):   Category: "android.intent.category.DEFAULT"
I/PackageManager( 1016):   Scheme: "smsto"
I/PackageManager( 1016): Adding preferred activity ComponentInfo{com.android.mms/com.android.mms.ui.ComposeMessageActivity} for user 0 :
I/PackageManager( 1016):   Action: "android.intent.action.SENDTO"
I/PackageManager( 1016):   Category: "android.intent.category.DEFAULT"
I/PackageManager( 1016):   Scheme: "mms"
I/PackageManager( 1016): Adding preferred activity ComponentInfo{com.android.mms/com.android.mms.ui.ComposeMessageActivity} for user 0 :
I/PackageManager( 1016):   Action: "android.intent.action.SENDTO"
I/PackageManager( 1016):   Category: "android.intent.category.DEFAULT"
I/PackageManager( 1016):   Scheme: "mmsto"
W/dalvikvm(21688): VFY: unable to resolve static field 27745 (a) in Lcom/facebook/katana/app/WorkAppTypes;
D/dalvikvm(21688): VFY: replacing opcode 0x62 at 0x0013
W/dalvikvm(21688): VFY: unable to resolve static field 27746 (b) in Lcom/facebook/katana/app/WorkAppTypes;
D/dalvikvm(21688): VFY: replacing opcode 0x62 at 0x001d
E/dalvikvm(21688): Could not find class 'com.facebook.katana.app.WallpaperFacebookApplicationImpl', referenced from method com.facebook.katana.app.FacebookApplication.a
W/dalvikvm(21688): VFY: unable to resolve new-instance 427 (Lcom/facebook/katana/app/WallpaperFacebookApplicationImpl;) in Lcom/facebook/katana/app/FacebookApplication;
D/dalvikvm(21688): VFY: replacing opcode 0x22 at 0x00a9
D/dalvikvm(21688): DexOpt: unable to opt direct call 0x05a5 at 0xab in Lcom/facebook/katana/app/FacebookApplication;.a
D/CatchMeIfYouCan(21688): Process (dash) ca: '/data/data/com.facebook.katana/app_cmiyc/0C66B38F48468E96F8008B6D5A2AE33B4A60265E01'
D/CatchMeIfYouCan(21688): Process (dash) fc: '/data/data/com.facebook.katana/app_cmiyc/0C66B38F48468E96F8008B6D5A2AE33B4A60265E02'
D/CatchMeIfYouCan(21688): Process (dash) cp: '('dash', 6, 60000, silent [true], restart [true], logout [true])'
D/ACRA    (21688): ACRA is enabled for com.facebook.katana, intializing...
D/ACRA    (21688): Looking for error files in /data/data/com.facebook.katana/app_acra-reports
D/ACRA    (21688): Looking for error files in /data/data/com.facebook.katana/app_minidumps
D/dalvikvm(21688): Trying to load lib /data/app-lib/com.facebook.katana-1/libgnustl_shared.so 0x42790bf0
D/dalvikvm(21688): Added shared lib /data/app-lib/com.facebook.katana-1/libgnustl_shared.so 0x42790bf0
D/dalvikvm(21688): No JNI_OnLoad found in /data/app-lib/com.facebook.katana-1/libgnustl_shared.so 0x42790bf0, skipping init
D/dalvikvm(21688): Trying to load lib /data/app-lib/com.facebook.katana-1/libfb_breakpad_client.so 0x42790bf0
D/dalvikvm(21688): Added shared lib /data/app-lib/com.facebook.katana-1/libfb_breakpad_client.so 0x42790bf0
D/dalvikvm(21688): No JNI_OnLoad found in /system/lib/libstdc++.so 0x42790bf0, skipping init
D/dalvikvm(21688): Trying to load lib /data/app-lib/com.facebook.katana-1/libsigmux.so 0x42790bf0
D/dalvikvm(21688): Added shared lib /data/app-lib/com.facebook.katana-1/libsigmux.so 0x42790bf0
D/dalvikvm(21688): No JNI_OnLoad found in /data/app-lib/com.facebook.katana-1/libsigmux.so 0x42790bf0, skipping init
D/dalvikvm(21688): Trying to load lib /data/app-lib/com.facebook.katana-1/libdistract.so 0x42790bf0
D/dalvikvm(21688): Added shared lib /data/app-lib/com.facebook.katana-1/libdistract.so 0x42790bf0
D/dalvikvm(21688): No JNI_OnLoad found in /data/app-lib/com.facebook.katana-1/libdistract.so 0x42790bf0, skipping init
D/dalvikvm(21688): Trying to load lib /data/app-lib/com.facebook.katana-1/libfb_dalvik-internals.so 0x42790bf0
D/dalvikvm(21688): Added shared lib /data/app-lib/com.facebook.katana-1/libfb_dalvik-internals.so 0x42790bf0
V/DexLibLoader(21688): about to lock: /data/data/com.facebook.katana/mdex_lock
V/DexLibLoader(21688): locking /data/data/com.facebook.katana/mdex_lock took 1 ms
V/DexLibLoader(21688): Secondary program dex metadata: secondary-1.dex.jar.xz c0d34653f435a7e59cc5f46e9bd47feaf68b0041 secondary.dex01.Canary
V/DexLibLoader(21688): Secondary program dex metadata: secondary-2.dex.jar.xz 3651d03ae513595a1029ff9eae54d36128fdeb5e secondary.dex02.Canary
V/DexLibLoader(21688): Secondary program dex metadata: secondary-3.dex.jar.xz 020c6d0135a14f0280ede88da3e858d29f1b9ed5 secondary.dex03.Canary
V/DexLibLoader(21688): Secondary program dex metadata: secondary-4.dex.jar.xz 3cf3244a0d1c3e39128f7b89ad90b4842a36a05f secondary.dex04.Canary
V/DexLibLoader(21688): Secondary program dex metadata: secondary-5.dex.jar.xz 666d745bfcb3c0496ae90e343db057d6082ce0c3 secondary.dex05.Canary
V/DexLibLoader(21688): Secondary program dex metadata: secondary-6.dex.jar.xz 0089f1fba5ba3a3fb61d98c516e2bbc2e6adfa05 secondary.dex06.Canary
V/DexLibLoader(21688): Secondary program dex metadata: secondary-7.dex.jar.xz 7cecb34308ef8d54acae00b06e3ade52d8da6d49 secondary.dex07.Canary
V/DexLibLoader(21688): directory "/data/data/com.facebook.katana/app_secondary_program_dex" contains "program-c0d34653f435a7e59cc5f46e9bd47feaf68b00416661a1c7.dex.jar" as expected
V/DexLibLoader(21688): directory "/data/data/com.facebook.katana/app_secondary_program_dex" contains "program-3651d03ae513595a1029ff9eae54d36128fdeb5e6661a1c7.dex.jar" as expected
V/DexLibLoader(21688): directory "/data/data/com.facebook.katana/app_secondary_program_dex" contains "program-020c6d0135a14f0280ede88da3e858d29f1b9ed56661a1c7.dex.jar" as expected
V/DexLibLoader(21688): directory "/data/data/com.facebook.katana/app_secondary_program_dex" contains "program-3cf3244a0d1c3e39128f7b89ad90b4842a36a05f6661a1c7.dex.jar" as expected
V/DexLibLoader(21688): directory "/data/data/com.facebook.katana/app_secondary_program_dex" contains "program-666d745bfcb3c0496ae90e343db057d6082ce0c36661a1c7.dex.jar" as expected
V/DexLibLoader(21688): directory "/data/data/com.facebook.katana/app_secondary_program_dex" contains "program-0089f1fba5ba3a3fb61d98c516e2bbc2e6adfa056661a1c7.dex.jar" as expected
V/DexLibLoader(21688): directory "/data/data/com.facebook.katana/app_secondary_program_dex" contains "program-7cecb34308ef8d54acae00b06e3ade52d8da6d496661a1c7.dex.jar" as expected
D/DexLibLoader(21688): ignoring file "program-c0d34653f435a7e59cc5f46e9bd47feaf68b00416661a1c7.dex.odex" in "/data/data/com.facebook.katana/app_secondary_program_dex"
D/DexLibLoader(21688): ignoring file "program-3651d03ae513595a1029ff9eae54d36128fdeb5e6661a1c7.dex.odex" in "/data/data/com.facebook.katana/app_secondary_program_dex"
D/DexLibLoader(21688): ignoring file "program-020c6d0135a14f0280ede88da3e858d29f1b9ed56661a1c7.dex.odex" in "/data/data/com.facebook.katana/app_secondary_program_dex"
D/DexLibLoader(21688): ignoring file "program-3cf3244a0d1c3e39128f7b89ad90b4842a36a05f6661a1c7.dex.odex" in "/data/data/com.facebook.katana/app_secondary_program_dex"
D/DexLibLoader(21688): ignoring file "program-666d745bfcb3c0496ae90e343db057d6082ce0c36661a1c7.dex.odex" in "/data/data/com.facebook.katana/app_secondary_program_dex"
D/DexLibLoader(21688): ignoring file "program-0089f1fba5ba3a3fb61d98c516e2bbc2e6adfa056661a1c7.dex.odex" in "/data/data/com.facebook.katana/app_secondary_program_dex"
D/DexLibLoader(21688): ignoring file "program-7cecb34308ef8d54acae00b06e3ade52d8da6d496661a1c7.dex.odex" in "/data/data/com.facebook.katana/app_secondary_program_dex"
D/DexLibLoader(21688): directory "/data/data/com.facebook.katana/app_secondary_program_dex" is valid
D/DexLibLoader(21688): ignoring file "primary_deps" in "/data/data/com.facebook.katana/app_secondary_program_dex_opt"
V/DexLibLoader(21688): directory "/data/data/com.facebook.katana/app_secondary_program_dex_opt" contains "program-c0d34653f435a7e59cc5f46e9bd47feaf68b00416661a1c7.dex.dex" as expected
V/DexLibLoader(21688): directory "/data/data/com.facebook.katana/app_secondary_program_dex_opt" contains "program-3651d03ae513595a1029ff9eae54d36128fdeb5e6661a1c7.dex.dex" as expected
V/DexLibLoader(21688): directory "/data/data/com.facebook.katana/app_secondary_program_dex_opt" contains "program-020c6d0135a14f0280ede88da3e858d29f1b9ed56661a1c7.dex.dex" as expected
V/DexLibLoader(21688): directory "/data/data/com.facebook.katana/app_secondary_program_dex_opt" contains "program-3cf3244a0d1c3e39128f7b89ad90b4842a36a05f6661a1c7.dex.dex" as expected
V/DexLibLoader(21688): directory "/data/data/com.facebook.katana/app_secondary_program_dex_opt" contains "program-666d745bfcb3c0496ae90e343db057d6082ce0c36661a1c7.dex.dex" as expected
V/DexLibLoader(21688): directory "/data/data/com.facebook.katana/app_secondary_program_dex_opt" contains "program-0089f1fba5ba3a3fb61d98c516e2bbc2e6adfa056661a1c7.dex.dex" as expected
V/DexLibLoader(21688): directory "/data/data/com.facebook.katana/app_secondary_program_dex_opt" contains "program-7cecb34308ef8d54acae00b06e3ade52d8da6d496661a1c7.dex.dex" as expected
D/DexLibLoader(21688): directory "/data/data/com.facebook.katana/app_secondary_program_dex_opt" is valid
D/DexLibLoader(21688): loading pre-built cross-dex opt odex files
V/dalvik-internals(21688): hooked dvmResolveClass using jump ()
V/dalvik-internals(21688): hooked dvmFlushBreakpoints using jump ()
V/MultiDexClassLoader(21688): installing MultiDexClassLoader before application classloader
I/dalvikvm(21688): Could not find method dalvik.system.DexFile.loadClassBinaryName, referenced from method com.facebook.common.dextricks.DexFileLoadOld.a
W/dalvikvm(21688): VFY: unable to resolve virtual method 2807: Ldalvik/system/DexFile;.loadClassBinaryName (Ljava/lang/String;Ljava/lang/ClassLoader;)Ljava/lang/Class;
D/dalvikvm(21688): VFY: replacing opcode 0x6e at 0x0000
D/DexLibLoader(21688): released odex store lock
D/DexLibLoader(21688): DexLibLoader.loadAll took 73 ms
D/MemoryReductionHack(21688): Marked as initialized entry corresponding to path /data/app/com.facebook.katana-1.apk
V/dalvik-internals(21688): hooked dvmLinearAlloc using jump ()
V/dalvik-internals(21688): hooked dvmLinearRealloc using jump ()
V/dalvik-internals(21688): hooked dvmLinearFree using jump ()
V/dalvik-internals(21688): hooked dvmLinearStrdup using jump ()
V/dalvik-internals(21688): hooked dvmLinearAllocContains using jump ()
I/dalvik-internals(21688): enlarged linearalloc buffer to 33554432 bytes
E/cutils  (  261): Failed to mkdirat(/storage/sdcard1/Android): Read-only file system
W/Vold    (  261): Returning OperationFailed - no handler for errno 30
W/ContextImpl(21688): Failed to ensure directory: /storage/sdcard1/Android/data/com.facebook.katana/cache
D/dalvikvm(21688): Trying to load lib /data/app-lib/com.facebook.katana-1/libdextr.so 0x42790bf0
D/dalvikvm(21688): Added shared lib /data/app-lib/com.facebook.katana-1/libdextr.so 0x42790bf0
I/Dextr   (21688): LogQueue params desc: IIJIIIJJ
D/WifiStateMachine( 1016): handleMessage: E msg.what=151572
D/WifiStateMachine( 1016): processMsg: ConnectedState
D/WifiStateMachine( 1016): processMsg: L2ConnectedState
D/WifiStateMachine( 1016): handleMessage: X
W/StaticBindingVerifier(21688): Verify
I/dalvikvm(21688): Could not find method com.facebook.resources.FbResources.getDrawable, referenced from method com.facebook.resources.impl.DownloadedFbResources.getDrawable
W/dalvikvm(21688): VFY: unable to resolve virtual method 46880: Lcom/facebook/resources/FbResources;.getDrawable (ILandroid/content/res/Resources$Theme;)Landroid/graphics/drawable/Drawable;
D/dalvikvm(21688): VFY: replacing opcode 0x6f at 0x0031
D/WifiService( 1016): New client listening to asynchronous messages
I/InternalIcingCorporaPro(20597): Updating corpora: APPS=com.giftme.fb_auth, CONTACTS=MAYBE
I/InternalIcingCorporaPro(20597): UpdateCorporaTask done [took 45 ms] updated apps [took 45 ms] 
I/ActivityManager( 1016): Killing 21463:com.android.defcontainer/u0a13 (adj 15): empty #9
W/ContextImpl( 1231): Calling a method in the system process without a qualified user: android.app.ContextImpl.sendBroadcast:1252 android.content.ContextWrapper.sendBroadcast:365 com.motorola.motocare.util.TriggerHelper$TriggerBuilder.send:76 com.motorola.motocare.internal.frameworkevents.ProcessKillTrigger.sendTrigger:147 com.motorola.motocare.internal.frameworkevents.ProcessKillTrigger.handleFrameworkEvent:164 
I/com.amazon.identity.auth.device.authorization.PackageIntentReceiver(17893): Package Intent Received. Clearing Service Data. action=android.intent.action.PACKAGE_ADDED
I/com.amazon.identity.auth.device.authorization.ThirdPartyServiceHelper(17893): Clearing Highest Versioned Service
D/PackageBroadcastService(30409): Received broadcast action=android.intent.action.PACKAGE_ADDED and uri=com.giftme.fb_auth
I/ActivityManager( 1016): Start proc com.google.android.apps.magazines for broadcast com.google.android.apps.magazines/com.google.apps.dots.android.app.receiver.FirstInstallNotificationReceiver: pid=21738 uid=10077 gids={50077, 3003, 1028, 1015}
I/ConfigFetchService(30409): onStartCommand Intent { act=android.intent.action.PACKAGE_ADDED dat=package:com.giftme.fb_auth cmp=com.google.android.gms/.config.ConfigFetchService (has extras) }
I/ConfigFetchService(30409): launchTask
I/ConfigFetchService(30409): service connected
I/PeopleContactsSync(30409): CP2 sync disabled
D/ConfigFetchService(30409): ConfigApi connection successful.
D/dalvikvm(30409): GC_CONCURRENT freed 1918K, 33% free 12954K/19304K, paused 4ms+4ms, total 47ms
V/WebViewChromiumFactoryProvider(21738): Binding Chromium to main looper Looper (main, tid 1) {4278c050}
I/LibraryLoader(21738): Expected native library version number "",actual native library version number ""
I/chromium(21738): [INFO:library_loader_hooks.cc(116)] Chromium logging enabled: level = 0, default verbosity = 0
I/BrowserStartupController(21738): Initializing chromium process, renderers=0
E/AudioManagerAndroid(21738): BLUETOOTH permission is missing!
I/Adreno-EGL(21738): <qeglDrvAPI_eglInitialize:410>: EGL 1.4 QUALCOMM build: AU_LINUX_ANDROID_LNX.LA.3.5.1_RB1.04.04.02.048.018_msm8226_LNX.LA.3.5.1_RB1__release_AU ()
I/Adreno-EGL(21738): OpenGL ES Shader Compiler Version: E031.24.00.08
I/Adreno-EGL(21738): Build Date: 03/07/14 Fri
I/Adreno-EGL(21738): Local Branch: 
I/Adreno-EGL(21738): Remote Branch: quic/LNX.LA.3.5.1_RB1.1
I/Adreno-EGL(21738): Local Patches: NONE
I/Adreno-EGL(21738): Reconstruct Branch: AU_LINUX_ANDROID_LNX.LA.3.5.1_RB1.04.04.02.048.018 + f2fd134 +  NOTHING
W/chromium(21738): [WARNING:proxy_service.cc(890)] PAC support disabled because there is no system implementation
E/dalvikvm(21688): Could not find class 'org.apache.harmony.xnet.provider.jsse.OpenSSLSocketImpl', referenced from method com.facebook.ssl.openssl.check.CheckOpenSSLImplHasRequiredMethods.<clinit>
W/dalvikvm(21688): VFY: unable to resolve const-class 9937 (Lorg/apache/harmony/xnet/provider/jsse/OpenSSLSocketImpl;) in Lcom/facebook/ssl/openssl/check/CheckOpenSSLImplHasRequiredMethods;
D/dalvikvm(21688): VFY: replacing opcode 0x1c at 0x000d
E/dalvikvm(21688): Could not find class 'org.apache.harmony.xnet.provider.jsse.OpenSSLSocketFactoryImpl', referenced from method com.facebook.ssl.openssl.reflect.SSLParametersGetter.<clinit>
W/dalvikvm(21688): VFY: unable to resolve const-class 9936 (Lorg/apache/harmony/xnet/provider/jsse/OpenSSLSocketFactoryImpl;) in Lcom/facebook/ssl/openssl/reflect/SSLParametersGetter;
D/dalvikvm(21688): VFY: replacing opcode 0x1c at 0x000d
E/dalvikvm(21688): Could not find class 'org.apache.harmony.xnet.provider.jsse.SSLParametersImpl', referenced from method com.facebook.ssl.openssl.reflect.SSLParametersGetter.a
W/dalvikvm(21688): VFY: unable to resolve check-cast 9939 (Lorg/apache/harmony/xnet/provider/jsse/SSLParametersImpl;) in Lcom/facebook/ssl/openssl/reflect/SSLParametersGetter;
D/dalvikvm(21688): VFY: replacing opcode 0x1f at 0x0006
E/dalvikvm(21688): Could not find class 'org.apache.harmony.xnet.provider.jsse.SSLParametersImpl', referenced from method com.facebook.ssl.openssl.reflect.SSLSessionTimeoutSetter.<clinit>
W/dalvikvm(21688): VFY: unable to resolve const-class 9939 (Lorg/apache/harmony/xnet/provider/jsse/SSLParametersImpl;) in Lcom/facebook/ssl/openssl/reflect/SSLSessionTimeoutSetter;
D/dalvikvm(21688): VFY: replacing opcode 0x1c at 0x000d
W/dalvikvm(21688): VFY: unable to find class referenced in signature (Lorg/apache/harmony/xnet/provider/jsse/SSLParametersImpl;)
E/dalvikvm(21688): Could not find class 'org.apache.harmony.xnet.provider.jsse.ClientSessionContext', referenced from method com.facebook.ssl.openssl.reflect.SSLSessionTimeoutSetter.a
W/dalvikvm(21688): VFY: unable to resolve check-cast 9935 (Lorg/apache/harmony/xnet/provider/jsse/ClientSessionContext;) in Lcom/facebook/ssl/openssl/reflect/SSLSessionTimeoutSetter;
D/dalvikvm(21688): VFY: replacing opcode 0x1f at 0x0006
W/dalvikvm(21688): VFY: unable to find class referenced in signature (Lorg/apache/harmony/xnet/provider/jsse/SSLParametersImpl;)
W/dalvikvm(21688): Unable to resolve superclass of Lcom/facebook/ssl/openssl/TicketEnabledOpenSSLSocketImplWrapper; (9938)
W/dalvikvm(21688): Link of class 'Lcom/facebook/ssl/openssl/TicketEnabledOpenSSLSocketImplWrapper;' failed
E/dalvikvm(21688): Could not find class 'com.facebook.ssl.openssl.TicketEnabledOpenSSLSocketImplWrapper', referenced from method com.facebook.ssl.openssl.TicketEnabledOpenSSLSocketFactoryHelper.a
W/dalvikvm(21688): VFY: unable to resolve new-instance 7703 (Lcom/facebook/ssl/openssl/TicketEnabledOpenSSLSocketImplWrapper;) in Lcom/facebook/ssl/openssl/TicketEnabledOpenSSLSocketFactoryHelper;
D/dalvikvm(21688): VFY: replacing opcode 0x22 at 0x0000
W/dalvikvm(21688): Unable to resolve superclass of Lcom/facebook/ssl/openssl/TicketEnabledOpenSSLSocketImplWrapper; (9938)
W/dalvikvm(21688): Link of class 'Lcom/facebook/ssl/openssl/TicketEnabledOpenSSLSocketImplWrapper;' failed
D/dalvikvm(21688): DexOpt: unable to opt direct call 0xbd3a at 0x08 in Lcom/facebook/ssl/openssl/TicketEnabledOpenSSLSocketFactoryHelper;.a
D/dalvikvm(21688): Trying to load lib /data/app-lib/com.facebook.katana-1/libfb.so 0x42790bf0
D/dalvikvm(21688): Added shared lib /data/app-lib/com.facebook.katana-1/libfb.so 0x42790bf0
D/dalvikvm(21688): No JNI_OnLoad found in /data/app-lib/com.facebook.katana-1/libfb.so 0x42790bf0, skipping init
D/dalvikvm(21688): Trying to load lib /data/app-lib/com.facebook.katana-1/libfbjni.so 0x42790bf0
D/dalvikvm(21688): Added shared lib /data/app-lib/com.facebook.katana-1/libfbjni.so 0x42790bf0
D/dalvikvm(21688): Trying to load lib /data/app-lib/com.facebook.katana-1/libheartbleed.so 0x42790bf0
D/dalvikvm(21688): Added shared lib /data/app-lib/com.facebook.katana-1/libheartbleed.so 0x42790bf0
D/dalvikvm(21688): Trying to load lib /data/app-lib/com.facebook.katana-1/libcares.so 0x42790bf0
D/dalvikvm(21688): Added shared lib /data/app-lib/com.facebook.katana-1/libcares.so 0x42790bf0
D/dalvikvm(21688): No JNI_OnLoad found in /data/app-lib/com.facebook.katana-1/libcares.so 0x42790bf0, skipping init
D/dalvikvm(21688): Trying to load lib /data/app-lib/com.facebook.katana-1/libdouble-conversion.so 0x42790bf0
D/dalvikvm(21688): Added shared lib /data/app-lib/com.facebook.katana-1/libdouble-conversion.so 0x42790bf0
D/dalvikvm(21688): No JNI_OnLoad found in /data/app-lib/com.facebook.katana-1/libdouble-conversion.so 0x42790bf0, skipping init
D/dalvikvm(21688): Trying to load lib /data/app-lib/com.facebook.katana-1/libevent.so 0x42790bf0
D/dalvikvm(21688): Added shared lib /data/app-lib/com.facebook.katana-1/libevent.so 0x42790bf0
D/dalvikvm(21688): No JNI_OnLoad found in /data/app-lib/com.facebook.katana-1/libevent.so 0x42790bf0, skipping init
D/dalvikvm(21688): Trying to load lib /data/app-lib/com.facebook.katana-1/libliger.so 0x42790bf0
W/GAV2    (21738): Thread[main,5,main]: Need to call initialize() and be in fallback mode to start dispatch.
E/cutils  (  261): Failed to mkdirat(/storage/sdcard1/Android): Read-only file system
W/Vold    (  261): Returning OperationFailed - no handler for errno 30
W/ContextImpl(21738): Failed to ensure directory: /storage/sdcard1/Android/data/com.google.android.apps.magazines/cache
W/BroadcastQueue( 1016): Permission Denial: broadcasting Intent { act=android.net.conn.INET_CONDITION_ACTION flg=0x4000010 (has extras) } from null (pid=-1, uid=-1) requires com.facebook.permission.prod.FB_APP_COMMUNICATION due to registered receiver BroadcastFilter{429b2258 u0 ReceiverList{429ce700 21688 com.facebook.katana:dash/10110/u0 remote:42a6aa18}}
W/BroadcastQueue( 1016): Permission Denial: broadcasting Intent { act=android.net.conn.CONNECTIVITY_CHANGE flg=0x4000010 (has extras) } from null (pid=-1, uid=-1) requires com.facebook.permission.prod.FB_APP_COMMUNICATION due to registered receiver BroadcastFilter{429b2258 u0 ReceiverList{429ce700 21688 com.facebook.katana:dash/10110/u0 remote:42a6aa18}}
D/dalvikvm(21688): Added shared lib /data/app-lib/com.facebook.katana-1/libliger.so 0x42790bf0
I/NSApplication(21738): Starting up...
I/ActivityManager( 1016): Killing 21671:com.android.keychain/1000 (adj 15): empty #9
W/ContextImpl( 1231): Calling a method in the system process without a qualified user: android.app.ContextImpl.sendBroadcast:1252 android.content.ContextWrapper.sendBroadcast:365 com.motorola.motocare.util.TriggerHelper$TriggerBuilder.send:76 com.motorola.motocare.internal.frameworkevents.ProcessKillTrigger.sendTrigger:147 com.motorola.motocare.internal.frameworkevents.ProcessKillTrigger.handleFrameworkEvent:164 
E/NetworkScheduler.SchedulerReceiver(30376): Invalid parameter app
E/NetworkScheduler.SchedulerReceiver(30376): Invalid package name : Perhaps you didn't include a PendingIntent in the extras?
D/PackageBroadcastService(30409): Received broadcast action=android.intent.action.PACKAGE_REPLACED and uri=com.giftme.fb_auth
W/BroadcastQueue( 1016): Permission Denial: broadcasting Intent { act=android.net.conn.CONNECTIVITY_CHANGE flg=0x4000010 (has extras) } from null (pid=-1, uid=-1) requires com.facebook.permission.prod.FB_APP_COMMUNICATION due to registered receiver BroadcastFilter{43ad4010 u0 ReceiverList{43bddad0 21688 com.facebook.katana:dash/10110/u0 remote:43be9910}}
I/PeopleContactsSync(30409): CP2 sync disabled
D/WifiStateMachine( 1016): handleMessage: E msg.what=151572
D/WifiStateMachine( 1016): processMsg: ConnectedState
D/WifiStateMachine( 1016): processMsg: L2ConnectedState
D/WifiStateMachine( 1016): handleMessage: X
D/dalvikvm(21688): GC_EXPLICIT freed 3150K, 35% free 11329K/17224K, paused 4ms+4ms, total 44ms
D/dalvikvm(21688): GC_EXPLICIT freed 63K, 35% free 11327K/17224K, paused 4ms+4ms, total 33ms
D/WifiStateMachine( 1016): handleMessage: E msg.what=131155
D/WifiStateMachine( 1016): processMsg: ConnectedState
D/WifiStateMachine( 1016): processMsg: L2ConnectedState
D/WifiStateMachine( 1016): handleMessage: X
D/WifiStateMachine( 1016): handleMessage: E msg.what=151572
D/WifiStateMachine( 1016): processMsg: ConnectedState
D/WifiStateMachine( 1016): processMsg: L2ConnectedState
D/WifiStateMachine( 1016): handleMessage: X
I/ActivityManager( 1016): START u0 {act=android.intent.action.MAIN cat=[android.intent.category.LAUNCHER] flg=0x10000000 pkg=com.giftme.fb_auth cmp=com.giftme.fb_auth/.FB_Auth} from pid 21597
W/ContextImpl( 1231): Calling a method in the system process without a qualified user: android.app.ContextImpl.sendBroadcast:1252 android.content.ContextWrapper.sendBroadcast:365 com.motorola.motocare.util.TriggerHelper$TriggerBuilder.send:76 com.motorola.motocare.internal.frameworkevents.PauseResumeTrigger.handleFrameworkEvent:53 com.motorola.motocare.internal.frameworkevents.FwEventMonitor$FrameworkListener.processFrameworkEvent:114 
I/ActivityManager( 1016): Start proc com.giftme.fb_auth for activity com.giftme.fb_auth/.FB_Auth: pid=21816 uid=10106 gids={50106, 3003, 1028, 1015}
I/dalvikvm(21816): Enabling JNI app bug workarounds for target SDK version 7...
W/ContextImpl( 1231): Calling a method in the system process without a qualified user: android.app.ContextImpl.sendBroadcast:1252 android.content.ContextWrapper.sendBroadcast:365 com.motorola.motocare.util.TriggerHelper$TriggerBuilder.send:76 com.motorola.motocare.internal.frameworkevents.PauseResumeTrigger.handleFrameworkEvent:53 com.motorola.motocare.internal.frameworkevents.FwEventMonitor$FrameworkListener.processFrameworkEvent:114 
V/PhoneStatusBar( 1078): setLightsOn(true)
I/CordovaLog(21816): Changing log level to DEBUG(3)
D/CordovaActivity(21816): CordovaActivity.init()
I/dalvikvm(21816): Could not find method android.webkit.CookieManager.setAcceptThirdPartyCookies, referenced from method org.apache.cordova.CordovaWebView.initWebViewSettings
W/dalvikvm(21816): VFY: unable to resolve virtual method 6163: Landroid/webkit/CookieManager;.setAcceptThirdPartyCookies (Landroid/webkit/WebView;Z)V
D/dalvikvm(21816): VFY: replacing opcode 0x6e at 0x002a
V/WebViewChromiumFactoryProvider(21816): Binding Chromium to main looper Looper (main, tid 1) {4278cd80}
I/LibraryLoader(21816): Expected native library version number "",actual native library version number ""
I/chromium(21816): [INFO:library_loader_hooks.cc(116)] Chromium logging enabled: level = 0, default verbosity = 0
I/BrowserStartupController(21816): Initializing chromium process, renderers=0
E/AudioManagerAndroid(21816): BLUETOOTH permission is missing!
I/Adreno-EGL(21816): <qeglDrvAPI_eglInitialize:410>: EGL 1.4 QUALCOMM build: AU_LINUX_ANDROID_LNX.LA.3.5.1_RB1.04.04.02.048.018_msm8226_LNX.LA.3.5.1_RB1__release_AU ()
I/Adreno-EGL(21816): OpenGL ES Shader Compiler Version: E031.24.00.08
I/Adreno-EGL(21816): Build Date: 03/07/14 Fri
I/Adreno-EGL(21816): Local Branch: 
I/Adreno-EGL(21816): Remote Branch: quic/LNX.LA.3.5.1_RB1.1
I/Adreno-EGL(21816): Local Patches: NONE
I/Adreno-EGL(21816): Reconstruct Branch: AU_LINUX_ANDROID_LNX.LA.3.5.1_RB1.04.04.02.048.018 + f2fd134 +  NOTHING
W/chromium(21816): [WARNING:proxy_service.cc(890)] PAC support disabled because there is no system implementation
D/CordovaActivity(21816): CordovaActivity.createViews()
W/dalvikvm(21816): VFY: unable to find class referenced in signature (Landroid/webkit/ClientCertRequest;)
W/dalvikvm(21816): VFY: unable to find class referenced in signature (Landroid/webkit/ClientCertRequest;)
I/dalvikvm(21816): Could not find method android.webkit.WebViewClient.onReceivedClientCertRequest, referenced from method org.apache.cordova.CordovaWebViewClient.onReceivedClientCertRequest
