W/PackageManager( 1016): Unknown permission com.nokia.pushnotifications.permission.RECEIVE in package com.facebook.katana
W/PackageManager( 1016): Unknown permission com.amazon.device.messaging.permission.RECEIVE in package com.facebook.katana
W/PackageManager( 1016): Unknown permission com.google.android.voicesearch.SHORTCUTS_ACCESS in package com.google.android.googlequicksearchbox
W/PackageManager( 1016): Unknown permission com.google.android.voicesearch.ACCESS_SETTINGS in package com.google.android.googlequicksearchbox
W/PackageManager( 1016): Unknown permission com.android.browser.permission.PRELOAD in package com.google.android.googlequicksearchbox
W/PackageManager( 1016): Unknown permission com.google.android.ears.permission.WRITE in package com.google.android.googlequicksearchbox
W/PackageManager( 1016): Unknown permission com.google.android.apps.googlevoice.permission.AUTO_SEND in package com.google.android.googlequicksearchbox
W/PackageManager( 1016): Unknown permission com.google.android.launcher.permission.CONTENT_REDIRECT in package com.google.android.googlequicksearchbox
W/PackageManager( 1016): Unknown permission com.motorola.permission.ACCESS_WIFI_AUTONOMOUS in package com.motorola.context
W/PackageManager( 1016): Unknown permission com.motorola.slpc.permission.BIND_SERVICE in package com.motorola.context
W/PackageManager( 1016): Unknown permission com.motorola.audiomonitor.permission.LOCAL in package com.motorola.contextual.smartrules2
W/PackageManager( 1016): Unknown permission com.cequint.ecid.CALLER_ID_LOOKUP in package com.android.dialer
W/PackageManager( 1016): Unknown permission com.motorola.driveactivator.ACCESS_CIDBLOCK in package com.motorola.ccc.ota
W/PackageManager( 1016): Unknown permission android.permission.WRITE_SYNC_STATS in package com.google.android.apps.docs
W/PackageManager( 1016): Unknown permission com.motorola.permission.ACCESS_ADAM in package com.motorola.bach.modemstats
W/PackageManager( 1016): Unknown permission com.motorola.permission.MODIFY_ADAM in package com.motorola.bach.modemstats
W/PackageManager( 1016): Not granting permission android.permission.BIND_DEVICE_ADMIN to package com.motorola.ccc.devicemanagement (protectionLevel=2 flags=0x4088be45)
W/PackageManager( 1016): Unknown permission com.motorola.permission.ACCESS_WIFI_AUTONOMOUS in package com.motorola.motocit
W/PackageManager( 1016): Unknown permission com.motorola.driveactivator.ACCESS_CIDBLOCK in package com.motorola.motocit
W/PackageManager( 1016): Unknown permission android.permission.BODY_SENSORS in package com.motorola.motocit
W/PackageManager( 1016): Unknown permission com.motorola.permission.SET_NAVBAR_BACKGROUNDCOLOR in package com.motorola.MotGallery2
W/PackageManager( 1016): Unknown permission com.motorola.blast.permission.TRIGGER_BLAST_ACTION in package com.motorola.MotGallery2
W/PackageManager( 1016): Unknown permission android.permission.INSTALL_SHORTCUT in package com.whatsapp
W/PackageManager( 1016): Unknown permission android.permission.STORAGE in package com.whatsapp
W/PackageManager( 1016): Unknown permission com.sec.android.provider.badge.permission.READ in package com.whatsapp
W/PackageManager( 1016): Unknown permission com.sec.android.provider.badge.permission.WRITE in package com.whatsapp
W/PackageManager( 1016): Unknown permission com.motorola.permission.CONNMO_SETTINGS in package com.motorola.android.dm.service
W/PackageManager( 1016): Unknown permission com.motorola.permission.SET_NAVBAR_BACKGROUNDCOLOR in package com.motorola.camera
W/PackageManager( 1016): Unknown permission android.permission.MMS_PUSH in package org.codeaurora.bluetooth
W/PackageManager( 1016): Unknown permission com.motorola.blur.service.email.Permissions.ACTION_SEND in package com.motorola.setup
W/PackageManager( 1016): Unknown permission com.motorola.blur.contacts.permission.SOCIAL_CONTACT_WRITE in package com.motorola.setup
W/PackageManager( 1016): Unknown permission com.motorola.blur.contacts.permission.SOCIAL_CONTACT_READ in package com.motorola.setup
W/PackageManager( 1016): Unknown permission android.permission.READ_OWNER_DATA in package com.motorola.setup
W/PackageManager( 1016): Unknown permission android.permission.WRITE_OWNER_DATA in package com.motorola.setup
W/PackageManager( 1016): Unknown permission com.motorola.blur.service.email.Permissions.INTERACT in package com.motorola.setup
W/PackageManager( 1016): Unknown permission com.motorola.digitalpersonalization.permission.READ_CREDENTIALS in package com.motorola.setup
W/PackageManager( 1016): Unknown permission com.motorola.setupwizard.controller.permission.UPDATE_CONTROLLER in package com.motorola.setup
W/PackageManager( 1016): Unknown permission com.motorola.setup.permission.REPORT_BUA_SYNC_STATUS in package com.motorola.setup
W/PackageManager( 1016): Unknown permission com.qualcomm.permission.ACCESS_LOCATION_API in package com.qualcomm.location
W/PackageManager( 1016): Not granting permission android.permission.INTERACT_ACROSS_USERS_FULL to package com.motorola.onetimeinitializer (protectionLevel=2 flags=0x4088be45)
W/PackageManager( 1016): Unknown permission android.permission.RECORD_VIDEO in package com.giftme.fb_auth
W/PackageManager( 1016): Not granting permission com.android.gallery3d.filtershow.permission.READ to package com.google.android.apps.plus (protectionLevel=2 flags=0x98be45)
W/PackageManager( 1016): Not granting permission com.android.gallery3d.filtershow.permission.WRITE to package com.google.android.apps.plus (protectionLevel=2 flags=0x98be45)
W/PackageManager( 1016): Unknown permission com.google.android.gallery3d.permission.PICASA_STORE in package com.google.android.apps.plus
W/PackageManager( 1016): Unknown permission android.permission.REAL_GET_TASKS in package com.android.vending
W/PackageManager( 1016): Not granting permission android.permission.SEND_DOWNLOAD_COMPLETED_INTENTS to package com.android.vending (protectionLevel=2 flags=0x408abec5)
W/PackageManager( 1016): Unknown permission android.permission.SEND_SMS_NO_CONFIRMATION in package com.android.vending
W/PackageManager( 1016): Not granting permission android.permission.FORCE_STOP_PACKAGES to package com.android.vending (protectionLevel=18 flags=0x408abec5)
W/PackageManager( 1016): Unknown permission com.motorola.digitalpersonalization.permission.READ_CREDENTIALS in package com.motorola.ccc.cce
W/PackageManager( 1016): Not granting permission android.permission.MANAGE_DOCUMENTS to package com.google.android.youtube (protectionLevel=2 flags=0x98be45)
W/PackageManager( 1016): Not granting permission android.permission.DEVICE_POWER to package com.android.deskclock (protectionLevel=2 flags=0x40c8be45)
W/PackageManager( 1016): Not granting permission android.permission.READ_DREAM_STATE to package com.google.android.gsf (protectionLevel=2 flags=0x40883e45)
W/PackageManager( 1016): Unknown permission motorola.sprint.permission.READ_OMADM_RUNTIME_DATA in package com.android.keyguard
W/PackageManager( 1016): Unknown permission motorola.sprint.permission.WRITE_OMADM_RUNTIME_DATA in package com.android.keyguard
W/PackageManager( 1016): Unknown permission com.motorola.fingerprintsensor.permission.FINGERPRINT_SENSOR in package com.android.keyguard
W/PackageManager( 1016): Unknown permission com.chrome.permission.DEVICE_EXTRAS in package com.android.chrome
W/PackageManager( 1016): Unknown permission com.sec.enterprise.knox.MDM_CONTENT_PROVIDER in package com.android.chrome
V/BackupManagerService( 1016): restoreAtInstall pkg=com.andrewshu.android.reddit token=19 restoreSet=0
V/BackupManagerService( 1016): Skipping
I/ActivityManager( 1016): Start proc android.process.acore for broadcast com.android.providers.contacts/.PackageIntentReceiver: pid=27164 uid=10010 gids={50010, 3003, 1028, 1015, 1023}
I/PackageManager( 1016): Adding preferred activity ComponentInfo{com.android.mms/com.android.mms.ui.ComposeMessageActivity} for user 0 :
I/PackageManager( 1016): Adding preferred activity ComponentInfo{com.android.mms/com.android.mms.ui.ComposeMessageActivity} for user 0 :
I/PackageManager( 1016): Adding preferred activity ComponentInfo{com.android.mms/com.android.mms.ui.ComposeMessageActivity} for user 0 :
I/PackageManager( 1016): Adding preferred activity ComponentInfo{com.android.mms/com.android.mms.ui.ComposeMessageActivity} for user 0 :
I/PackageManager( 1016): Adding preferred activity ComponentInfo{com.android.mms/com.android.mms.ui.ComposeMessageActivity} for user 0 :
I/PackageManager( 1016): Adding preferred activity ComponentInfo{com.android.mms/com.android.mms.ui.ComposeMessageActivity} for user 0 :
I/PackageManager( 1016): Adding preferred activity ComponentInfo{com.android.mms/com.android.mms.ui.ComposeMessageActivity} for user 0 :
I/SFPerfTracer(  278):      triggers: (rate: 32:28377) (87847 sw vsyncs) (50638 skipped) (0:145687 vsyncs) (2:251491)
I/ActivityManager( 1016): Process system:ui (pid 26569) has died.
I/PackageManager( 1016): Adding preferred activity ComponentInfo{com.android.mms/com.android.mms.ui.ComposeMessageActivity} for user 0 :
I/ActivityManager( 1016): Start proc com.google.android.partnersetup for broadcast com.google.android.partnersetup/.RlzPingBroadcastReceiver: pid=27187 uid=10025 gids={50025, 3003}
W/Vold    (  261): Returning OperationFailed - no handler for errno 30
I/ActivityManager( 1016): Start proc com.motorola.MotGallery2 for broadcast com.motorola.MotGallery2/com.android.gallery3d.app.PackagesMonitor: pid=27203 uid=10034 gids={50034, 3003, 1028, 1015}
I/ActivityManager( 1016): Process com.motorola.setup (pid 26361) has died.
I/ActivityManager( 1016): Start proc com.google.android.googlequicksearchbox:search for broadcast com.google.android.googlequicksearchbox/com.google.android.search.core.summons.icing.InternalIcingCorporaProvider$CorporaChangedReceiver: pid=27220 uid=10045 gids={50045, 3003, 1028, 3002, 1015}
I/ActivityManager( 1016): Start proc com.google.android.apps.docs for broadcast com.google.android.apps.docs/.receivers.AppPackageAddRemoveReceiver: pid=27235 uid=10060 gids={50060, 3003, 1028, 1015}
I/ActivityManager( 1016): Process com.devexpert.weather (pid 26426) has died.
I/ActivityManager( 1016): Process com.android.defcontainer (pid 27135) has died.
D/BackupManagerService( 1016): Received broadcast Intent { act=android.intent.action.PACKAGE_ADDED dat=package:com.andrewshu.android.reddit flg=0x4000010 (has extras) }
V/BackupManagerService( 1016): addPackageParticipantsLocked: #1
I/BackupManagerService( 1016): Scheduling backup for new app com.andrewshu.android.reddit
D/BackupManagerService( 1016): Now staging backup of com.andrewshu.android.reddit
I/ActivityManager( 1016): Start proc com.google.android.apps.plus for broadcast com.google.android.apps.plus/.service.PackagesMediaMonitor: pid=27261 uid=10090 gids={50090, 3003, 3002, 1028, 1015}
I/ActivityManager( 1016): Start proc com.imangi.templerun2 for broadcast com.imangi.templerun2/com.amazon.identity.auth.device.authorization.PackageIntentReceiver: pid=27289 uid=10111 gids={50111, 1028, 1015, 3003}
I/ActivityManager( 1016): Process com.motorola.MotGallery2 (pid 27203) has died.
I/ActivityManager( 1016): Process com.google.android.apps.docs (pid 27235) has died.
I/ActivityManager( 1016): START u0 {act=android.intent.action.MAIN cat=[android.intent.category.LAUNCHER] flg=0x10000000 pkg=com.andrewshu.android.reddit cmp=com.andrewshu.android.reddit/.MainActivity} from pid 18319
W/ContextImpl( 1231): Calling a method in the system process without a qualified user: android.app.ContextImpl.sendBroadcast:1252 android.content.ContextWrapper.sendBroadcast:365 com.motorola.motocare.util.TriggerHelper$TriggerBuilder.send:76 com.motorola.motocare.internal.frameworkevents.PauseResumeTrigger.handleFrameworkEvent:53 com.motorola.motocare.internal.frameworkevents.FwEventMonitor$FrameworkListener.processFrameworkEvent:114 
I/ActivityManager( 1016): Start proc com.andrewshu.android.reddit for activity com.andrewshu.android.reddit/.MainActivity: pid=27318 uid=10114 gids={50114, 3003, 1028, 1015}
W/ContextImpl( 1231): Calling a method in the system process without a qualified user: android.app.ContextImpl.sendBroadcast:1252 android.content.ContextWrapper.sendBroadcast:365 com.motorola.motocare.util.TriggerHelper$TriggerBuilder.send:76 com.motorola.motocare.internal.frameworkevents.PauseResumeTrigger.handleFrameworkEvent:53 com.motorola.motocare.internal.frameworkevents.FwEventMonitor$FrameworkListener.processFrameworkEvent:114 
W/Vold    (  261): Returning OperationFailed - no handler for errno 30
I/SFPerfTracer(  278):      triggers: (rate: 38:2774) (compose: 0:13) (post: 0:2) (render: 8:404) (16:54213 frames) (17:145221)
D/SFPerfTracer(  278):        layers: (4:10) (DimLayer: 0:65)* (DimLayer: 0:25)* (FocusedStackFrame: 1:1419)* (StatusBar: 0:8206) (NavigationBar: 0:10098) (DimLayer: 0:2265)* (DimLayer: 1:256) (com.android.wallpaper.fall.FallWallpaper: 0:16443)* (com.android.vending/com.google.android.finsky.activities.MainActivity: 16:324) (Starting com.andrewshu.android.reddit: 2:4)* 
I/LaunchCheckinHandler( 1016): Displayed com.andrewshu.android.reddit/.MainActivity,cp,ca,1842
I/SFPerfTracer(  278):      triggers: (rate: 32:28377) (87847 sw vsyncs) (50638 skipped) (23:145782 vsyncs) (25:251610)
I/SFPerfTracer(  278):       trigger: render     (32.593 ms)	(7.593 ms off for 5 triggers)	(5 triggers)	(8 renders)
I/ActivityManager( 1016): Process com.google.android.googlequicksearchbox:search (pid 27220) has died.
W/Vold    (  261): Returning OperationFailed - no handler for errno 30
W/Vold    (  261): Returning OperationFailed - no handler for errno 30
I/ActivityManager( 1016): Process com.google.android.partnersetup (pid 27187) has died.
W/Vold    (  261): Returning OperationFailed - no handler for errno 30
W/Vold    (  261): Returning OperationFailed - no handler for errno 30
W/Vold    (  261): Returning OperationFailed - no handler for errno 30
W/Vold    (  261): Returning OperationFailed - no handler for errno 30
W/Vold    (  261): Returning OperationFailed - no handler for errno 30
W/Vold    (  261): Returning OperationFailed - no handler for errno 30
W/Vold    (  261): Returning OperationFailed - no handler for errno 30
W/Vold    (  261): Returning OperationFailed - no handler for errno 30
I/SFPerfTracer(  278):      triggers: (rate: 38:2775) (compose: 0:13) (post: 0:2) (render: 9:412) (0:54250 frames) (1:145321)
D/SFPerfTracer(  278):        layers: (5:12) (DimLayer: 0:65)* (DimLayer: 0:25)* (FocusedStackFrame: 0:1423)* (StatusBar: 0:8235) (NavigationBar: 0:10098) (DimLayer: 0:2275) (DimLayer: 0:257)* (com.android.wallpaper.fall.FallWallpaper: 0:16443)* (com.android.vending/com.google.android.finsky.activities.MainActivity: 0:326)* (Starting com.andrewshu.android.reddit: 0:39)* (com.andrewshu.android.reddit/com.andrewshu.android.reddit.MainActivity: 0:9) (com.andrewshu.android.reddit/com.andrewshu.android.reddit.MainActivity: 1:46) 
I/SFPerfTracer(  278):      triggers: (rate: 32:28377) (87847 sw vsyncs) (50638 skipped) (15:145849 vsyncs) (17:251714)
V/AlarmManager( 1016): sending alarm Alarm{4433ecb8 type 0 com.android.vending}
W/Vold    (  261): Returning OperationFailed - no handler for errno 30
I/SFPerfTracer(  278):      triggers: (rate: 38:2775) (compose: 0:13) (post: 0:2) (render: 9:412) (0:54263 frames) (1:145421)
D/SFPerfTracer(  278):        layers: (4:11) (DimLayer: 0:65)* (DimLayer: 0:25)* (FocusedStackFrame: 0:1424)* (StatusBar: 0:8235) (NavigationBar: 0:10098) (DimLayer: 0:2287)* (DimLayer: 0:257)* (com.android.wallpaper.fall.FallWallpaper: 0:16443)* (com.andrewshu.android.reddit/com.andrewshu.android.reddit.MainActivity: 0:23)* (com.andrewshu.android.reddit/com.andrewshu.android.reddit.MainActivity: 1:102) (: 0:23) 
W/Vold    (  261): Returning OperationFailed - no handler for errno 30
W/Vold    (  261): Returning OperationFailed - no handler for errno 30
W/Vold    (  261): Returning OperationFailed - no handler for errno 30
I/SFPerfTracer(  278):      triggers: (rate: 32:28377) (87847 sw vsyncs) (50638 skipped) (58:145970 vsyncs) (60:251866)
V/AlarmManager( 1016): sending alarm Alarm{4433de68 type 3 android}
W/ContextImpl( 1231): Calling a method in the system process without a qualified user: android.app.ContextImpl.sendBroadcast:1252 android.content.ContextWrapper.sendBroadcast:365 com.motorola.motocare.util.TriggerHelper$TriggerBuilder.send:76 com.motorola.motocare.internal.frameworkevents.ProcessKillTrigger.sendTrigger:147 com.motorola.motocare.internal.frameworkevents.ProcessKillTrigger.handleLmkKill:337 
W/ContextImpl( 1231): Calling a method in the system process without a qualified user: android.app.ContextImpl.sendBroadcast:1252 android.content.ContextWrapper.sendBroadcast:365 com.motorola.motocare.util.TriggerHelper$TriggerBuilder.send:76 com.motorola.motocare.internal.frameworkevents.ProcessKillTrigger.sendTrigger:147 com.motorola.motocare.internal.frameworkevents.ProcessKillTrigger.handleLmkKill:337 
W/ContextImpl( 1231): Calling a method in the system process without a qualified user: android.app.ContextImpl.sendBroadcast:1252 android.content.ContextWrapper.sendBroadcast:365 com.motorola.motocare.util.TriggerHelper$TriggerBuilder.send:76 com.motorola.motocare.internal.frameworkevents.ProcessKillTrigger.sendTrigger:147 com.motorola.motocare.internal.frameworkevents.ProcessKillTrigger.handleLmkKill:337 
W/ContextImpl( 1231): Calling a method in the system process without a qualified user: android.app.ContextImpl.sendBroadcast:1252 android.content.ContextWrapper.sendBroadcast:365 com.motorola.motocare.util.TriggerHelper$TriggerBuilder.send:76 com.motorola.motocare.internal.frameworkevents.ProcessKillTrigger.sendTrigger:147 com.motorola.motocare.internal.frameworkevents.ProcessKillTrigger.handleLmkKill:337 
W/ContextImpl( 1231): Calling a method in the system process without a qualified user: android.app.ContextImpl.sendBroadcast:1252 android.content.ContextWrapper.sendBroadcast:365 com.motorola.motocare.util.TriggerHelper$TriggerBuilder.send:76 com.motorola.motocare.internal.frameworkevents.ProcessKillTrigger.sendTrigger:147 com.motorola.motocare.internal.frameworkevents.ProcessKillTrigger.handleLmkKill:337 
W/ContextImpl( 1231): Calling a method in the system process without a qualified user: android.app.ContextImpl.sendBroadcast:1252 android.content.ContextWrapper.sendBroadcast:365 com.motorola.motocare.util.TriggerHelper$TriggerBuilder.send:76 com.motorola.motocare.internal.frameworkevents.ProcessKillTrigger.sendTrigger:147 com.motorola.motocare.internal.frameworkevents.ProcessKillTrigger.handleLmkKill:337 
W/ContextImpl( 1231): Calling a method in the system process without a qualified user: android.app.ContextImpl.sendBroadcast:1252 android.content.ContextWrapper.sendBroadcast:365 com.motorola.motocare.util.TriggerHelper$TriggerBuilder.send:76 com.motorola.motocare.internal.frameworkevents.ProcessKillTrigger.sendTrigger:147 com.motorola.motocare.internal.frameworkevents.ProcessKillTrigger.handleLmkKill:337 
W/ContextImpl( 1231): Calling a method in the system process without a qualified user: android.app.ContextImpl.sendBroadcast:1252 android.content.ContextWrapper.sendBroadcast:365 com.motorola.motocare.util.TriggerHelper$TriggerBuilder.send:76 com.motorola.motocare.internal.frameworkevents.ProcessKillTrigger.sendTrigger:147 com.motorola.motocare.internal.frameworkevents.ProcessKillTrigger.handleLmkKill:337 
W/ContextImpl( 1231): Calling a method in the system process without a qualified user: android.app.ContextImpl.sendBroadcast:1252 android.content.ContextWrapper.sendBroadcast:365 com.motorola.motocare.util.TriggerHelper$TriggerBuilder.send:76 com.motorola.motocare.internal.frameworkevents.ProcessKillTrigger.sendTrigger:147 com.motorola.motocare.internal.frameworkevents.ProcessKillTrigger.handleLmkKill:337 
V/AlarmManager( 1016): sending alarm Alarm{4433dda8 type 3 com.devexpert.weather}
I/ActivityManager( 1016): Start proc com.devexpert.weather for broadcast com.devexpert.weather/.view.WidgetWeather2x1: pid=27580 uid=10112 gids={50112, 3003, 1028, 1015}
I/SFPerfTracer(  278):      triggers: (rate: 38:2775) (compose: 0:14) (post: 0:2) (render: 9:412) (25:54289 frames) (26:145528)
D/SFPerfTracer(  278):        layers: (6:11) (DimLayer: 0:65)* (DimLayer: 0:25)* (FocusedStackFrame: 0:1425)* (StatusBar: 0:8237) (NavigationBar: 26:10131) (DimLayer: 14:2301) (DimLayer: 0:257)* (com.android.wallpaper.fall.FallWallpaper: 0:16443)* (com.andrewshu.android.reddit/com.andrewshu.android.reddit.MainActivity: 0:171) (: 0:23) (com.andrewshu.android.reddit/com.andrewshu.android.reddit.MainActivity: 13:18) 
W/ContextImpl( 1231): Calling a method in the system process without a qualified user: android.app.ContextImpl.sendBroadcast:1252 android.content.ContextWrapper.sendBroadcast:365 com.motorola.motocare.util.TriggerHelper$TriggerBuilder.send:76 com.motorola.motocare.internal.frameworkevents.PauseResumeTrigger.handleFrameworkEvent:53 com.motorola.motocare.internal.frameworkevents.FwEventMonitor$FrameworkListener.processFrameworkEvent:114 
I/SFPerfTracer(  278):      triggers: (rate: 32:28377) (87847 sw vsyncs) (50638 skipped) (27:146052 vsyncs) (29:251980)
W/ContextImpl( 1231): Calling a method in the system process without a qualified user: android.app.ContextImpl.sendBroadcast:1252 android.content.ContextWrapper.sendBroadcast:365 com.motorola.motocare.util.TriggerHelper$TriggerBuilder.send:76 com.motorola.motocare.internal.frameworkevents.PauseResumeTrigger.handleFrameworkEvent:53 com.motorola.motocare.internal.frameworkevents.FwEventMonitor$FrameworkListener.processFrameworkEvent:114 
I/SFPerfTracer(  278):      triggers: (rate: 38:2775) (compose: 0:14) (post: 0:2) (render: 9:413) (12:54324 frames) (13:145569)
D/SFPerfTracer(  278):        layers: (6:12) (DimLayer: 0:65)* (DimLayer: 0:25)* (FocusedStackFrame: 0:1428)* (StatusBar: 0:8237) (NavigationBar: 0:10131) (DimLayer: 1:2312)* (DimLayer: 0:258) (com.android.wallpaper.fall.FallWallpaper: 0:16443)* (com.andrewshu.android.reddit/com.andrewshu.android.reddit.MainActivity: 13:186) (: 0:23) (com.andrewshu.android.reddit/com.andrewshu.android.reddit.MainActivity: 13:49) (com.android.vending/com.google.android.finsky.activities.MainActivity: 0:5)* 
W/Vold    (  261): Returning OperationFailed - no handler for errno 30
W/InputMethodManagerService( 1016): Window already focused, ignoring focus gain of: com.android.internal.view.IInputMethodClient$Stub$Proxy@437b18d8 attribute=null, token = android.os.BinderProxy@44430868
I/ActivityManager( 1016): Force stopping com.andrewshu.android.reddit appid=10114 user=-1: uninstall pkg
I/ActivityManager( 1016): Killing 27318:com.andrewshu.android.reddit/u0a114 (adj 9): stop com.andrewshu.android.reddit
W/ContextImpl( 1231): Calling a method in the system process without a qualified user: android.app.ContextImpl.sendBroadcast:1252 android.content.ContextWrapper.sendBroadcast:365 com.motorola.motocare.util.TriggerHelper$TriggerBuilder.send:76 com.motorola.motocare.internal.frameworkevents.ProcessKillTrigger.sendTrigger:147 com.motorola.motocare.internal.frameworkevents.ProcessKillTrigger.handleFrameworkEvent:164 
I/WindowState( 1016): WIN DEATH: Window{42d154e8 u0 com.andrewshu.android.reddit}
W/PackageManager( 1016): Couldn't delete native library directory /data/app-lib/com.andrewshu.android.reddit
I/PackageManager( 1016): Removing old permission: com.andrewshu.android.reddit.READ_APP_SETTINGS from package com.andrewshu.android.reddit
W/PackageManager( 1016): Unknown permission com.motorola.permission.AAB_LAUNCH_BROADCAST_PERMISSION in package com.android.contacts
W/PackageManager( 1016): Unknown permission com.android.smspush.WAPPUSH_MANAGER_BIND in package com.android.phone
W/PackageManager( 1016): Unknown permission com.motorola.permission.BROADCAST_MIP_ERROR in package com.android.phone
W/PackageManager( 1016): Unknown permission android.permission.SYSTEM_ERROR_WINDOW in package com.motorola.demomode
W/PackageManager( 1016): Unknown permission android.permission.SYSTEM_OVERLAY_WINDOW in package com.motorola.demomode
W/PackageManager( 1016): Unknown permission android.permission.WRITE_SDCARD in package com.motorola.demomode
W/PackageManager( 1016): Unknown permission com.motorola.android.permission.PORTALAPP_LOCAL in package com.motorola.demomode
W/PackageManager( 1016): Unknown permission com.motorola.audiomonitor.permission.RETAILMODE in package com.motorola.demomode
W/PackageManager( 1016): Unknown permission com.motorola.audiomonitor.permission.STATE_CONTROL in package com.motorola.demomode
W/PackageManager( 1016): Unknown permission com.android.vending.billing.IBillingAccountService.BIND2 in package com.google.android.gsf.login
W/PackageManager( 1016): Unknown permission com.motorola.simulplay.logging in package com.motorola.mesh
W/PackageManager( 1016): Unknown permission com.motorola.messaging.permission.MESSAGE_SETTINGS_PROVIDER in package com.motorola.programmenu
W/PackageManager( 1016): Unknown permission com.motorola.phoneaddons.permission.USE_PHONEADDON in package com.motorola.programmenu
W/PackageManager( 1016): Unknown permission android.permission.ACCESS_USB in package com.motorola.programmenu
W/PackageManager( 1016): Unknown permission com.motorola.permission.ENTITLEMENT in package com.motorola.programmenu
W/PackageManager( 1016): Unknown permission android.permission.INSTALL_DRM in package com.android.mms
W/PackageManager( 1016): Not granting permission android.permission.MANAGE_DOCUMENTS to package com.android.mms (protectionLevel=2 flags=0x4088be65)
W/PackageManager( 1016): Not granting permission android.permission.BROADCAST_PACKAGE_REMOVED to package com.google.android.marvin.talkback (protectionLevel=2 flags=0xc9be45)
W/PackageManager( 1016): Unknown permission android.permission.ACCESS_SUPERUSER in package com.rhmsoft.fm
W/PackageManager( 1016): Unknown permission android.permission.RECOVERY in package com.google.android.gms
W/PackageManager( 1016): Not granting permission android.permission.READ_DREAM_STATE to package com.google.android.gms (protectionLevel=2 flags=0x40c83ec5)
W/PackageManager( 1016): Unknown permission android.permission.PROVIDE_TRUST_AGENT in package com.google.android.gms
W/PackageManager( 1016): Unknown permission com.google.android.apps.enterprise.dmagent.permission.AutoSyncPermission in package com.google.android.gms
W/PackageManager( 1016): Unknown permission android.permission.MANAGE_VOICE_KEYPHRASES in package com.google.android.gms
W/PackageManager( 1016): Unknown permission android.permission.REAL_GET_TASKS in package com.google.android.gms
W/PackageManager( 1016): Unknown permission android.permission.READ_WIFI_CREDENTIAL in package com.google.android.gms
W/PackageManager( 1016): Unknown permission android.permission.CONTROL_INCALL_EXPERIENCE in package com.google.android.gms
W/PackageManager( 1016): Unknown permission android.permission.USER_ACTIVITY in package com.google.android.gms
W/PackageManager( 1016): Unknown permission com.google.android.wearable.READ_SETTINGS in package com.google.android.gms
W/PackageManager( 1016): Unknown permission android.permission.BODY_SENSORS in package com.google.android.gms
W/PackageManager( 1016): Unknown permission com.android.voicemail.permission.READ_VOICEMAIL in package com.google.android.gms
W/PackageManager( 1016): Not granting permission android.permission.FORCE_STOP_PACKAGES to package com.google.android.gms (protectionLevel=18 flags=0x40c83ec5)
W/PackageManager( 1016): Unknown permission com.google.android.gallery3d.permission.PICASA_STORE in package com.android.dreams.phototable
W/PackageManager( 1016): Unknown permission android.permission.READ_OWNER_DATA in package com.google.android.setupwizard
W/PackageManager( 1016): Unknown permission android.permission.WRITE_OWNER_DATA in package com.google.android.setupwizard
W/PackageManager( 1016): Not granting permission android.permission.DEVICE_POWER to package com.motorola.deviceauthenticator (protectionLevel=2 flags=0x40883e45)
W/PackageManager( 1016): Unknown permission com.motorola.fingerprintsensor.permission.FINGERPRINT_SENSOR in package com.android.settings
W/PackageManager( 1016): Unknown permission com.facebook.orca.provider.ACCESS in package com.facebook.katana
W/PackageManager( 1016): Unknown permission com.facebook.pages.app.provider.ACCESS in package com.facebook.katana
W/PackageManager( 1016): Not granting permission android.permission.BATTERY_STATS to package com.facebook.katana (protectionLevel=18 flags=0xc83e44)
W/PackageManager( 1016): Unknown permission com.sec.android.provider.badge.permission.READ in package com.facebook.katana
W/PackageManager( 1016): Unknown permission com.sec.android.provider.badge.permission.WRITE in package com.facebook.katana
W/PackageManager( 1016): Unknown permission com.htc.launcher.permission.READ_SETTINGS in package com.facebook.katana
W/PackageManager( 1016): Unknown permission com.htc.launcher.permission.UPDATE_SHORTCUT in package com.facebook.katana
W/PackageManager( 1016): Unknown permission com.sonyericsson.home.permission.BROADCAST_BADGE in package com.facebook.katana
W/PackageManager( 1016): Unknown permission com.facebook.home.permission.WRITE_BADGES in package com.facebook.katana
W/PackageManager( 1016): Unknown permission com.nokia.pushnotifications.permission.RECEIVE in package com.facebook.katana
W/PackageManager( 1016): Unknown permission com.amazon.device.messaging.permission.RECEIVE in package com.facebook.katana
W/PackageManager( 1016): Unknown permission com.google.android.voicesearch.SHORTCUTS_ACCESS in package com.google.android.googlequicksearchbox
W/PackageManager( 1016): Unknown permission com.google.android.voicesearch.ACCESS_SETTINGS in package com.google.android.googlequicksearchbox
W/PackageManager( 1016): Unknown permission com.android.browser.permission.PRELOAD in package com.google.android.googlequicksearchbox
W/PackageManager( 1016): Unknown permission com.google.android.ears.permission.WRITE in package com.google.android.googlequicksearchbox
W/PackageManager( 1016): Unknown permission com.google.android.apps.googlevoice.permission.AUTO_SEND in package com.google.android.googlequicksearchbox
W/PackageManager( 1016): Unknown permission com.google.android.launcher.permission.CONTENT_REDIRECT in package com.google.android.googlequicksearchbox
W/PackageManager( 1016): Unknown permission com.motorola.permission.ACCESS_WIFI_AUTONOMOUS in package com.motorola.context
W/PackageManager( 1016): Unknown permission com.motorola.slpc.permission.BIND_SERVICE in package com.motorola.context
W/PackageManager( 1016): Unknown permission com.motorola.audiomonitor.permission.LOCAL in package com.motorola.contextual.smartrules2
W/PackageManager( 1016): Unknown permission com.cequint.ecid.CALLER_ID_LOOKUP in package com.android.dialer
W/PackageManager( 1016): Unknown permission com.motorola.driveactivator.ACCESS_CIDBLOCK in package com.motorola.ccc.ota
W/PackageManager( 1016): Unknown permission android.permission.WRITE_SYNC_STATS in package com.google.android.apps.docs
W/PackageManager( 1016): Unknown permission com.motorola.permission.ACCESS_ADAM in package com.motorola.bach.modemstats
W/PackageManager( 1016): Unknown permission com.motorola.permission.MODIFY_ADAM in package com.motorola.bach.modemstats
W/PackageManager( 1016): Not granting permission android.permission.BIND_DEVICE_ADMIN to package com.motorola.ccc.devicemanagement (protectionLevel=2 flags=0x4088be45)
W/PackageManager( 1016): Unknown permission com.motorola.permission.ACCESS_WIFI_AUTONOMOUS in package com.motorola.motocit
W/PackageManager( 1016): Unknown permission com.motorola.driveactivator.ACCESS_CIDBLOCK in package com.motorola.motocit
W/PackageManager( 1016): Unknown permission android.permission.BODY_SENSORS in package com.motorola.motocit
W/PackageManager( 1016): Unknown permission com.motorola.permission.SET_NAVBAR_BACKGROUNDCOLOR in package com.motorola.MotGallery2
W/PackageManager( 1016): Unknown permission com.motorola.blast.permission.TRIGGER_BLAST_ACTION in package com.motorola.MotGallery2
W/PackageManager( 1016): Unknown permission android.permission.INSTALL_SHORTCUT in package com.whatsapp
W/PackageManager( 1016): Unknown permission android.permission.STORAGE in package com.whatsapp
W/PackageManager( 1016): Unknown permission com.sec.android.provider.badge.permission.READ in package com.whatsapp
W/PackageManager( 1016): Unknown permission com.sec.android.provider.badge.permission.WRITE in package com.whatsapp
W/PackageManager( 1016): Unknown permission com.motorola.permission.CONNMO_SETTINGS in package com.motorola.android.dm.service
W/PackageManager( 1016): Unknown permission com.motorola.permission.SET_NAVBAR_BACKGROUNDCOLOR in package com.motorola.camera
W/PackageManager( 1016): Unknown permission android.permission.MMS_PUSH in package org.codeaurora.bluetooth
W/PackageManager( 1016): Unknown permission com.motorola.blur.service.email.Permissions.ACTION_SEND in package com.motorola.setup
W/PackageManager( 1016): Unknown permission com.motorola.blur.contacts.permission.SOCIAL_CONTACT_WRITE in package com.motorola.setup
W/PackageManager( 1016): Unknown permission com.motorola.blur.contacts.permission.SOCIAL_CONTACT_READ in package com.motorola.setup
W/PackageManager( 1016): Unknown permission android.permission.READ_OWNER_DATA in package com.motorola.setup
W/PackageManager( 1016): Unknown permission android.permission.WRITE_OWNER_DATA in package com.motorola.setup
W/PackageManager( 1016): Unknown permission com.motorola.blur.service.email.Permissions.INTERACT in package com.motorola.setup
W/PackageManager( 1016): Unknown permission com.motorola.digitalpersonalization.permission.READ_CREDENTIALS in package com.motorola.setup
W/PackageManager( 1016): Unknown permission com.motorola.setupwizard.controller.permission.UPDATE_CONTROLLER in package com.motorola.setup
W/PackageManager( 1016): Unknown permission com.motorola.setup.permission.REPORT_BUA_SYNC_STATUS in package com.motorola.setup
W/PackageManager( 1016): Unknown permission com.qualcomm.permission.ACCESS_LOCATION_API in package com.qualcomm.location
W/PackageManager( 1016): Not granting permission android.permission.INTERACT_ACROSS_USERS_FULL to package com.motorola.onetimeinitializer (protectionLevel=2 flags=0x4088be45)
W/PackageManager( 1016): Unknown permission android.permission.RECORD_VIDEO in package com.giftme.fb_auth
W/PackageManager( 1016): Not granting permission com.android.gallery3d.filtershow.permission.READ to package com.google.android.apps.plus (protectionLevel=2 flags=0x98be45)
W/PackageManager( 1016): Not granting permission com.android.gallery3d.filtershow.permission.WRITE to package com.google.android.apps.plus (protectionLevel=2 flags=0x98be45)
W/PackageManager( 1016): Unknown permission com.google.android.gallery3d.permission.PICASA_STORE in package com.google.android.apps.plus
W/PackageManager( 1016): Unknown permission android.permission.REAL_GET_TASKS in package com.android.vending
W/PackageManager( 1016): Not granting permission android.permission.SEND_DOWNLOAD_COMPLETED_INTENTS to package com.android.vending (protectionLevel=2 flags=0x408abec5)
W/PackageManager( 1016): Unknown permission android.permission.SEND_SMS_NO_CONFIRMATION in package com.android.vending
W/PackageManager( 1016): Not granting permission android.permission.FORCE_STOP_PACKAGES to package com.android.vending (protectionLevel=18 flags=0x408abec5)
W/PackageManager( 1016): Unknown permission com.motorola.digitalpersonalization.permission.READ_CREDENTIALS in package com.motorola.ccc.cce
W/PackageManager( 1016): Not granting permission android.permission.MANAGE_DOCUMENTS to package com.google.android.youtube (protectionLevel=2 flags=0x98be45)
W/PackageManager( 1016): Not granting permission android.permission.DEVICE_POWER to package com.android.deskclock (protectionLevel=2 flags=0x40c8be45)
W/PackageManager( 1016): Not granting permission android.permission.READ_DREAM_STATE to package com.google.android.gsf (protectionLevel=2 flags=0x40883e45)
W/PackageManager( 1016): Unknown permission motorola.sprint.permission.READ_OMADM_RUNTIME_DATA in package com.android.keyguard
W/PackageManager( 1016): Unknown permission motorola.sprint.permission.WRITE_OMADM_RUNTIME_DATA in package com.android.keyguard
W/PackageManager( 1016): Unknown permission com.motorola.fingerprintsensor.permission.FINGERPRINT_SENSOR in package com.android.keyguard
W/PackageManager( 1016): Unknown permission com.chrome.permission.DEVICE_EXTRAS in package com.android.chrome
W/PackageManager( 1016): Unknown permission com.sec.enterprise.knox.MDM_CONTENT_PROVIDER in package com.android.chrome
I/ActivityManager( 1016): Force stopping com.andrewshu.android.reddit appid=10114 user=0: pkg removed
I/PackageManager( 1016): Adding preferred activity ComponentInfo{com.android.mms/com.android.mms.ui.ComposeMessageActivity} for user 0 :
I/PackageManager( 1016): Adding preferred activity ComponentInfo{com.android.mms/com.android.mms.ui.ComposeMessageActivity} for user 0 :
I/PackageManager( 1016): Adding preferred activity ComponentInfo{com.android.mms/com.android.mms.ui.ComposeMessageActivity} for user 0 :
I/PackageManager( 1016): Adding preferred activity ComponentInfo{com.android.mms/com.android.mms.ui.ComposeMessageActivity} for user 0 :
I/PackageManager( 1016): Adding preferred activity ComponentInfo{com.android.mms/com.android.mms.ui.ComposeMessageActivity} for user 0 :
I/ActivityManager( 1016): Start proc com.motorola.MotGallery2 for broadcast com.motorola.MotGallery2/com.android.gallery3d.app.PackagesMonitor: pid=27703 uid=10034 gids={50034, 3003, 1028, 1015}
I/PackageManager( 1016): Adding preferred activity ComponentInfo{com.android.mms/com.android.mms.ui.ComposeMessageActivity} for user 0 :
I/PackageManager( 1016): Adding preferred activity ComponentInfo{com.android.mms/com.android.mms.ui.ComposeMessageActivity} for user 0 :
I/PackageManager( 1016): Adding preferred activity ComponentInfo{com.android.mms/com.android.mms.ui.ComposeMessageActivity} for user 0 :
I/ActivityManager( 1016): Start proc com.google.android.googlequicksearchbox:search for broadcast com.google.android.googlequicksearchbox/com.google.android.search.core.summons.icing.InternalIcingCorporaProvider$CorporaChangedReceiver: pid=27722 uid=10045 gids={50045, 3003, 1028, 3002, 1015}
D/BackupManagerService( 1016): Received broadcast Intent { act=android.intent.action.PACKAGE_REMOVED dat=package:com.andrewshu.android.reddit flg=0x4000010 (has extras) }
V/BackupManagerService( 1016): removePackageParticipantsLocked: uid=10114 #1
I/ActivityManager( 1016): Start proc com.android.defcontainer for service com.android.defcontainer/.DefaultContainerService: pid=27735 uid=10013 gids={50013, 1028, 1015, 1023, 2001, 1035}
I/ActivityManager( 1016): Start proc com.google.android.apps.docs for broadcast com.google.android.apps.docs/.receivers.AppPackageAddRemoveReceiver: pid=27749 uid=10060 gids={50060, 3003, 1028, 1015}
I/SFPerfTracer(  278):      triggers: (rate: 32:28377) (87847 sw vsyncs) (50638 skipped) (15:146151 vsyncs) (17:252092)
I/ActivityManager( 1016): Start proc com.google.android.partnersetup for content provider com.google.android.partnersetup/.RlzAppProvider: pid=27764 uid=10025 gids={50025, 3003}
I/ActivityManager( 1016): Start proc com.android.keychain for broadcast com.android.keychain/.KeyChainBroadcastReceiver: pid=27791 uid=1000 gids={41000, 1028, 1015, 3002, 3001, 3003, 1021, 3004, 3005, 1000, 3009, 1023, 1010, 1004, 2002, 3006}
W/ContextImpl(27791): Calling a method in the system process without a qualified user: android.app.ContextImpl.startService:1608 android.content.ContextWrapper.startService:494 android.content.ContextWrapper.startService:494 com.android.keychain.KeyChainBroadcastReceiver.onReceive:12 android.app.ActivityThread.handleReceiver:2434 
I/ActivityManager( 1016): Killing 27289:com.imangi.templerun2/u0a111 (adj 15): empty #9
W/ContextImpl( 1231): Calling a method in the system process without a qualified user: android.app.ContextImpl.sendBroadcast:1252 android.content.ContextWrapper.sendBroadcast:365 com.motorola.motocare.util.TriggerHelper$TriggerBuilder.send:76 com.motorola.motocare.internal.frameworkevents.ProcessKillTrigger.sendTrigger:147 com.motorola.motocare.internal.frameworkevents.ProcessKillTrigger.handleFrameworkEvent:164 
I/ActivityManager( 1016): Killing 27580:com.devexpert.weather/u0a112 (adj 15): empty #9
W/ContextImpl( 1231): Calling a method in the system process without a qualified user: android.app.ContextImpl.sendBroadcast:1252 android.content.ContextWrapper.sendBroadcast:365 com.motorola.motocare.util.TriggerHelper$TriggerBuilder.send:76 com.motorola.motocare.internal.frameworkevents.ProcessKillTrigger.sendTrigger:147 com.motorola.motocare.internal.frameworkevents.ProcessKillTrigger.handleFrameworkEvent:164 
I/ActivityManager( 1016): Start proc com.facebook.katana:dash for broadcast com.facebook.katana/com.facebook.dash.receivers.DashPackageUninstallReceiver: pid=27817 uid=10110 gids={50110, 1028, 1015, 3003}
I/ActivityManager( 1016): Process com.google.android.googlequicksearchbox:search (pid 27722) has died.
I/ActivityManager( 1016): Process android.process.acore (pid 27164) has died.
W/Vold    (  261): Returning OperationFailed - no handler for errno 30
I/ActivityManager( 1016): Start proc com.google.android.googlequicksearchbox:search for content provider com.google.android.googlequicksearchbox/com.google.android.search.core.summons.icing.InternalIcingCorporaProvider: pid=27868 uid=10045 gids={50045, 3003, 1028, 3002, 1015}
W/Vold    (  261): Returning OperationFailed - no handler for errno 30
I/ActivityManager( 1016): Process com.motorola.MotGallery2 (pid 27703) has died.
I/ActivityManager( 1016): Process com.google.android.apps.docs (pid 27749) has died.
D/WifiService( 1016): New client listening to asynchronous messages
I/ActivityManager( 1016): Start proc com.android.documentsui for broadcast com.android.documentsui/.PackageReceiver: pid=27907 uid=10059 gids={50059}
I/ActivityManager( 1016): Process com.google.android.apps.plus (pid 27261) has died.
I/ActivityManager( 1016): Start proc com.android.externalstorage for content provider com.android.externalstorage/.ExternalStorageProvider: pid=27931 uid=10020 gids={50020, 1028, 1015, 1023}
I/ActivityManager( 1016): Process com.android.keychain (pid 27791) has died.
I/ActivityManager( 1016): Process com.android.defcontainer (pid 27735) has died.
I/ActivityManager( 1016): Start proc com.google.android.apps.docs for content provider com.google.android.apps.docs/com.google.android.gms.drive.external.StorageBackendContentProvider: pid=27949 uid=10060 gids={50060, 3003, 1028, 1015}
W/BroadcastQueue( 1016): Permission Denial: broadcasting Intent { act=android.net.conn.INET_CONDITION_ACTION flg=0x4000010 (has extras) } from null (pid=-1, uid=-1) requires com.facebook.permission.prod.FB_APP_COMMUNICATION due to registered receiver BroadcastFilter{43be9b28 u0 ReceiverList{43c17a18 27817 com.facebook.katana:dash/10110/u0 remote:435297f8}}
W/BroadcastQueue( 1016): Permission Denial: broadcasting Intent { act=android.net.conn.CONNECTIVITY_CHANGE flg=0x4000010 (has extras) } from null (pid=-1, uid=-1) requires com.facebook.permission.prod.FB_APP_COMMUNICATION due to registered receiver BroadcastFilter{43be9b28 u0 ReceiverList{43c17a18 27817 com.facebook.katana:dash/10110/u0 remote:435297f8}}
D/WifiService( 1016): Client connection lost with reason: 4
I/ActivityManager( 1016): Process com.facebook.katana:dash (pid 27817) has died.
I/ActivityManager( 1016): Process com.google.android.googlequicksearchbox:search (pid 27868) has died.
I/ActivityManager( 1016): START u0 {act=android.intent.action.MAIN cat=[android.intent.category.HOME] flg=0x10200000 cmp=com.android.launcher/com.android.launcher2.Launcher} from pid 1016
W/ContextImpl( 1231): Calling a method in the system process without a qualified user: android.app.ContextImpl.sendBroadcast:1252 android.content.ContextWrapper.sendBroadcast:365 com.motorola.motocare.util.TriggerHelper$TriggerBuilder.send:76 com.motorola.motocare.internal.frameworkevents.PauseResumeTrigger.handleFrameworkEvent:53 com.motorola.motocare.internal.frameworkevents.FwEventMonitor$FrameworkListener.processFrameworkEvent:114 
W/ContextImpl( 1231): Calling a method in the system process without a qualified user: android.app.ContextImpl.sendBroadcast:1252 android.content.ContextWrapper.sendBroadcast:365 com.motorola.motocare.util.TriggerHelper$TriggerBuilder.send:76 com.motorola.motocare.internal.frameworkevents.PauseResumeTrigger.handleFrameworkEvent:53 com.motorola.motocare.internal.frameworkevents.FwEventMonitor$FrameworkListener.processFrameworkEvent:114 
I/LaunchCheckinHandler( 1016): Displayed com.android.launcher/com.android.launcher2.Launcher,wp,wa,637
I/SFPerfTracer(  278):      triggers: (rate: 38:2775) (compose: 0:14) (post: 0:2) (render: 9:413) (21:54392 frames) (22:145674)
D/SFPerfTracer(  278):        layers: (3:14) (DimLayer: 0:65)* (DimLayer: 0:25)* (FocusedStackFrame: 0:1432)* (StatusBar: 0:8237) (NavigationBar: 14:10162) (DimLayer: 0:2340)* (DimLayer: 0:259)* (com.android.wallpaper.fall.FallWallpaper: 1:16444)* (com.andrewshu.android.reddit/com.andrewshu.android.reddit.MainActivity: 0:189)* (: 0:23)* (com.andrewshu.android.reddit/com.andrewshu.android.reddit.MainActivity: 0:52)* (com.android.vending/com.google.android.finsky.activities.MainActivity: 0:37) (com.android.vending/com.google.android.finsky.activities.MainActivity: 0:31)* (com.android.launcher/com.android.launcher2.Launcher: 22:22)* 
I/SFPerfTracer(  278):      triggers: (rate: 38:2775) (compose: 0:14) (post: 0:2) (render: 9:413) (0:54414 frames) (1:145774)
D/SFPerfTracer(  278):        layers: (4:10) (DimLayer: 0:65)* (DimLayer: 0:25)* (FocusedStackFrame: 0:1432)* (StatusBar: 0:8256) (NavigationBar: 0:10181) (DimLayer: 0:2340)* (DimLayer: 0:259)* (com.android.wallpaper.fall.FallWallpaper: 1:16496) (com.android.vending/com.google.android.finsky.activities.MainActivity: 0:61)* (com.android.launcher/com.android.launcher2.Launcher: 0:65) 
I/SFPerfTracer(  278):      triggers: (rate: 38:2775) (compose: 0:14) (post: 0:2) (render: 9:413) (0:54414 frames) (1:145874)
D/SFPerfTracer(  278):        layers: (4:9) (DimLayer: 0:65)* (DimLayer: 0:25)* (FocusedStackFrame: 0:1432)* (StatusBar: 0:8256) (NavigationBar: 0:10181) (DimLayer: 0:2340)* (DimLayer: 0:259)* (com.android.wallpaper.fall.FallWallpaper: 1:16596) (com.android.launcher/com.android.launcher2.Launcher: 0:65) 
V/AlarmManager( 1016): sending alarm Alarm{4384c7b0 type 0 com.android.vending}
I/ActivityManager( 1016): START u0 {act=com.android.systemui.recent.action.TOGGLE_RECENTS flg=0x10800000 cmp=com.android.systemui/.recent.RecentsActivity} from pid 1078
W/ContextImpl( 1231): Calling a method in the system process without a qualified user: android.app.ContextImpl.sendBroadcast:1252 android.content.ContextWrapper.sendBroadcast:365 com.motorola.motocare.util.TriggerHelper$TriggerBuilder.send:76 com.motorola.motocare.internal.frameworkevents.PauseResumeTrigger.handleFrameworkEvent:53 com.motorola.motocare.internal.frameworkevents.FwEventMonitor$FrameworkListener.processFrameworkEvent:114 
W/ContextImpl( 1231): Calling a method in the system process without a qualified user: android.app.ContextImpl.sendBroadcast:1252 android.content.ContextWrapper.sendBroadcast:365 com.motorola.motocare.util.TriggerHelper$TriggerBuilder.send:76 com.motorola.motocare.internal.frameworkevents.PauseResumeTrigger.handleFrameworkEvent:53 com.motorola.motocare.internal.frameworkevents.FwEventMonitor$FrameworkListener.processFrameworkEvent:114 
I/LaunchCheckinHandler( 1016): Displayed com.android.systemui/.recent.RecentsActivity,wp,wa,248
W/InputMethodManagerService( 1016): Starting input on non-focused client com.android.internal.view.IInputMethodClient$Stub$Proxy@42b323c0 (uid=10029 pid=30757)
I/SFPerfTracer(  278):      triggers: (rate: 38:2775) (compose: 0:14) (post: 0:2) (render: 9:413) (13:54438 frames) (14:145975)
D/SFPerfTracer(  278):        layers: (4:10) (DimLayer: 0:65)* (DimLayer: 0:25)* (FocusedStackFrame: 0:1432)* (StatusBar: 0:8256) (NavigationBar: 6:10193) (DimLayer: 0:2340)* (DimLayer: 0:259)* (com.android.wallpaper.fall.FallWallpaper: 4:16676) (com.android.launcher/com.android.launcher2.Launcher: 14:79) (com.android.systemui/com.android.systemui.recent.RecentsActivity: 4:16)* 
I/SFPerfTracer(  278):       trigger: vsync rate (-55.973%)	(26.416 vps)	(37.856 ms)* 	(352 drops)	(423 vsyncs)
I/SFPerfTracer(  278):      triggers: (rate: 33:28729) (87847 sw vsyncs) (51331 skipped) (423:146622 vsyncs) (425:252577)
I/ActivityManager( 1016): Killing 25617:com.giftme.fb_auth/u0a106 (adj 9): remove task
W/ContextImpl( 1231): Calling a method in the system process without a qualified user: android.app.ContextImpl.sendBroadcast:1252 android.content.ContextWrapper.sendBroadcast:365 com.motorola.motocare.util.TriggerHelper$TriggerBuilder.send:76 com.motorola.motocare.internal.frameworkevents.ProcessKillTrigger.sendTrigger:147 com.motorola.motocare.internal.frameworkevents.ProcessKillTrigger.handleFrameworkEvent:164 
I/WindowState( 1016): WIN DEATH: Window{4285e130 u0 com.giftme.fb_auth/com.giftme.fb_auth.FB_Auth}
I/ActivityManager( 1016): START u0 {act=android.intent.action.MAIN cat=[android.intent.category.HOME] flg=0x10200000 cmp=com.android.launcher/com.android.launcher2.Launcher} from pid 1016
W/ContextImpl( 1231): Calling a method in the system process without a qualified user: android.app.ContextImpl.sendBroadcast:1252 android.content.ContextWrapper.sendBroadcast:365 com.motorola.motocare.util.TriggerHelper$TriggerBuilder.send:76 com.motorola.motocare.internal.frameworkevents.PauseResumeTrigger.handleFrameworkEvent:53 com.motorola.motocare.internal.frameworkevents.FwEventMonitor$FrameworkListener.processFrameworkEvent:114 
