D/WifiStateMachine( 1016): processMsg: ConnectedState
D/WifiStateMachine( 1016): processMsg: L2ConnectedState
D/WifiStateMachine( 1016): handleMessage: X
D/WifiStateMachine( 1016): handleMessage: E msg.what=151572
D/WifiStateMachine( 1016): processMsg: ConnectedState
D/WifiStateMachine( 1016): processMsg: L2ConnectedState
D/WifiStateMachine( 1016): handleMessage: X
D/WifiStateMachine( 1016): handleMessage: E msg.what=151572
D/WifiStateMachine( 1016): processMsg: ConnectedState
D/WifiStateMachine( 1016): processMsg: L2ConnectedState
D/WifiStateMachine( 1016): handleMessage: X
D/WifiStateMachine( 1016): handleMessage: E msg.what=151572
D/WifiStateMachine( 1016): processMsg: ConnectedState
D/WifiStateMachine( 1016): processMsg: L2ConnectedState
D/WifiStateMachine( 1016): handleMessage: X
D/WifiStateMachine( 1016): handleMessage: E msg.what=131155
D/WifiStateMachine( 1016): processMsg: ConnectedState
D/WifiStateMachine( 1016): processMsg: L2ConnectedState
D/WifiStateMachine( 1016): handleMessage: X
D/WifiStateMachine( 1016): handleMessage: E msg.what=151572
D/WifiStateMachine( 1016): processMsg: ConnectedState
D/WifiStateMachine( 1016): processMsg: L2ConnectedState
D/WifiStateMachine( 1016): handleMessage: X
D/Ulp_jni ( 1016): Location CB invoked
D/WifiStateMachine( 1016): handleMessage: E msg.what=151572
D/WifiStateMachine( 1016): processMsg: ConnectedState
D/WifiStateMachine( 1016): processMsg: L2ConnectedState
D/WifiStateMachine( 1016): handleMessage: X
D/WifiStateMachine( 1016): handleMessage: E msg.what=151572
D/WifiStateMachine( 1016): processMsg: ConnectedState
D/WifiStateMachine( 1016): processMsg: L2ConnectedState
D/WifiStateMachine( 1016): handleMessage: X
D/WifiStateMachine( 1016): handleMessage: E msg.what=131155
D/WifiStateMachine( 1016): processMsg: ConnectedState
D/WifiStateMachine( 1016): processMsg: L2ConnectedState
D/WifiStateMachine( 1016): handleMessage: X
D/WifiStateMachine( 1016): handleMessage: E msg.what=151572
D/WifiStateMachine( 1016): processMsg: ConnectedState
D/WifiStateMachine( 1016): processMsg: L2ConnectedState
D/WifiStateMachine( 1016): handleMessage: X
D/WifiStateMachine( 1016): handleMessage: E msg.what=151572
D/WifiStateMachine( 1016): processMsg: ConnectedState
D/WifiStateMachine( 1016): processMsg: L2ConnectedState
D/WifiStateMachine( 1016): handleMessage: X
D/KInfoc  (30130): clear batch timer
D/KInfoc  (30130): set batch timer
D/KInfoc  (30130):  BATCH REPORTER STARTED ........
D/WifiStateMachine( 1016): handleMessage: E msg.what=151572
D/WifiStateMachine( 1016): processMsg: ConnectedState
D/WifiStateMachine( 1016): processMsg: L2ConnectedState
D/WifiStateMachine( 1016): handleMessage: X
D/WifiStateMachine( 1016): handleMessage: E msg.what=131155
D/WifiStateMachine( 1016): processMsg: ConnectedState
D/WifiStateMachine( 1016): processMsg: L2ConnectedState
D/WifiStateMachine( 1016): handleMessage: X
D/WifiStateMachine( 1016): handleMessage: E msg.what=151572
D/WifiStateMachine( 1016): processMsg: ConnectedState
D/WifiStateMachine( 1016): processMsg: L2ConnectedState
D/WifiStateMachine( 1016): handleMessage: X
D/WifiStateMachine( 1016): handleMessage: E msg.what=151572
D/WifiStateMachine( 1016): processMsg: ConnectedState
D/WifiStateMachine( 1016): processMsg: L2ConnectedState
D/WifiStateMachine( 1016): handleMessage: X
D/WifiStateMachine( 1016): handleMessage: E msg.what=151572
D/WifiStateMachine( 1016): processMsg: ConnectedState
D/WifiStateMachine( 1016): processMsg: L2ConnectedState
D/WifiStateMachine( 1016): handleMessage: X
D/WifiStateMachine( 1016): handleMessage: E msg.what=131155
D/WifiStateMachine( 1016): processMsg: ConnectedState
D/WifiStateMachine( 1016): processMsg: L2ConnectedState
D/WifiStateMachine( 1016): handleMessage: X
D/WifiStateMachine( 1016): handleMessage: E msg.what=151572
D/WifiStateMachine( 1016): processMsg: ConnectedState
D/WifiStateMachine( 1016): processMsg: L2ConnectedState
D/WifiStateMachine( 1016): handleMessage: X
D/WifiStateMachine( 1016): handleMessage: E msg.what=151572
D/WifiStateMachine( 1016): processMsg: ConnectedState
D/WifiStateMachine( 1016): processMsg: L2ConnectedState
D/WifiStateMachine( 1016): handleMessage: X
D/Ulp_jni ( 1016): Location CB invoked
D/WifiStateMachine( 1016): handleMessage: E msg.what=151572
D/WifiStateMachine( 1016): processMsg: ConnectedState
D/WifiStateMachine( 1016): processMsg: L2ConnectedState
D/WifiStateMachine( 1016): handleMessage: X
D/WifiStateMachine( 1016): handleMessage: E msg.what=131155
D/WifiStateMachine( 1016): processMsg: ConnectedState
D/WifiStateMachine( 1016): processMsg: L2ConnectedState
D/WifiStateMachine( 1016): handleMessage: X
D/WifiStateMachine( 1016): handleMessage: E msg.what=151572
D/WifiStateMachine( 1016): processMsg: ConnectedState
D/WifiStateMachine( 1016): processMsg: L2ConnectedState
D/WifiStateMachine( 1016): handleMessage: X
D/WifiStateMachine( 1016): handleMessage: E msg.what=151572
D/WifiStateMachine( 1016): processMsg: ConnectedState
D/WifiStateMachine( 1016): processMsg: L2ConnectedState
D/WifiStateMachine( 1016): handleMessage: X
D/WifiStateMachine( 1016): handleMessage: E msg.what=151572
D/WifiStateMachine( 1016): processMsg: ConnectedState
D/WifiStateMachine( 1016): processMsg: L2ConnectedState
D/WifiStateMachine( 1016): handleMessage: X
D/WifiStateMachine( 1016): handleMessage: E msg.what=131155
D/WifiStateMachine( 1016): processMsg: ConnectedState
D/WifiStateMachine( 1016): processMsg: L2ConnectedState
D/WifiStateMachine( 1016): handleMessage: X
D/WifiStateMachine( 1016): handleMessage: E msg.what=151572
D/WifiStateMachine( 1016): processMsg: ConnectedState
D/WifiStateMachine( 1016): processMsg: L2ConnectedState
D/WifiStateMachine( 1016): handleMessage: X
D/WifiStateMachine( 1016): handleMessage: E msg.what=151572
D/WifiStateMachine( 1016): processMsg: ConnectedState
D/WifiStateMachine( 1016): processMsg: L2ConnectedState
D/WifiStateMachine( 1016): handleMessage: X
D/WifiStateMachine( 1016): handleMessage: E msg.what=151572
D/WifiStateMachine( 1016): processMsg: ConnectedState
D/WifiStateMachine( 1016): processMsg: L2ConnectedState
D/WifiStateMachine( 1016): handleMessage: X
I/PowerManagerService( 1016): Nap time...
I/PowerManagerService( 1016): Going to sleep due to screen timeout...
D/SurfaceFlinger(  278): Screen released, type=0 flinger=0xb7ca1450
D/qdhwcomposer(  278): hwc_blank: Blanking display: 0
D/qdhwcomposer(  278): hwc_blank: Done blanking display: 0
I/SFPerfTracer(  278):      triggers: (rate: 165:93901) (229716 sw vsyncs) (196944 skipped) (0:817489 vsyncs) (1:1148615)
I/SFPerfTracer(  278):      triggers: (rate: 504:16500) (compose: 0:58) (post: 0:3) (render: 47:4366) (23:247677 frames) (24:738108)
D/SFPerfTracer(  278):        layers: (4:10) (DimLayer: 0:145)* (DimLayer: 0:163)* (FocusedStackFrame: 0:5574)* (StatusBar: 0:54897) (NavigationBar: 0:35981) (DimLayer: 0:10622)* (DimLayer: 0:1188)* (com.android.wallpaper.fall.FallWallpaper: 0:12579)* (com.giftme.fb_auth/com.giftme.fb_auth.FB_Auth: 0:40) (ElectronBeam: 24:26) 
D/SurfaceControl( 1016): Excessive delay in blankDisplay() while turning screen off: 208ms
I/AonLTInterfaceService( 1231): AodLT package version: 1000000
D/WifiStateMachine( 1016): handleMessage: E msg.what=131155
D/CordovaActivity( 5873): Paused the application!
D/WifiStateMachine( 1016): processMsg: ConnectedState
D/CordovaWebView( 5873): Handle the pause
D/WifiStateMachine( 1016): processMsg: L2ConnectedState
W/ContextImpl( 1231): Calling a method in the system process without a qualified user: android.app.ContextImpl.sendBroadcast:1252 android.content.ContextWrapper.sendBroadcast:365 com.motorola.motocare.util.TriggerHelper$TriggerBuilder.send:76 com.motorola.motocare.internal.frameworkevents.PauseResumeTrigger.handleFrameworkEvent:53 com.motorola.motocare.internal.frameworkevents.FwEventMonitor$FrameworkListener.processFrameworkEvent:114 
D/WifiStateMachine( 1016): handleMessage: X
F/ProcessStats( 1016): Starting service ServiceState{43a506e8 com.tranzmate.services.LocationService pkg=com.tranzmate proc=43a506e8} without owner
D/WifiStateMachine( 1016): handleScreenStateChanged: false
D/WifiStateMachine( 1016): handleMessage: E msg.what=131154
D/WifiStateMachine( 1016): processMsg: ConnectedState
D/WifiStateMachine( 1016): processMsg: L2ConnectedState
D/WifiStateMachine( 1016): handleMessage: X
D/WifiStateMachine( 1016): handleMessage: E msg.what=131163
D/WifiStateMachine( 1016): processMsg: ConnectedState
D/WifiStateMachine( 1016): processMsg: L2ConnectedState
D/WifiStateMachine( 1016): processMsg: ConnectModeState
D/WifiStateMachine( 1016): processMsg: DriverStartedState
D/WifiStateMachine( 1016): processMsg: SupplicantStartedState
D/WifiStateMachine( 1016): processMsg: DefaultState
D/WifiStateMachine( 1016): handleMessage: X
D/WifiStateMachine( 1016): handleMessage: E msg.what=131158
D/WifiStateMachine( 1016): processMsg: ConnectedState
D/WifiStateMachine( 1016): processMsg: L2ConnectedState
D/WifiStateMachine( 1016): processMsg: ConnectModeState
D/WifiStateMachine( 1016): processMsg: DriverStartedState
D/WifiStateMachine( 1016): setSuspendOptimizationsNative: 4 true
D/Sensors ( 1016): AccelerationSensor: Set Sensors state 0x0
D/audio_hw_primary(  284): adev_set_parameters: enter: screen_state=off
V/msm8974_platform(  284): platform_set_parameters: enter: screen_state=off
V/msm8974_platform(  284): platform_set_parameters: exit with code(-2)
E/audio_a2dp_hw(  284): adev_set_parameters: ERROR: set param called even when stream out is null
D/WifiStateMachine( 1016): handleMessage: X
W/ContextImpl( 1231): Calling a method in the system process without a qualified user: android.app.ContextImpl.startService:1608 android.content.ContextWrapper.startService:494 android.content.ContextWrapper.startService:494 com.motorola.motocare.internal.batterystats.BatteryStatsAction.onReceive:33 android.app.ActivityThread.handleReceiver:2434 
D/Ulp_jni ( 1016): Location CB invoked
D/WifiStateMachine( 1016): handleMessage: E msg.what=131155
D/WifiStateMachine( 1016): processMsg: ConnectedState
D/WifiStateMachine( 1016): processMsg: L2ConnectedState
D/WifiStateMachine( 1016): handleMessage: X
V/AlarmManager( 1016): sending alarm Alarm{44318328 type 2 com.android.keyguard}
V/AlarmManager( 1016): sending alarm Alarm{44318400 type 0 com.facebook.katana}
V/KeyguardHostView( 1078): Initial transport state: 0, pbstate=2
D/KeyguardHostView( 1078): showSecurityScreen(None)
D/KeyguardHostView( 1078): getSecurityView(Invalid)
D/KeyguardHostView( 1078): getSecurityView(None)
D/dalvikvm( 1078): GC_CONCURRENT freed 373K, 24% free 15083K/19828K, paused 2ms+4ms, total 26ms
D/dalvikvm( 1078): WAIT_FOR_CONCURRENT_GC blocked 24ms
V/KeyguardHostView( 1078): hide transport, gen:97
V/KeyguardHostView( 1078): music state changed: 2
D/KeyguardHostView( 1078): showSecurityScreen(None)
W/View    ( 1078): requestLayout() improperly called by android.widget.TextClock{42a3bb58 V.ED.... ......ID 104,0-484,213 #7f0a004b app:id/clock_view} during layout: running second layout pass
W/View    ( 1078): requestLayout() improperly called by android.widget.TextClock{42be7680 V.ED.... ......ID 143,0-277,38 #7f0a0050 app:id/date_view} during layout: running second layout pass
W/View    ( 1078): requestLayout() improperly called by android.widget.TextView{42f6e938 V.ED.... ......ID 293,0-444,38 #7f0a0051 app:id/alarm_status} during layout: running second layout pass
D/PhoneStatusBar( 1078): disable: < expand icons alerts ticker system_info BACK* HOME* RECENT* CLOCK* search >
D/Ulp_jni ( 1016): Location CB invoked
V/AlarmManager( 1016): sending alarm Alarm{437fba10 type 3 android}
I/IsUpdateNow( 6299): 83:60
I/distance( 6299): 13.710858345031738
E/Exception_GettingWeather( 6299): NULL
D/dalvikvm( 6299): GC_EXPLICIT freed 187K, 47% free 9181K/17224K, paused 2ms+4ms, total 29ms
D/dalvikvm( 6299): GC_EXPLICIT freed 32K, 47% free 9149K/17224K, paused 2ms+3ms, total 19ms
D/Ulp_jni ( 1016): Location CB invoked
D/dalvikvm( 1231): GC_CONCURRENT freed 1911K, 46% free 9339K/17224K, paused 2ms+2ms, total 18ms
W/ContextImpl( 1231): Calling a method in the system process without a qualified user: android.app.ContextImpl.sendBroadcast:1252 android.content.ContextWrapper.sendBroadcast:365 com.motorola.motocare.util.TriggerHelper$TriggerBuilder.send:76 com.motorola.motocare.internal.frameworkevents.ProcessKillTrigger.sendTrigger:147 com.motorola.motocare.internal.frameworkevents.ProcessKillTrigger.handleLmkKill:337 
D/dalvikvm( 1231): GC_EXPLICIT freed 881K, 46% free 9310K/17224K, paused 1ms+2ms, total 21ms
V/AlarmManager( 1016): sending alarm Alarm{434b08b8 type 2 com.google.android.gms}
V/AlarmManager( 1016): sending alarm Alarm{43a1a9d0 type 3 com.devexpert.weather}
V/AlarmManager( 1016): sending alarm Alarm{43a1aa20 type 2 com.google.android.gms}
V/AlarmManager( 1016): sending alarm Alarm{43a1aa70 type 2 com.google.android.gsf}
D/WifiService( 1016): acquireWifiLockLocked: WifiLock{NlpWifiLock type=2 binder=android.os.BinderProxy@43cd97d0}
D/dalvikvm(31965): GC_CONCURRENT freed 1901K, 35% free 11211K/17224K, paused 5ms+8ms, total 66ms
D/dalvikvm( 1016): GC_EXPLICIT freed 2564K, 26% free 29685K/40112K, paused 8ms+14ms, total 163ms
D/WifiService( 1016): releaseWifiLockLocked: WifiLock{NlpWifiLock type=2 binder=android.os.BinderProxy@43cd97d0}
D/Ulp_jni ( 1016): Location CB invoked
D/Ulp_jni ( 1016): Location CB invoked
I/AonLTInterfaceService( 1231): AodLT package version: 1000000
I/PowerManagerService( 1016): Waking up from sleep...
I/AonLTInterfaceService( 1231): AodLT package version: 1000000
V/KeyguardServiceDelegate( 1016): onScreenTurnedOn(showListener = com.android.internal.policy.impl.PhoneWindowManager$20@4399ca38)
D/KeyguardHostView( 1078): showSecurityScreen(None)
D/KeyguardHostView( 1078): getSecurityView(None)
D/SurfaceFlinger(  278): Screen acquired, type=0 flinger=0xb7ca1450
D/qdhwcomposer(  278): hwc_blank: Unblanking display: 0
V/KeyguardServiceDelegate( 1016): **** SHOWN CALLED ****
I/WindowManager( 1016): Lock screen displayed!
D/DisplayPowerController( 1016): Unblocked screen on after 117334010 ms
D/WifiStateMachine( 1016): handleScreenStateChanged: true
D/WifiStateMachine( 1016): handleMessage: E msg.what=131154
D/WifiStateMachine( 1016): processMsg: ConnectedState
D/WifiStateMachine( 1016): processMsg: L2ConnectedState
D/WifiStateMachine( 1016): handleMessage: X
D/WifiStateMachine( 1016): handleMessage: E msg.what=131163
D/WifiStateMachine( 1016): processMsg: ConnectedState
D/WifiStateMachine( 1016): processMsg: L2ConnectedState
D/WifiStateMachine( 1016): processMsg: ConnectModeState
D/WifiStateMachine( 1016): processMsg: DriverStartedState
D/WifiStateMachine( 1016): processMsg: SupplicantStartedState
D/WifiStateMachine( 1016): processMsg: DefaultState
D/WifiStateMachine( 1016): handleMessage: X
D/WifiStateMachine( 1016): handleMessage: E msg.what=131127
D/WifiStateMachine( 1016): processMsg: ConnectedState
D/WifiStateMachine( 1016): processMsg: L2ConnectedState
D/WifiStateMachine( 1016): processMsg: ConnectModeState
D/WifiStateMachine( 1016): handleMessage: X
D/WifiStateMachine( 1016): handleMessage: E msg.what=131158
D/WifiStateMachine( 1016): processMsg: ConnectedState
D/WifiStateMachine( 1016): processMsg: L2ConnectedState
D/WifiStateMachine( 1016): processMsg: ConnectModeState
D/WifiStateMachine( 1016): processMsg: DriverStartedState
D/WifiStateMachine( 1016): setSuspendOptimizationsNative: 4 false
D/WifiStateMachine( 1016): handleMessage: X
D/WifiStateMachine( 1016): handleMessage: E msg.what=151572
D/WifiStateMachine( 1016): processMsg: ConnectedState
D/WifiStateMachine( 1016): processMsg: L2ConnectedState
I/AonLTInterfaceService( 1231): AodLT package version: 1000000
D/WifiStateMachine( 1016): handleMessage: X
D/qdhwcomposer(  278): hwc_blank: Done unblanking display: 0
D/SurfaceControl( 1016): Excessive delay in unblankDisplay() while turning screen on: 192ms
I/SFPerfTracer(  278):      triggers: (rate: 165:93901) (229840 sw vsyncs) (196944 skipped) (0:817489 vsyncs) (125:1148740)
D/Sensors ( 1016): AccelerationSensor: Set Sensors state 0x1
D/Sensors ( 1016): AccelerationSensor: set delay 200
D/Sensors ( 1016): AccelerationSensor: set delay 200
D/audio_hw_primary(  284): adev_set_parameters: enter: screen_state=on
V/msm8974_platform(  284): platform_set_parameters: enter: screen_state=on
V/msm8974_platform(  284): platform_set_parameters: exit with code(-2)
E/audio_a2dp_hw(  284): adev_set_parameters: ERROR: set param called even when stream out is null
D/Ulp_jni ( 1016): JNI:system_update. Event-0
I/IsUpdateNow( 6299): 83:60
I/distance( 6299): 13.710858345031738
E/Exception_GettingWeather( 6299): NULL
D/dalvikvm( 6299): GC_EXPLICIT freed 124K, 47% free 9175K/17224K, paused 1ms+4ms, total 29ms
D/dalvikvm( 6299): GC_EXPLICIT freed 20K, 47% free 9160K/17224K, paused 2ms+2ms, total 24ms
D/WifiStateMachine( 1016): handleMessage: E msg.what=151572
D/WifiStateMachine( 1016): processMsg: ConnectedState
D/WifiStateMachine( 1016): processMsg: L2ConnectedState
D/WifiStateMachine( 1016): handleMessage: X
D/PhoneStatusBar( 1078): disable: < expand icons alerts ticker system_info back* home* RECENT clock* search >
V/PanelView( 1078): animationTick called with dtms=0; nothing to do (h=410.67917 v=1008.25305)
V/PanelView( 1078): animationTick called with dtms=-3; nothing to do (h=410.67917 v=1008.25305)
D/WifiStateMachine( 1016): handleMessage: E msg.what=151572
D/WifiStateMachine( 1016): processMsg: ConnectedState
D/WifiStateMachine( 1016): processMsg: L2ConnectedState
D/WifiStateMachine( 1016): handleMessage: X
I/ActivityManager( 1016): Process com.android.vending (pid 6240) has died.
F/ProcessStats( 1016): Starting service ServiceState{43a506e8 com.tranzmate.services.LocationService pkg=com.tranzmate proc=43a506e8} without owner
I/SFPerfTracer(  278):       trigger: frame rate (-27.650%)	(43.410 fps)	(23.036 ms) 	(16 drops)	(88 frames)
I/SFPerfTracer(  278):      triggers: (rate: 505:16517) (compose: 0:58) (post: 0:3) (render: 47:4374) (88:247768 frames) (89:738205)
D/SFPerfTracer(  278):        layers: (4:11) (DimLayer: 0:145)* (DimLayer: 0:163)* (FocusedStackFrame: 0:5575)* (StatusBar: 22:54921) (NavigationBar: 24:36006) (DimLayer: 0:10622)* (DimLayer: 0:1188)* (com.android.wallpaper.fall.FallWallpaper: 30:12610) (com.giftme.fb_auth/com.giftme.fb_auth.FB_Auth: 0:43)* (ElectronBeam: 0:27)* (Keyguard: 69:74) 
I/ActivityManager( 1016): Process free.reddit.news (pid 6361) has died.
W/ContextImpl( 1231): Calling a method in the system process without a qualified user: android.app.ContextImpl.startService:1608 android.content.ContextWrapper.startService:494 android.content.ContextWrapper.startService:494 com.motorola.motocare.internal.batterystats.BatteryStatsAction.onReceive:33 android.app.ActivityThread.handleReceiver:2434 
I/ActivityManager( 1016): Process co.giftmeapp.gift_me (pid 4850) has died.
I/WindowState( 1016): WIN DEATH: Window{443b5958 u0 co.giftmeapp.gift_me/co.giftmeapp.gift_me.GiftMe}
D/dalvikvm( 2456): GC_CONCURRENT freed 1836K, 45% free 9581K/17224K, paused 2ms+2ms, total 20ms
D/WifiStateMachine( 1016): handleMessage: E msg.what=131155
D/WifiStateMachine( 1016): processMsg: ConnectedState
D/WifiStateMachine( 1016): processMsg: L2ConnectedState
D/WifiStateMachine( 1016): handleMessage: X
D/WifiStateMachine( 1016): handleMessage: E msg.what=151572
D/WifiStateMachine( 1016): processMsg: ConnectedState
D/WifiStateMachine( 1016): processMsg: L2ConnectedState
D/WifiStateMachine( 1016): handleMessage: X
F/ProcessStats( 1016): Starting service ServiceState{43a506e8 com.tranzmate.services.LocationService pkg=com.tranzmate proc=43a506e8} without owner
D/CordovaActivity( 5873): Resuming the App
W/ContextImpl( 1231): Calling a method in the system process without a qualified user: android.app.ContextImpl.sendBroadcast:1252 android.content.ContextWrapper.sendBroadcast:365 com.motorola.motocare.util.TriggerHelper$TriggerBuilder.send:76 com.motorola.motocare.internal.frameworkevents.PauseResumeTrigger.handleFrameworkEvent:53 com.motorola.motocare.internal.frameworkevents.FwEventMonitor$FrameworkListener.processFrameworkEvent:114 
I/ActivityManager( 1016): START u0 {flg=0x14000000 cmp=com.whatsapp/.Conversation bnds=[0,102][720,305] (has extras)} from pid -1
D/WifiStateMachine( 1016): handleMessage: E msg.what=151572
D/WifiStateMachine( 1016): processMsg: ConnectedState
D/WifiStateMachine( 1016): processMsg: L2ConnectedState
I/WindowManager( 1016): Screenshot max retries 4 of Token{43824bb8 ActivityRecord{427b4ae8 u0 com.giftme.fb_auth/.FB_Auth t391}} appWin=Window{4293ee68 u0 com.giftme.fb_auth/com.giftme.fb_auth.FB_Auth} drawState=4
W/WindowManager( 1016): Screenshot failure taking screenshot for (720x1280) to layer 21030
W/ContextImpl( 1231): Calling a method in the system process without a qualified user: android.app.ContextImpl.sendBroadcast:1252 android.content.ContextWrapper.sendBroadcast:365 com.motorola.motocare.util.TriggerHelper$TriggerBuilder.send:76 com.motorola.motocare.internal.frameworkevents.PauseResumeTrigger.handleFrameworkEvent:53 com.motorola.motocare.internal.frameworkevents.FwEventMonitor$FrameworkListener.processFrameworkEvent:114 
D/WifiStateMachine( 1016): handleMessage: X
D/CordovaActivity( 5873): Paused the application!
D/CordovaWebView( 5873): Handle the pause
V/PanelView( 1078): animationTick called with dtms=0; nothing to do (h=1184.0 v=-4000.0)
W/ContextImpl( 1231): Calling a method in the system process without a qualified user: android.app.ContextImpl.sendBroadcast:1252 android.content.ContextWrapper.sendBroadcast:365 com.motorola.motocare.util.TriggerHelper$TriggerBuilder.send:76 com.motorola.motocare.internal.frameworkevents.PauseResumeTrigger.handleFrameworkEvent:53 com.motorola.motocare.internal.frameworkevents.FwEventMonitor$FrameworkListener.processFrameworkEvent:114 
D/3CDM.DeviceAdminPushReceiver(31852): Received an Intent - Action: android.intent.action.USER_PRESENT
D/3CDM.DeviceAdminPushReceiver(31852): Type: null
D/3CDM.DeviceAdminPushReceiver(31852): Data: null
D/3CDM.Service(31852): android.intent.action.USER_PRESENT
D/3CDM.Service(31852): Phone was locked and now it is unlocked now.
D/UsbDeviceManager( 1016): MSG_USER_PRESENT
D/PhoneStatusBar( 1078): disable: < expand icons alerts ticker system_info BACK* HOME* recent* CLOCK* search >
I/dalvikvm( 2272): Could not find method android.widget.RelativeLayout.<init>, referenced from method com.whatsapp.ConversationContentLayout.<init>
W/dalvikvm( 2272): VFY: unable to resolve direct method 5533: Landroid/widget/RelativeLayout;.<init> (Landroid/content/Context;Landroid/util/AttributeSet;II)V
D/dalvikvm( 2272): VFY: replacing opcode 0x70 at 0x0000
I/ActivityManager( 1016): Start proc com.linkedin.android for broadcast com.linkedin.android/.appwidget.ResponsiveWidgetService$ActiveUserListener: pid=6547 uid=10123 gids={50123, 3003, 1028, 1015}
D/PhoneStatusBar( 1078): disable: < expand icons alerts ticker system_info back* home* recent clock* search >
D/AwesomePlayer(  284): Before reset_l
I/AwesomePlayer(  284): setDataSource(FD URL suppressed)
D/QCUtils (  284): extended extractor not needed, return default
D/AwesomePlayer(  284): Before reset_l
I/AwesomePlayer(  284): setDataSource(FD URL suppressed)
D/dalvikvm( 2272): GC_FOR_ALLOC freed 4501K, 34% free 11419K/17224K, paused 51ms, total 51ms
D/QCUtils (  284): extended extractor not needed, return default
I/dalvikvm-heap( 2272): Grow heap (frag case) to 16.701MB for 3686416-byte allocation
D/AwesomePlayer(  284): Before reset_l
I/AwesomePlayer(  284): setDataSource(FD URL suppressed)
D/QCUtils (  284): extended extractor not needed, return default
D/dalvikvm( 2272): GC_CONCURRENT freed 101K, 29% free 14921K/20828K, paused 6ms+10ms, total 48ms
I/SFPerfTracer(  278):       trigger: vsync rate (-30.324%)	(41.806 vps)	(23.920 ms)* 	(35 drops)	(181 vsyncs)
I/SFPerfTracer(  278):      triggers: (rate: 166:93936) (229840 sw vsyncs) (197134 skipped) (181:817670 vsyncs) (183:1148923)
D/perfTimingLib( 6547): logTimeStamp for linkedin_android_app_oncreate_time
I/Adreno-EGL( 2272): <qeglDrvAPI_eglInitialize:410>: EGL 1.4 QUALCOMM build: AU_LINUX_ANDROID_LNX.LA.3.5.1_RB1.04.04.02.048.018_msm8226_LNX.LA.3.5.1_RB1__release_AU ()
I/Adreno-EGL( 2272): OpenGL ES Shader Compiler Version: E031.24.00.08
I/Adreno-EGL( 2272): Build Date: 03/07/14 Fri
I/Adreno-EGL( 2272): Local Branch: 
I/Adreno-EGL( 2272): Remote Branch: quic/LNX.LA.3.5.1_RB1.1
I/Adreno-EGL( 2272): Local Patches: NONE
I/Adreno-EGL( 2272): Reconstruct Branch: AU_LINUX_ANDROID_LNX.LA.3.5.1_RB1.04.04.02.048.018 + f2fd134 +  NOTHING
D/OpenGLRenderer( 2272): Enabling debug mode 0
V/WebViewChromiumFactoryProvider( 2272): Binding Chromium to main looper Looper (main, tid 1) {42785908}
I/LibraryLoader( 2272): Expected native library version number "",actual native library version number ""
I/chromium( 2272): [INFO:library_loader_hooks.cc(116)] Chromium logging enabled: level = 0, default verbosity = 0
I/BrowserStartupController( 2272): Initializing chromium process, renderers=0
D/BluetoothManagerService( 1016): Message: 20
D/BluetoothManagerService( 1016): Added callback: android.bluetooth.IBluetoothManagerCallback$Stub$Proxy@43044f30:true
I/SFPerfTracer(  278):      triggers: (rate: 505:16517) (compose: 0:58) (post: 0:3) (render: 47:4377) (13:247796 frames) (14:738281)
D/SFPerfTracer(  278):        layers: (4:12) (DimLayer: 0:145)* (DimLayer: 0:163)* (FocusedStackFrame: 0:5579)* (StatusBar: 0:54933) (NavigationBar: 11:36033) (DimLayer: 0:10622)* (DimLayer: 0:1191) (com.android.wallpaper.fall.FallWallpaper: 0:12653)* (com.giftme.fb_auth/com.giftme.fb_auth.FB_Auth: 0:57)* (Keyguard: 0:85)* (Starting com.whatsapp: 14:30) (com.whatsapp/com.whatsapp.Conversation: 14:14)* 
D/dalvikvm( 2272): GC_FOR_ALLOC freed 442K, 23% free 16103K/20828K, paused 28ms, total 29ms
I/LiConfigParser( 6547): Avail updated for feature [bluesteel_profile_easter] to:true
I/LiConfigParser( 6547): Avail updated for feature [bluesteel_profile_caching] to:true
I/LiConfigParser( 6547): Avail updated for feature [bluesteel_profile_background_animation] to:true
D/WifiStateMachine( 1016): handleMessage: E msg.what=151572
D/WifiStateMachine( 1016): processMsg: ConnectedState
D/WifiStateMachine( 1016): processMsg: L2ConnectedState
D/WifiStateMachine( 1016): handleMessage: X
I/DefaultLiHttpClient( 6547): Current retry config is:UseLiExceptionRetry
I/PersistentCookieStore( 6547): Get Persistent Cookie Store
I/PersistentCookieStore( 6547): mInstance == null. init mInstance
I/PersistentCookieStore( 6547): no migration
I/MobileClient( 6547): Mobile server: https://touch.www.linkedin.com
I/LaunchCheckinHandler( 1016): Displayed com.whatsapp/.Conversation,wp,ca,1070
I/ActivityManager( 1016): Displayed com.whatsapp/.Conversation: +1s70ms
V/WebViewChromiumFactoryProvider( 6547): Binding Chromium to main looper Looper (main, tid 1) {4278bd68}
D/AudioManagerAndroid( 2272): ==> onReceive: s=0, m=1, n=h2w, sb=true
D/AudioManagerAndroid( 2272): reportUpdate: state=0, devices=[Speakerphone, Headset earpiece]
W/IInputConnectionWrapper( 5873): showStatusIcon on inactive InputConnection
I/LibraryLoader( 6547): Expected native library version number "",actual native library version number ""
I/chromium( 6547): [INFO:library_loader_hooks.cc(116)] Chromium logging enabled: level = 0, default verbosity = 0
I/BrowserStartupController( 6547): Initializing chromium process, renderers=0
E/AudioManagerAndroid( 6547): BLUETOOTH permission is missing!
I/Adreno-EGL( 6547): <qeglDrvAPI_eglInitialize:410>: EGL 1.4 QUALCOMM build: AU_LINUX_ANDROID_LNX.LA.3.5.1_RB1.04.04.02.048.018_msm8226_LNX.LA.3.5.1_RB1__release_AU ()
I/Adreno-EGL( 6547): OpenGL ES Shader Compiler Version: E031.24.00.08
I/Adreno-EGL( 6547): Build Date: 03/07/14 Fri
I/Adreno-EGL( 6547): Local Branch: 
I/Adreno-EGL( 6547): Remote Branch: quic/LNX.LA.3.5.1_RB1.1
I/Adreno-EGL( 6547): Local Patches: NONE
I/Adreno-EGL( 6547): Reconstruct Branch: AU_LINUX_ANDROID_LNX.LA.3.5.1_RB1.04.04.02.048.018 + f2fd134 +  NOTHING
D/Event   ( 2272): No subscribers registered for event class com.whatsapp.alk
D/Event   ( 2272): No subscribers registered for event class de.greenrobot.event.a
W/chromium( 6547): [WARNING:proxy_service.cc(890)] PAC support disabled because there is no system implementation
I/PersistentCookieStore( 6547): Get Persistent Cookie Store
W/ManagedEGLContext( 5873): doTerminate failed: EGL count is 2 but managed count is 1
D/AudioManagerAndroid( 6547): ==> onReceive: s=0, m=1, n=h2w, sb=true
D/AudioManagerAndroid( 6547): reportUpdate: state=0, devices=[Speakerphone, Headset earpiece]
I/PersistentCookieStore( 6547): Get Persistent Cookie Store
D/ACRA    ( 6547): ACRA is enabled for com.linkedin.android, intializing...
D/ACRA    ( 6547): Looking for error files in /data/data/com.linkedin.android/files
I/RequestQueue( 6547): Init Network Client
I/RequestQueue( 6547): Network dispatcher has started
D/LI_AUTH_LIB( 6547): in init username=TimCallagy@gmail.com
I/PersistentCookieStore( 6547): All cookies cleared
I/LiApplication( 6547): Locale found in prefs: 
I/LiApplication( 6547): Updated language/locale to: en_GB
D/com.linkedin.android.liauthlib.NetworkDispatcher( 6547): sending request https://www.linkedin.com/mob/sso/you
D/com.linkedin.android.liauthlib.NetworkDispatcher( 6547): got response from https://www.linkedin.com/mob/sso/you
D/WifiStateMachine( 1016): handleMessage: E msg.what=151572
D/WifiStateMachine( 1016): processMsg: ConnectedState
D/WifiStateMachine( 1016): processMsg: L2ConnectedState
D/WifiStateMachine( 1016): handleMessage: X
D/WifiStateMachine( 1016): handleMessage: E msg.what=131155
D/WifiStateMachine( 1016): processMsg: ConnectedState
D/WifiStateMachine( 1016): processMsg: L2ConnectedState
D/WifiStateMachine( 1016): handleMessage: X
D/WifiStateMachine( 1016): handleMessage: E msg.what=151572
D/WifiStateMachine( 1016): processMsg: ConnectedState
D/WifiStateMachine( 1016): processMsg: L2ConnectedState
D/WifiStateMachine( 1016): handleMessage: X
I/SFPerfTracer(  278):      triggers: (rate: 166:93936) (229840 sw vsyncs) (197134 skipped) (17:817764 vsyncs) (19:1149029)
D/WifiStateMachine( 1016): handleMessage: E msg.what=151572
D/WifiStateMachine( 1016): processMsg: ConnectedState
D/WifiStateMachine( 1016): processMsg: L2ConnectedState
D/WifiStateMachine( 1016): handleMessage: X
I/SBar.NetworkController( 1078): refreshSignalCluster: wifi: mWifiConnected=true Wifi=zz_moto_stat_sys_wifi_signal_4_fully_wide Activity=zz_moto_stat_sys_wifi_inout_wide in=false out=false Accessibility="Wi-Fi signal full."
I/SBar.NetworkController( 1078): refreshSignalCluster: mobile: mHasMobileDataFeature=true DataTypeShown=(none) Activity=(none) in=false out=false Accessibility="3G"
D/Ulp_jni ( 1016): Location CB invoked
D/WifiStateMachine( 1016): handleMessage: E msg.what=151572
D/WifiStateMachine( 1016): processMsg: ConnectedState
D/WifiStateMachine( 1016): processMsg: L2ConnectedState
D/WifiStateMachine( 1016): handleMessage: X
D/WifiStateMachine( 1016): handleMessage: E msg.what=131155
D/WifiStateMachine( 1016): processMsg: ConnectedState
D/WifiStateMachine( 1016): processMsg: L2ConnectedState
D/WifiStateMachine( 1016): handleMessage: X
I/LatinIME(  612): Starting input. Cursor position = 0,0
I/LatinIME:LogUtils(  612): Dictionary info: dictionary = ContextualDictionary.en_GB ; version = 1428177994 ; date = ?
I/SFPerfTracer(  278):      triggers: (rate: 505:16519) (compose: 0:58) (post: 0:3) (render: 47:4377) (5:247811 frames) (6:738384)
D/SFPerfTracer(  278):        layers: (3:11) (DimLayer: 0:145)* (DimLayer: 0:163)* (FocusedStackFrame: 0:5581)* (StatusBar: 0:54937) (NavigationBar: 1:36034) (DimLayer: 0:10622)* (DimLayer: 0:1192)* (com.android.wallpaper.fall.FallWallpaper: 0:12653)* (Starting com.whatsapp: 0:42)* (com.whatsapp/com.whatsapp.Conversation: 1:96) (InputMethod: 5:5)* 
E/AmanattoDataUpdaterHelper(  612): Failed to get contextual suggestions.
E/AmanattoDataUpdaterHelper(  612): package name: com.whatsapp
E/AmanattoDataUpdaterHelper(  612): Error message: Disabled
D/WifiStateMachine( 1016): handleMessage: E msg.what=151572
D/WifiStateMachine( 1016): processMsg: ConnectedState
D/WifiStateMachine( 1016): processMsg: L2ConnectedState
D/WifiStateMachine( 1016): handleMessage: X
D/WifiStateMachine( 1016): handleMessage: E msg.what=151572
D/WifiStateMachine( 1016): processMsg: ConnectedState
D/WifiStateMachine( 1016): processMsg: L2ConnectedState
D/WifiStateMachine( 1016): handleMessage: X
D/Request ( 5873): Warning: Sessionless Request needs token but missing either application ID or client token.
I/SFPerfTracer(  278):      triggers: (rate: 166:93936) (229840 sw vsyncs) (197134 skipped) (30:817867 vsyncs) (32:1149154)
D/dalvikvm(  612): GC_CONCURRENT freed 496K, 27% free 12673K/17224K, paused 2ms+4ms, total 40ms
D/WifiStateMachine( 1016): handleMessage: E msg.what=151572
D/WifiStateMachine( 1016): processMsg: ConnectedState
D/WifiStateMachine( 1016): processMsg: L2ConnectedState
D/WifiStateMachine( 1016): handleMessage: X
D/WifiStateMachine( 1016): handleMessage: E msg.what=131155
D/WifiStateMachine( 1016): processMsg: ConnectedState
D/WifiStateMachine( 1016): processMsg: L2ConnectedState
D/WifiStateMachine( 1016): handleMessage: X
I/LatinIME:LogUtils(  612): Dictionary info: dictionary = spellcheck_userunigram.en_GB ; version = 1428177996 ; date = ?
I/LatinIME:LogUtils(  612): Dictionary info: dictionary = spellcheck_contacts.en_GB ; version = 1428172534 ; date = 1428172534
I/LatinIME:LogUtils(  612): Dictionary info: dictionary = userunigram.en_GB ; version = 1428177996 ; date = ?
I/LatinIME:LogUtils(  612): Dictionary info: dictionary = main:en_gb ; version = 52 ; date = 1412572953
I/LatinIME:LogUtils(  612): Dictionary info: dictionary = main:en_gb ; version = 52 ; date = 1412572953
I/LatinIME:LogUtils(  612): Dictionary info: dictionary = main:en_gb ; version = 52 ; date = 1412572953
I/LatinIME:LogUtils(  612): Dictionary info: dictionary = main:en_gb ; version = 52 ; date = 1412572953
I/SFPerfTracer(  278):       trigger: frame rate (-26.590%)	(44.046 fps)	(22.704 ms) 	(11 drops)	(69 frames)
I/SFPerfTracer(  278):      triggers: (rate: 506:16530) (compose: 0:58) (post: 0:3) (render: 47:4377) (69:247894 frames) (70:738471)
D/SFPerfTracer(  278):        layers: (4:10) (DimLayer: 0:145)* (DimLayer: 0:163)* (FocusedStackFrame: 0:5581)* (StatusBar: 2:54939) (NavigationBar: 0:36034) (DimLayer: 0:10622)* (DimLayer: 0:1192)* (com.android.wallpaper.fall.FallWallpaper: 0:12653)* (com.whatsapp/com.whatsapp.Conversation: 16:114) (InputMethod: 61:81) 
D/WifiStateMachine( 1016): handleMessage: E msg.what=151572
D/WifiStateMachine( 1016): processMsg: ConnectedState
D/WifiStateMachine( 1016): processMsg: L2ConnectedState
D/WifiStateMachine( 1016): handleMessage: X
I/ActivityManager( 1016): Process com.devexpert.weather (pid 6299) has died.
D/WifiStateMachine( 1016): handleMessage: E msg.what=151572
D/WifiStateMachine( 1016): processMsg: ConnectedState
D/WifiStateMachine( 1016): processMsg: L2ConnectedState
D/WifiStateMachine( 1016): handleMessage: X
I/ActivityManager( 1016): Process com.linkedin.android (pid 6547) has died.
I/SFPerfTracer(  278):      triggers: (rate: 166:93936) (229840 sw vsyncs) (197134 skipped) (49:817965 vsyncs) (51:1149291)
D/WifiStateMachine( 1016): handleMessage: E msg.what=151572
D/WifiStateMachine( 1016): processMsg: ConnectedState
D/WifiStateMachine( 1016): processMsg: L2ConnectedState
D/WifiStateMachine( 1016): handleMessage: X
D/WifiStateMachine( 1016): handleMessage: E msg.what=131155
D/WifiStateMachine( 1016): processMsg: ConnectedState
D/WifiStateMachine( 1016): processMsg: L2ConnectedState
D/WifiStateMachine( 1016): handleMessage: X
I/SFPerfTracer(  278):       trigger: frame rate (-31.149%)	(41.311 fps)	(24.207 ms) 	(20 drops)	(106 frames)
I/SFPerfTracer(  278):      triggers: (rate: 507:16550) (compose: 0:58) (post: 0:3) (render: 47:4377) (106:248003 frames) (107:738583)
D/SFPerfTracer(  278):        layers: (4:10) (DimLayer: 0:145)* (DimLayer: 0:163)* (FocusedStackFrame: 0:5581)* (StatusBar: 2:54941) (NavigationBar: 0:36034) (DimLayer: 0:10622)* (DimLayer: 0:1192)* (com.android.wallpaper.fall.FallWallpaper: 0:12653)* (com.whatsapp/com.whatsapp.Conversation: 8:123) (InputMethod: 103:188) 
D/WifiStateMachine( 1016): handleMessage: E msg.what=151572
D/WifiStateMachine( 1016): processMsg: ConnectedState
D/WifiStateMachine( 1016): processMsg: L2ConnectedState
D/WifiStateMachine( 1016): handleMessage: X
D/WifiStateMachine( 1016): handleMessage: E msg.what=151572
D/WifiStateMachine( 1016): processMsg: ConnectedState
D/WifiStateMachine( 1016): processMsg: L2ConnectedState
D/WifiStateMachine( 1016): handleMessage: X
I/SFPerfTracer(  278):      triggers: (rate: 166:93936) (229840 sw vsyncs) (197134 skipped) (17:818025 vsyncs) (19:1149393)
I/SFPerfTracer(  278):       trigger: frame rate (-31.138%)	(41.317 fps)	(24.203 ms) 	(10 drops)	(53 frames)
I/SFPerfTracer(  278):      triggers: (rate: 508:16561) (compose: 0:58) (post: 0:3) (render: 47:4377) (53:248060 frames) (54:738643)
D/SFPerfTracer(  278):        layers: (4:10) (DimLayer: 0:145)* (DimLayer: 0:163)* (FocusedStackFrame: 0:5581)* (StatusBar: 1:54943) (NavigationBar: 0:36034) (DimLayer: 0:10622)* (DimLayer: 0:1192)* (com.android.wallpaper.fall.FallWallpaper: 0:12653)* (com.whatsapp/com.whatsapp.Conversation: 4:128) (InputMethod: 52:244) 
D/WifiStateMachine( 1016): handleMessage: E msg.what=151572
D/WifiStateMachine( 1016): processMsg: ConnectedState
D/WifiStateMachine( 1016): processMsg: L2ConnectedState
D/WifiStateMachine( 1016): handleMessage: X
D/WifiStateMachine( 1016): handleMessage: E msg.what=131155
D/WifiStateMachine( 1016): processMsg: ConnectedState
D/WifiStateMachine( 1016): processMsg: L2ConnectedState
D/WifiStateMachine( 1016): handleMessage: X
D/Ulp_jni ( 1016): Location CB invoked
D/WifiStateMachine( 1016): handleMessage: E msg.what=151572
D/WifiStateMachine( 1016): processMsg: ConnectedState
D/WifiStateMachine( 1016): processMsg: L2ConnectedState
D/WifiStateMachine( 1016): handleMessage: X
D/WifiStateMachine( 1016): handleMessage: E msg.what=151572
D/WifiStateMachine( 1016): processMsg: ConnectedState
D/WifiStateMachine( 1016): processMsg: L2ConnectedState
D/WifiStateMachine( 1016): handleMessage: X
I/SFPerfTracer(  278):       trigger: frame rate (-32.885%)	(40.269 fps)	(24.833 ms) 	(6 drops)	(51 frames)
I/SFPerfTracer(  278):      triggers: (rate: 509:16567) (compose: 0:58) (post: 0:3) (render: 47:4377) (51:248112 frames) (52:738703)
D/SFPerfTracer(  278):        layers: (4:10) (DimLayer: 0:145)* (DimLayer: 0:163)* (FocusedStackFrame: 0:5581)* (StatusBar: 0:54943) (NavigationBar: 0:36034) (DimLayer: 0:10622)* (DimLayer: 0:1192)* (com.android.wallpaper.fall.FallWallpaper: 0:12653)* (com.whatsapp/com.whatsapp.Conversation: 3:135) (InputMethod: 51:300) 
D/WifiStateMachine( 1016): handleMessage: E msg.what=151572
D/WifiStateMachine( 1016): processMsg: ConnectedState
D/WifiStateMachine( 1016): processMsg: L2ConnectedState
D/WifiStateMachine( 1016): handleMessage: X
D/WifiStateMachine( 1016): handleMessage: E msg.what=131155
D/WifiStateMachine( 1016): processMsg: ConnectedState
D/WifiStateMachine( 1016): processMsg: L2ConnectedState
D/WifiStateMachine( 1016): handleMessage: X
D/WifiStateMachine( 1016): handleMessage: E msg.what=151572
D/WifiStateMachine( 1016): processMsg: ConnectedState
D/WifiStateMachine( 1016): processMsg: L2ConnectedState
D/WifiStateMachine( 1016): handleMessage: X
D/WifiStateMachine( 1016): handleMessage: E msg.what=151572
D/WifiStateMachine( 1016): processMsg: ConnectedState
D/WifiStateMachine( 1016): processMsg: L2ConnectedState
D/WifiStateMachine( 1016): handleMessage: X
I/SFPerfTracer(  278):      triggers: (rate: 166:93936) (229840 sw vsyncs) (197134 skipped) (49:818116 vsyncs) (51:1149543)
D/WifiStateMachine( 1016): handleMessage: E msg.what=151572
D/WifiStateMachine( 1016): processMsg: ConnectedState
D/WifiStateMachine( 1016): processMsg: L2ConnectedState
D/WifiStateMachine( 1016): handleMessage: X
D/WifiStateMachine( 1016): handleMessage: E msg.what=131155
D/WifiStateMachine( 1016): processMsg: ConnectedState
D/WifiStateMachine( 1016): processMsg: L2ConnectedState
D/WifiStateMachine( 1016): handleMessage: X
D/WifiStateMachine( 1016): handleMessage: E msg.what=151572
D/WifiStateMachine( 1016): processMsg: ConnectedState
D/WifiStateMachine( 1016): processMsg: L2ConnectedState
D/WifiStateMachine( 1016): handleMessage: X
I/SFPerfTracer(  278):      triggers: (rate: 509:16582) (compose: 0:58) (post: 0:3) (render: 47:4377) (95:248215 frames) (96:738817)
D/SFPerfTracer(  278):        layers: (4:10) (DimLayer: 0:145)* (DimLayer: 0:163)* (FocusedStackFrame: 0:5581)* (StatusBar: 0:54943) (NavigationBar: 0:36034) (DimLayer: 0:10622)* (DimLayer: 0:1192)* (com.android.wallpaper.fall.FallWallpaper: 0:12653)* (com.whatsapp/com.whatsapp.Conversation: 5:147) (InputMethod: 96:408) 
D/WifiStateMachine( 1016): handleMessage: E msg.what=151572
D/WifiStateMachine( 1016): processMsg: ConnectedState
D/WifiStateMachine( 1016): processMsg: L2ConnectedState
D/WifiStateMachine( 1016): handleMessage: X
I/SFPerfTracer(  278):      triggers: (rate: 166:93936) (229840 sw vsyncs) (197134 skipped) (54:818195 vsyncs) (56:1149660)
D/WifiStateMachine( 1016): handleMessage: E msg.what=151572
D/WifiStateMachine( 1016): processMsg: ConnectedState
D/WifiStateMachine( 1016): processMsg: L2ConnectedState
D/WifiStateMachine( 1016): handleMessage: X
D/WifiStateMachine( 1016): handleMessage: E msg.what=131155
D/WifiStateMachine( 1016): processMsg: ConnectedState
D/WifiStateMachine( 1016): processMsg: L2ConnectedState
D/WifiStateMachine( 1016): handleMessage: X
I/wpa_supplicant( 1178): wlan0: WPA: Group rekeying completed with 70:54:d2:ae:26:93 [GTK=TKIP]
D/MDMCTBK (  276): reply_len: 40 reply is = IFNAME=wlan0 <3>CTRL-EVENT-STATE-CHANGE 
D/MDMCTBK (  276): Event received = CTRL-EVENT-STATE-CHANGE 
D/MDMCTBK (  276): reply_len: 40 reply is = IFNAME=wlan0 <3>WPA: Group rekeying comp
D/MDMCTBK (  276): Event received = WPA: Group rekeying comp
D/MDMCTBK (  276): reply_len: 40 reply is = IFNAME=wlan0 <3>CTRL-EVENT-STATE-CHANGE 
D/MDMCTBK (  276): Event received = CTRL-EVENT-STATE-CHANGE 
D/WifiStateMachine( 1016): handleMessage: E msg.what=147462
D/WifiStateMachine( 1016): processMsg: ConnectedState
D/WifiStateMachine( 1016): processMsg: L2ConnectedState
D/WifiStateMachine( 1016): processMsg: ConnectModeState
D/WifiStateMachine( 1016): handleMessage: X
D/WifiStateMachine( 1016): handleMessage: E msg.what=147462
D/WifiStateMachine( 1016): processMsg: ConnectedState
D/WifiStateMachine( 1016): processMsg: L2ConnectedState
D/WifiStateMachine( 1016): processMsg: ConnectModeState
D/WifiStateMachine( 1016): handleMessage: X
D/WifiStateMachine( 1016): handleMessage: E msg.what=151572
D/WifiStateMachine( 1016): processMsg: ConnectedState
D/WifiStateMachine( 1016): processMsg: L2ConnectedState
D/WifiStateMachine( 1016): handleMessage: X
I/SFPerfTracer(  278):       trigger: frame rate (-26.116%)	(44.331 fps)	(22.558 ms) 	(18 drops)	(88 frames)
I/SFPerfTracer(  278):      triggers: (rate: 510:16600) (compose: 0:58) (post: 0:3) (render: 47:4377) (88:248304 frames) (89:738909)
D/SFPerfTracer(  278):        layers: (4:10) (DimLayer: 0:145)* (DimLayer: 0:163)* (FocusedStackFrame: 0:5581)* (StatusBar: 0:54943) (NavigationBar: 0:36034) (DimLayer: 0:10622)* (DimLayer: 0:1192)* (com.android.wallpaper.fall.FallWallpaper: 0:12653)* (com.whatsapp/com.whatsapp.Conversation: 6:154) (InputMethod: 87:498) 
D/Ulp_jni ( 1016): Location CB invoked
D/WifiStateMachine( 1016): handleMessage: E msg.what=151572
D/WifiStateMachine( 1016): processMsg: ConnectedState
D/WifiStateMachine( 1016): processMsg: L2ConnectedState
D/WifiStateMachine( 1016): handleMessage: X
I/SFPerfTracer(  278):      triggers: (rate: 166:93936) (229840 sw vsyncs) (197134 skipped) (0:818244 vsyncs) (1:1149761)
D/WifiStateMachine( 1016): handleMessage: E msg.what=151572
D/WifiStateMachine( 1016): processMsg: ConnectedState
D/WifiStateMachine( 1016): processMsg: L2ConnectedState
D/WifiStateMachine( 1016): handleMessage: X
D/WifiStateMachine( 1016): handleMessage: E msg.what=131155
D/WifiStateMachine( 1016): processMsg: ConnectedState
D/WifiStateMachine( 1016): processMsg: L2ConnectedState
D/WifiStateMachine( 1016): handleMessage: X
I/SFPerfTracer(  278):       trigger: frame rate (-28.439%)	(42.937 fps)	(23.290 ms) 	(14 drops)	(63 frames)
I/SFPerfTracer(  278):      triggers: (rate: 511:16614) (compose: 0:58) (post: 0:3) (render: 47:4377) (63:248368 frames) (64:738976)
D/SFPerfTracer(  278):        layers: (4:10) (DimLayer: 0:145)* (DimLayer: 0:163)* (FocusedStackFrame: 0:5581)* (StatusBar: 0:54943) (NavigationBar: 0:36034) (DimLayer: 0:10622)* (DimLayer: 0:1192)* (com.android.wallpaper.fall.FallWallpaper: 0:12653)* (com.whatsapp/com.whatsapp.Conversation: 5:160) (InputMethod: 63:563) 
D/WifiStateMachine( 1016): handleMessage: E msg.what=151572
D/WifiStateMachine( 1016): processMsg: ConnectedState
D/WifiStateMachine( 1016): processMsg: L2ConnectedState
D/WifiStateMachine( 1016): handleMessage: X
D/WifiStateMachine( 1016): handleMessage: E msg.what=151572
D/WifiStateMachine( 1016): processMsg: ConnectedState
D/WifiStateMachine( 1016): processMsg: L2ConnectedState
D/WifiStateMachine( 1016): handleMessage: X
I/SFPerfTracer(  278):       trigger: frame rate (-29.048%)	(42.571 fps)	(23.490 ms) 	(12 drops)	(68 frames)
I/SFPerfTracer(  278):      triggers: (rate: 512:16626) (compose: 0:58) (post: 0:3) (render: 47:4377) (68:248437 frames) (69:739051)
D/SFPerfTracer(  278):        layers: (4:10) (DimLayer: 0:145)* (DimLayer: 0:163)* (FocusedStackFrame: 0:5581)* (StatusBar: 1:54945) (NavigationBar: 0:36034) (DimLayer: 0:10622)* (DimLayer: 0:1192)* (com.android.wallpaper.fall.FallWallpaper: 0:12653)* (com.whatsapp/com.whatsapp.Conversation: 3:166) (InputMethod: 68:633) 
D/WifiStateMachine( 1016): handleMessage: E msg.what=151572
D/WifiStateMachine( 1016): processMsg: ConnectedState
D/WifiStateMachine( 1016): processMsg: L2ConnectedState
D/WifiStateMachine( 1016): handleMessage: X
D/WifiStateMachine( 1016): handleMessage: E msg.what=131155
D/WifiStateMachine( 1016): processMsg: ConnectedState
D/WifiStateMachine( 1016): processMsg: L2ConnectedState
D/WifiStateMachine( 1016): handleMessage: X
I/SFPerfTracer(  278):      triggers: (rate: 166:93936) (229840 sw vsyncs) (197134 skipped) (17:818314 vsyncs) (19:1149871)
D/WifiStateMachine( 1016): handleMessage: E msg.what=151572
D/WifiStateMachine( 1016): processMsg: ConnectedState
D/WifiStateMachine( 1016): processMsg: L2ConnectedState
D/WifiStateMachine( 1016): handleMessage: X
D/WifiStateMachine( 1016): handleMessage: E msg.what=151572
D/WifiStateMachine( 1016): processMsg: ConnectedState
D/WifiStateMachine( 1016): processMsg: L2ConnectedState
D/WifiStateMachine( 1016): handleMessage: X
V/AlarmManager( 1016): sending alarm Alarm{43f02738 type 3 android}
D/dalvikvm(  612): GC_CONCURRENT freed 1757K, 26% free 12840K/17224K, paused 24ms+3ms, total 76ms
D/WifiStateMachine( 1016): handleMessage: E msg.what=151572
D/WifiStateMachine( 1016): processMsg: ConnectedState
D/WifiStateMachine( 1016): processMsg: L2ConnectedState
D/WifiStateMachine( 1016): handleMessage: X
D/WifiStateMachine( 1016): handleMessage: E msg.what=131155
D/WifiStateMachine( 1016): processMsg: ConnectedState
D/WifiStateMachine( 1016): processMsg: L2ConnectedState
D/WifiStateMachine( 1016): handleMessage: X
I/LatinIME(  612): Starting input. Cursor position = 39,39
D/WifiStateMachine( 1016): handleMessage: E msg.what=151572
D/WifiStateMachine( 1016): processMsg: ConnectedState
D/WifiStateMachine( 1016): processMsg: L2ConnectedState
D/WifiStateMachine( 1016): handleMessage: X
I/LatinIME:LogUtils(  612): Dictionary info: dictionary = ContextualDictionary.en_GB ; version = 1428178021 ; date = ?
E/AmanattoDataUpdaterHelper(  612): Failed to get contextual suggestions.
E/AmanattoDataUpdaterHelper(  612): package name: com.whatsapp
E/AmanattoDataUpdaterHelper(  612): Error message: Disabled
D/AwesomePlayer(  284): Before reset_l
I/AwesomePlayer(  284): setDataSource(FD URL suppressed)
D/QCUtils (  284): extended extractor not needed, return default
D/MediaPlayerService(  284): sendMsgToAudioEffects, Success! isApply = true, audioSessionId = 1164, streamType = 0x5
D/MediaPlayerService(  284): sendMsgToAudioEffects effect ready
E/MediaPlayer( 2272): Should have subtitle controller already set
I/SoftAAC2(  284): Reconfiguring decoder: 0->44100 Hz, 0->1 channels
I/OMXNodeInstance(  284): OMX_FreeBuffer for buffer header 0xb7b185c8 successful
I/OMXNodeInstance(  284): OMX_FreeBuffer for buffer header 0xb7b187d8 successful
I/OMXNodeInstance(  284): OMX_FreeBuffer for buffer header 0xb7b04330 successful
I/OMXNodeInstance(  284): OMX_FreeBuffer for buffer header 0xb7b04458 successful
D/audio_hw_primary(  284): out_set_parameters: enter: usecase(0: deep-buffer-playback) kvpairs: routing=2
D/audio_hw_extn(  284): audio_extn_set_anc_parameters: anc_enabled:0
V/listen_hw(  284): listen_hw_set_parameters: Enter, kvpairs = routing=2 
V/listen_hw(  284): handle_set_parameters: Enter kvpairs=routing=2.
V/listen_hw(  284): handle_set_parameters: Exit
V/listen_hw(  284): listen_hw_set_parameters: Exit, ret=0
V/msm8974_platform(  284): platform_get_output_snd_device: enter: output devices(0x2)
V/msm8974_platform(  284): platform_get_output_snd_device: exit: snd_device(speaker)
D/audio_hw_primary(  284): select_devices: out_snd_device(2: speaker) in_snd_device(0: )
D/hardware_info(  284): hw_info_append_hw_type : device_name = speaker
V/msm8974_platform(  284): platform_send_audio_calibration: sending audio calibration for snd_device(2) acdb_id(14)
E/MediaPlayer( 2272): internal/external state mismatch corrected
D/hardware_info(  284): hw_info_append_hw_type : device_name = speaker
D/WifiStateMachine( 1016): handleMessage: E msg.what=151572
