W/ContextImpl( 1231): Calling a method in the system process without a qualified user: android.app.ContextImpl.sendBroadcast:1252 android.content.ContextWrapper.sendBroadcast:365 com.motorola.motocare.util.TriggerHelper$TriggerBuilder.send:76 com.motorola.motocare.internal.frameworkevents.PauseResumeTrigger.handleFrameworkEvent:53 com.motorola.motocare.internal.frameworkevents.FwEventMonitor$FrameworkListener.processFrameworkEvent:114 
I/LaunchCheckinHandler( 1016): Displayed com.android.settings/.SubSettings,wp,ca,219
I/SFPerfTracer(  278):      triggers: (rate: 27:2413) (compose: 0:8) (post: 0:2) (render: 6:297) (0:29835 frames) (1:85850)
D/SFPerfTracer(  278):        layers: (3:10) (DimLayer: 0:65)* (DimLayer: 0:21)* (FocusedStackFrame: 0:720)* (StatusBar: 0:5080) (NavigationBar: 0:5370) (DimLayer: 0:697)* (DimLayer: 0:131)* (com.android.wallpaper.fall.FallWallpaper: 0:32)* (com.android.settings/com.android.settings.Settings: 0:224)* (com.android.settings/com.android.settings.SubSettings: 1:32) 
I/SFPerfTracer(  278):      triggers: (rate: 5:1136) (85624 sw vsyncs) (1940 skipped) (15:88470 vsyncs) (17:186271)
I/SFPerfTracer(  278):      triggers: (rate: 27:2413) (compose: 0:8) (post: 0:2) (render: 6:297) (0:29835 frames) (1:85950)
D/SFPerfTracer(  278):        layers: (3:9) (DimLayer: 0:65)* (DimLayer: 0:21)* (FocusedStackFrame: 0:720)* (StatusBar: 0:5080) (NavigationBar: 0:5370) (DimLayer: 0:697)* (DimLayer: 0:131)* (com.android.wallpaper.fall.FallWallpaper: 0:32)* (com.android.settings/com.android.settings.SubSettings: 1:131) 
I/SFPerfTracer(  278):      triggers: (rate: 5:1136) (85624 sw vsyncs) (1940 skipped) (116:88586 vsyncs) (118:186389)
I/SFPerfTracer(  278):      triggers: (rate: 27:2413) (compose: 0:8) (post: 0:2) (render: 6:297) (0:29835 frames) (1:86050)
D/SFPerfTracer(  278):        layers: (3:9) (DimLayer: 0:65)* (DimLayer: 0:21)* (FocusedStackFrame: 0:720)* (StatusBar: 0:5080) (NavigationBar: 1:5372) (DimLayer: 0:697)* (DimLayer: 0:131)* (com.android.wallpaper.fall.FallWallpaper: 0:32)* (com.android.settings/com.android.settings.SubSettings: 0:229) 
W/ContextImpl( 1231): Calling a method in the system process without a qualified user: android.app.ContextImpl.sendBroadcast:1252 android.content.ContextWrapper.sendBroadcast:365 com.motorola.motocare.util.TriggerHelper$TriggerBuilder.send:76 com.motorola.motocare.internal.frameworkevents.PauseResumeTrigger.handleFrameworkEvent:53 com.motorola.motocare.internal.frameworkevents.FwEventMonitor$FrameworkListener.processFrameworkEvent:114 
W/ContextImpl( 1231): Calling a method in the system process without a qualified user: android.app.ContextImpl.sendBroadcast:1252 android.content.ContextWrapper.sendBroadcast:365 com.motorola.motocare.util.TriggerHelper$TriggerBuilder.send:76 com.motorola.motocare.internal.frameworkevents.PauseResumeTrigger.handleFrameworkEvent:53 com.motorola.motocare.internal.frameworkevents.FwEventMonitor$FrameworkListener.processFrameworkEvent:114 
I/SFPerfTracer(  278):      triggers: (rate: 5:1136) (85624 sw vsyncs) (1940 skipped) (29:88689 vsyncs) (31:186498)
V/AlarmManager( 1016): sending alarm Alarm{42964b48 type 3 android}
V/AlarmManager( 1016): sending alarm Alarm{430a5858 type 2 com.google.android.gms}
D/WifiService( 1016): acquireWifiLockLocked: WifiLock{NlpWifiLock type=2 binder=android.os.BinderProxy@43a4c0e0}
I/ActivityManager( 1016): START u0 {act=android.intent.action.MAIN cmp=com.android.settings/.SubSettings (has extras)} from pid 4728
W/ContextImpl( 1231): Calling a method in the system process without a qualified user: android.app.ContextImpl.sendBroadcast:1252 android.content.ContextWrapper.sendBroadcast:365 com.motorola.motocare.util.TriggerHelper$TriggerBuilder.send:76 com.motorola.motocare.internal.frameworkevents.PauseResumeTrigger.handleFrameworkEvent:53 com.motorola.motocare.internal.frameworkevents.FwEventMonitor$FrameworkListener.processFrameworkEvent:114 
W/ContextImpl( 1231): Calling a method in the system process without a qualified user: android.app.ContextImpl.sendBroadcast:1252 android.content.ContextWrapper.sendBroadcast:365 com.motorola.motocare.util.TriggerHelper$TriggerBuilder.send:76 com.motorola.motocare.internal.frameworkevents.PauseResumeTrigger.handleFrameworkEvent:53 com.motorola.motocare.internal.frameworkevents.FwEventMonitor$FrameworkListener.processFrameworkEvent:114 
D/WifiService( 1016): releaseWifiLockLocked: WifiLock{NlpWifiLock type=2 binder=android.os.BinderProxy@43a4c0e0}
I/LaunchCheckinHandler( 1016): Displayed com.android.settings/.SubSettings,wp,ca,190
I/SFPerfTracer(  278):      triggers: (rate: 27:2413) (compose: 0:8) (post: 0:2) (render: 6:297) (0:29877 frames) (1:86150)
D/SFPerfTracer(  278):        layers: (3:11) (DimLayer: 0:65)* (DimLayer: 0:21)* (FocusedStackFrame: 0:726)* (StatusBar: 0:5082) (NavigationBar: 0:5404) (DimLayer: 0:697)* (DimLayer: 0:133)* (com.android.wallpaper.fall.FallWallpaper: 0:32)* (com.android.settings/com.android.settings.SubSettings: 0:249)* (com.android.settings/com.android.settings.Settings: 0:47)* (com.android.settings/com.android.settings.SubSettings: 1:41) 
V/AlarmManager( 1016): sending alarm Alarm{4386a670 type 3 android}
V/AlarmManager( 1016): sending alarm Alarm{4386a748 type 1 com.android.deskclock}
I/ActivityManager( 1016): Start proc com.android.deskclock for broadcast com.android.deskclock/com.android.alarmclock.DigitalAppWidgetProvider: pid=7202 uid=10015 gids={50015, 1028}
I/ActivityManager( 1016): Killing 6349:com.google.android.gms.unstable/u0a22 (adj 15): empty #9
W/ContextImpl( 1231): Calling a method in the system process without a qualified user: android.app.ContextImpl.sendBroadcast:1252 android.content.ContextWrapper.sendBroadcast:365 com.motorola.motocare.util.TriggerHelper$TriggerBuilder.send:76 com.motorola.motocare.internal.frameworkevents.ProcessKillTrigger.sendTrigger:147 com.motorola.motocare.internal.frameworkevents.ProcessKillTrigger.handleFrameworkEvent:164 
W/ContextImpl( 1231): Calling a method in the system process without a qualified user: android.app.ContextImpl.sendBroadcast:1252 android.content.ContextWrapper.sendBroadcast:365 com.motorola.motocare.util.TriggerHelper$TriggerBuilder.send:76 com.motorola.motocare.internal.frameworkevents.PauseResumeTrigger.handleFrameworkEvent:53 com.motorola.motocare.internal.frameworkevents.FwEventMonitor$FrameworkListener.processFrameworkEvent:114 
W/ContextImpl( 1231): Calling a method in the system process without a qualified user: android.app.ContextImpl.sendBroadcast:1252 android.content.ContextWrapper.sendBroadcast:365 com.motorola.motocare.util.TriggerHelper$TriggerBuilder.send:76 com.motorola.motocare.internal.frameworkevents.PauseResumeTrigger.handleFrameworkEvent:53 com.motorola.motocare.internal.frameworkevents.FwEventMonitor$FrameworkListener.processFrameworkEvent:114 
I/SFPerfTracer(  278):      triggers: (rate: 5:1136) (85624 sw vsyncs) (1940 skipped) (37:88795 vsyncs) (39:186619)
I/SFPerfTracer(  278):      triggers: (rate: 27:2413) (compose: 0:8) (post: 0:2) (render: 6:297) (0:29901 frames) (1:86250)
D/SFPerfTracer(  278):        layers: (3:10) (DimLayer: 0:65)* (DimLayer: 0:21)* (FocusedStackFrame: 0:728)* (StatusBar: 0:5083) (NavigationBar: 0:5438) (DimLayer: 0:697)* (DimLayer: 0:133)* (com.android.wallpaper.fall.FallWallpaper: 0:32)* (com.android.settings/com.android.settings.SubSettings: 0:65)* (com.android.settings/com.android.settings.Settings: 1:67) 
I/ActivityManager( 1016): START u0 {act=android.intent.action.MAIN cmp=com.android.settings/.SubSettings (has extras)} from pid 4728
W/ContextImpl( 1231): Calling a method in the system process without a qualified user: android.app.ContextImpl.sendBroadcast:1252 android.content.ContextWrapper.sendBroadcast:365 com.motorola.motocare.util.TriggerHelper$TriggerBuilder.send:76 com.motorola.motocare.internal.frameworkevents.PauseResumeTrigger.handleFrameworkEvent:53 com.motorola.motocare.internal.frameworkevents.FwEventMonitor$FrameworkListener.processFrameworkEvent:114 
W/ContextImpl( 1231): Calling a method in the system process without a qualified user: android.app.ContextImpl.sendBroadcast:1252 android.content.ContextWrapper.sendBroadcast:365 com.motorola.motocare.util.TriggerHelper$TriggerBuilder.send:76 com.motorola.motocare.internal.frameworkevents.PauseResumeTrigger.handleFrameworkEvent:53 com.motorola.motocare.internal.frameworkevents.FwEventMonitor$FrameworkListener.processFrameworkEvent:114 
I/ActivityManager( 1016): Start proc com.motorola.contextual.smartrules2 for content provider com.motorola.contextual.smartrules2/com.motorola.assist.provider.LegacyRulesProvider: pid=7241 uid=10035 gids={50035, 1028, 1015, 3001, 3002, 3003}
I/LaunchCheckinHandler( 1016): Displayed com.android.settings/.SubSettings,wp,ca,492
I/ActivityManager( 1016): Killing 6552:com.google.android.talk/u0a71 (adj 15): empty #9
W/ContextImpl( 1231): Calling a method in the system process without a qualified user: android.app.ContextImpl.sendBroadcast:1252 android.content.ContextWrapper.sendBroadcast:365 com.motorola.motocare.util.TriggerHelper$TriggerBuilder.send:76 com.motorola.motocare.internal.frameworkevents.ProcessKillTrigger.sendTrigger:147 com.motorola.motocare.internal.frameworkevents.ProcessKillTrigger.handleFrameworkEvent:164 
I/SFPerfTracer(  278):      triggers: (rate: 5:1136) (85624 sw vsyncs) (1940 skipped) (66:88930 vsyncs) (68:186760)
I/SFPerfTracer(  278):      triggers: (rate: 27:2413) (compose: 0:8) (post: 0:2) (render: 6:297) (0:29929 frames) (1:86350)
D/SFPerfTracer(  278):        layers: (3:10) (DimLayer: 0:65)* (DimLayer: 0:21)* (FocusedStackFrame: 0:732)* (StatusBar: 0:5083) (NavigationBar: 0:5438) (DimLayer: 0:697)* (DimLayer: 0:135)* (com.android.wallpaper.fall.FallWallpaper: 0:32)* (com.android.settings/com.android.settings.Settings: 0:115)* (com.android.settings/com.android.settings.SubSettings: 1:70) 
I/SFPerfTracer(  278):      triggers: (rate: 27:2413) (compose: 0:8) (post: 0:2) (render: 6:297) (0:29929 frames) (1:86450)
D/SFPerfTracer(  278):        layers: (3:9) (DimLayer: 0:65)* (DimLayer: 0:21)* (FocusedStackFrame: 0:732)* (StatusBar: 0:5083) (NavigationBar: 0:5438) (DimLayer: 0:697)* (DimLayer: 0:135)* (com.android.wallpaper.fall.FallWallpaper: 0:32)* (com.android.settings/com.android.settings.SubSettings: 1:169) 
I/SFPerfTracer(  278):      triggers: (rate: 5:1136) (85624 sw vsyncs) (1940 skipped) (69:89093 vsyncs) (71:186929)
I/SFPerfTracer(  278):      triggers: (rate: 27:2413) (compose: 0:8) (post: 0:2) (render: 6:297) (0:29929 frames) (1:86550)
D/SFPerfTracer(  278):        layers: (3:9) (DimLayer: 0:65)* (DimLayer: 0:21)* (FocusedStackFrame: 0:732)* (StatusBar: 0:5083) (NavigationBar: 0:5438) (DimLayer: 0:697)* (DimLayer: 0:135)* (com.android.wallpaper.fall.FallWallpaper: 0:32)* (com.android.settings/com.android.settings.SubSettings: 1:269) 
I/SFPerfTracer(  278):      triggers: (rate: 5:1136) (85624 sw vsyncs) (1940 skipped) (113:89206 vsyncs) (115:187044)
I/ActivityManager( 1016): START u0 {act=android.intent.action.MAIN cmp=com.android.settings/.SubSettings (has extras)} from pid 4728
W/ContextImpl( 1231): Calling a method in the system process without a qualified user: android.app.ContextImpl.sendBroadcast:1252 android.content.ContextWrapper.sendBroadcast:365 com.motorola.motocare.util.TriggerHelper$TriggerBuilder.send:76 com.motorola.motocare.internal.frameworkevents.PauseResumeTrigger.handleFrameworkEvent:53 com.motorola.motocare.internal.frameworkevents.FwEventMonitor$FrameworkListener.processFrameworkEvent:114 
W/ContextImpl( 1231): Calling a method in the system process without a qualified user: android.app.ContextImpl.sendBroadcast:1252 android.content.ContextWrapper.sendBroadcast:365 com.motorola.motocare.util.TriggerHelper$TriggerBuilder.send:76 com.motorola.motocare.internal.frameworkevents.PauseResumeTrigger.handleFrameworkEvent:53 com.motorola.motocare.internal.frameworkevents.FwEventMonitor$FrameworkListener.processFrameworkEvent:114 
I/LaunchCheckinHandler( 1016): Displayed com.android.settings/.SubSettings,wp,ca,175
W/ContextImpl( 1231): Calling a method in the system process without a qualified user: android.app.ContextImpl.sendBroadcast:1252 android.content.ContextWrapper.sendBroadcast:365 com.motorola.motocare.util.TriggerHelper$TriggerBuilder.send:76 com.motorola.motocare.internal.frameworkevents.PauseResumeTrigger.handleFrameworkEvent:53 com.motorola.motocare.internal.frameworkevents.FwEventMonitor$FrameworkListener.processFrameworkEvent:114 
W/ContextImpl( 1231): Calling a method in the system process without a qualified user: android.app.ContextImpl.sendBroadcast:1252 android.content.ContextWrapper.sendBroadcast:365 com.motorola.motocare.util.TriggerHelper$TriggerBuilder.send:76 com.motorola.motocare.internal.frameworkevents.PauseResumeTrigger.handleFrameworkEvent:53 com.motorola.motocare.internal.frameworkevents.FwEventMonitor$FrameworkListener.processFrameworkEvent:114 
I/SFPerfTracer(  278):      triggers: (rate: 27:2413) (compose: 0:8) (post: 0:2) (render: 6:297) (0:29972 frames) (1:86650)
D/SFPerfTracer(  278):        layers: (3:11) (DimLayer: 0:65)* (DimLayer: 0:21)* (FocusedStackFrame: 0:738)* (StatusBar: 0:5083) (NavigationBar: 0:5470) (DimLayer: 0:697)* (DimLayer: 0:137)* (com.android.wallpaper.fall.FallWallpaper: 0:32)* (com.android.settings/com.android.settings.SubSettings: 0:320)* (com.android.settings/com.android.settings.SubSettings: 0:48)* (com.android.settings/com.android.settings.SubSettings: 1:13) 
W/ContextImpl( 1231): Calling a method in the system process without a qualified user: android.app.ContextImpl.sendBroadcast:1252 android.content.ContextWrapper.sendBroadcast:365 com.motorola.motocare.util.TriggerHelper$TriggerBuilder.send:76 com.motorola.motocare.internal.frameworkevents.PauseResumeTrigger.handleFrameworkEvent:53 com.motorola.motocare.internal.frameworkevents.FwEventMonitor$FrameworkListener.processFrameworkEvent:114 
W/ContextImpl( 1231): Calling a method in the system process without a qualified user: android.app.ContextImpl.sendBroadcast:1252 android.content.ContextWrapper.sendBroadcast:365 com.motorola.motocare.util.TriggerHelper$TriggerBuilder.send:76 com.motorola.motocare.internal.frameworkevents.PauseResumeTrigger.handleFrameworkEvent:53 com.motorola.motocare.internal.frameworkevents.FwEventMonitor$FrameworkListener.processFrameworkEvent:114 
I/SFPerfTracer(  278):      triggers: (rate: 5:1136) (85624 sw vsyncs) (1940 skipped) (32:89318 vsyncs) (34:187171)
W/ContextImpl( 1231): Calling a method in the system process without a qualified user: android.app.ContextImpl.sendBroadcast:1252 android.content.ContextWrapper.sendBroadcast:365 com.motorola.motocare.util.TriggerHelper$TriggerBuilder.send:76 com.motorola.motocare.internal.frameworkevents.PauseResumeTrigger.handleFrameworkEvent:53 com.motorola.motocare.internal.frameworkevents.FwEventMonitor$FrameworkListener.processFrameworkEvent:114 
W/ContextImpl( 1231): Calling a method in the system process without a qualified user: android.app.ContextImpl.sendBroadcast:1252 android.content.ContextWrapper.sendBroadcast:365 com.motorola.motocare.util.TriggerHelper$TriggerBuilder.send:76 com.motorola.motocare.internal.frameworkevents.PauseResumeTrigger.handleFrameworkEvent:53 com.motorola.motocare.internal.frameworkevents.FwEventMonitor$FrameworkListener.processFrameworkEvent:114 
I/ActivityManager( 1016): Killing 6605:com.motorola.MotGallery2/u0a34 (adj 15): empty #9
W/ContextImpl( 1231): Calling a method in the system process without a qualified user: android.app.ContextImpl.sendBroadcast:1252 android.content.ContextWrapper.sendBroadcast:365 com.motorola.motocare.util.TriggerHelper$TriggerBuilder.send:76 com.motorola.motocare.internal.frameworkevents.ProcessKillTrigger.sendTrigger:147 com.motorola.motocare.internal.frameworkevents.ProcessKillTrigger.handleFrameworkEvent:164 
I/SFPerfTracer(  278):      triggers: (rate: 27:2413) (compose: 0:8) (post: 0:2) (render: 6:297) (11:30021 frames) (12:86756)
D/SFPerfTracer(  278):        layers: (4:11) (DimLayer: 0:65)* (DimLayer: 0:21)* (FocusedStackFrame: 0:743)* (StatusBar: 8:5102) (NavigationBar: 9:5539) (DimLayer: 0:697)* (DimLayer: 0:137)* (com.android.wallpaper.fall.FallWallpaper: 3:40) (com.android.settings/com.android.settings.SubSettings: 0:46)* (com.android.settings/com.android.settings.Settings: 12:52)* (com.android.launcher/com.android.launcher2.Launcher: 0:4) 
I/PowerManagerService( 1016): Going to sleep by user request...
I/SFPerfTracer(  278):       trigger: vsync rate (-50.883%)	(29.470 vps)	(33.932 ms)* 	(75 drops)	(109 vsyncs)
I/SFPerfTracer(  278):      triggers: (rate: 6:1211) (85625 sw vsyncs) (2095 skipped) (109:89441 vsyncs) (111:187298)
W/ContextImpl( 1231): Calling a method in the system process without a qualified user: android.app.ContextImpl.sendBroadcast:1252 android.content.ContextWrapper.sendBroadcast:365 com.motorola.motocare.util.TriggerHelper$TriggerBuilder.send:76 com.motorola.motocare.internal.frameworkevents.PauseResumeTrigger.handleFrameworkEvent:53 com.motorola.motocare.internal.frameworkevents.FwEventMonitor$FrameworkListener.processFrameworkEvent:114 
V/AlarmManager( 1016): sending alarm Alarm{43723ab8 type 2 com.google.android.gms}
D/ConnectivityService( 1016): handleInetConditionHoldEnd: net=1, condition=100, published condition=100
W/ContextImpl( 1231): Calling a method in the system process without a qualified user: android.app.ContextImpl.startService:1608 android.content.ContextWrapper.startService:494 android.content.ContextWrapper.startService:494 com.motorola.motocare.internal.batterystats.BatteryStatsAction.onReceive:33 android.app.ActivityThread.handleReceiver:2434 
V/AlarmManager( 1016): sending alarm Alarm{43ca3cc8 type 3 android}
V/AlarmManager( 1016): sending alarm Alarm{42df7968 type 3 android}
V/AlarmManager( 1016): sending alarm Alarm{42df7a40 type 2 com.google.android.gms}
V/AlarmManager( 1016): sending alarm Alarm{42df7a90 type 0 com.facebook.katana}
V/AlarmManager( 1016): sending alarm Alarm{42df7ae0 type 2 com.google.android.gsf}
V/AlarmManager( 1016): sending alarm Alarm{437e27d0 type 1 com.motorola.motocare}
W/ContextImpl( 1231): Calling a method in the system process without a qualified user: android.app.ContextImpl.startService:1608 android.content.ContextWrapper.startService:494 android.content.ContextWrapper.startService:494 com.motorola.motocare.internal.batterystats.BatteryStatsAction.onReceive:33 android.app.ActivityThread.handleReceiver:2434 
V/AlarmManager( 1016): sending alarm Alarm{437e26b0 type 3 android}
V/AlarmManager( 1016): sending alarm Alarm{437decf8 type 2 com.facebook.katana}
V/AlarmManager( 1016): sending alarm Alarm{438204d8 type 3 android}
V/AlarmManager( 1016): sending alarm Alarm{43025f78 type 3 android}
V/AlarmManager( 1016): sending alarm Alarm{43010cc8 type 3 android}
I/ProcessStatsService( 1016): Prepared write state in 12ms
I/ProcessStatsService( 1016): Prepared write state in 6ms
V/AlarmManager( 1016): sending alarm Alarm{430038d0 type 3 android}
V/AlarmManager( 1016): sending alarm Alarm{438180c0 type 2 com.google.android.gms}
V/AlarmManager( 1016): sending alarm Alarm{438117c8 type 2 com.google.android.apps.maps}
I/ActivityManager( 1016): Start proc com.google.android.apps.maps for service com.google.android.apps.maps/com.google.android.apps.gmm.prefetch.PrefetcherService: pid=7402 uid=10064 gids={50064, 3003, 1028, 1015}
V/AlarmManager( 1016): sending alarm Alarm{437fba88 type 2 com.google.android.gms}
V/AlarmManager( 1016): sending alarm Alarm{437f8db0 type 2 android}
V/AlarmManager( 1016): sending alarm Alarm{437f8650 type 0 com.google.android.gms}
D/ConnectivityService( 1016): Sampling interval elapsed, updating statistics ..
D/ConnectivityService( 1016): Done.
D/ConnectivityService( 1016): Setting timer for 720seconds
D/WifiService( 1016): acquireWifiLockLocked: WifiLock{NlpWifiLock type=2 binder=android.os.BinderProxy@4293b440}
D/WifiService( 1016): releaseWifiLockLocked: WifiLock{NlpWifiLock type=2 binder=android.os.BinderProxy@4293b440}
W/ActivityThread( 7402): ClassLoader.loadClass: The class loader returned by Thread.getContextClassLoader() may fail for processes that host multiple applications. You should explicitly specify a context class loader. For example: Thread.setContextClassLoader(getClass().getClassLoader());
I/ActivityManager( 1016): Start proc com.google.android.tts for service com.google.android.tts/.service.GoogleTTSService: pid=7443 uid=10068 gids={50068, 3003, 1028, 1015}
D/WifiService( 1016): New client listening to asynchronous messages
D/ConnectivityService( 1016): handleInetConditionHoldEnd: net=1, condition=100, published condition=100
V/AlarmManager( 1016): sending alarm Alarm{435535a0 type 3 android}
I/ActivityManager( 1016): Killing 6468:com.android.vending/u0a39 (adj 10): empty #9
W/ContextImpl( 1231): Calling a method in the system process without a qualified user: android.app.ContextImpl.sendBroadcast:1252 android.content.ContextWrapper.sendBroadcast:365 com.motorola.motocare.util.TriggerHelper$TriggerBuilder.send:76 com.motorola.motocare.internal.frameworkevents.ProcessKillTrigger.sendTrigger:147 com.motorola.motocare.internal.frameworkevents.ProcessKillTrigger.handleFrameworkEvent:164 
I/ActivityManager( 1016): Killing 6383:com.google.android.apps.plus/u0a90 (adj 15): empty #10
W/ContextImpl( 1231): Calling a method in the system process without a qualified user: android.app.ContextImpl.sendBroadcast:1252 android.content.ContextWrapper.sendBroadcast:365 com.motorola.motocare.util.TriggerHelper$TriggerBuilder.send:76 com.motorola.motocare.internal.frameworkevents.ProcessKillTrigger.sendTrigger:147 com.motorola.motocare.internal.frameworkevents.ProcessKillTrigger.handleFrameworkEvent:164 
W/ActivityManager( 1016): Scheduling restart of crashed service com.android.vending/com.google.android.finsky.billing.iab.InAppBillingService in 1000ms
I/ActivityManager( 1016): Start proc com.android.vending for service com.android.vending/com.google.android.finsky.billing.iab.InAppBillingService: pid=7511 uid=10039 gids={50039, 3003, 1028, 1015}
I/ActivityManager( 1016): Killing 6587:android.process.acore/u0a10 (adj 15): empty #9
W/ContextImpl( 1231): Calling a method in the system process without a qualified user: android.app.ContextImpl.sendBroadcast:1252 android.content.ContextWrapper.sendBroadcast:365 com.motorola.motocare.util.TriggerHelper$TriggerBuilder.send:76 com.motorola.motocare.internal.frameworkevents.ProcessKillTrigger.sendTrigger:147 com.motorola.motocare.internal.frameworkevents.ProcessKillTrigger.handleFrameworkEvent:164 
V/AlarmManager( 1016): sending alarm Alarm{42f8be90 type 3 android}
V/AlarmManager( 1016): sending alarm Alarm{429677b8 type 3 android}
V/AlarmManager( 1016): sending alarm Alarm{43447ee0 type 3 android}
V/AlarmManager( 1016): sending alarm Alarm{435413f8 type 2 com.facebook.katana}
V/AlarmManager( 1016): sending alarm Alarm{43529d20 type 2 com.google.android.gms}
D/ConnectivityService( 1016): handleInetConditionHoldEnd: net=1, condition=100, published condition=100
V/AlarmManager( 1016): sending alarm Alarm{42a7e500 type 3 android}
V/AlarmManager( 1016): sending alarm Alarm{42a60d60 type 2 com.facebook.katana}
V/AlarmManager( 1016): sending alarm Alarm{438e6f00 type 3 android}
V/AlarmManager( 1016): sending alarm Alarm{43456510 type 3 android}
V/AlarmManager( 1016): sending alarm Alarm{42893170 type 3 android}
V/AlarmManager( 1016): sending alarm Alarm{42975cc0 type 3 android}
V/AlarmManager( 1016): sending alarm Alarm{438e6350 type 2 com.facebook.katana}
V/AlarmManager( 1016): sending alarm Alarm{438d2790 type 2 com.google.android.gms}
V/AlarmManager( 1016): sending alarm Alarm{43813908 type 1 com.android.deskclock}
D/ConnectivityService( 1016): handleInetConditionHoldEnd: net=1, condition=100, published condition=100
V/AlarmManager( 1016): sending alarm Alarm{42fafec8 type 3 android}
V/AlarmManager( 1016): sending alarm Alarm{439dcba8 type 3 android}
D/WifiService( 1016): acquireWifiLockLocked: WifiLock{NlpWifiLock type=2 binder=android.os.BinderProxy@430027e8}
D/WifiService( 1016): releaseWifiLockLocked: WifiLock{NlpWifiLock type=2 binder=android.os.BinderProxy@430027e8}
V/AlarmManager( 1016): sending alarm Alarm{42a8ff40 type 3 android}
V/AlarmManager( 1016): sending alarm Alarm{42ad07b0 type 3 android}
V/AlarmManager( 1016): sending alarm Alarm{42a97420 type 2 android}
D/ConnectivityService( 1016): Sampling interval elapsed, updating statistics ..
V/AlarmManager( 1016): sending alarm Alarm{42a974b8 type 2 com.google.android.gms}
D/ConnectivityService( 1016): Done.
D/ConnectivityService( 1016): Setting timer for 720seconds
D/ConnectivityService( 1016): handleInetConditionHoldEnd: net=1, condition=100, published condition=100
V/AlarmManager( 1016): sending alarm Alarm{428e4f28 type 3 android}
V/AlarmManager( 1016): sending alarm Alarm{4292cd30 type 2 android}
V/AlarmManager( 1016): sending alarm Alarm{434711e8 type 3 android}
V/AlarmManager( 1016): sending alarm Alarm{4310a688 type 2 android}
V/AlarmManager( 1016): sending alarm Alarm{434fdae8 type 2 android}
D/WifiP2pService( 1016): InactiveState{ when=0 what=143375 arg1=1 arg2=196615 obj=android.net.DhcpStateMachine@4290d258 target=com.android.internal.util.StateMachine$SmHandler }
D/WifiP2pService( 1016): P2pEnabledState{ when=0 what=143375 arg1=1 arg2=196615 obj=android.net.DhcpStateMachine@4290d258 target=com.android.internal.util.StateMachine$SmHandler }
D/WifiP2pService( 1016): InactiveState{ when=0 what=143375 target=com.android.internal.util.StateMachine$SmHandler }
D/WifiP2pService( 1016): P2pEnabledState{ when=0 what=143375 target=com.android.internal.util.StateMachine$SmHandler }
I/ActivityManager( 1016): Start proc com.motorola.genie for broadcast com.motorola.genie/.prefetch.WiFiStatusReceiver: pid=7639 uid=10026 gids={50026, 3003, 1028, 1015}
D/ConnectivityService( 1016): Captive portal check NetworkInfo: type: WIFI[], state: CONNECTING/CAPTIVE_PORTAL_CHECK, reason: (unspecified), extra: "Moulin Rouge", roaming: false, failover: false, isAvailable: true, isConnectedToProvisioningNetwork: false
D/ConnectivityService( 1016): handleCaptivePortalTrackerCheck: call captivePortalCheckComplete ni=NetworkInfo: type: WIFI[], state: CONNECTING/CAPTIVE_PORTAL_CHECK, reason: (unspecified), extra: "Moulin Rouge", roaming: false, failover: false, isAvailable: true, isConnectedToProvisioningNetwork: false
D/ConnectivityService( 1016): Captive portal check NetworkInfo: type: WIFI[], state: CONNECTING/CAPTIVE_PORTAL_CHECK, reason: (unspecified), extra: "Moulin Rouge", roaming: false, failover: false, isAvailable: true, isConnectedToProvisioningNetwork: false
D/ConnectivityService( 1016): handleCaptivePortalTrackerCheck: call captivePortalCheckComplete ni=NetworkInfo: type: WIFI[], state: CONNECTING/CAPTIVE_PORTAL_CHECK, reason: (unspecified), extra: "Moulin Rouge", roaming: false, failover: false, isAvailable: true, isConnectedToProvisioningNetwork: false
D/ConnectivityService( 1016): ConnectivityChange for WIFI: CONNECTED/CONNECTED
V/ConnectivityService( 1016): WiFi NOT Tethered!
E/ConnectivityService( 1016): Unexpected mtu value: android.net.wifi.WifiStateTracker@42f7b6f8
D/ConnectivityService( 1016): handleConnectivityChange: address are the same reset per doReset linkProperty[1]: resetMask=0
D/Nat464Xlat( 1016): requiresClat: netType=1, hasIPv4Address=true
D/ConnectivityService( 1016): ConnectivityChange for WIFI: CONNECTED/CONNECTED
V/ConnectivityService( 1016): WiFi NOT Tethered!
E/ConnectivityService( 1016): Unexpected mtu value: android.net.wifi.WifiStateTracker@42f7b6f8
D/ConnectivityService( 1016): handleConnectivityChange: address are the same reset per doReset linkProperty[1]: resetMask=0
D/Nat464Xlat( 1016): requiresClat: netType=1, hasIPv4Address=true
D/ConnectivityService( 1016): NetTransition Wakelock for ConnectedState released by timeout
E/ActivityThread(30980): Failed to find provider info for com.motorola.blur.setupprovider
E/ActivityThread(30980): Failed to find provider info for com.motorola.blur.setupprovider
I/openssl (30698): Crypto mode not selected, openssl will run on its regular mode.
I/openssl (30698): Crypto mode 0 already enabled
I/ActivityManager( 1016): Start proc com.android.mms for broadcast com.android.mms/.transaction.MmsSystemEventReceiver: pid=7714 uid=10031 gids={50031, 3003, 1028, 1015}
I/ActivityManager( 1016): Start proc com.google.android.setupwizard for broadcast com.google.android.setupwizard/.MobileConnectivityChangeReceiver: pid=7738 uid=10042 gids={50042, 3003}
I/ActivityManager( 1016): Killing 6905:com.android.defcontainer/u0a13 (adj 15): empty #9
W/ContextImpl( 1231): Calling a method in the system process without a qualified user: android.app.ContextImpl.sendBroadcast:1252 android.content.ContextWrapper.sendBroadcast:365 com.motorola.motocare.util.TriggerHelper$TriggerBuilder.send:76 com.motorola.motocare.internal.frameworkevents.ProcessKillTrigger.sendTrigger:147 com.motorola.motocare.internal.frameworkevents.ProcessKillTrigger.handleFrameworkEvent:164 
I/ActivityManager( 1016): Start proc com.android.chrome for broadcast com.android.chrome/com.google.android.apps.chrome.precache.PrecacheServiceLauncher: pid=7753 uid=10057 gids={50057, 3003, 1028, 1015}
I/ActivityManager( 1016): Killing 7000:com.motorola.deviceauthenticator/u0a16 (adj 15): empty #9
W/ContextImpl( 1231): Calling a method in the system process without a qualified user: android.app.ContextImpl.sendBroadcast:1252 android.content.ContextWrapper.sendBroadcast:365 com.motorola.motocare.util.TriggerHelper$TriggerBuilder.send:76 com.motorola.motocare.internal.frameworkevents.ProcessKillTrigger.sendTrigger:147 com.motorola.motocare.internal.frameworkevents.ProcessKillTrigger.handleFrameworkEvent:164 
I/ActivityManager( 1016): Start proc com.google.android.apps.magazines for broadcast com.google.android.apps.magazines/com.google.apps.dots.android.newsstand.appwidget.NewsWidgetProvider: pid=7767 uid=10077 gids={50077, 3003, 1028, 1015}
I/ActivityManager( 1016): Killing 7241:com.motorola.contextual.smartrules2/u0a35 (adj 15): empty #9
W/ContextImpl( 1231): Calling a method in the system process without a qualified user: android.app.ContextImpl.sendBroadcast:1252 android.content.ContextWrapper.sendBroadcast:365 com.motorola.motocare.util.TriggerHelper$TriggerBuilder.send:76 com.motorola.motocare.internal.frameworkevents.ProcessKillTrigger.sendTrigger:147 com.motorola.motocare.internal.frameworkevents.ProcessKillTrigger.handleFrameworkEvent:164 
W/Vold    (  261): Returning OperationFailed - no handler for errno 30
I/ActivityManager( 1016): Start proc com.google.android.gms.unstable for service com.google.android.gms/.droidguard.DroidGuardService: pid=7802 uid=10022 gids={50022, 3003, 1007, 1028, 1015, 3002, 3001, 3007, 2001, 3006}
I/ActivityManager( 1016): Start proc com.google.android.apps.plus for broadcast com.google.android.apps.plus/.service.ConnectivityReceiver: pid=7823 uid=10090 gids={50090, 3003, 3002, 1028, 1015}
I/ActivityManager( 1016): Killing 4728:com.android.settings/1000 (adj 15): empty #9
W/ContextImpl( 1231): Calling a method in the system process without a qualified user: android.app.ContextImpl.sendBroadcast:1252 android.content.ContextWrapper.sendBroadcast:365 com.motorola.motocare.util.TriggerHelper$TriggerBuilder.send:76 com.motorola.motocare.internal.frameworkevents.ProcessKillTrigger.sendTrigger:147 com.motorola.motocare.internal.frameworkevents.ProcessKillTrigger.handleFrameworkEvent:164 
D/WifiService( 1016): Client connection lost with reason: 4
I/ActivityManager( 1016): Killing 7443:com.google.android.tts/u0a68 (adj 15): empty #9
W/ContextImpl( 1231): Calling a method in the system process without a qualified user: android.app.ContextImpl.sendBroadcast:1252 android.content.ContextWrapper.sendBroadcast:365 com.motorola.motocare.util.TriggerHelper$TriggerBuilder.send:76 com.motorola.motocare.internal.frameworkevents.ProcessKillTrigger.sendTrigger:147 com.motorola.motocare.internal.frameworkevents.ProcessKillTrigger.handleFrameworkEvent:164 
I/ActivityManager( 1016): Start proc android.process.acore for content provider com.android.providers.contacts/.ContactsProvider2: pid=7848 uid=10010 gids={50010, 3003, 1028, 1015, 1023}
W/ActivityManager( 1016): Scheduling restart of crashed service com.google.android.tts/.service.GoogleTTSService in 1000ms
I/ActivityManager( 1016): Killing 7402:com.google.android.apps.maps/u0a64 (adj 15): empty #9
W/ContextImpl( 1231): Calling a method in the system process without a qualified user: android.app.ContextImpl.sendBroadcast:1252 android.content.ContextWrapper.sendBroadcast:365 com.motorola.motocare.util.TriggerHelper$TriggerBuilder.send:76 com.motorola.motocare.internal.frameworkevents.ProcessKillTrigger.sendTrigger:147 com.motorola.motocare.internal.frameworkevents.ProcessKillTrigger.handleFrameworkEvent:164 
I/ActivityManager( 1016): Start proc com.rhmsoft.fm:crash.feedback for broadcast com.rhmsoft.fm/com.cleanmaster.fm.receiver.ConnectivityChangeBroadcastReceiver: pid=7862 uid=10105 gids={50105, 3003, 1028, 1015}
D/WifiService( 1016): Client connection lost with reason: 4
W/ActivityManager( 1016): Service ServiceRecord{4442fe38 u0 com.google.android.apps.maps/com.google.android.apps.gmm.prefetch.PrefetcherService} in process ProcessRecord{4277e060 7402:com.google.android.apps.maps/u0a64} not same as in map: null
I/ActivityManager( 1016): Killing 7511:com.android.vending/u0a39 (adj 10): empty #9
W/ContextImpl( 1231): Calling a method in the system process without a qualified user: android.app.ContextImpl.sendBroadcast:1252 android.content.ContextWrapper.sendBroadcast:365 com.motorola.motocare.util.TriggerHelper$TriggerBuilder.send:76 com.motorola.motocare.internal.frameworkevents.ProcessKillTrigger.sendTrigger:147 com.motorola.motocare.internal.frameworkevents.ProcessKillTrigger.handleFrameworkEvent:164 
W/Vold    (  261): Returning OperationFailed - no handler for errno 30
W/ActivityManager( 1016): Scheduling restart of crashed service com.android.vending/com.google.android.finsky.billing.iab.InAppBillingService in 1000ms
I/openssl (30698): Crypto mode not selected, openssl will run on its regular mode.
I/openssl (30698): Crypto mode 0 already enabled
W/Vold    (  261): Returning OperationFailed - no handler for errno 30
W/Vold    (  261): Returning OperationFailed - no handler for errno 30
W/Vold    (  261): Returning OperationFailed - no handler for errno 30
W/Vold    (  261): Returning OperationFailed - no handler for errno 30
W/Vold    (  261): Returning OperationFailed - no handler for errno 30
I/ActivityManager( 1016): Start proc com.android.vending for service com.android.vending/com.google.android.finsky.billing.iab.InAppBillingService: pid=7915 uid=10039 gids={50039, 3003, 1028, 1015}
I/ActivityManager( 1016): Killing 7202:com.android.deskclock/u0a15 (adj 15): empty #9
W/ContextImpl( 1231): Calling a method in the system process without a qualified user: android.app.ContextImpl.sendBroadcast:1252 android.content.ContextWrapper.sendBroadcast:365 com.motorola.motocare.util.TriggerHelper$TriggerBuilder.send:76 com.motorola.motocare.internal.frameworkevents.ProcessKillTrigger.sendTrigger:147 com.motorola.motocare.internal.frameworkevents.ProcessKillTrigger.handleFrameworkEvent:164 
D/ConnectivityService( 1016): handleInetConditionHoldEnd: net=1, condition=100, published condition=0
I/ActivityManager( 1016): Killing 7639:com.motorola.genie/u0a26 (adj 15): empty #9
W/ContextImpl( 1231): Calling a method in the system process without a qualified user: android.app.ContextImpl.sendBroadcast:1252 android.content.ContextWrapper.sendBroadcast:365 com.motorola.motocare.util.TriggerHelper$TriggerBuilder.send:76 com.motorola.motocare.internal.frameworkevents.ProcessKillTrigger.sendTrigger:147 com.motorola.motocare.internal.frameworkevents.ProcessKillTrigger.handleFrameworkEvent:164 
I/ActivityManager( 1016): Killing 7848:android.process.acore/u0a10 (adj 15): empty #9
W/ContextImpl( 1231): Calling a method in the system process without a qualified user: android.app.ContextImpl.sendBroadcast:1252 android.content.ContextWrapper.sendBroadcast:365 com.motorola.motocare.util.TriggerHelper$TriggerBuilder.send:76 com.motorola.motocare.internal.frameworkevents.ProcessKillTrigger.sendTrigger:147 com.motorola.motocare.internal.frameworkevents.ProcessKillTrigger.handleFrameworkEvent:164 
I/PackageManager( 1016): Adding preferred activity ComponentInfo{com.android.mms/com.android.mms.ui.ComposeMessageActivity} for user 0 :
I/ActivityManager( 1016): Start proc com.google.android.talk for broadcast com.google.android.talk/com.google.android.apps.babel.phone.PackageReplacedReceiver: pid=7986 uid=10071 gids={50071, 3003, 1028, 1015, 3002}
I/PackageManager( 1016): Adding preferred activity ComponentInfo{com.android.mms/com.android.mms.ui.ComposeMessageActivity} for user 0 :
I/PackageManager( 1016): Adding preferred activity ComponentInfo{com.android.mms/com.android.mms.ui.ComposeMessageActivity} for user 0 :
I/PackageManager( 1016): Adding preferred activity ComponentInfo{com.android.mms/com.android.mms.ui.ComposeMessageActivity} for user 0 :
I/PackageManager( 1016): Adding preferred activity ComponentInfo{com.android.mms/com.android.mms.ui.ComposeMessageActivity} for user 0 :
I/PackageManager( 1016): Adding preferred activity ComponentInfo{com.android.mms/com.android.mms.ui.ComposeMessageActivity} for user 0 :
I/PackageManager( 1016): Adding preferred activity ComponentInfo{com.android.mms/com.android.mms.ui.ComposeMessageActivity} for user 0 :
I/PackageManager( 1016): Adding preferred activity ComponentInfo{com.android.mms/com.android.mms.ui.ComposeMessageActivity} for user 0 :
D/WifiService( 1016): acquireWifiLockLocked: WifiLock{NlpWifiLock type=2 binder=android.os.BinderProxy@428b5a18}
I/ActivityManager( 1016): Start proc android.process.acore for broadcast com.android.providers.contacts/.PackageIntentReceiver: pid=8017 uid=10010 gids={50010, 3003, 1028, 1015, 1023}
I/ActivityManager( 1016): Killing 7714:com.android.mms/u0a31 (adj 15): empty #9
W/ContextImpl( 1231): Calling a method in the system process without a qualified user: android.app.ContextImpl.sendBroadcast:1252 android.content.ContextWrapper.sendBroadcast:365 com.motorola.motocare.util.TriggerHelper$TriggerBuilder.send:76 com.motorola.motocare.internal.frameworkevents.ProcessKillTrigger.sendTrigger:147 com.motorola.motocare.internal.frameworkevents.ProcessKillTrigger.handleFrameworkEvent:164 
I/ActivityManager( 1016): Start proc com.motorola.MotGallery2 for broadcast com.motorola.MotGallery2/com.android.gallery3d.app.PackagesMonitor: pid=8036 uid=10034 gids={50034, 3003, 1028, 1015}
I/ActivityManager( 1016): Killing 7738:com.google.android.setupwizard/u0a42 (adj 15): empty #9
W/ContextImpl( 1231): Calling a method in the system process without a qualified user: android.app.ContextImpl.sendBroadcast:1252 android.content.ContextWrapper.sendBroadcast:365 com.motorola.motocare.util.TriggerHelper$TriggerBuilder.send:76 com.motorola.motocare.internal.frameworkevents.ProcessKillTrigger.sendTrigger:147 com.motorola.motocare.internal.frameworkevents.ProcessKillTrigger.handleFrameworkEvent:164 
I/ActivityManager( 1016): Killing 7753:com.android.chrome/u0a57 (adj 15): empty #9
W/ContextImpl( 1231): Calling a method in the system process without a qualified user: android.app.ContextImpl.sendBroadcast:1252 android.content.ContextWrapper.sendBroadcast:365 com.motorola.motocare.util.TriggerHelper$TriggerBuilder.send:76 com.motorola.motocare.internal.frameworkevents.ProcessKillTrigger.sendTrigger:147 com.motorola.motocare.internal.frameworkevents.ProcessKillTrigger.handleFrameworkEvent:164 
D/WifiService( 1016): releaseWifiLockLocked: WifiLock{NlpWifiLock type=2 binder=android.os.BinderProxy@428b5a18}
V/AlarmManager( 1016): sending alarm Alarm{428ef938 type 3 android}
V/AlarmManager( 1016): sending alarm Alarm{443643c8 type 3 android}
V/AlarmManager( 1016): sending alarm Alarm{428ef9d0 type 2 com.google.android.gms}
V/AlarmManager( 1016): sending alarm Alarm{428d5568 type 2 com.google.android.talk}
D/ConnectivityService( 1016): handleInetConditionHoldEnd: net=1, condition=100, published condition=100
V/AlarmManager( 1016): sending alarm Alarm{430700a8 type 3 android}
V/AlarmManager( 1016): sending alarm Alarm{42d45dd8 type 3 android}
V/AlarmManager( 1016): sending alarm Alarm{43194fb0 type 3 android}
I/PowerManagerService( 1016): Waking up from sleep...
V/AlarmManager( 1016): sending alarm Alarm{43452c38 type 0 com.google.android.googlequicksearchbox}
I/WindowManager( 1016): Lock screen displayed!
D/DisplayPowerController( 1016): Unblocked screen on after 15942322 ms
I/SFPerfTracer(  278):      triggers: (rate: 6:1211) (85795 sw vsyncs) (2131 skipped) (0:89446 vsyncs) (157:187474)
I/ActivityManager( 1016): Start proc com.google.android.partnersetup for content provider com.google.android.partnersetup/.RlzAppProvider: pid=8118 uid=10025 gids={50025, 3003}
D/WifiService( 1016): acquireWifiLockLocked: WifiLock{NlpWifiLock type=2 binder=android.os.BinderProxy@428b5a18}
I/ActivityManager( 1016): Killing 7767:com.google.android.apps.magazines/u0a77 (adj 15): empty #9
W/ContextImpl( 1231): Calling a method in the system process without a qualified user: android.app.ContextImpl.sendBroadcast:1252 android.content.ContextWrapper.sendBroadcast:365 com.motorola.motocare.util.TriggerHelper$TriggerBuilder.send:76 com.motorola.motocare.internal.frameworkevents.ProcessKillTrigger.sendTrigger:147 com.motorola.motocare.internal.frameworkevents.ProcessKillTrigger.handleFrameworkEvent:164 
D/WifiService( 1016): releaseWifiLockLocked: WifiLock{NlpWifiLock type=2 binder=android.os.BinderProxy@428b5a18}
I/SFPerfTracer(  278):      triggers: (rate: 27:2419) (compose: 0:8) (post: 0:2) (render: 6:297) (62:30108 frames) (63:86895)
D/SFPerfTracer(  278):        layers: (4:11) (DimLayer: 0:65)* (DimLayer: 0:21)* (FocusedStackFrame: 0:745)* (StatusBar: 0:5103) (NavigationBar: 1:5541) (DimLayer: 0:697)* (DimLayer: 0:137)* (com.android.wallpaper.fall.FallWallpaper: 18:111) (com.android.launcher/com.android.launcher2.Launcher: 0:10)* (ElectronBeam: 0:22)* (Keyguard: 60:65) 
W/ContextImpl( 1231): Calling a method in the system process without a qualified user: android.app.ContextImpl.startService:1608 android.content.ContextWrapper.startService:494 android.content.ContextWrapper.startService:494 com.motorola.motocare.internal.batterystats.BatteryStatsAction.onReceive:33 android.app.ActivityThread.handleReceiver:2434 
I/SFPerfTracer(  278):      triggers: (rate: 27:2422) (compose: 0:8) (post: 0:2) (render: 6:297) (0:30111 frames) (1:86995)
D/SFPerfTracer(  278):        layers: (4:10) (DimLayer: 0:65)* (DimLayer: 0:21)* (FocusedStackFrame: 0:745)* (StatusBar: 0:5103) (NavigationBar: 0:5541) (DimLayer: 0:697)* (DimLayer: 0:137)* (com.android.wallpaper.fall.FallWallpaper: 1:210) (com.android.launcher/com.android.launcher2.Launcher: 0:10)* (Keyguard: 0:66) 
I/PowerManagerService( 1016): Going to sleep by user request...
I/SFPerfTracer(  278):       trigger: vsync rate (-51.276%)	(29.235 vps)	(34.206 ms)* 	(177 drops)	(257 vsyncs)
I/SFPerfTracer(  278):      triggers: (rate: 7:1388) (85795 sw vsyncs) (2526 skipped) (257:89703 vsyncs) (259:187733)
I/PowerManagerService( 1016): Waking up from sleep...
I/WindowManager( 1016): Lock screen displayed!
D/DisplayPowerController( 1016): Unblocked screen on after 15952674 ms
I/SFPerfTracer(  278):       trigger: frame rate (-40.087%)	(35.948 fps)	(27.818 ms) 	(3 drops)	(10 frames)
I/SFPerfTracer(  278):      triggers: (rate: 28:2425) (compose: 0:8) (post: 0:2) (render: 6:297) (10:30142 frames) (11:87038)
D/SFPerfTracer(  278):        layers: (0:11) (DimLayer: 0:65)* (DimLayer: 0:21)* (FocusedStackFrame: 0:745)* (StatusBar: 0:5103)* (NavigationBar: 0:5541)* (DimLayer: 0:697)* (DimLayer: 0:137)* (com.android.wallpaper.fall.FallWallpaper: 10:235)* (com.android.launcher/com.android.launcher2.Launcher: 1:11)* (Keyguard: 1:67)* (ElectronBeam: 2:26)* 
V/AlarmManager( 1016): sending alarm Alarm{4297fab8 type 2 com.facebook.katana}
V/AlarmManager( 1016): sending alarm Alarm{429794e8 type 2 com.motorola.ccc.cce}
V/AlarmManager( 1016): sending alarm Alarm{42978b18 type 1 com.google.android.inputmethod.latin}
W/ContextImpl( 1231): Calling a method in the system process without a qualified user: android.app.ContextImpl.startService:1608 android.content.ContextWrapper.startService:494 android.content.ContextWrapper.startService:494 com.motorola.motocare.internal.batterystats.BatteryStatsAction.onReceive:33 android.app.ActivityThread.handleReceiver:2434 
W/ContextImpl( 1231): Calling a method in the system process without a qualified user: android.app.ContextImpl.startService:1608 android.content.ContextWrapper.startService:494 android.content.ContextWrapper.startService:494 com.motorola.motocare.internal.batterystats.BatteryStatsAction.onReceive:33 android.app.ActivityThread.handleReceiver:2434 
I/PowerManagerService( 1016): Going to sleep by user request...
I/SFPerfTracer(  278):      triggers: (rate: 7:1409) (85862 sw vsyncs) (2677 skipped) (116:89823 vsyncs) (118:187923)
I/SFPerfTracer(  278):      triggers: (rate: 28:2429) (compose: 0:8) (post: 0:2) (render: 6:297) (22:30228 frames) (23:87143)
D/SFPerfTracer(  278):        layers: (5:11) (DimLayer: 0:65)* (DimLayer: 0:21)* (FocusedStackFrame: 0:745)* (StatusBar: 0:5104) (NavigationBar: 0:5543) (DimLayer: 0:697)* (DimLayer: 0:137)* (com.android.wallpaper.fall.FallWallpaper: 6:272) (com.android.launcher/com.android.launcher2.Launcher: 0:28)* (Keyguard: 0:127) (ElectronBeam: 22:24) 
W/ContextImpl( 1231): Calling a method in the system process without a qualified user: android.app.ContextImpl.startService:1608 android.content.ContextWrapper.startService:494 android.content.ContextWrapper.startService:494 com.motorola.motocare.internal.batterystats.BatteryStatsAction.onReceive:33 android.app.ActivityThread.handleReceiver:2434 
I/PowerManagerService( 1016): Waking up from sleep...
I/WindowManager( 1016): Lock screen displayed!
D/DisplayPowerController( 1016): Unblocked screen on after 15959417 ms
W/ContextImpl( 1231): Calling a method in the system process without a qualified user: android.app.ContextImpl.startService:1608 android.content.ContextWrapper.startService:494 android.content.ContextWrapper.startService:494 com.motorola.motocare.internal.batterystats.BatteryStatsAction.onReceive:33 android.app.ActivityThread.handleReceiver:2434 
I/SFPerfTracer(  278):      triggers: (rate: 28:2436) (compose: 0:8) (post: 0:2) (render: 6:297) (0:30303 frames) (1:87243)
D/SFPerfTracer(  278):        layers: (4:11) (DimLayer: 0:65)* (DimLayer: 0:21)* (FocusedStackFrame: 0:745)* (StatusBar: 0:5105) (NavigationBar: 0:5545) (DimLayer: 0:697)* (DimLayer: 0:137)* (com.android.wallpaper.fall.FallWallpaper: 1:320) (com.android.launcher/com.android.launcher2.Launcher: 0:30)* (Keyguard: 0:191) (ElectronBeam: 0:26)* 
W/ContextImpl( 1231): Calling a method in the system process without a qualified user: android.app.ContextImpl.sendBroadcast:1252 android.content.ContextWrapper.sendBroadcast:365 com.motorola.motocare.util.TriggerHelper$TriggerBuilder.send:76 com.motorola.motocare.internal.frameworkevents.PauseResumeTrigger.handleFrameworkEvent:53 com.motorola.motocare.internal.frameworkevents.FwEventMonitor$FrameworkListener.processFrameworkEvent:114 
D/UsbDeviceManager( 1016): MSG_USER_PRESENT
W/InputMethodManagerService( 1016): Window already focused, ignoring focus gain of: com.android.internal.view.IInputMethodClient$Stub$Proxy@42fdf7e0 attribute=android.view.inputmethod.EditorInfo@431174f0, token = android.os.BinderProxy@427cdda0
I/SFPerfTracer(  278):      triggers: (rate: 28:2438) (compose: 0:8) (post: 0:2) (render: 6:297) (0:30345 frames) (1:87343)
D/SFPerfTracer(  278):        layers: (4:10) (DimLayer: 0:65)* (DimLayer: 0:21)* (FocusedStackFrame: 0:747)* (StatusBar: 0:5106) (NavigationBar: 0:5583) (DimLayer: 0:697)* (DimLayer: 0:137)* (com.android.wallpaper.fall.FallWallpaper: 1:387) (com.android.launcher/com.android.launcher2.Launcher: 0:46) (Keyguard: 0:211)* 
V/AlarmManager( 1016): sending alarm Alarm{42fe64b0 type 3 android}
I/SFPerfTracer(  278):      triggers: (rate: 28:2440) (compose: 0:8) (post: 0:2) (render: 6:297) (0:30348 frames) (1:87443)
D/SFPerfTracer(  278):        layers: (4:9) (DimLayer: 0:65)* (DimLayer: 0:21)* (FocusedStackFrame: 0:747)* (StatusBar: 0:5107) (NavigationBar: 0:5583) (DimLayer: 0:697)* (DimLayer: 0:137)* (com.android.wallpaper.fall.FallWallpaper: 1:486) (com.android.launcher/com.android.launcher2.Launcher: 0:46) 
I/SFPerfTracer(  278):      triggers: (rate: 28:2443) (compose: 0:8) (post: 0:2) (render: 6:297) (0:30352 frames) (1:87543)
D/SFPerfTracer(  278):        layers: (4:9) (DimLayer: 0:65)* (DimLayer: 0:21)* (FocusedStackFrame: 0:747)* (StatusBar: 0:5109) (NavigationBar: 0:5583) (DimLayer: 0:697)* (DimLayer: 0:137)* (com.android.wallpaper.fall.FallWallpaper: 1:584) (com.android.launcher/com.android.launcher2.Launcher: 0:46) 
I/ActivityManager( 1016): START u0 {act=android.intent.action.MAIN cat=[android.intent.category.LAUNCHER] flg=0x10200000 pkg=com.mycelium.wallet cmp=com.mycelium.wallet/.activity.StartupActivity bnds=[40,385][200,585]} from pid 30757
W/ContextImpl( 1231): Calling a method in the system process without a qualified user: android.app.ContextImpl.sendBroadcast:1252 android.content.ContextWrapper.sendBroadcast:365 com.motorola.motocare.util.TriggerHelper$TriggerBuilder.send:76 com.motorola.motocare.internal.frameworkevents.PauseResumeTrigger.handleFrameworkEvent:53 com.motorola.motocare.internal.frameworkevents.FwEventMonitor$FrameworkListener.processFrameworkEvent:114 
