I/ConfigService(31791): onBind for Intent { act=com.google.android.gms.config.UPDATE pkg=com.google.android.gms } action com.google.android.gms.config.UPDATE
I/ConfigFetchService(20163): onStartCommand Intent { act=android.intent.action.PACKAGE_REMOVED dat=package:com.giftme.fb_auth cmp=com.google.android.gms/.config.ConfigFetchService (has extras) }
I/ConfigService(31791): onBind returning update interface
I/ConfigService(31791): onBind for Intent { act=com.google.android.gms.config.START pkg=com.google.android.gms } action com.google.android.gms.config.START
I/ConfigService(31791): onBind returning service broker
I/ActivityManager( 1016): Process com.motorola.MotGallery2 (pid 7138) has died.
D/Finsky  ( 7168): [1] GmsCoreHelper.cleanupNlp: result=false type=4
D/Finsky  ( 7168): [1] RestoreTracker.stopServiceIfDone: Restore complete with 0 success and 0 failed.
E/dalvikvm( 7208): Could not find class 'android.app.Notification$Action$Builder', referenced from method b.a
W/dalvikvm( 7208): VFY: unable to resolve new-instance 302 (Landroid/app/Notification$Action$Builder;) in Lb;
D/dalvikvm( 7208): VFY: replacing opcode 0x22 at 0x0000
E/dalvikvm( 7208): Could not find class 'android.graphics.drawable.RippleDrawable', referenced from method b.a
W/dalvikvm( 7208): VFY: unable to resolve new-instance 462 (Landroid/graphics/drawable/RippleDrawable;) in Lb;
D/dalvikvm( 7208): VFY: replacing opcode 0x22 at 0x000b
W/dalvikvm( 7208): VFY: unable to find class referenced in signature (Lzt;)
W/dalvikvm( 7208): VFY: unable to find class referenced in signature (Lzt;)
W/dalvikvm( 7208): VFY: unable to find class referenced in signature (Lzt;)
W/dalvikvm( 7208): VFY: unable to find class referenced in signature (Lzt;)
W/dalvikvm( 7208): VFY: unable to find class referenced in signature (Lzt;)
W/dalvikvm( 7208): VFY: unable to find class referenced in signature (Lzt;)
W/dalvikvm( 7208): VFY: unable to find class referenced in signature (Lzt;)
E/dalvikvm( 7208): Could not find class 'android.app.Notification$Action$Builder', referenced from method b.a
W/dalvikvm( 7208): VFY: unable to resolve new-instance 302 (Landroid/app/Notification$Action$Builder;) in Lb;
D/dalvikvm( 7208): VFY: replacing opcode 0x22 at 0x0000
W/dalvikvm( 7208): Unable to resolve superclass of Lar; (689)
W/dalvikvm( 7208): Link of class 'Lar;' failed
E/dalvikvm( 7208): Could not find class 'ar', referenced from method b.a
W/dalvikvm( 7208): VFY: unable to resolve new-instance 999 (Lar;) in Lb;
D/dalvikvm( 7208): VFY: replacing opcode 0x22 at 0x0006
W/dalvikvm( 7208): Unable to resolve superclass of Lat; (689)
W/dalvikvm( 7208): Link of class 'Lat;' failed
E/dalvikvm( 7208): Could not find class 'at', referenced from method b.a
W/dalvikvm( 7208): VFY: unable to resolve new-instance 1053 (Lat;) in Lb;
D/dalvikvm( 7208): VFY: replacing opcode 0x22 at 0x002a
I/dalvikvm( 7208): Could not find method android.view.ViewGroup.isTransitionGroup, referenced from method b.a
W/dalvikvm( 7208): VFY: unable to resolve virtual method 4388: Landroid/view/ViewGroup;.isTransitionGroup ()Z
D/dalvikvm( 7208): VFY: replacing opcode 0x6e at 0x000c
I/dalvikvm( 7208): Could not find method android.view.View.getTransitionName, referenced from method b.a
W/dalvikvm( 7208): VFY: unable to resolve virtual method 4205: Landroid/view/View;.getTransitionName ()Ljava/lang/String;
D/dalvikvm( 7208): VFY: replacing opcode 0x6e at 0x0006
W/dalvikvm( 7208): VFY: unable to find class referenced in signature ([Landroid/app/RemoteInput;)
E/dalvikvm( 7208): Could not find class 'android.app.RemoteInput[]', referenced from method b.a
W/dalvikvm( 7208): VFY: unable to resolve new-array 12606 ([Landroid/app/RemoteInput;) in Lb;
D/dalvikvm( 7208): VFY: replacing opcode 0x23 at 0x0005
D/dalvikvm( 7208): DexOpt: unable to opt direct call 0x0530 at 0x0e in Lb;.a
D/dalvikvm( 7208): DexOpt: unable to opt direct call 0x08a4 at 0x0e in Lb;.a
D/dalvikvm( 7208): DexOpt: unable to opt direct call 0x0530 at 0x0e in Lb;.a
W/dalvikvm( 7208): Unable to resolve superclass of Lar; (689)
W/dalvikvm( 7208): Link of class 'Lar;' failed
D/dalvikvm( 7208): DexOpt: unable to opt direct call 0x177c at 0x08 in Lb;.a
W/dalvikvm( 7208): Unable to resolve superclass of Lat; (689)
W/dalvikvm( 7208): Link of class 'Lat;' failed
D/dalvikvm( 7208): DexOpt: unable to opt direct call 0x1846 at 0x2c in Lb;.a
D/dalvikvm( 7208): DexOpt: unable to opt direct call 0x0587 at 0x13 in Lb;.a
D/dalvikvm( 7208): Trying to load lib /data/app-lib/com.google.android.apps.plus-1/libcrashreporterer.so 0x42791e88
D/dalvikvm( 7208): Added shared lib /data/app-lib/com.google.android.apps.plus-1/libcrashreporterer.so 0x42791e88
I/dalvikvm( 7208): Could not find method android.content.Context.getDrawable, referenced from method c.a
W/dalvikvm( 7208): VFY: unable to resolve virtual method 1545: Landroid/content/Context;.getDrawable (I)Landroid/graphics/drawable/Drawable;
D/dalvikvm( 7208): VFY: replacing opcode 0x6e at 0x0006
I/ActivityManager( 1016): Start proc com.google.android.apps.docs for broadcast com.google.android.apps.docs/.receivers.AppPackageAddRemoveReceiver: pid=7234 uid=10060 gids={50060, 3003, 1028, 1015}
I/dalvikvm( 7234): Could not find method android.app.Activity.finishAfterTransition, referenced from method r.c_
W/dalvikvm( 7234): VFY: unable to resolve virtual method 2773: Landroid/app/Activity;.finishAfterTransition ()V
D/dalvikvm( 7234): VFY: replacing opcode 0x6e at 0x0006
I/ActivityManager( 1016): Process com.android.keychain (pid 7155) has died.
D/WifiStateMachine( 1016): handleMessage: E msg.what=151572
D/WifiStateMachine( 1016): processMsg: ConnectedState
D/WifiStateMachine( 1016): processMsg: L2ConnectedState
D/WifiStateMachine( 1016): handleMessage: X
W/SyncWapiModule( 7234): isPlayServicesEnabled=
W/SyncWapiModule( 7234): isPlayServicesEnabled=
D/WifiStateMachine( 1016): handleMessage: E msg.what=131155
D/WifiStateMachine( 1016): processMsg: ConnectedState
D/WifiStateMachine( 1016): processMsg: L2ConnectedState
D/WifiStateMachine( 1016): handleMessage: X
I/ActivityManager( 1016): Start proc com.google.android.googlequicksearchbox:search for broadcast com.google.android.googlequicksearchbox/com.google.android.search.core.icingsync.IcingCorporaChangedReceiver: pid=7253 uid=10045 gids={50045, 3003, 3001, 1028, 3002, 1015}
W/GAV2    ( 7234): Thread[main,5,main]: Need to call initialize() and be in fallback mode to start dispatch.
I/ActivityManager( 1016): Start proc com.facebook.katana:dash for broadcast com.facebook.katana/com.facebook.dash.receivers.DashPackageUninstallReceiver: pid=7272 uid=10110 gids={50110, 1028, 1015, 3003}
W/dalvikvm( 7272): VFY: unable to resolve static field 27745 (a) in Lcom/facebook/katana/app/WorkAppTypes;
D/dalvikvm( 7272): VFY: replacing opcode 0x62 at 0x0013
W/dalvikvm( 7272): VFY: unable to resolve static field 27746 (b) in Lcom/facebook/katana/app/WorkAppTypes;
D/dalvikvm( 7272): VFY: replacing opcode 0x62 at 0x001d
E/dalvikvm( 7272): Could not find class 'com.facebook.katana.app.WallpaperFacebookApplicationImpl', referenced from method com.facebook.katana.app.FacebookApplication.a
W/dalvikvm( 7272): VFY: unable to resolve new-instance 427 (Lcom/facebook/katana/app/WallpaperFacebookApplicationImpl;) in Lcom/facebook/katana/app/FacebookApplication;
D/dalvikvm( 7272): VFY: replacing opcode 0x22 at 0x00a9
D/dalvikvm( 7272): DexOpt: unable to opt direct call 0x05a5 at 0xab in Lcom/facebook/katana/app/FacebookApplication;.a
D/CatchMeIfYouCan( 7272): Process (dash) ca: '/data/data/com.facebook.katana/app_cmiyc/0C66B38F48468E96F8008B6D5A2AE33B4A60265E01'
D/CatchMeIfYouCan( 7272): Process (dash) fc: '/data/data/com.facebook.katana/app_cmiyc/0C66B38F48468E96F8008B6D5A2AE33B4A60265E02'
D/CatchMeIfYouCan( 7272): Process (dash) cp: '('dash', 6, 60000, silent [true], restart [true], logout [true])'
D/ACRA    ( 7272): ACRA is enabled for com.facebook.katana, intializing...
I/ActivityManager( 1016): Process com.android.vending (pid 7168) has died.
D/ACRA    ( 7272): Looking for error files in /data/data/com.facebook.katana/app_acra-reports
D/ACRA    ( 7272): Looking for error files in /data/data/com.facebook.katana/app_minidumps
D/dalvikvm( 7272): Trying to load lib /data/app-lib/com.facebook.katana-1/libgnustl_shared.so 0x42791db8
D/dalvikvm( 7272): Added shared lib /data/app-lib/com.facebook.katana-1/libgnustl_shared.so 0x42791db8
D/dalvikvm( 7272): No JNI_OnLoad found in /data/app-lib/com.facebook.katana-1/libgnustl_shared.so 0x42791db8, skipping init
D/dalvikvm( 7272): Trying to load lib /data/app-lib/com.facebook.katana-1/libfb_breakpad_client.so 0x42791db8
D/dalvikvm( 7272): Added shared lib /data/app-lib/com.facebook.katana-1/libfb_breakpad_client.so 0x42791db8
D/dalvikvm( 7272): No JNI_OnLoad found in /system/lib/libstdc++.so 0x42791db8, skipping init
D/dalvikvm( 7272): Trying to load lib /data/app-lib/com.facebook.katana-1/libsigmux.so 0x42791db8
D/dalvikvm( 7272): Added shared lib /data/app-lib/com.facebook.katana-1/libsigmux.so 0x42791db8
D/dalvikvm( 7272): No JNI_OnLoad found in /data/app-lib/com.facebook.katana-1/libsigmux.so 0x42791db8, skipping init
D/dalvikvm( 7272): Trying to load lib /data/app-lib/com.facebook.katana-1/libdistract.so 0x42791db8
D/dalvikvm( 7272): Added shared lib /data/app-lib/com.facebook.katana-1/libdistract.so 0x42791db8
D/dalvikvm( 7272): No JNI_OnLoad found in /data/app-lib/com.facebook.katana-1/libdistract.so 0x42791db8, skipping init
D/dalvikvm( 7272): Trying to load lib /data/app-lib/com.facebook.katana-1/libfb_dalvik-internals.so 0x42791db8
D/dalvikvm( 7272): Added shared lib /data/app-lib/com.facebook.katana-1/libfb_dalvik-internals.so 0x42791db8
V/DexLibLoader( 7272): about to lock: /data/data/com.facebook.katana/mdex_lock
V/DexLibLoader( 7272): locking /data/data/com.facebook.katana/mdex_lock took 1 ms
V/DexLibLoader( 7272): Secondary program dex metadata: secondary-1.dex.jar.xz c0d34653f435a7e59cc5f46e9bd47feaf68b0041 secondary.dex01.Canary
V/DexLibLoader( 7272): Secondary program dex metadata: secondary-2.dex.jar.xz 3651d03ae513595a1029ff9eae54d36128fdeb5e secondary.dex02.Canary
V/DexLibLoader( 7272): Secondary program dex metadata: secondary-3.dex.jar.xz 020c6d0135a14f0280ede88da3e858d29f1b9ed5 secondary.dex03.Canary
V/DexLibLoader( 7272): Secondary program dex metadata: secondary-4.dex.jar.xz 3cf3244a0d1c3e39128f7b89ad90b4842a36a05f secondary.dex04.Canary
V/DexLibLoader( 7272): Secondary program dex metadata: secondary-5.dex.jar.xz 666d745bfcb3c0496ae90e343db057d6082ce0c3 secondary.dex05.Canary
V/DexLibLoader( 7272): Secondary program dex metadata: secondary-6.dex.jar.xz 0089f1fba5ba3a3fb61d98c516e2bbc2e6adfa05 secondary.dex06.Canary
V/DexLibLoader( 7272): Secondary program dex metadata: secondary-7.dex.jar.xz 7cecb34308ef8d54acae00b06e3ade52d8da6d49 secondary.dex07.Canary
V/DexLibLoader( 7272): directory "/data/data/com.facebook.katana/app_secondary_program_dex" contains "program-c0d34653f435a7e59cc5f46e9bd47feaf68b00416661a1c7.dex.jar" as expected
V/DexLibLoader( 7272): directory "/data/data/com.facebook.katana/app_secondary_program_dex" contains "program-3651d03ae513595a1029ff9eae54d36128fdeb5e6661a1c7.dex.jar" as expected
V/DexLibLoader( 7272): directory "/data/data/com.facebook.katana/app_secondary_program_dex" contains "program-020c6d0135a14f0280ede88da3e858d29f1b9ed56661a1c7.dex.jar" as expected
V/DexLibLoader( 7272): directory "/data/data/com.facebook.katana/app_secondary_program_dex" contains "program-3cf3244a0d1c3e39128f7b89ad90b4842a36a05f6661a1c7.dex.jar" as expected
V/DexLibLoader( 7272): directory "/data/data/com.facebook.katana/app_secondary_program_dex" contains "program-666d745bfcb3c0496ae90e343db057d6082ce0c36661a1c7.dex.jar" as expected
V/DexLibLoader( 7272): directory "/data/data/com.facebook.katana/app_secondary_program_dex" contains "program-0089f1fba5ba3a3fb61d98c516e2bbc2e6adfa056661a1c7.dex.jar" as expected
V/DexLibLoader( 7272): directory "/data/data/com.facebook.katana/app_secondary_program_dex" contains "program-7cecb34308ef8d54acae00b06e3ade52d8da6d496661a1c7.dex.jar" as expected
D/DexLibLoader( 7272): ignoring file "program-c0d34653f435a7e59cc5f46e9bd47feaf68b00416661a1c7.dex.odex" in "/data/data/com.facebook.katana/app_secondary_program_dex"
D/DexLibLoader( 7272): ignoring file "program-3651d03ae513595a1029ff9eae54d36128fdeb5e6661a1c7.dex.odex" in "/data/data/com.facebook.katana/app_secondary_program_dex"
D/DexLibLoader( 7272): ignoring file "program-020c6d0135a14f0280ede88da3e858d29f1b9ed56661a1c7.dex.odex" in "/data/data/com.facebook.katana/app_secondary_program_dex"
D/DexLibLoader( 7272): ignoring file "program-3cf3244a0d1c3e39128f7b89ad90b4842a36a05f6661a1c7.dex.odex" in "/data/data/com.facebook.katana/app_secondary_program_dex"
D/DexLibLoader( 7272): ignoring file "program-666d745bfcb3c0496ae90e343db057d6082ce0c36661a1c7.dex.odex" in "/data/data/com.facebook.katana/app_secondary_program_dex"
D/DexLibLoader( 7272): ignoring file "program-0089f1fba5ba3a3fb61d98c516e2bbc2e6adfa056661a1c7.dex.odex" in "/data/data/com.facebook.katana/app_secondary_program_dex"
D/DexLibLoader( 7272): ignoring file "program-7cecb34308ef8d54acae00b06e3ade52d8da6d496661a1c7.dex.odex" in "/data/data/com.facebook.katana/app_secondary_program_dex"
D/DexLibLoader( 7272): directory "/data/data/com.facebook.katana/app_secondary_program_dex" is valid
D/DexLibLoader( 7272): ignoring file "primary_deps" in "/data/data/com.facebook.katana/app_secondary_program_dex_opt"
V/DexLibLoader( 7272): directory "/data/data/com.facebook.katana/app_secondary_program_dex_opt" contains "program-c0d34653f435a7e59cc5f46e9bd47feaf68b00416661a1c7.dex.dex" as expected
V/DexLibLoader( 7272): directory "/data/data/com.facebook.katana/app_secondary_program_dex_opt" contains "program-3651d03ae513595a1029ff9eae54d36128fdeb5e6661a1c7.dex.dex" as expected
V/DexLibLoader( 7272): directory "/data/data/com.facebook.katana/app_secondary_program_dex_opt" contains "program-020c6d0135a14f0280ede88da3e858d29f1b9ed56661a1c7.dex.dex" as expected
V/DexLibLoader( 7272): directory "/data/data/com.facebook.katana/app_secondary_program_dex_opt" contains "program-3cf3244a0d1c3e39128f7b89ad90b4842a36a05f6661a1c7.dex.dex" as expected
V/DexLibLoader( 7272): directory "/data/data/com.facebook.katana/app_secondary_program_dex_opt" contains "program-666d745bfcb3c0496ae90e343db057d6082ce0c36661a1c7.dex.dex" as expected
V/DexLibLoader( 7272): directory "/data/data/com.facebook.katana/app_secondary_program_dex_opt" contains "program-0089f1fba5ba3a3fb61d98c516e2bbc2e6adfa056661a1c7.dex.dex" as expected
V/DexLibLoader( 7272): directory "/data/data/com.facebook.katana/app_secondary_program_dex_opt" contains "program-7cecb34308ef8d54acae00b06e3ade52d8da6d496661a1c7.dex.dex" as expected
D/DexLibLoader( 7272): directory "/data/data/com.facebook.katana/app_secondary_program_dex_opt" is valid
D/DexLibLoader( 7272): loading pre-built cross-dex opt odex files
V/dalvik-internals( 7272): hooked dvmResolveClass using jump ()
V/dalvik-internals( 7272): hooked dvmFlushBreakpoints using jump ()
V/MultiDexClassLoader( 7272): installing MultiDexClassLoader before application classloader
I/dalvikvm( 7272): Could not find method dalvik.system.DexFile.loadClassBinaryName, referenced from method com.facebook.common.dextricks.DexFileLoadOld.a
W/dalvikvm( 7272): VFY: unable to resolve virtual method 2807: Ldalvik/system/DexFile;.loadClassBinaryName (Ljava/lang/String;Ljava/lang/ClassLoader;)Ljava/lang/Class;
D/dalvikvm( 7272): VFY: replacing opcode 0x6e at 0x0000
D/DexLibLoader( 7272): released odex store lock
D/DexLibLoader( 7272): DexLibLoader.loadAll took 119 ms
D/MemoryReductionHack( 7272): Marked as initialized entry corresponding to path /data/app/com.facebook.katana-1.apk
V/dalvik-internals( 7272): hooked dvmLinearAlloc using jump ()
V/dalvik-internals( 7272): hooked dvmLinearRealloc using jump ()
V/dalvik-internals( 7272): hooked dvmLinearFree using jump ()
V/dalvik-internals( 7272): hooked dvmLinearStrdup using jump ()
V/dalvik-internals( 7272): hooked dvmLinearAllocContains using jump ()
I/dalvik-internals( 7272): enlarged linearalloc buffer to 33554432 bytes
W/GAV2    ( 7234): Thread[main,5,main]: dispatch call queued.  Need to call GAServiceManager.getInstance().initialize().
D/WifiStateMachine( 1016): handleMessage: E msg.what=151572
D/WifiStateMachine( 1016): processMsg: ConnectedState
D/WifiStateMachine( 1016): processMsg: L2ConnectedState
D/WifiStateMachine( 1016): handleMessage: X
I/ActivityManager( 1016): Process com.google.android.apps.plus (pid 7208) has died.
E/cutils  (  261): Failed to mkdirat(/storage/sdcard1/Android): Read-only file system
W/Vold    (  261): Returning OperationFailed - no handler for errno 30
W/ContextImpl( 7272): Failed to ensure directory: /storage/sdcard1/Android/data/com.facebook.katana/cache
D/dalvikvm( 7272): Trying to load lib /data/app-lib/com.facebook.katana-1/libdextr.so 0x42791db8
D/dalvikvm( 7272): Added shared lib /data/app-lib/com.facebook.katana-1/libdextr.so 0x42791db8
I/Dextr   ( 7272): LogQueue params desc: IIJIIIJJ
W/StaticBindingVerifier( 7272): Verify
I/dalvikvm( 7272): Could not find method com.facebook.resources.FbResources.getDrawable, referenced from method com.facebook.resources.impl.DownloadedFbResources.getDrawable
W/dalvikvm( 7272): VFY: unable to resolve virtual method 46880: Lcom/facebook/resources/FbResources;.getDrawable (ILandroid/content/res/Resources$Theme;)Landroid/graphics/drawable/Drawable;
D/dalvikvm( 7272): VFY: replacing opcode 0x6f at 0x0031
D/WifiService( 1016): New client listening to asynchronous messages
I/ActivityManager( 1016): Start proc com.google.android.partnersetup for broadcast com.google.android.partnersetup/.RlzPingBroadcastReceiver: pid=7299 uid=10025 gids={50025, 3003}
I/ActivityManager( 1016): Process com.google.android.apps.docs (pid 7234) has died.
I/ActivityManager( 1016): Start proc com.motorola.MotGallery2 for broadcast com.motorola.MotGallery2/com.android.gallery3d.app.PackagesMonitor: pid=7323 uid=10034 gids={50034, 3003, 1028, 1015}
I/ActivityManager( 1016): Start proc com.android.vending for broadcast com.android.vending/com.google.android.finsky.receivers.PackageMonitorReceiver$RegisteredReceiver: pid=7338 uid=10039 gids={50039, 3003, 1028, 1015}
F/ProcessStats( 1016): Starting service ServiceState{43a506e8 com.tranzmate.services.LocationService pkg=com.tranzmate proc=43a506e8} without owner
I/ActivityManager( 1016): Process com.facebook.katana:dash (pid 7272) has died.
D/WifiService( 1016): Client connection lost with reason: 4
F/ProcessStats( 1016): Starting service ServiceState{43a506e8 com.tranzmate.services.LocationService pkg=com.tranzmate proc=43a506e8} without owner
D/Finsky  ( 7338): [1] FinskyApp.onCreate: Initializing network with DFE https://android.clients.google.com/fdfe/
D/WifiStateMachine( 1016): handleMessage: E msg.what=151572
D/WifiStateMachine( 1016): processMsg: ConnectedState
D/WifiStateMachine( 1016): processMsg: L2ConnectedState
D/WifiStateMachine( 1016): handleMessage: X
D/Finsky  ( 7338): [1] DailyHygiene.goMakeHygieneIfDirty: No need to run daily hygiene.
W/Settings( 7338): Setting download_manager_max_bytes_over_mobile has moved from android.provider.Settings.Secure to android.provider.Settings.Global.
W/Settings( 7338): Setting download_manager_recommended_max_bytes_over_mobile has moved from android.provider.Settings.Secure to android.provider.Settings.Global.
I/dalvikvm( 7338): Could not find method com.google.android.play.layout.PlayCardViewBase.setTransitionName, referenced from method com.google.android.finsky.utils.PlayCardUtils.bindCard
W/dalvikvm( 7338): VFY: unable to resolve virtual method 42705: Lcom/google/android/play/layout/PlayCardViewBase;.setTransitionName (Ljava/lang/String;)V
D/dalvikvm( 7338): VFY: replacing opcode 0x6e at 0x00d9
I/dalvikvm( 7338): Could not find method com.google.android.play.layout.PlayCardViewBase.setTransitionGroup, referenced from method com.google.android.finsky.utils.PlayCardUtils.bindCard
W/dalvikvm( 7338): VFY: unable to resolve virtual method 42704: Lcom/google/android/play/layout/PlayCardViewBase;.setTransitionGroup (Z)V
D/dalvikvm( 7338): VFY: replacing opcode 0x6e at 0x0246
I/dalvikvm( 7338): Could not find method android.view.View.getTransitionName, referenced from method com.google.android.finsky.navigationmanager.NavigationManager.showPage
W/dalvikvm( 7338): VFY: unable to resolve virtual method 9352: Landroid/view/View;.getTransitionName ()Ljava/lang/String;
D/dalvikvm( 7338): VFY: replacing opcode 0x6e at 0x001a
I/ActivityManager( 1016): START u0 {act=android.intent.action.MAIN cat=[android.intent.category.LAUNCHER] flg=0x10000000 pkg=com.giftme.fb_auth cmp=com.giftme.fb_auth/.FB_Auth} from pid 7021
W/ContextImpl( 1231): Calling a method in the system process without a qualified user: android.app.ContextImpl.sendBroadcast:1252 android.content.ContextWrapper.sendBroadcast:365 com.motorola.motocare.util.TriggerHelper$TriggerBuilder.send:76 com.motorola.motocare.internal.frameworkevents.PauseResumeTrigger.handleFrameworkEvent:53 com.motorola.motocare.internal.frameworkevents.FwEventMonitor$FrameworkListener.processFrameworkEvent:114 
I/ActivityManager( 1016): Start proc com.giftme.fb_auth for activity com.giftme.fb_auth/.FB_Auth: pid=7373 uid=10106 gids={50106, 3003, 1028, 1015}
I/ActivityManager( 1016): Process com.google.android.googlequicksearchbox:search (pid 7253) has died.
D/Finsky  ( 7338): [1] 2.run: Loaded library for account: [gKXbJhL8NA2nPUzZyFpjB6tKi7U]
D/Finsky  ( 7338): [1] 2.run: Finished loading 1 libraries.
D/dalvikvm(  280): GC_EXPLICIT freed 43K, 48% free 9010K/17224K, paused 2ms+2ms, total 24ms
I/dalvikvm( 7373): Enabling JNI app bug workarounds for target SDK version 7...
D/PackageBroadcastService(20163): Received broadcast action=android.intent.action.PACKAGE_ADDED and uri=com.giftme.fb_auth
D/dalvikvm(  280): GC_EXPLICIT freed <1K, 48% free 9010K/17224K, paused 2ms+2ms, total 22ms
D/dalvikvm(  280): GC_EXPLICIT freed <1K, 48% free 9010K/17224K, paused 2ms+3ms, total 18ms
I/ActivityManager( 1016): Start proc com.google.android.apps.plus for broadcast com.google.android.apps.plus/.service.PackagesMediaMonitor: pid=7388 uid=10090 gids={50090, 3003, 3002, 1028, 1015}
W/ContextImpl( 1231): Calling a method in the system process without a qualified user: android.app.ContextImpl.sendBroadcast:1252 android.content.ContextWrapper.sendBroadcast:365 com.motorola.motocare.util.TriggerHelper$TriggerBuilder.send:76 com.motorola.motocare.internal.frameworkevents.PauseResumeTrigger.handleFrameworkEvent:53 com.motorola.motocare.internal.frameworkevents.FwEventMonitor$FrameworkListener.processFrameworkEvent:114 
V/PhoneStatusBar( 1078): setLightsOn(true)
I/ConfigFetchService(20163): onStartCommand Intent { act=android.intent.action.PACKAGE_ADDED dat=package:com.giftme.fb_auth cmp=com.google.android.gms/.config.ConfigFetchService (has extras) }
I/CordovaLog( 7373): Changing log level to DEBUG(3)
D/CordovaActivity( 7373): CordovaActivity.init()
I/ConfigFetchService(20163): launchTask
I/dalvikvm( 7373): Could not find method android.webkit.CookieManager.setAcceptThirdPartyCookies, referenced from method org.apache.cordova.CordovaWebView.initWebViewSettings
W/dalvikvm( 7373): VFY: unable to resolve virtual method 6163: Landroid/webkit/CookieManager;.setAcceptThirdPartyCookies (Landroid/webkit/WebView;Z)V
D/dalvikvm( 7373): VFY: replacing opcode 0x6e at 0x002a
I/ConfigFetchService(20163): service connected
I/SFPerfTracer(  278):      triggers: (rate: 166:93936) (229840 sw vsyncs) (197134 skipped) (8:818847 vsyncs) (10:1150677)
D/ConfigFetchService(20163): ConfigApi connection successful.
I/ActivityManager( 1016): Process com.google.android.partnersetup (pid 7299) has died.
V/ConfigFetchTask(20163): ConfigFetchTask getDeviceDataVersionInfo(): ABFEt1WcQeCl4tO34ekFsjcxQ4i6H7B0q4ZBEJRQrYyfZZw9UUeWwlHq8v-rpq8Jlxtnywt7gyjj9wwf228LST5AqmF-N73GaYscXrnqDVWVbrr5SxgGcdz72Rbuj1A5sKlgIZUSnZXLzaNenSJAeJ1sAXtv0V6P2xc_Z1r77IW_3yseqUfKZ2fYSe5Q_kOdXdc3O9yVb78Mvi8UJaY1XU-CZSXSpYBo9OZEzxG-UX8BWkIyUjbJCeI91thJ2IpyS4eI3sPCm98hacccsKrpwDYLqgy_KXn9t-_nonf2j6VfI0MCMGyZR7I
V/WebViewChromiumFactoryProvider( 7373): Binding Chromium to main looper Looper (main, tid 1) {4278ffc0}
I/LibraryLoader( 7373): Expected native library version number "",actual native library version number ""
I/chromium( 7373): [INFO:library_loader_hooks.cc(116)] Chromium logging enabled: level = 0, default verbosity = 0
I/BrowserStartupController( 7373): Initializing chromium process, renderers=0
I/GoogleURLConnFactory(20163): Using platform SSLCertificateSocketFactory
E/AudioManagerAndroid( 7373): BLUETOOTH permission is missing!
D/Finsky  ( 7338): [1] GmsCoreHelper.cleanupNlp: result=false type=4
I/Adreno-EGL( 7373): <qeglDrvAPI_eglInitialize:410>: EGL 1.4 QUALCOMM build: AU_LINUX_ANDROID_LNX.LA.3.5.1_RB1.04.04.02.048.018_msm8226_LNX.LA.3.5.1_RB1__release_AU ()
I/Adreno-EGL( 7373): OpenGL ES Shader Compiler Version: E031.24.00.08
I/Adreno-EGL( 7373): Build Date: 03/07/14 Fri
I/Adreno-EGL( 7373): Local Branch: 
I/Adreno-EGL( 7373): Remote Branch: quic/LNX.LA.3.5.1_RB1.1
I/Adreno-EGL( 7373): Local Patches: NONE
I/Adreno-EGL( 7373): Reconstruct Branch: AU_LINUX_ANDROID_LNX.LA.3.5.1_RB1.04.04.02.048.018 + f2fd134 +  NOTHING
D/Finsky  ( 7338): [1] RestoreTracker.stopServiceIfDone: Restore complete with 0 success and 0 failed.
E/dalvikvm( 7388): Could not find class 'android.app.Notification$Action$Builder', referenced from method b.a
W/dalvikvm( 7388): VFY: unable to resolve new-instance 302 (Landroid/app/Notification$Action$Builder;) in Lb;
D/dalvikvm( 7388): VFY: replacing opcode 0x22 at 0x0000
W/chromium( 7373): [WARNING:proxy_service.cc(890)] PAC support disabled because there is no system implementation
E/dalvikvm( 7388): Could not find class 'android.graphics.drawable.RippleDrawable', referenced from method b.a
W/dalvikvm( 7388): VFY: unable to resolve new-instance 462 (Landroid/graphics/drawable/RippleDrawable;) in Lb;
D/dalvikvm( 7388): VFY: replacing opcode 0x22 at 0x000b
D/CordovaActivity( 7373): CordovaActivity.createViews()
W/dalvikvm( 7373): VFY: unable to find class referenced in signature (Landroid/webkit/ClientCertRequest;)
W/dalvikvm( 7373): VFY: unable to find class referenced in signature (Landroid/webkit/ClientCertRequest;)
I/dalvikvm( 7373): Could not find method android.webkit.WebViewClient.onReceivedClientCertRequest, referenced from method org.apache.cordova.CordovaWebViewClient.onReceivedClientCertRequest
W/dalvikvm( 7373): VFY: unable to resolve virtual method 6235: Landroid/webkit/WebViewClient;.onReceivedClientCertRequest (Landroid/webkit/WebView;Landroid/webkit/ClientCertRequest;)V
D/dalvikvm( 7373): VFY: replacing opcode 0x6f at 0x001c
I/dalvikvm( 7373): Could not find method android.webkit.WebChromeClient$FileChooserParams.createIntent, referenced from method org.apache.cordova.CordovaChromeClient.onShowFileChooser
W/dalvikvm( 7373): VFY: unable to resolve virtual method 6182: Landroid/webkit/WebChromeClient$FileChooserParams;.createIntent ()Landroid/content/Intent;
D/dalvikvm( 7373): VFY: replacing opcode 0x6e at 0x0000
D/PluginManager( 7373): init()
D/CordovaWebView( 7373): CordovaWebView is running on device made by: motorola
D/CordovaWebView( 7373): >>> loadUrl(file:///android_asset/www/index.html)
D/CordovaWebView( 7373): >>> loadUrlNow()
D/CordovaActivity( 7373): Resuming the App
W/dalvikvm( 7388): VFY: unable to find class referenced in signature (Lzt;)
W/dalvikvm( 7388): VFY: unable to find class referenced in signature (Lzt;)
W/dalvikvm( 7388): VFY: unable to find class referenced in signature (Lzt;)
W/dalvikvm( 7388): VFY: unable to find class referenced in signature (Lzt;)
W/dalvikvm( 7388): VFY: unable to find class referenced in signature (Lzt;)
W/dalvikvm( 7388): VFY: unable to find class referenced in signature (Lzt;)
W/dalvikvm( 7388): VFY: unable to find class referenced in signature (Lzt;)
E/dalvikvm( 7388): Could not find class 'android.app.Notification$Action$Builder', referenced from method b.a
W/dalvikvm( 7388): VFY: unable to resolve new-instance 302 (Landroid/app/Notification$Action$Builder;) in Lb;
D/dalvikvm( 7388): VFY: replacing opcode 0x22 at 0x0000
I/ConfigFetchService(20163): fetch service done; releasing wakelock
I/ConfigFetchService(20163): stopping self
W/dalvikvm( 7388): Unable to resolve superclass of Lar; (689)
W/dalvikvm( 7388): Link of class 'Lar;' failed
E/dalvikvm( 7388): Could not find class 'ar', referenced from method b.a
W/dalvikvm( 7388): VFY: unable to resolve new-instance 999 (Lar;) in Lb;
D/dalvikvm( 7388): VFY: replacing opcode 0x22 at 0x0006
W/dalvikvm( 7388): Unable to resolve superclass of Lat; (689)
W/dalvikvm( 7388): Link of class 'Lat;' failed
E/dalvikvm( 7388): Could not find class 'at', referenced from method b.a
W/dalvikvm( 7388): VFY: unable to resolve new-instance 1053 (Lat;) in Lb;
D/dalvikvm( 7388): VFY: replacing opcode 0x22 at 0x002a
D/AudioManagerAndroid( 7373): ==> onReceive: s=0, m=1, n=h2w, sb=true
D/AudioManagerAndroid( 7373): reportUpdate: state=0, devices=[Speakerphone, Headset earpiece]
I/dalvikvm( 7388): Could not find method android.view.ViewGroup.isTransitionGroup, referenced from method b.a
W/dalvikvm( 7388): VFY: unable to resolve virtual method 4388: Landroid/view/ViewGroup;.isTransitionGroup ()Z
D/dalvikvm( 7388): VFY: replacing opcode 0x6e at 0x000c
I/dalvikvm( 7388): Could not find method android.view.View.getTransitionName, referenced from method b.a
W/dalvikvm( 7388): VFY: unable to resolve virtual method 4205: Landroid/view/View;.getTransitionName ()Ljava/lang/String;
D/dalvikvm( 7388): VFY: replacing opcode 0x6e at 0x0006
D/SoftKeyboardDetect( 7373): Ignore this event
I/SFPerfTracer(  278):      triggers: (rate: 512:16635) (compose: 0:58) (post: 0:3) (render: 47:4377) (15:248645 frames) (16:739565)
D/SFPerfTracer(  278):        layers: (4:11) (DimLayer: 0:145)* (DimLayer: 0:163)* (FocusedStackFrame: 1:5598)* (StatusBar: 0:54987) (NavigationBar: 1:36046) (DimLayer: 0:10647)* (DimLayer: 1:1197) (com.android.wallpaper.fall.FallWallpaper: 0:12653)* (com.android.packageinstaller/com.android.packageinstaller.PackageInstallerActivity: 0:48)* (com.android.packageinstaller/com.android.packageinstaller.InstallAppProgress: 15:113) (Starting com.giftme.fb_auth: 1:3)* 
W/dalvikvm( 7388): VFY: unable to find class referenced in signature ([Landroid/app/RemoteInput;)
E/dalvikvm( 7388): Could not find class 'android.app.RemoteInput[]', referenced from method b.a
W/dalvikvm( 7388): VFY: unable to resolve new-array 12606 ([Landroid/app/RemoteInput;) in Lb;
D/dalvikvm( 7388): VFY: replacing opcode 0x23 at 0x0005
D/dalvikvm( 7388): DexOpt: unable to opt direct call 0x0530 at 0x0e in Lb;.a
D/OpenGLRenderer( 7373): Enabling debug mode 0
D/dalvikvm( 7388): DexOpt: unable to opt direct call 0x08a4 at 0x0e in Lb;.a
D/dalvikvm( 7388): DexOpt: unable to opt direct call 0x0530 at 0x0e in Lb;.a
W/dalvikvm( 7388): Unable to resolve superclass of Lar; (689)
W/dalvikvm( 7388): Link of class 'Lar;' failed
D/dalvikvm( 7388): DexOpt: unable to opt direct call 0x177c at 0x08 in Lb;.a
W/dalvikvm( 7388): Unable to resolve superclass of Lat; (689)
W/dalvikvm( 7388): Link of class 'Lat;' failed
D/dalvikvm( 7388): DexOpt: unable to opt direct call 0x1846 at 0x2c in Lb;.a
D/dalvikvm( 7388): DexOpt: unable to opt direct call 0x0587 at 0x13 in Lb;.a
I/LaunchCheckinHandler( 1016): Displayed com.giftme.fb_auth/.FB_Auth,cp,ca,546
I/ActivityManager( 1016): Displayed com.giftme.fb_auth/.FB_Auth: +546ms
D/dalvikvm( 1016): GC_EXPLICIT freed 1817K, 27% free 29384K/40112K, paused 4ms+15ms, total 163ms
D/SoftKeyboardDetect( 7373): Ignore this event
D/CordovaWebViewClient( 7373): onPageStarted(file:///android_asset/www/index.html)
D/CordovaActivity( 7373): onMessage(onPageStarted,file:///android_asset/www/index.html)
D/dalvikvm( 7388): Trying to load lib /data/app-lib/com.google.android.apps.plus-1/libcrashreporterer.so 0x4278ed78
D/dalvikvm( 7388): Added shared lib /data/app-lib/com.google.android.apps.plus-1/libcrashreporterer.so 0x4278ed78
I/dalvikvm( 7388): Could not find method android.content.Context.getDrawable, referenced from method c.a
W/dalvikvm( 7388): VFY: unable to resolve virtual method 1545: Landroid/content/Context;.getDrawable (I)Landroid/graphics/drawable/Drawable;
D/dalvikvm( 7388): VFY: replacing opcode 0x6e at 0x0006
D/WifiStateMachine( 1016): handleMessage: E msg.what=151572
D/WifiStateMachine( 1016): processMsg: ConnectedState
D/WifiStateMachine( 1016): processMsg: L2ConnectedState
D/WifiStateMachine( 1016): handleMessage: X
I/ActivityManager( 1016): Start proc com.google.android.apps.docs for broadcast com.google.android.apps.docs/.receivers.AppPackageAddRemoveReceiver: pid=7450 uid=10060 gids={50060, 3003, 1028, 1015}
F/ProcessStats( 1016): Starting service ServiceState{43a506e8 com.tranzmate.services.LocationService pkg=com.tranzmate proc=43a506e8} without owner
E/rsC++   ( 7021): RS Message thread exiting.
I/ActivityManager( 1016): Process com.android.vending (pid 7338) has died.
F/ProcessStats( 1016): Starting service ServiceState{43a506e8 com.tranzmate.services.LocationService pkg=com.tranzmate proc=43a506e8} without owner
D/JsMessageQueue( 7373): Set native->JS mode to OnlineEventsBridgeMode
I/dalvikvm( 7450): Could not find method android.app.Activity.finishAfterTransition, referenced from method r.c_
W/dalvikvm( 7450): VFY: unable to resolve virtual method 2773: Landroid/app/Activity;.finishAfterTransition ()V
D/dalvikvm( 7450): VFY: replacing opcode 0x6e at 0x0006
D/WifiStateMachine( 1016): handleMessage: E msg.what=131155
D/WifiStateMachine( 1016): processMsg: ConnectedState
D/WifiStateMachine( 1016): processMsg: L2ConnectedState
D/WifiStateMachine( 1016): handleMessage: X
I/ActivityManager( 1016): Process com.motorola.MotGallery2 (pid 7323) has died.
W/SyncWapiModule( 7450): isPlayServicesEnabled=
W/SyncWapiModule( 7450): isPlayServicesEnabled=
W/GAV2    ( 7450): Thread[main,5,main]: Need to call initialize() and be in fallback mode to start dispatch.
I/ActivityManager( 1016): Start proc com.google.android.googlequicksearchbox:search for broadcast com.google.android.googlequicksearchbox/com.google.android.search.core.icingsync.IcingCorporaChangedReceiver: pid=7473 uid=10045 gids={50045, 3003, 3001, 1028, 3002, 1015}
I/ActivityManager( 1016): Start proc com.imangi.templerun2 for broadcast com.imangi.templerun2/com.amazon.identity.auth.device.authorization.PackageIntentReceiver: pid=7492 uid=10111 gids={50111, 1028, 1015, 3003}
I/UpdateIcingCorporaServi( 7473): Updating corpora: APPS=com.giftme.fb_auth, CONTACTS=MAYBE
D/CordovaLog( 7373): file:///android_asset/www/js/app.js: Line 44 : Service initialized
I/chromium( 7373): [INFO:CONSOLE(44)] "Service initialized", source: file:///android_asset/www/js/app.js (44)
D/CordovaLog( 7373): file:///android_asset/www/js/app.js: Line 118 : facebookConnectPlugin not ready
I/chromium( 7373): [INFO:CONSOLE(118)] "facebookConnectPlugin not ready", source: file:///android_asset/www/js/app.js (118)
D/CordovaLog( 7373): https://js.stripe.com/v2/: Line 2 : You are using Stripe.js in live mode over an insecure connection. This is considered unsafe. Please conduct live requests only on sites served over https. For more info, see https://stripe.com/help/ssl
I/chromium( 7373): [INFO:CONSOLE(2)] "You are using Stripe.js in live mode over an insecure connection. This is considered unsafe. Please conduct live requests only on sites served over https. For more info, see https://stripe.com/help/ssl", source: https://js.stripe.com/v2/ (2)
D/com.amazon.identity.auth.device.utils.MAPLog.PII( 7492): Extracting verison incremental:<obscured>
D/com.amazon.identity.auth.device.utils.MAPLog.PII( 7492): Extracting flavor:<obscured>
I/com.amazon.identity.auth.device.authorization.PackageIntentReceiver( 7492): Package Intent Received. Clearing Service Data. action=android.intent.action.PACKAGE_ADDED
I/com.amazon.identity.auth.device.authorization.ThirdPartyServiceHelper( 7492): Clearing Highest Versioned Service
I/ActivityManager( 1016): Start proc com.google.android.partnersetup for content provider com.google.android.partnersetup/.RlzAppProvider: pid=7507 uid=10025 gids={50025, 3003}
D/CordovaActivity( 7373): onMessage(spinner,stop)
E/NetworkScheduler.SchedulerReceiver(31791): Invalid parameter app
E/NetworkScheduler.SchedulerReceiver(31791): Invalid package name : Perhaps you didn't include a PendingIntent in the extras?
I/dalvikvm( 7473): Could not find method android.content.pm.PackageManager.getPackageInstaller, referenced from method com.google.android.gms.common.g.m
W/dalvikvm( 7473): VFY: unable to resolve virtual method 902: Landroid/content/pm/PackageManager;.getPackageInstaller ()Landroid/content/pm/PackageInstaller;
D/dalvikvm( 7473): VFY: replacing opcode 0x6e at 0x000d
D/PackageBroadcastService(20163): Received broadcast action=android.intent.action.PACKAGE_REPLACED and uri=com.giftme.fb_auth
I/ActivityManager( 1016): Start proc com.google.android.apps.magazines for broadcast com.google.android.apps.magazines/com.google.apps.dots.android.app.receiver.FirstInstallNotificationReceiver: pid=7523 uid=10077 gids={50077, 3003, 1028, 1015}
I/ActivityManager( 1016): Process com.google.android.apps.plus (pid 7388) has died.
D/CordovaLog( 7373): file:///android_asset/www/js/app.js: Line 8 : Uncaught ReferenceError: StatusBar is not defined
I/chromium( 7373): [INFO:CONSOLE(8)] "Uncaught ReferenceError: StatusBar is not defined", source: file:///android_asset/www/js/app.js (8)
W/GAV2    ( 7450): Thread[main,5,main]: dispatch call queued.  Need to call GAServiceManager.getInstance().initialize().
F/ProcessStats( 1016): Starting service ServiceState{43a506e8 com.tranzmate.services.LocationService pkg=com.tranzmate proc=43a506e8} without owner
D/CordovaWebViewClient( 7373): onPageFinished(file:///android_asset/www/index.html)
D/CordovaActivity( 7373): onMessage(onPageFinished,file:///android_asset/www/index.html)
D/WifiStateMachine( 1016): handleMessage: E msg.what=151572
D/WifiStateMachine( 1016): processMsg: ConnectedState
D/WifiStateMachine( 1016): processMsg: L2ConnectedState
D/WifiStateMachine( 1016): handleMessage: X
I/dalvikvm( 7523): Could not find method android.accounts.AccountManager.getPreviousName, referenced from method com.google.apps.dots.android.newsstand.auth.AccountManagerDelegate.getPreviousName
W/dalvikvm( 7523): VFY: unable to resolve virtual method 7: Landroid/accounts/AccountManager;.getPreviousName (Landroid/accounts/Account;)Ljava/lang/String;
D/dalvikvm( 7523): VFY: replacing opcode 0x6e at 0x0002
E/cutils  (  261): Failed to mkdirat(/storage/sdcard1/Android): Read-only file system
W/Vold    (  261): Returning OperationFailed - no handler for errno 30
W/ContextImpl( 7523): Failed to ensure directory: /storage/sdcard1/Android/data/com.google.android.apps.magazines/cache
E/cutils  (  261): Failed to mkdirat(/storage/sdcard1/Android): Read-only file system
W/Vold    (  261): Returning OperationFailed - no handler for errno 30
W/ContextImpl( 7523): Failed to ensure directory: /storage/sdcard1/Android/data/com.google.android.apps.magazines/files
E/cutils  (  261): Failed to mkdirat(/storage/sdcard1/Android): Read-only file system
W/Vold    (  261): Returning OperationFailed - no handler for errno 30
W/ContextImpl( 7523): Failed to ensure directory: /storage/sdcard1/Android/data/com.google.android.apps.magazines/cache
E/cutils  (  261): Failed to mkdirat(/storage/sdcard1/Android): Read-only file system
W/Vold    (  261): Returning OperationFailed - no handler for errno 30
W/ContextImpl( 7523): Failed to ensure directory: /storage/sdcard1/Android/data/com.google.android.apps.magazines/files
I/ActivityManager( 1016): Process com.google.android.apps.docs (pid 7450) has died.
F/ProcessStats( 1016): Starting service ServiceState{43a506e8 com.tranzmate.services.LocationService pkg=com.tranzmate proc=43a506e8} without owner
I/ActivityManager( 1016): Process com.android.packageinstaller (pid 7021) has died.
V/WebViewChromiumFactoryProvider( 7523): Binding Chromium to main looper Looper (main, tid 1) {4277d2b0}
I/LibraryLoader( 7523): Expected native library version number "",actual native library version number ""
I/chromium( 7523): [INFO:library_loader_hooks.cc(116)] Chromium logging enabled: level = 0, default verbosity = 0
I/BrowserStartupController( 7523): Initializing chromium process, renderers=0
E/AudioManagerAndroid( 7523): BLUETOOTH permission is missing!
I/Adreno-EGL( 7523): <qeglDrvAPI_eglInitialize:410>: EGL 1.4 QUALCOMM build: AU_LINUX_ANDROID_LNX.LA.3.5.1_RB1.04.04.02.048.018_msm8226_LNX.LA.3.5.1_RB1__release_AU ()
I/Adreno-EGL( 7523): OpenGL ES Shader Compiler Version: E031.24.00.08
I/Adreno-EGL( 7523): Build Date: 03/07/14 Fri
I/Adreno-EGL( 7523): Local Branch: 
I/Adreno-EGL( 7523): Remote Branch: quic/LNX.LA.3.5.1_RB1.1
I/Adreno-EGL( 7523): Local Patches: NONE
I/Adreno-EGL( 7523): Reconstruct Branch: AU_LINUX_ANDROID_LNX.LA.3.5.1_RB1.04.04.02.048.018 + f2fd134 +  NOTHING
D/Ulp_jni ( 1016): Location CB invoked
D/dalvikvm(31791): GC_EXPLICIT freed 536K, 37% free 10925K/17224K, paused 3ms+6ms, total 67ms
I/NSApplication( 7523): Starting up...
I/ApplicationLogger( 7473): canRun() : Opted Out
I/UpdateIcingCorporaServi( 7473): UpdateCorporaTask done [took 337 ms] updated apps [took 337 ms] 
I/ActivityManager( 1016): Start proc com.google.android.apps.cloudprint for broadcast com.google.android.apps.cloudprint/.printdialog.receivers.UpgradeBroadcastReceiver: pid=7578 uid=10058 gids={50058, 3003, 1028}
D/AudioManagerAndroid( 7523): ==> onReceive: s=0, m=1, n=h2w, sb=true
F/ProcessStats( 1016): Starting service ServiceState{43a506e8 com.tranzmate.services.LocationService pkg=com.tranzmate proc=43a506e8} without owner
D/AudioManagerAndroid( 7523): reportUpdate: state=0, devices=[Speakerphone, Headset earpiece]
I/ActivityManager( 1016): Start proc com.motorola.context for broadcast com.motorola.context/.engine.mediator.MediatorReceiver: pid=7592 uid=10011 gids={50011, 3001, 3002, 3003}
F/ProcessStats( 1016): Starting service ServiceState{43a506e8 com.tranzmate.services.LocationService pkg=com.tranzmate proc=43a506e8} without owner
I/ActivityManager( 1016): Process com.imangi.templerun2 (pid 7492) has died.
F/ProcessStats( 1016): Starting service ServiceState{43a506e8 com.tranzmate.services.LocationService pkg=com.tranzmate proc=43a506e8} without owner
F/ProcessStats( 1016): Starting service ServiceState{43a506e8 com.tranzmate.services.LocationService pkg=com.tranzmate proc=43a506e8} without owner
I/ActivityManager( 1016): Process com.google.android.apps.magazines (pid 7523) has died.
F/ProcessStats( 1016): Starting service ServiceState{43a506e8 com.tranzmate.services.LocationService pkg=com.tranzmate proc=43a506e8} without owner
I/ActivityManager( 1016): Process com.google.android.apps.cloudprint (pid 7578) has died.
F/ProcessStats( 1016): Starting service ServiceState{43a506e8 com.tranzmate.services.LocationService pkg=com.tranzmate proc=43a506e8} without owner
I/ActivityManager( 1016): Process com.google.android.partnersetup (pid 7507) has died.
D/WifiStateMachine( 1016): handleMessage: E msg.what=151572
D/WifiStateMachine( 1016): processMsg: ConnectedState
D/WifiStateMachine( 1016): processMsg: L2ConnectedState
D/WifiStateMachine( 1016): handleMessage: X
I/Icing   (20163): Indexing D11140B64A23ADCF9607D6E17FA4854A5443BF22 from com.google.android.googlequicksearchbox
I/Icing   (20163): Indexing done D11140B64A23ADCF9607D6E17FA4854A5443BF22
D/WifiStateMachine( 1016): handleMessage: E msg.what=151572
D/WifiStateMachine( 1016): processMsg: ConnectedState
D/WifiStateMachine( 1016): processMsg: L2ConnectedState
D/WifiStateMachine( 1016): handleMessage: X
I/SFPerfTracer(  278):      triggers: (rate: 166:93936) (229840 sw vsyncs) (197134 skipped) (15:818940 vsyncs) (17:1150790)
D/WifiStateMachine( 1016): handleMessage: E msg.what=131155
D/WifiStateMachine( 1016): processMsg: ConnectedState
D/WifiStateMachine( 1016): processMsg: L2ConnectedState
D/WifiStateMachine( 1016): handleMessage: X
V/AlarmManager( 1016): sending alarm Alarm{4354f880 type 2 com.whatsapp}
D/WifiStateMachine( 1016): handleMessage: E msg.what=151572
D/WifiStateMachine( 1016): processMsg: ConnectedState
D/WifiStateMachine( 1016): processMsg: L2ConnectedState
D/WifiStateMachine( 1016): handleMessage: X
I/ConfigService(31791): onDestroy
D/WifiStateMachine( 1016): handleMessage: E msg.what=151572
D/WifiStateMachine( 1016): processMsg: ConnectedState
D/WifiStateMachine( 1016): processMsg: L2ConnectedState
D/WifiStateMachine( 1016): handleMessage: X
W/InputMethodManagerService( 1016): Window already focused, ignoring focus gain of: com.android.internal.view.IInputMethodClient$Stub$Proxy@42875670 attribute=null, token = android.os.BinderProxy@4398a8f0
D/WifiStateMachine( 1016): handleMessage: E msg.what=151572
D/WifiStateMachine( 1016): processMsg: ConnectedState
D/WifiStateMachine( 1016): processMsg: L2ConnectedState
I/SFPerfTracer(  278):      triggers: (rate: 512:16635) (compose: 0:58) (post: 0:3) (render: 47:4377) (6:248717 frames) (7:739669)
D/SFPerfTracer(  278):        layers: (5:13) (DimLayer: 0:145)* (DimLayer: 0:163)* (FocusedStackFrame: 0:5605)* (StatusBar: 0:54989) (NavigationBar: 0:36056) (DimLayer: 7:10675) (DimLayer: 0:1198)* (com.android.wallpaper.fall.FallWallpaper: 0:12653)* (com.android.packageinstaller/com.android.packageinstaller.InstallAppProgress: 0:116)* (Starting com.giftme.fb_auth: 0:25)* (com.giftme.fb_auth/com.giftme.fb_auth.FB_Auth: 0:47) (com.giftme.fb_auth/com.giftme.fb_auth.FB_Auth: 6:49)* (com.giftme.fb_auth/com.giftme.fb_auth.FB_Auth: 7:13) 
D/WifiStateMachine( 1016): handleMessage: X
D/WifiStateMachine( 1016): handleMessage: E msg.what=131155
D/WifiStateMachine( 1016): processMsg: ConnectedState
D/WifiStateMachine( 1016): processMsg: L2ConnectedState
D/WifiStateMachine( 1016): handleMessage: X
D/WifiStateMachine( 1016): handleMessage: E msg.what=151572
D/WifiStateMachine( 1016): processMsg: ConnectedState
D/WifiStateMachine( 1016): processMsg: L2ConnectedState
D/WifiStateMachine( 1016): handleMessage: X
D/CordovaLog( 7373): file:///android_asset/www/js/app.js: Line 101 : Logged in
I/chromium( 7373): [INFO:CONSOLE(101)] "Logged in", source: file:///android_asset/www/js/app.js (101)
D/CordovaLog( 7373): file:///android_asset/www/js/app.js: Line 102 : [object Object]
I/chromium( 7373): [INFO:CONSOLE(102)] "[object Object]", source: file:///android_asset/www/js/app.js (102)
W/InputMethodManagerService( 1016): Window already focused, ignoring focus gain of: com.android.internal.view.IInputMethodClient$Stub$Proxy@4304d870 attribute=null, token = android.os.BinderProxy@4398a8f0
E/PluginManager( 7373): Uncaught exception from plugin
E/PluginManager( 7373): java.lang.NullPointerException
E/PluginManager( 7373): 	at org.apache.cordova.facebook.ConnectPlugin.makeGraphCall(ConnectPlugin.java:618)
E/PluginManager( 7373): 	at org.apache.cordova.facebook.ConnectPlugin.execute(ConnectPlugin.java:513)
E/PluginManager( 7373): 	at org.apache.cordova.CordovaPlugin.execute(CordovaPlugin.java:84)
E/PluginManager( 7373): 	at org.apache.cordova.PluginManager.exec(PluginManager.java:151)
E/PluginManager( 7373): 	at org.apache.cordova.CordovaBridge.jsExec(CordovaBridge.java:63)
E/PluginManager( 7373): 	at org.apache.cordova.ExposedJsApi.exec(ExposedJsApi.java:40)
E/PluginManager( 7373): 	at com.android.org.chromium.base.SystemMessageHandler.nativeDoRunLoopOnce(Native Method)
E/PluginManager( 7373): 	at com.android.org.chromium.base.SystemMessageHandler.handleMessage(SystemMessageHandler.java:24)
E/PluginManager( 7373): 	at android.os.Handler.dispatchMessage(Handler.java:102)
E/PluginManager( 7373): 	at android.os.Looper.loop(Looper.java:136)
E/PluginManager( 7373): 	at android.os.HandlerThread.run(HandlerThread.java:61)
D/CordovaLog( 7373): file:///android_asset/www/js/HomeView.js: Line 18 : null
I/chromium( 7373): [INFO:CONSOLE(18)] "null", source: file:///android_asset/www/js/HomeView.js (18)
D/WifiStateMachine( 1016): handleMessage: E msg.what=151572
D/WifiStateMachine( 1016): processMsg: ConnectedState
D/WifiStateMachine( 1016): processMsg: L2ConnectedState
D/WifiStateMachine( 1016): handleMessage: X
V/AlarmManager( 1016): sending alarm Alarm{435435a8 type 3 android}
D/WifiStateMachine( 1016): handleMessage: E msg.what=151572
D/WifiStateMachine( 1016): processMsg: ConnectedState
D/WifiStateMachine( 1016): processMsg: L2ConnectedState
D/WifiStateMachine( 1016): handleMessage: X
D/WifiStateMachine( 1016): handleMessage: E msg.what=131155
D/WifiStateMachine( 1016): processMsg: ConnectedState
D/WifiStateMachine( 1016): processMsg: L2ConnectedState
D/WifiStateMachine( 1016): handleMessage: X
I/SFPerfTracer(  278):      triggers: (rate: 166:93936) (229840 sw vsyncs) (197134 skipped) (15:819031 vsyncs) (17:1150894)
W/InputMethodManagerService( 1016): Window already focused, ignoring focus gain of: com.android.internal.view.IInputMethodClient$Stub$Proxy@42894e20 attribute=null, token = android.os.BinderProxy@4398a8f0
D/WifiStateMachine( 1016): handleMessage: E msg.what=151572
D/WifiStateMachine( 1016): processMsg: ConnectedState
D/WifiStateMachine( 1016): processMsg: L2ConnectedState
D/WifiStateMachine( 1016): handleMessage: X
I/SBar.NetworkController( 1078): onSignalStrengthsChanged SignalStrength: 2 0 -120 -160 -120 -1 -1 99 2147483647 2147483647 2147483647 2147483647 2147483647 gsm|lte 0 -108 -1 false 0 0 0 0 0 99 99 99 4 level=0
I/SBar.NetworkController( 1078): refreshSignalCluster: mobile: Signal=zz_moto_stat_sys_signal_0_fully_wide Roaming=(none) mSimIconId=(none) Accessibility="No phone.","Not roaming.",""
D/WifiStateMachine( 1016): handleMessage: E msg.what=151572
D/WifiStateMachine( 1016): processMsg: ConnectedState
D/WifiStateMachine( 1016): processMsg: L2ConnectedState
D/WifiStateMachine( 1016): handleMessage: X
