W/dalvikvm(27554): VFY: unable to resolve virtual method 6163: Landroid/webkit/CookieManager;.setAcceptThirdPartyCookies (Landroid/webkit/WebView;Z)V
D/dalvikvm(27554): VFY: replacing opcode 0x6e at 0x002a
V/WebViewChromiumFactoryProvider(27554): Binding Chromium to main looper Looper (main, tid 1) {4278a100}
I/LibraryLoader(27554): Expected native library version number "",actual native library version number ""
I/chromium(27554): [INFO:library_loader_hooks.cc(116)] Chromium logging enabled: level = 0, default verbosity = 0
I/BrowserStartupController(27554): Initializing chromium process, renderers=0
E/AudioManagerAndroid(27554): BLUETOOTH permission is missing!
E/mm-camera-sensor(  454): Got some events
E/mm-camera-sensor(  454): sensor_thread_func:152 sensor_thread_func:Sensor thread is exiting
I/Adreno-EGL(27554): <qeglDrvAPI_eglInitialize:410>: EGL 1.4 QUALCOMM build: AU_LINUX_ANDROID_LNX.LA.3.5.1_RB1.04.04.02.048.018_msm8226_LNX.LA.3.5.1_RB1__release_AU ()
I/Adreno-EGL(27554): OpenGL ES Shader Compiler Version: E031.24.00.08
I/Adreno-EGL(27554): Build Date: 03/07/14 Fri
I/Adreno-EGL(27554): Local Branch: 
I/Adreno-EGL(27554): Remote Branch: quic/LNX.LA.3.5.1_RB1.1
I/Adreno-EGL(27554): Local Patches: NONE
I/Adreno-EGL(27554): Reconstruct Branch: AU_LINUX_ANDROID_LNX.LA.3.5.1_RB1.04.04.02.048.018 + f2fd134 +  NOTHING
W/chromium(27554): [WARNING:proxy_service.cc(890)] PAC support disabled because there is no system implementation
D/CordovaActivity(27554): CordovaActivity.createViews()
W/dalvikvm(27554): VFY: unable to find class referenced in signature (Landroid/webkit/ClientCertRequest;)
W/dalvikvm(27554): VFY: unable to find class referenced in signature (Landroid/webkit/ClientCertRequest;)
I/dalvikvm(27554): Could not find method android.webkit.WebViewClient.onReceivedClientCertRequest, referenced from method org.apache.cordova.CordovaWebViewClient.onReceivedClientCertRequest
W/dalvikvm(27554): VFY: unable to resolve virtual method 6235: Landroid/webkit/WebViewClient;.onReceivedClientCertRequest (Landroid/webkit/WebView;Landroid/webkit/ClientCertRequest;)V
D/dalvikvm(27554): VFY: replacing opcode 0x6f at 0x001c
I/dalvikvm(27554): Could not find method android.webkit.WebChromeClient$FileChooserParams.createIntent, referenced from method org.apache.cordova.CordovaChromeClient.onShowFileChooser
W/dalvikvm(27554): VFY: unable to resolve virtual method 6182: Landroid/webkit/WebChromeClient$FileChooserParams;.createIntent ()Landroid/content/Intent;
D/dalvikvm(27554): VFY: replacing opcode 0x6e at 0x0000
D/PluginManager(27554): init()
D/CordovaWebView(27554): CordovaWebView is running on device made by: motorola
D/CordovaWebView(27554): >>> loadUrl(file:///android_asset/www/index.html)
D/CordovaWebView(27554): >>> loadUrlNow()
D/CordovaActivity(27554): Resuming the App
D/dalvikvm( 1016): GC_EXPLICIT freed 1635K, 30% free 28235K/40112K, paused 5ms+18ms, total 169ms
D/AudioManagerAndroid(27554): ==> onReceive: s=0, m=1, n=h2w, sb=true
D/AudioManagerAndroid(27554): reportUpdate: state=0, devices=[Speakerphone, Headset earpiece]
D/SoftKeyboardDetect(27554): Ignore this event
D/WifiStateMachine( 1016): handleMessage: E msg.what=151572
D/WifiStateMachine( 1016): processMsg: ConnectedState
D/WifiStateMachine( 1016): processMsg: L2ConnectedState
D/WifiStateMachine( 1016): handleMessage: X
D/WifiStateMachine( 1016): handleMessage: E msg.what=131155
D/WifiStateMachine( 1016): processMsg: ConnectedState
D/WifiStateMachine( 1016): processMsg: L2ConnectedState
D/WifiStateMachine( 1016): handleMessage: X
D/OpenGLRenderer(27554): Enabling debug mode 0
D/SoftKeyboardDetect(27554): Ignore this event
I/ActivityManager( 1016): Displayed com.giftme.fb_auth/.FB_Auth: +665ms
D/CordovaWebViewClient(27554): onPageStarted(file:///android_asset/www/index.html)
D/CordovaActivity(27554): onMessage(onPageStarted,file:///android_asset/www/index.html)
D/hardware_info(  284): hw_info_append_hw_type : device_name = speaker
I/SFPerfTracer(  278):      triggers: (rate: 532:17347) (compose: 0:61) (post: 0:3) (render: 47:4417) (1:256685 frames) (2:762160)
D/SFPerfTracer(  278):        layers: (3:12) (DimLayer: 0:145)* (DimLayer: 0:167)* (FocusedStackFrame: 0:5943)* (StatusBar: 0:57538) (NavigationBar: 0:38369) (DimLayer: 0:11243)* (DimLayer: 0:1280)* (com.android.wallpaper.fall.FallWallpaper: 0:19430)* (com.motorola.camera/com.motorola.camera.Camera: 0:28)* (SurfaceView: 0:67)* (Starting com.giftme.fb_auth: 2:32)* (com.giftme.fb_auth/com.giftme.fb_auth.FB_Auth: 0:17) 
D/JsMessageQueue(27554): Set native->JS mode to OnlineEventsBridgeMode
I/SFPerfTracer(  278):      triggers: (rate: 177:104676) (230857 sw vsyncs) (217340 skipped) (73:846167 vsyncs) (75:1183243)
D/CordovaLog(27554): file:///android_asset/www/js/app.js: Line 177 : Uncaught SyntaxError: Unexpected token }
I/chromium(27554): [INFO:CONSOLE(177)] "Uncaught SyntaxError: Unexpected token }", source: file:///android_asset/www/js/app.js (177)
D/CordovaActivity(27554): onMessage(spinner,stop)
D/WifiStateMachine( 1016): handleMessage: E msg.what=151572
D/WifiStateMachine( 1016): processMsg: ConnectedState
D/WifiStateMachine( 1016): processMsg: L2ConnectedState
D/WifiStateMachine( 1016): handleMessage: X
D/CordovaWebViewClient(27554): onPageFinished(file:///android_asset/www/index.html)
D/CordovaActivity(27554): onMessage(onPageFinished,file:///android_asset/www/index.html)
D/WifiStateMachine( 1016): handleMessage: E msg.what=151572
D/WifiStateMachine( 1016): processMsg: ConnectedState
D/WifiStateMachine( 1016): processMsg: L2ConnectedState
D/WifiStateMachine( 1016): handleMessage: X
D/WifiStateMachine( 1016): handleMessage: E msg.what=151572
D/WifiStateMachine( 1016): processMsg: ConnectedState
D/WifiStateMachine( 1016): processMsg: L2ConnectedState
D/WifiStateMachine( 1016): handleMessage: X
D/WifiStateMachine( 1016): handleMessage: E msg.what=131155
D/WifiStateMachine( 1016): processMsg: ConnectedState
D/WifiStateMachine( 1016): processMsg: L2ConnectedState
D/WifiStateMachine( 1016): handleMessage: X
D/WifiStateMachine( 1016): handleMessage: E msg.what=151572
D/WifiStateMachine( 1016): processMsg: ConnectedState
D/WifiStateMachine( 1016): processMsg: L2ConnectedState
D/WifiStateMachine( 1016): handleMessage: X
D/Ulp_jni ( 1016): Location CB invoked
D/WifiStateMachine( 1016): handleMessage: E msg.what=151572
D/WifiStateMachine( 1016): processMsg: ConnectedState
D/WifiStateMachine( 1016): processMsg: L2ConnectedState
D/WifiStateMachine( 1016): handleMessage: X
D/dalvikvm( 1016): GC_EXPLICIT freed 238K, 31% free 28068K/40112K, paused 19ms+13ms, total 151ms
D/WifiStateMachine( 1016): handleMessage: E msg.what=151572
D/WifiStateMachine( 1016): processMsg: ConnectedState
D/WifiStateMachine( 1016): processMsg: L2ConnectedState
D/WifiStateMachine( 1016): handleMessage: X
D/WifiStateMachine( 1016): handleMessage: E msg.what=131155
D/WifiStateMachine( 1016): processMsg: ConnectedState
D/WifiStateMachine( 1016): processMsg: L2ConnectedState
D/WifiStateMachine( 1016): handleMessage: X
V/AlarmManager( 1016): sending alarm Alarm{4376f798 type 3 android}
D/MDMCTBK (  276): reply_len: 40 reply is = IFNAME=wlan0 <3>CTRL-EVENT-BSS-REMOVED 2
D/MDMCTBK (  276): Event received = CTRL-EVENT-BSS-REMOVED 2
D/MDMCTBK (  276): reply_len: 40 reply is = IFNAME=wlan0 <3>CTRL-EVENT-BSS-REMOVED 2
D/MDMCTBK (  276): Event received = CTRL-EVENT-BSS-REMOVED 2
D/MDMCTBK (  276): reply_len: 40 reply is = IFNAME=wlan0 <3>CTRL-EVENT-BSS-REMOVED 2
D/MDMCTBK (  276): Event received = CTRL-EVENT-BSS-REMOVED 2
D/MDMCTBK (  276): reply_len: 40 reply is = IFNAME=wlan0 <3>CTRL-EVENT-BSS-REMOVED 2
D/MDMCTBK (  276): Event received = CTRL-EVENT-BSS-REMOVED 2
D/MDMCTBK (  276): reply_len: 40 reply is = IFNAME=wlan0 <3>CTRL-EVENT-BSS-REMOVED 2
D/MDMCTBK (  276): Event received = CTRL-EVENT-BSS-REMOVED 2
D/MDMCTBK (  276): reply_len: 40 reply is = IFNAME=wlan0 <3>CTRL-EVENT-BSS-REMOVED 2
D/MDMCTBK (  276): Event received = CTRL-EVENT-BSS-REMOVED 2
D/MDMCTBK (  276): reply_len: 40 reply is = IFNAME=wlan0 <3>CTRL-EVENT-BSS-REMOVED 2
D/MDMCTBK (  276): Event received = CTRL-EVENT-BSS-REMOVED 2
D/MDMCTBK (  276): reply_len: 40 reply is = IFNAME=wlan0 <3>CTRL-EVENT-BSS-REMOVED 2
D/MDMCTBK (  276): Event received = CTRL-EVENT-BSS-REMOVED 2
D/MDMCTBK (  276): reply_len: 40 reply is = IFNAME=wlan0 <3>CTRL-EVENT-BSS-REMOVED 2
D/MDMCTBK (  276): Event received = CTRL-EVENT-BSS-REMOVED 2
D/MDMCTBK (  276): reply_len: 40 reply is = IFNAME=wlan0 <3>CTRL-EVENT-BSS-REMOVED 2
D/MDMCTBK (  276): Event received = CTRL-EVENT-BSS-REMOVED 2
D/WifiStateMachine( 1016): handleMessage: E msg.what=151572
D/WifiStateMachine( 1016): processMsg: ConnectedState
D/WifiStateMachine( 1016): processMsg: L2ConnectedState
D/WifiStateMachine( 1016): handleMessage: X
D/WifiStateMachine( 1016): handleMessage: E msg.what=151572
D/WifiStateMachine( 1016): processMsg: ConnectedState
D/WifiStateMachine( 1016): processMsg: L2ConnectedState
D/WifiStateMachine( 1016): handleMessage: X
D/WifiStateMachine( 1016): handleMessage: E msg.what=151572
D/WifiStateMachine( 1016): processMsg: ConnectedState
D/WifiStateMachine( 1016): processMsg: L2ConnectedState
D/WifiStateMachine( 1016): handleMessage: X
D/WifiStateMachine( 1016): handleMessage: E msg.what=131155
D/WifiStateMachine( 1016): processMsg: ConnectedState
D/WifiStateMachine( 1016): processMsg: L2ConnectedState
D/WifiStateMachine( 1016): handleMessage: X
I/ActivityManager( 1016): START u0 {act=com.android.systemui.recent.action.TOGGLE_RECENTS flg=0x10800000 cmp=com.android.systemui/.recent.RecentsActivity (has extras)} from pid 1078
W/ContextImpl( 1231): Calling a method in the system process without a qualified user: android.app.ContextImpl.sendBroadcast:1252 android.content.ContextWrapper.sendBroadcast:365 com.motorola.motocare.util.TriggerHelper$TriggerBuilder.send:76 com.motorola.motocare.internal.frameworkevents.PauseResumeTrigger.handleFrameworkEvent:53 com.motorola.motocare.internal.frameworkevents.FwEventMonitor$FrameworkListener.processFrameworkEvent:114 
D/CordovaActivity(27554): Paused the application!
D/CordovaWebView(27554): Handle the pause
W/ContextImpl( 1231): Calling a method in the system process without a qualified user: android.app.ContextImpl.sendBroadcast:1252 android.content.ContextWrapper.sendBroadcast:365 com.motorola.motocare.util.TriggerHelper$TriggerBuilder.send:76 com.motorola.motocare.internal.frameworkevents.PauseResumeTrigger.handleFrameworkEvent:53 com.motorola.motocare.internal.frameworkevents.FwEventMonitor$FrameworkListener.processFrameworkEvent:114 
D/dalvikvm( 1078): GC_FOR_ALLOC freed 2928K, 30% free 15595K/22060K, paused 23ms, total 23ms
I/LaunchCheckinHandler( 1016): Displayed com.android.systemui/.recent.RecentsActivity,wp,wa,104
W/InputMethodManagerService( 1016): Starting input on non-focused client com.android.internal.view.IInputMethodClient$Stub$Proxy@430605b0 (uid=10106 pid=27554)
W/IInputConnectionWrapper(27554): showStatusIcon on inactive InputConnection
D/dalvikvm( 1078): GC_CONCURRENT freed 1369K, 26% free 16364K/22060K, paused 3ms+5ms, total 33ms
W/ManagedEGLContext(27554): doTerminate failed: EGL count is 2 but managed count is 1
D/WifiStateMachine( 1016): handleMessage: E msg.what=151572
D/WifiStateMachine( 1016): processMsg: ConnectedState
D/WifiStateMachine( 1016): processMsg: L2ConnectedState
D/WifiStateMachine( 1016): handleMessage: X
D/WifiStateMachine( 1016): handleMessage: E msg.what=151572
D/WifiStateMachine( 1016): processMsg: ConnectedState
D/WifiStateMachine( 1016): processMsg: L2ConnectedState
D/WifiStateMachine( 1016): handleMessage: X
I/MDMCTBK (  276): NetlinkHandler, power_supply subsys
I/MDMCTBK (  276): NetlinkHandler, usbChargerStateChanged
I/MDMCTBK (  276): checkDefaultInst, current pid is = 276
I/MDMCTBK (  276): checkDefaultInst, pid match
I/MDMCTBK (  276): MdmCutbackHndler,readFromFile = /sys/class/power_supply/usb/online
I/MDMCTBK (  276): MdmCutbackHndler,readFromFile = 
E/MDMCTBK (  276): MdmCutbackHndler,Could not open ''
I/MDMCTBK (  276): NetlinkHandler, power_supply subsys
I/MDMCTBK (  276): NetlinkHandler, usbChargerStateChanged
I/MDMCTBK (  276): checkDefaultInst, current pid is = 276
I/MDMCTBK (  276): checkDefaultInst, pid match
I/MDMCTBK (  276): MdmCutbackHndler,readFromFile = /sys/class/power_supply/usb/online
I/MDMCTBK (  276): MdmCutbackHndler,readFromFile = 
E/MDMCTBK (  276): MdmCutbackHndler,Could not open ''
D/HeadsetPhoneState(14591): sendDeviceStateChanged. mService=1 mSignal=3 mRoam=0 mBatteryCharge=5
D/WifiStateMachine( 1016): handleMessage: E msg.what=151572
D/WifiStateMachine( 1016): processMsg: ConnectedState
D/WifiStateMachine( 1016): processMsg: L2ConnectedState
D/WifiStateMachine( 1016): handleMessage: X
D/WifiStateMachine( 1016): handleMessage: E msg.what=131155
D/WifiStateMachine( 1016): processMsg: ConnectedState
D/WifiStateMachine( 1016): processMsg: L2ConnectedState
D/WifiStateMachine( 1016): handleMessage: X
I/ActivityManager( 1016): Killing 27554:com.giftme.fb_auth/u0a106 (adj 9): remove task
D/CordovaActivity(27554): CordovaActivity.onDestroy()
D/CordovaWebView(27554): >>> loadUrlNow()
W/ContextImpl( 1231): Calling a method in the system process without a qualified user: android.app.ContextImpl.sendBroadcast:1252 android.content.ContextWrapper.sendBroadcast:365 com.motorola.motocare.util.TriggerHelper$TriggerBuilder.send:76 com.motorola.motocare.internal.frameworkevents.ProcessKillTrigger.sendTrigger:147 com.motorola.motocare.internal.frameworkevents.ProcessKillTrigger.handleFrameworkEvent:164 
I/WindowState( 1016): WIN DEATH: Window{4348ef48 u0 com.giftme.fb_auth/com.giftme.fb_auth.FB_Auth}
I/SFPerfTracer(  278):      triggers: (rate: 532:17347) (compose: 0:61) (post: 0:3) (render: 47:4417) (0:256701 frames) (1:762260)
D/SFPerfTracer(  278):        layers: (3:11) (DimLayer: 0:145)* (DimLayer: 0:167)* (FocusedStackFrame: 0:5944)* (StatusBar: 0:57545) (NavigationBar: 0:38389) (DimLayer: 0:11243)* (DimLayer: 0:1280)* (com.android.wallpaper.fall.FallWallpaper: 0:19430)* (com.giftme.fb_auth/com.giftme.fb_auth.FB_Auth: 0:53)* (com.android.systemui/com.android.systemui.recent.RecentsActivity: 1:53) (thumbnail anim: 0:17)* 
D/WifiStateMachine( 1016): handleMessage: E msg.what=151572
D/WifiStateMachine( 1016): processMsg: ConnectedState
D/WifiStateMachine( 1016): processMsg: L2ConnectedState
D/WifiStateMachine( 1016): handleMessage: X
I/SFPerfTracer(  278):      triggers: (rate: 177:104676) (230857 sw vsyncs) (217340 skipped) (42:846287 vsyncs) (44:1183385)
I/ActivityManager( 1016): START u0 {act=android.intent.action.MAIN cat=[android.intent.category.HOME] flg=0x10200000 cmp=com.android.launcher/com.android.launcher2.Launcher} from pid 1016
W/ContextImpl( 1231): Calling a method in the system process without a qualified user: android.app.ContextImpl.sendBroadcast:1252 android.content.ContextWrapper.sendBroadcast:365 com.motorola.motocare.util.TriggerHelper$TriggerBuilder.send:76 com.motorola.motocare.internal.frameworkevents.PauseResumeTrigger.handleFrameworkEvent:53 com.motorola.motocare.internal.frameworkevents.FwEventMonitor$FrameworkListener.processFrameworkEvent:114 
W/ContextImpl( 1231): Calling a method in the system process without a qualified user: android.app.ContextImpl.sendBroadcast:1252 android.content.ContextWrapper.sendBroadcast:365 com.motorola.motocare.util.TriggerHelper$TriggerBuilder.send:76 com.motorola.motocare.internal.frameworkevents.PauseResumeTrigger.handleFrameworkEvent:53 com.motorola.motocare.internal.frameworkevents.FwEventMonitor$FrameworkListener.processFrameworkEvent:114 
E/AppsCustomizePagedView(  813): Widget ComponentInfo{com.devexpert.weather/com.devexpert.weather.view.WidgetWeather5x1Cur} can not fit on this device (736, 80)
E/AppsCustomizePagedView(  813): Widget ComponentInfo{com.devexpert.weather/com.devexpert.weather.view.WidgetWeather5x1} can not fit on this device (736, 80)
E/AppsCustomizePagedView(  813): Widget ComponentInfo{com.devexpert.weather/com.devexpert.weather.view.WidgetWeather5x2LC} can not fit on this device (736, 220)
E/AppsCustomizePagedView(  813): Widget ComponentInfo{com.devexpert.weather/com.devexpert.weather.view.WidgetWeather5x2} can not fit on this device (736, 220)
E/AppsCustomizePagedView(  813): Widget ComponentInfo{com.devexpert.weather/com.devexpert.weather.view.WidgetWeather5x3} can not fit on this device (736, 330)
I/Adreno-EGL(  813): <qeglDrvAPI_eglInitialize:410>: EGL 1.4 QUALCOMM build: AU_LINUX_ANDROID_LNX.LA.3.5.1_RB1.04.04.02.048.018_msm8226_LNX.LA.3.5.1_RB1__release_AU ()
I/Adreno-EGL(  813): OpenGL ES Shader Compiler Version: E031.24.00.08
I/Adreno-EGL(  813): Build Date: 03/07/14 Fri
I/Adreno-EGL(  813): Local Branch: 
I/Adreno-EGL(  813): Remote Branch: quic/LNX.LA.3.5.1_RB1.1
I/Adreno-EGL(  813): Local Patches: NONE
I/Adreno-EGL(  813): Reconstruct Branch: AU_LINUX_ANDROID_LNX.LA.3.5.1_RB1.04.04.02.048.018 + f2fd134 +  NOTHING
D/WifiStateMachine( 1016): handleMessage: E msg.what=151572
D/WifiStateMachine( 1016): processMsg: ConnectedState
D/WifiStateMachine( 1016): processMsg: L2ConnectedState
V/RenderScript(  813): 0x5f4e3ce8 Launching thread(s), CPUs 4
D/WifiStateMachine( 1016): handleMessage: X
I/LaunchCheckinHandler( 1016): Displayed com.android.launcher/com.android.launcher2.Launcher,wp,wa,428
D/Ulp_jni ( 1016): Location CB invoked
D/WifiStateMachine( 1016): handleMessage: E msg.what=151572
D/WifiStateMachine( 1016): processMsg: ConnectedState
D/WifiStateMachine( 1016): processMsg: L2ConnectedState
D/WifiStateMachine( 1016): handleMessage: X
D/WifiStateMachine( 1016): handleMessage: E msg.what=131155
D/WifiStateMachine( 1016): processMsg: ConnectedState
D/WifiStateMachine( 1016): processMsg: L2ConnectedState
D/WifiStateMachine( 1016): handleMessage: X
I/ActivityManager( 1016): START u0 {act=android.intent.action.MAIN cat=[android.intent.category.LAUNCHER] flg=0x10200000 cmp=com.giftme.fb_auth/.FB_Auth bnds=[360,385][520,585]} from pid 813
W/ContextImpl( 1231): Calling a method in the system process without a qualified user: android.app.ContextImpl.sendBroadcast:1252 android.content.ContextWrapper.sendBroadcast:365 com.motorola.motocare.util.TriggerHelper$TriggerBuilder.send:76 com.motorola.motocare.internal.frameworkevents.PauseResumeTrigger.handleFrameworkEvent:53 com.motorola.motocare.internal.frameworkevents.FwEventMonitor$FrameworkListener.processFrameworkEvent:114 
I/ActivityManager( 1016): Start proc com.giftme.fb_auth for activity com.giftme.fb_auth/.FB_Auth: pid=27667 uid=10106 gids={50106, 3003, 1028, 1015}
I/dalvikvm(27667): Enabling JNI app bug workarounds for target SDK version 7...
W/ContextImpl( 1231): Calling a method in the system process without a qualified user: android.app.ContextImpl.sendBroadcast:1252 android.content.ContextWrapper.sendBroadcast:365 com.motorola.motocare.util.TriggerHelper$TriggerBuilder.send:76 com.motorola.motocare.internal.frameworkevents.PauseResumeTrigger.handleFrameworkEvent:53 com.motorola.motocare.internal.frameworkevents.FwEventMonitor$FrameworkListener.processFrameworkEvent:114 
V/PhoneStatusBar( 1078): setLightsOn(true)
I/CordovaLog(27667): Changing log level to DEBUG(3)
D/CordovaActivity(27667): CordovaActivity.init()
I/dalvikvm(27667): Could not find method android.webkit.CookieManager.setAcceptThirdPartyCookies, referenced from method org.apache.cordova.CordovaWebView.initWebViewSettings
W/dalvikvm(27667): VFY: unable to resolve virtual method 6163: Landroid/webkit/CookieManager;.setAcceptThirdPartyCookies (Landroid/webkit/WebView;Z)V
D/dalvikvm(27667): VFY: replacing opcode 0x6e at 0x002a
V/WebViewChromiumFactoryProvider(27667): Binding Chromium to main looper Looper (main, tid 1) {4278af28}
I/LibraryLoader(27667): Expected native library version number "",actual native library version number ""
I/chromium(27667): [INFO:library_loader_hooks.cc(116)] Chromium logging enabled: level = 0, default verbosity = 0
I/BrowserStartupController(27667): Initializing chromium process, renderers=0
E/AudioManagerAndroid(27667): BLUETOOTH permission is missing!
I/Adreno-EGL(27667): <qeglDrvAPI_eglInitialize:410>: EGL 1.4 QUALCOMM build: AU_LINUX_ANDROID_LNX.LA.3.5.1_RB1.04.04.02.048.018_msm8226_LNX.LA.3.5.1_RB1__release_AU ()
I/Adreno-EGL(27667): OpenGL ES Shader Compiler Version: E031.24.00.08
I/Adreno-EGL(27667): Build Date: 03/07/14 Fri
I/Adreno-EGL(27667): Local Branch: 
I/Adreno-EGL(27667): Remote Branch: quic/LNX.LA.3.5.1_RB1.1
I/Adreno-EGL(27667): Local Patches: NONE
I/Adreno-EGL(27667): Reconstruct Branch: AU_LINUX_ANDROID_LNX.LA.3.5.1_RB1.04.04.02.048.018 + f2fd134 +  NOTHING
W/chromium(27667): [WARNING:proxy_service.cc(890)] PAC support disabled because there is no system implementation
D/CordovaActivity(27667): CordovaActivity.createViews()
W/dalvikvm(27667): VFY: unable to find class referenced in signature (Landroid/webkit/ClientCertRequest;)
W/dalvikvm(27667): VFY: unable to find class referenced in signature (Landroid/webkit/ClientCertRequest;)
I/dalvikvm(27667): Could not find method android.webkit.WebViewClient.onReceivedClientCertRequest, referenced from method org.apache.cordova.CordovaWebViewClient.onReceivedClientCertRequest
W/dalvikvm(27667): VFY: unable to resolve virtual method 6235: Landroid/webkit/WebViewClient;.onReceivedClientCertRequest (Landroid/webkit/WebView;Landroid/webkit/ClientCertRequest;)V
D/dalvikvm(27667): VFY: replacing opcode 0x6f at 0x001c
I/dalvikvm(27667): Could not find method android.webkit.WebChromeClient$FileChooserParams.createIntent, referenced from method org.apache.cordova.CordovaChromeClient.onShowFileChooser
W/dalvikvm(27667): VFY: unable to resolve virtual method 6182: Landroid/webkit/WebChromeClient$FileChooserParams;.createIntent ()Landroid/content/Intent;
D/dalvikvm(27667): VFY: replacing opcode 0x6e at 0x0000
D/PluginManager(27667): init()
D/CordovaWebView(27667): CordovaWebView is running on device made by: motorola
D/CordovaWebView(27667): >>> loadUrl(file:///android_asset/www/index.html)
D/CordovaWebView(27667): >>> loadUrlNow()
D/CordovaActivity(27667): Resuming the App
D/AudioManagerAndroid(27667): ==> onReceive: s=0, m=1, n=h2w, sb=true
D/AudioManagerAndroid(27667): reportUpdate: state=0, devices=[Speakerphone, Headset earpiece]
D/SoftKeyboardDetect(27667): Ignore this event
I/SFPerfTracer(  278):      triggers: (rate: 532:17347) (compose: 0:61) (post: 0:3) (render: 47:4417) (11:256736 frames) (12:762369)
D/SFPerfTracer(  278):        layers: (5:11) (DimLayer: 0:145)* (DimLayer: 0:167)* (FocusedStackFrame: 0:5945)* (StatusBar: 11:57575) (NavigationBar: 11:38445) (DimLayer: 0:11243)* (DimLayer: 0:1280)* (com.android.wallpaper.fall.FallWallpaper: 4:19452) (com.android.systemui/com.android.systemui.recent.RecentsActivity: 0:76)* (com.android.launcher/com.android.launcher2.Launcher: 0:69) (Starting com.giftme.fb_auth: 12:16) 
D/OpenGLRenderer(27667): Enabling debug mode 0
D/SoftKeyboardDetect(27667): Ignore this event
I/LaunchCheckinHandler( 1016): Displayed com.giftme.fb_auth/.FB_Auth,cp,ca,366
I/ActivityManager( 1016): Displayed com.giftme.fb_auth/.FB_Auth: +366ms
E/rsC++   (  813): RS Message thread exiting.
D/CordovaWebViewClient(27667): onPageStarted(file:///android_asset/www/index.html)
D/CordovaActivity(27667): onMessage(onPageStarted,file:///android_asset/www/index.html)
I/chromium(27667): [INFO:simple_index_file.cc(437)] Simple Cache Index is being restored from disk.
D/JsMessageQueue(27667): Set native->JS mode to OnlineEventsBridgeMode
D/WifiStateMachine( 1016): handleMessage: E msg.what=151572
D/WifiStateMachine( 1016): processMsg: ConnectedState
D/WifiStateMachine( 1016): processMsg: L2ConnectedState
D/WifiStateMachine( 1016): handleMessage: X
I/SFPerfTracer(  278):      triggers: (rate: 177:104676) (230857 sw vsyncs) (217406 skipped) (129:846419 vsyncs) (131:1183521)
D/CordovaLog(27667): file:///android_asset/www/js/app.js: Line 177 : Uncaught SyntaxError: Unexpected token }
I/chromium(27667): [INFO:CONSOLE(177)] "Uncaught SyntaxError: Unexpected token }", source: file:///android_asset/www/js/app.js (177)
D/CordovaActivity(27667): onMessage(spinner,stop)
D/CordovaWebViewClient(27667): onPageFinished(file:///android_asset/www/index.html)
D/CordovaActivity(27667): onMessage(onPageFinished,file:///android_asset/www/index.html)
D/WifiStateMachine( 1016): handleMessage: E msg.what=151572
D/WifiStateMachine( 1016): processMsg: ConnectedState
D/WifiStateMachine( 1016): processMsg: L2ConnectedState
D/WifiStateMachine( 1016): handleMessage: X
D/WifiStateMachine( 1016): handleMessage: E msg.what=151572
D/WifiStateMachine( 1016): processMsg: ConnectedState
D/WifiStateMachine( 1016): processMsg: L2ConnectedState
D/WifiStateMachine( 1016): handleMessage: X
D/WifiStateMachine( 1016): handleMessage: E msg.what=131155
D/WifiStateMachine( 1016): processMsg: ConnectedState
D/WifiStateMachine( 1016): processMsg: L2ConnectedState
D/WifiStateMachine( 1016): handleMessage: X
D/WifiStateMachine( 1016): handleMessage: E msg.what=151572
D/WifiStateMachine( 1016): processMsg: ConnectedState
D/WifiStateMachine( 1016): processMsg: L2ConnectedState
D/WifiStateMachine( 1016): handleMessage: X
D/WifiStateMachine( 1016): handleMessage: E msg.what=151572
D/WifiStateMachine( 1016): processMsg: ConnectedState
D/WifiStateMachine( 1016): processMsg: L2ConnectedState
D/WifiStateMachine( 1016): handleMessage: X
V/AlarmManager( 1016): sending alarm Alarm{437b4ab0 type 3 com.devexpert.weather}
V/AlarmManager( 1016): sending alarm Alarm{437b4b40 type 2 com.google.android.gms}
I/ActivityManager( 1016): Start proc com.devexpert.weather for broadcast com.devexpert.weather/.view.WidgetWeather2x1: pid=27734 uid=10112 gids={50112, 3003, 1028, 1015}
V/AlarmManager( 1016): sending alarm Alarm{438298a8 type 2 com.google.android.talk}
V/AlarmManager( 1016): sending alarm Alarm{43829930 type 2 com.google.android.talk}
V/AlarmManager( 1016): sending alarm Alarm{438377e0 type 2 com.google.android.talk}
V/AlarmManager( 1016): sending alarm Alarm{43837830 type 2 com.whatsapp}
D/GCM     (31791): Message class com.google.f.a.a.i
D/ConnectivityService( 1016): handleInetConditionHoldEnd: net=1, condition=100, published condition=100
I/SBar.NetworkController( 1078): onReceive: ConnectivityManager.INET_CONDITION_ACTION Received
I/ModemStatsDSDetect( 1279): onReceive() -Intent { act=android.net.conn.INET_CONDITION_ACTION flg=0x4000010 (has extras) }
I/SBar.NetworkController( 1078): updateConnectivity: NetworkInfo: NetworkInfo: type: WIFI[], state: CONNECTED/CONNECTED, reason: (unspecified), extra: "Moulin Rouge", roaming: false, failover: false, isAvailable: true, isConnectedToProvisioningNetwork: false, inetCondition= 1
I/ModemStatsDSDetect( 1279): INET_CONDITION=100 ,activeNet=NetworkInfo: type: WIFI[], state: CONNECTED/CONNECTED, reason: (unspecified), extra: "Moulin Rouge", roaming: false, failover: false, isAvailable: true, isConnectedToProvisioningNetwork: false
I/ModemStatsDSDetect( 1279): onReceive() - done, currentInetCondition=100
D/WifiStateMachine( 1016): handleMessage: E msg.what=151572
D/WifiStateMachine( 1016): processMsg: ConnectedState
D/WifiStateMachine( 1016): processMsg: L2ConnectedState
D/WifiStateMachine( 1016): handleMessage: X
D/WifiStateMachine( 1016): handleMessage: E msg.what=131155
D/WifiStateMachine( 1016): processMsg: ConnectedState
D/WifiStateMachine( 1016): processMsg: L2ConnectedState
D/WifiStateMachine( 1016): handleMessage: X
D/WifiStateMachine( 1016): handleMessage: E msg.what=151572
D/WifiStateMachine( 1016): processMsg: ConnectedState
D/WifiStateMachine( 1016): processMsg: L2ConnectedState
D/WifiStateMachine( 1016): handleMessage: X
D/WifiStateMachine( 1016): handleMessage: E msg.what=151572
D/WifiStateMachine( 1016): processMsg: ConnectedState
D/WifiStateMachine( 1016): processMsg: L2ConnectedState
D/WifiStateMachine( 1016): handleMessage: X
D/dalvikvm( 1016): GC_FOR_ALLOC freed 2398K, 29% free 28479K/40112K, paused 127ms, total 129ms
I/ActivityManager( 1016): START u0 {act=android.intent.action.MAIN cat=[android.intent.category.HOME] flg=0x10200000 cmp=com.android.launcher/com.android.launcher2.Launcher} from pid 1016
D/CordovaActivity(27667): Paused the application!
D/CordovaWebView(27667): Handle the pause
W/ContextImpl( 1231): Calling a method in the system process without a qualified user: android.app.ContextImpl.sendBroadcast:1252 android.content.ContextWrapper.sendBroadcast:365 com.motorola.motocare.util.TriggerHelper$TriggerBuilder.send:76 com.motorola.motocare.internal.frameworkevents.PauseResumeTrigger.handleFrameworkEvent:53 com.motorola.motocare.internal.frameworkevents.FwEventMonitor$FrameworkListener.processFrameworkEvent:114 
W/ContextImpl( 1231): Calling a method in the system process without a qualified user: android.app.ContextImpl.sendBroadcast:1252 android.content.ContextWrapper.sendBroadcast:365 com.motorola.motocare.util.TriggerHelper$TriggerBuilder.send:76 com.motorola.motocare.internal.frameworkevents.PauseResumeTrigger.handleFrameworkEvent:53 com.motorola.motocare.internal.frameworkevents.FwEventMonitor$FrameworkListener.processFrameworkEvent:114 
I/Adreno-EGL(  813): <qeglDrvAPI_eglInitialize:410>: EGL 1.4 QUALCOMM build: AU_LINUX_ANDROID_LNX.LA.3.5.1_RB1.04.04.02.048.018_msm8226_LNX.LA.3.5.1_RB1__release_AU ()
I/Adreno-EGL(  813): OpenGL ES Shader Compiler Version: E031.24.00.08
I/Adreno-EGL(  813): Build Date: 03/07/14 Fri
I/Adreno-EGL(  813): Local Branch: 
I/Adreno-EGL(  813): Remote Branch: quic/LNX.LA.3.5.1_RB1.1
I/Adreno-EGL(  813): Local Patches: NONE
I/Adreno-EGL(  813): Reconstruct Branch: AU_LINUX_ANDROID_LNX.LA.3.5.1_RB1.04.04.02.048.018 + f2fd134 +  NOTHING
D/dalvikvm( 1078): GC_FOR_ALLOC freed 3340K, 34% free 14674K/22060K, paused 31ms, total 31ms
W/InputMethodManagerService( 1016): Starting input on non-focused client com.android.internal.view.IInputMethodClient$Stub$Proxy@437eca40 (uid=10106 pid=27667)
W/IInputConnectionWrapper(27667): showStatusIcon on inactive InputConnection
V/RenderScript(  813): 0x6575ebd0 Launching thread(s), CPUs 4
I/LaunchCheckinHandler( 1016): Displayed com.android.launcher/com.android.launcher2.Launcher,wp,wa,180
D/WifiStateMachine( 1016): handleMessage: E msg.what=151572
D/WifiStateMachine( 1016): processMsg: ConnectedState
D/WifiStateMachine( 1016): processMsg: L2ConnectedState
D/WifiStateMachine( 1016): handleMessage: X
D/WifiStateMachine( 1016): handleMessage: E msg.what=131155
D/WifiStateMachine( 1016): processMsg: ConnectedState
D/WifiStateMachine( 1016): processMsg: L2ConnectedState
D/WifiStateMachine( 1016): handleMessage: X
W/ManagedEGLContext(27667): doTerminate failed: EGL count is 2 but managed count is 1
I/SFPerfTracer(  278):      triggers: (rate: 532:17349) (compose: 0:61) (post: 0:3) (render: 47:4417) (0:256798 frames) (1:762469)
D/SFPerfTracer(  278):        layers: (4:12) (DimLayer: 0:145)* (DimLayer: 0:167)* (FocusedStackFrame: 0:5948)* (StatusBar: 0:57609) (NavigationBar: 0:38504) (DimLayer: 0:11243)* (DimLayer: 0:1280)* (com.android.wallpaper.fall.FallWallpaper: 1:19465) (com.android.launcher/com.android.launcher2.Launcher: 0:69)* (Starting com.giftme.fb_auth: 0:32)* (com.giftme.fb_auth/com.giftme.fb_auth.FB_Auth: 0:51)* (com.android.launcher/com.android.launcher2.Launcher: 1:15) 
D/Ulp_jni ( 1016): Location CB invoked
D/WifiStateMachine( 1016): handleMessage: E msg.what=151572
D/WifiStateMachine( 1016): processMsg: ConnectedState
D/WifiStateMachine( 1016): processMsg: L2ConnectedState
D/WifiStateMachine( 1016): handleMessage: X
I/ActivityManager( 1016): START u0 {act=com.android.systemui.recent.action.TOGGLE_RECENTS flg=0x10800000 cmp=com.android.systemui/.recent.RecentsActivity} from pid 1078
W/ContextImpl( 1231): Calling a method in the system process without a qualified user: android.app.ContextImpl.sendBroadcast:1252 android.content.ContextWrapper.sendBroadcast:365 com.motorola.motocare.util.TriggerHelper$TriggerBuilder.send:76 com.motorola.motocare.internal.frameworkevents.PauseResumeTrigger.handleFrameworkEvent:53 com.motorola.motocare.internal.frameworkevents.FwEventMonitor$FrameworkListener.processFrameworkEvent:114 
W/ContextImpl( 1231): Calling a method in the system process without a qualified user: android.app.ContextImpl.sendBroadcast:1252 android.content.ContextWrapper.sendBroadcast:365 com.motorola.motocare.util.TriggerHelper$TriggerBuilder.send:76 com.motorola.motocare.internal.frameworkevents.PauseResumeTrigger.handleFrameworkEvent:53 com.motorola.motocare.internal.frameworkevents.FwEventMonitor$FrameworkListener.processFrameworkEvent:114 
D/dalvikvm( 1078): GC_FOR_ALLOC freed 1665K, 34% free 14709K/22060K, paused 20ms, total 20ms
I/LaunchCheckinHandler( 1016): Displayed com.android.systemui/.recent.RecentsActivity,wp,wa,153
E/rsC++   (  813): RS Message thread exiting.
D/WifiStateMachine( 1016): handleMessage: E msg.what=151572
D/WifiStateMachine( 1016): processMsg: ConnectedState
D/WifiStateMachine( 1016): processMsg: L2ConnectedState
D/WifiStateMachine( 1016): handleMessage: X
I/SFPerfTracer(  278):      triggers: (rate: 177:104696) (230857 sw vsyncs) (217518 skipped) (125:846608 vsyncs) (127:1183733)
D/WifiStateMachine( 1016): handleMessage: E msg.what=151572
D/WifiStateMachine( 1016): processMsg: ConnectedState
D/WifiStateMachine( 1016): processMsg: L2ConnectedState
D/WifiStateMachine( 1016): handleMessage: X
D/WifiStateMachine( 1016): handleMessage: E msg.what=131155
D/WifiStateMachine( 1016): processMsg: ConnectedState
D/WifiStateMachine( 1016): processMsg: L2ConnectedState
D/WifiStateMachine( 1016): handleMessage: X
I/ActivityManager( 1016): Killing 27667:com.giftme.fb_auth/u0a106 (adj 9): remove task
D/CordovaActivity(27667): CordovaActivity.onDestroy()
D/CordovaWebView(27667): >>> loadUrlNow()
W/ContextImpl( 1231): Calling a method in the system process without a qualified user: android.app.ContextImpl.sendBroadcast:1252 android.content.ContextWrapper.sendBroadcast:365 com.motorola.motocare.util.TriggerHelper$TriggerBuilder.send:76 com.motorola.motocare.internal.frameworkevents.ProcessKillTrigger.sendTrigger:147 com.motorola.motocare.internal.frameworkevents.ProcessKillTrigger.handleFrameworkEvent:164 
I/WindowState( 1016): WIN DEATH: Window{43548f80 u0 com.giftme.fb_auth/com.giftme.fb_auth.FB_Auth}
I/SFPerfTracer(  278):      triggers: (rate: 532:17349) (compose: 0:61) (post: 0:3) (render: 47:4417) (0:256815 frames) (1:762569)
D/SFPerfTracer(  278):        layers: (3:10) (DimLayer: 0:145)* (DimLayer: 0:167)* (FocusedStackFrame: 0:5948)* (StatusBar: 0:57610) (NavigationBar: 0:38531) (DimLayer: 0:11243)* (DimLayer: 0:1280)* (com.android.wallpaper.fall.FallWallpaper: 0:19494)* (com.android.launcher/com.android.launcher2.Launcher: 0:69)* (com.android.systemui/com.android.systemui.recent.RecentsActivity: 1:26) 
D/WifiStateMachine( 1016): handleMessage: E msg.what=151572
D/WifiStateMachine( 1016): processMsg: ConnectedState
D/WifiStateMachine( 1016): processMsg: L2ConnectedState
D/WifiStateMachine( 1016): handleMessage: X
D/WifiStateMachine( 1016): handleMessage: E msg.what=151572
D/WifiStateMachine( 1016): processMsg: ConnectedState
D/WifiStateMachine( 1016): processMsg: L2ConnectedState
D/WifiStateMachine( 1016): handleMessage: X
D/WifiStateMachine( 1016): handleMessage: E msg.what=151572
D/WifiStateMachine( 1016): processMsg: ConnectedState
D/WifiStateMachine( 1016): processMsg: L2ConnectedState
D/WifiStateMachine( 1016): handleMessage: X
D/WifiStateMachine( 1016): handleMessage: E msg.what=131155
D/WifiStateMachine( 1016): processMsg: ConnectedState
D/WifiStateMachine( 1016): processMsg: L2ConnectedState
D/WifiStateMachine( 1016): handleMessage: X
I/ActivityManager( 1016): START u0 {act=android.intent.action.MAIN cat=[android.intent.category.HOME] flg=0x10200000 cmp=com.android.launcher/com.android.launcher2.Launcher} from pid 1016
W/ContextImpl( 1231): Calling a method in the system process without a qualified user: android.app.ContextImpl.sendBroadcast:1252 android.content.ContextWrapper.sendBroadcast:365 com.motorola.motocare.util.TriggerHelper$TriggerBuilder.send:76 com.motorola.motocare.internal.frameworkevents.PauseResumeTrigger.handleFrameworkEvent:53 com.motorola.motocare.internal.frameworkevents.FwEventMonitor$FrameworkListener.processFrameworkEvent:114 
W/ContextImpl( 1231): Calling a method in the system process without a qualified user: android.app.ContextImpl.sendBroadcast:1252 android.content.ContextWrapper.sendBroadcast:365 com.motorola.motocare.util.TriggerHelper$TriggerBuilder.send:76 com.motorola.motocare.internal.frameworkevents.PauseResumeTrigger.handleFrameworkEvent:53 com.motorola.motocare.internal.frameworkevents.FwEventMonitor$FrameworkListener.processFrameworkEvent:114 
I/Adreno-EGL(  813): <qeglDrvAPI_eglInitialize:410>: EGL 1.4 QUALCOMM build: AU_LINUX_ANDROID_LNX.LA.3.5.1_RB1.04.04.02.048.018_msm8226_LNX.LA.3.5.1_RB1__release_AU ()
I/Adreno-EGL(  813): OpenGL ES Shader Compiler Version: E031.24.00.08
I/Adreno-EGL(  813): Build Date: 03/07/14 Fri
I/Adreno-EGL(  813): Local Branch: 
I/Adreno-EGL(  813): Remote Branch: quic/LNX.LA.3.5.1_RB1.1
I/Adreno-EGL(  813): Local Patches: NONE
I/Adreno-EGL(  813): Reconstruct Branch: AU_LINUX_ANDROID_LNX.LA.3.5.1_RB1.04.04.02.048.018 + f2fd134 +  NOTHING
V/RenderScript(  813): 0x6575ebd0 Launching thread(s), CPUs 4
I/LaunchCheckinHandler( 1016): Displayed com.android.launcher/com.android.launcher2.Launcher,wp,wa,235
D/WifiStateMachine( 1016): handleMessage: E msg.what=151572
D/WifiStateMachine( 1016): processMsg: ConnectedState
D/WifiStateMachine( 1016): processMsg: L2ConnectedState
D/WifiStateMachine( 1016): handleMessage: X
D/dalvikvm(  813): GC_CONCURRENT freed 1634K, 25% free 16090K/21184K, paused 3ms+3ms, total 42ms
D/dalvikvm(  813): WAIT_FOR_CONCURRENT_GC blocked 26ms
I/ActivityManager( 1016): START u0 {act=android.intent.action.MAIN cat=[android.intent.category.LAUNCHER] flg=0x10200000 cmp=com.giftme.fb_auth/.FB_Auth bnds=[360,385][520,585]} from pid 813
W/ContextImpl( 1231): Calling a method in the system process without a qualified user: android.app.ContextImpl.sendBroadcast:1252 android.content.ContextWrapper.sendBroadcast:365 com.motorola.motocare.util.TriggerHelper$TriggerBuilder.send:76 com.motorola.motocare.internal.frameworkevents.PauseResumeTrigger.handleFrameworkEvent:53 com.motorola.motocare.internal.frameworkevents.FwEventMonitor$FrameworkListener.processFrameworkEvent:114 
I/ActivityManager( 1016): Start proc com.giftme.fb_auth for activity com.giftme.fb_auth/.FB_Auth: pid=27872 uid=10106 gids={50106, 3003, 1028, 1015}
I/dalvikvm(27872): Enabling JNI app bug workarounds for target SDK version 7...
W/ContextImpl( 1231): Calling a method in the system process without a qualified user: android.app.ContextImpl.sendBroadcast:1252 android.content.ContextWrapper.sendBroadcast:365 com.motorola.motocare.util.TriggerHelper$TriggerBuilder.send:76 com.motorola.motocare.internal.frameworkevents.PauseResumeTrigger.handleFrameworkEvent:53 com.motorola.motocare.internal.frameworkevents.FwEventMonitor$FrameworkListener.processFrameworkEvent:114 
V/PhoneStatusBar( 1078): setLightsOn(true)
I/CordovaLog(27872): Changing log level to DEBUG(3)
D/CordovaActivity(27872): CordovaActivity.init()
I/dalvikvm(27872): Could not find method android.webkit.CookieManager.setAcceptThirdPartyCookies, referenced from method org.apache.cordova.CordovaWebView.initWebViewSettings
W/dalvikvm(27872): VFY: unable to resolve virtual method 6163: Landroid/webkit/CookieManager;.setAcceptThirdPartyCookies (Landroid/webkit/WebView;Z)V
D/dalvikvm(27872): VFY: replacing opcode 0x6e at 0x002a
V/WebViewChromiumFactoryProvider(27872): Binding Chromium to main looper Looper (main, tid 1) {4278ce50}
I/LibraryLoader(27872): Expected native library version number "",actual native library version number ""
I/chromium(27872): [INFO:library_loader_hooks.cc(116)] Chromium logging enabled: level = 0, default verbosity = 0
I/BrowserStartupController(27872): Initializing chromium process, renderers=0
E/AudioManagerAndroid(27872): BLUETOOTH permission is missing!
I/Adreno-EGL(27872): <qeglDrvAPI_eglInitialize:410>: EGL 1.4 QUALCOMM build: AU_LINUX_ANDROID_LNX.LA.3.5.1_RB1.04.04.02.048.018_msm8226_LNX.LA.3.5.1_RB1__release_AU ()
I/Adreno-EGL(27872): OpenGL ES Shader Compiler Version: E031.24.00.08
I/Adreno-EGL(27872): Build Date: 03/07/14 Fri
I/Adreno-EGL(27872): Local Branch: 
I/Adreno-EGL(27872): Remote Branch: quic/LNX.LA.3.5.1_RB1.1
I/Adreno-EGL(27872): Local Patches: NONE
I/Adreno-EGL(27872): Reconstruct Branch: AU_LINUX_ANDROID_LNX.LA.3.5.1_RB1.04.04.02.048.018 + f2fd134 +  NOTHING
W/chromium(27872): [WARNING:proxy_service.cc(890)] PAC support disabled because there is no system implementation
D/CordovaActivity(27872): CordovaActivity.createViews()
W/dalvikvm(27872): VFY: unable to find class referenced in signature (Landroid/webkit/ClientCertRequest;)
W/dalvikvm(27872): VFY: unable to find class referenced in signature (Landroid/webkit/ClientCertRequest;)
I/dalvikvm(27872): Could not find method android.webkit.WebViewClient.onReceivedClientCertRequest, referenced from method org.apache.cordova.CordovaWebViewClient.onReceivedClientCertRequest
W/dalvikvm(27872): VFY: unable to resolve virtual method 6235: Landroid/webkit/WebViewClient;.onReceivedClientCertRequest (Landroid/webkit/WebView;Landroid/webkit/ClientCertRequest;)V
D/dalvikvm(27872): VFY: replacing opcode 0x6f at 0x001c
I/dalvikvm(27872): Could not find method android.webkit.WebChromeClient$FileChooserParams.createIntent, referenced from method org.apache.cordova.CordovaChromeClient.onShowFileChooser
W/dalvikvm(27872): VFY: unable to resolve virtual method 6182: Landroid/webkit/WebChromeClient$FileChooserParams;.createIntent ()Landroid/content/Intent;
D/dalvikvm(27872): VFY: replacing opcode 0x6e at 0x0000
D/PluginManager(27872): init()
D/CordovaWebView(27872): CordovaWebView is running on device made by: motorola
D/CordovaWebView(27872): >>> loadUrl(file:///android_asset/www/index.html)
D/CordovaWebView(27872): >>> loadUrlNow()
D/CordovaActivity(27872): Resuming the App
D/AudioManagerAndroid(27872): ==> onReceive: s=0, m=1, n=h2w, sb=true
D/AudioManagerAndroid(27872): reportUpdate: state=0, devices=[Speakerphone, Headset earpiece]
D/SoftKeyboardDetect(27872): Ignore this event
D/OpenGLRenderer(27872): Enabling debug mode 0
I/LaunchCheckinHandler( 1016): Displayed com.giftme.fb_auth/.FB_Auth,cp,ca,373
I/ActivityManager( 1016): Displayed com.giftme.fb_auth/.FB_Auth: +373ms
D/SoftKeyboardDetect(27872): Ignore this event
E/rsC++   (  813): RS Message thread exiting.
D/CordovaWebViewClient(27872): onPageStarted(file:///android_asset/www/index.html)
D/CordovaActivity(27872): onMessage(onPageStarted,file:///android_asset/www/index.html)
I/chromium(27872): [INFO:simple_index_file.cc(437)] Simple Cache Index is being restored from disk.
I/SFPerfTracer(  278):      triggers: (rate: 532:17349) (compose: 0:61) (post: 0:3) (render: 47:4417) (8:256860 frames) (9:762674)
D/SFPerfTracer(  278):        layers: (4:12) (DimLayer: 0:145)* (DimLayer: 0:167)* (FocusedStackFrame: 0:5951)* (StatusBar: 0:57631) (NavigationBar: 9:38588) (DimLayer: 0:11243)* (DimLayer: 0:1280)* (com.android.wallpaper.fall.FallWallpaper: 0:19516)* (com.android.systemui/com.android.systemui.recent.RecentsActivity: 0:56)* (com.android.launcher/com.android.launcher2.Launcher: 0:51)* (Starting com.giftme.fb_auth: 9:30) (com.giftme.fb_auth/com.giftme.fb_auth.FB_Auth: 0:5) 
D/JsMessageQueue(27872): Set native->JS mode to OnlineEventsBridgeMode
D/WifiStateMachine( 1016): handleMessage: E msg.what=151572
D/WifiStateMachine( 1016): processMsg: ConnectedState
D/WifiStateMachine( 1016): processMsg: L2ConnectedState
D/WifiStateMachine( 1016): handleMessage: X
I/SFPerfTracer(  278):      triggers: (rate: 177:104700) (230857 sw vsyncs) (217576 skipped) (99:846767 vsyncs) (101:1183902)
D/CordovaLog(27872): file:///android_asset/www/js/app.js: Line 177 : Uncaught SyntaxError: Unexpected token }
I/chromium(27872): [INFO:CONSOLE(177)] "Uncaught SyntaxError: Unexpected token }", source: file:///android_asset/www/js/app.js (177)
D/CordovaActivity(27872): onMessage(spinner,stop)
D/CordovaWebViewClient(27872): onPageFinished(file:///android_asset/www/index.html)
D/CordovaActivity(27872): onMessage(onPageFinished,file:///android_asset/www/index.html)
D/WifiStateMachine( 1016): handleMessage: E msg.what=151572
D/WifiStateMachine( 1016): processMsg: ConnectedState
D/WifiStateMachine( 1016): processMsg: L2ConnectedState
D/WifiStateMachine( 1016): handleMessage: X
D/WifiStateMachine( 1016): handleMessage: E msg.what=131155
D/WifiStateMachine( 1016): processMsg: ConnectedState
D/WifiStateMachine( 1016): processMsg: L2ConnectedState
D/WifiStateMachine( 1016): handleMessage: X
D/WifiStateMachine( 1016): handleMessage: E msg.what=151572
D/WifiStateMachine( 1016): processMsg: ConnectedState
D/WifiStateMachine( 1016): processMsg: L2ConnectedState
D/WifiStateMachine( 1016): handleMessage: X
D/CordovaWebView(27872): The current URL is: file:///android_asset/www/index.html
D/CordovaWebView(27872): The URL at item 0 is: file:///android_asset/www/index.html
D/CordovaActivity(27872): Paused the application!
D/CordovaWebView(27872): Handle the pause
W/ContextImpl( 1231): Calling a method in the system process without a qualified user: android.app.ContextImpl.sendBroadcast:1252 android.content.ContextWrapper.sendBroadcast:365 com.motorola.motocare.util.TriggerHelper$TriggerBuilder.send:76 com.motorola.motocare.internal.frameworkevents.PauseResumeTrigger.handleFrameworkEvent:53 com.motorola.motocare.internal.frameworkevents.FwEventMonitor$FrameworkListener.processFrameworkEvent:114 
W/ContextImpl( 1231): Calling a method in the system process without a qualified user: android.app.ContextImpl.sendBroadcast:1252 android.content.ContextWrapper.sendBroadcast:365 com.motorola.motocare.util.TriggerHelper$TriggerBuilder.send:76 com.motorola.motocare.internal.frameworkevents.PauseResumeTrigger.handleFrameworkEvent:53 com.motorola.motocare.internal.frameworkevents.FwEventMonitor$FrameworkListener.processFrameworkEvent:114 
I/Adreno-EGL(  813): <qeglDrvAPI_eglInitialize:410>: EGL 1.4 QUALCOMM build: AU_LINUX_ANDROID_LNX.LA.3.5.1_RB1.04.04.02.048.018_msm8226_LNX.LA.3.5.1_RB1__release_AU ()
I/Adreno-EGL(  813): OpenGL ES Shader Compiler Version: E031.24.00.08
I/Adreno-EGL(  813): Build Date: 03/07/14 Fri
I/Adreno-EGL(  813): Local Branch: 
I/Adreno-EGL(  813): Remote Branch: quic/LNX.LA.3.5.1_RB1.1
I/Adreno-EGL(  813): Local Patches: NONE
I/Adreno-EGL(  813): Reconstruct Branch: AU_LINUX_ANDROID_LNX.LA.3.5.1_RB1.04.04.02.048.018 + f2fd134 +  NOTHING
W/IInputConnectionWrapper(27872): showStatusIcon on inactive InputConnection
V/RenderScript(  813): 0x6575ebd0 Launching thread(s), CPUs 4
D/Ulp_jni ( 1016): Location CB invoked
W/ManagedEGLContext(27872): doTerminate failed: EGL count is 2 but managed count is 1
D/CordovaActivity(27872): CordovaActivity.onDestroy()
D/CordovaWebView(27872): >>> loadUrlNow()
D/CordovaWebViewClient(27872): onPageFinished(about:blank)
D/CordovaActivity(27872): onMessage(onPageFinished,about:blank)
D/CordovaActivity(27872): onMessage(exit,null)
D/WifiStateMachine( 1016): handleMessage: E msg.what=151572
D/WifiStateMachine( 1016): processMsg: ConnectedState
D/WifiStateMachine( 1016): processMsg: L2ConnectedState
D/WifiStateMachine( 1016): handleMessage: X
I/ActivityManager( 1016): START u0 {act=android.intent.action.MAIN cat=[android.intent.category.LAUNCHER] flg=0x10200000 cmp=com.giftme.fb_auth/.FB_Auth bnds=[360,385][520,585]} from pid 813
W/ContextImpl( 1231): Calling a method in the system process without a qualified user: android.app.ContextImpl.sendBroadcast:1252 android.content.ContextWrapper.sendBroadcast:365 com.motorola.motocare.util.TriggerHelper$TriggerBuilder.send:76 com.motorola.motocare.internal.frameworkevents.PauseResumeTrigger.handleFrameworkEvent:53 com.motorola.motocare.internal.frameworkevents.FwEventMonitor$FrameworkListener.processFrameworkEvent:114 
W/ContextImpl( 1231): Calling a method in the system process without a qualified user: android.app.ContextImpl.sendBroadcast:1252 android.content.ContextWrapper.sendBroadcast:365 com.motorola.motocare.util.TriggerHelper$TriggerBuilder.send:76 com.motorola.motocare.internal.frameworkevents.PauseResumeTrigger.handleFrameworkEvent:53 com.motorola.motocare.internal.frameworkevents.FwEventMonitor$FrameworkListener.processFrameworkEvent:114 
I/CordovaActivity(27872): Apache Cordova native platform version 3.7.1 is starting
D/CordovaActivity(27872): CordovaActivity.onCreate()
I/CordovaLog(27872): Changing log level to DEBUG(3)
D/CordovaActivity(27872): CordovaActivity.init()
D/CordovaActivity(27872): CordovaActivity.createViews()
D/PluginManager(27872): init()
D/CordovaWebView(27872): CordovaWebView is running on device made by: motorola
D/CordovaWebView(27872): >>> loadUrl(file:///android_asset/www/index.html)
D/CordovaWebView(27872): >>> loadUrlNow()
D/CordovaActivity(27872): Resuming the App
V/PhoneStatusBar( 1078): setLightsOn(true)
D/SoftKeyboardDetect(27872): Ignore this event
D/SoftKeyboardDetect(27872): Ignore this event
I/LaunchCheckinHandler( 1016): Displayed com.giftme.fb_auth/.FB_Auth,wp,ca,146
I/ActivityManager( 1016): Displayed com.giftme.fb_auth/.FB_Auth: +146ms
D/CordovaWebViewClient(27872): onPageStarted(file:///android_asset/www/index.html)
D/CordovaActivity(27872): onMessage(onPageStarted,file:///android_asset/www/index.html)
D/WifiStateMachine( 1016): handleMessage: E msg.what=151572
D/WifiStateMachine( 1016): processMsg: ConnectedState
D/WifiStateMachine( 1016): processMsg: L2ConnectedState
D/WifiStateMachine( 1016): handleMessage: X
D/JsMessageQueue(27872): Set native->JS mode to OnlineEventsBridgeMode
D/WifiStateMachine( 1016): handleMessage: E msg.what=131155
D/WifiStateMachine( 1016): processMsg: ConnectedState
D/WifiStateMachine( 1016): processMsg: L2ConnectedState
D/WifiStateMachine( 1016): handleMessage: X
