W/ContextImpl(24045): Calling a method in the system process without a qualified user: android.app.ContextImpl.startService:1608 android.content.ContextWrapper.startService:494 android.content.ContextWrapper.startService:494 com.android.keychain.KeyChainBroadcastReceiver.onReceive:12 android.app.ActivityThread.handleReceiver:2434 
E/NetworkScheduler.SchedulerReceiver(30376): Invalid parameter app
E/NetworkScheduler.SchedulerReceiver(30376): Invalid package name : Perhaps you didn't include a PendingIntent in the extras?
D/PackageBroadcastService(30409): Received broadcast action=android.intent.action.PACKAGE_REMOVED and uri=com.giftme.fb_auth
I/ActivityManager( 1016): Start proc com.facebook.katana:dash for broadcast com.facebook.katana/com.facebook.dash.receivers.DashPackageUninstallReceiver: pid=24061 uid=10110 gids={50110, 1028, 1015, 3003}
I/ConfigService(30376): onCreate
I/ConfigService(30376): onBind for Intent { act=com.google.android.gms.config.UPDATE pkg=com.google.android.gms } action com.google.android.gms.config.UPDATE
I/ConfigService(30376): onBind returning update interface
I/ConfigService(30376): onBind for Intent { act=com.google.android.gms.config.START pkg=com.google.android.gms } action com.google.android.gms.config.START
I/ConfigService(30376): onBind returning service broker
I/ConfigFetchService(30409): onStartCommand Intent { act=android.intent.action.PACKAGE_REMOVED dat=package:com.giftme.fb_auth cmp=com.google.android.gms/.config.ConfigFetchService (has extras) }
I/ConfigFetchService(30409): service connected
W/dalvikvm(24061): VFY: unable to resolve static field 27745 (a) in Lcom/facebook/katana/app/WorkAppTypes;
D/dalvikvm(24061): VFY: replacing opcode 0x62 at 0x0013
W/dalvikvm(24061): VFY: unable to resolve static field 27746 (b) in Lcom/facebook/katana/app/WorkAppTypes;
D/dalvikvm(24061): VFY: replacing opcode 0x62 at 0x001d
E/dalvikvm(24061): Could not find class 'com.facebook.katana.app.WallpaperFacebookApplicationImpl', referenced from method com.facebook.katana.app.FacebookApplication.a
W/dalvikvm(24061): VFY: unable to resolve new-instance 427 (Lcom/facebook/katana/app/WallpaperFacebookApplicationImpl;) in Lcom/facebook/katana/app/FacebookApplication;
D/dalvikvm(24061): VFY: replacing opcode 0x22 at 0x00a9
D/dalvikvm(24061): DexOpt: unable to opt direct call 0x05a5 at 0xab in Lcom/facebook/katana/app/FacebookApplication;.a
D/CatchMeIfYouCan(24061): Process (dash) ca: '/data/data/com.facebook.katana/app_cmiyc/0C66B38F48468E96F8008B6D5A2AE33B4A60265E01'
D/CatchMeIfYouCan(24061): Process (dash) fc: '/data/data/com.facebook.katana/app_cmiyc/0C66B38F48468E96F8008B6D5A2AE33B4A60265E02'
D/CatchMeIfYouCan(24061): Process (dash) cp: '('dash', 6, 60000, silent [true], restart [true], logout [true])'
D/WifiStateMachine( 1016): handleMessage: E msg.what=151572
D/WifiStateMachine( 1016): processMsg: ConnectedState
D/WifiStateMachine( 1016): processMsg: L2ConnectedState
D/ACRA    (24061): ACRA is enabled for com.facebook.katana, intializing...
D/ACRA    (24061): Looking for error files in /data/data/com.facebook.katana/app_acra-reports
D/ACRA    (24061): Looking for error files in /data/data/com.facebook.katana/app_minidumps
D/dalvikvm(24061): Trying to load lib /data/app-lib/com.facebook.katana-1/libgnustl_shared.so 0x42792ae8
D/dalvikvm(24061): Added shared lib /data/app-lib/com.facebook.katana-1/libgnustl_shared.so 0x42792ae8
D/dalvikvm(24061): No JNI_OnLoad found in /data/app-lib/com.facebook.katana-1/libgnustl_shared.so 0x42792ae8, skipping init
D/dalvikvm(24061): Trying to load lib /data/app-lib/com.facebook.katana-1/libfb_breakpad_client.so 0x42792ae8
D/dalvikvm(24061): Added shared lib /data/app-lib/com.facebook.katana-1/libfb_breakpad_client.so 0x42792ae8
D/dalvikvm(24061): No JNI_OnLoad found in /system/lib/libstdc++.so 0x42792ae8, skipping init
D/dalvikvm(24061): Trying to load lib /data/app-lib/com.facebook.katana-1/libsigmux.so 0x42792ae8
D/dalvikvm(24061): Added shared lib /data/app-lib/com.facebook.katana-1/libsigmux.so 0x42792ae8
D/dalvikvm(24061): No JNI_OnLoad found in /data/app-lib/com.facebook.katana-1/libsigmux.so 0x42792ae8, skipping init
D/dalvikvm(24061): Trying to load lib /data/app-lib/com.facebook.katana-1/libdistract.so 0x42792ae8
D/dalvikvm(24061): Added shared lib /data/app-lib/com.facebook.katana-1/libdistract.so 0x42792ae8
D/dalvikvm(24061): No JNI_OnLoad found in /data/app-lib/com.facebook.katana-1/libdistract.so 0x42792ae8, skipping init
D/dalvikvm(24061): Trying to load lib /data/app-lib/com.facebook.katana-1/libfb_dalvik-internals.so 0x42792ae8
D/dalvikvm(24061): Added shared lib /data/app-lib/com.facebook.katana-1/libfb_dalvik-internals.so 0x42792ae8
V/DexLibLoader(24061): about to lock: /data/data/com.facebook.katana/mdex_lock
V/DexLibLoader(24061): locking /data/data/com.facebook.katana/mdex_lock took 1 ms
V/DexLibLoader(24061): Secondary program dex metadata: secondary-1.dex.jar.xz c0d34653f435a7e59cc5f46e9bd47feaf68b0041 secondary.dex01.Canary
V/DexLibLoader(24061): Secondary program dex metadata: secondary-2.dex.jar.xz 3651d03ae513595a1029ff9eae54d36128fdeb5e secondary.dex02.Canary
V/DexLibLoader(24061): Secondary program dex metadata: secondary-3.dex.jar.xz 020c6d0135a14f0280ede88da3e858d29f1b9ed5 secondary.dex03.Canary
V/DexLibLoader(24061): Secondary program dex metadata: secondary-4.dex.jar.xz 3cf3244a0d1c3e39128f7b89ad90b4842a36a05f secondary.dex04.Canary
V/DexLibLoader(24061): Secondary program dex metadata: secondary-5.dex.jar.xz 666d745bfcb3c0496ae90e343db057d6082ce0c3 secondary.dex05.Canary
V/DexLibLoader(24061): Secondary program dex metadata: secondary-6.dex.jar.xz 0089f1fba5ba3a3fb61d98c516e2bbc2e6adfa05 secondary.dex06.Canary
V/DexLibLoader(24061): Secondary program dex metadata: secondary-7.dex.jar.xz 7cecb34308ef8d54acae00b06e3ade52d8da6d49 secondary.dex07.Canary
V/DexLibLoader(24061): directory "/data/data/com.facebook.katana/app_secondary_program_dex" contains "program-c0d34653f435a7e59cc5f46e9bd47feaf68b00416661a1c7.dex.jar" as expected
V/DexLibLoader(24061): directory "/data/data/com.facebook.katana/app_secondary_program_dex" contains "program-3651d03ae513595a1029ff9eae54d36128fdeb5e6661a1c7.dex.jar" as expected
V/DexLibLoader(24061): directory "/data/data/com.facebook.katana/app_secondary_program_dex" contains "program-020c6d0135a14f0280ede88da3e858d29f1b9ed56661a1c7.dex.jar" as expected
V/DexLibLoader(24061): directory "/data/data/com.facebook.katana/app_secondary_program_dex" contains "program-3cf3244a0d1c3e39128f7b89ad90b4842a36a05f6661a1c7.dex.jar" as expected
V/DexLibLoader(24061): directory "/data/data/com.facebook.katana/app_secondary_program_dex" contains "program-666d745bfcb3c0496ae90e343db057d6082ce0c36661a1c7.dex.jar" as expected
V/DexLibLoader(24061): directory "/data/data/com.facebook.katana/app_secondary_program_dex" contains "program-0089f1fba5ba3a3fb61d98c516e2bbc2e6adfa056661a1c7.dex.jar" as expected
V/DexLibLoader(24061): directory "/data/data/com.facebook.katana/app_secondary_program_dex" contains "program-7cecb34308ef8d54acae00b06e3ade52d8da6d496661a1c7.dex.jar" as expected
D/WifiStateMachine( 1016): handleMessage: X
D/DexLibLoader(24061): ignoring file "program-c0d34653f435a7e59cc5f46e9bd47feaf68b00416661a1c7.dex.odex" in "/data/data/com.facebook.katana/app_secondary_program_dex"
D/DexLibLoader(24061): ignoring file "program-3651d03ae513595a1029ff9eae54d36128fdeb5e6661a1c7.dex.odex" in "/data/data/com.facebook.katana/app_secondary_program_dex"
D/DexLibLoader(24061): ignoring file "program-020c6d0135a14f0280ede88da3e858d29f1b9ed56661a1c7.dex.odex" in "/data/data/com.facebook.katana/app_secondary_program_dex"
D/DexLibLoader(24061): ignoring file "program-3cf3244a0d1c3e39128f7b89ad90b4842a36a05f6661a1c7.dex.odex" in "/data/data/com.facebook.katana/app_secondary_program_dex"
D/DexLibLoader(24061): ignoring file "program-666d745bfcb3c0496ae90e343db057d6082ce0c36661a1c7.dex.odex" in "/data/data/com.facebook.katana/app_secondary_program_dex"
D/DexLibLoader(24061): ignoring file "program-0089f1fba5ba3a3fb61d98c516e2bbc2e6adfa056661a1c7.dex.odex" in "/data/data/com.facebook.katana/app_secondary_program_dex"
D/DexLibLoader(24061): ignoring file "program-7cecb34308ef8d54acae00b06e3ade52d8da6d496661a1c7.dex.odex" in "/data/data/com.facebook.katana/app_secondary_program_dex"
D/DexLibLoader(24061): directory "/data/data/com.facebook.katana/app_secondary_program_dex" is valid
D/DexLibLoader(24061): ignoring file "primary_deps" in "/data/data/com.facebook.katana/app_secondary_program_dex_opt"
V/DexLibLoader(24061): directory "/data/data/com.facebook.katana/app_secondary_program_dex_opt" contains "program-c0d34653f435a7e59cc5f46e9bd47feaf68b00416661a1c7.dex.dex" as expected
V/DexLibLoader(24061): directory "/data/data/com.facebook.katana/app_secondary_program_dex_opt" contains "program-3651d03ae513595a1029ff9eae54d36128fdeb5e6661a1c7.dex.dex" as expected
V/DexLibLoader(24061): directory "/data/data/com.facebook.katana/app_secondary_program_dex_opt" contains "program-020c6d0135a14f0280ede88da3e858d29f1b9ed56661a1c7.dex.dex" as expected
V/DexLibLoader(24061): directory "/data/data/com.facebook.katana/app_secondary_program_dex_opt" contains "program-3cf3244a0d1c3e39128f7b89ad90b4842a36a05f6661a1c7.dex.dex" as expected
V/DexLibLoader(24061): directory "/data/data/com.facebook.katana/app_secondary_program_dex_opt" contains "program-666d745bfcb3c0496ae90e343db057d6082ce0c36661a1c7.dex.dex" as expected
V/DexLibLoader(24061): directory "/data/data/com.facebook.katana/app_secondary_program_dex_opt" contains "program-0089f1fba5ba3a3fb61d98c516e2bbc2e6adfa056661a1c7.dex.dex" as expected
V/DexLibLoader(24061): directory "/data/data/com.facebook.katana/app_secondary_program_dex_opt" contains "program-7cecb34308ef8d54acae00b06e3ade52d8da6d496661a1c7.dex.dex" as expected
D/DexLibLoader(24061): directory "/data/data/com.facebook.katana/app_secondary_program_dex_opt" is valid
D/DexLibLoader(24061): loading pre-built cross-dex opt odex files
V/dalvik-internals(24061): hooked dvmResolveClass using jump ()
V/dalvik-internals(24061): hooked dvmFlushBreakpoints using jump ()
V/MultiDexClassLoader(24061): installing MultiDexClassLoader before application classloader
I/dalvikvm(24061): Could not find method dalvik.system.DexFile.loadClassBinaryName, referenced from method com.facebook.common.dextricks.DexFileLoadOld.a
W/dalvikvm(24061): VFY: unable to resolve virtual method 2807: Ldalvik/system/DexFile;.loadClassBinaryName (Ljava/lang/String;Ljava/lang/ClassLoader;)Ljava/lang/Class;
D/dalvikvm(24061): VFY: replacing opcode 0x6e at 0x0000
D/DexLibLoader(24061): released odex store lock
D/DexLibLoader(24061): DexLibLoader.loadAll took 25 ms
D/MemoryReductionHack(24061): Marked as initialized entry corresponding to path /data/app/com.facebook.katana-1.apk
V/dalvik-internals(24061): hooked dvmLinearAlloc using jump ()
V/dalvik-internals(24061): hooked dvmLinearRealloc using jump ()
V/dalvik-internals(24061): hooked dvmLinearFree using jump ()
V/dalvik-internals(24061): hooked dvmLinearStrdup using jump ()
V/dalvik-internals(24061): hooked dvmLinearAllocContains using jump ()
I/dalvik-internals(24061): enlarged linearalloc buffer to 33554432 bytes
E/cutils  (  261): Failed to mkdirat(/storage/sdcard1/Android): Read-only file system
W/Vold    (  261): Returning OperationFailed - no handler for errno 30
W/ContextImpl(24061): Failed to ensure directory: /storage/sdcard1/Android/data/com.facebook.katana/cache
D/dalvikvm(24061): Trying to load lib /data/app-lib/com.facebook.katana-1/libdextr.so 0x42792ae8
D/dalvikvm(24061): Added shared lib /data/app-lib/com.facebook.katana-1/libdextr.so 0x42792ae8
I/Dextr   (24061): LogQueue params desc: IIJIIIJJ
W/GAV2    (24021): Thread[main,5,main]: dispatch call queued.  Need to call GAServiceManager.getInstance().initialize().
I/ActivityManager( 1016): Killing 23180:com.google.android.apps.magazines/u0a77 (adj 15): empty #9
W/ContextImpl( 1231): Calling a method in the system process without a qualified user: android.app.ContextImpl.sendBroadcast:1252 android.content.ContextWrapper.sendBroadcast:365 com.motorola.motocare.util.TriggerHelper$TriggerBuilder.send:76 com.motorola.motocare.internal.frameworkevents.ProcessKillTrigger.sendTrigger:147 com.motorola.motocare.internal.frameworkevents.ProcessKillTrigger.handleFrameworkEvent:164 
W/StaticBindingVerifier(24061): Verify
I/dalvikvm(24061): Could not find method com.facebook.resources.FbResources.getDrawable, referenced from method com.facebook.resources.impl.DownloadedFbResources.getDrawable
W/dalvikvm(24061): VFY: unable to resolve virtual method 46880: Lcom/facebook/resources/FbResources;.getDrawable (ILandroid/content/res/Resources$Theme;)Landroid/graphics/drawable/Drawable;
D/dalvikvm(24061): VFY: replacing opcode 0x6f at 0x0031
I/ActivityManager( 1016): Process com.devexpert.weather (pid 23360) has died.
D/WifiService( 1016): New client listening to asynchronous messages
I/ActivityManager( 1016): START u0 {act=android.intent.action.MAIN cat=[android.intent.category.LAUNCHER] flg=0x10000000 pkg=com.giftme.fb_auth cmp=com.giftme.fb_auth/.FB_Auth} from pid 23941
W/ContextImpl( 1231): Calling a method in the system process without a qualified user: android.app.ContextImpl.sendBroadcast:1252 android.content.ContextWrapper.sendBroadcast:365 com.motorola.motocare.util.TriggerHelper$TriggerBuilder.send:76 com.motorola.motocare.internal.frameworkevents.PauseResumeTrigger.handleFrameworkEvent:53 com.motorola.motocare.internal.frameworkevents.FwEventMonitor$FrameworkListener.processFrameworkEvent:114 
I/ActivityManager( 1016): Start proc com.giftme.fb_auth for activity com.giftme.fb_auth/.FB_Auth: pid=24094 uid=10106 gids={50106, 3003, 1028, 1015}
I/dalvikvm(24094): Enabling JNI app bug workarounds for target SDK version 7...
I/ActivityManager( 1016): Start proc com.google.android.partnersetup for broadcast com.google.android.partnersetup/.RlzPingBroadcastReceiver: pid=24108 uid=10025 gids={50025, 3003}
W/ContextImpl( 1231): Calling a method in the system process without a qualified user: android.app.ContextImpl.sendBroadcast:1252 android.content.ContextWrapper.sendBroadcast:365 com.motorola.motocare.util.TriggerHelper$TriggerBuilder.send:76 com.motorola.motocare.internal.frameworkevents.PauseResumeTrigger.handleFrameworkEvent:53 com.motorola.motocare.internal.frameworkevents.FwEventMonitor$FrameworkListener.processFrameworkEvent:114 
V/PhoneStatusBar( 1078): setLightsOn(true)
I/CordovaLog(24094): Changing log level to DEBUG(3)
D/CordovaActivity(24094): CordovaActivity.init()
I/dalvikvm(24094): Could not find method android.webkit.CookieManager.setAcceptThirdPartyCookies, referenced from method org.apache.cordova.CordovaWebView.initWebViewSettings
W/dalvikvm(24094): VFY: unable to resolve virtual method 6163: Landroid/webkit/CookieManager;.setAcceptThirdPartyCookies (Landroid/webkit/WebView;Z)V
D/dalvikvm(24094): VFY: replacing opcode 0x6e at 0x002a
V/WebViewChromiumFactoryProvider(24094): Binding Chromium to main looper Looper (main, tid 1) {4278ddf0}
I/LibraryLoader(24094): Expected native library version number "",actual native library version number ""
I/chromium(24094): [INFO:library_loader_hooks.cc(116)] Chromium logging enabled: level = 0, default verbosity = 0
I/BrowserStartupController(24094): Initializing chromium process, renderers=0
E/AudioManagerAndroid(24094): BLUETOOTH permission is missing!
I/InternalIcingCorporaPro(20597): Updating corpora: APPS=com.giftme.fb_auth, CONTACTS=MAYBE
I/Adreno-EGL(24094): <qeglDrvAPI_eglInitialize:410>: EGL 1.4 QUALCOMM build: AU_LINUX_ANDROID_LNX.LA.3.5.1_RB1.04.04.02.048.018_msm8226_LNX.LA.3.5.1_RB1__release_AU ()
I/Adreno-EGL(24094): OpenGL ES Shader Compiler Version: E031.24.00.08
I/Adreno-EGL(24094): Build Date: 03/07/14 Fri
I/Adreno-EGL(24094): Local Branch: 
I/Adreno-EGL(24094): Remote Branch: quic/LNX.LA.3.5.1_RB1.1
I/Adreno-EGL(24094): Local Patches: NONE
I/Adreno-EGL(24094): Reconstruct Branch: AU_LINUX_ANDROID_LNX.LA.3.5.1_RB1.04.04.02.048.018 + f2fd134 +  NOTHING
W/chromium(24094): [WARNING:proxy_service.cc(890)] PAC support disabled because there is no system implementation
D/CordovaActivity(24094): CordovaActivity.createViews()
I/InternalIcingCorporaPro(20597): UpdateCorporaTask done [took 73 ms] updated apps [took 72 ms] 
I/ActivityManager( 1016): Killing 23993:com.android.defcontainer/u0a13 (adj 15): empty #9
W/dalvikvm(24094): VFY: unable to find class referenced in signature (Landroid/webkit/ClientCertRequest;)
W/dalvikvm(24094): VFY: unable to find class referenced in signature (Landroid/webkit/ClientCertRequest;)
I/dalvikvm(24094): Could not find method android.webkit.WebViewClient.onReceivedClientCertRequest, referenced from method org.apache.cordova.CordovaWebViewClient.onReceivedClientCertRequest
W/dalvikvm(24094): VFY: unable to resolve virtual method 6235: Landroid/webkit/WebViewClient;.onReceivedClientCertRequest (Landroid/webkit/WebView;Landroid/webkit/ClientCertRequest;)V
D/dalvikvm(24094): VFY: replacing opcode 0x6f at 0x001c
W/ContextImpl( 1231): Calling a method in the system process without a qualified user: android.app.ContextImpl.sendBroadcast:1252 android.content.ContextWrapper.sendBroadcast:365 com.motorola.motocare.util.TriggerHelper$TriggerBuilder.send:76 com.motorola.motocare.internal.frameworkevents.ProcessKillTrigger.sendTrigger:147 com.motorola.motocare.internal.frameworkevents.ProcessKillTrigger.handleFrameworkEvent:164 
I/dalvikvm(24094): Could not find method android.webkit.WebChromeClient$FileChooserParams.createIntent, referenced from method org.apache.cordova.CordovaChromeClient.onShowFileChooser
W/dalvikvm(24094): VFY: unable to resolve virtual method 6182: Landroid/webkit/WebChromeClient$FileChooserParams;.createIntent ()Landroid/content/Intent;
D/dalvikvm(24094): VFY: replacing opcode 0x6e at 0x0000
D/PluginManager(24094): init()
D/CordovaWebView(24094): CordovaWebView is running on device made by: motorola
D/CordovaWebView(24094): >>> loadUrl(file:///android_asset/www/index.html)
D/CordovaWebView(24094): >>> loadUrlNow()
D/PackageBroadcastService(30409): Received broadcast action=android.intent.action.PACKAGE_ADDED and uri=com.giftme.fb_auth
I/com.amazon.identity.auth.device.authorization.PackageIntentReceiver(17893): Package Intent Received. Clearing Service Data. action=android.intent.action.PACKAGE_ADDED
I/com.amazon.identity.auth.device.authorization.ThirdPartyServiceHelper(17893): Clearing Highest Versioned Service
D/CordovaActivity(24094): Resuming the App
I/ConfigFetchService(30409): onStartCommand Intent { act=android.intent.action.PACKAGE_ADDED dat=package:com.giftme.fb_auth cmp=com.google.android.gms/.config.ConfigFetchService (has extras) }
I/ConfigFetchService(30409): launchTask
I/ConfigFetchService(30409): service connected
V/ConfigFetchTask(30409): ConfigFetchTask getDeviceDataVersionInfo(): ABFEt1WGE3VC4EwUK0r_Xlg-9PHBP3ysrg5-4TM9OEUSfal-XMjxHNyYWOqcLqtMoOTnVsv6DrKpV2GMPXEdQ-tMNuBos11K7NkGufCihC_3iQqw1012EV6j7xu06a5i7k54RqzdRLUAThFU3r4QEW4lHTb7TdBj_spMYkbQE_Omz9gqewwsc4ilPXfpJ6Oo-Wsh5Hi0VbAu1KUpwCLM5UQwZ0PW6cNzvB3cs-3EHchGtWhAKHSlpdSy6xO138emsQxZNp1qp1TKx6VSlWuZwN49OAxJ_Nh4V5-Z_qv9w97a-c1fou6UpSc
I/PeopleContactsSync(30409): CP2 sync disabled
I/ActivityManager( 1016): Start proc com.google.android.apps.magazines for broadcast com.google.android.apps.magazines/com.google.apps.dots.android.app.receiver.FirstInstallNotificationReceiver: pid=24164 uid=10077 gids={50077, 3003, 1028, 1015}
I/SFPerfTracer(  278):      triggers: (rate: 36:2699) (compose: 0:12) (post: 0:2) (render: 8:388) (16:51986 frames) (17:139799)
D/SFPerfTracer(  278):        layers: (4:11) (DimLayer: 0:65)* (DimLayer: 0:23)* (FocusedStackFrame: 1:1296)* (StatusBar: 0:7577) (NavigationBar: 1:9391) (DimLayer: 0:1985)* (DimLayer: 1:232) (com.android.wallpaper.fall.FallWallpaper: 0:15915)* (com.android.packageinstaller/com.android.packageinstaller.PackageInstallerActivity: 0:37)* (com.android.packageinstaller/com.android.packageinstaller.InstallAppProgress: 16:107) (Starting com.giftme.fb_auth: 1:3)* 
D/ConfigFetchService(30409): ConfigApi connection successful.
I/GoogleURLConnFactory(30409): Using platform SSLCertificateSocketFactory
D/dalvikvm(  280): GC_EXPLICIT freed 43K, 48% free 9010K/17224K, paused 2ms+3ms, total 24ms
D/SoftKeyboardDetect(24094): Ignore this event
D/dalvikvm(  280): GC_EXPLICIT freed <1K, 48% free 9010K/17224K, paused 2ms+3ms, total 23ms
D/dalvikvm(  280): GC_EXPLICIT freed <1K, 48% free 9010K/17224K, paused 2ms+3ms, total 20ms
V/WebViewChromiumFactoryProvider(24164): Binding Chromium to main looper Looper (main, tid 1) {4278fb88}
I/LibraryLoader(24164): Expected native library version number "",actual native library version number ""
I/chromium(24164): [INFO:library_loader_hooks.cc(116)] Chromium logging enabled: level = 0, default verbosity = 0
I/BrowserStartupController(24164): Initializing chromium process, renderers=0
E/AudioManagerAndroid(24164): BLUETOOTH permission is missing!
I/Adreno-EGL(24164): <qeglDrvAPI_eglInitialize:410>: EGL 1.4 QUALCOMM build: AU_LINUX_ANDROID_LNX.LA.3.5.1_RB1.04.04.02.048.018_msm8226_LNX.LA.3.5.1_RB1__release_AU ()
I/Adreno-EGL(24164): OpenGL ES Shader Compiler Version: E031.24.00.08
I/Adreno-EGL(24164): Build Date: 03/07/14 Fri
I/Adreno-EGL(24164): Local Branch: 
I/Adreno-EGL(24164): Remote Branch: quic/LNX.LA.3.5.1_RB1.1
I/Adreno-EGL(24164): Local Patches: NONE
I/Adreno-EGL(24164): Reconstruct Branch: AU_LINUX_ANDROID_LNX.LA.3.5.1_RB1.04.04.02.048.018 + f2fd134 +  NOTHING
E/dalvikvm(24061): Could not find class 'org.apache.harmony.xnet.provider.jsse.OpenSSLSocketImpl', referenced from method com.facebook.ssl.openssl.check.CheckOpenSSLImplHasRequiredMethods.<clinit>
W/dalvikvm(24061): VFY: unable to resolve const-class 9937 (Lorg/apache/harmony/xnet/provider/jsse/OpenSSLSocketImpl;) in Lcom/facebook/ssl/openssl/check/CheckOpenSSLImplHasRequiredMethods;
D/dalvikvm(24061): VFY: replacing opcode 0x1c at 0x000d
E/dalvikvm(24061): Could not find class 'org.apache.harmony.xnet.provider.jsse.OpenSSLSocketFactoryImpl', referenced from method com.facebook.ssl.openssl.reflect.SSLParametersGetter.<clinit>
W/dalvikvm(24061): VFY: unable to resolve const-class 9936 (Lorg/apache/harmony/xnet/provider/jsse/OpenSSLSocketFactoryImpl;) in Lcom/facebook/ssl/openssl/reflect/SSLParametersGetter;
D/dalvikvm(24061): VFY: replacing opcode 0x1c at 0x000d
E/dalvikvm(24061): Could not find class 'org.apache.harmony.xnet.provider.jsse.SSLParametersImpl', referenced from method com.facebook.ssl.openssl.reflect.SSLParametersGetter.a
W/dalvikvm(24061): VFY: unable to resolve check-cast 9939 (Lorg/apache/harmony/xnet/provider/jsse/SSLParametersImpl;) in Lcom/facebook/ssl/openssl/reflect/SSLParametersGetter;
D/dalvikvm(24061): VFY: replacing opcode 0x1f at 0x0006
E/dalvikvm(24061): Could not find class 'org.apache.harmony.xnet.provider.jsse.SSLParametersImpl', referenced from method com.facebook.ssl.openssl.reflect.SSLSessionTimeoutSetter.<clinit>
W/dalvikvm(24061): VFY: unable to resolve const-class 9939 (Lorg/apache/harmony/xnet/provider/jsse/SSLParametersImpl;) in Lcom/facebook/ssl/openssl/reflect/SSLSessionTimeoutSetter;
D/dalvikvm(24061): VFY: replacing opcode 0x1c at 0x000d
W/dalvikvm(24061): VFY: unable to find class referenced in signature (Lorg/apache/harmony/xnet/provider/jsse/SSLParametersImpl;)
E/dalvikvm(24061): Could not find class 'org.apache.harmony.xnet.provider.jsse.ClientSessionContext', referenced from method com.facebook.ssl.openssl.reflect.SSLSessionTimeoutSetter.a
W/dalvikvm(24061): VFY: unable to resolve check-cast 9935 (Lorg/apache/harmony/xnet/provider/jsse/ClientSessionContext;) in Lcom/facebook/ssl/openssl/reflect/SSLSessionTimeoutSetter;
D/dalvikvm(24061): VFY: replacing opcode 0x1f at 0x0006
W/dalvikvm(24061): VFY: unable to find class referenced in signature (Lorg/apache/harmony/xnet/provider/jsse/SSLParametersImpl;)
W/dalvikvm(24061): Unable to resolve superclass of Lcom/facebook/ssl/openssl/TicketEnabledOpenSSLSocketImplWrapper; (9938)
W/dalvikvm(24061): Link of class 'Lcom/facebook/ssl/openssl/TicketEnabledOpenSSLSocketImplWrapper;' failed
E/dalvikvm(24061): Could not find class 'com.facebook.ssl.openssl.TicketEnabledOpenSSLSocketImplWrapper', referenced from method com.facebook.ssl.openssl.TicketEnabledOpenSSLSocketFactoryHelper.a
W/dalvikvm(24061): VFY: unable to resolve new-instance 7703 (Lcom/facebook/ssl/openssl/TicketEnabledOpenSSLSocketImplWrapper;) in Lcom/facebook/ssl/openssl/TicketEnabledOpenSSLSocketFactoryHelper;
D/dalvikvm(24061): VFY: replacing opcode 0x22 at 0x0000
W/dalvikvm(24061): Unable to resolve superclass of Lcom/facebook/ssl/openssl/TicketEnabledOpenSSLSocketImplWrapper; (9938)
W/dalvikvm(24061): Link of class 'Lcom/facebook/ssl/openssl/TicketEnabledOpenSSLSocketImplWrapper;' failed
D/dalvikvm(24061): DexOpt: unable to opt direct call 0xbd3a at 0x08 in Lcom/facebook/ssl/openssl/TicketEnabledOpenSSLSocketFactoryHelper;.a
D/dalvikvm(24061): Trying to load lib /data/app-lib/com.facebook.katana-1/libfb.so 0x42792ae8
D/OpenGLRenderer(24094): Enabling debug mode 0
D/dalvikvm(24061): Added shared lib /data/app-lib/com.facebook.katana-1/libfb.so 0x42792ae8
D/dalvikvm(24061): No JNI_OnLoad found in /data/app-lib/com.facebook.katana-1/libfb.so 0x42792ae8, skipping init
D/dalvikvm(24061): Trying to load lib /data/app-lib/com.facebook.katana-1/libfbjni.so 0x42792ae8
D/dalvikvm(24061): Added shared lib /data/app-lib/com.facebook.katana-1/libfbjni.so 0x42792ae8
D/dalvikvm(24061): Trying to load lib /data/app-lib/com.facebook.katana-1/libheartbleed.so 0x42792ae8
D/dalvikvm(24061): Added shared lib /data/app-lib/com.facebook.katana-1/libheartbleed.so 0x42792ae8
D/dalvikvm(24061): Trying to load lib /data/app-lib/com.facebook.katana-1/libcares.so 0x42792ae8
D/dalvikvm(24061): Added shared lib /data/app-lib/com.facebook.katana-1/libcares.so 0x42792ae8
D/dalvikvm(24061): No JNI_OnLoad found in /data/app-lib/com.facebook.katana-1/libcares.so 0x42792ae8, skipping init
D/dalvikvm(24061): Trying to load lib /data/app-lib/com.facebook.katana-1/libdouble-conversion.so 0x42792ae8
D/dalvikvm(24061): Added shared lib /data/app-lib/com.facebook.katana-1/libdouble-conversion.so 0x42792ae8
D/dalvikvm(24061): No JNI_OnLoad found in /data/app-lib/com.facebook.katana-1/libdouble-conversion.so 0x42792ae8, skipping init
D/dalvikvm(24061): Trying to load lib /data/app-lib/com.facebook.katana-1/libevent.so 0x42792ae8
D/dalvikvm(24061): Added shared lib /data/app-lib/com.facebook.katana-1/libevent.so 0x42792ae8
D/dalvikvm(24061): No JNI_OnLoad found in /data/app-lib/com.facebook.katana-1/libevent.so 0x42792ae8, skipping init
D/dalvikvm(24061): Trying to load lib /data/app-lib/com.facebook.katana-1/libliger.so 0x42792ae8
W/chromium(24164): [WARNING:proxy_service.cc(890)] PAC support disabled because there is no system implementation
I/ConfigFetchService(30409): fetch service done; releasing wakelock
I/ConfigFetchService(30409): stopping self
W/BroadcastQueue( 1016): Permission Denial: broadcasting Intent { act=android.net.conn.INET_CONDITION_ACTION flg=0x4000010 (has extras) } from null (pid=-1, uid=-1) requires com.facebook.permission.prod.FB_APP_COMMUNICATION due to registered receiver BroadcastFilter{434b86f0 u0 ReceiverList{43505ed8 24061 com.facebook.katana:dash/10110/u0 remote:43527ce0}}
W/BroadcastQueue( 1016): Permission Denial: broadcasting Intent { act=android.net.conn.CONNECTIVITY_CHANGE flg=0x4000010 (has extras) } from null (pid=-1, uid=-1) requires com.facebook.permission.prod.FB_APP_COMMUNICATION due to registered receiver BroadcastFilter{434b86f0 u0 ReceiverList{43505ed8 24061 com.facebook.katana:dash/10110/u0 remote:43527ce0}}
D/dalvikvm(24061): Added shared lib /data/app-lib/com.facebook.katana-1/libliger.so 0x42792ae8
W/GAV2    (24164): Thread[main,5,main]: Need to call initialize() and be in fallback mode to start dispatch.
E/cutils  (  261): Failed to mkdirat(/storage/sdcard1/Android): Read-only file system
W/Vold    (  261): Returning OperationFailed - no handler for errno 30
W/ContextImpl(24164): Failed to ensure directory: /storage/sdcard1/Android/data/com.google.android.apps.magazines/cache
D/SoftKeyboardDetect(24094): Ignore this event
I/LaunchCheckinHandler( 1016): Displayed com.giftme.fb_auth/.FB_Auth,cp,ca,565
I/ActivityManager( 1016): Displayed com.giftme.fb_auth/.FB_Auth: +565ms
D/CordovaWebViewClient(24094): onPageStarted(file:///android_asset/www/index.html)
D/CordovaActivity(24094): onMessage(onPageStarted,file:///android_asset/www/index.html)
D/WifiStateMachine( 1016): handleMessage: E msg.what=151572
D/WifiStateMachine( 1016): processMsg: ConnectedState
D/WifiStateMachine( 1016): processMsg: L2ConnectedState
D/WifiStateMachine( 1016): handleMessage: X
I/NSApplication(24164): Starting up...
I/ActivityManager( 1016): Killing 24045:com.android.keychain/1000 (adj 15): empty #9
W/ContextImpl( 1231): Calling a method in the system process without a qualified user: android.app.ContextImpl.sendBroadcast:1252 android.content.ContextWrapper.sendBroadcast:365 com.motorola.motocare.util.TriggerHelper$TriggerBuilder.send:76 com.motorola.motocare.internal.frameworkevents.ProcessKillTrigger.sendTrigger:147 com.motorola.motocare.internal.frameworkevents.ProcessKillTrigger.handleFrameworkEvent:164 
I/ActivityManager( 1016): Killing 24061:com.facebook.katana:dash/u0a110 (adj 15): empty #9
D/JsMessageQueue(24094): Set native->JS mode to OnlineEventsBridgeMode
W/ContextImpl( 1231): Calling a method in the system process without a qualified user: android.app.ContextImpl.sendBroadcast:1252 android.content.ContextWrapper.sendBroadcast:365 com.motorola.motocare.util.TriggerHelper$TriggerBuilder.send:76 com.motorola.motocare.internal.frameworkevents.ProcessKillTrigger.sendTrigger:147 com.motorola.motocare.internal.frameworkevents.ProcessKillTrigger.handleFrameworkEvent:164 
E/NetworkScheduler.SchedulerReceiver(30376): Invalid parameter app
E/NetworkScheduler.SchedulerReceiver(30376): Invalid package name : Perhaps you didn't include a PendingIntent in the extras?
D/WifiService( 1016): Client connection lost with reason: 4
I/ActivityManager( 1016): Process com.facebook.katana (pid 16934) has died.
W/ActivityManager( 1016): Scheduling restart of crashed service com.facebook.katana/com.facebook.push.mqtt.service.MqttPushService in 1000ms
D/WifiService( 1016): Client connection lost with reason: 4
D/dalvikvm(30409): GC_EXPLICIT freed 2860K, 38% free 11972K/19304K, paused 5ms+7ms, total 60ms
D/PackageBroadcastService(30409): Received broadcast action=android.intent.action.PACKAGE_REPLACED and uri=com.giftme.fb_auth
I/PeopleContactsSync(30409): CP2 sync disabled
D/CordovaLog(24094): file:///android_asset/www/js/app.js: Line 44 : Service initialized
I/chromium(24094): [INFO:CONSOLE(44)] "Service initialized", source: file:///android_asset/www/js/app.js (44)
D/WifiStateMachine( 1016): handleMessage: E msg.what=151572
D/WifiStateMachine( 1016): processMsg: ConnectedState
D/WifiStateMachine( 1016): processMsg: L2ConnectedState
D/WifiStateMachine( 1016): handleMessage: X
D/WifiStateMachine( 1016): handleMessage: E msg.what=131155
D/WifiStateMachine( 1016): processMsg: ConnectedState
D/WifiStateMachine( 1016): processMsg: L2ConnectedState
D/WifiStateMachine( 1016): handleMessage: X
I/ActivityManager( 1016): Start proc com.facebook.katana for service com.facebook.katana/com.facebook.push.mqtt.service.MqttPushService: pid=24241 uid=10110 gids={50110, 1028, 1015, 3003}
W/dalvikvm(24241): VFY: unable to resolve static field 27745 (a) in Lcom/facebook/katana/app/WorkAppTypes;
D/dalvikvm(24241): VFY: replacing opcode 0x62 at 0x0013
W/dalvikvm(24241): VFY: unable to resolve static field 27746 (b) in Lcom/facebook/katana/app/WorkAppTypes;
D/dalvikvm(24241): VFY: replacing opcode 0x62 at 0x001d
E/dalvikvm(24241): Could not find class 'com.facebook.katana.app.WallpaperFacebookApplicationImpl', referenced from method com.facebook.katana.app.FacebookApplication.a
W/dalvikvm(24241): VFY: unable to resolve new-instance 427 (Lcom/facebook/katana/app/WallpaperFacebookApplicationImpl;) in Lcom/facebook/katana/app/FacebookApplication;
D/dalvikvm(24241): VFY: replacing opcode 0x22 at 0x00a9
D/dalvikvm(24241): DexOpt: unable to opt direct call 0x05a5 at 0xab in Lcom/facebook/katana/app/FacebookApplication;.a
D/CatchMeIfYouCan(24241): Process (<default>) ca: '/data/data/com.facebook.katana/app_cmiyc/A1657CCD543F12E66E587EE52ED9D802E22AAC4701'
D/CatchMeIfYouCan(24241): Process (<default>) fc: '/data/data/com.facebook.katana/app_cmiyc/A1657CCD543F12E66E587EE52ED9D802E22AAC4702'
D/CatchMeIfYouCan(24241): Process (<default>) cp: '('default', 3, 120000, silent [true], restart [false], logout [false])'
D/ACRA    (24241): ACRA is enabled for com.facebook.katana, intializing...
D/ACRA    (24241): Looking for error files in /data/data/com.facebook.katana/app_acra-reports
D/ACRA    (24241): Looking for error files in /data/data/com.facebook.katana/app_minidumps
D/dalvikvm(24241): Trying to load lib /data/app-lib/com.facebook.katana-1/libgnustl_shared.so 0x42796c18
D/dalvikvm(24241): Added shared lib /data/app-lib/com.facebook.katana-1/libgnustl_shared.so 0x42796c18
D/dalvikvm(24241): No JNI_OnLoad found in /data/app-lib/com.facebook.katana-1/libgnustl_shared.so 0x42796c18, skipping init
D/dalvikvm(24241): Trying to load lib /data/app-lib/com.facebook.katana-1/libfb_breakpad_client.so 0x42796c18
D/dalvikvm(24241): Added shared lib /data/app-lib/com.facebook.katana-1/libfb_breakpad_client.so 0x42796c18
D/dalvikvm(24241): No JNI_OnLoad found in /system/lib/libstdc++.so 0x42796c18, skipping init
D/dalvikvm(24241): Trying to load lib /data/app-lib/com.facebook.katana-1/libsigmux.so 0x42796c18
D/dalvikvm(24241): Added shared lib /data/app-lib/com.facebook.katana-1/libsigmux.so 0x42796c18
D/dalvikvm(24241): No JNI_OnLoad found in /data/app-lib/com.facebook.katana-1/libsigmux.so 0x42796c18, skipping init
D/dalvikvm(24241): Trying to load lib /data/app-lib/com.facebook.katana-1/libdistract.so 0x42796c18
D/dalvikvm(24241): Added shared lib /data/app-lib/com.facebook.katana-1/libdistract.so 0x42796c18
D/dalvikvm(24241): No JNI_OnLoad found in /data/app-lib/com.facebook.katana-1/libdistract.so 0x42796c18, skipping init
D/dalvikvm(24241): Trying to load lib /data/app-lib/com.facebook.katana-1/libfb_dalvik-internals.so 0x42796c18
D/dalvikvm(24241): Added shared lib /data/app-lib/com.facebook.katana-1/libfb_dalvik-internals.so 0x42796c18
V/DexLibLoader(24241): about to lock: /data/data/com.facebook.katana/mdex_lock
V/DexLibLoader(24241): locking /data/data/com.facebook.katana/mdex_lock took 0 ms
V/DexLibLoader(24241): Secondary program dex metadata: secondary-1.dex.jar.xz c0d34653f435a7e59cc5f46e9bd47feaf68b0041 secondary.dex01.Canary
V/DexLibLoader(24241): Secondary program dex metadata: secondary-2.dex.jar.xz 3651d03ae513595a1029ff9eae54d36128fdeb5e secondary.dex02.Canary
V/DexLibLoader(24241): Secondary program dex metadata: secondary-3.dex.jar.xz 020c6d0135a14f0280ede88da3e858d29f1b9ed5 secondary.dex03.Canary
V/DexLibLoader(24241): Secondary program dex metadata: secondary-4.dex.jar.xz 3cf3244a0d1c3e39128f7b89ad90b4842a36a05f secondary.dex04.Canary
V/DexLibLoader(24241): Secondary program dex metadata: secondary-5.dex.jar.xz 666d745bfcb3c0496ae90e343db057d6082ce0c3 secondary.dex05.Canary
V/DexLibLoader(24241): Secondary program dex metadata: secondary-6.dex.jar.xz 0089f1fba5ba3a3fb61d98c516e2bbc2e6adfa05 secondary.dex06.Canary
V/DexLibLoader(24241): Secondary program dex metadata: secondary-7.dex.jar.xz 7cecb34308ef8d54acae00b06e3ade52d8da6d49 secondary.dex07.Canary
V/DexLibLoader(24241): directory "/data/data/com.facebook.katana/app_secondary_program_dex" contains "program-c0d34653f435a7e59cc5f46e9bd47feaf68b00416661a1c7.dex.jar" as expected
V/DexLibLoader(24241): directory "/data/data/com.facebook.katana/app_secondary_program_dex" contains "program-3651d03ae513595a1029ff9eae54d36128fdeb5e6661a1c7.dex.jar" as expected
V/DexLibLoader(24241): directory "/data/data/com.facebook.katana/app_secondary_program_dex" contains "program-020c6d0135a14f0280ede88da3e858d29f1b9ed56661a1c7.dex.jar" as expected
V/DexLibLoader(24241): directory "/data/data/com.facebook.katana/app_secondary_program_dex" contains "program-3cf3244a0d1c3e39128f7b89ad90b4842a36a05f6661a1c7.dex.jar" as expected
V/DexLibLoader(24241): directory "/data/data/com.facebook.katana/app_secondary_program_dex" contains "program-666d745bfcb3c0496ae90e343db057d6082ce0c36661a1c7.dex.jar" as expected
V/DexLibLoader(24241): directory "/data/data/com.facebook.katana/app_secondary_program_dex" contains "program-0089f1fba5ba3a3fb61d98c516e2bbc2e6adfa056661a1c7.dex.jar" as expected
V/DexLibLoader(24241): directory "/data/data/com.facebook.katana/app_secondary_program_dex" contains "program-7cecb34308ef8d54acae00b06e3ade52d8da6d496661a1c7.dex.jar" as expected
D/DexLibLoader(24241): ignoring file "program-c0d34653f435a7e59cc5f46e9bd47feaf68b00416661a1c7.dex.odex" in "/data/data/com.facebook.katana/app_secondary_program_dex"
D/DexLibLoader(24241): ignoring file "program-3651d03ae513595a1029ff9eae54d36128fdeb5e6661a1c7.dex.odex" in "/data/data/com.facebook.katana/app_secondary_program_dex"
D/DexLibLoader(24241): ignoring file "program-020c6d0135a14f0280ede88da3e858d29f1b9ed56661a1c7.dex.odex" in "/data/data/com.facebook.katana/app_secondary_program_dex"
D/DexLibLoader(24241): ignoring file "program-3cf3244a0d1c3e39128f7b89ad90b4842a36a05f6661a1c7.dex.odex" in "/data/data/com.facebook.katana/app_secondary_program_dex"
D/DexLibLoader(24241): ignoring file "program-666d745bfcb3c0496ae90e343db057d6082ce0c36661a1c7.dex.odex" in "/data/data/com.facebook.katana/app_secondary_program_dex"
D/DexLibLoader(24241): ignoring file "program-0089f1fba5ba3a3fb61d98c516e2bbc2e6adfa056661a1c7.dex.odex" in "/data/data/com.facebook.katana/app_secondary_program_dex"
D/DexLibLoader(24241): ignoring file "program-7cecb34308ef8d54acae00b06e3ade52d8da6d496661a1c7.dex.odex" in "/data/data/com.facebook.katana/app_secondary_program_dex"
D/DexLibLoader(24241): directory "/data/data/com.facebook.katana/app_secondary_program_dex" is valid
D/DexLibLoader(24241): ignoring file "primary_deps" in "/data/data/com.facebook.katana/app_secondary_program_dex_opt"
V/DexLibLoader(24241): directory "/data/data/com.facebook.katana/app_secondary_program_dex_opt" contains "program-c0d34653f435a7e59cc5f46e9bd47feaf68b00416661a1c7.dex.dex" as expected
V/DexLibLoader(24241): directory "/data/data/com.facebook.katana/app_secondary_program_dex_opt" contains "program-3651d03ae513595a1029ff9eae54d36128fdeb5e6661a1c7.dex.dex" as expected
V/DexLibLoader(24241): directory "/data/data/com.facebook.katana/app_secondary_program_dex_opt" contains "program-020c6d0135a14f0280ede88da3e858d29f1b9ed56661a1c7.dex.dex" as expected
V/DexLibLoader(24241): directory "/data/data/com.facebook.katana/app_secondary_program_dex_opt" contains "program-3cf3244a0d1c3e39128f7b89ad90b4842a36a05f6661a1c7.dex.dex" as expected
V/DexLibLoader(24241): directory "/data/data/com.facebook.katana/app_secondary_program_dex_opt" contains "program-666d745bfcb3c0496ae90e343db057d6082ce0c36661a1c7.dex.dex" as expected
V/DexLibLoader(24241): directory "/data/data/com.facebook.katana/app_secondary_program_dex_opt" contains "program-0089f1fba5ba3a3fb61d98c516e2bbc2e6adfa056661a1c7.dex.dex" as expected
V/DexLibLoader(24241): directory "/data/data/com.facebook.katana/app_secondary_program_dex_opt" contains "program-7cecb34308ef8d54acae00b06e3ade52d8da6d496661a1c7.dex.dex" as expected
D/DexLibLoader(24241): directory "/data/data/com.facebook.katana/app_secondary_program_dex_opt" is valid
D/DexLibLoader(24241): loading pre-built cross-dex opt odex files
V/dalvik-internals(24241): hooked dvmResolveClass using jump ()
V/dalvik-internals(24241): hooked dvmFlushBreakpoints using jump ()
V/MultiDexClassLoader(24241): installing MultiDexClassLoader before application classloader
I/dalvikvm(24241): Could not find method dalvik.system.DexFile.loadClassBinaryName, referenced from method com.facebook.common.dextricks.DexFileLoadOld.a
W/dalvikvm(24241): VFY: unable to resolve virtual method 2807: Ldalvik/system/DexFile;.loadClassBinaryName (Ljava/lang/String;Ljava/lang/ClassLoader;)Ljava/lang/Class;
D/dalvikvm(24241): VFY: replacing opcode 0x6e at 0x0000
D/DexLibLoader(24241): released odex store lock
D/DexLibLoader(24241): DexLibLoader.loadAll took 58 ms
D/MemoryReductionHack(24241): Marked as initialized entry corresponding to path /data/app/com.facebook.katana-1.apk
D/GcOptimizer(24241): Enabled
V/dalvik-internals(24241): hooked dvmLinearAlloc using jump ()
V/dalvik-internals(24241): hooked dvmLinearRealloc using jump ()
V/dalvik-internals(24241): hooked dvmLinearFree using jump ()
V/dalvik-internals(24241): hooked dvmLinearStrdup using jump ()
V/dalvik-internals(24241): hooked dvmLinearAllocContains using jump ()
I/dalvik-internals(24241): enlarged linearalloc buffer to 33554432 bytes
E/cutils  (  261): Failed to mkdirat(/storage/sdcard1/Android): Read-only file system
W/Vold    (  261): Returning OperationFailed - no handler for errno 30
W/ContextImpl(24241): Failed to ensure directory: /storage/sdcard1/Android/data/com.facebook.katana/cache
D/dalvikvm(24241): Trying to load lib /data/app-lib/com.facebook.katana-1/libdextr.so 0x42796c18
D/dalvikvm(24241): Added shared lib /data/app-lib/com.facebook.katana-1/libdextr.so 0x42796c18
I/Dextr   (24241): LogQueue params desc: IIJIIIJJ
I/SFPerfTracer(  278):      triggers: (rate: 30:28037) (87723 sw vsyncs) (49244 skipped) (16:138756 vsyncs) (18:243481)
I/SFPerfTracer(  278):      triggers: (rate: 36:2700) (compose: 0:12) (post: 0:2) (render: 8:389) (13:52019 frames) (14:139846)
D/SFPerfTracer(  278):        layers: (5:12) (DimLayer: 0:65)* (DimLayer: 0:23)* (FocusedStackFrame: 0:1301)* (StatusBar: 0:7577) (NavigationBar: 0:9410) (DimLayer: 14:1999) (DimLayer: 0:233)* (com.android.wallpaper.fall.FallWallpaper: 0:15915)* (com.android.packageinstaller/com.android.packageinstaller.InstallAppProgress: 0:109)* (Starting com.giftme.fb_auth: 0:28)* (com.giftme.fb_auth/com.giftme.fb_auth.FB_Auth: 0:21) (com.giftme.fb_auth/com.giftme.fb_auth.FB_Auth: 13:18) 
W/StaticBindingVerifier(24241): Verify
W/InputMethodManagerService( 1016): Window already focused, ignoring focus gain of: com.android.internal.view.IInputMethodClient$Stub$Proxy@43036fa0 attribute=null, token = android.os.BinderProxy@4286f120
D/CordovaLog(24094): https://js.stripe.com/v2/: Line 2 : You are using Stripe.js in live mode over an insecure connection. This is considered unsafe. Please conduct live requests only on sites served over https. For more info, see https://stripe.com/help/ssl
I/chromium(24094): [INFO:CONSOLE(2)] "You are using Stripe.js in live mode over an insecure connection. This is considered unsafe. Please conduct live requests only on sites served over https. For more info, see https://stripe.com/help/ssl", source: https://js.stripe.com/v2/ (2)
I/dalvikvm(24241): Could not find method com.facebook.resources.FbResources.getDrawable, referenced from method com.facebook.resources.impl.DownloadedFbResources.getDrawable
W/dalvikvm(24241): VFY: unable to resolve virtual method 46880: Lcom/facebook/resources/FbResources;.getDrawable (ILandroid/content/res/Resources$Theme;)Landroid/graphics/drawable/Drawable;
D/dalvikvm(24241): VFY: replacing opcode 0x6f at 0x0031
D/CordovaLog(24094): file:///android_asset/www/js/LoginView.js: Line 14 : Success
I/chromium(24094): [INFO:CONSOLE(14)] "Success", source: file:///android_asset/www/js/LoginView.js (14)
D/WifiService( 1016): New client listening to asynchronous messages
D/CordovaActivity(24094): onMessage(spinner,stop)
D/WifiStateMachine( 1016): handleMessage: E msg.what=151572
D/WifiStateMachine( 1016): processMsg: ConnectedState
D/WifiStateMachine( 1016): processMsg: L2ConnectedState
D/WifiStateMachine( 1016): handleMessage: X
D/CordovaLog(24094): file:///android_asset/www/js/app.js: Line 8 : Uncaught ReferenceError: StatusBar is not defined
I/chromium(24094): [INFO:CONSOLE(8)] "Uncaught ReferenceError: StatusBar is not defined", source: file:///android_asset/www/js/app.js (8)
D/CordovaWebViewClient(24094): onPageFinished(file:///android_asset/www/index.html)
D/CordovaActivity(24094): onMessage(onPageFinished,file:///android_asset/www/index.html)
D/dalvikvm(24241): Trying to load lib /data/app-lib/com.facebook.katana-1/libfb.so 0x42796c18
D/dalvikvm(24241): Added shared lib /data/app-lib/com.facebook.katana-1/libfb.so 0x42796c18
D/dalvikvm(24241): No JNI_OnLoad found in /data/app-lib/com.facebook.katana-1/libfb.so 0x42796c18, skipping init
D/dalvikvm(24241): Trying to load lib /data/app-lib/com.facebook.katana-1/libfbjni.so 0x42796c18
D/dalvikvm(24241): Added shared lib /data/app-lib/com.facebook.katana-1/libfbjni.so 0x42796c18
D/dalvikvm(24241): Trying to load lib /data/app-lib/com.facebook.katana-1/libcares.so 0x42796c18
D/dalvikvm(24241): Added shared lib /data/app-lib/com.facebook.katana-1/libcares.so 0x42796c18
D/dalvikvm(24241): No JNI_OnLoad found in /data/app-lib/com.facebook.katana-1/libcares.so 0x42796c18, skipping init
D/dalvikvm(24241): Trying to load lib /data/app-lib/com.facebook.katana-1/libdouble-conversion.so 0x42796c18
D/dalvikvm(24241): Added shared lib /data/app-lib/com.facebook.katana-1/libdouble-conversion.so 0x42796c18
D/dalvikvm(24241): No JNI_OnLoad found in /data/app-lib/com.facebook.katana-1/libdouble-conversion.so 0x42796c18, skipping init
D/dalvikvm(24241): Trying to load lib /data/app-lib/com.facebook.katana-1/libevent.so 0x42796c18
D/dalvikvm(24241): Added shared lib /data/app-lib/com.facebook.katana-1/libevent.so 0x42796c18
D/dalvikvm(24241): No JNI_OnLoad found in /data/app-lib/com.facebook.katana-1/libevent.so 0x42796c18, skipping init
D/dalvikvm(24241): Trying to load lib /data/app-lib/com.facebook.katana-1/libliger.so 0x42796c18
D/dalvikvm(24241): Added shared lib /data/app-lib/com.facebook.katana-1/libliger.so 0x42796c18
E/dalvikvm(24241): Could not find class 'org.apache.harmony.xnet.provider.jsse.OpenSSLSocketImpl', referenced from method com.facebook.ssl.openssl.check.CheckOpenSSLImplHasRequiredMethods.<clinit>
W/dalvikvm(24241): VFY: unable to resolve const-class 9937 (Lorg/apache/harmony/xnet/provider/jsse/OpenSSLSocketImpl;) in Lcom/facebook/ssl/openssl/check/CheckOpenSSLImplHasRequiredMethods;
D/dalvikvm(24241): VFY: replacing opcode 0x1c at 0x000d
E/dalvikvm(24241): Could not find class 'org.apache.harmony.xnet.provider.jsse.OpenSSLSocketFactoryImpl', referenced from method com.facebook.ssl.openssl.reflect.SSLParametersGetter.<clinit>
W/dalvikvm(24241): VFY: unable to resolve const-class 9936 (Lorg/apache/harmony/xnet/provider/jsse/OpenSSLSocketFactoryImpl;) in Lcom/facebook/ssl/openssl/reflect/SSLParametersGetter;
D/dalvikvm(24241): VFY: replacing opcode 0x1c at 0x000d
E/dalvikvm(24241): Could not find class 'org.apache.harmony.xnet.provider.jsse.SSLParametersImpl', referenced from method com.facebook.ssl.openssl.reflect.SSLParametersGetter.a
W/dalvikvm(24241): VFY: unable to resolve check-cast 9939 (Lorg/apache/harmony/xnet/provider/jsse/SSLParametersImpl;) in Lcom/facebook/ssl/openssl/reflect/SSLParametersGetter;
D/dalvikvm(24241): VFY: replacing opcode 0x1f at 0x0006
E/dalvikvm(24241): Could not find class 'org.apache.harmony.xnet.provider.jsse.SSLParametersImpl', referenced from method com.facebook.ssl.openssl.reflect.SSLSessionTimeoutSetter.<clinit>
W/dalvikvm(24241): VFY: unable to resolve const-class 9939 (Lorg/apache/harmony/xnet/provider/jsse/SSLParametersImpl;) in Lcom/facebook/ssl/openssl/reflect/SSLSessionTimeoutSetter;
D/dalvikvm(24241): VFY: replacing opcode 0x1c at 0x000d
W/dalvikvm(24241): VFY: unable to find class referenced in signature (Lorg/apache/harmony/xnet/provider/jsse/SSLParametersImpl;)
E/dalvikvm(24241): Could not find class 'org.apache.harmony.xnet.provider.jsse.ClientSessionContext', referenced from method com.facebook.ssl.openssl.reflect.SSLSessionTimeoutSetter.a
W/dalvikvm(24241): VFY: unable to resolve check-cast 9935 (Lorg/apache/harmony/xnet/provider/jsse/ClientSessionContext;) in Lcom/facebook/ssl/openssl/reflect/SSLSessionTimeoutSetter;
D/dalvikvm(24241): VFY: replacing opcode 0x1f at 0x0006
W/dalvikvm(24241): VFY: unable to find class referenced in signature (Lorg/apache/harmony/xnet/provider/jsse/SSLParametersImpl;)
W/dalvikvm(24241): Unable to resolve superclass of Lcom/facebook/ssl/openssl/TicketEnabledOpenSSLSocketImplWrapper; (9938)
W/dalvikvm(24241): Link of class 'Lcom/facebook/ssl/openssl/TicketEnabledOpenSSLSocketImplWrapper;' failed
E/dalvikvm(24241): Could not find class 'com.facebook.ssl.openssl.TicketEnabledOpenSSLSocketImplWrapper', referenced from method com.facebook.ssl.openssl.TicketEnabledOpenSSLSocketFactoryHelper.a
W/dalvikvm(24241): VFY: unable to resolve new-instance 7703 (Lcom/facebook/ssl/openssl/TicketEnabledOpenSSLSocketImplWrapper;) in Lcom/facebook/ssl/openssl/TicketEnabledOpenSSLSocketFactoryHelper;
D/dalvikvm(24241): VFY: replacing opcode 0x22 at 0x0000
W/dalvikvm(24241): Unable to resolve superclass of Lcom/facebook/ssl/openssl/TicketEnabledOpenSSLSocketImplWrapper; (9938)
W/dalvikvm(24241): Link of class 'Lcom/facebook/ssl/openssl/TicketEnabledOpenSSLSocketImplWrapper;' failed
D/dalvikvm(24241): DexOpt: unable to opt direct call 0xbd3a at 0x08 in Lcom/facebook/ssl/openssl/TicketEnabledOpenSSLSocketFactoryHelper;.a
D/dalvikvm( 1016): GC_EXPLICIT freed 1403K, 38% free 24437K/39124K, paused 5ms+11ms, total 111ms
D/dalvikvm(24241): Trying to load lib /data/app-lib/com.facebook.katana-1/libheartbleed.so 0x42796c18
D/dalvikvm(24241): Added shared lib /data/app-lib/com.facebook.katana-1/libheartbleed.so 0x42796c18
V/AlarmManager( 1016): sending alarm Alarm{443575f8 type 3 android}
D/WifiStateMachine( 1016): handleMessage: E msg.what=151572
D/WifiStateMachine( 1016): processMsg: ConnectedState
