I/SFPerfTracer(  278):      triggers: (rate: 532:17352) (compose: 0:62) (post: 0:3) (render: 47:4418) (8:256923 frames) (9:762780)
D/SFPerfTracer(  278):        layers: (6:13) (DimLayer: 0:145)* (DimLayer: 0:167)* (FocusedStackFrame: 0:5958)* (StatusBar: 9:57667) (NavigationBar: 9:38641) (DimLayer: 0:11243)* (DimLayer: 0:1280)* (com.android.wallpaper.fall.FallWallpaper: 2:19543) (Starting com.giftme.fb_auth: 0:31)* (com.giftme.fb_auth/com.giftme.fb_auth.FB_Auth: 0:52)* (com.android.launcher/com.android.launcher2.Launcher: 0:14) (Starting com.giftme.fb_auth: 9:18) (com.giftme.fb_auth/com.giftme.fb_auth.FB_Auth: 9:14) 
E/rsC++   (  813): RS Message thread exiting.
D/CordovaLog(27872): file:///android_asset/www/js/app.js: Line 177 : Uncaught SyntaxError: Unexpected token }
I/chromium(27872): [INFO:CONSOLE(177)] "Uncaught SyntaxError: Unexpected token }", source: file:///android_asset/www/js/app.js (177)
D/CordovaActivity(27872): onMessage(spinner,stop)
D/CordovaWebViewClient(27872): onPageFinished(file:///android_asset/www/index.html)
D/CordovaActivity(27872): onMessage(onPageFinished,file:///android_asset/www/index.html)
D/WifiStateMachine( 1016): handleMessage: E msg.what=151572
D/WifiStateMachine( 1016): processMsg: ConnectedState
D/WifiStateMachine( 1016): processMsg: L2ConnectedState
D/WifiStateMachine( 1016): handleMessage: X
I/SFPerfTracer(  278):       trigger: vsync rate (-26.447%)	(44.132 vps)	(22.659 ms)* 	(23 drops)	(100 vsyncs)
I/SFPerfTracer(  278):      triggers: (rate: 178:104723) (230857 sw vsyncs) (217657 skipped) (100:846897 vsyncs) (102:1184043)
D/WifiStateMachine( 1016): handleMessage: E msg.what=151572
D/WifiStateMachine( 1016): processMsg: ConnectedState
D/WifiStateMachine( 1016): processMsg: L2ConnectedState
D/WifiStateMachine( 1016): handleMessage: X
D/dalvikvm( 1078): GC_FOR_ALLOC freed 2962K, 39% free 13468K/22060K, paused 24ms, total 25ms
I/ActivityManager( 1016): START u0 {act=android.intent.action.MAIN cat=[android.intent.category.HOME] flg=0x10200000 cmp=com.android.launcher/com.android.launcher2.Launcher} from pid 1016
W/ContextImpl( 1231): Calling a method in the system process without a qualified user: android.app.ContextImpl.sendBroadcast:1252 android.content.ContextWrapper.sendBroadcast:365 com.motorola.motocare.util.TriggerHelper$TriggerBuilder.send:76 com.motorola.motocare.internal.frameworkevents.PauseResumeTrigger.handleFrameworkEvent:53 com.motorola.motocare.internal.frameworkevents.FwEventMonitor$FrameworkListener.processFrameworkEvent:114 
D/CordovaActivity(27872): Paused the application!
D/CordovaWebView(27872): Handle the pause
W/ContextImpl( 1231): Calling a method in the system process without a qualified user: android.app.ContextImpl.sendBroadcast:1252 android.content.ContextWrapper.sendBroadcast:365 com.motorola.motocare.util.TriggerHelper$TriggerBuilder.send:76 com.motorola.motocare.internal.frameworkevents.PauseResumeTrigger.handleFrameworkEvent:53 com.motorola.motocare.internal.frameworkevents.FwEventMonitor$FrameworkListener.processFrameworkEvent:114 
I/Adreno-EGL(  813): <qeglDrvAPI_eglInitialize:410>: EGL 1.4 QUALCOMM build: AU_LINUX_ANDROID_LNX.LA.3.5.1_RB1.04.04.02.048.018_msm8226_LNX.LA.3.5.1_RB1__release_AU ()
I/Adreno-EGL(  813): OpenGL ES Shader Compiler Version: E031.24.00.08
I/Adreno-EGL(  813): Build Date: 03/07/14 Fri
I/Adreno-EGL(  813): Local Branch: 
I/Adreno-EGL(  813): Remote Branch: quic/LNX.LA.3.5.1_RB1.1
I/Adreno-EGL(  813): Local Patches: NONE
I/Adreno-EGL(  813): Reconstruct Branch: AU_LINUX_ANDROID_LNX.LA.3.5.1_RB1.04.04.02.048.018 + f2fd134 +  NOTHING
W/InputMethodManagerService( 1016): Starting input on non-focused client com.android.internal.view.IInputMethodClient$Stub$Proxy@42fdecb0 (uid=10106 pid=27872)
W/IInputConnectionWrapper(27872): showStatusIcon on inactive InputConnection
D/dalvikvm( 1078): GC_CONCURRENT freed 1685K, 38% free 13830K/22060K, paused 3ms+3ms, total 26ms
D/dalvikvm( 1078): WAIT_FOR_CONCURRENT_GC blocked 19ms
V/RenderScript(  813): 0x6575ebd0 Launching thread(s), CPUs 4
I/LaunchCheckinHandler( 1016): Displayed com.android.launcher/com.android.launcher2.Launcher,wp,wa,187
D/WifiStateMachine( 1016): handleMessage: E msg.what=151572
D/WifiStateMachine( 1016): processMsg: ConnectedState
D/WifiStateMachine( 1016): processMsg: L2ConnectedState
D/WifiStateMachine( 1016): handleMessage: X
D/WifiStateMachine( 1016): handleMessage: E msg.what=131155
D/WifiStateMachine( 1016): processMsg: ConnectedState
D/WifiStateMachine( 1016): processMsg: L2ConnectedState
D/WifiStateMachine( 1016): handleMessage: X
W/ManagedEGLContext(27872): doTerminate failed: EGL count is 2 but managed count is 1
I/SFPerfTracer(  278):      triggers: (rate: 532:17354) (compose: 0:62) (post: 0:3) (render: 47:4418) (0:256955 frames) (1:762880)
D/SFPerfTracer(  278):        layers: (4:12) (DimLayer: 0:145)* (DimLayer: 0:167)* (FocusedStackFrame: 0:5959)* (StatusBar: 0:57693) (NavigationBar: 0:38695) (DimLayer: 0:11243)* (DimLayer: 0:1280)* (com.android.wallpaper.fall.FallWallpaper: 1:19558) (com.android.launcher/com.android.launcher2.Launcher: 0:14)* (Starting com.giftme.fb_auth: 0:19)* (com.giftme.fb_auth/com.giftme.fb_auth.FB_Auth: 0:63)* (com.android.launcher/com.android.launcher2.Launcher: 1:29) 
D/WifiStateMachine( 1016): handleMessage: E msg.what=151572
D/WifiStateMachine( 1016): processMsg: ConnectedState
D/WifiStateMachine( 1016): processMsg: L2ConnectedState
D/WifiStateMachine( 1016): handleMessage: X
I/ActivityManager( 1016): START u0 {act=android.intent.action.MAIN cat=[android.intent.category.LAUNCHER] flg=0x10200000 cmp=com.giftme.fb_auth/.FB_Auth bnds=[360,385][520,585]} from pid 813
W/ContextImpl( 1231): Calling a method in the system process without a qualified user: android.app.ContextImpl.sendBroadcast:1252 android.content.ContextWrapper.sendBroadcast:365 com.motorola.motocare.util.TriggerHelper$TriggerBuilder.send:76 com.motorola.motocare.internal.frameworkevents.PauseResumeTrigger.handleFrameworkEvent:53 com.motorola.motocare.internal.frameworkevents.FwEventMonitor$FrameworkListener.processFrameworkEvent:114 
D/CordovaActivity(27872): Resuming the App
W/ContextImpl( 1231): Calling a method in the system process without a qualified user: android.app.ContextImpl.sendBroadcast:1252 android.content.ContextWrapper.sendBroadcast:365 com.motorola.motocare.util.TriggerHelper$TriggerBuilder.send:76 com.motorola.motocare.internal.frameworkevents.PauseResumeTrigger.handleFrameworkEvent:53 com.motorola.motocare.internal.frameworkevents.FwEventMonitor$FrameworkListener.processFrameworkEvent:114 
V/PhoneStatusBar( 1078): setLightsOn(true)
W/InputMethodManagerService( 1016): Starting input on non-focused client com.android.internal.view.IInputMethodClient$Stub$Proxy@4441e118 (uid=10029 pid=813)
V/PhoneStatusBar( 1078): setLightsOn(true)
I/LaunchCheckinHandler( 1016): Displayed com.giftme.fb_auth/.FB_Auth,wp,wa,80
E/rsC++   (  813): RS Message thread exiting.
D/WifiStateMachine( 1016): handleMessage: E msg.what=151572
D/WifiStateMachine( 1016): processMsg: ConnectedState
D/WifiStateMachine( 1016): processMsg: L2ConnectedState
D/WifiStateMachine( 1016): handleMessage: X
I/SFPerfTracer(  278):      triggers: (rate: 178:104726) (230857 sw vsyncs) (217735 skipped) (121:847056 vsyncs) (123:1184213)
D/WifiStateMachine( 1016): handleMessage: E msg.what=151572
D/WifiStateMachine( 1016): processMsg: ConnectedState
D/WifiStateMachine( 1016): processMsg: L2ConnectedState
D/WifiStateMachine( 1016): handleMessage: X
D/WifiStateMachine( 1016): handleMessage: E msg.what=131155
D/WifiStateMachine( 1016): processMsg: ConnectedState
D/WifiStateMachine( 1016): processMsg: L2ConnectedState
D/WifiStateMachine( 1016): handleMessage: X
D/dalvikvm( 4908): GC_CONCURRENT freed 1974K, 39% free 10557K/17224K, paused 2ms+5ms, total 27ms
D/dalvikvm( 4908): WAIT_FOR_CONCURRENT_GC blocked 24ms
D/WifiStateMachine( 1016): handleMessage: E msg.what=151572
D/WifiStateMachine( 1016): processMsg: ConnectedState
D/WifiStateMachine( 1016): processMsg: L2ConnectedState
D/WifiStateMachine( 1016): handleMessage: X
W/ProcessCpuTracker( 1016): Skipping unknown process pid 28063
W/ProcessCpuTracker( 1016): Skipping unknown process pid 28066
D/WifiStateMachine( 1016): handleMessage: E msg.what=151572
D/WifiStateMachine( 1016): processMsg: ConnectedState
D/WifiStateMachine( 1016): processMsg: L2ConnectedState
D/WifiStateMachine( 1016): handleMessage: X
D/Ulp_jni ( 1016): Location CB invoked
D/WifiStateMachine( 1016): handleMessage: E msg.what=151572
D/WifiStateMachine( 1016): processMsg: ConnectedState
D/WifiStateMachine( 1016): processMsg: L2ConnectedState
D/WifiStateMachine( 1016): handleMessage: X
D/WifiStateMachine( 1016): handleMessage: E msg.what=131155
D/WifiStateMachine( 1016): processMsg: ConnectedState
D/WifiStateMachine( 1016): processMsg: L2ConnectedState
D/WifiStateMachine( 1016): handleMessage: X
D/dalvikvm( 1078): GC_EXPLICIT freed 539K, 38% free 13445K/21680K, paused 7ms+4ms, total 41ms
D/WifiStateMachine( 1016): handleMessage: E msg.what=151572
D/WifiStateMachine( 1016): processMsg: ConnectedState
D/WifiStateMachine( 1016): processMsg: L2ConnectedState
D/WifiStateMachine( 1016): handleMessage: X
D/WifiStateMachine( 1016): handleMessage: E msg.what=151572
D/WifiStateMachine( 1016): processMsg: ConnectedState
D/WifiStateMachine( 1016): processMsg: L2ConnectedState
D/WifiStateMachine( 1016): handleMessage: X
D/WifiStateMachine( 1016): handleMessage: E msg.what=151572
D/WifiStateMachine( 1016): processMsg: ConnectedState
D/WifiStateMachine( 1016): processMsg: L2ConnectedState
D/WifiStateMachine( 1016): handleMessage: X
D/WifiStateMachine( 1016): handleMessage: E msg.what=131155
D/WifiStateMachine( 1016): processMsg: ConnectedState
D/WifiStateMachine( 1016): processMsg: L2ConnectedState
D/WifiStateMachine( 1016): handleMessage: X
D/WifiStateMachine( 1016): handleMessage: E msg.what=151572
D/WifiStateMachine( 1016): processMsg: ConnectedState
D/WifiStateMachine( 1016): processMsg: L2ConnectedState
D/WifiStateMachine( 1016): handleMessage: X
D/WifiStateMachine( 1016): handleMessage: E msg.what=151572
D/WifiStateMachine( 1016): processMsg: ConnectedState
D/WifiStateMachine( 1016): processMsg: L2ConnectedState
D/WifiStateMachine( 1016): handleMessage: X
D/dalvikvm( 1231): GC_EXPLICIT freed 1445K, 46% free 9316K/17224K, paused 7ms+3ms, total 35ms
D/WifiStateMachine( 1016): handleMessage: E msg.what=151572
D/WifiStateMachine( 1016): processMsg: ConnectedState
D/WifiStateMachine( 1016): processMsg: L2ConnectedState
D/WifiStateMachine( 1016): handleMessage: X
D/WifiStateMachine( 1016): handleMessage: E msg.what=131155
D/WifiStateMachine( 1016): processMsg: ConnectedState
D/WifiStateMachine( 1016): processMsg: L2ConnectedState
D/WifiStateMachine( 1016): handleMessage: X
D/CordovaWebView(27872): The current URL is: file:///android_asset/www/index.html
D/CordovaWebView(27872): The URL at item 0 is: file:///android_asset/www/index.html
D/CordovaActivity(27872): Paused the application!
D/CordovaWebView(27872): Handle the pause
W/ContextImpl( 1231): Calling a method in the system process without a qualified user: android.app.ContextImpl.sendBroadcast:1252 android.content.ContextWrapper.sendBroadcast:365 com.motorola.motocare.util.TriggerHelper$TriggerBuilder.send:76 com.motorola.motocare.internal.frameworkevents.PauseResumeTrigger.handleFrameworkEvent:53 com.motorola.motocare.internal.frameworkevents.FwEventMonitor$FrameworkListener.processFrameworkEvent:114 
W/ContextImpl( 1231): Calling a method in the system process without a qualified user: android.app.ContextImpl.sendBroadcast:1252 android.content.ContextWrapper.sendBroadcast:365 com.motorola.motocare.util.TriggerHelper$TriggerBuilder.send:76 com.motorola.motocare.internal.frameworkevents.PauseResumeTrigger.handleFrameworkEvent:53 com.motorola.motocare.internal.frameworkevents.FwEventMonitor$FrameworkListener.processFrameworkEvent:114 
I/Adreno-EGL(  813): <qeglDrvAPI_eglInitialize:410>: EGL 1.4 QUALCOMM build: AU_LINUX_ANDROID_LNX.LA.3.5.1_RB1.04.04.02.048.018_msm8226_LNX.LA.3.5.1_RB1__release_AU ()
I/Adreno-EGL(  813): OpenGL ES Shader Compiler Version: E031.24.00.08
I/Adreno-EGL(  813): Build Date: 03/07/14 Fri
I/Adreno-EGL(  813): Local Branch: 
I/Adreno-EGL(  813): Remote Branch: quic/LNX.LA.3.5.1_RB1.1
I/Adreno-EGL(  813): Local Patches: NONE
I/Adreno-EGL(  813): Reconstruct Branch: AU_LINUX_ANDROID_LNX.LA.3.5.1_RB1.04.04.02.048.018 + f2fd134 +  NOTHING
V/RenderScript(  813): 0x6575ebd0 Launching thread(s), CPUs 4
I/SFPerfTracer(  278):      triggers: (rate: 532:17354) (compose: 0:62) (post: 0:3) (render: 47:4418) (8:256979 frames) (9:762980)
D/SFPerfTracer(  278):        layers: (3:11) (DimLayer: 0:145)* (DimLayer: 0:167)* (FocusedStackFrame: 1:5960)* (StatusBar: 0:57716) (NavigationBar: 9:38743) (DimLayer: 0:11243)* (DimLayer: 0:1280)* (com.android.wallpaper.fall.FallWallpaper: 1:19573)* (com.android.launcher/com.android.launcher2.Launcher: 0:55)* (com.giftme.fb_auth/com.giftme.fb_auth.FB_Auth: 0:37) (com.android.launcher/com.android.launcher2.Launcher: 9:10)* 
D/WifiStateMachine( 1016): handleMessage: E msg.what=151572
D/WifiStateMachine( 1016): processMsg: ConnectedState
D/WifiStateMachine( 1016): processMsg: L2ConnectedState
D/WifiStateMachine( 1016): handleMessage: X
V/AlarmManager( 1016): sending alarm Alarm{42f74a08 type 2 com.google.android.talk}
V/AlarmManager( 1016): sending alarm Alarm{42e01988 type 2 com.whatsapp}
W/ManagedEGLContext(27872): doTerminate failed: EGL count is 2 but managed count is 1
D/CordovaActivity(27872): CordovaActivity.onDestroy()
D/CordovaWebView(27872): >>> loadUrlNow()
D/CordovaWebViewClient(27872): onPageFinished(about:blank)
D/CordovaActivity(27872): onMessage(onPageFinished,about:blank)
D/CordovaActivity(27872): onMessage(exit,null)
D/WifiStateMachine( 1016): handleMessage: E msg.what=151572
D/WifiStateMachine( 1016): processMsg: ConnectedState
D/WifiStateMachine( 1016): processMsg: L2ConnectedState
D/WifiStateMachine( 1016): handleMessage: X
D/WifiStateMachine( 1016): handleMessage: E msg.what=151572
D/WifiStateMachine( 1016): processMsg: ConnectedState
D/WifiStateMachine( 1016): processMsg: L2ConnectedState
D/WifiStateMachine( 1016): handleMessage: X
D/WifiStateMachine( 1016): handleMessage: E msg.what=131155
D/WifiStateMachine( 1016): processMsg: ConnectedState
D/WifiStateMachine( 1016): processMsg: L2ConnectedState
D/WifiStateMachine( 1016): handleMessage: X
I/ActivityManager( 1016): Process com.motorola.camera (pid 27313) has died.
W/ActivityManager( 1016): Scheduling restart of crashed service com.motorola.camera/.device.CameraService in 1000ms
I/ActivityManager( 1016): START u0 {act=android.intent.action.MAIN cat=[android.intent.category.LAUNCHER] flg=0x10200000 cmp=com.giftme.fb_auth/.FB_Auth bnds=[360,385][520,585]} from pid 813
W/ContextImpl( 1231): Calling a method in the system process without a qualified user: android.app.ContextImpl.sendBroadcast:1252 android.content.ContextWrapper.sendBroadcast:365 com.motorola.motocare.util.TriggerHelper$TriggerBuilder.send:76 com.motorola.motocare.internal.frameworkevents.PauseResumeTrigger.handleFrameworkEvent:53 com.motorola.motocare.internal.frameworkevents.FwEventMonitor$FrameworkListener.processFrameworkEvent:114 
W/ContextImpl( 1231): Calling a method in the system process without a qualified user: android.app.ContextImpl.sendBroadcast:1252 android.content.ContextWrapper.sendBroadcast:365 com.motorola.motocare.util.TriggerHelper$TriggerBuilder.send:76 com.motorola.motocare.internal.frameworkevents.PauseResumeTrigger.handleFrameworkEvent:53 com.motorola.motocare.internal.frameworkevents.FwEventMonitor$FrameworkListener.processFrameworkEvent:114 
I/CordovaActivity(27872): Apache Cordova native platform version 3.7.1 is starting
D/CordovaActivity(27872): CordovaActivity.onCreate()
I/CordovaLog(27872): Changing log level to DEBUG(3)
D/CordovaActivity(27872): CordovaActivity.init()
D/CordovaActivity(27872): CordovaActivity.createViews()
D/PluginManager(27872): init()
D/CordovaWebView(27872): CordovaWebView is running on device made by: motorola
D/CordovaWebView(27872): >>> loadUrl(file:///android_asset/www/index.html)
D/CordovaWebView(27872): >>> loadUrlNow()
D/CordovaActivity(27872): Resuming the App
D/SoftKeyboardDetect(27872): Ignore this event
V/PhoneStatusBar( 1078): setLightsOn(true)
D/SoftKeyboardDetect(27872): Ignore this event
D/CordovaWebViewClient(27872): onPageStarted(file:///android_asset/www/index.html)
I/LaunchCheckinHandler( 1016): Displayed com.giftme.fb_auth/.FB_Auth,wp,ca,113
D/CordovaActivity(27872): onMessage(onPageStarted,file:///android_asset/www/index.html)
I/ActivityManager( 1016): Displayed com.giftme.fb_auth/.FB_Auth: +115ms
D/JsMessageQueue(27872): Set native->JS mode to OnlineEventsBridgeMode
D/Ulp_jni ( 1016): Location CB invoked
E/rsC++   (  813): RS Message thread exiting.
D/WifiStateMachine( 1016): handleMessage: E msg.what=151572
D/WifiStateMachine( 1016): processMsg: ConnectedState
D/WifiStateMachine( 1016): processMsg: L2ConnectedState
D/WifiStateMachine( 1016): handleMessage: X
D/CordovaLog(27872): file:///android_asset/www/js/app.js: Line 177 : Uncaught SyntaxError: Unexpected token }
I/chromium(27872): [INFO:CONSOLE(177)] "Uncaught SyntaxError: Unexpected token }", source: file:///android_asset/www/js/app.js (177)
D/CordovaActivity(27872): onMessage(spinner,stop)
D/CordovaWebViewClient(27872): onPageFinished(file:///android_asset/www/index.html)
D/CordovaActivity(27872): onMessage(onPageFinished,file:///android_asset/www/index.html)
D/WifiStateMachine( 1016): handleMessage: E msg.what=151572
D/WifiStateMachine( 1016): processMsg: ConnectedState
D/WifiStateMachine( 1016): processMsg: L2ConnectedState
D/WifiStateMachine( 1016): handleMessage: X
I/SFPerfTracer(  278):       trigger: vsync rate (-44.791%)	(33.125 vps)	(30.188 ms)* 	(62 drops)	(117 vsyncs)
I/SFPerfTracer(  278):      triggers: (rate: 179:104788) (230857 sw vsyncs) (217870 skipped) (117:847210 vsyncs) (119:1184378)
I/SFPerfTracer(  278):      triggers: (rate: 532:17354) (compose: 0:62) (post: 0:3) (render: 47:4418) (0:257013 frames) (1:763080)
D/SFPerfTracer(  278):        layers: (3:12) (DimLayer: 0:145)* (DimLayer: 0:167)* (FocusedStackFrame: 0:5965)* (StatusBar: 0:57754) (NavigationBar: 1:38800) (DimLayer: 0:11243)* (DimLayer: 0:1280)* (com.android.wallpaper.fall.FallWallpaper: 0:19619)* (com.giftme.fb_auth/com.giftme.fb_auth.FB_Auth: 0:61)* (com.android.launcher/com.android.launcher2.Launcher: 0:15)* (Starting com.giftme.fb_auth: 0:16)* (com.giftme.fb_auth/com.giftme.fb_auth.FB_Auth: 0:23) 
D/WifiStateMachine( 1016): handleMessage: E msg.what=151572
D/WifiStateMachine( 1016): processMsg: ConnectedState
D/WifiStateMachine( 1016): processMsg: L2ConnectedState
D/WifiStateMachine( 1016): handleMessage: X
D/WifiStateMachine( 1016): handleMessage: E msg.what=131155
D/WifiStateMachine( 1016): processMsg: ConnectedState
D/WifiStateMachine( 1016): processMsg: L2ConnectedState
D/WifiStateMachine( 1016): handleMessage: X
