V/AlarmManager( 1025): sending alarm Alarm{428da0b8 type 2 com.google.android.talk}
V/AlarmManager( 1025): sending alarm Alarm{428d4240 type 3 com.devexpert.weather}
V/AlarmManager( 1025): sending alarm Alarm{428cb230 type 2 android}
D/ConnectivityService( 1025): Sampling interval elapsed, updating statistics ..
D/ConnectivityService( 1025): Done.
D/ConnectivityService( 1025): Setting timer for 720seconds
V/AlarmManager( 1025): sending alarm Alarm{429cd710 type 2 com.google.android.gms}
D/WifiService( 1025): acquireWifiLockLocked: WifiLock{NlpWifiLock type=2 binder=android.os.BinderProxy@4305ce30}
V/AlarmManager( 1025): sending alarm Alarm{429974f8 type 2 com.google.android.gms}
D/WifiService( 1025): releaseWifiLockLocked: WifiLock{NlpWifiLock type=2 binder=android.os.BinderProxy@4305ce30}
V/AlarmManager( 1025): sending alarm Alarm{430783b8 type 2 com.google.android.gms}
V/AlarmManager( 1025): sending alarm Alarm{43078368 type 2 com.google.android.gms}
D/WifiService( 1025): acquireWifiLockLocked: WifiLock{NlpWifiLock type=2 binder=android.os.BinderProxy@4305ce30}
D/WifiService( 1025): releaseWifiLockLocked: WifiLock{NlpWifiLock type=2 binder=android.os.BinderProxy@4305ce30}
V/AlarmManager( 1025): sending alarm Alarm{42c2d820 type 2 com.google.android.gms}
D/WifiService( 1025): acquireWifiLockLocked: WifiLock{NlpWifiLock type=2 binder=android.os.BinderProxy@4305ce30}
D/WifiService( 1025): releaseWifiLockLocked: WifiLock{NlpWifiLock type=2 binder=android.os.BinderProxy@4305ce30}
V/AlarmManager( 1025): sending alarm Alarm{42b415e8 type 3 android}
V/AlarmManager( 1025): sending alarm Alarm{42b59e60 type 2 com.google.android.gms}
D/WifiService( 1025): acquireWifiLockLocked: WifiLock{NlpWifiLock type=2 binder=android.os.BinderProxy@4305ce30}
D/WifiService( 1025): releaseWifiLockLocked: WifiLock{NlpWifiLock type=2 binder=android.os.BinderProxy@4305ce30}
V/AlarmManager( 1025): sending alarm Alarm{42db2c40 type 3 com.devexpert.weather}
V/AlarmManager( 1025): sending alarm Alarm{42d4eed0 type 2 com.facebook.katana}
V/AlarmManager( 1025): sending alarm Alarm{42d4dcc8 type 2 com.google.android.talk}
V/AlarmManager( 1025): sending alarm Alarm{42d4cc60 type 2 com.google.android.talk}
V/AlarmManager( 1025): sending alarm Alarm{42db6d18 type 2 com.google.android.gms}
D/WifiService( 1025): acquireWifiLockLocked: WifiLock{NlpWifiLock type=2 binder=android.os.BinderProxy@4305ce30}
D/WifiService( 1025): releaseWifiLockLocked: WifiLock{NlpWifiLock type=2 binder=android.os.BinderProxy@4305ce30}
W/ProcessCpuTracker( 1025): Skipping unknown process pid 17986
W/ProcessCpuTracker( 1025): Skipping unknown process pid 17987
W/ProcessCpuTracker( 1025): Skipping unknown process pid 17990
W/ProcessCpuTracker( 1025): Skipping unknown process pid 17991
V/AlarmManager( 1025): sending alarm Alarm{428c8308 type 2 com.google.android.gms}
D/WifiService( 1025): acquireWifiLockLocked: WifiLock{NlpWifiLock type=2 binder=android.os.BinderProxy@4305ce30}
D/WifiService( 1025): releaseWifiLockLocked: WifiLock{NlpWifiLock type=2 binder=android.os.BinderProxy@4305ce30}
V/AlarmManager( 1025): sending alarm Alarm{42d0d0f0 type 2 com.google.android.gms}
V/AlarmManager( 1025): sending alarm Alarm{42c96d18 type 3 android}
D/ConnectivityService( 1025): handleInetConditionHoldEnd: net=1, condition=100, published condition=100
V/AlarmManager( 1025): sending alarm Alarm{42c93198 type 3 com.devexpert.weather}
V/AlarmManager( 1025): sending alarm Alarm{42c92ac8 type 2 com.google.android.talk}
V/AlarmManager( 1025): sending alarm Alarm{42c91c38 type 2 com.google.android.gms}
D/WifiService( 1025): acquireWifiLockLocked: WifiLock{NlpWifiLock type=2 binder=android.os.BinderProxy@4305ce30}
V/AlarmManager( 1025): sending alarm Alarm{4290dfb8 type 2 com.google.android.gms}
D/WifiService( 1025): releaseWifiLockLocked: WifiLock{NlpWifiLock type=2 binder=android.os.BinderProxy@4305ce30}
V/AlarmManager( 1025): sending alarm Alarm{42b1d4c8 type 2 com.facebook.katana}
V/AlarmManager( 1025): sending alarm Alarm{429b7bd8 type 2 com.facebook.katana}
V/AlarmManager( 1025): sending alarm Alarm{429a95f0 type 2 com.google.android.gms}
D/WifiService( 1025): acquireWifiLockLocked: WifiLock{NlpWifiLock type=2 binder=android.os.BinderProxy@4305ce30}
D/WifiService( 1025): releaseWifiLockLocked: WifiLock{NlpWifiLock type=2 binder=android.os.BinderProxy@4305ce30}
V/AlarmManager( 1025): sending alarm Alarm{4298fd30 type 2 com.google.android.gms}
D/WifiService( 1025): acquireWifiLockLocked: WifiLock{NlpWifiLock type=2 binder=android.os.BinderProxy@4305ce30}
D/WifiService( 1025): releaseWifiLockLocked: WifiLock{NlpWifiLock type=2 binder=android.os.BinderProxy@4305ce30}
V/AlarmManager( 1025): sending alarm Alarm{42cd7cd0 type 3 android}
V/AlarmManager( 1025): sending alarm Alarm{42cdf918 type 2 com.google.android.gms}
D/WifiService( 1025): acquireWifiLockLocked: WifiLock{NlpWifiLock type=2 binder=android.os.BinderProxy@4305ce30}
D/WifiService( 1025): releaseWifiLockLocked: WifiLock{NlpWifiLock type=2 binder=android.os.BinderProxy@4305ce30}
V/AlarmManager( 1025): sending alarm Alarm{42c30840 type 3 com.devexpert.weather}
V/AlarmManager( 1025): sending alarm Alarm{42c27c70 type 2 com.google.android.talk}
V/AlarmManager( 1025): sending alarm Alarm{42c307d8 type 2 com.google.android.gms}
D/WifiService( 1025): acquireWifiLockLocked: WifiLock{NlpWifiLock type=2 binder=android.os.BinderProxy@4305ce30}
D/WifiService( 1025): releaseWifiLockLocked: WifiLock{NlpWifiLock type=2 binder=android.os.BinderProxy@4305ce30}
V/AlarmManager( 1025): sending alarm Alarm{42f360d0 type 2 com.google.android.gms}
D/WifiService( 1025): acquireWifiLockLocked: WifiLock{NlpWifiLock type=2 binder=android.os.BinderProxy@4305ce30}
D/WifiService( 1025): releaseWifiLockLocked: WifiLock{NlpWifiLock type=2 binder=android.os.BinderProxy@4305ce30}
V/AlarmManager( 1025): sending alarm Alarm{43985320 type 3 android}
V/AlarmManager( 1025): sending alarm Alarm{42ab9d90 type 3 com.devexpert.weather}
V/AlarmManager( 1025): sending alarm Alarm{42ab9e68 type 2 com.google.android.talk}
V/AlarmManager( 1025): sending alarm Alarm{42bee378 type 2 com.google.android.gms}
V/AlarmManager( 1025): sending alarm Alarm{42bee3c8 type 0 com.viber.voip}
V/AlarmManager( 1025): sending alarm Alarm{430b0b50 type 2 com.google.android.gms}
V/AlarmManager( 1025): sending alarm Alarm{430b3ad0 type 2 com.google.android.gms}
D/WifiService( 1025): acquireWifiLockLocked: WifiLock{NlpWifiLock type=2 binder=android.os.BinderProxy@4305ce30}
D/WifiService( 1025): releaseWifiLockLocked: WifiLock{NlpWifiLock type=2 binder=android.os.BinderProxy@4305ce30}
V/AlarmManager( 1025): sending alarm Alarm{42c53c38 type 2 com.google.android.gms}
V/AlarmManager( 1025): sending alarm Alarm{42c53a98 type 0 com.twitter.android}
I/ActivityManager( 1025): Start proc com.twitter.android for service com.twitter.android/com.twitter.library.platform.TwitterDataSyncService: pid=18037 uid=10132 gids={50132, 3003, 1028, 1015}
V/AlarmManager( 1025): sending alarm Alarm{42c52310 type 2 com.google.android.gms}
V/AlarmManager( 1025): sending alarm Alarm{42c597c8 type 2 com.google.android.gms}
D/WifiService( 1025): acquireWifiLockLocked: WifiLock{NlpWifiLock type=2 binder=android.os.BinderProxy@4305ce30}
W/Vold    (  261): Returning OperationFailed - no handler for errno 30
D/WifiService( 1025): releaseWifiLockLocked: WifiLock{NlpWifiLock type=2 binder=android.os.BinderProxy@4305ce30}
W/Vold    (  261): Returning OperationFailed - no handler for errno 30
I/ActivityManager( 1025): Process com.google.android.googlequicksearchbox:search (pid 15950) has died.
W/Vold    (  261): Returning OperationFailed - no handler for errno 30
V/AlarmManager( 1025): sending alarm Alarm{42930710 type 2 com.google.android.gms}
W/Vold    (  261): Returning OperationFailed - no handler for errno 30
W/Vold    (  261): Returning OperationFailed - no handler for errno 30
V/AlarmManager( 1025): sending alarm Alarm{420155d8 type 2 com.google.android.gms}
V/AlarmManager( 1025): sending alarm Alarm{42a40b30 type 3 android}
V/AlarmManager( 1025): sending alarm Alarm{42a3df20 type 2 com.google.android.gms}
V/AlarmManager( 1025): sending alarm Alarm{42a3d4d8 type 3 com.devexpert.weather}
D/WifiService( 1025): acquireWifiLockLocked: WifiLock{NlpWifiLock type=2 binder=android.os.BinderProxy@4305ce30}
D/WifiService( 1025): releaseWifiLockLocked: WifiLock{NlpWifiLock type=2 binder=android.os.BinderProxy@4305ce30}
V/AlarmManager( 1025): sending alarm Alarm{42a9d1b0 type 2 android}
V/AlarmManager( 1025): sending alarm Alarm{42a9d3e8 type 2 com.google.android.gms}
D/WifiService( 1025): acquireWifiLockLocked: WifiLock{NlpWifiLock type=2 binder=android.os.BinderProxy@4305ce30}
D/WifiService( 1025): releaseWifiLockLocked: WifiLock{NlpWifiLock type=2 binder=android.os.BinderProxy@4305ce30}
V/AlarmManager( 1025): sending alarm Alarm{42ca3660 type 2 com.google.android.gms}
D/WifiService( 1025): acquireWifiLockLocked: WifiLock{NlpWifiLock type=2 binder=android.os.BinderProxy@4305ce30}
D/WifiService( 1025): releaseWifiLockLocked: WifiLock{NlpWifiLock type=2 binder=android.os.BinderProxy@4305ce30}
V/AlarmManager( 1025): sending alarm Alarm{42c01f60 type 3 android}
V/AlarmManager( 1025): sending alarm Alarm{42c045e8 type 2 com.google.android.gms}
D/WifiService( 1025): acquireWifiLockLocked: WifiLock{NlpWifiLock type=2 binder=android.os.BinderProxy@4305ce30}
V/AlarmManager( 1025): sending alarm Alarm{426be638 type 2 com.google.android.gms}
D/WifiService( 1025): releaseWifiLockLocked: WifiLock{NlpWifiLock type=2 binder=android.os.BinderProxy@4305ce30}
D/ConnectivityService( 1025): handleInetConditionHoldEnd: net=1, condition=100, published condition=100
V/AlarmManager( 1025): sending alarm Alarm{43817b00 type 3 com.devexpert.weather}
V/AlarmManager( 1025): sending alarm Alarm{437b8f38 type 2 com.google.android.talk}
V/AlarmManager( 1025): sending alarm Alarm{43792cd0 type 2 com.google.android.gms}
D/WifiService( 1025): acquireWifiLockLocked: WifiLock{NlpWifiLock type=2 binder=android.os.BinderProxy@42c65378}
V/AlarmManager( 1025): sending alarm Alarm{42ba5f98 type 2 com.google.android.gms}
D/WifiService( 1025): releaseWifiLockLocked: WifiLock{NlpWifiLock type=2 binder=android.os.BinderProxy@42c65378}
V/AlarmManager( 1025): sending alarm Alarm{42b6d490 type 2 com.google.android.gms}
D/WifiService( 1025): acquireWifiLockLocked: WifiLock{NlpWifiLock type=2 binder=android.os.BinderProxy@42c65378}
D/WifiService( 1025): releaseWifiLockLocked: WifiLock{NlpWifiLock type=2 binder=android.os.BinderProxy@42c65378}
V/AlarmManager( 1025): sending alarm Alarm{42b03780 type 3 android}
V/AlarmManager( 1025): sending alarm Alarm{42b03140 type 3 com.devexpert.weather}
V/AlarmManager( 1025): sending alarm Alarm{42b04590 type 2 com.google.android.gms}
D/WifiService( 1025): acquireWifiLockLocked: WifiLock{NlpWifiLock type=2 binder=android.os.BinderProxy@42c65378}
D/WifiService( 1025): releaseWifiLockLocked: WifiLock{NlpWifiLock type=2 binder=android.os.BinderProxy@42c65378}
V/AlarmManager( 1025): sending alarm Alarm{429de100 type 2 com.google.android.gms}
D/WifiService( 1025): acquireWifiLockLocked: WifiLock{NlpWifiLock type=2 binder=android.os.BinderProxy@42c65378}
D/WifiService( 1025): releaseWifiLockLocked: WifiLock{NlpWifiLock type=2 binder=android.os.BinderProxy@42c65378}
V/AlarmManager( 1025): sending alarm Alarm{42b2bf68 type 2 com.google.android.gms}
D/WifiService( 1025): acquireWifiLockLocked: WifiLock{NlpWifiLock type=2 binder=android.os.BinderProxy@42c65378}
D/WifiService( 1025): releaseWifiLockLocked: WifiLock{NlpWifiLock type=2 binder=android.os.BinderProxy@42c65378}
V/AlarmManager( 1025): sending alarm Alarm{42a1cb10 type 3 android}
V/AlarmManager( 1025): sending alarm Alarm{42a14be0 type 3 com.devexpert.weather}
V/AlarmManager( 1025): sending alarm Alarm{42a0bc70 type 2 com.google.android.talk}
V/AlarmManager( 1025): sending alarm Alarm{42a26d00 type 2 com.google.android.gms}
D/WifiService( 1025): acquireWifiLockLocked: WifiLock{NlpWifiLock type=2 binder=android.os.BinderProxy@42c65378}
D/WifiService( 1025): releaseWifiLockLocked: WifiLock{NlpWifiLock type=2 binder=android.os.BinderProxy@42c65378}
V/AlarmManager( 1025): sending alarm Alarm{42ce57a8 type 2 com.google.android.gms}
D/WifiService( 1025): acquireWifiLockLocked: WifiLock{NlpWifiLock type=2 binder=android.os.BinderProxy@42c65378}
V/AlarmManager( 1025): sending alarm Alarm{431df6a0 type 2 com.google.android.gms}
D/WifiService( 1025): releaseWifiLockLocked: WifiLock{NlpWifiLock type=2 binder=android.os.BinderProxy@42c65378}
V/AlarmManager( 1025): sending alarm Alarm{429bd7f8 type 2 com.google.android.gms}
D/WifiService( 1025): acquireWifiLockLocked: WifiLock{NlpWifiLock type=2 binder=android.os.BinderProxy@42c65378}
D/WifiService( 1025): releaseWifiLockLocked: WifiLock{NlpWifiLock type=2 binder=android.os.BinderProxy@42c65378}
V/AlarmManager( 1025): sending alarm Alarm{42962260 type 3 android}
V/AlarmManager( 1025): sending alarm Alarm{4295d9e0 type 3 com.devexpert.weather}
V/AlarmManager( 1025): sending alarm Alarm{42933a78 type 2 com.google.android.gms}
V/AlarmManager( 1025): sending alarm Alarm{42982940 type 2 com.google.android.gms}
D/WifiService( 1025): acquireWifiLockLocked: WifiLock{NlpWifiLock type=2 binder=android.os.BinderProxy@42c65378}
D/WifiService( 1025): releaseWifiLockLocked: WifiLock{NlpWifiLock type=2 binder=android.os.BinderProxy@42c65378}
V/AlarmManager( 1025): sending alarm Alarm{43935620 type 2 com.google.android.gms}
D/WifiService( 1025): acquireWifiLockLocked: WifiLock{NlpWifiLock type=2 binder=android.os.BinderProxy@42c65378}
D/WifiService( 1025): releaseWifiLockLocked: WifiLock{NlpWifiLock type=2 binder=android.os.BinderProxy@42c65378}
V/AlarmManager( 1025): sending alarm Alarm{42c318d8 type 2 com.google.android.gms}
D/WifiService( 1025): acquireWifiLockLocked: WifiLock{NlpWifiLock type=2 binder=android.os.BinderProxy@42c65378}
D/WifiService( 1025): releaseWifiLockLocked: WifiLock{NlpWifiLock type=2 binder=android.os.BinderProxy@42c65378}
V/AlarmManager( 1025): sending alarm Alarm{42af55c0 type 3 android}
V/AlarmManager( 1025): sending alarm Alarm{42af4c68 type 2 com.google.android.talk}
V/AlarmManager( 1025): sending alarm Alarm{42af3cb0 type 3 com.devexpert.weather}
V/AlarmManager( 1025): sending alarm Alarm{42af3a70 type 2 com.google.android.gms}
V/AlarmManager( 1025): sending alarm Alarm{42af6960 type 2 com.google.android.gms}
D/WifiService( 1025): acquireWifiLockLocked: WifiLock{NlpWifiLock type=2 binder=android.os.BinderProxy@42c65378}
D/WifiService( 1025): releaseWifiLockLocked: WifiLock{NlpWifiLock type=2 binder=android.os.BinderProxy@42c65378}
D/ConnectivityService( 1025): handleInetConditionHoldEnd: net=1, condition=100, published condition=100
V/AlarmManager( 1025): sending alarm Alarm{41fd9a70 type 2 com.google.android.gms}
D/WifiService( 1025): acquireWifiLockLocked: WifiLock{NlpWifiLock type=2 binder=android.os.BinderProxy@42c65378}
D/WifiService( 1025): releaseWifiLockLocked: WifiLock{NlpWifiLock type=2 binder=android.os.BinderProxy@42c65378}
V/AlarmManager( 1025): sending alarm Alarm{4204b5f0 type 2 com.google.android.gms}
D/WifiService( 1025): acquireWifiLockLocked: WifiLock{NlpWifiLock type=2 binder=android.os.BinderProxy@42c65378}
D/WifiService( 1025): acquireWifiLockLocked: WifiLock{NlpWifiLock type=2 binder=android.os.BinderProxy@428c9200}
D/WifiService( 1025): releaseWifiLockLocked: WifiLock{NlpWifiLock type=2 binder=android.os.BinderProxy@42c65378}
D/WifiService( 1025): releaseWifiLockLocked: WifiLock{NlpWifiLock type=2 binder=android.os.BinderProxy@428c9200}
V/AlarmManager( 1025): sending alarm Alarm{42891648 type 3 android}
V/AlarmManager( 1025): sending alarm Alarm{4288a470 type 3 com.devexpert.weather}
V/AlarmManager( 1025): sending alarm Alarm{4287d860 type 2 com.google.android.gms}
D/WifiService( 1025): acquireWifiLockLocked: WifiLock{NlpWifiLock type=2 binder=android.os.BinderProxy@42c65378}
D/WifiService( 1025): releaseWifiLockLocked: WifiLock{NlpWifiLock type=2 binder=android.os.BinderProxy@42c65378}
V/AlarmManager( 1025): sending alarm Alarm{42b28670 type 2 com.google.android.gms}
D/WifiService( 1025): acquireWifiLockLocked: WifiLock{NlpWifiLock type=2 binder=android.os.BinderProxy@42c65378}
W/ContextImpl( 1295): Calling a method in the system process without a qualified user: android.app.ContextImpl.sendBroadcast:1252 android.content.ContextWrapper.sendBroadcast:365 com.motorola.motocare.util.TriggerHelper$TriggerBuilder.send:76 com.motorola.motocare.internal.frameworkevents.ProcessKillTrigger.sendTrigger:147 com.motorola.motocare.internal.frameworkevents.ProcessKillTrigger.handleLmkKill:337 
D/WifiService( 1025): releaseWifiLockLocked: WifiLock{NlpWifiLock type=2 binder=android.os.BinderProxy@42c65378}
V/AlarmManager( 1025): sending alarm Alarm{4299ed98 type 2 com.google.android.gms}
D/WifiService( 1025): acquireWifiLockLocked: WifiLock{NlpWifiLock type=2 binder=android.os.BinderProxy@42c65378}
D/WifiService( 1025): releaseWifiLockLocked: WifiLock{NlpWifiLock type=2 binder=android.os.BinderProxy@42c65378}
V/AlarmManager( 1025): sending alarm Alarm{42c97978 type 3 android}
V/AlarmManager( 1025): sending alarm Alarm{42c65e08 type 2 com.google.android.gms}
D/WifiService( 1025): acquireWifiLockLocked: WifiLock{NlpWifiLock type=2 binder=android.os.BinderProxy@42c65378}
D/WifiService( 1025): releaseWifiLockLocked: WifiLock{NlpWifiLock type=2 binder=android.os.BinderProxy@42c65378}
V/AlarmManager( 1025): sending alarm Alarm{42b68318 type 3 com.devexpert.weather}
V/AlarmManager( 1025): sending alarm Alarm{42c03f90 type 2 com.google.android.talk}
V/AlarmManager( 1025): sending alarm Alarm{42c03fe0 type 2 android}
D/ConnectivityService( 1025): Sampling interval elapsed, updating statistics ..
D/ConnectivityService( 1025): Done.
D/ConnectivityService( 1025): Setting timer for 720seconds
V/AlarmManager( 1025): sending alarm Alarm{42b3aef0 type 2 com.google.android.gms}
D/WifiService( 1025): acquireWifiLockLocked: WifiLock{NlpWifiLock type=2 binder=android.os.BinderProxy@42c65378}
D/WifiService( 1025): releaseWifiLockLocked: WifiLock{NlpWifiLock type=2 binder=android.os.BinderProxy@42c65378}
V/AlarmManager( 1025): sending alarm Alarm{42937ae0 type 2 com.google.android.gms}
D/WifiService( 1025): acquireWifiLockLocked: WifiLock{NlpWifiLock type=2 binder=android.os.BinderProxy@431bb160}
D/WifiService( 1025): releaseWifiLockLocked: WifiLock{NlpWifiLock type=2 binder=android.os.BinderProxy@431bb160}
V/AlarmManager( 1025): sending alarm Alarm{42c1e080 type 3 android}
V/AlarmManager( 1025): sending alarm Alarm{42c19010 type 3 com.devexpert.weather}
V/AlarmManager( 1025): sending alarm Alarm{42c17e98 type 1 com.android.deskclock}
V/AlarmManager( 1025): sending alarm Alarm{42c122b8 type 2 com.google.android.talk}
V/AlarmManager( 1025): sending alarm Alarm{42c106c8 type 2 com.google.android.gms}
V/AlarmManager( 1025): sending alarm Alarm{42c1fa18 type 2 com.google.android.gms}
D/WifiService( 1025): acquireWifiLockLocked: WifiLock{NlpWifiLock type=2 binder=android.os.BinderProxy@431bb160}
D/WifiService( 1025): releaseWifiLockLocked: WifiLock{NlpWifiLock type=2 binder=android.os.BinderProxy@431bb160}
V/AlarmManager( 1025): sending alarm Alarm{42a5baf0 type 2 com.google.android.gms}
D/WifiService( 1025): acquireWifiLockLocked: WifiLock{NlpWifiLock type=2 binder=android.os.BinderProxy@431bb160}
D/WifiService( 1025): releaseWifiLockLocked: WifiLock{NlpWifiLock type=2 binder=android.os.BinderProxy@431bb160}
V/AlarmManager( 1025): sending alarm Alarm{42938f08 type 2 com.google.android.gms}
D/WifiService( 1025): acquireWifiLockLocked: WifiLock{NlpWifiLock type=2 binder=android.os.BinderProxy@431bb160}
V/AlarmManager( 1025): sending alarm Alarm{427ae8c8 type 2 com.google.android.gms}
D/WifiService( 1025): releaseWifiLockLocked: WifiLock{NlpWifiLock type=2 binder=android.os.BinderProxy@431bb160}
V/AlarmManager( 1025): sending alarm Alarm{42938bd8 type 3 android}
V/AlarmManager( 1025): sending alarm Alarm{42938708 type 3 com.devexpert.weather}
V/AlarmManager( 1025): sending alarm Alarm{42938648 type 2 com.google.android.gms}
V/AlarmManager( 1025): sending alarm Alarm{42936a10 type 2 android}
D/WifiP2pService( 1025): InactiveState{ when=-1ms what=143375 arg1=1 arg2=196615 obj=android.net.DhcpStateMachine@42a15f20 target=com.android.internal.util.StateMachine$SmHandler }
D/WifiP2pService( 1025): P2pEnabledState{ when=-1ms what=143375 arg1=1 arg2=196615 obj=android.net.DhcpStateMachine@42a15f20 target=com.android.internal.util.StateMachine$SmHandler }
D/WifiP2pService( 1025): InactiveState{ when=0 what=143375 target=com.android.internal.util.StateMachine$SmHandler }
D/WifiP2pService( 1025): P2pEnabledState{ when=-1ms what=143375 target=com.android.internal.util.StateMachine$SmHandler }
D/ConnectivityService( 1025): handleInetConditionHoldEnd: net=1, condition=100, published condition=100
D/ConnectivityService( 1025): handleInetConditionHoldEnd: default network not connected - ignoring
I/ActivityManager( 1025): Process com.whatsapp (pid 22661) has died.
W/ActivityManager( 1025): Scheduling restart of crashed service com.whatsapp/.messaging.MessageService in 1000ms
D/ConnectivityService( 1025): Captive portal check NetworkInfo: type: WIFI[], state: CONNECTING/CAPTIVE_PORTAL_CHECK, reason: (unspecified), extra: "UPC624261", roaming: false, failover: false, isAvailable: true, isConnectedToProvisioningNetwork: false
D/ConnectivityService( 1025): handleCaptivePortalTrackerCheck: call captivePortalCheckComplete ni=NetworkInfo: type: WIFI[], state: CONNECTING/CAPTIVE_PORTAL_CHECK, reason: (unspecified), extra: "UPC624261", roaming: false, failover: false, isAvailable: true, isConnectedToProvisioningNetwork: false
D/ConnectivityService( 1025): Captive portal check NetworkInfo: type: WIFI[], state: CONNECTING/CAPTIVE_PORTAL_CHECK, reason: (unspecified), extra: "UPC624261", roaming: false, failover: false, isAvailable: true, isConnectedToProvisioningNetwork: false
D/ConnectivityService( 1025): handleCaptivePortalTrackerCheck: call captivePortalCheckComplete ni=NetworkInfo: type: WIFI[], state: CONNECTING/CAPTIVE_PORTAL_CHECK, reason: (unspecified), extra: "UPC624261", roaming: false, failover: false, isAvailable: true, isConnectedToProvisioningNetwork: false
D/ConnectivityService( 1025): ConnectivityChange for WIFI: CONNECTED/CONNECTED
V/ConnectivityService( 1025): WiFi NOT Tethered!
E/ConnectivityService( 1025): Unexpected mtu value: android.net.wifi.WifiStateTracker@4296b658
D/ConnectivityService( 1025): handleConnectivityChange: address are the same reset per doReset linkProperty[1]: resetMask=0
D/Nat464Xlat( 1025): requiresClat: netType=1, hasIPv4Address=true
D/ConnectivityService( 1025): ConnectivityChange for WIFI: CONNECTED/CONNECTED
V/ConnectivityService( 1025): WiFi NOT Tethered!
E/ConnectivityService( 1025): Unexpected mtu value: android.net.wifi.WifiStateTracker@4296b658
D/ConnectivityService( 1025): handleConnectivityChange: address are the same reset per doReset linkProperty[1]: resetMask=0
D/Nat464Xlat( 1025): requiresClat: netType=1, hasIPv4Address=true
D/MobileDataStateTracker( 1025): default: setPolicyDataEnable(enabled=true)
D/MobileDataStateTracker( 1025): default: setPolicyDataEnable(enabled=true)
D/MobileDataStateTracker( 1025): default: setPolicyDataEnable(enabled=true)
D/MobileDataStateTracker( 1025): default: setPolicyDataEnable(enabled=true)
V/AlarmManager( 1025): sending alarm Alarm{42b3dfc0 type 2 com.google.android.gms}
V/AlarmManager( 1025): sending alarm Alarm{42b3cdc8 type 2 com.google.android.talk}
D/WifiService( 1025): acquireWifiLockLocked: WifiLock{NlpWifiLock type=2 binder=android.os.BinderProxy@431bb160}
I/ActivityManager( 1025): Start proc com.whatsapp for service com.whatsapp/.messaging.MessageService: pid=18417 uid=10107 gids={50107, 3002, 3003, 1028, 1015}
D/ConnectivityService( 1025): NetTransition Wakelock for ConnectedState released by timeout
D/WifiService( 1025): releaseWifiLockLocked: WifiLock{NlpWifiLock type=2 binder=android.os.BinderProxy@431bb160}
E/ActivityThread( 2172): Failed to find provider info for com.motorola.blur.setupprovider
I/ActivityManager( 1025): Start proc android.process.media for broadcast com.android.providers.downloads/.DownloadReceiver: pid=18511 uid=10018 gids={50018, 1028, 1015, 1023, 1024, 2001, 3003, 3007}
E/ActivityThread( 2172): Failed to find provider info for com.motorola.blur.setupprovider
I/ActivityManager( 1025): Process com.google.android.googlequicksearchbox (pid 16906) has died.
I/ActivityManager( 1025): Process com.mobisystems.ubreader_west (pid 15661) has died.
I/ActivityManager( 1025): Start proc com.android.mms for broadcast com.android.mms/.transaction.MmsSystemEventReceiver: pid=18528 uid=10031 gids={50031, 3003, 1028, 1015}
I/openssl (18511): Crypto mode not selected, openssl will run on its regular mode.
I/openssl (18511): Crypto mode 0 already enabled
I/ActivityManager( 1025): Start proc com.google.android.setupwizard for broadcast com.google.android.setupwizard/.MobileConnectivityChangeReceiver: pid=18553 uid=10042 gids={50042, 3003}
V/AlarmManager( 1025): sending alarm Alarm{430a4bc0 type 3 com.whatsapp}
V/AlarmManager( 1025): sending alarm Alarm{430b42b8 type 3 com.whatsapp}
V/AlarmManager( 1025): sending alarm Alarm{4309e768 type 0 com.viber.voip}
I/ActivityManager( 1025): Killing 15639:com.rhmsoft.fm:crash.feedback/u0a105 (adj 15): empty #9
W/ContextImpl( 1295): Calling a method in the system process without a qualified user: android.app.ContextImpl.sendBroadcast:1252 android.content.ContextWrapper.sendBroadcast:365 com.motorola.motocare.util.TriggerHelper$TriggerBuilder.send:76 com.motorola.motocare.internal.frameworkevents.ProcessKillTrigger.sendTrigger:147 com.motorola.motocare.internal.frameworkevents.ProcessKillTrigger.handleFrameworkEvent:164 
D/BackupManagerService( 1025): Now staging backup of android
I/ActivityManager( 1025): Start proc com.google.android.apps.plus for broadcast com.google.android.apps.plus/.service.ConnectivityReceiver: pid=18568 uid=10090 gids={50090, 3003, 3002, 1028, 1015}
I/ActivityManager( 1025): Start proc com.google.android.gms.unstable for service com.google.android.gms/.droidguard.DroidGuardService: pid=18580 uid=10022 gids={50022, 3003, 1007, 1028, 1015, 3002, 3001, 3007, 2001, 3006}
I/ActivityManager( 1025): Start proc com.google.android.talk for broadcast com.google.android.talk/com.google.android.apps.hangouts.service.NetworkStateReceiver: pid=18604 uid=10071 gids={50071, 3003, 1028, 1015, 3002}
I/ActivityManager( 1025): Killing 15931:com.motorola.MotGallery2/u0a34 (adj 15): empty #9
W/ContextImpl( 1295): Calling a method in the system process without a qualified user: android.app.ContextImpl.sendBroadcast:1252 android.content.ContextWrapper.sendBroadcast:365 com.motorola.motocare.util.TriggerHelper$TriggerBuilder.send:76 com.motorola.motocare.internal.frameworkevents.ProcessKillTrigger.sendTrigger:147 com.motorola.motocare.internal.frameworkevents.ProcessKillTrigger.handleFrameworkEvent:164 
I/ActivityManager( 1025): Process com.twitter.android (pid 18037) has died.
W/ActivityManager( 1025): Service ServiceRecord{4341cc20 u0 com.twitter.android/com.twitter.internal.android.service.AsyncService} in process ProcessRecord{42b42ce8 18037:com.twitter.android/u0a132} not same as in map: null
D/ConnectivityService( 1025): handleInetConditionHoldEnd: net=1, condition=100, published condition=0
I/ActivityManager( 1025): Start proc com.google.android.apps.magazines for broadcast com.google.android.apps.magazines/com.google.apps.dots.android.newsstand.appwidget.NewsWidgetProvider: pid=18633 uid=10077 gids={50077, 3003, 1028, 1015}
W/AppOps  ( 1025): Bad call: specified package qcamera under uid 1013 but it is really -1
I/ActivityManager( 1025): Process com.devexpert.weather (pid 15757) has died.
W/AppOps  ( 1025): Bad call: specified package qcamera under uid 1013 but it is really -1
W/AppOps  ( 1025): Bad call: specified package qcamera under uid 1013 but it is really -1
W/Vold    (  261): Returning OperationFailed - no handler for errno 30
W/Vold    (  261): Returning OperationFailed - no handler for errno 30
W/AppOps  ( 1025): Bad call: specified package qcamera under uid 1013 but it is really -1
W/Vold    (  261): Returning OperationFailed - no handler for errno 30
W/Vold    (  261): Returning OperationFailed - no handler for errno 30
I/ActivityManager( 1025): Start proc com.android.chrome for broadcast com.android.chrome/com.google.android.apps.chrome.precache.PrecacheServiceLauncher: pid=18683 uid=10057 gids={50057, 3003, 1028, 1015}
I/ActivityManager( 1025): Start proc com.rhmsoft.fm:crash.feedback for broadcast com.rhmsoft.fm/com.cleanmaster.fm.receiver.ConnectivityChangeBroadcastReceiver: pid=18697 uid=10105 gids={50105, 3003, 1028, 1015}
I/ActivityManager( 1025): Killing 15971:com.google.android.partnersetup/u0a25 (adj 15): empty #9
W/ContextImpl( 1295): Calling a method in the system process without a qualified user: android.app.ContextImpl.sendBroadcast:1252 android.content.ContextWrapper.sendBroadcast:365 com.motorola.motocare.util.TriggerHelper$TriggerBuilder.send:76 com.motorola.motocare.internal.frameworkevents.ProcessKillTrigger.sendTrigger:147 com.motorola.motocare.internal.frameworkevents.ProcessKillTrigger.handleFrameworkEvent:164 
I/ActivityManager( 1025): Process com.google.android.apps.plus (pid 18568) has died.
I/ActivityManager( 1025): Start proc com.mobisystems.ubreader_west for broadcast com.mobisystems.ubreader_west/com.mobisystems.ubreader.launcher.network.NetworkStateReceiver: pid=18718 uid=10117 gids={50117, 3003, 1028, 1015}
W/Vold    (  261): Returning OperationFailed - no handler for errno 30
W/Vold    (  261): Returning OperationFailed - no handler for errno 30
W/Vold    (  261): Returning OperationFailed - no handler for errno 30
W/Vold    (  261): Returning OperationFailed - no handler for errno 30
I/ActivityManager( 1025): Killing 17741:com.android.deskclock/u0a15 (adj 15): empty #9
W/ContextImpl( 1295): Calling a method in the system process without a qualified user: android.app.ContextImpl.sendBroadcast:1252 android.content.ContextWrapper.sendBroadcast:365 com.motorola.motocare.util.TriggerHelper$TriggerBuilder.send:76 com.motorola.motocare.internal.frameworkevents.ProcessKillTrigger.sendTrigger:147 com.motorola.motocare.internal.frameworkevents.ProcessKillTrigger.handleFrameworkEvent:164 
I/openssl (18511): Crypto mode not selected, openssl will run on its regular mode.
I/openssl (18511): Crypto mode 0 already enabled
I/ActivityManager( 1025): Start proc com.google.android.apps.plus for broadcast com.google.android.apps.plus/.service.ConnectivityReceiver: pid=18738 uid=10090 gids={50090, 3003, 3002, 1028, 1015}
I/ActivityManager( 1025): Process com.google.android.talk (pid 18604) has died.
W/ActivityManager( 1025): Service ServiceRecord{430990f0 u0 com.google.android.talk/com.google.android.libraries.hangouts.video.CallService} in process ProcessRecord{42024878 18604:com.google.android.talk/u0a71} not same as in map: null
I/ActivityManager( 1025): Start proc com.google.android.talk for broadcast com.google.android.talk/com.google.android.apps.hangouts.service.NetworkStateReceiver: pid=18764 uid=10071 gids={50071, 3003, 1028, 1015, 3002}
D/ConnectivityService( 1025): handleInetConditionHoldEnd: net=1, condition=100, published condition=100
W/AppOps  ( 1025): Bad call: specified package qcamera under uid 1013 but it is really -1
W/Vold    (  261): Returning OperationFailed - no handler for errno 30
W/Vold    (  261): Returning OperationFailed - no handler for errno 30
W/AppOps  ( 1025): Bad call: specified package qcamera under uid 1013 but it is really -1
W/AppOps  ( 1025): Bad call: specified package qcamera under uid 1013 but it is really -1
W/AppOps  ( 1025): Bad call: specified package qcamera under uid 1013 but it is really -1
I/ActivityManager( 1025): Killing 18528:com.android.mms/u0a31 (adj 15): empty #9
W/ContextImpl( 1295): Calling a method in the system process without a qualified user: android.app.ContextImpl.sendBroadcast:1252 android.content.ContextWrapper.sendBroadcast:365 com.motorola.motocare.util.TriggerHelper$TriggerBuilder.send:76 com.motorola.motocare.internal.frameworkevents.ProcessKillTrigger.sendTrigger:147 com.motorola.motocare.internal.frameworkevents.ProcessKillTrigger.handleFrameworkEvent:164 
V/AlarmManager( 1025): sending alarm Alarm{42c6a1b0 type 2 com.whatsapp}
V/AlarmManager( 1025): sending alarm Alarm{42c65c18 type 2 com.google.android.gms}
V/AlarmManager( 1025): sending alarm Alarm{42c65738 type 2 com.whatsapp}
V/AlarmManager( 1025): sending alarm Alarm{42c653b8 type 0 com.google.android.gms}
D/WifiService( 1025): acquireWifiLockLocked: WifiLock{NlpWifiLock type=2 binder=android.os.BinderProxy@420a52e0}
I/ActivityManager( 1025): Killing 18553:com.google.android.setupwizard/u0a42 (adj 15): empty #9
W/ContextImpl( 1295): Calling a method in the system process without a qualified user: android.app.ContextImpl.sendBroadcast:1252 android.content.ContextWrapper.sendBroadcast:365 com.motorola.motocare.util.TriggerHelper$TriggerBuilder.send:76 com.motorola.motocare.internal.frameworkevents.ProcessKillTrigger.sendTrigger:147 com.motorola.motocare.internal.frameworkevents.ProcessKillTrigger.handleFrameworkEvent:164 
I/PackageManager( 1025): Adding preferred activity ComponentInfo{com.android.mms/com.android.mms.ui.ComposeMessageActivity} for user 0 :
I/PackageManager( 1025): Adding preferred activity ComponentInfo{com.android.mms/com.android.mms.ui.ComposeMessageActivity} for user 0 :
I/PackageManager( 1025): Adding preferred activity ComponentInfo{com.android.mms/com.android.mms.ui.ComposeMessageActivity} for user 0 :
I/PackageManager( 1025): Adding preferred activity ComponentInfo{com.android.mms/com.android.mms.ui.ComposeMessageActivity} for user 0 :
I/PackageManager( 1025): Adding preferred activity ComponentInfo{com.android.mms/com.android.mms.ui.ComposeMessageActivity} for user 0 :
I/ActivityManager( 1025): Start proc com.motorola.MotGallery2 for broadcast com.motorola.MotGallery2/com.android.gallery3d.app.PackagesMonitor: pid=18849 uid=10034 gids={50034, 3003, 1028, 1015}
I/PackageManager( 1025): Adding preferred activity ComponentInfo{com.android.mms/com.android.mms.ui.ComposeMessageActivity} for user 0 :
I/PackageManager( 1025): Adding preferred activity ComponentInfo{com.android.mms/com.android.mms.ui.ComposeMessageActivity} for user 0 :
I/PackageManager( 1025): Adding preferred activity ComponentInfo{com.android.mms/com.android.mms.ui.ComposeMessageActivity} for user 0 :
I/ActivityManager( 1025): Start proc com.google.android.googlequicksearchbox:search for broadcast com.google.android.googlequicksearchbox/com.google.android.search.core.icingsync.IcingCorporaChangedReceiver: pid=18867 uid=10045 gids={50045, 3003, 3001, 1028, 3002, 1015}
I/ActivityManager( 1025): Process com.google.android.apps.magazines (pid 18633) has died.
I/ActivityManager( 1025): Start proc com.google.android.partnersetup for content provider com.google.android.partnersetup/.RlzAppProvider: pid=18891 uid=10025 gids={50025, 3003}
I/ActivityManager( 1025): Process com.google.android.gms.unstable (pid 18580) has died.
I/ActivityManager( 1025): Killing 18511:android.process.media/u0a18 (adj 15): empty #9
W/ContextImpl( 1295): Calling a method in the system process without a qualified user: android.app.ContextImpl.sendBroadcast:1252 android.content.ContextWrapper.sendBroadcast:365 com.motorola.motocare.util.TriggerHelper$TriggerBuilder.send:76 com.motorola.motocare.internal.frameworkevents.ProcessKillTrigger.sendTrigger:147 com.motorola.motocare.internal.frameworkevents.ProcessKillTrigger.handleFrameworkEvent:164 
V/AlarmManager( 1025): sending alarm Alarm{4306e1d8 type 2 com.google.android.gms}
D/WifiService( 1025): releaseWifiLockLocked: WifiLock{NlpWifiLock type=2 binder=android.os.BinderProxy@420a52e0}
V/AlarmManager( 1025): sending alarm Alarm{430ab658 type 3 android}
V/AlarmManager( 1025): sending alarm Alarm{430ab6e8 type 3 com.devexpert.weather}
V/AlarmManager( 1025): sending alarm Alarm{4336ebe8 type 2 com.whatsapp}
I/ActivityManager( 1025): Start proc com.devexpert.weather for broadcast com.devexpert.weather/.view.WidgetWeather2x1: pid=18918 uid=10112 gids={50112, 3003, 1028, 1015}
V/AlarmManager( 1025): sending alarm Alarm{4336ec38 type 2 com.whatsapp}
I/ActivityManager( 1025): Killing 18683:com.android.chrome/u0a57 (adj 15): empty #9
W/ContextImpl( 1295): Calling a method in the system process without a qualified user: android.app.ContextImpl.sendBroadcast:1252 android.content.ContextWrapper.sendBroadcast:365 com.motorola.motocare.util.TriggerHelper$TriggerBuilder.send:76 com.motorola.motocare.internal.frameworkevents.ProcessKillTrigger.sendTrigger:147 com.motorola.motocare.internal.frameworkevents.ProcessKillTrigger.handleFrameworkEvent:164 
V/AlarmManager( 1025): sending alarm Alarm{42b95400 type 2 com.whatsapp}
V/AlarmManager( 1025): sending alarm Alarm{42c51450 type 2 com.whatsapp}
V/AlarmManager( 1025): sending alarm Alarm{42aeea08 type 3 android}
V/AlarmManager( 1025): sending alarm Alarm{42aee870 type 3 com.devexpert.weather}
V/AlarmManager( 1025): sending alarm Alarm{42a100a8 type 2 com.whatsapp}
V/AlarmManager( 1025): sending alarm Alarm{42aee4f0 type 2 com.google.android.talk}
V/AlarmManager( 1025): sending alarm Alarm{42aea310 type 2 com.whatsapp}
V/AlarmManager( 1025): sending alarm Alarm{4305b7d0 type 2 com.google.android.talk}
V/AlarmManager( 1025): sending alarm Alarm{43059710 type 2 com.google.android.talk}
V/AlarmManager( 1025): sending alarm Alarm{43056770 type 2 com.whatsapp}
V/AlarmManager( 1025): sending alarm Alarm{42af6368 type 3 android}
V/AlarmManager( 1025): sending alarm Alarm{42af2910 type 3 com.devexpert.weather}
V/AlarmManager( 1025): sending alarm Alarm{42af1b80 type 2 com.google.android.gms}
V/AlarmManager( 1025): sending alarm Alarm{42017700 type 2 com.whatsapp}
V/AlarmManager( 1025): sending alarm Alarm{42af1890 type 2 com.facebook.katana}
V/AlarmManager( 1025): sending alarm Alarm{4200a260 type 3 android}
V/AlarmManager( 1025): sending alarm Alarm{42b80ad8 type 2 com.whatsapp}
V/AlarmManager( 1025): sending alarm Alarm{4200a2b0 type 3 com.devexpert.weather}
V/AlarmManager( 1025): sending alarm Alarm{42d09898 type 2 com.google.android.gms}
V/AlarmManager( 1025): sending alarm Alarm{42d09208 type 2 com.google.android.talk}
I/PowerManagerService( 1025): Waking up from sleep...
I/WindowManager( 1025): Lock screen displayed!
D/DisplayPowerController( 1025): Unblocked screen on after 32258871 ms
D/ConnectivityService( 1025): handleInetConditionHoldEnd: net=1, condition=100, published condition=100
I/SFPerfTracer(  274):      triggers: (rate: 39:17692) (5687 sw vsyncs) (39473 skipped) (0:55402 vsyncs) (310:67913)
D/WifiService( 1025): acquireWifiLockLocked: WifiLock{NlpWifiLock type=2 binder=android.os.BinderProxy@420a52e0}
W/ContextImpl( 1295): Calling a method in the system process without a qualified user: android.app.ContextImpl.sendBroadcast:1252 android.content.ContextWrapper.sendBroadcast:365 com.motorola.motocare.util.TriggerHelper$TriggerBuilder.send:76 com.motorola.motocare.internal.frameworkevents.PauseResumeTrigger.handleFrameworkEvent:53 com.motorola.motocare.internal.frameworkevents.FwEventMonitor$FrameworkListener.processFrameworkEvent:114 
D/UsbDeviceManager( 1025): MSG_USER_PRESENT
I/ActivityManager( 1025): Start proc com.linkedin.android for broadcast com.linkedin.android/.appwidget.ResponsiveWidgetService$ActiveUserListener: pid=19176 uid=10123 gids={50123, 3003, 1028, 1015}
I/SFPerfTracer(  274):      triggers: (rate: 29:1042) (compose: 0:9) (post: 0:1) (render: 1:113) (10:15742 frames) (11:49524)
D/SFPerfTracer(  274):        layers: (4:11) (DimLayer: 0:25)* (DimLayer: 0:4)* (FocusedStackFrame: 1:640)* (StatusBar: 1:5018) (NavigationBar: 8:4871) (com.android.wallpaper.fall.FallWallpaper: 4:13297) (DimLayer: 0:541)* (DimLayer: 0:127)* (com.android.launcher/com.android.launcher2.Launcher: 1:110)* (ElectronBeam: 0:21)* (Keyguard: 11:88) 
W/InputMethodManagerService( 1025): Window already focused, ignoring focus gain of: com.android.internal.view.IInputMethodClient$Stub$Proxy@42b600e0 attribute=android.view.inputmethod.EditorInfo@42b33c58, token = android.os.BinderProxy@42aab150
I/ActivityManager( 1025): Start proc com.distilledmedia.thescore for broadcast com.distilledmedia.thescore/com.parse.ParseBroadcastReceiver: pid=19220 uid=10138 gids={50138, 3003, 1028, 1015}
I/ActivityManager( 1025): Killing 18697:com.rhmsoft.fm:crash.feedback/u0a105 (adj 15): empty #9
W/ContextImpl( 1295): Calling a method in the system process without a qualified user: android.app.ContextImpl.sendBroadcast:1252 android.content.ContextWrapper.sendBroadcast:365 com.motorola.motocare.util.TriggerHelper$TriggerBuilder.send:76 com.motorola.motocare.internal.frameworkevents.ProcessKillTrigger.sendTrigger:147 com.motorola.motocare.internal.frameworkevents.ProcessKillTrigger.handleFrameworkEvent:164 
I/ActivityManager( 1025): Process com.google.android.apps.plus (pid 18738) has died.
I/SFPerfTracer(  274):       trigger: frame rate (-31.216%)	(41.270 fps)	(24.231 ms) 	(5 drops)	(22 frames)
I/SFPerfTracer(  274):      triggers: (rate: 30:1049) (compose: 0:9) (post: 0:1) (render: 1:117) (22:15793 frames) (23:49580)
D/SFPerfTracer(  274):        layers: (4:10) (DimLayer: 0:25)* (DimLayer: 0:4)* (FocusedStackFrame: 0:640)* (StatusBar: 19:5040) (NavigationBar: 0:4900) (com.android.wallpaper.fall.FallWallpaper: 9:13316) (DimLayer: 0:541)* (DimLayer: 0:127)* (com.android.launcher/com.android.launcher2.Launcher: 0:124) (Keyguard: 0:89)* 
I/ActivityManager( 1025): Process com.google.android.talk (pid 18764) has died.
W/ActivityManager( 1025): Service ServiceRecord{42b4fc80 u0 com.google.android.talk/com.google.android.libraries.hangouts.video.CallService} in process ProcessRecord{42d2e2e8 18764:com.google.android.talk/u0a71} not same as in map: null
W/ContextImpl( 1295): Calling a method in the system process without a qualified user: android.app.ContextImpl.startService:1608 android.content.ContextWrapper.startService:494 android.content.ContextWrapper.startService:494 com.motorola.motocare.internal.batterystats.BatteryStatsAction.onReceive:33 android.app.ActivityThread.handleReceiver:2434 
I/ActivityManager( 1025): Process com.google.android.googlequicksearchbox:search (pid 18867) has died.
I/ActivityManager( 1025): Process com.mobisystems.ubreader_west (pid 18718) has died.
W/InputMethodManagerService( 1025): Window already focused, ignoring focus gain of: com.android.internal.view.IInputMethodClient$Stub$Proxy@430a6518 attribute=null, token = android.os.BinderProxy@42aab150
I/SFPerfTracer(  274):      triggers: (rate: 30:1051) (compose: 0:9) (post: 0:1) (render: 1:120) (21:15814 frames) (22:49624)
D/SFPerfTracer(  274):        layers: (4:9) (DimLayer: 0:25)* (DimLayer: 0:4)* (FocusedStackFrame: 0:640)* (StatusBar: 11:5051) (NavigationBar: 17:4917) (com.android.wallpaper.fall.FallWallpaper: 7:13345) (DimLayer: 0:541)* (DimLayer: 0:127)* (com.android.launcher/com.android.launcher2.Launcher: 0:124) 
V/AlarmManager( 1025): sending alarm Alarm{423eec70 type 2 com.google.android.gms}
D/WifiService( 1025): releaseWifiLockLocked: WifiLock{NlpWifiLock type=2 binder=android.os.BinderProxy@420a52e0}
I/ActivityManager( 1025): START u0 {act=android.intent.action.MAIN cat=[android.intent.category.LAUNCHER] flg=0x10200000 pkg=com.mycelium.wallet cmp=com.mycelium.wallet/.activity.StartupActivity bnds=[360,585][520,785]} from pid 1340
W/ContextImpl( 1295): Calling a method in the system process without a qualified user: android.app.ContextImpl.sendBroadcast:1252 android.content.ContextWrapper.sendBroadcast:365 com.motorola.motocare.util.TriggerHelper$TriggerBuilder.send:76 com.motorola.motocare.internal.frameworkevents.PauseResumeTrigger.handleFrameworkEvent:53 com.motorola.motocare.internal.frameworkevents.FwEventMonitor$FrameworkListener.processFrameworkEvent:114 
I/ActivityManager( 1025): Start proc com.mycelium.wallet for activity com.mycelium.wallet/.activity.StartupActivity: pid=19325 uid=10109 gids={50109, 3003}
W/ContextImpl( 1295): Calling a method in the system process without a qualified user: android.app.ContextImpl.sendBroadcast:1252 android.content.ContextWrapper.sendBroadcast:365 com.motorola.motocare.util.TriggerHelper$TriggerBuilder.send:76 com.motorola.motocare.internal.frameworkevents.PauseResumeTrigger.handleFrameworkEvent:53 com.motorola.motocare.internal.frameworkevents.FwEventMonitor$FrameworkListener.processFrameworkEvent:114 
I/SFPerfTracer(  274):      triggers: (rate: 30:1051) (compose: 0:9) (post: 0:1) (render: 1:120) (14:15829 frames) (15:49733)
D/SFPerfTracer(  274):        layers: (5:10) (DimLayer: 0:25)* (DimLayer: 0:4)* (FocusedStackFrame: 0:642)* (StatusBar: 15:5087) (NavigationBar: 15:4945) (com.android.wallpaper.fall.FallWallpaper: 3:13379) (DimLayer: 0:541)* (DimLayer: 0:127)* (com.android.launcher/com.android.launcher2.Launcher: 0:185) (Starting com.mycelium.wallet: 15:19) 
I/SFPerfTracer(  274):      triggers: (rate: 39:17727) (5687 sw vsyncs) (39796 skipped) (356:55759 vsyncs) (358:68274)
I/LaunchCheckinHandler( 1025): Displayed com.mycelium.wallet/.activity.StartupActivity,cp,ca,687
I/ActivityManager( 1025): START u0 {cmp=com.mycelium.wallet/.activity.modern.ModernMain} from pid 19325
W/ContextImpl( 1295): Calling a method in the system process without a qualified user: android.app.ContextImpl.sendBroadcast:1252 android.content.ContextWrapper.sendBroadcast:365 com.motorola.motocare.util.TriggerHelper$TriggerBuilder.send:76 com.motorola.motocare.internal.frameworkevents.PauseResumeTrigger.handleFrameworkEvent:53 com.motorola.motocare.internal.frameworkevents.FwEventMonitor$FrameworkListener.processFrameworkEvent:114 
W/ContextImpl( 1295): Calling a method in the system process without a qualified user: android.app.ContextImpl.sendBroadcast:1252 android.content.ContextWrapper.sendBroadcast:365 com.motorola.motocare.util.TriggerHelper$TriggerBuilder.send:76 com.motorola.motocare.internal.frameworkevents.PauseResumeTrigger.handleFrameworkEvent:53 com.motorola.motocare.internal.frameworkevents.FwEventMonitor$FrameworkListener.processFrameworkEvent:114 
I/ActivityManager( 1025): Process com.motorola.MotGallery2 (pid 18849) has died.
I/LaunchCheckinHandler( 1025): Displayed com.mycelium.wallet/.activity.modern.ModernMain,wp,ca,781
I/ActivityManager( 1025): Process com.qualcomm.atfwd (pid 12879) has died.
W/ActivityManager( 1025): Scheduling restart of crashed service com.qualcomm.atfwd/.AtFwdService in 1000ms
I/ActivityManager( 1025): Process com.google.android.partnersetup (pid 18891) has died.
F/ProcessStats( 1025): Starting service ServiceState{42a7b468 com.qualcomm.atfwd.AtFwdService pkg=com.qualcomm.atfwd proc=42a7b468} without owner
I/SFPerfTracer(  274):      triggers: (rate: 39:17727) (5687 sw vsyncs) (39796 skipped) (15:55855 vsyncs) (17:68376)
I/ActivityManager( 1025): Start proc com.qualcomm.atfwd for service com.qualcomm.atfwd/.AtFwdService: pid=19394 uid=1000 gids={41000, 1028, 1015, 3002, 3001, 3003, 1021, 3004, 3005, 1000, 3009, 1023, 1010, 1004, 2002, 3006}
W/ContextImpl( 1295): Calling a method in the system process without a qualified user: android.app.ContextImpl.sendBroadcast:1252 android.content.ContextWrapper.sendBroadcast:365 com.motorola.motocare.util.TriggerHelper$TriggerBuilder.send:76 com.motorola.motocare.internal.frameworkevents.PauseResumeTrigger.handleFrameworkEvent:53 com.motorola.motocare.internal.frameworkevents.FwEventMonitor$FrameworkListener.processFrameworkEvent:114 
W/ContextImpl( 1295): Calling a method in the system process without a qualified user: android.app.ContextImpl.sendBroadcast:1252 android.content.ContextWrapper.sendBroadcast:365 com.motorola.motocare.util.TriggerHelper$TriggerBuilder.send:76 com.motorola.motocare.internal.frameworkevents.PauseResumeTrigger.handleFrameworkEvent:53 com.motorola.motocare.internal.frameworkevents.FwEventMonitor$FrameworkListener.processFrameworkEvent:114 
I/SFPerfTracer(  274):      triggers: (rate: 30:1051) (compose: 0:9) (post: 0:1) (render: 1:120) (7:15879 frames) (8:49833)
D/SFPerfTracer(  274):        layers: (3:13) (DimLayer: 0:25)* (DimLayer: 0:4)* (FocusedStackFrame: 1:651)* (StatusBar: 0:5094) (NavigationBar: 8:4965) (com.android.wallpaper.fall.FallWallpaper: 1:13382)* (DimLayer: 0:541)* (DimLayer: 0:129)* (com.android.launcher/com.android.launcher2.Launcher: 0:185)* (Starting com.mycelium.wallet: 0:32)* (com.mycelium.wallet/com.mycelium.wallet.activity.StartupActivity: 0:24)* (com.mycelium.wallet/com.mycelium.wallet.activity.modern.ModernMain: 0:59) (com.android.launcher/com.android.launcher2.Launcher: 8:9)* 
I/ActivityManager( 1025): Process com.devexpert.weather (pid 18918) has died.
I/SFPerfTracer(  274):      triggers: (rate: 30:1051) (compose: 0:9) (post: 0:1) (render: 1:120) (0:15901 frames) (1:49933)
D/SFPerfTracer(  274):        layers: (4:10) (DimLayer: 0:25)* (DimLayer: 0:4)* (FocusedStackFrame: 0:653)* (StatusBar: 0:5117) (NavigationBar: 0:4985) (com.android.wallpaper.fall.FallWallpaper: 0:13425) (DimLayer: 0:541)* (DimLayer: 0:129)* (com.mycelium.wallet/com.mycelium.wallet.activity.modern.ModernMain: 0:83)* (com.android.launcher/com.android.launcher2.Launcher: 1:57) 
I/SFPerfTracer(  274):      triggers: (rate: 30:1051) (compose: 0:9) (post: 0:1) (render: 1:120) (0:15901 frames) (1:50033)
D/SFPerfTracer(  274):        layers: (4:9) (DimLayer: 0:25)* (DimLayer: 0:4)* (FocusedStackFrame: 0:653)* (StatusBar: 0:5117) (NavigationBar: 0:4985) (com.android.wallpaper.fall.FallWallpaper: 0:13451) (DimLayer: 0:541)* (DimLayer: 0:129)* (com.android.launcher/com.android.launcher2.Launcher: 1:155) 
I/PowerManagerService( 1025): Going to sleep by user request...
