I/SBar.NetworkController( 1078): refreshSignalCluster: mobile: Signal=zz_moto_stat_sys_signal_emergency_only_wide Roaming=(none) mSimIconId=zz_moto_stat_sys_no_sim_wide Accessibility="Emergency calls only.","","No SIM card."
I/SBar.NetworkController( 1078): refreshSignalCluster: mobile: mHasMobileDataFeature=true DataTypeShown=(none) Activity=(none) in=false out=false Accessibility="No data."
D/WifiStateMachine( 1016): handleMessage: X
D/qdhwcomposer(  278): hwc_blank: Done unblanking display: 0
D/SurfaceControl( 1016): Excessive delay in unblankDisplay() while turning screen on: 204ms
I/SFPerfTracer(  278):      triggers: (rate: 49:34913) (89568 sw vsyncs) (64016 skipped) (0:179382 vsyncs) (129:291483)
D/Sensors ( 1016): AccelerationSensor: Set Sensors state 0x3
D/Sensors ( 1016): AccelerationSensor: set delay 200
D/Sensors ( 1016): AccelerationSensor: set delay 200
D/audio_hw_primary(  284): adev_set_parameters: enter: screen_state=on
V/msm8974_platform(  284): platform_set_parameters: enter: screen_state=on
V/msm8974_platform(  284): platform_set_parameters: exit with code(-2)
E/audio_a2dp_hw(  284): adev_set_parameters: ERROR: set param called even when stream out is null
I/ActivityManager( 1016): Process android.process.media (pid 13773) has died.
W/ActivityManager( 1016): Scheduling restart of crashed service com.android.providers.media/.MtpService in 1000ms
I/ActivityManager( 1016): Start proc com.google.android.googlequicksearchbox:search for broadcast com.google.android.googlequicksearchbox/com.google.android.search.core.ChargingStateBroadcastReceiver: pid=16716 uid=10045 gids={50045, 3003, 1028, 3002, 1015}
D/dalvikvm(  280): GC_EXPLICIT freed 42K, 48% free 9010K/17224K, paused 2ms+3ms, total 24ms
D/Ulp_jni ( 1016): JNI:system_update. Event-0
D/dalvikvm(  280): GC_EXPLICIT freed <1K, 48% free 9010K/17224K, paused 1ms+3ms, total 18ms
I/ActivityManager( 1016): Process com.rhmsoft.fm:service (pid 14163) has died.
W/ActivityManager( 1016): Scheduling restart of crashed service com.rhmsoft.fm/com.cleanmaster.fm.service.BackgroundService in 10900ms
D/dalvikvm(  280): GC_EXPLICIT freed <1K, 48% free 9010K/17224K, paused 2ms+3ms, total 19ms
F/ProcessStats( 1016): Starting service ServiceState{42dbdf38 com.android.providers.media.MtpService pkg=com.android.providers.media proc=42dbdf38} without owner
F/ProcessStats( 1016): Starting service ServiceState{43564fd8 com.cleanmaster.fm.service.BackgroundService pkg=com.rhmsoft.fm proc=43564fd8} without owner
D/dalvikvm( 6021): GC_EXPLICIT freed 1056K, 31% free 23016K/32900K, paused 10ms+49ms, total 241ms
I/SBar.NetworkController( 1078): onSignalStrengthsChanged SignalStrength: 22 0 -120 -160 -120 -1 -1 99 2147483647 2147483647 2147483647 2147483647 2147483647 gsm|lte 0 -108 -1 false 4 4 0 0 0 99 99 99 4 level=4
F/ProcessStats( 1016): Starting service ServiceState{42dbdf38 com.android.providers.media.MtpService pkg=com.android.providers.media proc=42dbdf38} without owner
D/WifiService( 1016): acquireWifiLockLocked: WifiLock{NlpWifiLock type=2 binder=android.os.BinderProxy@4386bcb0}
D/WifiStateMachine( 1016): handleMessage: E msg.what=131143
D/WifiStateMachine( 1016): processMsg: ConnectedState
D/WifiStateMachine( 1016): processMsg: L2ConnectedState
D/WifiStateMachine( 1016): handleMessage: X
F/ProcessStats( 1016): Starting service ServiceState{43564fd8 com.cleanmaster.fm.service.BackgroundService pkg=com.rhmsoft.fm proc=43564fd8} without owner
I/ActivityManager( 1016): Process com.google.android.partnersetup (pid 16465) has died.
F/ProcessStats( 1016): Starting service ServiceState{42dbdf38 com.android.providers.media.MtpService pkg=com.android.providers.media proc=42dbdf38} without owner
F/ProcessStats( 1016): Starting service ServiceState{43564fd8 com.cleanmaster.fm.service.BackgroundService pkg=com.rhmsoft.fm proc=43564fd8} without owner
I/ActivityManager( 1016): Start proc com.android.chrome for broadcast com.android.chrome/com.google.android.apps.chrome.precache.PrecacheServiceLauncher: pid=16736 uid=10057 gids={50057, 3003, 1028, 1015}
F/ProcessStats( 1016): Starting service ServiceState{42dbdf38 com.android.providers.media.MtpService pkg=com.android.providers.media proc=42dbdf38} without owner
F/ProcessStats( 1016): Starting service ServiceState{43564fd8 com.cleanmaster.fm.service.BackgroundService pkg=com.rhmsoft.fm proc=43564fd8} without owner
D/UsbDeviceManager( 1016): setEnabledFunctions mtp,adb makeDefault: false
D/UsbDeviceManager( 1016): broadcasting Intent { act=android.hardware.usb.action.USB_STATE flg=0x20000000 (has extras) } connected: false configured: false
I/ActivityManager( 1016): Start proc com.google.android.partnersetup for content provider com.google.android.partnersetup/.RlzAppProvider: pid=16750 uid=10025 gids={50025, 3003}
I/ActivityManager( 1016): Process android.process.acore (pid 16299) has died.
F/ProcessStats( 1016): Starting service ServiceState{42dbdf38 com.android.providers.media.MtpService pkg=com.android.providers.media proc=42dbdf38} without owner
F/ProcessStats( 1016): Starting service ServiceState{43564fd8 com.cleanmaster.fm.service.BackgroundService pkg=com.rhmsoft.fm proc=43564fd8} without owner
W/dalvikvm(16716): method Lcom/google/android/search/core/state/QueryState;.a incorrectly overrides package-private method with same name in Lbpc;
I/ActivityManager( 1016): Start proc com.google.android.apps.uploader for broadcast com.google.android.apps.uploader/com.google.android.picasasync.BatteryReceiver: pid=16772 uid=10079 gids={50079, 3003, 1028, 1015}
F/ProcessStats( 1016): Starting service ServiceState{42dbdf38 com.android.providers.media.MtpService pkg=com.android.providers.media proc=42dbdf38} without owner
F/ProcessStats( 1016): Starting service ServiceState{43564fd8 com.cleanmaster.fm.service.BackgroundService pkg=com.rhmsoft.fm proc=43564fd8} without owner
F/ProcessStats( 1016): Starting service ServiceState{42dbdf38 com.android.providers.media.MtpService pkg=com.android.providers.media proc=42dbdf38} without owner
F/ProcessStats( 1016): Starting service ServiceState{43564fd8 com.cleanmaster.fm.service.BackgroundService pkg=com.rhmsoft.fm proc=43564fd8} without owner
I/iu.Environment(30409): update battery state; isPlugged? false*
I/GCoreUlr(30429): Starting service, intent=Intent { act=com.google.android.location.reporting.ACTION_UPDATE_WORLD cmp=com.google.android.gms/com.google.android.location.reporting.service.DispatchingService (has extras) }, extras=Bundle[{receiverAction=android.intent.action.ACTION_POWER_DISCONNECTED}]
W/BroadcastQueue( 1016): Exception when sending broadcast to ComponentInfo{com.google.android.apps.plus/com.google.android.libraries.social.autobackup.AutoBackupEnvironment$BatteryReceiver}
W/BroadcastQueue( 1016): android.os.DeadObjectException
W/BroadcastQueue( 1016): 	at android.os.BinderProxy.transact(Native Method)
W/BroadcastQueue( 1016): 	at android.app.ApplicationThreadProxy.scheduleReceiver(ApplicationThreadNative.java:822)
W/BroadcastQueue( 1016): 	at com.android.server.am.BroadcastQueue.processCurBroadcastLocked(BroadcastQueue.java:236)
W/BroadcastQueue( 1016): 	at com.android.server.am.BroadcastQueue.processNextBroadcast(BroadcastQueue.java:879)
W/BroadcastQueue( 1016): 	at com.android.server.am.ActivityManagerService.finishReceiver(ActivityManagerService.java:14032)
W/BroadcastQueue( 1016): 	at android.app.ActivityManagerNative.onTransact(ActivityManagerNative.java:394)
W/BroadcastQueue( 1016): 	at com.android.server.am.ActivityManagerService.onTransact(ActivityManagerService.java:2140)
W/BroadcastQueue( 1016): 	at android.os.Binder.execTransact(Binder.java:404)
W/BroadcastQueue( 1016): 	at dalvik.system.NativeStart.run(Native Method)
I/iu.UploadsManager(30409): num queued entries: 0
I/iu.UploadsManager(30409): num updated entries: 0
I/iu.SyncManager(30409): NEXT; no task
I/ActivityManager( 1016): Start proc com.google.android.apps.plus for broadcast com.google.android.apps.plus/com.google.android.libraries.social.autobackup.AutoBackupEnvironment$BatteryReceiver: pid=16791 uid=10090 gids={50090, 3003, 3002, 1028, 1015}
I/ActivityManager( 1016): Process com.google.android.apps.plus (pid 16451) has died and restarted (pid 16791).
I/GCoreUlr(30429): DispatchingService.onCreate()
D/PicasaUploader(16772):    wifiOnlyPhoto changed to true
D/PicasaUploader(16772):    wifiOnlyVideo changed to true
D/PicasaUploader(16772):    syncOnBattery changed to true
D/PicasaUploaderSync(16772): sync account database
D/MDMCTBK (  276): reply_len: 40 reply is = IFNAME=wlan0 <3>CTRL-EVENT-BSS-ADDED 275
D/MDMCTBK (  276): Event received = CTRL-EVENT-BSS-ADDED 275
D/TCMD    ( 2001): NL - Read 56 bytes from update socket.
D/TCMD    ( 2001): NL - message type is RTM_NEWLINK
D/TCMD    ( 2001): Listening for incoming client connection request
D/WifiStateMachine( 1016): handleMessage: E msg.what=147461
D/WifiStateMachine( 1016): processMsg: ConnectedState
D/MDMCTBK (  276): reply_len: 40 reply is = IFNAME=wlan0 <3>CTRL-EVENT-BSS-ADDED 276
D/MDMCTBK (  276): Event received = CTRL-EVENT-BSS-ADDED 276
D/WifiStateMachine( 1016): processMsg: L2ConnectedState
D/MDMCTBK (  276): reply_len: 40 reply is = IFNAME=wlan0 <3>CTRL-EVENT-BSS-ADDED 277
D/MDMCTBK (  276): Event received = CTRL-EVENT-BSS-ADDED 277
D/WifiStateMachine( 1016): processMsg: ConnectModeState
D/MDMCTBK (  276): reply_len: 40 reply is = IFNAME=wlan0 <3>CTRL-EVENT-BSS-ADDED 278
D/MDMCTBK (  276): Event received = CTRL-EVENT-BSS-ADDED 278
D/MDMCTBK (  276): reply_len: 40 reply is = IFNAME=wlan0 <3>CTRL-EVENT-BSS-ADDED 279
D/WifiStateMachine( 1016): processMsg: DriverStartedState
D/MDMCTBK (  276): Event received = CTRL-EVENT-BSS-ADDED 279
D/MDMCTBK (  276): reply_len: 40 reply is = IFNAME=wlan0 <3>CTRL-EVENT-BSS-ADDED 280
D/MDMCTBK (  276): Event received = CTRL-EVENT-BSS-ADDED 280
D/WifiStateMachine( 1016): processMsg: SupplicantStartedState
D/MDMCTBK (  276): reply_len: 40 reply is = IFNAME=wlan0 <3>CTRL-EVENT-BSS-ADDED 281
D/MDMCTBK (  276): Event received = CTRL-EVENT-BSS-ADDED 281
D/MDMCTBK (  276): reply_len: 40 reply is = IFNAME=wlan0 <3>CTRL-EVENT-SCAN-RESULTS 
D/MDMCTBK (  276): Event received = CTRL-EVENT-SCAN-RESULTS 
I/ActivityManager( 1016): Start proc android.process.media for content provider com.android.providers.media/.MediaProvider: pid=16806 uid=10018 gids={50018, 1028, 1015, 1023, 1024, 2001, 3003, 3007}
D/WifiStateMachine( 1016): handleMessage: X
D/PicasaUploaderSync(16772): accounts in DB=1
D/PicasaUploaderSyncManager(16772): active network: NetworkInfo: type: WIFI[], state: CONNECTED/CONNECTED, reason: (unspecified), extra: "Moulin Rouge", roaming: false, failover: false, isAvailable: true, isConnectedToProvisioningNetwork: false
D/PicasaUploaderSyncManager(16772): background data: true
D/PicasaUploaderSyncManager(16772): battery info: false
E/dalvikvm(16791): Could not find class 'android.app.Notification$Action$Builder', referenced from method b.a
W/dalvikvm(16791): VFY: unable to resolve new-instance 302 (Landroid/app/Notification$Action$Builder;) in Lb;
D/dalvikvm(16791): VFY: replacing opcode 0x22 at 0x0000
E/dalvikvm(16791): Could not find class 'android.graphics.drawable.RippleDrawable', referenced from method b.a
W/dalvikvm(16791): VFY: unable to resolve new-instance 462 (Landroid/graphics/drawable/RippleDrawable;) in Lb;
D/dalvikvm(16791): VFY: replacing opcode 0x22 at 0x000b
I/GCoreUlr(30429): WorldUpdater received intent Intent { act=com.google.android.location.reporting.ACTION_UPDATE_WORLD cmp=com.google.android.gms/com.google.android.location.reporting.service.DispatchingService (has extras) } with receiverAction android.intent.action.ACTION_POWER_DISCONNECTED
W/dalvikvm(16791): VFY: unable to find class referenced in signature (Lzt;)
W/dalvikvm(16791): VFY: unable to find class referenced in signature (Lzt;)
W/dalvikvm(16791): VFY: unable to find class referenced in signature (Lzt;)
W/dalvikvm(16791): VFY: unable to find class referenced in signature (Lzt;)
W/dalvikvm(16791): VFY: unable to find class referenced in signature (Lzt;)
W/dalvikvm(16791): VFY: unable to find class referenced in signature (Lzt;)
W/dalvikvm(16791): VFY: unable to find class referenced in signature (Lzt;)
E/dalvikvm(16791): Could not find class 'android.app.Notification$Action$Builder', referenced from method b.a
W/dalvikvm(16791): VFY: unable to resolve new-instance 302 (Landroid/app/Notification$Action$Builder;) in Lb;
D/dalvikvm(16791): VFY: replacing opcode 0x22 at 0x0000
W/dalvikvm(16791): Unable to resolve superclass of Lar; (689)
W/dalvikvm(16791): Link of class 'Lar;' failed
E/dalvikvm(16791): Could not find class 'ar', referenced from method b.a
W/dalvikvm(16791): VFY: unable to resolve new-instance 999 (Lar;) in Lb;
D/dalvikvm(16791): VFY: replacing opcode 0x22 at 0x0006
W/dalvikvm(16791): Unable to resolve superclass of Lat; (689)
W/dalvikvm(16791): Link of class 'Lat;' failed
E/dalvikvm(16791): Could not find class 'at', referenced from method b.a
W/dalvikvm(16791): VFY: unable to resolve new-instance 1053 (Lat;) in Lb;
D/dalvikvm(16791): VFY: replacing opcode 0x22 at 0x002a
I/dalvikvm(16791): Could not find method android.view.ViewGroup.isTransitionGroup, referenced from method b.a
W/dalvikvm(16791): VFY: unable to resolve virtual method 4388: Landroid/view/ViewGroup;.isTransitionGroup ()Z
D/dalvikvm(16791): VFY: replacing opcode 0x6e at 0x000c
I/dalvikvm(16791): Could not find method android.view.View.getTransitionName, referenced from method b.a
W/dalvikvm(16791): VFY: unable to resolve virtual method 4205: Landroid/view/View;.getTransitionName ()Ljava/lang/String;
D/dalvikvm(16791): VFY: replacing opcode 0x6e at 0x0006
D/WifiStateMachine( 1016): handleMessage: E msg.what=151572
D/WifiStateMachine( 1016): processMsg: ConnectedState
D/WifiStateMachine( 1016): processMsg: L2ConnectedState
D/WifiStateMachine( 1016): handleMessage: X
W/dalvikvm(16791): VFY: unable to find class referenced in signature ([Landroid/app/RemoteInput;)
E/dalvikvm(16791): Could not find class 'android.app.RemoteInput[]', referenced from method b.a
W/dalvikvm(16791): VFY: unable to resolve new-array 12606 ([Landroid/app/RemoteInput;) in Lb;
D/dalvikvm(16791): VFY: replacing opcode 0x23 at 0x0005
D/dalvikvm( 1016): JIT code cache reset in 4 ms (1535932 bytes 10/0)
D/dalvikvm(16791): DexOpt: unable to opt direct call 0x0530 at 0x0e in Lb;.a
D/dalvikvm(16791): DexOpt: unable to opt direct call 0x08a4 at 0x0e in Lb;.a
D/dalvikvm(16791): DexOpt: unable to opt direct call 0x0530 at 0x0e in Lb;.a
W/dalvikvm(16791): Unable to resolve superclass of Lar; (689)
W/dalvikvm(16791): Link of class 'Lar;' failed
D/dalvikvm(16791): DexOpt: unable to opt direct call 0x177c at 0x08 in Lb;.a
W/dalvikvm(16791): Unable to resolve superclass of Lat; (689)
W/dalvikvm(16791): Link of class 'Lat;' failed
D/dalvikvm(16791): DexOpt: unable to opt direct call 0x1846 at 0x2c in Lb;.a
D/dalvikvm(16791): DexOpt: unable to opt direct call 0x0587 at 0x13 in Lb;.a
D/dalvikvm( 1016): GC_EXPLICIT freed 2496K, 33% free 26265K/39124K, paused 6ms+17ms, total 146ms
D/WifiService( 1016): releaseWifiLockLocked: WifiLock{NlpWifiLock type=2 binder=android.os.BinderProxy@4386bcb0}
D/MtpService(16806): updating state; isCurrentUser=true, mMtpLocked=false
D/MtpService(16806): mUsbDriverRestricted=false
D/MtpService(16806): addStorageLocked 65537 /storage/emulated/0
D/MtpService(16806): updating state; isCurrentUser=true, mMtpLocked=false
D/MtpService(16806): starting MTP server in MTP mode
D/MtpService(16806): addStorageLocked 65537 /storage/emulated/0
E/MtpServer(16806): request read returned -1, errno: 22
D/dalvikvm(16806): No JNI_OnLoad found in /system/lib/libcryptomodes-jni.so 0x42792660, skipping init
I/openssl (16806): Crypto mode not selected, openssl will run on its regular mode.
I/openssl (16806): Crypto mode 0 already enabled
D/dalvikvm(16791): Trying to load lib /data/app-lib/com.google.android.apps.plus-1/libcrashreporterer.so 0x42791a48
D/dalvikvm(16791): Added shared lib /data/app-lib/com.google.android.apps.plus-1/libcrashreporterer.so 0x42791a48
I/ActivityManager( 1016): Start proc android.process.acore for content provider com.android.providers.contacts/.ContactsProvider2: pid=16829 uid=10010 gids={50010, 3003, 1028, 1015, 1023}
I/ActivityManager( 1016): Process com.devexpert.weather (pid 16541) has died.
F/ProcessStats( 1016): Starting service ServiceState{43564fd8 com.cleanmaster.fm.service.BackgroundService pkg=com.rhmsoft.fm proc=43564fd8} without owner
W/ManagedEGLContext(13115): doTerminate failed: EGL count is 2 but managed count is 1
W/ManagedEGLContext(14867): doTerminate failed: EGL count is 2 but managed count is 1
F/ProcessStats( 1016): Starting service ServiceState{43564fd8 com.cleanmaster.fm.service.BackgroundService pkg=com.rhmsoft.fm proc=43564fd8} without owner
W/ContextImpl( 1231): Calling a method in the system process without a qualified user: android.app.ContextImpl.startService:1608 android.content.ContextWrapper.startService:494 android.content.ContextWrapper.startService:494 com.motorola.motocare.internal.batterystats.BatteryStatsAction.onReceive:33 android.app.ActivityThread.handleReceiver:2434 
D/CCE     (30980): App motocare requested CCE to send settings
I/ActivityManager( 1016): Start proc com.devexpert.weather for broadcast com.devexpert.weather/.view.WidgetWeather2x1: pid=16843 uid=10112 gids={50112, 3003, 1028, 1015}
I/ActivityManager( 1016): Process com.android.chrome (pid 16736) has died.
I/GCoreUlr(30429): WorldUpdater:android.intent.action.ACTION_POWER_DISCONNECTED: Ensuring that reporting is stopped because of reasons: {account#2#=[InactiveReason{mVersionCode=0, mIdentifier=4, mName='GoogleLocationDisabled'}, InactiveReason{mVersionCode=0, mIdentifier=6, mName='ReportingNotEnabled'}, InactiveReason{mVersionCode=0, mIdentifier=14, mName='HistoryNotEnabled'}]}
I/GCoreUlr(30429): Unbound from all location providers
I/ActivityManager( 1016): Process com.google.android.apps.uploader (pid 16772) has died.
F/ProcessStats( 1016): Starting service ServiceState{43564fd8 com.cleanmaster.fm.service.BackgroundService pkg=com.rhmsoft.fm proc=43564fd8} without owner
W/ManagedEGLContext(13115): doTerminate failed: EGL count is 2 but managed count is 1
W/ManagedEGLContext(14867): doTerminate failed: EGL count is 2 but managed count is 1
I/dalvikvm(16791): Could not find method android.content.Context.getDrawable, referenced from method c.a
W/dalvikvm(16791): VFY: unable to resolve virtual method 1545: Landroid/content/Context;.getDrawable (I)Landroid/graphics/drawable/Drawable;
D/dalvikvm(16791): VFY: replacing opcode 0x6e at 0x0006
I/GCoreUlr(30429): DispatchingService.onDestroy()
I/GCoreUlr(30429): Unbound from all location providers
F/ProcessStats( 1016): Starting service ServiceState{43564fd8 com.cleanmaster.fm.service.BackgroundService pkg=com.rhmsoft.fm proc=43564fd8} without owner
I/ContactLocale(16829): AddressBook Labels [en_GB]: [, A, B, C, D, E, F, G, H, I, J, K, L, M, N, O, P, Q, R, S, T, U, V, W, X, Y, Z, , , , , , , , , , , , , , , , , , , , , , , , , , , , , , , , , , , , , , , , , , , , , , , , , , , , , , , , , , , , , , , , , , , , , , , , , , , , , , , , , , , , , , , , , , , , , , , , , , , , , , , , , , , , , , , , , , , , , , , , , , , , , , , , , , , , , , , , , , , , , , , , , , , , , , , , , , , , , , , , , , , , , , , , , , , , , , , , , , , , , , #, ]
D/dalvikvm( 2456): GC_CONCURRENT freed 1851K, 45% free 9618K/17224K, paused 1ms+3ms, total 18ms
I/ActivityManager( 1016): Process com.google.android.apps.plus (pid 16791) has died.
D/WifiStateMachine( 1016): handleMessage: E msg.what=151572
D/WifiStateMachine( 1016): processMsg: ConnectedState
D/WifiStateMachine( 1016): processMsg: L2ConnectedState
D/WifiStateMachine( 1016): handleMessage: X
I/SFPerfTracer(  278):      triggers: (rate: 39:2925) (compose: 0:14) (post: 0:2) (render: 9:449) (0:61879 frames) (1:169807)
D/SFPerfTracer(  278):        layers: (4:11) (DimLayer: 0:65)* (DimLayer: 0:25)* (FocusedStackFrame: 0:1922)* (StatusBar: 0:10207) (NavigationBar: 0:13159) (DimLayer: 0:3197)* (DimLayer: 0:349)* (com.android.wallpaper.fall.FallWallpaper: 1:21071) (com.android.launcher/com.android.launcher2.Launcher: 0:16)* (ElectronBeam: 0:23)* (Keyguard: 0:49) 
I/ActivityManager( 1016): Process android.process.acore (pid 16829) has died.
F/ProcessStats( 1016): Starting service ServiceState{43564fd8 com.cleanmaster.fm.service.BackgroundService pkg=com.rhmsoft.fm proc=43564fd8} without owner
W/ManagedEGLContext(14867): doTerminate failed: EGL count is 2 but managed count is 1
W/ContextImpl( 1231): Calling a method in the system process without a qualified user: android.app.ContextImpl.startService:1608 android.content.ContextWrapper.startService:494 android.content.ContextWrapper.startService:494 com.motorola.motocare.internal.batterystats.BatteryStatsAction.onReceive:33 android.app.ActivityThread.handleReceiver:2434 
W/ManagedEGLContext(13115): doTerminate failed: EGL count is 2 but managed count is 1
I/MDMCTBK (  276): NetlinkHandler, power_supply subsys
I/MDMCTBK (  276): NetlinkHandler, usbChargerStateChanged
I/MDMCTBK (  276): checkDefaultInst, current pid is = 276
I/MDMCTBK (  276): checkDefaultInst, pid match
I/MDMCTBK (  276): MdmCutbackHndler,readFromFile = /sys/class/power_supply/usb/online
I/MDMCTBK (  276): MdmCutbackHndler,readFromFile = 
E/MDMCTBK (  276): MdmCutbackHndler,Could not open ''
D/WifiStateMachine( 1016): handleMessage: E msg.what=131155
D/WifiStateMachine( 1016): processMsg: ConnectedState
D/WifiStateMachine( 1016): processMsg: L2ConnectedState
D/WifiStateMachine( 1016): handleMessage: X
D/WifiStateMachine( 1016): handleMessage: E msg.what=151572
D/WifiStateMachine( 1016): processMsg: ConnectedState
D/WifiStateMachine( 1016): processMsg: L2ConnectedState
D/WifiStateMachine( 1016): handleMessage: X
I/MDMCTBK (  276): NetlinkHandler, power_supply subsys
I/MDMCTBK (  276): NetlinkHandler, usbChargerStateChanged
I/MDMCTBK (  276): checkDefaultInst, current pid is = 276
I/MDMCTBK (  276): checkDefaultInst, pid match
I/MDMCTBK (  276): MdmCutbackHndler,readFromFile = /sys/class/power_supply/usb/online
I/MDMCTBK (  276): MdmCutbackHndler,usb, new_state =1
I/MDMCTBK (  276): MdmCutbackHndler Status: Qmi =1, cg=0, ep=0, vc=0, dc=0, cn=0, wf=1, mf=0, wfd=0, apm=0, usb=1, stopqmi=0
I/MDMCTBK (  276): set_property_value, Enter
I/MDMCTBK (  276): set_property_value, Values updated in the property=1,0,0,0,0,0,1,0,0,0,1,0
I/MDMCTBK (  276): set_property_value, Values updated in the property file Successfully
I/MDMCTBK (  276): set_property_value, Exit
I/MDMCTBK (  276): setSarCtrl:set SAR over QMI, conn:0, ep:0,wf:1, mf:0, chrg:1
I/MDMCTBK (  276): send SAR ctrl over QMI
I/MDMCTBK (  276): MdmCutbackHndler,readFromFile = 
E/MDMCTBK (  276): MdmCutbackHndler,Could not open ''
I/MDMCTBK (  276): NetlinkHandler, power_supply subsys
I/MDMCTBK (  276): NetlinkHandler, usbChargerStateChanged
I/MDMCTBK (  276): checkDefaultInst, current pid is = 276
I/MDMCTBK (  276): checkDefaultInst, pid match
I/MDMCTBK (  276): MdmCutbackHndler,readFromFile = /sys/class/power_supply/usb/online
I/MDMCTBK (  276): MdmCutbackHndler,readFromFile = 
E/MDMCTBK (  276): MdmCutbackHndler,Could not open ''
I/MDMCTBK (  276): NetlinkHandler, power_supply subsys
I/MDMCTBK (  276): NetlinkHandler, usbChargerStateChanged
I/MDMCTBK (  276): checkDefaultInst, current pid is = 276
I/MDMCTBK (  276): checkDefaultInst, pid match
I/MDMCTBK (  276): MdmCutbackHndler,readFromFile = /sys/class/power_supply/usb/online
I/MDMCTBK (  276): MdmCutbackHndler,readFromFile = 
E/MDMCTBK (  276): MdmCutbackHndler,Could not open ''
I/EntropyMixer( 1016): Writing entropy...
D/Ulp_jni ( 1016): JNI:system_update. Event-2
D/LBSSystemMonitorService( 1016): handleMessage what - 8
D/DeviceContext( 1016): handleMessage what - 1
E/LocSvc_libulp( 1016): W/int ulp_brain_select_providers(), return when ulp_started = 0, phone context_type = 0x0
E/LocSvc_libulp( 1016): ,
V/UsbDeviceManager( 1016): USB UEVENT: {USB_STATE=CONNECTED, SUBSYSTEM=android_usb, DEVPATH=/devices/virtual/android_usb/android0, SEQNUM=14435, ACTION=change}
I/ActivityManager( 1016): Start proc com.android.chrome for broadcast com.android.chrome/com.google.android.apps.chrome.precache.PrecacheServiceLauncher: pid=16893 uid=10057 gids={50057, 3003, 1028, 1015}
V/UsbDeviceManager( 1016): USB UEVENT: {USB_STATE=DISCONNECTED, SUBSYSTEM=android_usb, DEVPATH=/devices/virtual/android_usb/android0, SEQNUM=14436, ACTION=change}
D/UsbDeviceManager( 1016): broadcasting Intent { act=android.hardware.usb.action.USB_STATE flg=0x20000000 (has extras) } connected: true configured: false
I/MDMCTBK (  276): NetlinkHandler, power_supply subsys
I/MDMCTBK (  276): NetlinkHandler, usbChargerStateChanged
I/MDMCTBK (  276): checkDefaultInst, current pid is = 276
I/MDMCTBK (  276): checkDefaultInst, pid match
I/MDMCTBK (  276): MdmCutbackHndler,readFromFile = /sys/class/power_supply/usb/online
I/MDMCTBK (  276): MdmCutbackHndler,readFromFile = 
E/MDMCTBK (  276): MdmCutbackHndler,Could not open ''
I/MDMCTBK (  276): NetlinkHandler, power_supply subsys
I/MDMCTBK (  276): NetlinkHandler, usbChargerStateChanged
I/MDMCTBK (  276): checkDefaultInst, current pid is = 276
I/MDMCTBK (  276): checkDefaultInst, pid match
I/MDMCTBK (  276): MdmCutbackHndler,readFromFile = /sys/class/power_supply/usb/online
I/MDMCTBK (  276): MdmCutbackHndler,readFromFile = 
E/MDMCTBK (  276): MdmCutbackHndler,Could not open ''
V/UsbDeviceManager( 1016): USB UEVENT: {USB_STATE=CONNECTED, SUBSYSTEM=android_usb, DEVPATH=/devices/virtual/android_usb/android0, SEQNUM=14441, ACTION=change}
D/UsbDeviceManager( 1016): broadcasting Intent { act=android.hardware.usb.action.USB_STATE flg=0x20000000 (has extras) } connected: true configured: false
I/ActivityManager( 1016): Start proc com.google.android.apps.uploader for broadcast com.google.android.apps.uploader/com.google.android.picasasync.BatteryReceiver: pid=16916 uid=10079 gids={50079, 3003, 1028, 1015}
I/MDMCTBK (  276): NetlinkHandler, power_supply subsys
I/MDMCTBK (  276): NetlinkHandler, usbChargerStateChanged
I/MDMCTBK (  276): checkDefaultInst, current pid is = 276
I/MDMCTBK (  276): checkDefaultInst, pid match
I/MDMCTBK (  276): MdmCutbackHndler,readFromFile = /sys/class/power_supply/usb/online
I/MDMCTBK (  276): MdmCutbackHndler,readFromFile = 
E/MDMCTBK (  276): MdmCutbackHndler,Could not open ''
V/UsbDeviceManager( 1016): USB UEVENT: {USB_STATE=CONFIGURED, SUBSYSTEM=android_usb, DEVPATH=/devices/virtual/android_usb/android0, SEQNUM=14443, ACTION=change}
D/UsbDeviceManager( 1016): broadcasting Intent { act=android.hardware.usb.action.USB_STATE flg=0x20000000 (has extras) } connected: true configured: true
F/ProcessStats( 1016): Starting service ServiceState{43564fd8 com.cleanmaster.fm.service.BackgroundService pkg=com.rhmsoft.fm proc=43564fd8} without owner
I/iu.Environment(30409): update battery state; isPlugged? true*
I/iu.UploadsManager(30409): num queued entries: 0
I/iu.UploadsManager(30409): num updated entries: 0
I/iu.SyncManager(30409): NEXT; no task
D/PicasaUploader(16916):    wifiOnlyPhoto changed to true
D/PicasaUploader(16916):    wifiOnlyVideo changed to true
D/PicasaUploader(16916):    syncOnBattery changed to true
I/GCoreUlr(30429): Starting service, intent=Intent { act=com.google.android.location.reporting.ACTION_UPDATE_WORLD cmp=com.google.android.gms/com.google.android.location.reporting.service.DispatchingService (has extras) }, extras=Bundle[{receiverAction=android.intent.action.ACTION_POWER_CONNECTED}]
I/iu.FingerprintManager(30409): Start processing all media
D/PicasaUploaderSync(16916): sync account database
I/GCoreUlr(30429): DispatchingService.onCreate()
I/iu.FingerprintManager(30409): Start processing media store URI: content://media/external/images/media
I/ActivityManager( 1016): Start proc com.google.android.apps.plus for broadcast com.google.android.apps.plus/.service.BatteryReceiver: pid=16934 uid=10090 gids={50090, 3003, 3002, 1028, 1015}
D/PicasaUploaderSync(16916): accounts in DB=1
I/iu.FingerprintManager(30409): Start processing media store URI: content://media/external/video/media
D/PicasaUploaderSyncManager(16916): active network: NetworkInfo: type: WIFI[], state: CONNECTED/CONNECTED, reason: (unspecified), extra: "Moulin Rouge", roaming: false, failover: false, isAvailable: true, isConnectedToProvisioningNetwork: false
D/PicasaUploaderSyncManager(16916): background data: true
I/MDMCTBK (  276): NetlinkHandler, power_supply subsys
I/MDMCTBK (  276): NetlinkHandler, usbChargerStateChanged
I/MDMCTBK (  276): checkDefaultInst, current pid is = 276
I/MDMCTBK (  276): checkDefaultInst, pid match
I/MDMCTBK (  276): MdmCutbackHndler,readFromFile = /sys/class/power_supply/usb/online
I/MDMCTBK (  276): MdmCutbackHndler,readFromFile = 
E/MDMCTBK (  276): MdmCutbackHndler,Could not open ''
D/PicasaUploaderSyncManager(16916): battery info: true
E/dalvikvm(16934): Could not find class 'android.app.Notification$Action$Builder', referenced from method b.a
W/dalvikvm(16934): VFY: unable to resolve new-instance 302 (Landroid/app/Notification$Action$Builder;) in Lb;
D/dalvikvm(16934): VFY: replacing opcode 0x22 at 0x0000
D/dalvikvm(30409): GC_EXPLICIT freed 2483K, 35% free 12702K/19368K, paused 19ms+9ms, total 86ms
I/iu.FingerprintManager(30409): Start processing media store URI: content://media/phoneStorage/images/media
I/iu.FingerprintManager(30409): Start processing media store URI: content://media/phoneStorage/video/media
I/iu.FingerprintManager(30409): Finished generating fingerprints; 0.135 seconds
I/iu.FingerprintManager(30409):   numSeen=0 numGenerated=0 numDeleted=0 numFailed=0
E/dalvikvm(16934): Could not find class 'android.graphics.drawable.RippleDrawable', referenced from method b.a
W/dalvikvm(16934): VFY: unable to resolve new-instance 462 (Landroid/graphics/drawable/RippleDrawable;) in Lb;
D/dalvikvm(16934): VFY: replacing opcode 0x22 at 0x000b
I/MDMCTBK (  276): NetlinkHandler, power_supply subsys
I/MDMCTBK (  276): NetlinkHandler, usbChargerStateChanged
I/MDMCTBK (  276): checkDefaultInst, current pid is = 276
I/MDMCTBK (  276): checkDefaultInst, pid match
I/MDMCTBK (  276): MdmCutbackHndler,readFromFile = /sys/class/power_supply/usb/online
I/MDMCTBK (  276): MdmCutbackHndler,readFromFile = 
E/MDMCTBK (  276): MdmCutbackHndler,Could not open ''
I/GCoreUlr(30429): WorldUpdater received intent Intent { act=com.google.android.location.reporting.ACTION_UPDATE_WORLD cmp=com.google.android.gms/com.google.android.location.reporting.service.DispatchingService (has extras) } with receiverAction android.intent.action.ACTION_POWER_CONNECTED
W/dalvikvm(16934): VFY: unable to find class referenced in signature (Lzt;)
W/dalvikvm(16934): VFY: unable to find class referenced in signature (Lzt;)
W/dalvikvm(16934): VFY: unable to find class referenced in signature (Lzt;)
W/dalvikvm(16934): VFY: unable to find class referenced in signature (Lzt;)
W/dalvikvm(16934): VFY: unable to find class referenced in signature (Lzt;)
W/dalvikvm(16934): VFY: unable to find class referenced in signature (Lzt;)
W/dalvikvm(16934): VFY: unable to find class referenced in signature (Lzt;)
E/dalvikvm(16934): Could not find class 'android.app.Notification$Action$Builder', referenced from method b.a
W/dalvikvm(16934): VFY: unable to resolve new-instance 302 (Landroid/app/Notification$Action$Builder;) in Lb;
D/dalvikvm(16934): VFY: replacing opcode 0x22 at 0x0000
I/GCoreUlr(30429): WorldUpdater:android.intent.action.ACTION_POWER_CONNECTED: Ensuring that reporting is stopped because of reasons: {account#2#=[InactiveReason{mVersionCode=0, mIdentifier=4, mName='GoogleLocationDisabled'}, InactiveReason{mVersionCode=0, mIdentifier=6, mName='ReportingNotEnabled'}, InactiveReason{mVersionCode=0, mIdentifier=14, mName='HistoryNotEnabled'}]}
I/GCoreUlr(30429): Unbound from all location providers
W/dalvikvm(16934): Unable to resolve superclass of Lar; (689)
W/dalvikvm(16934): Link of class 'Lar;' failed
E/dalvikvm(16934): Could not find class 'ar', referenced from method b.a
W/dalvikvm(16934): VFY: unable to resolve new-instance 999 (Lar;) in Lb;
D/dalvikvm(16934): VFY: replacing opcode 0x22 at 0x0006
W/dalvikvm(16934): Unable to resolve superclass of Lat; (689)
W/dalvikvm(16934): Link of class 'Lat;' failed
E/dalvikvm(16934): Could not find class 'at', referenced from method b.a
W/dalvikvm(16934): VFY: unable to resolve new-instance 1053 (Lat;) in Lb;
D/dalvikvm(16934): VFY: replacing opcode 0x22 at 0x002a
I/dalvikvm(16934): Could not find method android.view.ViewGroup.isTransitionGroup, referenced from method b.a
W/dalvikvm(16934): VFY: unable to resolve virtual method 4388: Landroid/view/ViewGroup;.isTransitionGroup ()Z
D/dalvikvm(16934): VFY: replacing opcode 0x6e at 0x000c
I/dalvikvm(16934): Could not find method android.view.View.getTransitionName, referenced from method b.a
W/dalvikvm(16934): VFY: unable to resolve virtual method 4205: Landroid/view/View;.getTransitionName ()Ljava/lang/String;
D/dalvikvm(16934): VFY: replacing opcode 0x6e at 0x0006
W/dalvikvm(16934): VFY: unable to find class referenced in signature ([Landroid/app/RemoteInput;)
E/dalvikvm(16934): Could not find class 'android.app.RemoteInput[]', referenced from method b.a
W/dalvikvm(16934): VFY: unable to resolve new-array 12606 ([Landroid/app/RemoteInput;) in Lb;
D/dalvikvm(16934): VFY: replacing opcode 0x23 at 0x0005
I/GCoreUlr(30429): DispatchingService.onDestroy()
I/GCoreUlr(30429): Unbound from all location providers
D/dalvikvm(16934): DexOpt: unable to opt direct call 0x0530 at 0x0e in Lb;.a
D/dalvikvm(16934): DexOpt: unable to opt direct call 0x08a4 at 0x0e in Lb;.a
D/dalvikvm(16934): DexOpt: unable to opt direct call 0x0530 at 0x0e in Lb;.a
W/dalvikvm(16934): Unable to resolve superclass of Lar; (689)
W/dalvikvm(16934): Link of class 'Lar;' failed
D/dalvikvm(16934): DexOpt: unable to opt direct call 0x177c at 0x08 in Lb;.a
W/dalvikvm(16934): Unable to resolve superclass of Lat; (689)
W/dalvikvm(16934): Link of class 'Lat;' failed
D/dalvikvm(16934): DexOpt: unable to opt direct call 0x1846 at 0x2c in Lb;.a
D/dalvikvm(16934): DexOpt: unable to opt direct call 0x0587 at 0x13 in Lb;.a
D/dalvikvm(16934): Trying to load lib /data/app-lib/com.google.android.apps.plus-1/libcrashreporterer.so 0x427977a8
D/dalvikvm(16934): Added shared lib /data/app-lib/com.google.android.apps.plus-1/libcrashreporterer.so 0x427977a8
I/ActivityManager( 1016): Start proc android.process.acore for content provider com.android.providers.contacts/.ContactsProvider2: pid=16953 uid=10010 gids={50010, 3003, 1028, 1015, 1023}
D/dalvikvm(  280): GC_EXPLICIT freed 42K, 48% free 9010K/17224K, paused 2ms+3ms, total 22ms
D/dalvikvm(  280): GC_EXPLICIT freed <1K, 48% free 9010K/17224K, paused 2ms+3ms, total 22ms
D/dalvikvm(  280): GC_EXPLICIT freed <1K, 48% free 9010K/17224K, paused 1ms+3ms, total 18ms
D/MtpService(16806): updating state; isCurrentUser=true, mMtpLocked=false
D/MtpService(16806): mUsbDriverRestricted=false
W/ContextImpl( 1231): Calling a method in the system process without a qualified user: android.app.ContextImpl.startService:1608 android.content.ContextWrapper.startService:494 android.content.ContextWrapper.startService:494 com.motorola.motocare.internal.batterystats.BatteryStatsAction.onReceive:33 android.app.ActivityThread.handleReceiver:2434 
D/MtpService(16806): addStorageLocked 65537 /storage/emulated/0
D/MtpService(16806): updating state; isCurrentUser=true, mMtpLocked=false
D/MtpService(16806): starting MTP server in MTP mode
D/MtpService(16806): addStorageLocked 65537 /storage/emulated/0
D/WifiStateMachine( 1016): handleMessage: E msg.what=151572
D/WifiStateMachine( 1016): processMsg: ConnectedState
D/WifiStateMachine( 1016): processMsg: L2ConnectedState
D/WifiStateMachine( 1016): handleMessage: X
D/dalvikvm( 1231): GC_CONCURRENT freed 2178K, 46% free 9355K/17224K, paused 2ms+2ms, total 22ms
D/dalvikvm( 2456): GC_CONCURRENT freed 2054K, 45% free 9606K/17224K, paused 3ms+3ms, total 23ms
I/ContactLocale(16953): AddressBook Labels [en_GB]: [, A, B, C, D, E, F, G, H, I, J, K, L, M, N, O, P, Q, R, S, T, U, V, W, X, Y, Z, , , , , , , , , , , , , , , , , , , , , , , , , , , , , , , , , , , , , , , , , , , , , , , , , , , , , , , , , , , , , , , , , , , , , , , , , , , , , , , , , , , , , , , , , , , , , , , , , , , , , , , , , , , , , , , , , , , , , , , , , , , , , , , , , , , , , , , , , , , , , , , , , , , , , , , , , , , , , , , , , , , , , , , , , , , , , , , , , , , , , , #, ]
I/ActivityManager( 1016): Process com.devexpert.weather (pid 16843) has died.
I/ActivityManager( 1016): Process com.android.chrome (pid 16893) has died.
F/ProcessStats( 1016): Starting service ServiceState{43564fd8 com.cleanmaster.fm.service.BackgroundService pkg=com.rhmsoft.fm proc=43564fd8} without owner
W/ManagedEGLContext(14867): doTerminate failed: EGL count is 2 but managed count is 1
W/ManagedEGLContext(13115): doTerminate failed: EGL count is 2 but managed count is 1
I/dalvikvm(16934): Could not find method android.content.Context.getDrawable, referenced from method c.a
W/dalvikvm(16934): VFY: unable to resolve virtual method 1545: Landroid/content/Context;.getDrawable (I)Landroid/graphics/drawable/Drawable;
D/dalvikvm(16934): VFY: replacing opcode 0x6e at 0x0006
I/ActivityManager( 1016): Process com.google.android.apps.uploader (pid 16916) has died.
F/ProcessStats( 1016): Starting service ServiceState{43564fd8 com.cleanmaster.fm.service.BackgroundService pkg=com.rhmsoft.fm proc=43564fd8} without owner
I/ActivityManager( 1016): Process com.google.android.partnersetup (pid 16750) has died.
I/MDMCTBK (  276): NetlinkHandler, power_supply subsys
I/MDMCTBK (  276): NetlinkHandler, usbChargerStateChanged
I/MDMCTBK (  276): checkDefaultInst, current pid is = 276
I/MDMCTBK (  276): checkDefaultInst, pid match
I/MDMCTBK (  276): MdmCutbackHndler,readFromFile = /sys/class/power_supply/usb/online
I/MDMCTBK (  276): MdmCutbackHndler,readFromFile = 
E/MDMCTBK (  276): MdmCutbackHndler,Could not open ''
I/MDMCTBK (  276): NetlinkHandler, power_supply subsys
I/MDMCTBK (  276): NetlinkHandler, usbChargerStateChanged
I/MDMCTBK (  276): checkDefaultInst, current pid is = 276
I/MDMCTBK (  276): checkDefaultInst, pid match
I/MDMCTBK (  276): MdmCutbackHndler,readFromFile = /sys/class/power_supply/usb/online
I/MDMCTBK (  276): MdmCutbackHndler,readFromFile = 
E/MDMCTBK (  276): MdmCutbackHndler,Could not open ''
I/MDMCTBK (  276): NetlinkHandler, power_supply subsys
I/MDMCTBK (  276): NetlinkHandler, usbChargerStateChanged
I/MDMCTBK (  276): checkDefaultInst, current pid is = 276
I/MDMCTBK (  276): checkDefaultInst, pid match
I/MDMCTBK (  276): MdmCutbackHndler,readFromFile = /sys/class/power_supply/usb/online
I/MDMCTBK (  276): MdmCutbackHndler,readFromFile = 
E/MDMCTBK (  276): MdmCutbackHndler,Could not open ''
D/WifiStateMachine( 1016): handleMessage: E msg.what=151572
D/WifiStateMachine( 1016): processMsg: ConnectedState
D/WifiStateMachine( 1016): processMsg: L2ConnectedState
D/WifiStateMachine( 1016): handleMessage: X
D/WifiStateMachine( 1016): handleMessage: E msg.what=131155
D/WifiStateMachine( 1016): processMsg: ConnectedState
D/WifiStateMachine( 1016): processMsg: L2ConnectedState
D/WifiStateMachine( 1016): handleMessage: X
D/WifiStateMachine( 1016): handleMessage: E msg.what=151572
D/WifiStateMachine( 1016): processMsg: ConnectedState
D/WifiStateMachine( 1016): processMsg: L2ConnectedState
D/WifiStateMachine( 1016): handleMessage: X
I/SFPerfTracer(  278):      triggers: (rate: 39:2934) (compose: 0:14) (post: 0:2) (render: 9:449) (34:61952 frames) (35:169929)
D/SFPerfTracer(  278):        layers: (4:10) (DimLayer: 0:65)* (DimLayer: 0:25)* (FocusedStackFrame: 0:1922)* (StatusBar: 34:10275) (NavigationBar: 0:13159) (DimLayer: 0:3197)* (DimLayer: 0:349)* (com.android.wallpaper.fall.FallWallpaper: 10:21142) (com.android.launcher/com.android.launcher2.Launcher: 0:16)* (Keyguard: 0:51) 
D/WifiStateMachine( 1016): handleMessage: E msg.what=151572
D/WifiStateMachine( 1016): processMsg: ConnectedState
D/WifiStateMachine( 1016): processMsg: L2ConnectedState
D/WifiStateMachine( 1016): handleMessage: X
D/WifiStateMachine( 1016): handleMessage: E msg.what=151572
D/WifiStateMachine( 1016): processMsg: ConnectedState
D/WifiStateMachine( 1016): processMsg: L2ConnectedState
D/WifiStateMachine( 1016): handleMessage: X
D/WifiStateMachine( 1016): handleMessage: E msg.what=131155
D/WifiStateMachine( 1016): processMsg: ConnectedState
D/WifiStateMachine( 1016): processMsg: L2ConnectedState
D/WifiStateMachine( 1016): handleMessage: X
D/WifiStateMachine( 1016): handleMessage: E msg.what=151572
D/WifiStateMachine( 1016): processMsg: ConnectedState
D/WifiStateMachine( 1016): processMsg: L2ConnectedState
D/WifiStateMachine( 1016): handleMessage: X
D/dalvikvm( 1016): GC_EXPLICIT freed 1475K, 34% free 26206K/39124K, paused 4ms+11ms, total 137ms
D/WifiStateMachine( 1016): handleMessage: E msg.what=151572
D/WifiStateMachine( 1016): processMsg: ConnectedState
D/WifiStateMachine( 1016): processMsg: L2ConnectedState
D/WifiStateMachine( 1016): handleMessage: X
I/PackageManager( 1016): Adding preferred activity ComponentInfo{com.android.mms/com.android.mms.ui.ComposeMessageActivity} for user 0 :
I/PackageManager( 1016):   Action: "android.intent.action.SENDTO"
I/PackageManager( 1016):   Category: "android.intent.category.DEFAULT"
I/PackageManager( 1016):   Scheme: "sms"
I/InputReader( 1016): Reconfiguring input devices.  changes=0x00000010
I/Launcher(30757): Deferring update until onResume
I/PackageManager( 1016): Adding preferred activity ComponentInfo{com.android.mms/com.android.mms.ui.ComposeMessageActivity} for user 0 :
I/PackageManager( 1016):   Action: "android.intent.action.SENDTO"
I/PackageManager( 1016):   Category: "android.intent.category.DEFAULT"
I/PackageManager( 1016):   Scheme: "smsto"
I/ActivityManager( 1016): Start proc com.motorola.MotGallery2 for broadcast com.motorola.MotGallery2/com.android.gallery3d.app.PackagesMonitor: pid=17019 uid=10034 gids={50034, 3003, 1028, 1015}
I/PackageManager( 1016): Adding preferred activity ComponentInfo{com.android.mms/com.android.mms.ui.ComposeMessageActivity} for user 0 :
I/PackageManager( 1016):   Action: "android.intent.action.SENDTO"
I/PackageManager( 1016):   Category: "android.intent.category.DEFAULT"
I/PackageManager( 1016):   Scheme: "mms"
I/Launcher(30757): Deferring update until onResume
I/PackageManager( 1016): Adding preferred activity ComponentInfo{com.android.mms/com.android.mms.ui.ComposeMessageActivity} for user 0 :
I/PackageManager( 1016):   Action: "android.intent.action.SENDTO"
I/PackageManager( 1016):   Category: "android.intent.category.DEFAULT"
I/PackageManager( 1016):   Scheme: "mmsto"
I/PackageManager( 1016): Adding preferred activity ComponentInfo{com.android.mms/com.android.mms.ui.ComposeMessageActivity} for user 0 :
I/PackageManager( 1016):   Action: "android.intent.action.SENDTO"
I/PackageManager( 1016):   Category: "android.intent.category.DEFAULT"
I/PackageManager( 1016):   Scheme: "sms"
I/PackageManager( 1016): Adding preferred activity ComponentInfo{com.android.mms/com.android.mms.ui.ComposeMessageActivity} for user 0 :
I/PackageManager( 1016):   Action: "android.intent.action.SENDTO"
I/PackageManager( 1016):   Category: "android.intent.category.DEFAULT"
I/PackageManager( 1016):   Scheme: "smsto"
D/dalvikvm( 1016): GC_EXPLICIT freed 503K, 33% free 26271K/39124K, paused 5ms+14ms, total 139ms
I/PackageManager( 1016): Adding preferred activity ComponentInfo{com.android.mms/com.android.mms.ui.ComposeMessageActivity} for user 0 :
I/PackageManager( 1016):   Action: "android.intent.action.SENDTO"
I/PackageManager( 1016):   Category: "android.intent.category.DEFAULT"
I/PackageManager( 1016):   Scheme: "mms"
I/PackageManager( 1016): Adding preferred activity ComponentInfo{com.android.mms/com.android.mms.ui.ComposeMessageActivity} for user 0 :
I/PackageManager( 1016):   Action: "android.intent.action.SENDTO"
I/PackageManager( 1016):   Category: "android.intent.category.DEFAULT"
I/PackageManager( 1016):   Scheme: "mmsto"
I/InternalIcingCorporaPro(16716): Updating corpora: APPS=com.motorola.genie, CONTACTS=MAYBE
F/ProcessStats( 1016): Starting service ServiceState{43564fd8 com.cleanmaster.fm.service.BackgroundService pkg=com.rhmsoft.fm proc=43564fd8} without owner
D/PackageBroadcastService(30409): Received broadcast action=android.intent.action.PACKAGE_CHANGED and uri=com.motorola.genie
I/PeopleContactsSync(30409): Hangout changed: installed=true
D/dalvikvm(16934): GC_FOR_ALLOC freed 2801K, 25% free 12944K/17224K, paused 26ms, total 26ms
D/dalvikvm(16934): GC_FOR_ALLOC freed 5339K, 46% free 9384K/17224K, paused 19ms, total 19ms
I/ActivityManager( 1016): Process com.motorola.genie (pid 16686) has died.
F/ProcessStats( 1016): Starting service ServiceState{43564fd8 com.cleanmaster.fm.service.BackgroundService pkg=com.rhmsoft.fm proc=43564fd8} without owner
I/PeopleSync(30409): requestContactSyncCleanup [1a83c410]
I/PeopleSync(30409): onPerformSync() [1a83c410]
I/PeopleSync(30409): Setting subscription: result=true [1a83c410]
I/PeopleSync(30409): Starting sync, feed=null [1a83c410]
I/PeopleContactsSync(30409): CP2 sync start [1a83c410]
I/PeopleContactsSync(30409):   updateBabelActionMimeType
I/PeopleContactsSync(30409): Updated babel action mime type
I/PeopleContactsSync(30409): CP2 sync: diff=PeopleSyncDiffs: sync disabled; unchanged [1a83c410]
I/PeopleContactsSync(30409): Syncing people to contacts: PeopleSyncDiffs: sync disabled; unchanged [1a83c410]
D/WifiStateMachine( 1016): handleMessage: E msg.what=151572
D/WifiStateMachine( 1016): processMsg: ConnectedState
D/WifiStateMachine( 1016): processMsg: L2ConnectedState
D/dalvikvm(16934): GC_FOR_ALLOC freed 1781K, 46% free 9381K/17224K, paused 14ms, total 14ms
D/WifiStateMachine( 1016): handleMessage: X
I/InternalIcingCorporaPro(16716): UpdateCorporaTask done [took 345 ms] updated apps [took 345 ms] 
D/dalvikvm(16934): GC_CONCURRENT freed 1897K, 45% free 9500K/17224K, paused 3ms+1ms, total 15ms
I/PeopleContactsSync(30409): CP2 cleanup done, kept= duration=98 ms
I/PeopleContactsSync(30409): ===CP2 sync finished, success=true, time=185,0,0,0,0,0 rc=0,0,0,0 av=0,0,0,0,0,0 [1a83c410]
I/PeopleSync(30409): ***Sync finished***, duration: 257 [1a83c410]
I/ActivityManager( 1016): Start proc com.rhmsoft.fm:service for service com.rhmsoft.fm/com.cleanmaster.fm.service.BackgroundService: pid=17053 uid=10105 gids={50105, 3003, 1028, 1015}
W/Settings(17053): Setting android_id has moved from android.provider.Settings.System to android.provider.Settings.Secure, returning read-only value.
D/filesDir(17053): /data/data/com.rhmsoft.fm/files
E/cutils  (  261): Failed to mkdirat(/storage/sdcard1/Android): Read-only file system
W/Vold    (  261): Returning OperationFailed - no handler for errno 30
W/ContextImpl(17053): Failed to ensure directory: /storage/sdcard1/Android/data/com.rhmsoft.fm/files
D/dalvikvm(17053): Trying to load lib /data/data/com.rhmsoft.fm/lib/libkcmutil.so 0x4278b6d8
W/linker  (17053): libkcmutil.so has text relocations. This is wasting memory and is a security risk. Please fix.
D/dalvikvm(17053): Added shared lib /data/data/com.rhmsoft.fm/lib/libkcmutil.so 0x4278b6d8
W/Settings(17053): Setting android_id has moved from android.provider.Settings.System to android.provider.Settings.Secure, returning read-only value.
W/System.err(17053): Commons.readAssetsFileLineString :cn2
W/Settings(17053): Setting android_id has moved from android.provider.Settings.System to android.provider.Settings.Secure, returning read-only value.
D/WifiStateMachine( 1016): handleMessage: E msg.what=151572
D/WifiStateMachine( 1016): processMsg: ConnectedState
D/WifiStateMachine( 1016): processMsg: L2ConnectedState
D/WifiStateMachine( 1016): handleMessage: X
D/WifiStateMachine( 1016): handleMessage: E msg.what=131155
D/WifiStateMachine( 1016): processMsg: ConnectedState
D/WifiStateMachine( 1016): processMsg: L2ConnectedState
D/WifiStateMachine( 1016): handleMessage: X
I/SFPerfTracer(  278):      triggers: (rate: 39:2937) (compose: 0:14) (post: 0:2) (render: 9:449) (0:61989 frames) (1:170029)
D/SFPerfTracer(  278):        layers: (4:10) (DimLayer: 0:65)* (DimLayer: 0:25)* (FocusedStackFrame: 0:1922)* (StatusBar: 0:10307) (NavigationBar: 0:13159) (DimLayer: 0:3197)* (DimLayer: 0:349)* (com.android.wallpaper.fall.FallWallpaper: 1:21218) (com.android.launcher/com.android.launcher2.Launcher: 0:17)* (Keyguard: 0:51) 
D/WifiStateMachine( 1016): handleMessage: E msg.what=151572
D/WifiStateMachine( 1016): processMsg: ConnectedState
D/WifiStateMachine( 1016): processMsg: L2ConnectedState
D/WifiStateMachine( 1016): handleMessage: X
I/PowerManagerService( 1016): Nap time...
I/PowerManagerService( 1016): Going to sleep due to screen timeout...
D/SurfaceFlinger(  278): Screen released, type=0 flinger=0xb7ca1450
D/qdhwcomposer(  278): hwc_blank: Blanking display: 0
I/SFPerfTracer(  278):       trigger: vsync rate (-49.465%)	(30.321 vps)	(32.981 ms)* 	(253 drops)	(409 vsyncs)
I/SFPerfTracer(  278):      triggers: (rate: 50:35166) (89568 sw vsyncs) (64616 skipped) (409:179791 vsyncs) (411:291894)
D/qdhwcomposer(  278): hwc_blank: Done blanking display: 0
D/SurfaceControl( 1016): Excessive delay in blankDisplay() while turning screen off: 206ms
I/AonLTInterfaceService( 1231): AodLT package version: 1000000
D/Sensors ( 1016): AccelerationSensor: Set Sensors state 0x1
D/KeyguardHostView( 1078): showSecurityScreen(None)
D/KeyguardHostView( 1078): getSecurityView(None)
D/Sensors ( 1016): AccelerationSensor: set delay 200
D/WifiStateMachine( 1016): handleScreenStateChanged: false
D/WifiStateMachine( 1016): handleMessage: E msg.what=131154
D/WifiStateMachine( 1016): processMsg: ConnectedState
D/WifiStateMachine( 1016): processMsg: L2ConnectedState
D/WifiStateMachine( 1016): handleMessage: X
D/WifiStateMachine( 1016): handleMessage: E msg.what=131163
