I/ActivityManager( 1016): Start proc com.devexpert.weather for broadcast com.devexpert.weather/.view.WidgetWeather2x1: pid=2555 uid=10112 gids={50112, 3003, 1028, 1015}
D/WifiService( 1016): acquireWifiLockLocked: WifiLock{NlpWifiLock type=2 binder=android.os.BinderProxy@43c17820}
D/WifiService( 1016): releaseWifiLockLocked: WifiLock{NlpWifiLock type=2 binder=android.os.BinderProxy@43c17820}
W/ContextImpl( 1231): Calling a method in the system process without a qualified user: android.app.ContextImpl.sendBroadcast:1252 android.content.ContextWrapper.sendBroadcast:365 com.motorola.motocare.util.TriggerHelper$TriggerBuilder.send:76 com.motorola.motocare.internal.frameworkevents.ProcessKillTrigger.sendTrigger:147 com.motorola.motocare.internal.frameworkevents.ProcessKillTrigger.handleLmkKill:337 
W/ContextImpl( 1231): Calling a method in the system process without a qualified user: android.app.ContextImpl.sendBroadcast:1252 android.content.ContextWrapper.sendBroadcast:365 com.motorola.motocare.util.TriggerHelper$TriggerBuilder.send:76 com.motorola.motocare.internal.frameworkevents.ProcessKillTrigger.sendTrigger:147 com.motorola.motocare.internal.frameworkevents.ProcessKillTrigger.handleLmkKill:337 
W/ContextImpl( 1231): Calling a method in the system process without a qualified user: android.app.ContextImpl.sendBroadcast:1252 android.content.ContextWrapper.sendBroadcast:365 com.motorola.motocare.util.TriggerHelper$TriggerBuilder.send:76 com.motorola.motocare.internal.frameworkevents.ProcessKillTrigger.sendTrigger:147 com.motorola.motocare.internal.frameworkevents.ProcessKillTrigger.handleLmkKill:337 
W/ContextImpl( 1231): Calling a method in the system process without a qualified user: android.app.ContextImpl.sendBroadcast:1252 android.content.ContextWrapper.sendBroadcast:365 com.motorola.motocare.util.TriggerHelper$TriggerBuilder.send:76 com.motorola.motocare.internal.frameworkevents.ProcessKillTrigger.sendTrigger:147 com.motorola.motocare.internal.frameworkevents.ProcessKillTrigger.handleLmkKill:337 
W/ContextImpl( 1231): Calling a method in the system process without a qualified user: android.app.ContextImpl.sendBroadcast:1252 android.content.ContextWrapper.sendBroadcast:365 com.motorola.motocare.util.TriggerHelper$TriggerBuilder.send:76 com.motorola.motocare.internal.frameworkevents.ProcessKillTrigger.sendTrigger:147 com.motorola.motocare.internal.frameworkevents.ProcessKillTrigger.handleLmkKill:337 
W/ContextImpl( 1231): Calling a method in the system process without a qualified user: android.app.ContextImpl.sendBroadcast:1252 android.content.ContextWrapper.sendBroadcast:365 com.motorola.motocare.util.TriggerHelper$TriggerBuilder.send:76 com.motorola.motocare.internal.frameworkevents.ProcessKillTrigger.sendTrigger:147 com.motorola.motocare.internal.frameworkevents.ProcessKillTrigger.handleLmkKill:337 
W/ContextImpl( 1231): Calling a method in the system process without a qualified user: android.app.ContextImpl.sendBroadcast:1252 android.content.ContextWrapper.sendBroadcast:365 com.motorola.motocare.util.TriggerHelper$TriggerBuilder.send:76 com.motorola.motocare.internal.frameworkevents.ProcessKillTrigger.sendTrigger:147 com.motorola.motocare.internal.frameworkevents.ProcessKillTrigger.handleLmkKill:337 
W/ContextImpl( 1231): Calling a method in the system process without a qualified user: android.app.ContextImpl.sendBroadcast:1252 android.content.ContextWrapper.sendBroadcast:365 com.motorola.motocare.util.TriggerHelper$TriggerBuilder.send:76 com.motorola.motocare.internal.frameworkevents.ProcessKillTrigger.sendTrigger:147 com.motorola.motocare.internal.frameworkevents.ProcessKillTrigger.handleLmkKill:337 
W/ContextImpl( 1231): Calling a method in the system process without a qualified user: android.app.ContextImpl.sendBroadcast:1252 android.content.ContextWrapper.sendBroadcast:365 com.motorola.motocare.util.TriggerHelper$TriggerBuilder.send:76 com.motorola.motocare.internal.frameworkevents.ProcessKillTrigger.sendTrigger:147 com.motorola.motocare.internal.frameworkevents.ProcessKillTrigger.handleLmkKill:337 
I/SFPerfTracer(  278):      triggers: (rate: 38:29641) (88615 sw vsyncs) (53726 skipped) (17:156334 vsyncs) (19:264638)
I/SFPerfTracer(  278):      triggers: (rate: 38:29641) (88615 sw vsyncs) (53726 skipped) (5:156422 vsyncs) (7:264742)
I/SFPerfTracer(  278):      triggers: (rate: 38:29641) (88615 sw vsyncs) (53726 skipped) (5:156511 vsyncs) (7:264847)
V/AlarmManager( 1016): sending alarm Alarm{42bf9660 type 3 android}
V/AlarmManager( 1016): sending alarm Alarm{42b6ad60 type 3 com.devexpert.weather}
V/AlarmManager( 1016): sending alarm Alarm{42aad6c0 type 2 com.google.android.apps.maps}
I/ActivityManager( 1016): Start proc com.google.android.apps.maps for service com.google.android.apps.maps/com.google.android.apps.gmm.prefetch.PrefetcherService: pid=2607 uid=10064 gids={50064, 3003, 1028, 1015}
V/AlarmManager( 1016): sending alarm Alarm{42aad710 type 2 com.google.android.gms}
W/ActivityThread( 2607): ClassLoader.loadClass: The class loader returned by Thread.getContextClassLoader() may fail for processes that host multiple applications. You should explicitly specify a context class loader. For example: Thread.setContextClassLoader(getClass().getClassLoader());
I/ActivityManager( 1016): Start proc com.google.android.tts for service com.google.android.tts/.service.GoogleTTSService: pid=2640 uid=10068 gids={50068, 3003, 1028, 1015}
D/WifiService( 1016): New client listening to asynchronous messages
D/ConnectivityService( 1016): handleInetConditionHoldEnd: net=1, condition=100, published condition=100
I/SFPerfTracer(  278):      triggers: (rate: 38:29641) (88615 sw vsyncs) (53726 skipped) (31:156604 vsyncs) (33:264953)
I/ActivityManager( 1016): Process com.google.android.apps.magazines (pid 2341) has died.
I/ActivityManager( 1016): Process com.google.android.partnersetup (pid 2257) has died.
I/PowerManagerService( 1016): Nap time...
I/PowerManagerService( 1016): Going to sleep due to screen timeout...
I/SFPerfTracer(  278):      triggers: (rate: 38:2831) (compose: 0:14) (post: 0:2) (render: 9:428) (23:56686 frames) (24:152167)
D/SFPerfTracer(  278):        layers: (4:12) (DimLayer: 0:65)* (DimLayer: 0:25)* (FocusedStackFrame: 0:1626)* (StatusBar: 0:8953) (NavigationBar: 0:11264) (DimLayer: 0:2769)* (DimLayer: 0:291)* (com.android.wallpaper.fall.FallWallpaper: 0:17570)* (com.giftme.fb_auth/com.giftme.fb_auth.FB_Auth: 0:74) (com.giftme.fb_auth/com.giftme.fb_auth.FB_Auth: 0:36)* (com.giftme.fb_auth/com.giftme.fb_auth.FB_Auth: 0:39)* (ElectronBeam: 24:26) 
W/ContextImpl( 1231): Calling a method in the system process without a qualified user: android.app.ContextImpl.sendBroadcast:1252 android.content.ContextWrapper.sendBroadcast:365 com.motorola.motocare.util.TriggerHelper$TriggerBuilder.send:76 com.motorola.motocare.internal.frameworkevents.PauseResumeTrigger.handleFrameworkEvent:53 com.motorola.motocare.internal.frameworkevents.FwEventMonitor$FrameworkListener.processFrameworkEvent:114 
W/ContextImpl( 1231): Calling a method in the system process without a qualified user: android.app.ContextImpl.startService:1608 android.content.ContextWrapper.startService:494 android.content.ContextWrapper.startService:494 com.motorola.motocare.internal.batterystats.BatteryStatsAction.onReceive:33 android.app.ActivityThread.handleReceiver:2434 
V/AlarmManager( 1016): sending alarm Alarm{43468210 type 2 com.android.keyguard}
V/AlarmManager( 1016): sending alarm Alarm{434f80c8 type 0 com.facebook.katana}
V/AlarmManager( 1016): sending alarm Alarm{44348fc8 type 2 com.google.android.gms}
V/AlarmManager( 1016): sending alarm Alarm{443490a0 type 2 com.google.android.gsf}
I/ProcessStatsService( 1016): Prepared write state in 30ms
V/AlarmManager( 1016): sending alarm Alarm{4344c9f8 type 3 android}
V/AlarmManager( 1016): sending alarm Alarm{4344cad0 type 3 com.devexpert.weather}
W/ContextImpl( 1231): Calling a method in the system process without a qualified user: android.app.ContextImpl.sendBroadcast:1252 android.content.ContextWrapper.sendBroadcast:365 com.motorola.motocare.util.TriggerHelper$TriggerBuilder.send:76 com.motorola.motocare.internal.frameworkevents.ProcessKillTrigger.sendTrigger:147 com.motorola.motocare.internal.frameworkevents.ProcessKillTrigger.handleLmkKill:337 
W/ContextImpl( 1231): Calling a method in the system process without a qualified user: android.app.ContextImpl.sendBroadcast:1252 android.content.ContextWrapper.sendBroadcast:365 com.motorola.motocare.util.TriggerHelper$TriggerBuilder.send:76 com.motorola.motocare.internal.frameworkevents.ProcessKillTrigger.sendTrigger:147 com.motorola.motocare.internal.frameworkevents.ProcessKillTrigger.handleLmkKill:337 
V/AlarmManager( 1016): sending alarm Alarm{43930d98 type 3 android}
V/AlarmManager( 1016): sending alarm Alarm{42fd7d58 type 2 com.facebook.katana}
V/AlarmManager( 1016): sending alarm Alarm{430c4dc0 type 3 com.devexpert.weather}
V/AlarmManager( 1016): sending alarm Alarm{430c4e98 type 1 android}
V/AlarmManager( 1016): sending alarm Alarm{430c4ee8 type 3 android}
V/AlarmManager( 1016): sending alarm Alarm{4309f078 type 3 com.devexpert.weather}
V/AlarmManager( 1016): sending alarm Alarm{43cba718 type 3 android}
I/PowerManagerService( 1016): Waking up from sleep...
V/AlarmManager( 1016): sending alarm Alarm{43577840 type 3 com.devexpert.weather}
V/AlarmManager( 1016): sending alarm Alarm{43577918 type 2 com.google.android.gms}
V/AlarmManager( 1016): sending alarm Alarm{43577968 type 2 com.google.android.gms}
I/WindowManager( 1016): Lock screen displayed!
D/DisplayPowerController( 1016): Unblocked screen on after 29426880 ms
D/WifiService( 1016): acquireWifiLockLocked: WifiLock{NlpWifiLock type=2 binder=android.os.BinderProxy@43c17820}
D/WifiService( 1016): releaseWifiLockLocked: WifiLock{NlpWifiLock type=2 binder=android.os.BinderProxy@43c17820}
I/SFPerfTracer(  278):      triggers: (rate: 38:29641) (88753 sw vsyncs) (53726 skipped) (0:156645 vsyncs) (138:265137)
D/ConnectivityService( 1016): handleInetConditionHoldEnd: net=1, condition=100, published condition=100
W/ContextImpl( 1231): Calling a method in the system process without a qualified user: android.app.ContextImpl.sendBroadcast:1252 android.content.ContextWrapper.sendBroadcast:365 com.motorola.motocare.util.TriggerHelper$TriggerBuilder.send:76 com.motorola.motocare.internal.frameworkevents.PauseResumeTrigger.handleFrameworkEvent:53 com.motorola.motocare.internal.frameworkevents.FwEventMonitor$FrameworkListener.processFrameworkEvent:114 
D/UsbDeviceManager( 1016): MSG_USER_PRESENT
I/ActivityManager( 1016): Process com.imangi.templerun2 (pid 2315) has died.
W/InputMethodManagerService( 1016): Window already focused, ignoring focus gain of: com.android.internal.view.IInputMethodClient$Stub$Proxy@4343ac58 attribute=android.view.inputmethod.EditorInfo@42fccb30, token = android.os.BinderProxy@4442e190
W/ContextImpl( 1231): Calling a method in the system process without a qualified user: android.app.ContextImpl.startService:1608 android.content.ContextWrapper.startService:494 android.content.ContextWrapper.startService:494 com.motorola.motocare.internal.batterystats.BatteryStatsAction.onReceive:33 android.app.ActivityThread.handleReceiver:2434 
I/SFPerfTracer(  278):      triggers: (rate: 38:29641) (88753 sw vsyncs) (53784 skipped) (136:156782 vsyncs) (138:265278)
I/SFPerfTracer(  278):      triggers: (rate: 38:2835) (compose: 0:14) (post: 0:2) (render: 9:428) (13:56774 frames) (14:152270)
D/SFPerfTracer(  278):        layers: (3:11) (DimLayer: 0:65)* (DimLayer: 0:25)* (FocusedStackFrame: 0:1629)* (StatusBar: 0:8973) (NavigationBar: 14:11303) (DimLayer: 0:2769)* (DimLayer: 1:295)* (com.android.wallpaper.fall.FallWallpaper: 0:17592)* (com.giftme.fb_auth/com.giftme.fb_auth.FB_Auth: 1:91) (ElectronBeam: 0:27)* (Keyguard: 0:69)* 
I/ActivityManager( 1016): START u0 {act=com.android.systemui.recent.action.TOGGLE_RECENTS flg=0x10800000 cmp=com.android.systemui/.recent.RecentsActivity (has extras)} from pid 1078
W/ContextImpl( 1231): Calling a method in the system process without a qualified user: android.app.ContextImpl.sendBroadcast:1252 android.content.ContextWrapper.sendBroadcast:365 com.motorola.motocare.util.TriggerHelper$TriggerBuilder.send:76 com.motorola.motocare.internal.frameworkevents.PauseResumeTrigger.handleFrameworkEvent:53 com.motorola.motocare.internal.frameworkevents.FwEventMonitor$FrameworkListener.processFrameworkEvent:114 
W/ContextImpl( 1231): Calling a method in the system process without a qualified user: android.app.ContextImpl.sendBroadcast:1252 android.content.ContextWrapper.sendBroadcast:365 com.motorola.motocare.util.TriggerHelper$TriggerBuilder.send:76 com.motorola.motocare.internal.frameworkevents.PauseResumeTrigger.handleFrameworkEvent:53 com.motorola.motocare.internal.frameworkevents.FwEventMonitor$FrameworkListener.processFrameworkEvent:114 
I/LaunchCheckinHandler( 1016): Displayed com.android.systemui/.recent.RecentsActivity,wp,wa,228
I/ActivityManager( 1016): Killing 2387:com.giftme.fb_auth/u0a106 (adj 9): remove task
W/ContextImpl( 1231): Calling a method in the system process without a qualified user: android.app.ContextImpl.sendBroadcast:1252 android.content.ContextWrapper.sendBroadcast:365 com.motorola.motocare.util.TriggerHelper$TriggerBuilder.send:76 com.motorola.motocare.internal.frameworkevents.ProcessKillTrigger.sendTrigger:147 com.motorola.motocare.internal.frameworkevents.ProcessKillTrigger.handleFrameworkEvent:164 
I/WindowState( 1016): WIN DEATH: Window{428938e8 u0 com.giftme.fb_auth/com.giftme.fb_auth.FB_Auth}
I/SFPerfTracer(  278):      triggers: (rate: 38:29641) (88753 sw vsyncs) (53784 skipped) (17:156888 vsyncs) (19:265396)
W/ContextImpl( 1231): Calling a method in the system process without a qualified user: android.app.ContextImpl.sendBroadcast:1252 android.content.ContextWrapper.sendBroadcast:365 com.motorola.motocare.util.TriggerHelper$TriggerBuilder.send:76 com.motorola.motocare.internal.frameworkevents.PauseResumeTrigger.handleFrameworkEvent:53 com.motorola.motocare.internal.frameworkevents.FwEventMonitor$FrameworkListener.processFrameworkEvent:114 
W/ContextImpl( 1231): Calling a method in the system process without a qualified user: android.app.ContextImpl.sendBroadcast:1252 android.content.ContextWrapper.sendBroadcast:365 com.motorola.motocare.util.TriggerHelper$TriggerBuilder.send:76 com.motorola.motocare.internal.frameworkevents.PauseResumeTrigger.handleFrameworkEvent:53 com.motorola.motocare.internal.frameworkevents.FwEventMonitor$FrameworkListener.processFrameworkEvent:114 
I/SFPerfTracer(  278):      triggers: (rate: 38:2835) (compose: 0:14) (post: 0:2) (render: 9:428) (9:56808 frames) (10:152371)
D/SFPerfTracer(  278):        layers: (4:13) (DimLayer: 0:65)* (DimLayer: 0:25)* (FocusedStackFrame: 0:1630)* (StatusBar: 0:8973) (NavigationBar: 0:11321) (DimLayer: 0:2769)* (DimLayer: 0:295)* (com.android.wallpaper.fall.FallWallpaper: 0:17592)* (com.giftme.fb_auth/com.giftme.fb_auth.FB_Auth: 0:108)* (com.android.systemui/com.android.systemui.recent.RecentsActivity: 0:61) (thumbnail anim: 0:17)* (com.rhmsoft.fm/com.rhmsoft.fm.FileManager: 10:21) (thumbnail anim: 10:15)* 
W/PackageParser(19319): No actions in intent filter at /storage/emulated/0/Download/FB_Auth-release.apk Binary XML file line #28
I/SFPerfTracer(  278):      triggers: (rate: 38:29641) (88753 sw vsyncs) (53784 skipped) (19:156985 vsyncs) (21:265516)
I/ActivityManager( 1016): START u0 {act=android.intent.action.VIEW cat=[android.intent.category.DEFAULT] dat=file:///storage/emulated/0/Download/FB_Auth-release.apk typ=application/vnd.android.package-archive flg=0x10000 cmp=com.android.packageinstaller/.PackageInstallerActivity} from pid 19319
W/ContextImpl( 1231): Calling a method in the system process without a qualified user: android.app.ContextImpl.sendBroadcast:1252 android.content.ContextWrapper.sendBroadcast:365 com.motorola.motocare.util.TriggerHelper$TriggerBuilder.send:76 com.motorola.motocare.internal.frameworkevents.PauseResumeTrigger.handleFrameworkEvent:53 com.motorola.motocare.internal.frameworkevents.FwEventMonitor$FrameworkListener.processFrameworkEvent:114 
W/ContextImpl( 1231): Calling a method in the system process without a qualified user: android.app.ContextImpl.sendBroadcast:1252 android.content.ContextWrapper.sendBroadcast:365 com.motorola.motocare.util.TriggerHelper$TriggerBuilder.send:76 com.motorola.motocare.internal.frameworkevents.PauseResumeTrigger.handleFrameworkEvent:53 com.motorola.motocare.internal.frameworkevents.FwEventMonitor$FrameworkListener.processFrameworkEvent:114 
W/PackageParser( 1200): No actions in intent filter at /storage/emulated/0/Download/FB_Auth-release.apk Binary XML file line #28
I/LaunchCheckinHandler( 1016): Displayed com.android.packageinstaller/.PackageInstallerActivity,wp,ca,322
I/ActivityManager( 1016): START u0 {dat=file:///storage/emulated/0/Download/FB_Auth-release.apk cmp=com.android.packageinstaller/.InstallAppProgress (has extras)} from pid 1200
W/ContextImpl( 1231): Calling a method in the system process without a qualified user: android.app.ContextImpl.sendBroadcast:1252 android.content.ContextWrapper.sendBroadcast:365 com.motorola.motocare.util.TriggerHelper$TriggerBuilder.send:76 com.motorola.motocare.internal.frameworkevents.PauseResumeTrigger.handleFrameworkEvent:53 com.motorola.motocare.internal.frameworkevents.FwEventMonitor$FrameworkListener.processFrameworkEvent:114 
W/ContextImpl( 1231): Calling a method in the system process without a qualified user: android.app.ContextImpl.sendBroadcast:1252 android.content.ContextWrapper.sendBroadcast:365 com.motorola.motocare.util.TriggerHelper$TriggerBuilder.send:76 com.motorola.motocare.internal.frameworkevents.PauseResumeTrigger.handleFrameworkEvent:53 com.motorola.motocare.internal.frameworkevents.FwEventMonitor$FrameworkListener.processFrameworkEvent:114 
I/ActivityManager( 1016): Start proc com.android.defcontainer for service com.android.defcontainer/.DefaultContainerService: pid=2972 uid=10013 gids={50013, 1028, 1015, 1023, 2001, 1035}
V/AlarmManager( 1016): sending alarm Alarm{42f96958 type 0 com.google.android.gms}
I/LaunchCheckinHandler( 1016): Displayed com.android.packageinstaller/.InstallAppProgress,wp,ca,100
W/ActivityManager( 1016): No content provider found for permission revoke: file:///storage/emulated/0/Download/FB_Auth-release.apk
W/PackageParser(18319): No actions in intent filter at /storage/emulated/0/Download/FB_Auth-release.apk Binary XML file line #28
I/SFPerfTracer(  278):      triggers: (rate: 38:2835) (compose: 0:14) (post: 0:2) (render: 9:428) (15:56830 frames) (16:152481)
D/SFPerfTracer(  278):        layers: (5:13) (DimLayer: 0:65)* (DimLayer: 0:25)* (FocusedStackFrame: 0:1634)* (StatusBar: 0:8973) (NavigationBar: 0:11321) (DimLayer: 0:2769)* (DimLayer: 0:296) (com.android.wallpaper.fall.FallWallpaper: 0:17592)* (com.android.systemui/com.android.systemui.recent.RecentsActivity: 0:61)* (com.rhmsoft.fm/com.rhmsoft.fm.FileManager: 0:85)* (thumbnail anim: 0:18)* (com.android.packageinstaller/com.android.packageinstaller.PackageInstallerActivity: 16:41) (com.android.packageinstaller/com.android.packageinstaller.InstallAppProgress: 16:20) 
W/ActivityManager( 1016): No content provider found for permission revoke: file:///storage/emulated/0/Download/FB_Auth-release.apk
I/PackageManager( 1016): Copying native libraries to /data/app-lib/vmdl-1572879272
W/PackageParser( 1016): No actions in intent filter at /data/app/vmdl-1572879272.tmp Binary XML file line #28
I/ActivityManager( 1016): Force stopping com.giftme.fb_auth appid=10106 user=-1: uninstall pkg
I/PackageManager( 1016): Package com.giftme.fb_auth codePath changed from /data/app/com.giftme.fb_auth-1.apk to /data/app/com.giftme.fb_auth-2.apk; Retaining data and using new
I/SFPerfTracer(  278):      triggers: (rate: 38:29641) (88753 sw vsyncs) (53784 skipped) (18:157064 vsyncs) (20:265634)
W/PackageManager( 1016): Code path for pkg : com.giftme.fb_auth changing from /data/app/com.giftme.fb_auth-1.apk to /data/app/com.giftme.fb_auth-2.apk
I/ActivityManager( 1016): Force stopping com.giftme.fb_auth appid=10106 user=-1: update pkg
W/PackageManager( 1016): Resource path for pkg : com.giftme.fb_auth changing from /data/app/com.giftme.fb_auth-1.apk to /data/app/com.giftme.fb_auth-2.apk
W/PackageManager( 1016): Unknown permission android.permission.RECORD_VIDEO in package com.giftme.fb_auth
I/ActivityManager( 1016): Force stopping com.giftme.fb_auth appid=10106 user=0: pkg removed
I/ActivityManager( 1016): Start proc android.process.acore for broadcast com.android.providers.contacts/.PackageIntentReceiver: pid=3007 uid=10010 gids={50010, 3003, 1028, 1015, 1023}
I/PackageManager( 1016): Adding preferred activity ComponentInfo{com.android.mms/com.android.mms.ui.ComposeMessageActivity} for user 0 :
I/PackageManager( 1016): Adding preferred activity ComponentInfo{com.android.mms/com.android.mms.ui.ComposeMessageActivity} for user 0 :
I/PackageManager( 1016): Adding preferred activity ComponentInfo{com.android.mms/com.android.mms.ui.ComposeMessageActivity} for user 0 :
I/PackageManager( 1016): Adding preferred activity ComponentInfo{com.android.mms/com.android.mms.ui.ComposeMessageActivity} for user 0 :
I/PackageManager( 1016): Adding preferred activity ComponentInfo{com.android.mms/com.android.mms.ui.ComposeMessageActivity} for user 0 :
I/PackageManager( 1016): Adding preferred activity ComponentInfo{com.android.mms/com.android.mms.ui.ComposeMessageActivity} for user 0 :
I/PackageManager( 1016): Adding preferred activity ComponentInfo{com.android.mms/com.android.mms.ui.ComposeMessageActivity} for user 0 :
I/PackageManager( 1016): Adding preferred activity ComponentInfo{com.android.mms/com.android.mms.ui.ComposeMessageActivity} for user 0 :
I/PackageManager( 1016): Adding preferred activity ComponentInfo{com.android.mms/com.android.mms.ui.ComposeMessageActivity} for user 0 :
I/PackageManager( 1016): Adding preferred activity ComponentInfo{com.android.mms/com.android.mms.ui.ComposeMessageActivity} for user 0 :
I/PackageManager( 1016): Adding preferred activity ComponentInfo{com.android.mms/com.android.mms.ui.ComposeMessageActivity} for user 0 :
I/ActivityManager( 1016): Start proc com.motorola.MotGallery2 for broadcast com.motorola.MotGallery2/com.android.gallery3d.app.PackagesMonitor: pid=3027 uid=10034 gids={50034, 3003, 1028, 1015}
I/PackageManager( 1016): Adding preferred activity ComponentInfo{com.android.mms/com.android.mms.ui.ComposeMessageActivity} for user 0 :
I/PackageManager( 1016): Adding preferred activity ComponentInfo{com.android.mms/com.android.mms.ui.ComposeMessageActivity} for user 0 :
I/PackageManager( 1016): Adding preferred activity ComponentInfo{com.android.mms/com.android.mms.ui.ComposeMessageActivity} for user 0 :
I/PackageManager( 1016): Adding preferred activity ComponentInfo{com.android.mms/com.android.mms.ui.ComposeMessageActivity} for user 0 :
I/PackageManager( 1016): Adding preferred activity ComponentInfo{com.android.mms/com.android.mms.ui.ComposeMessageActivity} for user 0 :
I/PackageManager( 1016): Adding preferred activity ComponentInfo{com.android.mms/com.android.mms.ui.ComposeMessageActivity} for user 0 :
I/PackageManager( 1016): Adding preferred activity ComponentInfo{com.android.mms/com.android.mms.ui.ComposeMessageActivity} for user 0 :
I/PackageManager( 1016): Adding preferred activity ComponentInfo{com.android.mms/com.android.mms.ui.ComposeMessageActivity} for user 0 :
I/ActivityManager( 1016): Start proc com.google.android.apps.docs for broadcast com.google.android.apps.docs/.receivers.AppPackageAddRemoveReceiver: pid=3042 uid=10060 gids={50060, 3003, 1028, 1015}
I/PackageManager( 1016): Adding preferred activity ComponentInfo{com.android.mms/com.android.mms.ui.ComposeMessageActivity} for user 0 :
D/BackupManagerService( 1016): Received broadcast Intent { act=android.intent.action.PACKAGE_REMOVED dat=package:com.giftme.fb_auth flg=0x4000010 (has extras) }
I/PackageManager( 1016): Adding preferred activity ComponentInfo{com.android.mms/com.android.mms.ui.ComposeMessageActivity} for user 0 :
I/PackageManager( 1016): Adding preferred activity ComponentInfo{com.android.mms/com.android.mms.ui.ComposeMessageActivity} for user 0 :
I/PackageManager( 1016): Adding preferred activity ComponentInfo{com.android.mms/com.android.mms.ui.ComposeMessageActivity} for user 0 :
D/BackupManagerService( 1016): Received broadcast Intent { act=android.intent.action.PACKAGE_ADDED dat=package:com.giftme.fb_auth flg=0x4000010 (has extras) }
V/BackupManagerService( 1016): removePackageParticipantsLocked: uid=10106 #1
I/PackageManager( 1016): Adding preferred activity ComponentInfo{com.android.mms/com.android.mms.ui.ComposeMessageActivity} for user 0 :
V/BackupManagerService( 1016): addPackageParticipantsLocked: #1
I/ActivityManager( 1016): Process com.google.android.tts (pid 2640) has died.
W/ActivityManager( 1016): Scheduling restart of crashed service com.google.android.tts/.service.GoogleTTSService in 1000ms
I/ActivityManager( 1016): Start proc com.android.keychain for broadcast com.android.keychain/.KeyChainBroadcastReceiver: pid=3066 uid=1000 gids={41000, 1028, 1015, 3002, 3001, 3003, 1021, 3004, 3005, 1000, 3009, 1023, 1010, 1004, 2002, 3006}
W/ContextImpl( 3066): Calling a method in the system process without a qualified user: android.app.ContextImpl.startService:1608 android.content.ContextWrapper.startService:494 android.content.ContextWrapper.startService:494 com.android.keychain.KeyChainBroadcastReceiver.onReceive:12 android.app.ActivityThread.handleReceiver:2434 
I/ActivityManager( 1016): Start proc com.google.android.apps.plus for broadcast com.google.android.apps.plus/.service.PackagesMediaMonitor: pid=3084 uid=10090 gids={50090, 3003, 3002, 1028, 1015}
I/ActivityManager( 1016): Start proc com.facebook.katana:dash for broadcast com.facebook.katana/com.facebook.dash.receivers.DashPackageUninstallReceiver: pid=3104 uid=10110 gids={50110, 1028, 1015, 3003}
W/Vold    (  261): Returning OperationFailed - no handler for errno 30
I/ActivityManager( 1016): Process com.google.android.apps.maps (pid 2607) has died.
W/ActivityManager( 1016): Service ServiceRecord{43052010 u0 com.google.android.apps.maps/com.google.android.apps.gmm.prefetch.PrefetcherService} in process ProcessRecord{4304bd70 2607:com.google.android.apps.maps/u0a64} not same as in map: null
D/WifiService( 1016): Client connection lost with reason: 4
D/WifiService( 1016): New client listening to asynchronous messages
I/ActivityManager( 1016): Start proc com.google.android.partnersetup for broadcast com.google.android.partnersetup/.RlzPingBroadcastReceiver: pid=3145 uid=10025 gids={50025, 3003}
I/ActivityManager( 1016): START u0 {act=android.intent.action.MAIN cat=[android.intent.category.LAUNCHER] flg=0x10000000 pkg=com.giftme.fb_auth cmp=com.giftme.fb_auth/.FB_Auth} from pid 1200
W/ContextImpl( 1231): Calling a method in the system process without a qualified user: android.app.ContextImpl.sendBroadcast:1252 android.content.ContextWrapper.sendBroadcast:365 com.motorola.motocare.util.TriggerHelper$TriggerBuilder.send:76 com.motorola.motocare.internal.frameworkevents.PauseResumeTrigger.handleFrameworkEvent:53 com.motorola.motocare.internal.frameworkevents.FwEventMonitor$FrameworkListener.processFrameworkEvent:114 
D/WifiService( 1016): Client connection lost with reason: 4
I/ActivityManager( 1016): Process com.facebook.katana:dash (pid 3104) has died.
I/ActivityManager( 1016): Start proc com.giftme.fb_auth for activity com.giftme.fb_auth/.FB_Auth: pid=3164 uid=10106 gids={50106, 3003, 1028, 1015}
W/ContextImpl( 1231): Calling a method in the system process without a qualified user: android.app.ContextImpl.sendBroadcast:1252 android.content.ContextWrapper.sendBroadcast:365 com.motorola.motocare.util.TriggerHelper$TriggerBuilder.send:76 com.motorola.motocare.internal.frameworkevents.PauseResumeTrigger.handleFrameworkEvent:53 com.motorola.motocare.internal.frameworkevents.FwEventMonitor$FrameworkListener.processFrameworkEvent:114 
I/ActivityManager( 1016): Start proc com.imangi.templerun2 for broadcast com.imangi.templerun2/com.amazon.identity.auth.device.authorization.PackageIntentReceiver: pid=3198 uid=10111 gids={50111, 1028, 1015, 3003}
I/ActivityManager( 1016): Killing 2555:com.devexpert.weather/u0a112 (adj 15): empty #9
W/ContextImpl( 1231): Calling a method in the system process without a qualified user: android.app.ContextImpl.sendBroadcast:1252 android.content.ContextWrapper.sendBroadcast:365 com.motorola.motocare.util.TriggerHelper$TriggerBuilder.send:76 com.motorola.motocare.internal.frameworkevents.ProcessKillTrigger.sendTrigger:147 com.motorola.motocare.internal.frameworkevents.ProcessKillTrigger.handleFrameworkEvent:164 
I/ActivityManager( 1016): Start proc com.google.android.apps.magazines for broadcast com.google.android.apps.magazines/com.google.apps.dots.android.app.receiver.FirstInstallNotificationReceiver: pid=3224 uid=10077 gids={50077, 3003, 1028, 1015}
I/LaunchCheckinHandler( 1016): Displayed com.giftme.fb_auth/.FB_Auth,cp,ca,412
W/Vold    (  261): Returning OperationFailed - no handler for errno 30
I/SFPerfTracer(  278):      triggers: (rate: 38:2835) (compose: 0:14) (post: 0:2) (render: 9:428) (2:56859 frames) (3:152581)
D/SFPerfTracer(  278):        layers: (4:12) (DimLayer: 0:65)* (DimLayer: 0:25)* (FocusedStackFrame: 0:1640)* (StatusBar: 0:8973) (NavigationBar: 3:11338) (DimLayer: 0:2769)* (DimLayer: 0:298) (com.android.wallpaper.fall.FallWallpaper: 0:17592)* (com.android.packageinstaller/com.android.packageinstaller.PackageInstallerActivity: 0:44)* (com.android.packageinstaller/com.android.packageinstaller.InstallAppProgress: 0:101)* (Starting com.giftme.fb_auth: 3:21)* (com.giftme.fb_auth/com.giftme.fb_auth.FB_Auth: 3:21) 
I/ActivityManager( 1016): Killing 2972:com.android.defcontainer/u0a13 (adj 15): empty #9
W/ContextImpl( 1231): Calling a method in the system process without a qualified user: android.app.ContextImpl.sendBroadcast:1252 android.content.ContextWrapper.sendBroadcast:365 com.motorola.motocare.util.TriggerHelper$TriggerBuilder.send:76 com.motorola.motocare.internal.frameworkevents.ProcessKillTrigger.sendTrigger:147 com.motorola.motocare.internal.frameworkevents.ProcessKillTrigger.handleFrameworkEvent:164 
I/ActivityManager( 1016): Process com.google.android.apps.docs (pid 3042) has died.
I/SFPerfTracer(  278):      triggers: (rate: 38:29641) (88753 sw vsyncs) (53784 skipped) (0:157116 vsyncs) (1:265735)
I/ActivityManager( 1016): Process com.google.android.apps.plus (pid 3084) has died.
I/ActivityManager( 1016): START u0 {act=SSO_WITH_FALLBACK cmp=com.giftme.fb_auth/com.facebook.LoginActivity (has extras)} from pid 3164
W/ContextImpl( 1231): Calling a method in the system process without a qualified user: android.app.ContextImpl.sendBroadcast:1252 android.content.ContextWrapper.sendBroadcast:365 com.motorola.motocare.util.TriggerHelper$TriggerBuilder.send:76 com.motorola.motocare.internal.frameworkevents.PauseResumeTrigger.handleFrameworkEvent:53 com.motorola.motocare.internal.frameworkevents.FwEventMonitor$FrameworkListener.processFrameworkEvent:114 
W/ContextImpl( 1231): Calling a method in the system process without a qualified user: android.app.ContextImpl.sendBroadcast:1252 android.content.ContextWrapper.sendBroadcast:365 com.motorola.motocare.util.TriggerHelper$TriggerBuilder.send:76 com.motorola.motocare.internal.frameworkevents.PauseResumeTrigger.handleFrameworkEvent:53 com.motorola.motocare.internal.frameworkevents.FwEventMonitor$FrameworkListener.processFrameworkEvent:114 
I/LaunchCheckinHandler( 1016): Displayed com.giftme.fb_auth/com.facebook.LoginActivity,wp,ca,102
I/ActivityManager( 1016): Process android.process.acore (pid 3007) has died.
W/ContextImpl( 1231): Calling a method in the system process without a qualified user: android.app.ContextImpl.sendBroadcast:1252 android.content.ContextWrapper.sendBroadcast:365 com.motorola.motocare.util.TriggerHelper$TriggerBuilder.send:76 com.motorola.motocare.internal.frameworkevents.PauseResumeTrigger.handleFrameworkEvent:53 com.motorola.motocare.internal.frameworkevents.FwEventMonitor$FrameworkListener.processFrameworkEvent:114 
W/ContextImpl( 1231): Calling a method in the system process without a qualified user: android.app.ContextImpl.sendBroadcast:1252 android.content.ContextWrapper.sendBroadcast:365 com.motorola.motocare.util.TriggerHelper$TriggerBuilder.send:76 com.motorola.motocare.internal.frameworkevents.PauseResumeTrigger.handleFrameworkEvent:53 com.motorola.motocare.internal.frameworkevents.FwEventMonitor$FrameworkListener.processFrameworkEvent:114 
I/ActivityManager( 1016): Process com.motorola.MotGallery2 (pid 3027) has died.
W/WindowManager( 1016): Rebuild removed 9 windows but added 8
W/WindowManager( 1016): java.lang.RuntimeException: here
W/WindowManager( 1016): 	at com.android.server.wm.WindowManagerService.rebuildAppWindowListLocked(WindowManagerService.java:8096)
W/WindowManager( 1016): 	at com.android.server.wm.WindowManagerService.rebuildAppWindowListLocked(WindowManagerService.java:8032)
W/WindowManager( 1016): 	at com.android.server.wm.WindowManagerService.handleAnimatingStoppedAndTransitionLocked(WindowManagerService.java:8776)
W/WindowManager( 1016): 	at com.android.server.wm.WindowManagerService.performLayoutAndPlaceSurfacesLockedInner(WindowManagerService.java:9311)
W/WindowManager( 1016): 	at com.android.server.wm.WindowManagerService.performLayoutAndPlaceSurfacesLockedLoop(WindowManagerService.java:8248)
W/WindowManager( 1016): 	at com.android.server.wm.WindowManagerService.performLayoutAndPlaceSurfacesLocked(WindowManagerService.java:8190)
W/WindowManager( 1016): 	at com.android.server.wm.WindowManagerService.access$300(WindowManagerService.java:165)
W/WindowManager( 1016): 	at com.android.server.wm.WindowManagerService$H.handleMessage(WindowManagerService.java:7224)
W/WindowManager( 1016): 	at android.os.Handler.dispatchMessage(Handler.java:102)
W/WindowManager( 1016): 	at android.os.Looper.loop(Looper.java:136)
W/WindowManager( 1016): 	at android.os.HandlerThread.run(HandlerThread.java:61)
W/WindowManager( 1016): This window was lost: Window{42f85888 u0 com.giftme.fb_auth/com.facebook.LoginActivity}
W/WindowManager( 1016): mDisplayId=0 mSession=Session{43226ed0 3164:u0a10106} mClient=android.os.BinderProxy@430980d8
W/WindowManager( 1016): mOwnerUid=10106 mShowToOwnerOnly=true package=com.giftme.fb_auth appop=NONE
W/WindowManager( 1016): mAttrs=WM.LayoutParams{(0,0)(fillxfill) sim=#120 ty=1 fl=#41010100 pfl=0x8 fmt=-2 wanim=0x1030000}
W/WindowManager( 1016): Requested w=720 h=1184 mLayoutSeq=7247
W/WindowManager( 1016): mBaseLayer=21000 mSubLayer=0 mAnimLayer=21045+1000=21045 mLastLayer=22045
W/WindowManager( 1016): mToken=AppWindowToken{44021880 token=Token{430c73c0 ActivityRecord{428eb500 u0 com.giftme.fb_auth/com.facebook.LoginActivity t108}}}
W/WindowManager( 1016): mRootToken=AppWindowToken{44021880 token=Token{430c73c0 ActivityRecord{428eb500 u0 com.giftme.fb_auth/com.facebook.LoginActivity t108}}}
W/WindowManager( 1016): mAppToken=AppWindowToken{44021880 token=Token{430c73c0 ActivityRecord{428eb500 u0 com.giftme.fb_auth/com.facebook.LoginActivity t108}}}
W/WindowManager( 1016): mViewVisibility=0x8 mHaveFrame=true mObscured=false
W/WindowManager( 1016): mSeq=0 mSystemUiVisibility=0x0
W/WindowManager( 1016): mGivenContentInsets=[0,0][0,0] mGivenVisibleInsets=[0,0][0,0]
W/WindowManager( 1016): mConfiguration={1.0 ?mcc?mnc en_GB ldltr sw360dp w360dp h567dp 320dpi nrml port finger -keyb/v/h -nav/h s.22?spn}
W/WindowManager( 1016): mHasSurface=true mShownFrame=[70.30383,115.61075][790.30383,1299.6107] isReadyForDisplay()=false
W/WindowManager( 1016): mFrame=[0,0][720,1184] last=[0,0][720,1184]
W/WindowManager( 1016): mSystemDecorRect=[0,50][720,1184] last=[0,50][720,1184]
W/WindowManager( 1016): Frames: containing=[0,0][720,1184] parent=[0,0][720,1184]
W/WindowManager( 1016):     display=[0,0][720,1184] overscan=[0,0][720,1280]
W/WindowManager( 1016):     content=[0,50][720,1184] visible=[0,50][720,1184]
W/WindowManager( 1016):     decor=[0,50][720,1184]
W/WindowManager( 1016): Cur insets: overscan=[0,0][0,0] content=[0,50][0,0] visible=[0,50][0,0]
W/WindowManager( 1016): Lst insets: overscan=[0,0][0,0] content=[0,50][0,0] visible=[0,50][0,0]
W/WindowManager( 1016): WindowStateAnimator{44422f00 com.giftme.fb_auth/com.facebook.LoginActivity}:
W/WindowManager( 1016):   mSurface=Surface(name=com.giftme.fb_auth/com.facebook.LoginActivity)
W/WindowManager( 1016):   mDrawState=HAS_DRAWN mLastHidden=true
W/WindowManager( 1016):   Surface: shown=false layer=22045 alpha=0.023557663 rect=(70.30383,115.61075) 720.0 x 1184.0
W/WindowManager( 1016):   mShownAlpha=0.023557663 mAlpha=1.0 mLastAlpha=0.023557663
W/WindowManager( 1016):   mGlobalScale=1.0 mDsDx=0.8047116 mDtDx=0.0 mDsDy=0.0 mDtDy=0.8047116
W/WindowManager( 1016): mExiting=false mRemoveOnExit=false mDestroying=true mRemoved=false
W/WindowManager( 1016): Current app token list:
V/WindowManager( 1016):   Display 0
V/WindowManager( 1016):   #10: Token{43504468 ActivityRecord{4278a268 u0 com.giftme.fb_auth/.FB_Auth t108}}
V/WindowManager( 1016):   #9: Token{42b595c8 ActivityRecord{42907368 u0 com.rhmsoft.fm/.FileManager t22}}
V/WindowManager( 1016):   #8: Token{42992de8 ActivityRecord{42992c88 u0 com.android.systemui/.recent.RecentsActivity t29}}
V/WindowManager( 1016):   #7: Token{42bf2c68 ActivityRecord{4282e3a8 u0 com.android.vending/com.google.android.finsky.activities.LaunchUrlHandlerActivity t90}}
V/WindowManager( 1016):   #6: Token{42f88f68 ActivityRecord{4298fc60 u0 com.rhmsoft.fm/.hd.FileManagerHD t90}}
V/WindowManager( 1016):   #5: Token{4286f6e0 ActivityRecord{42929d28 u0 com.android.deskclock/.DeskClock t90}}
V/WindowManager( 1016):   #4: Token{42a987a8 ActivityRecord{42d15960 u0 com.android.vending/com.google.android.finsky.activities.MainActivity t76}}
V/WindowManager( 1016):   #3: Token{428b0a30 ActivityRecord{430c5710 u0 com.android.launcher/com.android.launcher2.Launcher t39}}
V/WindowManager( 1016):   #2: Token{42c4c5e8 ActivityRecord{4287c7b0 u0 com.google.android.play.games/com.google.android.gms.games.ui.destination.games.GameDetailActivity t72}}
V/WindowManager( 1016):   #1: Token{430db658 ActivityRecord{428d4d48 u0 com.google.android.play.games/com.google.android.gms.games.ui.destination.games.ShopGamesListActivity t72}}
V/WindowManager( 1016):   #0: Token{43485d38 ActivityRecord{4306fa58 u0 com.google.android.play.games/com.google.android.gms.games.ui.destination.main.MainActivity t72}}
W/WindowManager( 1016): Final window list:
V/WindowManager( 1016):   #0: Window{427c0e10 u0 SearchPanel}
V/WindowManager( 1016):   #1: Window{4287c4e0 u0 NavigationBar}
V/WindowManager( 1016):   #2: Window{42950648 u0 StatusBar}
V/WindowManager( 1016):   #3: Window{42fc43e8 u0 Keyguard}
V/WindowManager( 1016):   #4: Window{42bade60 u0 KeyguardScrim}
V/WindowManager( 1016):   #5: Window{42864cc0 u0 InputMethod}
V/WindowManager( 1016):   #6: Window{42fa0470 u0 com.giftme.fb_auth/com.giftme.fb_auth.FB_Auth}
V/WindowManager( 1016):   #7: Window{42aa28b8 u0 com.giftme.fb_auth/com.giftme.fb_auth.FB_Auth}
V/WindowManager( 1016):   #8: Window{443411b0 u0 com.rhmsoft.fm/com.rhmsoft.fm.FileManager}
V/WindowManager( 1016):   #9: Window{427c2a38 u0 com.android.systemui/com.android.systemui.recent.RecentsActivity}
V/WindowManager( 1016):   #10: Window{428efe48 u0 com.rhmsoft.fm/com.rhmsoft.fm.hd.FileManagerHD}
V/WindowManager( 1016):   #11: Window{42fe9488 u0 com.android.deskclock/com.android.deskclock.DeskClock}
V/WindowManager( 1016):   #12: Window{437b5900 u0 com.android.vending/com.google.android.finsky.activities.MainActivity}
V/WindowManager( 1016):   #13: Window{43222de0 u0 com.android.launcher/com.android.launcher2.Launcher}
V/WindowManager( 1016):   #14: Window{4358b788 u0 com.android.wallpaper.fall.FallWallpaper}
V/AlarmManager( 1016): sending alarm Alarm{42fa5758 type 2 android}
D/WifiP2pService( 1016): InactiveState{ when=0 what=143375 arg1=1 arg2=196615 obj=android.net.DhcpStateMachine@4290d258 target=com.android.internal.util.StateMachine$SmHandler }
D/WifiP2pService( 1016): P2pEnabledState{ when=0 what=143375 arg1=1 arg2=196615 obj=android.net.DhcpStateMachine@4290d258 target=com.android.internal.util.StateMachine$SmHandler }
D/WifiP2pService( 1016): InactiveState{ when=-1ms what=143375 target=com.android.internal.util.StateMachine$SmHandler }
D/WifiP2pService( 1016): P2pEnabledState{ when=-1ms what=143375 target=com.android.internal.util.StateMachine$SmHandler }
I/ActivityManager( 1016): Start proc com.motorola.genie for broadcast com.motorola.genie/.prefetch.WiFiStatusReceiver: pid=3370 uid=10026 gids={50026, 3003, 1028, 1015}
I/SFPerfTracer(  278):      triggers: (rate: 38:29641) (88753 sw vsyncs) (53784 skipped) (2:157188 vsyncs) (4:265837)
D/ConnectivityService( 1016): Captive portal check NetworkInfo: type: WIFI[], state: CONNECTING/CAPTIVE_PORTAL_CHECK, reason: (unspecified), extra: "Moulin Rouge", roaming: false, failover: false, isAvailable: true, isConnectedToProvisioningNetwork: false
D/ConnectivityService( 1016): handleCaptivePortalTrackerCheck: call captivePortalCheckComplete ni=NetworkInfo: type: WIFI[], state: CONNECTING/CAPTIVE_PORTAL_CHECK, reason: (unspecified), extra: "Moulin Rouge", roaming: false, failover: false, isAvailable: true, isConnectedToProvisioningNetwork: false
D/ConnectivityService( 1016): Captive portal check NetworkInfo: type: WIFI[], state: CONNECTING/CAPTIVE_PORTAL_CHECK, reason: (unspecified), extra: "Moulin Rouge", roaming: false, failover: false, isAvailable: true, isConnectedToProvisioningNetwork: false
D/ConnectivityService( 1016): handleCaptivePortalTrackerCheck: call captivePortalCheckComplete ni=NetworkInfo: type: WIFI[], state: CONNECTING/CAPTIVE_PORTAL_CHECK, reason: (unspecified), extra: "Moulin Rouge", roaming: false, failover: false, isAvailable: true, isConnectedToProvisioningNetwork: false
D/ConnectivityService( 1016): ConnectivityChange for WIFI: CONNECTED/CONNECTED
V/ConnectivityService( 1016): WiFi NOT Tethered!
E/ConnectivityService( 1016): Unexpected mtu value: android.net.wifi.WifiStateTracker@42f7b6f8
D/ConnectivityService( 1016): handleConnectivityChange: address are the same reset per doReset linkProperty[1]: resetMask=0
D/Nat464Xlat( 1016): requiresClat: netType=1, hasIPv4Address=true
D/ConnectivityService( 1016): ConnectivityChange for WIFI: CONNECTED/CONNECTED
V/ConnectivityService( 1016): WiFi NOT Tethered!
E/ConnectivityService( 1016): Unexpected mtu value: android.net.wifi.WifiStateTracker@42f7b6f8
D/ConnectivityService( 1016): handleConnectivityChange: address are the same reset per doReset linkProperty[1]: resetMask=0
D/Nat464Xlat( 1016): requiresClat: netType=1, hasIPv4Address=true
D/ConnectivityService( 1016): NetTransition Wakelock for ConnectedState released by timeout
E/ActivityThread(30980): Failed to find provider info for com.motorola.blur.setupprovider
I/ActivityManager( 1016): Start proc com.android.mms for broadcast com.android.mms/.transaction.MmsSystemEventReceiver: pid=3434 uid=10031 gids={50031, 3003, 1028, 1015}
I/openssl (32214): Crypto mode not selected, openssl will run on its regular mode.
I/openssl (32214): Crypto mode 0 already enabled
E/ActivityThread(30980): Failed to find provider info for com.motorola.blur.setupprovider
I/ActivityManager( 1016): Process com.android.keychain (pid 3066) has died.
I/ActivityManager( 1016): Start proc com.google.android.setupwizard for broadcast com.google.android.setupwizard/.MobileConnectivityChangeReceiver: pid=3464 uid=10042 gids={50042, 3003}
I/ActivityManager( 1016): Start proc com.android.chrome for broadcast com.android.chrome/com.google.android.apps.chrome.precache.PrecacheServiceLauncher: pid=3478 uid=10057 gids={50057, 3003, 1028, 1015}
I/ActivityManager( 1016): Start proc com.google.android.apps.plus for broadcast com.google.android.apps.plus/.service.ConnectivityReceiver: pid=3499 uid=10090 gids={50090, 3003, 3002, 1028, 1015}
I/ActivityManager( 1016): Start proc android.process.acore for content provider com.android.providers.contacts/.ContactsProvider2: pid=3516 uid=10010 gids={50010, 3003, 1028, 1015, 1023}
I/ActivityManager( 1016): Killing 3145:com.google.android.partnersetup/u0a25 (adj 15): empty #9
W/ContextImpl( 1231): Calling a method in the system process without a qualified user: android.app.ContextImpl.sendBroadcast:1252 android.content.ContextWrapper.sendBroadcast:365 com.motorola.motocare.util.TriggerHelper$TriggerBuilder.send:76 com.motorola.motocare.internal.frameworkevents.ProcessKillTrigger.sendTrigger:147 com.motorola.motocare.internal.frameworkevents.ProcessKillTrigger.handleFrameworkEvent:164 
I/ActivityManager( 1016): Start proc com.rhmsoft.fm:crash.feedback for broadcast com.rhmsoft.fm/com.cleanmaster.fm.receiver.ConnectivityChangeBroadcastReceiver: pid=3530 uid=10105 gids={50105, 3003, 1028, 1015}
I/ActivityManager( 1016): Process com.android.packageinstaller (pid 1200) has died.
W/Vold    (  261): Returning OperationFailed - no handler for errno 30
W/Vold    (  261): Returning OperationFailed - no handler for errno 30
W/Vold    (  261): Returning OperationFailed - no handler for errno 30
I/SFPerfTracer(  278):      triggers: (rate: 38:2835) (compose: 0:14) (post: 0:2) (render: 9:428) (1:56892 frames) (2:152682)
D/SFPerfTracer(  278):        layers: (3:12) (DimLayer: 0:65)* (DimLayer: 0:25)* (FocusedStackFrame: 0:1647)* (StatusBar: 0:8976) (NavigationBar: 0:11340) (DimLayer: 1:2795)* (DimLayer: 0:299)* (com.android.wallpaper.fall.FallWallpaper: 0:17592)* (com.android.packageinstaller/com.android.packageinstaller.InstallAppProgress: 0:101)* (com.giftme.fb_auth/com.giftme.fb_auth.FB_Auth: 0:61) (com.giftme.fb_auth/com.facebook.LoginActivity: 0:24)* (com.giftme.fb_auth/com.giftme.fb_auth.FB_Auth: 2:50)* 
W/Vold    (  261): Returning OperationFailed - no handler for errno 30
I/openssl (32214): Crypto mode not selected, openssl will run on its regular mode.
I/openssl (32214): Crypto mode 0 already enabled
I/ActivityManager( 1016): Start proc com.google.android.gms.unstable for service com.google.android.gms/.droidguard.DroidGuardService: pid=3560 uid=10022 gids={50022, 3003, 1007, 1028, 1015, 3002, 3001, 3007, 2001, 3006}
W/Vold    (  261): Returning OperationFailed - no handler for errno 30
W/Vold    (  261): Returning OperationFailed - no handler for errno 30
I/ActivityManager( 1016): Process com.google.android.apps.magazines (pid 3224) has died.
I/ActivityManager( 1016): Process android.process.acore (pid 3516) has died.
I/ActivityManager( 1016): Process com.android.chrome (pid 3478) has died.
I/ActivityManager( 1016): Process com.android.mms (pid 3434) has died.
I/ActivityManager( 1016): Process com.google.android.setupwizard (pid 3464) has died.
D/ConnectivityService( 1016): handleInetConditionHoldEnd: net=1, condition=100, published condition=0
V/AlarmManager( 1016): sending alarm Alarm{43430c58 type 0 com.android.vending}
I/SFPerfTracer(  278):      triggers: (rate: 38:29641) (88753 sw vsyncs) (53784 skipped) (5:157274 vsyncs) (7:265938)
I/ActivityManager( 1016): Start proc com.google.android.talk for broadcast com.google.android.talk/com.google.android.apps.babel.phone.PackageReplacedReceiver: pid=3607 uid=10071 gids={50071, 3003, 1028, 1015, 3002}
I/PackageManager( 1016): Adding preferred activity ComponentInfo{com.android.mms/com.android.mms.ui.ComposeMessageActivity} for user 0 :
I/PackageManager( 1016): Adding preferred activity ComponentInfo{com.android.mms/com.android.mms.ui.ComposeMessageActivity} for user 0 :
I/PackageManager( 1016): Adding preferred activity ComponentInfo{com.android.mms/com.android.mms.ui.ComposeMessageActivity} for user 0 :
I/PackageManager( 1016): Adding preferred activity ComponentInfo{com.android.mms/com.android.mms.ui.ComposeMessageActivity} for user 0 :
I/PackageManager( 1016): Adding preferred activity ComponentInfo{com.android.mms/com.android.mms.ui.ComposeMessageActivity} for user 0 :
I/PackageManager( 1016): Adding preferred activity ComponentInfo{com.android.mms/com.android.mms.ui.ComposeMessageActivity} for user 0 :
I/PackageManager( 1016): Adding preferred activity ComponentInfo{com.android.mms/com.android.mms.ui.ComposeMessageActivity} for user 0 :
I/PackageManager( 1016): Adding preferred activity ComponentInfo{com.android.mms/com.android.mms.ui.ComposeMessageActivity} for user 0 :
I/ActivityManager( 1016): Process com.motorola.genie (pid 3370) has died.
I/ActivityManager( 1016): Start proc android.process.acore for broadcast com.android.providers.contacts/.PackageIntentReceiver: pid=3644 uid=10010 gids={50010, 3003, 1028, 1015, 1023}
D/WifiService( 1016): acquireWifiLockLocked: WifiLock{NlpWifiLock type=2 binder=android.os.BinderProxy@429988a8}
I/ActivityManager( 1016): Start proc com.motorola.MotGallery2 for broadcast com.motorola.MotGallery2/com.android.gallery3d.app.PackagesMonitor: pid=3665 uid=10034 gids={50034, 3003, 1028, 1015}
I/ActivityManager( 1016): Process com.google.android.gms.unstable (pid 3560) has died.
I/ActivityManager( 1016): Process com.google.android.talk (pid 3607) has died.
V/AlarmManager( 1016): sending alarm Alarm{42fbd338 type 3 android}
D/WifiService( 1016): releaseWifiLockLocked: WifiLock{NlpWifiLock type=2 binder=android.os.BinderProxy@429988a8}
V/AlarmManager( 1016): sending alarm Alarm{42c51510 type 3 com.devexpert.weather}
I/ActivityManager( 1016): Start proc com.devexpert.weather for broadcast com.devexpert.weather/.view.WidgetWeather2x1: pid=3697 uid=10112 gids={50112, 3003, 1028, 1015}
I/SFPerfTracer(  278):      triggers: (rate: 38:29641) (88753 sw vsyncs) (53784 skipped) (17:157375 vsyncs) (19:266056)
