D/ACRA    (23064): Looking for error files in /data/data/com.facebook.katana/app_minidumps
D/dalvikvm(23064): Trying to load lib /data/app-lib/com.facebook.katana-1/libgnustl_shared.so 0x427948f8
D/dalvikvm(23064): Added shared lib /data/app-lib/com.facebook.katana-1/libgnustl_shared.so 0x427948f8
D/dalvikvm(23064): No JNI_OnLoad found in /data/app-lib/com.facebook.katana-1/libgnustl_shared.so 0x427948f8, skipping init
D/dalvikvm(23064): Trying to load lib /data/app-lib/com.facebook.katana-1/libfb_breakpad_client.so 0x427948f8
D/dalvikvm(23064): Added shared lib /data/app-lib/com.facebook.katana-1/libfb_breakpad_client.so 0x427948f8
D/dalvikvm(23064): No JNI_OnLoad found in /system/lib/libstdc++.so 0x427948f8, skipping init
D/dalvikvm(23064): Trying to load lib /data/app-lib/com.facebook.katana-1/libsigmux.so 0x427948f8
D/dalvikvm(23064): Added shared lib /data/app-lib/com.facebook.katana-1/libsigmux.so 0x427948f8
D/dalvikvm(23064): No JNI_OnLoad found in /data/app-lib/com.facebook.katana-1/libsigmux.so 0x427948f8, skipping init
D/dalvikvm(23064): Trying to load lib /data/app-lib/com.facebook.katana-1/libdistract.so 0x427948f8
D/dalvikvm(23064): Added shared lib /data/app-lib/com.facebook.katana-1/libdistract.so 0x427948f8
D/dalvikvm(23064): No JNI_OnLoad found in /data/app-lib/com.facebook.katana-1/libdistract.so 0x427948f8, skipping init
D/dalvikvm(23064): Trying to load lib /data/app-lib/com.facebook.katana-1/libfb_dalvik-internals.so 0x427948f8
D/dalvikvm(23064): Added shared lib /data/app-lib/com.facebook.katana-1/libfb_dalvik-internals.so 0x427948f8
V/DexLibLoader(23064): about to lock: /data/data/com.facebook.katana/mdex_lock
V/DexLibLoader(23064): locking /data/data/com.facebook.katana/mdex_lock took 1 ms
V/DexLibLoader(23064): Secondary program dex metadata: secondary-1.dex.jar.xz c0d34653f435a7e59cc5f46e9bd47feaf68b0041 secondary.dex01.Canary
V/DexLibLoader(23064): Secondary program dex metadata: secondary-2.dex.jar.xz 3651d03ae513595a1029ff9eae54d36128fdeb5e secondary.dex02.Canary
V/DexLibLoader(23064): Secondary program dex metadata: secondary-3.dex.jar.xz 020c6d0135a14f0280ede88da3e858d29f1b9ed5 secondary.dex03.Canary
V/DexLibLoader(23064): Secondary program dex metadata: secondary-4.dex.jar.xz 3cf3244a0d1c3e39128f7b89ad90b4842a36a05f secondary.dex04.Canary
V/DexLibLoader(23064): Secondary program dex metadata: secondary-5.dex.jar.xz 666d745bfcb3c0496ae90e343db057d6082ce0c3 secondary.dex05.Canary
V/DexLibLoader(23064): Secondary program dex metadata: secondary-6.dex.jar.xz 0089f1fba5ba3a3fb61d98c516e2bbc2e6adfa05 secondary.dex06.Canary
V/DexLibLoader(23064): Secondary program dex metadata: secondary-7.dex.jar.xz 7cecb34308ef8d54acae00b06e3ade52d8da6d49 secondary.dex07.Canary
V/DexLibLoader(23064): directory "/data/data/com.facebook.katana/app_secondary_program_dex" contains "program-c0d34653f435a7e59cc5f46e9bd47feaf68b00416661a1c7.dex.jar" as expected
V/DexLibLoader(23064): directory "/data/data/com.facebook.katana/app_secondary_program_dex" contains "program-3651d03ae513595a1029ff9eae54d36128fdeb5e6661a1c7.dex.jar" as expected
V/DexLibLoader(23064): directory "/data/data/com.facebook.katana/app_secondary_program_dex" contains "program-020c6d0135a14f0280ede88da3e858d29f1b9ed56661a1c7.dex.jar" as expected
V/DexLibLoader(23064): directory "/data/data/com.facebook.katana/app_secondary_program_dex" contains "program-3cf3244a0d1c3e39128f7b89ad90b4842a36a05f6661a1c7.dex.jar" as expected
V/DexLibLoader(23064): directory "/data/data/com.facebook.katana/app_secondary_program_dex" contains "program-666d745bfcb3c0496ae90e343db057d6082ce0c36661a1c7.dex.jar" as expected
V/DexLibLoader(23064): directory "/data/data/com.facebook.katana/app_secondary_program_dex" contains "program-0089f1fba5ba3a3fb61d98c516e2bbc2e6adfa056661a1c7.dex.jar" as expected
V/DexLibLoader(23064): directory "/data/data/com.facebook.katana/app_secondary_program_dex" contains "program-7cecb34308ef8d54acae00b06e3ade52d8da6d496661a1c7.dex.jar" as expected
D/DexLibLoader(23064): ignoring file "program-c0d34653f435a7e59cc5f46e9bd47feaf68b00416661a1c7.dex.odex" in "/data/data/com.facebook.katana/app_secondary_program_dex"
D/DexLibLoader(23064): ignoring file "program-3651d03ae513595a1029ff9eae54d36128fdeb5e6661a1c7.dex.odex" in "/data/data/com.facebook.katana/app_secondary_program_dex"
D/DexLibLoader(23064): ignoring file "program-020c6d0135a14f0280ede88da3e858d29f1b9ed56661a1c7.dex.odex" in "/data/data/com.facebook.katana/app_secondary_program_dex"
D/DexLibLoader(23064): ignoring file "program-3cf3244a0d1c3e39128f7b89ad90b4842a36a05f6661a1c7.dex.odex" in "/data/data/com.facebook.katana/app_secondary_program_dex"
D/DexLibLoader(23064): ignoring file "program-666d745bfcb3c0496ae90e343db057d6082ce0c36661a1c7.dex.odex" in "/data/data/com.facebook.katana/app_secondary_program_dex"
D/DexLibLoader(23064): ignoring file "program-0089f1fba5ba3a3fb61d98c516e2bbc2e6adfa056661a1c7.dex.odex" in "/data/data/com.facebook.katana/app_secondary_program_dex"
D/DexLibLoader(23064): ignoring file "program-7cecb34308ef8d54acae00b06e3ade52d8da6d496661a1c7.dex.odex" in "/data/data/com.facebook.katana/app_secondary_program_dex"
D/DexLibLoader(23064): directory "/data/data/com.facebook.katana/app_secondary_program_dex" is valid
D/DexLibLoader(23064): ignoring file "primary_deps" in "/data/data/com.facebook.katana/app_secondary_program_dex_opt"
V/DexLibLoader(23064): directory "/data/data/com.facebook.katana/app_secondary_program_dex_opt" contains "program-c0d34653f435a7e59cc5f46e9bd47feaf68b00416661a1c7.dex.dex" as expected
V/DexLibLoader(23064): directory "/data/data/com.facebook.katana/app_secondary_program_dex_opt" contains "program-3651d03ae513595a1029ff9eae54d36128fdeb5e6661a1c7.dex.dex" as expected
V/DexLibLoader(23064): directory "/data/data/com.facebook.katana/app_secondary_program_dex_opt" contains "program-020c6d0135a14f0280ede88da3e858d29f1b9ed56661a1c7.dex.dex" as expected
V/DexLibLoader(23064): directory "/data/data/com.facebook.katana/app_secondary_program_dex_opt" contains "program-3cf3244a0d1c3e39128f7b89ad90b4842a36a05f6661a1c7.dex.dex" as expected
V/DexLibLoader(23064): directory "/data/data/com.facebook.katana/app_secondary_program_dex_opt" contains "program-666d745bfcb3c0496ae90e343db057d6082ce0c36661a1c7.dex.dex" as expected
V/DexLibLoader(23064): directory "/data/data/com.facebook.katana/app_secondary_program_dex_opt" contains "program-0089f1fba5ba3a3fb61d98c516e2bbc2e6adfa056661a1c7.dex.dex" as expected
V/DexLibLoader(23064): directory "/data/data/com.facebook.katana/app_secondary_program_dex_opt" contains "program-7cecb34308ef8d54acae00b06e3ade52d8da6d496661a1c7.dex.dex" as expected
D/DexLibLoader(23064): directory "/data/data/com.facebook.katana/app_secondary_program_dex_opt" is valid
D/DexLibLoader(23064): loading pre-built cross-dex opt odex files
V/dalvik-internals(23064): hooked dvmResolveClass using jump ()
V/dalvik-internals(23064): hooked dvmFlushBreakpoints using jump ()
V/MultiDexClassLoader(23064): installing MultiDexClassLoader before application classloader
I/dalvikvm(23064): Could not find method dalvik.system.DexFile.loadClassBinaryName, referenced from method com.facebook.common.dextricks.DexFileLoadOld.a
W/dalvikvm(23064): VFY: unable to resolve virtual method 2807: Ldalvik/system/DexFile;.loadClassBinaryName (Ljava/lang/String;Ljava/lang/ClassLoader;)Ljava/lang/Class;
D/dalvikvm(23064): VFY: replacing opcode 0x6e at 0x0000
D/DexLibLoader(23064): released odex store lock
D/DexLibLoader(23064): DexLibLoader.loadAll took 20 ms
D/MemoryReductionHack(23064): Marked as initialized entry corresponding to path /data/app/com.facebook.katana-1.apk
V/dalvik-internals(23064): hooked dvmLinearAlloc using jump ()
V/dalvik-internals(23064): hooked dvmLinearRealloc using jump ()
V/dalvik-internals(23064): hooked dvmLinearFree using jump ()
V/dalvik-internals(23064): hooked dvmLinearStrdup using jump ()
V/dalvik-internals(23064): hooked dvmLinearAllocContains using jump ()
I/dalvik-internals(23064): enlarged linearalloc buffer to 33554432 bytes
E/cutils  (  261): Failed to mkdirat(/storage/sdcard1/Android): Read-only file system
W/Vold    (  261): Returning OperationFailed - no handler for errno 30
W/ContextImpl(23064): Failed to ensure directory: /storage/sdcard1/Android/data/com.facebook.katana/cache
D/dalvikvm(23064): Trying to load lib /data/app-lib/com.facebook.katana-1/libdextr.so 0x427948f8
D/dalvikvm(23064): Added shared lib /data/app-lib/com.facebook.katana-1/libdextr.so 0x427948f8
I/Dextr   (23064): LogQueue params desc: IIJIIIJJ
I/ActivityManager( 1016): START u0 {act=android.intent.action.MAIN cat=[android.intent.category.LAUNCHER] flg=0x10000000 pkg=com.giftme.fb_auth cmp=com.giftme.fb_auth/.FB_Auth} from pid 21597
W/ContextImpl( 1231): Calling a method in the system process without a qualified user: android.app.ContextImpl.sendBroadcast:1252 android.content.ContextWrapper.sendBroadcast:365 com.motorola.motocare.util.TriggerHelper$TriggerBuilder.send:76 com.motorola.motocare.internal.frameworkevents.PauseResumeTrigger.handleFrameworkEvent:53 com.motorola.motocare.internal.frameworkevents.FwEventMonitor$FrameworkListener.processFrameworkEvent:114 
I/ActivityManager( 1016): Start proc com.giftme.fb_auth for activity com.giftme.fb_auth/.FB_Auth: pid=23092 uid=10106 gids={50106, 3003, 1028, 1015}
I/dalvikvm(23092): Enabling JNI app bug workarounds for target SDK version 7...
D/dalvikvm(  280): GC_EXPLICIT freed 42K, 48% free 9010K/17224K, paused 1ms+3ms, total 22ms
W/ContextImpl( 1231): Calling a method in the system process without a qualified user: android.app.ContextImpl.sendBroadcast:1252 android.content.ContextWrapper.sendBroadcast:365 com.motorola.motocare.util.TriggerHelper$TriggerBuilder.send:76 com.motorola.motocare.internal.frameworkevents.PauseResumeTrigger.handleFrameworkEvent:53 com.motorola.motocare.internal.frameworkevents.FwEventMonitor$FrameworkListener.processFrameworkEvent:114 
D/dalvikvm(  280): GC_EXPLICIT freed <1K, 48% free 9010K/17224K, paused 1ms+3ms, total 20ms
V/PhoneStatusBar( 1078): setLightsOn(true)
D/dalvikvm(  280): GC_EXPLICIT freed <1K, 48% free 9010K/17224K, paused 1ms+3ms, total 20ms
I/CordovaLog(23092): Changing log level to DEBUG(3)
D/CordovaActivity(23092): CordovaActivity.init()
I/dalvikvm(23092): Could not find method android.webkit.CookieManager.setAcceptThirdPartyCookies, referenced from method org.apache.cordova.CordovaWebView.initWebViewSettings
W/dalvikvm(23092): VFY: unable to resolve virtual method 6163: Landroid/webkit/CookieManager;.setAcceptThirdPartyCookies (Landroid/webkit/WebView;Z)V
D/dalvikvm(23092): VFY: replacing opcode 0x6e at 0x002a
V/WebViewChromiumFactoryProvider(23092): Binding Chromium to main looper Looper (main, tid 1) {4278fb10}
I/LibraryLoader(23092): Expected native library version number "",actual native library version number ""
I/chromium(23092): [INFO:library_loader_hooks.cc(116)] Chromium logging enabled: level = 0, default verbosity = 0
I/BrowserStartupController(23092): Initializing chromium process, renderers=0
E/AudioManagerAndroid(23092): BLUETOOTH permission is missing!
I/Adreno-EGL(23092): <qeglDrvAPI_eglInitialize:410>: EGL 1.4 QUALCOMM build: AU_LINUX_ANDROID_LNX.LA.3.5.1_RB1.04.04.02.048.018_msm8226_LNX.LA.3.5.1_RB1__release_AU ()
I/Adreno-EGL(23092): OpenGL ES Shader Compiler Version: E031.24.00.08
I/Adreno-EGL(23092): Build Date: 03/07/14 Fri
I/Adreno-EGL(23092): Local Branch: 
I/Adreno-EGL(23092): Remote Branch: quic/LNX.LA.3.5.1_RB1.1
I/Adreno-EGL(23092): Local Patches: NONE
I/Adreno-EGL(23092): Reconstruct Branch: AU_LINUX_ANDROID_LNX.LA.3.5.1_RB1.04.04.02.048.018 + f2fd134 +  NOTHING
W/chromium(23092): [WARNING:proxy_service.cc(890)] PAC support disabled because there is no system implementation
D/CordovaActivity(23092): CordovaActivity.createViews()
W/dalvikvm(23092): VFY: unable to find class referenced in signature (Landroid/webkit/ClientCertRequest;)
W/dalvikvm(23092): VFY: unable to find class referenced in signature (Landroid/webkit/ClientCertRequest;)
I/dalvikvm(23092): Could not find method android.webkit.WebViewClient.onReceivedClientCertRequest, referenced from method org.apache.cordova.CordovaWebViewClient.onReceivedClientCertRequest
W/dalvikvm(23092): VFY: unable to resolve virtual method 6235: Landroid/webkit/WebViewClient;.onReceivedClientCertRequest (Landroid/webkit/WebView;Landroid/webkit/ClientCertRequest;)V
D/dalvikvm(23092): VFY: replacing opcode 0x6f at 0x001c
I/dalvikvm(23092): Could not find method android.webkit.WebChromeClient$FileChooserParams.createIntent, referenced from method org.apache.cordova.CordovaChromeClient.onShowFileChooser
W/dalvikvm(23092): VFY: unable to resolve virtual method 6182: Landroid/webkit/WebChromeClient$FileChooserParams;.createIntent ()Landroid/content/Intent;
D/dalvikvm(23092): VFY: replacing opcode 0x6e at 0x0000
D/PluginManager(23092): init()
D/CordovaWebView(23092): CordovaWebView is running on device made by: motorola
D/CordovaWebView(23092): >>> loadUrl(file:///android_asset/www/index.html)
D/CordovaWebView(23092): >>> loadUrlNow()
D/CordovaActivity(23092): Resuming the App
W/StaticBindingVerifier(23064): Verify
D/SoftKeyboardDetect(23092): Ignore this event
I/dalvikvm(23064): Could not find method com.facebook.resources.FbResources.getDrawable, referenced from method com.facebook.resources.impl.DownloadedFbResources.getDrawable
W/dalvikvm(23064): VFY: unable to resolve virtual method 46880: Lcom/facebook/resources/FbResources;.getDrawable (ILandroid/content/res/Resources$Theme;)Landroid/graphics/drawable/Drawable;
D/dalvikvm(23064): VFY: replacing opcode 0x6f at 0x0031
I/SFPerfTracer(  278):      triggers: (rate: 34:2673) (compose: 0:11) (post: 0:2) (render: 8:377) (2:51203 frames) (3:136154)
D/SFPerfTracer(  278):        layers: (4:11) (DimLayer: 0:65)* (DimLayer: 0:23)* (FocusedStackFrame: 1:1252)* (StatusBar: 0:7428) (NavigationBar: 0:9104) (DimLayer: 0:1932)* (DimLayer: 0:224) (com.android.wallpaper.fall.FallWallpaper: 0:14626)* (com.android.packageinstaller/com.android.packageinstaller.PackageInstallerActivity: 0:43)* (com.android.packageinstaller/com.android.packageinstaller.InstallAppProgress: 3:99) (Starting com.giftme.fb_auth: 1:4)* 
D/OpenGLRenderer(23092): Enabling debug mode 0
D/WifiService( 1016): New client listening to asynchronous messages
I/ActivityManager( 1016): Start proc com.google.android.partnersetup for broadcast com.google.android.partnersetup/.RlzPingBroadcastReceiver: pid=23146 uid=10025 gids={50025, 3003}
I/ActivityManager( 1016): Killing 22111:com.devexpert.weather/u0a112 (adj 15): empty #9
W/ContextImpl( 1231): Calling a method in the system process without a qualified user: android.app.ContextImpl.sendBroadcast:1252 android.content.ContextWrapper.sendBroadcast:365 com.motorola.motocare.util.TriggerHelper$TriggerBuilder.send:76 com.motorola.motocare.internal.frameworkevents.ProcessKillTrigger.sendTrigger:147 com.motorola.motocare.internal.frameworkevents.ProcessKillTrigger.handleFrameworkEvent:164 
D/SoftKeyboardDetect(23092): Ignore this event
D/CordovaWebViewClient(23092): onPageStarted(file:///android_asset/www/index.html)
D/CordovaActivity(23092): onMessage(onPageStarted,file:///android_asset/www/index.html)
I/LaunchCheckinHandler( 1016): Displayed com.giftme.fb_auth/.FB_Auth,cp,ca,495
I/ActivityManager( 1016): Displayed com.giftme.fb_auth/.FB_Auth: +495ms
D/WifiStateMachine( 1016): handleMessage: E msg.what=151572
D/WifiStateMachine( 1016): processMsg: ConnectedState
D/WifiStateMachine( 1016): processMsg: L2ConnectedState
D/WifiStateMachine( 1016): handleMessage: X
I/InternalIcingCorporaPro(20597): Updating corpora: APPS=com.giftme.fb_auth, CONTACTS=MAYBE
I/InternalIcingCorporaPro(20597): UpdateCorporaTask done [took 50 ms] updated apps [took 50 ms] 
I/ActivityManager( 1016): Killing 22953:com.android.defcontainer/u0a13 (adj 15): empty #9
W/ContextImpl( 1231): Calling a method in the system process without a qualified user: android.app.ContextImpl.sendBroadcast:1252 android.content.ContextWrapper.sendBroadcast:365 com.motorola.motocare.util.TriggerHelper$TriggerBuilder.send:76 com.motorola.motocare.internal.frameworkevents.ProcessKillTrigger.sendTrigger:147 com.motorola.motocare.internal.frameworkevents.ProcessKillTrigger.handleFrameworkEvent:164 
D/JsMessageQueue(23092): Set native->JS mode to OnlineEventsBridgeMode
E/dalvikvm(23064): Could not find class 'org.apache.harmony.xnet.provider.jsse.OpenSSLSocketImpl', referenced from method com.facebook.ssl.openssl.check.CheckOpenSSLImplHasRequiredMethods.<clinit>
W/dalvikvm(23064): VFY: unable to resolve const-class 9937 (Lorg/apache/harmony/xnet/provider/jsse/OpenSSLSocketImpl;) in Lcom/facebook/ssl/openssl/check/CheckOpenSSLImplHasRequiredMethods;
D/dalvikvm(23064): VFY: replacing opcode 0x1c at 0x000d
E/dalvikvm(23064): Could not find class 'org.apache.harmony.xnet.provider.jsse.OpenSSLSocketFactoryImpl', referenced from method com.facebook.ssl.openssl.reflect.SSLParametersGetter.<clinit>
W/dalvikvm(23064): VFY: unable to resolve const-class 9936 (Lorg/apache/harmony/xnet/provider/jsse/OpenSSLSocketFactoryImpl;) in Lcom/facebook/ssl/openssl/reflect/SSLParametersGetter;
D/dalvikvm(23064): VFY: replacing opcode 0x1c at 0x000d
E/dalvikvm(23064): Could not find class 'org.apache.harmony.xnet.provider.jsse.SSLParametersImpl', referenced from method com.facebook.ssl.openssl.reflect.SSLParametersGetter.a
W/dalvikvm(23064): VFY: unable to resolve check-cast 9939 (Lorg/apache/harmony/xnet/provider/jsse/SSLParametersImpl;) in Lcom/facebook/ssl/openssl/reflect/SSLParametersGetter;
D/dalvikvm(23064): VFY: replacing opcode 0x1f at 0x0006
E/dalvikvm(23064): Could not find class 'org.apache.harmony.xnet.provider.jsse.SSLParametersImpl', referenced from method com.facebook.ssl.openssl.reflect.SSLSessionTimeoutSetter.<clinit>
W/dalvikvm(23064): VFY: unable to resolve const-class 9939 (Lorg/apache/harmony/xnet/provider/jsse/SSLParametersImpl;) in Lcom/facebook/ssl/openssl/reflect/SSLSessionTimeoutSetter;
D/dalvikvm(23064): VFY: replacing opcode 0x1c at 0x000d
W/dalvikvm(23064): VFY: unable to find class referenced in signature (Lorg/apache/harmony/xnet/provider/jsse/SSLParametersImpl;)
E/dalvikvm(23064): Could not find class 'org.apache.harmony.xnet.provider.jsse.ClientSessionContext', referenced from method com.facebook.ssl.openssl.reflect.SSLSessionTimeoutSetter.a
W/dalvikvm(23064): VFY: unable to resolve check-cast 9935 (Lorg/apache/harmony/xnet/provider/jsse/ClientSessionContext;) in Lcom/facebook/ssl/openssl/reflect/SSLSessionTimeoutSetter;
D/dalvikvm(23064): VFY: replacing opcode 0x1f at 0x0006
W/dalvikvm(23064): VFY: unable to find class referenced in signature (Lorg/apache/harmony/xnet/provider/jsse/SSLParametersImpl;)
W/dalvikvm(23064): Unable to resolve superclass of Lcom/facebook/ssl/openssl/TicketEnabledOpenSSLSocketImplWrapper; (9938)
W/dalvikvm(23064): Link of class 'Lcom/facebook/ssl/openssl/TicketEnabledOpenSSLSocketImplWrapper;' failed
E/dalvikvm(23064): Could not find class 'com.facebook.ssl.openssl.TicketEnabledOpenSSLSocketImplWrapper', referenced from method com.facebook.ssl.openssl.TicketEnabledOpenSSLSocketFactoryHelper.a
W/dalvikvm(23064): VFY: unable to resolve new-instance 7703 (Lcom/facebook/ssl/openssl/TicketEnabledOpenSSLSocketImplWrapper;) in Lcom/facebook/ssl/openssl/TicketEnabledOpenSSLSocketFactoryHelper;
D/dalvikvm(23064): VFY: replacing opcode 0x22 at 0x0000
W/dalvikvm(23064): Unable to resolve superclass of Lcom/facebook/ssl/openssl/TicketEnabledOpenSSLSocketImplWrapper; (9938)
W/dalvikvm(23064): Link of class 'Lcom/facebook/ssl/openssl/TicketEnabledOpenSSLSocketImplWrapper;' failed
D/dalvikvm(23064): DexOpt: unable to opt direct call 0xbd3a at 0x08 in Lcom/facebook/ssl/openssl/TicketEnabledOpenSSLSocketFactoryHelper;.a
I/ActivityManager( 1016): Killing 23024:com.android.keychain/1000 (adj 15): empty #9
W/ContextImpl( 1231): Calling a method in the system process without a qualified user: android.app.ContextImpl.sendBroadcast:1252 android.content.ContextWrapper.sendBroadcast:365 com.motorola.motocare.util.TriggerHelper$TriggerBuilder.send:76 com.motorola.motocare.internal.frameworkevents.ProcessKillTrigger.sendTrigger:147 com.motorola.motocare.internal.frameworkevents.ProcessKillTrigger.handleFrameworkEvent:164 
D/dalvikvm(23064): Trying to load lib /data/app-lib/com.facebook.katana-1/libfb.so 0x427948f8
D/dalvikvm(23064): Added shared lib /data/app-lib/com.facebook.katana-1/libfb.so 0x427948f8
D/dalvikvm(23064): No JNI_OnLoad found in /data/app-lib/com.facebook.katana-1/libfb.so 0x427948f8, skipping init
D/dalvikvm(23064): Trying to load lib /data/app-lib/com.facebook.katana-1/libfbjni.so 0x427948f8
D/dalvikvm(23064): Added shared lib /data/app-lib/com.facebook.katana-1/libfbjni.so 0x427948f8
D/dalvikvm(23064): Trying to load lib /data/app-lib/com.facebook.katana-1/libheartbleed.so 0x427948f8
D/dalvikvm(23064): Added shared lib /data/app-lib/com.facebook.katana-1/libheartbleed.so 0x427948f8
D/PackageBroadcastService(30409): Received broadcast action=android.intent.action.PACKAGE_ADDED and uri=com.giftme.fb_auth
I/com.amazon.identity.auth.device.authorization.PackageIntentReceiver(17893): Package Intent Received. Clearing Service Data. action=android.intent.action.PACKAGE_ADDED
I/com.amazon.identity.auth.device.authorization.ThirdPartyServiceHelper(17893): Clearing Highest Versioned Service
I/ActivityManager( 1016): Start proc com.google.android.apps.magazines for broadcast com.google.android.apps.magazines/com.google.apps.dots.android.app.receiver.FirstInstallNotificationReceiver: pid=23180 uid=10077 gids={50077, 3003, 1028, 1015}
I/ConfigFetchService(30409): onStartCommand Intent { act=android.intent.action.PACKAGE_ADDED dat=package:com.giftme.fb_auth cmp=com.google.android.gms/.config.ConfigFetchService (has extras) }
I/ConfigFetchService(30409): launchTask
D/dalvikvm(23064): Trying to load lib /data/app-lib/com.facebook.katana-1/libcares.so 0x427948f8
I/ConfigFetchService(30409): service connected
D/dalvikvm(23064): Added shared lib /data/app-lib/com.facebook.katana-1/libcares.so 0x427948f8
D/dalvikvm(23064): No JNI_OnLoad found in /data/app-lib/com.facebook.katana-1/libcares.so 0x427948f8, skipping init
D/dalvikvm(23064): Trying to load lib /data/app-lib/com.facebook.katana-1/libdouble-conversion.so 0x427948f8
D/dalvikvm(23064): Added shared lib /data/app-lib/com.facebook.katana-1/libdouble-conversion.so 0x427948f8
D/dalvikvm(23064): No JNI_OnLoad found in /data/app-lib/com.facebook.katana-1/libdouble-conversion.so 0x427948f8, skipping init
D/dalvikvm(23064): Trying to load lib /data/app-lib/com.facebook.katana-1/libevent.so 0x427948f8
D/ConfigFetchService(30409): ConfigApi connection successful.
D/dalvikvm(23064): Added shared lib /data/app-lib/com.facebook.katana-1/libevent.so 0x427948f8
D/dalvikvm(23064): No JNI_OnLoad found in /data/app-lib/com.facebook.katana-1/libevent.so 0x427948f8, skipping init
D/dalvikvm(23064): Trying to load lib /data/app-lib/com.facebook.katana-1/libliger.so 0x427948f8
V/ConfigFetchTask(30409): ConfigFetchTask getDeviceDataVersionInfo(): ABFEt1WGE3VC4EwUK0r_Xlg-9PHBP3ysrg5-4TM9OEUSfal-XMjxHNyYWOqcLqtMoOTnVsv6DrKpV2GMPXEdQ-tMNuBos11K7NkGufCihC_3iQqw1012EV6j7xu06a5i7k54RqzdRLUAThFU3r4QEW4lHTb7TdBj_spMYkbQE_Omz9gqewwsc4ilPXfpJ6Oo-Wsh5Hi0VbAu1KUpwCLM5UQwZ0PW6cNzvB3cs-3EHchGtWhAKHSlpdSy6xO138emsQxZNp1qp1TKx6VSlWuZwN49OAxJ_Nh4V5-Z_qv9w97a-c1fou6UpSc
W/BroadcastQueue( 1016): Permission Denial: broadcasting Intent { act=android.net.conn.INET_CONDITION_ACTION flg=0x4000010 (has extras) } from null (pid=-1, uid=-1) requires com.facebook.permission.prod.FB_APP_COMMUNICATION due to registered receiver BroadcastFilter{437e7018 u0 ReceiverList{43738b30 23064 com.facebook.katana:dash/10110/u0 remote:43586110}}
W/BroadcastQueue( 1016): Permission Denial: broadcasting Intent { act=android.net.conn.CONNECTIVITY_CHANGE flg=0x4000010 (has extras) } from null (pid=-1, uid=-1) requires com.facebook.permission.prod.FB_APP_COMMUNICATION due to registered receiver BroadcastFilter{437e7018 u0 ReceiverList{43738b30 23064 com.facebook.katana:dash/10110/u0 remote:43586110}}
I/GoogleURLConnFactory(30409): Using platform SSLCertificateSocketFactory
I/PeopleContactsSync(30409): CP2 sync disabled
V/WebViewChromiumFactoryProvider(23180): Binding Chromium to main looper Looper (main, tid 1) {42786220}
I/LibraryLoader(23180): Expected native library version number "",actual native library version number ""
I/chromium(23180): [INFO:library_loader_hooks.cc(116)] Chromium logging enabled: level = 0, default verbosity = 0
I/BrowserStartupController(23180): Initializing chromium process, renderers=0
E/AudioManagerAndroid(23180): BLUETOOTH permission is missing!
D/dalvikvm(23064): Added shared lib /data/app-lib/com.facebook.katana-1/libliger.so 0x427948f8
I/Adreno-EGL(23180): <qeglDrvAPI_eglInitialize:410>: EGL 1.4 QUALCOMM build: AU_LINUX_ANDROID_LNX.LA.3.5.1_RB1.04.04.02.048.018_msm8226_LNX.LA.3.5.1_RB1__release_AU ()
I/Adreno-EGL(23180): OpenGL ES Shader Compiler Version: E031.24.00.08
I/Adreno-EGL(23180): Build Date: 03/07/14 Fri
I/Adreno-EGL(23180): Local Branch: 
I/Adreno-EGL(23180): Remote Branch: quic/LNX.LA.3.5.1_RB1.1
I/Adreno-EGL(23180): Local Patches: NONE
I/Adreno-EGL(23180): Reconstruct Branch: AU_LINUX_ANDROID_LNX.LA.3.5.1_RB1.04.04.02.048.018 + f2fd134 +  NOTHING
W/chromium(23180): [WARNING:proxy_service.cc(890)] PAC support disabled because there is no system implementation
W/GAV2    (23180): Thread[main,5,main]: Need to call initialize() and be in fallback mode to start dispatch.
E/cutils  (  261): Failed to mkdirat(/storage/sdcard1/Android): Read-only file system
W/Vold    (  261): Returning OperationFailed - no handler for errno 30
W/ContextImpl(23180): Failed to ensure directory: /storage/sdcard1/Android/data/com.google.android.apps.magazines/cache
I/ConfigFetchService(30409): fetch service done; releasing wakelock
I/ConfigFetchService(30409): stopping self
I/SFPerfTracer(  278):      triggers: (rate: 28:25976) (87723 sw vsyncs) (45391 skipped) (5:134592 vsyncs) (7:239012)
D/CordovaLog(23092): file:///android_asset/www/js/app.js: Line 44 : Service initialized
I/chromium(23092): [INFO:CONSOLE(44)] "Service initialized", source: file:///android_asset/www/js/app.js (44)
D/dalvikvm( 1016): GC_EXPLICIT freed 1735K, 39% free 24042K/39124K, paused 4ms+10ms, total 111ms
I/NSApplication(23180): Starting up...
I/ActivityManager( 1016): Killing 23064:com.facebook.katana:dash/u0a110 (adj 15): empty #9
W/ContextImpl( 1231): Calling a method in the system process without a qualified user: android.app.ContextImpl.sendBroadcast:1252 android.content.ContextWrapper.sendBroadcast:365 com.motorola.motocare.util.TriggerHelper$TriggerBuilder.send:76 com.motorola.motocare.internal.frameworkevents.ProcessKillTrigger.sendTrigger:147 com.motorola.motocare.internal.frameworkevents.ProcessKillTrigger.handleFrameworkEvent:164 
E/NetworkScheduler.SchedulerReceiver(30376): Invalid parameter app
E/NetworkScheduler.SchedulerReceiver(30376): Invalid package name : Perhaps you didn't include a PendingIntent in the extras?
D/PackageBroadcastService(30409): Received broadcast action=android.intent.action.PACKAGE_REPLACED and uri=com.giftme.fb_auth
D/WifiService( 1016): Client connection lost with reason: 4
I/PeopleContactsSync(30409): CP2 sync disabled
D/WifiStateMachine( 1016): handleMessage: E msg.what=151572
D/WifiStateMachine( 1016): processMsg: ConnectedState
D/WifiStateMachine( 1016): processMsg: L2ConnectedState
D/WifiStateMachine( 1016): handleMessage: X
D/WifiStateMachine( 1016): handleMessage: E msg.what=151572
D/WifiStateMachine( 1016): processMsg: ConnectedState
D/WifiStateMachine( 1016): processMsg: L2ConnectedState
D/WifiStateMachine( 1016): handleMessage: X
W/InputMethodManagerService( 1016): Window already focused, ignoring focus gain of: com.android.internal.view.IInputMethodClient$Stub$Proxy@43984be8 attribute=null, token = android.os.BinderProxy@437a10a0
D/CordovaLog(23092): https://js.stripe.com/v2/: Line 2 : You are using Stripe.js in live mode over an insecure connection. This is considered unsafe. Please conduct live requests only on sites served over https. For more info, see https://stripe.com/help/ssl
I/chromium(23092): [INFO:CONSOLE(2)] "You are using Stripe.js in live mode over an insecure connection. This is considered unsafe. Please conduct live requests only on sites served over https. For more info, see https://stripe.com/help/ssl", source: https://js.stripe.com/v2/ (2)
D/CordovaLog(23092): file:///android_asset/www/js/LoginView.js: Line 14 : Success
I/chromium(23092): [INFO:CONSOLE(14)] "Success", source: file:///android_asset/www/js/LoginView.js (14)
D/WifiStateMachine( 1016): handleMessage: E msg.what=131155
D/WifiStateMachine( 1016): processMsg: ConnectedState
D/WifiStateMachine( 1016): processMsg: L2ConnectedState
D/WifiStateMachine( 1016): handleMessage: X
D/CordovaActivity(23092): onMessage(spinner,stop)
D/CordovaLog(23092): file:///android_asset/www/js/app.js: Line 8 : Uncaught ReferenceError: StatusBar is not defined
I/chromium(23092): [INFO:CONSOLE(8)] "Uncaught ReferenceError: StatusBar is not defined", source: file:///android_asset/www/js/app.js (8)
D/CordovaWebViewClient(23092): onPageFinished(file:///android_asset/www/index.html)
D/CordovaActivity(23092): onMessage(onPageFinished,file:///android_asset/www/index.html)
D/WifiStateMachine( 1016): handleMessage: E msg.what=151572
D/WifiStateMachine( 1016): processMsg: ConnectedState
D/WifiStateMachine( 1016): processMsg: L2ConnectedState
D/WifiStateMachine( 1016): handleMessage: X
I/SFPerfTracer(  278):      triggers: (rate: 34:2673) (compose: 0:11) (post: 0:2) (render: 8:377) (0:51249 frames) (1:136254)
D/SFPerfTracer(  278):        layers: (3:12) (DimLayer: 0:65)* (DimLayer: 0:23)* (FocusedStackFrame: 0:1257)* (StatusBar: 0:7428) (NavigationBar: 0:9122) (DimLayer: 0:1959)* (DimLayer: 0:225)* (com.android.wallpaper.fall.FallWallpaper: 0:14626)* (com.android.packageinstaller/com.android.packageinstaller.InstallAppProgress: 0:102)* (Starting com.giftme.fb_auth: 0:25)* (com.giftme.fb_auth/com.giftme.fb_auth.FB_Auth: 1:64) (com.giftme.fb_auth/com.giftme.fb_auth.FB_Auth: 0:32)* 
I/GAV2    (23001): Thread[GAThread,5,main]: No campaign data found.
D/WifiStateMachine( 1016): handleMessage: E msg.what=151572
D/WifiStateMachine( 1016): processMsg: ConnectedState
D/WifiStateMachine( 1016): processMsg: L2ConnectedState
D/WifiStateMachine( 1016): handleMessage: X
W/ProcessCpuTracker( 1016): Skipping unknown process pid 23261
W/ProcessCpuTracker( 1016): Skipping unknown process pid 23262
W/ProcessCpuTracker( 1016): Skipping unknown process pid 23267
D/WifiStateMachine( 1016): handleMessage: E msg.what=151572
D/WifiStateMachine( 1016): processMsg: ConnectedState
D/WifiStateMachine( 1016): processMsg: L2ConnectedState
D/WifiStateMachine( 1016): handleMessage: X
D/WifiStateMachine( 1016): handleMessage: E msg.what=131155
D/WifiStateMachine( 1016): processMsg: ConnectedState
D/WifiStateMachine( 1016): processMsg: L2ConnectedState
D/WifiStateMachine( 1016): handleMessage: X
I/GAV2    (23180): Thread[GAThread,5,main]: No campaign data found.
I/ConfigService(30376): onDestroy
D/WifiStateMachine( 1016): handleMessage: E msg.what=151572
D/WifiStateMachine( 1016): processMsg: ConnectedState
D/WifiStateMachine( 1016): processMsg: L2ConnectedState
I/SFPerfTracer(  278):      triggers: (rate: 28:25976) (87723 sw vsyncs) (45391 skipped) (17:134683 vsyncs) (19:239118)
D/WifiStateMachine( 1016): handleMessage: X
D/CordovaLog(23092): file:///android_asset/www/js/ratchet.min.js: Line 10 : Uncaught SyntaxError: Failed to execute 'querySelector' on 'Document': '#home/' is not a valid selector.
I/chromium(23092): [INFO:CONSOLE(10)] "Uncaught SyntaxError: Failed to execute 'querySelector' on 'Document': '#home/' is not a valid selector.", source: file:///android_asset/www/js/ratchet.min.js (10)
D/ConnectPlugin(23092): onSessionStateChange:OPENED
D/ConnectPlugin(23092): onSessionStateChange:OPENED
D/CordovaLog(23092): file:///android_asset/www/cordova.js: Line 305 : Error in Success callbackId: FacebookConnectPlugin565590629 : ReferenceError: FB is not defined
I/chromium(23092): [INFO:CONSOLE(305)] "Error in Success callbackId: FacebookConnectPlugin565590629 : ReferenceError: FB is not defined", source: file:///android_asset/www/cordova.js (305)
D/CordovaLog(23092): file:///android_asset/www/cordova.js: Line 1075 : processMessage failed: Error: ReferenceError: FB is not defined
I/chromium(23092): [INFO:CONSOLE(1075)] "processMessage failed: Error: ReferenceError: FB is not defined", source: file:///android_asset/www/cordova.js (1075)
D/CordovaLog(23092): file:///android_asset/www/cordova.js: Line 1076 : processMessage failed: Stack: ReferenceError: FB is not defined
D/CordovaLog(23092):     at file:///android_asset/www/js/HomeView.js:8:21
D/CordovaLog(23092):     at Object.cordova.callbackFromNative (file:///android_asset/www/cordova.js:286:58)
D/CordovaLog(23092):     at processMessage (file:///android_asset/www/cordova.js:1070:21)
D/CordovaLog(23092):     at Function.androidExec.processMessages (file:///android_asset/www/cordova.js:1107:13)
D/CordovaLog(23092):     at pollOnce (file:///android_asset/www/cordova.js:963:17)
D/CordovaLog(23092):     at pollOnceFromOnlineEvent (file:///android_asset/www/cordova.js:953:5)
I/chromium(23092): [INFO:CONSOLE(1076)] "processMessage failed: Stack: ReferenceError: FB is not defined
I/chromium(23092):     at file:///android_asset/www/js/HomeView.js:8:21
I/chromium(23092):     at Object.cordova.callbackFromNative (file:///android_asset/www/cordova.js:286:58)
I/chromium(23092):     at processMessage (file:///android_asset/www/cordova.js:1070:21)
I/chromium(23092):     at Function.androidExec.processMessages (file:///android_asset/www/cordova.js:1107:13)
I/chromium(23092):     at pollOnce (file:///android_asset/www/cordova.js:963:17)
I/chromium(23092):     at pollOnceFromOnlineEvent (file:///android_asset/www/cordova.js:953:5)", source: file:///android_asset/www/cordova.js (1076)
D/CordovaLog(23092): file:///android_asset/www/cordova.js: Line 1077 : processMessage failed: Message: S01 FacebookConnectPlugin565590629 {"authResponse":{"userID":"10152723000833157","accessToken":"CAAVyqOuiT3UBAL2ZCRrC35DRxZC8g7JbOM4XGlyYhQ7eEVL1j4FDn5gFuCK3nzgvZAVUG69A3k9Y7ZA8lQjGCfSbEsU5QPMaecHgJICMvZB7m7i5lUAh6pz6BSK9kNXVJdZB0ErQi4ZCaeCpHf5XZAsZBZCaV2BxrfCwSg5866F7vfnesMxNSIUzjAYFzwJZAZBCxHbLrXc0FnFreBZBWwS63EIdiFv1RlOSjWJqL2Mo2lMVOzQZDZD","session_key":true,"expiresIn":"5160738","sig":"..."},"status":"connected"}
I/chromium(23092): [INFO:CONSOLE(1077)] "processMessage failed: Message: S01 FacebookConnectPlugin565590629 {"authResponse":{"userID":"10152723000833157","accessToken":"CAAVyqOuiT3UBAL2ZCRrC35DRxZC8g7JbOM4XGlyYhQ7eEVL1j4FDn5gFuCK3nzgvZAVUG69A3k9Y7ZA8lQjGCfSbEsU5QPMaecHgJICMvZB7m7i5lUAh6pz6BSK9kNXVJdZB0ErQi4ZCaeCpHf5XZAsZBZCaV2BxrfCwSg5866F7vfnesMxNSIUzjAYFzwJZAZBCxHbLrXc0FnFreBZBWwS63EIdiFv1RlOSjWJqL2Mo2lMVOzQZDZD","session_key":true,"expiresIn":"5160738","sig":"..."},"status":"connected"}", source: file:///android_asset/www/cordova.js (1077)
D/WifiStateMachine( 1016): handleMessage: E msg.what=151572
D/WifiStateMachine( 1016): processMsg: ConnectedState
D/WifiStateMachine( 1016): processMsg: L2ConnectedState
D/WifiStateMachine( 1016): handleMessage: X
D/WifiStateMachine( 1016): handleMessage: E msg.what=151572
D/WifiStateMachine( 1016): processMsg: ConnectedState
D/WifiStateMachine( 1016): processMsg: L2ConnectedState
D/WifiStateMachine( 1016): handleMessage: X
V/AlarmManager( 1016): sending alarm Alarm{44319a60 type 3 android}
D/WifiStateMachine( 1016): handleMessage: E msg.what=131155
D/WifiStateMachine( 1016): processMsg: ConnectedState
D/WifiStateMachine( 1016): processMsg: L2ConnectedState
D/WifiStateMachine( 1016): handleMessage: X
D/WifiStateMachine( 1016): handleMessage: E msg.what=151572
D/WifiStateMachine( 1016): processMsg: ConnectedState
D/WifiStateMachine( 1016): processMsg: L2ConnectedState
D/WifiStateMachine( 1016): handleMessage: X
D/WifiStateMachine( 1016): handleMessage: E msg.what=151572
D/WifiStateMachine( 1016): processMsg: ConnectedState
D/WifiStateMachine( 1016): processMsg: L2ConnectedState
D/WifiStateMachine( 1016): handleMessage: X
D/WifiStateMachine( 1016): handleMessage: E msg.what=151572
D/WifiStateMachine( 1016): processMsg: ConnectedState
D/WifiStateMachine( 1016): processMsg: L2ConnectedState
D/WifiStateMachine( 1016): handleMessage: X
D/WifiStateMachine( 1016): handleMessage: E msg.what=131155
D/WifiStateMachine( 1016): processMsg: ConnectedState
D/WifiStateMachine( 1016): processMsg: L2ConnectedState
D/WifiStateMachine( 1016): handleMessage: X
D/CordovaWebView(23092): The current URL is: file:///android_asset/www/index.html#home/
D/CordovaWebView(23092): The URL at item 0 is: file:///android_asset/www/index.html
D/WifiStateMachine( 1016): handleMessage: E msg.what=151572
D/WifiStateMachine( 1016): processMsg: ConnectedState
D/WifiStateMachine( 1016): processMsg: L2ConnectedState
D/WifiStateMachine( 1016): handleMessage: X
D/KInfoc  (17063): clear batch timer
D/KInfoc  (17063): set batch timer
D/KInfoc  (17063):  BATCH REPORTER STARTED ........
D/KInfoc  (17063):  -> ICH DIR : /data/data/com.rhmsoft.fm/files/infoc_1
W/KInfoc  (17063): The data section count is not equal! table:fm_public, count in format:13, count in data:14.
D/KInfoc  (17063):  * ENCODED HEADER : 87 LIMIT=3072
D/KInfoc  (17063):  [ BATCH REPORT ]
D/KInfoc  (17063): com.cm.kinfoc.l@42b08878
I/SFPerfTracer(  278):      triggers: (rate: 28:25976) (87723 sw vsyncs) (45391 skipped) (29:134774 vsyncs) (31:239224)
W/InputMethodManagerService( 1016): Window already focused, ignoring focus gain of: com.android.internal.view.IInputMethodClient$Stub$Proxy@42ff1678 attribute=null, token = android.os.BinderProxy@437a10a0
D/CordovaLog(23092): file:///android_asset/www/js/LoginView.js: Line 14 : Success
I/chromium(23092): [INFO:CONSOLE(14)] "Success", source: file:///android_asset/www/js/LoginView.js (14)
D/KInfoc  (17063):     * SUCCESS
D/KInfoc  (17063):  * REPORT SUCCESS : DC+H=4 DC=3 SIZE=148
D/WifiStateMachine( 1016): handleMessage: E msg.what=151572
D/WifiStateMachine( 1016): processMsg: ConnectedState
D/WifiStateMachine( 1016): processMsg: L2ConnectedState
D/WifiStateMachine( 1016): handleMessage: X
D/WifiStateMachine( 1016): handleMessage: E msg.what=151572
D/WifiStateMachine( 1016): processMsg: ConnectedState
D/WifiStateMachine( 1016): processMsg: L2ConnectedState
D/WifiStateMachine( 1016): handleMessage: X
D/WifiStateMachine( 1016): handleMessage: E msg.what=131155
D/WifiStateMachine( 1016): processMsg: ConnectedState
D/WifiStateMachine( 1016): processMsg: L2ConnectedState
D/WifiStateMachine( 1016): handleMessage: X
D/KInfoc  (17063):  -> ICH DIR : /data/data/com.rhmsoft.fm/files/infoc_2
W/KInfoc  (17063): The data section count is not equal! table:fm_public, count in format:13, count in data:14.
D/KInfoc  (17063):  * ENCODED HEADER : 87 LIMIT=3072
D/KInfoc  (17063):  [ BATCH REPORT ]
D/KInfoc  (17063): com.cm.kinfoc.l@42b46658
D/WifiStateMachine( 1016): handleMessage: E msg.what=151572
D/WifiStateMachine( 1016): processMsg: ConnectedState
D/WifiStateMachine( 1016): processMsg: L2ConnectedState
D/WifiStateMachine( 1016): handleMessage: X
D/KInfoc  (17063):     * SUCCESS
D/KInfoc  (17063):  * REPORT SUCCESS : DC+H=4 DC=3 SIZE=148
D/WifiStateMachine( 1016): handleMessage: E msg.what=151572
D/WifiStateMachine( 1016): processMsg: ConnectedState
D/WifiStateMachine( 1016): processMsg: L2ConnectedState
D/WifiStateMachine( 1016): handleMessage: X
I/ActivityManager( 1016): START u0 {act=com.android.systemui.recent.action.TOGGLE_RECENTS flg=0x10800000 cmp=com.android.systemui/.recent.RecentsActivity (has extras)} from pid 1078
D/CordovaActivity(23092): Paused the application!
D/CordovaWebView(23092): Handle the pause
W/ContextImpl( 1231): Calling a method in the system process without a qualified user: android.app.ContextImpl.sendBroadcast:1252 android.content.ContextWrapper.sendBroadcast:365 com.motorola.motocare.util.TriggerHelper$TriggerBuilder.send:76 com.motorola.motocare.internal.frameworkevents.PauseResumeTrigger.handleFrameworkEvent:53 com.motorola.motocare.internal.frameworkevents.FwEventMonitor$FrameworkListener.processFrameworkEvent:114 
W/ContextImpl( 1231): Calling a method in the system process without a qualified user: android.app.ContextImpl.sendBroadcast:1252 android.content.ContextWrapper.sendBroadcast:365 com.motorola.motocare.util.TriggerHelper$TriggerBuilder.send:76 com.motorola.motocare.internal.frameworkevents.PauseResumeTrigger.handleFrameworkEvent:53 com.motorola.motocare.internal.frameworkevents.FwEventMonitor$FrameworkListener.processFrameworkEvent:114 
D/dalvikvm( 1078): GC_FOR_ALLOC freed 992K, 28% free 14663K/20252K, paused 21ms, total 22ms
D/dalvikvm( 1078): GC_FOR_ALLOC freed 433K, 24% free 15519K/20252K, paused 21ms, total 21ms
I/LaunchCheckinHandler( 1016): Displayed com.android.systemui/.recent.RecentsActivity,wp,wa,143
W/IInputConnectionWrapper(23092): showStatusIcon on inactive InputConnection
I/SFPerfTracer(  278):      triggers: (rate: 34:2673) (compose: 0:11) (post: 0:2) (render: 8:377) (12:51304 frames) (13:136355)
D/SFPerfTracer(  278):        layers: (5:12) (DimLayer: 0:65)* (DimLayer: 0:23)* (FocusedStackFrame: 0:1260)* (StatusBar: 0:7429) (NavigationBar: 10:9173) (DimLayer: 0:1985)* (DimLayer: 0:225)* (com.android.wallpaper.fall.FallWallpaper: 0:14626)* (com.giftme.fb_auth/com.giftme.fb_auth.FB_Auth: 13:100) (com.giftme.fb_auth/com.giftme.fb_auth.FB_Auth: 0:36)* (com.android.systemui/com.android.systemui.recent.RecentsActivity: 2:7) (thumbnail anim: 13:14) 
D/WifiStateMachine( 1016): handleMessage: E msg.what=151572
D/WifiStateMachine( 1016): processMsg: ConnectedState
D/WifiStateMachine( 1016): processMsg: L2ConnectedState
D/WifiStateMachine( 1016): handleMessage: X
D/WifiStateMachine( 1016): handleMessage: E msg.what=131155
D/WifiStateMachine( 1016): processMsg: ConnectedState
D/WifiStateMachine( 1016): processMsg: L2ConnectedState
D/WifiStateMachine( 1016): handleMessage: X
W/ContextImpl( 1231): Calling a method in the system process without a qualified user: android.app.ContextImpl.sendBroadcast:1252 android.content.ContextWrapper.sendBroadcast:365 com.motorola.motocare.util.TriggerHelper$TriggerBuilder.send:76 com.motorola.motocare.internal.frameworkevents.PauseResumeTrigger.handleFrameworkEvent:53 com.motorola.motocare.internal.frameworkevents.FwEventMonitor$FrameworkListener.processFrameworkEvent:114 
W/ContextImpl( 1231): Calling a method in the system process without a qualified user: android.app.ContextImpl.sendBroadcast:1252 android.content.ContextWrapper.sendBroadcast:365 com.motorola.motocare.util.TriggerHelper$TriggerBuilder.send:76 com.motorola.motocare.internal.frameworkevents.PauseResumeTrigger.handleFrameworkEvent:53 com.motorola.motocare.internal.frameworkevents.FwEventMonitor$FrameworkListener.processFrameworkEvent:114 
D/CordovaActivity(23092): Resuming the App
V/PhoneStatusBar( 1078): setLightsOn(true)
D/WifiStateMachine( 1016): handleMessage: E msg.what=151572
D/WifiStateMachine( 1016): processMsg: ConnectedState
D/WifiStateMachine( 1016): processMsg: L2ConnectedState
D/WifiStateMachine( 1016): handleMessage: X
V/AlarmManager( 1016): sending alarm Alarm{43fd0100 type 3 com.devexpert.weather}
V/AlarmManager( 1016): sending alarm Alarm{43fbfaf8 type 2 com.facebook.katana}
I/ActivityManager( 1016): Start proc com.devexpert.weather for broadcast com.devexpert.weather/.view.WidgetWeather2x1: pid=23360 uid=10112 gids={50112, 3003, 1028, 1015}
V/AlarmManager( 1016): sending alarm Alarm{43fbf828 type 0 com.android.vending}
D/WifiStateMachine( 1016): handleMessage: E msg.what=151572
D/WifiStateMachine( 1016): processMsg: ConnectedState
D/WifiStateMachine( 1016): processMsg: L2ConnectedState
D/WifiStateMachine( 1016): handleMessage: X
I/SFPerfTracer(  278):      triggers: (rate: 28:25976) (87723 sw vsyncs) (45391 skipped) (60:134922 vsyncs) (62:239384)
I/ActivityManager( 1016): Killing 23146:com.google.android.partnersetup/u0a25 (adj 15): empty #9
W/ContextImpl( 1231): Calling a method in the system process without a qualified user: android.app.ContextImpl.sendBroadcast:1252 android.content.ContextWrapper.sendBroadcast:365 com.motorola.motocare.util.TriggerHelper$TriggerBuilder.send:76 com.motorola.motocare.internal.frameworkevents.ProcessKillTrigger.sendTrigger:147 com.motorola.motocare.internal.frameworkevents.ProcessKillTrigger.handleFrameworkEvent:164 
D/Finsky  (18319): [1] 5.onFinished: Installation state replication succeeded.
D/WifiStateMachine( 1016): handleMessage: E msg.what=151572
D/WifiStateMachine( 1016): processMsg: ConnectedState
D/WifiStateMachine( 1016): processMsg: L2ConnectedState
D/WifiStateMachine( 1016): handleMessage: X
D/WifiStateMachine( 1016): handleMessage: E msg.what=131155
D/WifiStateMachine( 1016): processMsg: ConnectedState
D/WifiStateMachine( 1016): processMsg: L2ConnectedState
D/WifiStateMachine( 1016): handleMessage: X
D/WifiStateMachine( 1016): handleMessage: E msg.what=151572
D/WifiStateMachine( 1016): processMsg: ConnectedState
D/WifiStateMachine( 1016): processMsg: L2ConnectedState
D/WifiStateMachine( 1016): handleMessage: X
D/WifiStateMachine( 1016): handleMessage: E msg.what=151572
D/WifiStateMachine( 1016): processMsg: ConnectedState
D/WifiStateMachine( 1016): processMsg: L2ConnectedState
D/WifiStateMachine( 1016): handleMessage: X
D/WifiStateMachine( 1016): handleMessage: E msg.what=151572
D/WifiStateMachine( 1016): processMsg: ConnectedState
D/WifiStateMachine( 1016): processMsg: L2ConnectedState
D/WifiStateMachine( 1016): handleMessage: X
D/WifiStateMachine( 1016): handleMessage: E msg.what=131155
D/WifiStateMachine( 1016): processMsg: ConnectedState
D/WifiStateMachine( 1016): processMsg: L2ConnectedState
D/WifiStateMachine( 1016): handleMessage: X
D/WifiStateMachine( 1016): handleMessage: E msg.what=151572
D/WifiStateMachine( 1016): processMsg: ConnectedState
D/WifiStateMachine( 1016): processMsg: L2ConnectedState
D/WifiStateMachine( 1016): handleMessage: X
D/WifiStateMachine( 1016): handleMessage: E msg.what=151572
D/WifiStateMachine( 1016): processMsg: ConnectedState
D/WifiStateMachine( 1016): processMsg: L2ConnectedState
D/WifiStateMachine( 1016): handleMessage: X
D/WifiStateMachine( 1016): handleMessage: E msg.what=151572
D/WifiStateMachine( 1016): processMsg: ConnectedState
D/WifiStateMachine( 1016): processMsg: L2ConnectedState
D/WifiStateMachine( 1016): handleMessage: X
D/WifiStateMachine( 1016): handleMessage: E msg.what=131155
D/WifiStateMachine( 1016): processMsg: ConnectedState
D/WifiStateMachine( 1016): processMsg: L2ConnectedState
D/WifiStateMachine( 1016): handleMessage: X
D/WifiStateMachine( 1016): handleMessage: E msg.what=151572
D/WifiStateMachine( 1016): processMsg: ConnectedState
D/WifiStateMachine( 1016): processMsg: L2ConnectedState
D/WifiStateMachine( 1016): handleMessage: X
D/WifiStateMachine( 1016): handleMessage: E msg.what=151572
D/WifiStateMachine( 1016): processMsg: ConnectedState
D/WifiStateMachine( 1016): processMsg: L2ConnectedState
D/WifiStateMachine( 1016): handleMessage: X
D/WifiStateMachine( 1016): handleMessage: E msg.what=151572
D/WifiStateMachine( 1016): processMsg: ConnectedState
D/WifiStateMachine( 1016): processMsg: L2ConnectedState
D/WifiStateMachine( 1016): handleMessage: X
D/WifiStateMachine( 1016): handleMessage: E msg.what=131155
D/WifiStateMachine( 1016): processMsg: ConnectedState
D/WifiStateMachine( 1016): processMsg: L2ConnectedState
D/WifiStateMachine( 1016): handleMessage: X
D/WifiStateMachine( 1016): handleMessage: E msg.what=151572
D/WifiStateMachine( 1016): processMsg: ConnectedState
D/WifiStateMachine( 1016): processMsg: L2ConnectedState
D/WifiStateMachine( 1016): handleMessage: X
D/WifiStateMachine( 1016): handleMessage: E msg.what=151572
D/WifiStateMachine( 1016): processMsg: ConnectedState
D/WifiStateMachine( 1016): processMsg: L2ConnectedState
D/WifiStateMachine( 1016): handleMessage: X
D/WifiStateMachine( 1016): handleMessage: E msg.what=151572
D/WifiStateMachine( 1016): processMsg: ConnectedState
D/WifiStateMachine( 1016): processMsg: L2ConnectedState
D/WifiStateMachine( 1016): handleMessage: X
D/WifiStateMachine( 1016): handleMessage: E msg.what=131155
D/WifiStateMachine( 1016): processMsg: ConnectedState
D/WifiStateMachine( 1016): processMsg: L2ConnectedState
D/WifiStateMachine( 1016): handleMessage: X
D/WifiStateMachine( 1016): handleMessage: E msg.what=151572
D/WifiStateMachine( 1016): processMsg: ConnectedState
D/WifiStateMachine( 1016): processMsg: L2ConnectedState
D/WifiStateMachine( 1016): handleMessage: X
D/WifiStateMachine( 1016): handleMessage: E msg.what=151572
D/WifiStateMachine( 1016): processMsg: ConnectedState
D/WifiStateMachine( 1016): processMsg: L2ConnectedState
D/WifiStateMachine( 1016): handleMessage: X
D/WifiStateMachine( 1016): handleMessage: E msg.what=151572
D/WifiStateMachine( 1016): processMsg: ConnectedState
D/WifiStateMachine( 1016): processMsg: L2ConnectedState
D/WifiStateMachine( 1016): handleMessage: X
D/WifiStateMachine( 1016): handleMessage: E msg.what=131155
D/WifiStateMachine( 1016): processMsg: ConnectedState
D/WifiStateMachine( 1016): processMsg: L2ConnectedState
D/WifiStateMachine( 1016): handleMessage: X
D/WifiStateMachine( 1016): handleMessage: E msg.what=151572
D/WifiStateMachine( 1016): processMsg: ConnectedState
D/WifiStateMachine( 1016): processMsg: L2ConnectedState
D/WifiStateMachine( 1016): handleMessage: X
D/WifiStateMachine( 1016): handleMessage: E msg.what=151572
D/WifiStateMachine( 1016): processMsg: ConnectedState
D/WifiStateMachine( 1016): processMsg: L2ConnectedState
D/WifiStateMachine( 1016): handleMessage: X
D/WifiStateMachine( 1016): handleMessage: E msg.what=151572
D/WifiStateMachine( 1016): processMsg: ConnectedState
