D/MediaPlayerService(  284): sendMsgToAudioEffects, Success! isApply = true, audioSessionId = 268, streamType = 0x2
D/MediaPlayerService(  284): sendMsgToAudioEffects effect ready
D/Ringtone(23360): Successfully created local player
D/AwesomePlayer(  284): Before reset_l
I/AwesomePlayer(  284): setDataSource(FD URL suppressed)
D/QCUtils (  284): extended extractor not needed, return default
D/MediaPlayerService(  284): sendMsgToAudioEffects, Success! isApply = true, audioSessionId = 269, streamType = 0x2
D/MediaPlayerService(  284): sendMsgToAudioEffects effect ready
D/Ringtone(23360): Successfully created local player
D/AwesomePlayer(  284): Before reset_l
I/AwesomePlayer(  284): setDataSource(FD URL suppressed)
D/QCUtils (  284): extended extractor not needed, return default
D/MediaPlayerService(  284): sendMsgToAudioEffects, Success! isApply = true, audioSessionId = 270, streamType = 0x2
D/MediaPlayerService(  284): sendMsgToAudioEffects effect ready
D/Ringtone(23360): Successfully created local player
I/Choreographer(23360): Skipped 46 frames!  The application may be doing too much work on its main thread.
E/MediaPlayer(23360): Should have subtitle controller already set
E/MediaPlayer(23360): Should have subtitle controller already set
E/MediaPlayer(23360): Should have subtitle controller already set
E/MediaPlayer(23360): Should have subtitle controller already set
E/MediaPlayer(23360): Should have subtitle controller already set
E/MediaPlayer(23360): Should have subtitle controller already set
E/MediaPlayer(23360): Should have subtitle controller already set
E/MediaPlayer(23360): Should have subtitle controller already set
E/MediaPlayer(23360): Should have subtitle controller already set
E/MediaPlayer(23360): Should have subtitle controller already set
E/MediaPlayer(23360): Should have subtitle controller already set
E/MediaPlayer(23360): Should have subtitle controller already set
E/MediaPlayer(23360): Should have subtitle controller already set
E/MediaPlayer(23360): Should have subtitle controller already set
E/MediaPlayer(23360): Should have subtitle controller already set
E/MediaPlayer(23360): Should have subtitle controller already set
E/MediaPlayer(23360): Should have subtitle controller already set
D/WifiStateMachine( 1016): handleMessage: E msg.what=151572
D/WifiStateMachine( 1016): processMsg: ConnectedState
D/WifiStateMachine( 1016): processMsg: L2ConnectedState
D/WifiStateMachine( 1016): handleMessage: X
I/LaunchCheckinHandler( 1016): Displayed com.devexpert.weather/.view.AppWidgetPreferences,wp,ca,958
I/ActivityManager( 1016): Displayed com.devexpert.weather/.view.AppWidgetPreferences: +959ms
D/WifiStateMachine( 1016): handleMessage: E msg.what=131155
D/WifiStateMachine( 1016): processMsg: ConnectedState
D/WifiStateMachine( 1016): processMsg: L2ConnectedState
D/WifiStateMachine( 1016): handleMessage: X
D/WifiStateMachine( 1016): handleMessage: E msg.what=151572
D/WifiStateMachine( 1016): processMsg: ConnectedState
D/WifiStateMachine( 1016): processMsg: L2ConnectedState
D/WifiStateMachine( 1016): handleMessage: X
I/SFPerfTracer(  278):      triggers: (rate: 29:26032) (87723 sw vsyncs) (45547 skipped) (78:136062 vsyncs) (80:240611)
D/WifiStateMachine( 1016): handleMessage: E msg.what=151572
D/WifiStateMachine( 1016): processMsg: ConnectedState
D/WifiStateMachine( 1016): processMsg: L2ConnectedState
D/WifiStateMachine( 1016): handleMessage: X
D/WifiStateMachine( 1016): handleMessage: E msg.what=151572
D/WifiStateMachine( 1016): processMsg: ConnectedState
D/WifiStateMachine( 1016): processMsg: L2ConnectedState
D/WifiStateMachine( 1016): handleMessage: X
D/WifiStateMachine( 1016): handleMessage: E msg.what=131155
D/WifiStateMachine( 1016): processMsg: ConnectedState
D/WifiStateMachine( 1016): processMsg: L2ConnectedState
D/WifiStateMachine( 1016): handleMessage: X
D/WifiStateMachine( 1016): handleMessage: E msg.what=151572
D/WifiStateMachine( 1016): processMsg: ConnectedState
D/WifiStateMachine( 1016): processMsg: L2ConnectedState
D/WifiStateMachine( 1016): handleMessage: X
D/WifiStateMachine( 1016): handleMessage: E msg.what=151572
D/WifiStateMachine( 1016): processMsg: ConnectedState
D/WifiStateMachine( 1016): processMsg: L2ConnectedState
D/WifiStateMachine( 1016): handleMessage: X
V/AlarmManager( 1016): sending alarm Alarm{4308aa38 type 3 android}
D/WifiStateMachine( 1016): handleMessage: E msg.what=151572
D/WifiStateMachine( 1016): processMsg: ConnectedState
D/WifiStateMachine( 1016): processMsg: L2ConnectedState
D/WifiStateMachine( 1016): handleMessage: X
D/WifiStateMachine( 1016): handleMessage: E msg.what=131155
D/WifiStateMachine( 1016): processMsg: ConnectedState
D/WifiStateMachine( 1016): processMsg: L2ConnectedState
D/WifiStateMachine( 1016): handleMessage: X
D/WifiStateMachine( 1016): handleMessage: E msg.what=151572
D/WifiStateMachine( 1016): processMsg: ConnectedState
D/WifiStateMachine( 1016): processMsg: L2ConnectedState
D/WifiStateMachine( 1016): handleMessage: X
D/WifiStateMachine( 1016): handleMessage: E msg.what=151572
D/WifiStateMachine( 1016): processMsg: ConnectedState
D/WifiStateMachine( 1016): processMsg: L2ConnectedState
D/WifiStateMachine( 1016): handleMessage: X
I/SFPerfTracer(  278):      triggers: (rate: 34:2674) (compose: 0:12) (post: 0:2) (render: 8:377) (0:51791 frames) (1:137365)
D/SFPerfTracer(  278):        layers: (3:10) (DimLayer: 0:65)* (DimLayer: 0:23)* (FocusedStackFrame: 0:1273)* (StatusBar: 0:7471) (NavigationBar: 0:9251) (DimLayer: 0:1985)* (DimLayer: 0:229)* (com.android.wallpaper.fall.FallWallpaper: 0:14679)* (com.devexpert.weather/com.devexpert.weather.view.AppPreferences: 0:284)* (com.devexpert.weather/com.devexpert.weather.view.AppWidgetPreferences: 1:55) 
D/WifiStateMachine( 1016): handleMessage: E msg.what=151572
D/WifiStateMachine( 1016): processMsg: ConnectedState
D/WifiStateMachine( 1016): processMsg: L2ConnectedState
D/WifiStateMachine( 1016): handleMessage: X
D/WifiStateMachine( 1016): handleMessage: E msg.what=131155
D/WifiStateMachine( 1016): processMsg: ConnectedState
D/WifiStateMachine( 1016): processMsg: L2ConnectedState
D/WifiStateMachine( 1016): handleMessage: X
D/WifiStateMachine( 1016): handleMessage: E msg.what=151572
D/WifiStateMachine( 1016): processMsg: ConnectedState
D/WifiStateMachine( 1016): processMsg: L2ConnectedState
D/WifiStateMachine( 1016): handleMessage: X
I/SFPerfTracer(  278):      triggers: (rate: 34:2674) (compose: 0:12) (post: 0:2) (render: 8:377) (0:51791 frames) (1:137465)
D/SFPerfTracer(  278):        layers: (3:9) (DimLayer: 0:65)* (DimLayer: 0:23)* (FocusedStackFrame: 0:1273)* (StatusBar: 0:7471) (NavigationBar: 0:9251) (DimLayer: 0:1985)* (DimLayer: 0:229)* (com.android.wallpaper.fall.FallWallpaper: 0:14679)* (com.devexpert.weather/com.devexpert.weather.view.AppWidgetPreferences: 1:155) 
D/WifiStateMachine( 1016): handleMessage: E msg.what=151572
D/WifiStateMachine( 1016): processMsg: ConnectedState
D/WifiStateMachine( 1016): processMsg: L2ConnectedState
D/WifiStateMachine( 1016): handleMessage: X
I/SFPerfTracer(  278):      triggers: (rate: 29:26032) (87723 sw vsyncs) (45547 skipped) (50:136199 vsyncs) (52:240759)
D/WifiStateMachine( 1016): handleMessage: E msg.what=151572
D/WifiStateMachine( 1016): processMsg: ConnectedState
D/WifiStateMachine( 1016): processMsg: L2ConnectedState
D/WifiStateMachine( 1016): handleMessage: X
D/WifiStateMachine( 1016): handleMessage: E msg.what=131155
D/WifiStateMachine( 1016): processMsg: ConnectedState
D/WifiStateMachine( 1016): processMsg: L2ConnectedState
D/WifiStateMachine( 1016): handleMessage: X
I/SFPerfTracer(  278):      triggers: (rate: 34:2674) (compose: 0:12) (post: 0:2) (render: 8:377) (0:51791 frames) (1:137565)
D/SFPerfTracer(  278):        layers: (3:9) (DimLayer: 0:65)* (DimLayer: 0:23)* (FocusedStackFrame: 0:1273)* (StatusBar: 0:7471) (NavigationBar: 0:9251) (DimLayer: 0:1985)* (DimLayer: 0:229)* (com.android.wallpaper.fall.FallWallpaper: 0:14679)* (com.devexpert.weather/com.devexpert.weather.view.AppWidgetPreferences: 1:255) 
D/WifiStateMachine( 1016): handleMessage: E msg.what=151572
D/WifiStateMachine( 1016): processMsg: ConnectedState
D/WifiStateMachine( 1016): processMsg: L2ConnectedState
D/WifiStateMachine( 1016): handleMessage: X
I/SFPerfTracer(  278):      triggers: (rate: 29:26032) (87723 sw vsyncs) (45547 skipped) (160:136359 vsyncs) (162:240921)
D/WifiStateMachine( 1016): handleMessage: E msg.what=151572
D/WifiStateMachine( 1016): processMsg: ConnectedState
D/WifiStateMachine( 1016): processMsg: L2ConnectedState
D/WifiStateMachine( 1016): handleMessage: X
W/ContextImpl( 1231): Calling a method in the system process without a qualified user: android.app.ContextImpl.sendBroadcast:1252 android.content.ContextWrapper.sendBroadcast:365 com.motorola.motocare.util.TriggerHelper$TriggerBuilder.send:76 com.motorola.motocare.internal.frameworkevents.PauseResumeTrigger.handleFrameworkEvent:53 com.motorola.motocare.internal.frameworkevents.FwEventMonitor$FrameworkListener.processFrameworkEvent:114 
W/ContextImpl( 1231): Calling a method in the system process without a qualified user: android.app.ContextImpl.sendBroadcast:1252 android.content.ContextWrapper.sendBroadcast:365 com.motorola.motocare.util.TriggerHelper$TriggerBuilder.send:76 com.motorola.motocare.internal.frameworkevents.PauseResumeTrigger.handleFrameworkEvent:53 com.motorola.motocare.internal.frameworkevents.FwEventMonitor$FrameworkListener.processFrameworkEvent:114 
I/SFPerfTracer(  278):      triggers: (rate: 34:2674) (compose: 0:12) (post: 0:2) (render: 8:377) (0:51809 frames) (1:137665)
D/SFPerfTracer(  278):        layers: (3:10) (DimLayer: 0:65)* (DimLayer: 0:23)* (FocusedStackFrame: 0:1275)* (StatusBar: 0:7471) (NavigationBar: 1:9281) (DimLayer: 0:1985)* (DimLayer: 0:229)* (com.android.wallpaper.fall.FallWallpaper: 0:14679)* (com.devexpert.weather/com.devexpert.weather.view.AppWidgetPreferences: 0:344)* (com.devexpert.weather/com.devexpert.weather.view.AppPreferences: 0:4) 
D/WifiStateMachine( 1016): handleMessage: E msg.what=151572
D/WifiStateMachine( 1016): processMsg: ConnectedState
D/WifiStateMachine( 1016): processMsg: L2ConnectedState
D/WifiStateMachine( 1016): handleMessage: X
D/WifiStateMachine( 1016): handleMessage: E msg.what=131155
D/WifiStateMachine( 1016): processMsg: ConnectedState
D/WifiStateMachine( 1016): processMsg: L2ConnectedState
D/WifiStateMachine( 1016): handleMessage: X
D/WifiStateMachine( 1016): handleMessage: E msg.what=151572
D/WifiStateMachine( 1016): processMsg: ConnectedState
D/WifiStateMachine( 1016): processMsg: L2ConnectedState
D/WifiStateMachine( 1016): handleMessage: X
D/WifiStateMachine( 1016): handleMessage: E msg.what=151572
D/WifiStateMachine( 1016): processMsg: ConnectedState
D/WifiStateMachine( 1016): processMsg: L2ConnectedState
D/WifiStateMachine( 1016): handleMessage: X
D/WifiStateMachine( 1016): handleMessage: E msg.what=151572
D/WifiStateMachine( 1016): processMsg: ConnectedState
D/WifiStateMachine( 1016): processMsg: L2ConnectedState
D/WifiStateMachine( 1016): handleMessage: X
I/SFPerfTracer(  278):      triggers: (rate: 29:26032) (87723 sw vsyncs) (45547 skipped) (69:136476 vsyncs) (71:241046)
W/ContextImpl( 1231): Calling a method in the system process without a qualified user: android.app.ContextImpl.sendBroadcast:1252 android.content.ContextWrapper.sendBroadcast:365 com.motorola.motocare.util.TriggerHelper$TriggerBuilder.send:76 com.motorola.motocare.internal.frameworkevents.PauseResumeTrigger.handleFrameworkEvent:53 com.motorola.motocare.internal.frameworkevents.FwEventMonitor$FrameworkListener.processFrameworkEvent:114 
W/ActivityManager( 1016): Duplicate finish request for ActivityRecord{428db7f8 u0 com.devexpert.weather/.view.AppPreferences t87 f}
I/Ads     (23360): Scheduling ad refresh 30000 milliseconds from now.
W/ContextImpl( 1231): Calling a method in the system process without a qualified user: android.app.ContextImpl.sendBroadcast:1252 android.content.ContextWrapper.sendBroadcast:365 com.motorola.motocare.util.TriggerHelper$TriggerBuilder.send:76 com.motorola.motocare.internal.frameworkevents.PauseResumeTrigger.handleFrameworkEvent:53 com.motorola.motocare.internal.frameworkevents.FwEventMonitor$FrameworkListener.processFrameworkEvent:114 
D/WifiStateMachine( 1016): handleMessage: E msg.what=131155
D/WifiStateMachine( 1016): processMsg: ConnectedState
D/WifiStateMachine( 1016): processMsg: L2ConnectedState
D/WifiStateMachine( 1016): handleMessage: X
D/dalvikvm( 1078): GC_CONCURRENT freed 1939K, 34% free 13420K/20252K, paused 5ms+5ms, total 40ms
I/SFPerfTracer(  278):      triggers: (rate: 34:2674) (compose: 0:12) (post: 0:2) (render: 8:377) (15:51825 frames) (16:137779)
D/SFPerfTracer(  278):        layers: (4:10) (DimLayer: 0:65)* (DimLayer: 0:23)* (FocusedStackFrame: 0:1277)* (StatusBar: 0:7471) (NavigationBar: 16:9306) (DimLayer: 0:1985)* (DimLayer: 0:229)* (com.android.wallpaper.fall.FallWallpaper: 0:14679)* (com.devexpert.weather/com.devexpert.weather.view.AppPreferences: 16:107) (com.devexpert.weather/com.devexpert.weather.view.HomeActivity: 0:4) 
D/WifiStateMachine( 1016): handleMessage: E msg.what=151572
D/WifiStateMachine( 1016): processMsg: ConnectedState
D/WifiStateMachine( 1016): processMsg: L2ConnectedState
D/WifiStateMachine( 1016): handleMessage: X
W/ProcessCpuTracker( 1016): Skipping unknown process pid 23710
W/ProcessCpuTracker( 1016): Skipping unknown process pid 23711
W/ProcessCpuTracker( 1016): Skipping unknown process pid 23714
V/AlarmManager( 1016): sending alarm Alarm{4308aaa0 type 3 com.devexpert.weather}
V/AlarmManager( 1016): sending alarm Alarm{430aca00 type 1 com.facebook.katana}
W/UnimplementedWebViewApi(23360): Unimplemented WebView method onKeyDown called from: android.webkit.WebView.onKeyDown(WebView.java:2178)
D/WifiStateMachine( 1016): handleMessage: E msg.what=151572
D/WifiStateMachine( 1016): processMsg: ConnectedState
D/WifiStateMachine( 1016): processMsg: L2ConnectedState
D/WifiStateMachine( 1016): handleMessage: X
W/ContextImpl( 1231): Calling a method in the system process without a qualified user: android.app.ContextImpl.sendBroadcast:1252 android.content.ContextWrapper.sendBroadcast:365 com.motorola.motocare.util.TriggerHelper$TriggerBuilder.send:76 com.motorola.motocare.internal.frameworkevents.PauseResumeTrigger.handleFrameworkEvent:53 com.motorola.motocare.internal.frameworkevents.FwEventMonitor$FrameworkListener.processFrameworkEvent:114 
W/ActivityManager( 1016): Duplicate finish request for ActivityRecord{42905ec0 u0 com.devexpert.weather/.view.HomeActivity t87 f}
W/ContextImpl( 1231): Calling a method in the system process without a qualified user: android.app.ContextImpl.sendBroadcast:1252 android.content.ContextWrapper.sendBroadcast:365 com.motorola.motocare.util.TriggerHelper$TriggerBuilder.send:76 com.motorola.motocare.internal.frameworkevents.PauseResumeTrigger.handleFrameworkEvent:53 com.motorola.motocare.internal.frameworkevents.FwEventMonitor$FrameworkListener.processFrameworkEvent:114 
W/IInputConnectionWrapper(23360): showStatusIcon on inactive InputConnection
D/dalvikvm( 1231): GC_CONCURRENT freed 2192K, 47% free 9276K/17224K, paused 3ms+2ms, total 65ms
E/libEGL  (23360): call to OpenGL ES API with no current context (logged once per thread)
D/dalvikvm(23360): GC_EXPLICIT freed 3281K, 27% free 12649K/17224K, paused 5ms+12ms, total 54ms
W/MediaPlayer-JNI(23360): MediaPlayer finalized without being released
I/OMXNodeInstance(  284): OMX_FreeBuffer for buffer header 0xb7960250 successful
I/OMXNodeInstance(  284): OMX_FreeBuffer for buffer header 0xb7981f50 successful
I/OMXNodeInstance(  284): OMX_FreeBuffer for buffer header 0xb7981e80 successful
I/OMXNodeInstance(  284): OMX_FreeBuffer for buffer header 0xb79f9f80 successful
I/OMXNodeInstance(  284): OMX_FreeBuffer for buffer header 0xb7a28890 successful
I/OMXNodeInstance(  284): OMX_FreeBuffer for buffer header 0xb7967ff8 successful
I/OMXNodeInstance(  284): OMX_FreeBuffer for buffer header 0xb7967eb8 successful
I/OMXNodeInstance(  284): OMX_FreeBuffer for buffer header 0xb7967ca8 successful
W/libutils.threads(  284): Thread (this=0xb79f9810): don't call join() from this Thread object's thread. It's a guaranteed deadlock!
W/MediaPlayer-JNI(23360): MediaPlayer finalized without being released
I/OMXNodeInstance(  284): OMX_FreeBuffer for buffer header 0xb7960ea0 successful
I/OMXNodeInstance(  284): OMX_FreeBuffer for buffer header 0xb7960de8 successful
I/OMXNodeInstance(  284): OMX_FreeBuffer for buffer header 0xb7960d18 successful
I/OMXNodeInstance(  284): OMX_FreeBuffer for buffer header 0xb7960960 successful
I/OMXNodeInstance(  284): OMX_FreeBuffer for buffer header 0xb79705f0 successful
I/OMXNodeInstance(  284): OMX_FreeBuffer for buffer header 0xb79704c8 successful
I/OMXNodeInstance(  284): OMX_FreeBuffer for buffer header 0xb7970388 successful
I/OMXNodeInstance(  284): OMX_FreeBuffer for buffer header 0xb7970198 successful
W/libutils.threads(  284): Thread (this=0xb79881e0): don't call join() from this Thread object's thread. It's a guaranteed deadlock!
W/MediaPlayer-JNI(23360): MediaPlayer finalized without being released
I/OMXNodeInstance(  284): OMX_FreeBuffer for buffer header 0xb797d5f8 successful
I/OMXNodeInstance(  284): OMX_FreeBuffer for buffer header 0xb79f8038 successful
I/OMXNodeInstance(  284): OMX_FreeBuffer for buffer header 0xb79f7d30 successful
I/OMXNodeInstance(  284): OMX_FreeBuffer for buffer header 0xb79f71d8 successful
I/OMXNodeInstance(  284): OMX_FreeBuffer for buffer header 0xb79f5718 successful
I/OMXNodeInstance(  284): OMX_FreeBuffer for buffer header 0xb79f55f0 successful
I/OMXNodeInstance(  284): OMX_FreeBuffer for buffer header 0xb79f54b0 successful
I/OMXNodeInstance(  284): OMX_FreeBuffer for buffer header 0xb79f3ad0 successful
I/SFPerfTracer(  278):      triggers: (rate: 34:2674) (compose: 0:12) (post: 0:2) (render: 8:377) (0:51852 frames) (1:137879)
D/SFPerfTracer(  278):        layers: (4:11) (DimLayer: 0:65)* (DimLayer: 0:23)* (FocusedStackFrame: 0:1280)* (StatusBar: 0:7490) (NavigationBar: 0:9349) (DimLayer: 0:1985)* (DimLayer: 0:229)* (com.android.wallpaper.fall.FallWallpaper: 1:14689) (com.devexpert.weather/com.devexpert.weather.view.AppPreferences: 0:110)* (com.devexpert.weather/com.devexpert.weather.view.HomeActivity: 0:95)* (com.android.launcher/com.android.launcher2.Launcher: 0:7) 
W/libutils.threads(  284): Thread (this=0xb79f7998): don't call join() from this Thread object's thread. It's a guaranteed deadlock!
W/MediaPlayer-JNI(23360): MediaPlayer finalized without being released
I/OMXNodeInstance(  284): OMX_FreeBuffer for buffer header 0xb7994640 successful
I/OMXNodeInstance(  284): OMX_FreeBuffer for buffer header 0xb7994588 successful
I/OMXNodeInstance(  284): OMX_FreeBuffer for buffer header 0xb7994128 successful
I/OMXNodeInstance(  284): OMX_FreeBuffer for buffer header 0xb7972730 successful
I/OMXNodeInstance(  284): OMX_FreeBuffer for buffer header 0xb7994c40 successful
I/OMXNodeInstance(  284): OMX_FreeBuffer for buffer header 0xb7994b18 successful
I/OMXNodeInstance(  284): OMX_FreeBuffer for buffer header 0xb79949d8 successful
I/OMXNodeInstance(  284): OMX_FreeBuffer for buffer header 0xb79947c8 successful
W/libutils.threads(  284): Thread (this=0xb7993068): don't call join() from this Thread object's thread. It's a guaranteed deadlock!
W/MediaPlayer-JNI(23360): MediaPlayer finalized without being released
I/OMXNodeInstance(  284): OMX_FreeBuffer for buffer header 0xb7a087c0 successful
I/OMXNodeInstance(  284): OMX_FreeBuffer for buffer header 0xb7a08708 successful
I/OMXNodeInstance(  284): OMX_FreeBuffer for buffer header 0xb7a08638 successful
I/OMXNodeInstance(  284): OMX_FreeBuffer for buffer header 0xb7a08270 successful
I/OMXNodeInstance(  284): OMX_FreeBuffer for buffer header 0xb7a08d80 successful
I/OMXNodeInstance(  284): OMX_FreeBuffer for buffer header 0xb7a08c58 successful
I/OMXNodeInstance(  284): OMX_FreeBuffer for buffer header 0xb7a08b18 successful
I/OMXNodeInstance(  284): OMX_FreeBuffer for buffer header 0xb7a08908 successful
W/libutils.threads(  284): Thread (this=0xb79678c8): don't call join() from this Thread object's thread. It's a guaranteed deadlock!
W/MediaPlayer-JNI(23360): MediaPlayer finalized without being released
I/OMXNodeInstance(  284): OMX_FreeBuffer for buffer header 0xb798b378 successful
I/OMXNodeInstance(  284): OMX_FreeBuffer for buffer header 0xb798b2c0 successful
I/OMXNodeInstance(  284): OMX_FreeBuffer for buffer header 0xb799f748 successful
I/OMXNodeInstance(  284): OMX_FreeBuffer for buffer header 0xb799f590 successful
I/OMXNodeInstance(  284): OMX_FreeBuffer for buffer header 0xb798b978 successful
I/OMXNodeInstance(  284): OMX_FreeBuffer for buffer header 0xb798b850 successful
I/OMXNodeInstance(  284): OMX_FreeBuffer for buffer header 0xb798b710 successful
I/OMXNodeInstance(  284): OMX_FreeBuffer for buffer header 0xb798b500 successful
W/libutils.threads(  284): Thread (this=0xb7a094b8): don't call join() from this Thread object's thread. It's a guaranteed deadlock!
W/MediaPlayer-JNI(23360): MediaPlayer finalized without being released
I/OMXNodeInstance(  284): OMX_FreeBuffer for buffer header 0xb79abc68 successful
I/OMXNodeInstance(  284): OMX_FreeBuffer for buffer header 0xb79abbb0 successful
I/OMXNodeInstance(  284): OMX_FreeBuffer for buffer header 0xb79abae0 successful
I/OMXNodeInstance(  284): OMX_FreeBuffer for buffer header 0xb79a2098 successful
I/OMXNodeInstance(  284): OMX_FreeBuffer for buffer header 0xb79ac268 successful
I/OMXNodeInstance(  284): OMX_FreeBuffer for buffer header 0xb79ac140 successful
I/OMXNodeInstance(  284): OMX_FreeBuffer for buffer header 0xb79ac000 successful
I/OMXNodeInstance(  284): OMX_FreeBuffer for buffer header 0xb79abdf0 successful
W/libutils.threads(  284): Thread (this=0xb79ab098): don't call join() from this Thread object's thread. It's a guaranteed deadlock!
W/MediaPlayer-JNI(23360): MediaPlayer finalized without being released
I/OMXNodeInstance(  284): OMX_FreeBuffer for buffer header 0xb7a15eb0 successful
I/OMXNodeInstance(  284): OMX_FreeBuffer for buffer header 0xb7a15df8 successful
I/OMXNodeInstance(  284): OMX_FreeBuffer for buffer header 0xb7a15d28 successful
I/OMXNodeInstance(  284): OMX_FreeBuffer for buffer header 0xb7a15be8 successful
I/OMXNodeInstance(  284): OMX_FreeBuffer for buffer header 0xb7a164b0 successful
I/OMXNodeInstance(  284): OMX_FreeBuffer for buffer header 0xb7a16388 successful
I/OMXNodeInstance(  284): OMX_FreeBuffer for buffer header 0xb7a16248 successful
I/OMXNodeInstance(  284): OMX_FreeBuffer for buffer header 0xb7a16038 successful
W/libutils.threads(  284): Thread (this=0xb7a12c20): don't call join() from this Thread object's thread. It's a guaranteed deadlock!
W/MediaPlayer-JNI(23360): MediaPlayer finalized without being released
I/OMXNodeInstance(  284): OMX_FreeBuffer for buffer header 0xb7a16b68 successful
I/OMXNodeInstance(  284): OMX_FreeBuffer for buffer header 0xb79951e8 successful
I/OMXNodeInstance(  284): OMX_FreeBuffer for buffer header 0xb7a07110 successful
I/OMXNodeInstance(  284): OMX_FreeBuffer for buffer header 0xb7a071f0 successful
I/OMXNodeInstance(  284): OMX_FreeBuffer for buffer header 0xb7a20ac0 successful
I/OMXNodeInstance(  284): OMX_FreeBuffer for buffer header 0xb7a20998 successful
I/OMXNodeInstance(  284): OMX_FreeBuffer for buffer header 0xb7a20858 successful
I/OMXNodeInstance(  284): OMX_FreeBuffer for buffer header 0xb7a206c0 successful
W/libutils.threads(  284): Thread (this=0xb7a1f8e0): don't call join() from this Thread object's thread. It's a guaranteed deadlock!
W/MediaPlayer-JNI(23360): MediaPlayer finalized without being released
I/OMXNodeInstance(  284): OMX_FreeBuffer for buffer header 0xb79b54e0 successful
I/OMXNodeInstance(  284): OMX_FreeBuffer for buffer header 0xb79b5428 successful
I/OMXNodeInstance(  284): OMX_FreeBuffer for buffer header 0xb79b2f28 successful
I/OMXNodeInstance(  284): OMX_FreeBuffer for buffer header 0xb79b31d0 successful
I/OMXNodeInstance(  284): OMX_FreeBuffer for buffer header 0xb79b5ae0 successful
I/OMXNodeInstance(  284): OMX_FreeBuffer for buffer header 0xb79b59b8 successful
I/OMXNodeInstance(  284): OMX_FreeBuffer for buffer header 0xb79b5878 successful
I/OMXNodeInstance(  284): OMX_FreeBuffer for buffer header 0xb79b5668 successful
W/libutils.threads(  284): Thread (this=0xb79b2a58): don't call join() from this Thread object's thread. It's a guaranteed deadlock!
W/MediaPlayer-JNI(23360): MediaPlayer finalized without being released
I/OMXNodeInstance(  284): OMX_FreeBuffer for buffer header 0xb79c0370 successful
I/OMXNodeInstance(  284): OMX_FreeBuffer for buffer header 0xb79c02b8 successful
I/OMXNodeInstance(  284): OMX_FreeBuffer for buffer header 0xb79bf828 successful
I/OMXNodeInstance(  284): OMX_FreeBuffer for buffer header 0xb79b67a8 successful
I/OMXNodeInstance(  284): OMX_FreeBuffer for buffer header 0xb79c0930 successful
I/OMXNodeInstance(  284): OMX_FreeBuffer for buffer header 0xb79c0808 successful
I/OMXNodeInstance(  284): OMX_FreeBuffer for buffer header 0xb79c06c8 successful
I/OMXNodeInstance(  284): OMX_FreeBuffer for buffer header 0xb79c04b8 successful
W/libutils.threads(  284): Thread (this=0xb79bf6c0): don't call join() from this Thread object's thread. It's a guaranteed deadlock!
W/MediaPlayer-JNI(23360): MediaPlayer finalized without being released
I/OMXNodeInstance(  284): OMX_FreeBuffer for buffer header 0xb79ca4c8 successful
I/OMXNodeInstance(  284): OMX_FreeBuffer for buffer header 0xb79ca410 successful
I/OMXNodeInstance(  284): OMX_FreeBuffer for buffer header 0xb79c99f8 successful
I/OMXNodeInstance(  284): OMX_FreeBuffer for buffer header 0xb79c0e88 successful
I/OMXNodeInstance(  284): OMX_FreeBuffer for buffer header 0xb79caac8 successful
I/OMXNodeInstance(  284): OMX_FreeBuffer for buffer header 0xb79ca9a0 successful
I/OMXNodeInstance(  284): OMX_FreeBuffer for buffer header 0xb79ca860 successful
I/OMXNodeInstance(  284): OMX_FreeBuffer for buffer header 0xb79ca650 successful
W/libutils.threads(  284): Thread (this=0xb79c9888): don't call join() from this Thread object's thread. It's a guaranteed deadlock!
W/MediaPlayer-JNI(23360): MediaPlayer finalized without being released
I/OMXNodeInstance(  284): OMX_FreeBuffer for buffer header 0xb79d4268 successful
I/OMXNodeInstance(  284): OMX_FreeBuffer for buffer header 0xb79d41b0 successful
I/OMXNodeInstance(  284): OMX_FreeBuffer for buffer header 0xb79d40e0 successful
I/OMXNodeInstance(  284): OMX_FreeBuffer for buffer header 0xb79cafb8 successful
I/OMXNodeInstance(  284): OMX_FreeBuffer for buffer header 0xb79d47f0 successful
I/OMXNodeInstance(  284): OMX_FreeBuffer for buffer header 0xb79d46c8 successful
I/OMXNodeInstance(  284): OMX_FreeBuffer for buffer header 0xb79d4588 successful
I/OMXNodeInstance(  284): OMX_FreeBuffer for buffer header 0xb79d43f0 successful
W/libutils.threads(  284): Thread (this=0xb79d3678): don't call join() from this Thread object's thread. It's a guaranteed deadlock!
W/MediaPlayer-JNI(23360): MediaPlayer finalized without being released
I/OMXNodeInstance(  284): OMX_FreeBuffer for buffer header 0xb79ddf98 successful
I/OMXNodeInstance(  284): OMX_FreeBuffer for buffer header 0xb79ddee0 successful
I/OMXNodeInstance(  284): OMX_FreeBuffer for buffer header 0xb79dd4f0 successful
I/OMXNodeInstance(  284): OMX_FreeBuffer for buffer header 0xb79d4d48 successful
I/OMXNodeInstance(  284): OMX_FreeBuffer for buffer header 0xb79de598 successful
I/OMXNodeInstance(  284): OMX_FreeBuffer for buffer header 0xb79de470 successful
I/OMXNodeInstance(  284): OMX_FreeBuffer for buffer header 0xb79de330 successful
I/OMXNodeInstance(  284): OMX_FreeBuffer for buffer header 0xb79de120 successful
W/libutils.threads(  284): Thread (this=0xb79dd3a0): don't call join() from this Thread object's thread. It's a guaranteed deadlock!
W/MediaPlayer-JNI(23360): MediaPlayer finalized without being released
I/OMXNodeInstance(  284): OMX_FreeBuffer for buffer header 0xb79dedf8 successful
I/OMXNodeInstance(  284): OMX_FreeBuffer for buffer header 0xb79bb3f8 successful
I/OMXNodeInstance(  284): OMX_FreeBuffer for buffer header 0xb79b9240 successful
I/OMXNodeInstance(  284): OMX_FreeBuffer for buffer header 0xb7a19488 successful
I/OMXNodeInstance(  284): OMX_FreeBuffer for buffer header 0xb7a1f9a8 successful
I/OMXNodeInstance(  284): OMX_FreeBuffer for buffer header 0xb7a16c20 successful
I/OMXNodeInstance(  284): OMX_FreeBuffer for buffer header 0xb79e1698 successful
I/OMXNodeInstance(  284): OMX_FreeBuffer for buffer header 0xb79cdb48 successful
W/MediaPlayer-JNI(23360): MediaPlayer finalized without being released
I/OMXNodeInstance(  284): OMX_FreeBuffer for buffer header 0xb7a370c8 successful
I/OMXNodeInstance(  284): OMX_FreeBuffer for buffer header 0xb7a37010 successful
I/OMXNodeInstance(  284): OMX_FreeBuffer for buffer header 0xb7a36f40 successful
I/OMXNodeInstance(  284): OMX_FreeBuffer for buffer header 0xb7a36dc0 successful
I/OMXNodeInstance(  284): OMX_FreeBuffer for buffer header 0xb7a3f890 successful
I/OMXNodeInstance(  284): OMX_FreeBuffer for buffer header 0xb7a3f768 successful
I/OMXNodeInstance(  284): OMX_FreeBuffer for buffer header 0xb7a37460 successful
I/OMXNodeInstance(  284): OMX_FreeBuffer for buffer header 0xb7a37250 successful
W/libutils.threads(  284): Thread (this=0xb7a3c1c8): don't call join() from this Thread object's thread. It's a guaranteed deadlock!
W/MediaPlayer-JNI(23360): MediaPlayer finalized without being released
I/OMXNodeInstance(  284): OMX_FreeBuffer for buffer header 0xb7a40da0 successful
I/OMXNodeInstance(  284): OMX_FreeBuffer for buffer header 0xb7a40ce8 successful
I/OMXNodeInstance(  284): OMX_FreeBuffer for buffer header 0xb7a40c18 successful
I/OMXNodeInstance(  284): OMX_FreeBuffer for buffer header 0xb7a40a98 successful
I/OMXNodeInstance(  284): OMX_FreeBuffer for buffer header 0xb7a40508 successful
I/OMXNodeInstance(  284): OMX_FreeBuffer for buffer header 0xb7a403e0 successful
I/OMXNodeInstance(  284): OMX_FreeBuffer for buffer header 0xb7a401e8 successful
I/OMXNodeInstance(  284): OMX_FreeBuffer for buffer header 0xb7a40f28 successful
W/MediaPlayer-JNI(23360): MediaPlayer finalized without being released
I/OMXNodeInstance(  284): OMX_FreeBuffer for buffer header 0xb7a4aa58 successful
I/OMXNodeInstance(  284): OMX_FreeBuffer for buffer header 0xb7a4a9a0 successful
I/OMXNodeInstance(  284): OMX_FreeBuffer for buffer header 0xb7a4a8d0 successful
I/OMXNodeInstance(  284): OMX_FreeBuffer for buffer header 0xb7a4a750 successful
I/OMXNodeInstance(  284): OMX_FreeBuffer for buffer header 0xb7a53198 successful
I/OMXNodeInstance(  284): OMX_FreeBuffer for buffer header 0xb7a53070 successful
I/OMXNodeInstance(  284): OMX_FreeBuffer for buffer header 0xb7a49e70 successful
I/OMXNodeInstance(  284): OMX_FreeBuffer for buffer header 0xb7a4abe0 successful
W/libutils.threads(  284): Thread (this=0xb7a4f9f0): don't call join() from this Thread object's thread. It's a guaranteed deadlock!
D/WifiStateMachine( 1016): handleMessage: E msg.what=151572
D/WifiStateMachine( 1016): processMsg: ConnectedState
D/WifiStateMachine( 1016): processMsg: L2ConnectedState
D/WifiStateMachine( 1016): handleMessage: X
D/MDMCTBK (  276): reply_len: 40 reply is = IFNAME=wlan0 <3>CTRL-EVENT-BSS-REMOVED 1
D/MDMCTBK (  276): Event received = CTRL-EVENT-BSS-REMOVED 1
D/MDMCTBK (  276): reply_len: 40 reply is = IFNAME=wlan0 <3>CTRL-EVENT-BSS-REMOVED 1
D/MDMCTBK (  276): Event received = CTRL-EVENT-BSS-REMOVED 1
D/MDMCTBK (  276): reply_len: 40 reply is = IFNAME=wlan0 <3>CTRL-EVENT-BSS-REMOVED 1
D/MDMCTBK (  276): Event received = CTRL-EVENT-BSS-REMOVED 1
D/MDMCTBK (  276): reply_len: 40 reply is = IFNAME=wlan0 <3>CTRL-EVENT-BSS-REMOVED 1
D/MDMCTBK (  276): Event received = CTRL-EVENT-BSS-REMOVED 1
D/WifiStateMachine( 1016): handleMessage: E msg.what=131155
D/WifiStateMachine( 1016): processMsg: ConnectedState
D/WifiStateMachine( 1016): processMsg: L2ConnectedState
D/WifiStateMachine( 1016): handleMessage: X
D/WifiStateMachine( 1016): handleMessage: E msg.what=151572
D/WifiStateMachine( 1016): processMsg: ConnectedState
D/WifiStateMachine( 1016): processMsg: L2ConnectedState
D/WifiStateMachine( 1016): handleMessage: X
I/SFPerfTracer(  278):      triggers: (rate: 34:2674) (compose: 0:12) (post: 0:2) (render: 8:377) (0:51852 frames) (1:137979)
D/SFPerfTracer(  278):        layers: (4:9) (DimLayer: 0:65)* (DimLayer: 0:23)* (FocusedStackFrame: 0:1281)* (StatusBar: 0:7490) (NavigationBar: 0:9349) (DimLayer: 0:1985)* (DimLayer: 0:229)* (com.android.wallpaper.fall.FallWallpaper: 0:14718) (com.android.launcher/com.android.launcher2.Launcher: 1:101) 
D/WifiStateMachine( 1016): handleMessage: E msg.what=151572
D/WifiStateMachine( 1016): processMsg: ConnectedState
D/WifiStateMachine( 1016): processMsg: L2ConnectedState
D/WifiStateMachine( 1016): handleMessage: X
D/WifiStateMachine( 1016): handleMessage: E msg.what=151572
D/WifiStateMachine( 1016): processMsg: ConnectedState
D/WifiStateMachine( 1016): processMsg: L2ConnectedState
D/WifiStateMachine( 1016): handleMessage: X
I/SFPerfTracer(  278):      triggers: (rate: 34:2674) (compose: 0:12) (post: 0:2) (render: 8:377) (0:51852 frames) (1:138079)
D/SFPerfTracer(  278):        layers: (4:9) (DimLayer: 0:65)* (DimLayer: 0:23)* (FocusedStackFrame: 0:1281)* (StatusBar: 0:7490) (NavigationBar: 0:9349) (DimLayer: 0:1985)* (DimLayer: 0:229)* (com.android.wallpaper.fall.FallWallpaper: 0:14743) (com.android.launcher/com.android.launcher2.Launcher: 1:201) 
D/WifiStateMachine( 1016): handleMessage: E msg.what=131155
D/WifiStateMachine( 1016): processMsg: ConnectedState
D/WifiStateMachine( 1016): processMsg: L2ConnectedState
D/WifiStateMachine( 1016): handleMessage: X
D/dalvikvm(30757): GC_CONCURRENT freed 1684K, 19% free 13957K/17228K, paused 1ms+3ms, total 27ms
D/WifiStateMachine( 1016): handleMessage: E msg.what=151572
D/WifiStateMachine( 1016): processMsg: ConnectedState
D/WifiStateMachine( 1016): processMsg: L2ConnectedState
D/WifiStateMachine( 1016): handleMessage: X
I/SFPerfTracer(  278):      triggers: (rate: 34:2674) (compose: 0:12) (post: 0:2) (render: 8:377) (0:51852 frames) (1:138179)
D/SFPerfTracer(  278):        layers: (4:9) (DimLayer: 0:65)* (DimLayer: 0:23)* (FocusedStackFrame: 0:1281)* (StatusBar: 0:7490) (NavigationBar: 0:9349) (DimLayer: 0:1985)* (DimLayer: 0:229)* (com.android.wallpaper.fall.FallWallpaper: 0:14768) (com.android.launcher/com.android.launcher2.Launcher: 1:301) 
D/WifiStateMachine( 1016): handleMessage: E msg.what=151572
D/WifiStateMachine( 1016): processMsg: ConnectedState
D/WifiStateMachine( 1016): processMsg: L2ConnectedState
D/WifiStateMachine( 1016): handleMessage: X
D/WifiStateMachine( 1016): handleMessage: E msg.what=151572
D/WifiStateMachine( 1016): processMsg: ConnectedState
D/WifiStateMachine( 1016): processMsg: L2ConnectedState
D/WifiStateMachine( 1016): handleMessage: X
I/SFPerfTracer(  278):      triggers: (rate: 34:2674) (compose: 0:12) (post: 0:2) (render: 8:377) (0:51852 frames) (1:138279)
D/SFPerfTracer(  278):        layers: (4:9) (DimLayer: 0:65)* (DimLayer: 0:23)* (FocusedStackFrame: 0:1281)* (StatusBar: 0:7490) (NavigationBar: 0:9349) (DimLayer: 0:1985)* (DimLayer: 0:229)* (com.android.wallpaper.fall.FallWallpaper: 0:14793) (com.android.launcher/com.android.launcher2.Launcher: 1:401) 
D/WifiStateMachine( 1016): handleMessage: E msg.what=131155
D/WifiStateMachine( 1016): processMsg: ConnectedState
D/WifiStateMachine( 1016): processMsg: L2ConnectedState
D/WifiStateMachine( 1016): handleMessage: X
D/WifiStateMachine( 1016): handleMessage: E msg.what=151572
D/WifiStateMachine( 1016): processMsg: ConnectedState
D/WifiStateMachine( 1016): processMsg: L2ConnectedState
D/WifiStateMachine( 1016): handleMessage: X
D/WifiStateMachine( 1016): handleMessage: E msg.what=151572
D/WifiStateMachine( 1016): processMsg: ConnectedState
D/WifiStateMachine( 1016): processMsg: L2ConnectedState
D/WifiStateMachine( 1016): handleMessage: X
I/SFPerfTracer(  278):      triggers: (rate: 34:2674) (compose: 0:12) (post: 0:2) (render: 8:377) (0:51852 frames) (1:138379)
D/SFPerfTracer(  278):        layers: (4:9) (DimLayer: 0:65)* (DimLayer: 0:23)* (FocusedStackFrame: 0:1281)* (StatusBar: 0:7490) (NavigationBar: 0:9349) (DimLayer: 0:1985)* (DimLayer: 0:229)* (com.android.wallpaper.fall.FallWallpaper: 0:14818) (com.android.launcher/com.android.launcher2.Launcher: 1:501) 
D/WifiStateMachine( 1016): handleMessage: E msg.what=151572
D/WifiStateMachine( 1016): processMsg: ConnectedState
D/WifiStateMachine( 1016): processMsg: L2ConnectedState
D/WifiStateMachine( 1016): handleMessage: X
D/WifiStateMachine( 1016): handleMessage: E msg.what=131155
D/WifiStateMachine( 1016): processMsg: ConnectedState
D/WifiStateMachine( 1016): processMsg: L2ConnectedState
D/WifiStateMachine( 1016): handleMessage: X
D/WifiStateMachine( 1016): handleMessage: E msg.what=151572
D/WifiStateMachine( 1016): processMsg: ConnectedState
D/WifiStateMachine( 1016): processMsg: L2ConnectedState
D/WifiStateMachine( 1016): handleMessage: X
D/WifiStateMachine( 1016): handleMessage: E msg.what=151572
D/WifiStateMachine( 1016): processMsg: ConnectedState
D/WifiStateMachine( 1016): processMsg: L2ConnectedState
D/WifiStateMachine( 1016): handleMessage: X
V/PanelView( 1078): animationTick called with dtms=0; nothing to do (h=596.534 v=1926.0464)
V/PanelView( 1078): animationTick called with dtms=-7; nothing to do (h=596.534 v=1926.0464)
D/WifiStateMachine( 1016): handleMessage: E msg.what=151572
D/WifiStateMachine( 1016): processMsg: ConnectedState
D/WifiStateMachine( 1016): processMsg: L2ConnectedState
D/WifiStateMachine( 1016): handleMessage: X
I/SFPerfTracer(  278):       trigger: frame rate (-33.321%)	(40.007 fps)	(24.995 ms) 	(1 drops)	(16 frames)
I/SFPerfTracer(  278):      triggers: (rate: 35:2675) (compose: 0:12) (post: 0:2) (render: 8:381) (16:51868 frames) (17:138454)
D/SFPerfTracer(  278):        layers: (4:9) (DimLayer: 0:65)* (DimLayer: 0:23)* (FocusedStackFrame: 0:1281)* (StatusBar: 15:7507) (NavigationBar: 0:9349) (DimLayer: 0:1985)* (DimLayer: 0:229)* (com.android.wallpaper.fall.FallWallpaper: 7:14877) (com.android.launcher/com.android.launcher2.Launcher: 0:507) 
D/WifiStateMachine( 1016): handleMessage: E msg.what=131155
D/WifiStateMachine( 1016): processMsg: ConnectedState
D/WifiStateMachine( 1016): processMsg: L2ConnectedState
D/WifiStateMachine( 1016): handleMessage: X
D/WifiStateMachine( 1016): handleMessage: E msg.what=151572
D/WifiStateMachine( 1016): processMsg: ConnectedState
D/WifiStateMachine( 1016): processMsg: L2ConnectedState
D/WifiStateMachine( 1016): handleMessage: X
D/WifiStateMachine( 1016): handleMessage: E msg.what=151572
D/WifiStateMachine( 1016): processMsg: ConnectedState
D/WifiStateMachine( 1016): processMsg: L2ConnectedState
D/WifiStateMachine( 1016): handleMessage: X
D/WifiStateMachine( 1016): handleMessage: E msg.what=151572
D/WifiStateMachine( 1016): processMsg: ConnectedState
D/WifiStateMachine( 1016): processMsg: L2ConnectedState
D/WifiStateMachine( 1016): handleMessage: X
D/WifiStateMachine( 1016): handleMessage: E msg.what=131155
D/WifiStateMachine( 1016): processMsg: ConnectedState
D/WifiStateMachine( 1016): processMsg: L2ConnectedState
D/WifiStateMachine( 1016): handleMessage: X
D/WifiStateMachine( 1016): handleMessage: E msg.what=151572
D/WifiStateMachine( 1016): processMsg: ConnectedState
D/WifiStateMachine( 1016): processMsg: L2ConnectedState
D/WifiStateMachine( 1016): handleMessage: X
D/WifiStateMachine( 1016): handleMessage: E msg.what=151572
D/WifiStateMachine( 1016): processMsg: ConnectedState
D/WifiStateMachine( 1016): processMsg: L2ConnectedState
D/WifiStateMachine( 1016): handleMessage: X
D/WifiStateMachine( 1016): handleMessage: E msg.what=151572
D/WifiStateMachine( 1016): processMsg: ConnectedState
D/WifiStateMachine( 1016): processMsg: L2ConnectedState
D/WifiStateMachine( 1016): handleMessage: X
W/ContextImpl( 1231): Calling a method in the system process without a qualified user: android.app.ContextImpl.sendBroadcast:1252 android.content.ContextWrapper.sendBroadcast:365 com.motorola.motocare.util.TriggerHelper$TriggerBuilder.send:76 com.motorola.motocare.internal.frameworkevents.ProcessKillTrigger.sendTrigger:147 com.motorola.motocare.internal.frameworkevents.ProcessKillTrigger.handleLmkKill:337 
W/ContextImpl( 1231): Calling a method in the system process without a qualified user: android.app.ContextImpl.sendBroadcast:1252 android.content.ContextWrapper.sendBroadcast:365 com.motorola.motocare.util.TriggerHelper$TriggerBuilder.send:76 com.motorola.motocare.internal.frameworkevents.ProcessKillTrigger.sendTrigger:147 com.motorola.motocare.internal.frameworkevents.ProcessKillTrigger.handleLmkKill:337 
D/WifiStateMachine( 1016): handleMessage: E msg.what=131155
D/WifiStateMachine( 1016): processMsg: ConnectedState
D/WifiStateMachine( 1016): processMsg: L2ConnectedState
D/WifiStateMachine( 1016): handleMessage: X
I/SFPerfTracer(  278):      triggers: (rate: 35:2675) (compose: 0:12) (post: 0:2) (render: 8:381) (0:51868 frames) (1:138554)
D/SFPerfTracer(  278):        layers: (4:9) (DimLayer: 0:65)* (DimLayer: 0:23)* (FocusedStackFrame: 0:1281)* (StatusBar: 0:7507) (NavigationBar: 0:9349) (DimLayer: 0:1985)* (DimLayer: 0:229)* (com.android.wallpaper.fall.FallWallpaper: 1:14977) (com.android.launcher/com.android.launcher2.Launcher: 0:507) 
D/WifiStateMachine( 1016): handleMessage: E msg.what=151572
D/WifiStateMachine( 1016): processMsg: ConnectedState
D/WifiStateMachine( 1016): processMsg: L2ConnectedState
D/WifiStateMachine( 1016): handleMessage: X
D/WifiStateMachine( 1016): handleMessage: E msg.what=151572
D/WifiStateMachine( 1016): processMsg: ConnectedState
D/WifiStateMachine( 1016): processMsg: L2ConnectedState
D/WifiStateMachine( 1016): handleMessage: X
D/WifiStateMachine( 1016): handleMessage: E msg.what=151572
D/WifiStateMachine( 1016): processMsg: ConnectedState
D/WifiStateMachine( 1016): processMsg: L2ConnectedState
D/WifiStateMachine( 1016): handleMessage: X
D/WifiStateMachine( 1016): handleMessage: E msg.what=131155
D/WifiStateMachine( 1016): processMsg: ConnectedState
D/WifiStateMachine( 1016): processMsg: L2ConnectedState
D/WifiStateMachine( 1016): handleMessage: X
D/WifiStateMachine( 1016): handleMessage: E msg.what=151572
D/WifiStateMachine( 1016): processMsg: ConnectedState
D/WifiStateMachine( 1016): processMsg: L2ConnectedState
D/WifiStateMachine( 1016): handleMessage: X
D/WifiStateMachine( 1016): handleMessage: E msg.what=151572
D/WifiStateMachine( 1016): processMsg: ConnectedState
D/WifiStateMachine( 1016): processMsg: L2ConnectedState
D/WifiStateMachine( 1016): handleMessage: X
D/WifiStateMachine( 1016): handleMessage: E msg.what=151572
D/WifiStateMachine( 1016): processMsg: ConnectedState
D/WifiStateMachine( 1016): processMsg: L2ConnectedState
D/WifiStateMachine( 1016): handleMessage: X
D/WifiStateMachine( 1016): handleMessage: E msg.what=131155
D/WifiStateMachine( 1016): processMsg: ConnectedState
D/WifiStateMachine( 1016): processMsg: L2ConnectedState
D/WifiStateMachine( 1016): handleMessage: X
D/WifiStateMachine( 1016): handleMessage: E msg.what=151572
D/WifiStateMachine( 1016): processMsg: ConnectedState
D/WifiStateMachine( 1016): processMsg: L2ConnectedState
D/WifiStateMachine( 1016): handleMessage: X
I/SFPerfTracer(  278):      triggers: (rate: 35:2675) (compose: 0:12) (post: 0:2) (render: 8:381) (0:51868 frames) (1:138654)
D/SFPerfTracer(  278):        layers: (4:9) (DimLayer: 0:65)* (DimLayer: 0:23)* (FocusedStackFrame: 0:1281)* (StatusBar: 0:7507) (NavigationBar: 0:9349) (DimLayer: 0:1985)* (DimLayer: 0:229)* (com.android.wallpaper.fall.FallWallpaper: 1:15077) (com.android.launcher/com.android.launcher2.Launcher: 0:507) 
D/WifiStateMachine( 1016): handleMessage: E msg.what=151572
D/WifiStateMachine( 1016): processMsg: ConnectedState
D/WifiStateMachine( 1016): processMsg: L2ConnectedState
D/WifiStateMachine( 1016): handleMessage: X
D/WifiStateMachine( 1016): handleMessage: E msg.what=151572
D/WifiStateMachine( 1016): processMsg: ConnectedState
D/WifiStateMachine( 1016): processMsg: L2ConnectedState
D/WifiStateMachine( 1016): handleMessage: X
D/WifiStateMachine( 1016): handleMessage: E msg.what=131155
D/WifiStateMachine( 1016): processMsg: ConnectedState
D/WifiStateMachine( 1016): processMsg: L2ConnectedState
D/WifiStateMachine( 1016): handleMessage: X
D/WifiStateMachine( 1016): handleMessage: E msg.what=151572
D/WifiStateMachine( 1016): processMsg: ConnectedState
D/WifiStateMachine( 1016): processMsg: L2ConnectedState
D/WifiStateMachine( 1016): handleMessage: X
D/WifiStateMachine( 1016): handleMessage: E msg.what=151572
D/WifiStateMachine( 1016): processMsg: ConnectedState
D/WifiStateMachine( 1016): processMsg: L2ConnectedState
D/WifiStateMachine( 1016): handleMessage: X
D/WifiStateMachine( 1016): handleMessage: E msg.what=151572
D/WifiStateMachine( 1016): processMsg: ConnectedState
D/WifiStateMachine( 1016): processMsg: L2ConnectedState
D/WifiStateMachine( 1016): handleMessage: X
D/WifiStateMachine( 1016): handleMessage: E msg.what=131155
D/WifiStateMachine( 1016): processMsg: ConnectedState
D/WifiStateMachine( 1016): processMsg: L2ConnectedState
D/WifiStateMachine( 1016): handleMessage: X
D/WifiStateMachine( 1016): handleMessage: E msg.what=151572
D/WifiStateMachine( 1016): processMsg: ConnectedState
D/WifiStateMachine( 1016): processMsg: L2ConnectedState
D/WifiStateMachine( 1016): handleMessage: X
D/WifiStateMachine( 1016): handleMessage: E msg.what=151572
D/WifiStateMachine( 1016): processMsg: ConnectedState
D/WifiStateMachine( 1016): processMsg: L2ConnectedState
D/WifiStateMachine( 1016): handleMessage: X
I/SFPerfTracer(  278):      triggers: (rate: 35:2675) (compose: 0:12) (post: 0:2) (render: 8:381) (0:51868 frames) (1:138754)
D/SFPerfTracer(  278):        layers: (4:9) (DimLayer: 0:65)* (DimLayer: 0:23)* (FocusedStackFrame: 0:1281)* (StatusBar: 0:7507) (NavigationBar: 0:9349) (DimLayer: 0:1985)* (DimLayer: 0:229)* (com.android.wallpaper.fall.FallWallpaper: 1:15177) (com.android.launcher/com.android.launcher2.Launcher: 0:507) 
D/WifiStateMachine( 1016): handleMessage: E msg.what=151572
D/WifiStateMachine( 1016): processMsg: ConnectedState
D/WifiStateMachine( 1016): processMsg: L2ConnectedState
D/WifiStateMachine( 1016): handleMessage: X
I/wpa_supplicant( 1178): wlan0: WPA: Group rekeying completed with 70:54:d2:ae:26:93 [GTK=TKIP]
D/MDMCTBK (  276): reply_len: 40 reply is = IFNAME=wlan0 <3>CTRL-EVENT-STATE-CHANGE 
D/MDMCTBK (  276): Event received = CTRL-EVENT-STATE-CHANGE 
D/MDMCTBK (  276): reply_len: 40 reply is = IFNAME=wlan0 <3>WPA: Group rekeying comp
D/MDMCTBK (  276): Event received = WPA: Group rekeying comp
D/MDMCTBK (  276): reply_len: 40 reply is = IFNAME=wlan0 <3>CTRL-EVENT-STATE-CHANGE 
D/MDMCTBK (  276): Event received = CTRL-EVENT-STATE-CHANGE 
D/WifiStateMachine( 1016): handleMessage: E msg.what=147462
D/WifiStateMachine( 1016): processMsg: ConnectedState
D/WifiStateMachine( 1016): processMsg: L2ConnectedState
D/WifiStateMachine( 1016): processMsg: ConnectModeState
D/WifiStateMachine( 1016): handleMessage: X
D/WifiStateMachine( 1016): handleMessage: E msg.what=147462
D/WifiStateMachine( 1016): processMsg: ConnectedState
D/WifiStateMachine( 1016): processMsg: L2ConnectedState
D/WifiStateMachine( 1016): processMsg: ConnectModeState
D/WifiStateMachine( 1016): handleMessage: X
D/WifiStateMachine( 1016): handleMessage: E msg.what=131155
D/WifiStateMachine( 1016): processMsg: ConnectedState
D/WifiStateMachine( 1016): processMsg: L2ConnectedState
D/WifiStateMachine( 1016): handleMessage: X
D/WifiStateMachine( 1016): handleMessage: E msg.what=151572
D/WifiStateMachine( 1016): processMsg: ConnectedState
D/WifiStateMachine( 1016): processMsg: L2ConnectedState
D/WifiStateMachine( 1016): handleMessage: X
I/wpa_supplicant( 1178): wlan0: WPA: Group rekeying completed with 70:54:d2:ae:26:93 [GTK=TKIP]
D/MDMCTBK (  276): reply_len: 40 reply is = IFNAME=wlan0 <3>CTRL-EVENT-STATE-CHANGE 
D/MDMCTBK (  276): Event received = CTRL-EVENT-STATE-CHANGE 
D/MDMCTBK (  276): reply_len: 40 reply is = IFNAME=wlan0 <3>WPA: Group rekeying comp
D/MDMCTBK (  276): Event received = WPA: Group rekeying comp
D/MDMCTBK (  276): reply_len: 40 reply is = IFNAME=wlan0 <3>CTRL-EVENT-STATE-CHANGE 
D/MDMCTBK (  276): Event received = CTRL-EVENT-STATE-CHANGE 
D/WifiStateMachine( 1016): handleMessage: E msg.what=147462
D/WifiStateMachine( 1016): processMsg: ConnectedState
D/WifiStateMachine( 1016): processMsg: L2ConnectedState
D/WifiStateMachine( 1016): processMsg: ConnectModeState
D/WifiStateMachine( 1016): handleMessage: X
D/WifiStateMachine( 1016): handleMessage: E msg.what=147462
D/WifiStateMachine( 1016): processMsg: ConnectedState
D/WifiStateMachine( 1016): processMsg: L2ConnectedState
D/WifiStateMachine( 1016): processMsg: ConnectModeState
D/WifiStateMachine( 1016): handleMessage: X
D/WifiStateMachine( 1016): handleMessage: E msg.what=151572
D/WifiStateMachine( 1016): processMsg: ConnectedState
D/WifiStateMachine( 1016): processMsg: L2ConnectedState
D/WifiStateMachine( 1016): handleMessage: X
I/iu.UploadsManager(23042): End new media; added: 0, uploading: 0, time: 45 ms
D/MtpServer(17168): path: /storage/emulated/0/Download/FB_Auth-release.apk parent: 8 storageID: 00010001
I/iu.UploadsManager(23042): End new media; added: 0, uploading: 0, time: 35 ms
D/dalvikvm( 1016): JIT code cache reset in 3 ms (1535868 bytes 7/0)
D/dalvikvm( 1016): GC_EXPLICIT freed 1110K, 37% free 24809K/39124K, paused 5ms+15ms, total 116ms
D/WifiStateMachine( 1016): handleMessage: E msg.what=151572
D/WifiStateMachine( 1016): processMsg: ConnectedState
D/WifiStateMachine( 1016): processMsg: L2ConnectedState
D/WifiStateMachine( 1016): handleMessage: X
D/WifiStateMachine( 1016): handleMessage: E msg.what=131155
D/WifiStateMachine( 1016): processMsg: ConnectedState
D/WifiStateMachine( 1016): processMsg: L2ConnectedState
D/WifiStateMachine( 1016): handleMessage: X
