I/PackageManager( 1016):   Scheme: "mmsto"
I/ActivityManager( 1016): Start proc com.android.keychain for broadcast com.android.keychain/.KeyChainBroadcastReceiver: pid=6474 uid=1000 gids={41000, 1028, 1015, 3002, 3001, 3003, 1021, 3004, 3005, 1000, 3009, 1023, 1010, 1004, 2002, 3006}
I/ActivityManager( 1016): Killing 5970:com.google.android.apps.cloudprint/u0a58 (adj 15): empty #9
W/ContextImpl( 1231): Calling a method in the system process without a qualified user: android.app.ContextImpl.sendBroadcast:1252 android.content.ContextWrapper.sendBroadcast:365 com.motorola.motocare.util.TriggerHelper$TriggerBuilder.send:76 com.motorola.motocare.internal.frameworkevents.ProcessKillTrigger.sendTrigger:147 com.motorola.motocare.internal.frameworkevents.ProcessKillTrigger.handleFrameworkEvent:164 
I/PackageManager( 1016): Adding preferred activity ComponentInfo{com.android.mms/com.android.mms.ui.ComposeMessageActivity} for user 0 :
I/PackageManager( 1016):   Action: "android.intent.action.SENDTO"
I/PackageManager( 1016):   Category: "android.intent.category.DEFAULT"
I/PackageManager( 1016):   Scheme: "sms"
I/PackageManager( 1016): Adding preferred activity ComponentInfo{com.android.mms/com.android.mms.ui.ComposeMessageActivity} for user 0 :
I/PackageManager( 1016):   Action: "android.intent.action.SENDTO"
I/PackageManager( 1016):   Category: "android.intent.category.DEFAULT"
I/PackageManager( 1016):   Scheme: "smsto"
I/ContactLocale( 6444): AddressBook Labels [en_GB]: [, A, B, C, D, E, F, G, H, I, J, K, L, M, N, O, P, Q, R, S, T, U, V, W, X, Y, Z, , , , , , , , , , , , , , , , , , , , , , , , , , , , , , , , , , , , , , , , , , , , , , , , , , , , , , , , , , , , , , , , , , , , , , , , , , , , , , , , , , , , , , , , , , , , , , , , , , , , , , , , , , , , , , , , , , , , , , , , , , , , , , , , , , , , , , , , , , , , , , , , , , , , , , , , , , , , , , , , , , , , , , , , , , , , , , , , , , , , , , #, ]
I/PackageManager( 1016): Adding preferred activity ComponentInfo{com.android.mms/com.android.mms.ui.ComposeMessageActivity} for user 0 :
I/PackageManager( 1016):   Action: "android.intent.action.SENDTO"
I/PackageManager( 1016):   Category: "android.intent.category.DEFAULT"
I/PackageManager( 1016):   Scheme: "mms"
D/dalvikvm( 1016): GC_EXPLICIT freed 1483K, 30% free 28265K/40112K, paused 5ms+22ms, total 257ms
W/ContextImpl( 6474): Calling a method in the system process without a qualified user: android.app.ContextImpl.startService:1608 android.content.ContextWrapper.startService:494 android.content.ContextWrapper.startService:494 com.android.keychain.KeyChainBroadcastReceiver.onReceive:12 android.app.ActivityThread.handleReceiver:2434 
I/PackageManager( 1016): Adding preferred activity ComponentInfo{com.android.mms/com.android.mms.ui.ComposeMessageActivity} for user 0 :
I/PackageManager( 1016):   Action: "android.intent.action.SENDTO"
I/PackageManager( 1016):   Category: "android.intent.category.DEFAULT"
I/PackageManager( 1016):   Scheme: "mmsto"
E/NetworkScheduler.SchedulerReceiver(31791): Invalid parameter app
E/NetworkScheduler.SchedulerReceiver(31791): Invalid package name : Perhaps you didn't include a PendingIntent in the extras?
D/PackageBroadcastService(31905): Received broadcast action=android.intent.action.PACKAGE_REMOVED and uri=com.giftme.fb_auth
I/ActivityManager( 1016): Start proc com.google.android.apps.plus for broadcast com.google.android.apps.plus/.service.PackagesMediaMonitor: pid=6488 uid=10090 gids={50090, 3003, 3002, 1028, 1015}
I/ConfigService(31791): onCreate
I/ConfigService(31791): onBind for Intent { act=com.google.android.gms.config.UPDATE pkg=com.google.android.gms } action com.google.android.gms.config.UPDATE
I/ConfigService(31791): onBind returning update interface
I/ConfigService(31791): onBind for Intent { act=com.google.android.gms.config.START pkg=com.google.android.gms } action com.google.android.gms.config.START
I/ConfigService(31791): onBind returning service broker
I/ConfigFetchService(31905): onStartCommand Intent { act=android.intent.action.PACKAGE_REMOVED dat=package:com.giftme.fb_auth cmp=com.google.android.gms/.config.ConfigFetchService (has extras) }
I/ConfigFetchService(31905): service connected
I/ActivityManager( 1016): Killing 5781:com.google.android.googlequicksearchbox:search/u0a45 (adj 15): empty #9
W/ContextImpl( 1231): Calling a method in the system process without a qualified user: android.app.ContextImpl.sendBroadcast:1252 android.content.ContextWrapper.sendBroadcast:365 com.motorola.motocare.util.TriggerHelper$TriggerBuilder.send:76 com.motorola.motocare.internal.frameworkevents.ProcessKillTrigger.sendTrigger:147 com.motorola.motocare.internal.frameworkevents.ProcessKillTrigger.handleFrameworkEvent:164 
E/dalvikvm( 6488): Could not find class 'android.app.Notification$Action$Builder', referenced from method b.a
W/dalvikvm( 6488): VFY: unable to resolve new-instance 302 (Landroid/app/Notification$Action$Builder;) in Lb;
D/dalvikvm( 6488): VFY: replacing opcode 0x22 at 0x0000
E/dalvikvm( 6488): Could not find class 'android.graphics.drawable.RippleDrawable', referenced from method b.a
W/dalvikvm( 6488): VFY: unable to resolve new-instance 462 (Landroid/graphics/drawable/RippleDrawable;) in Lb;
D/dalvikvm( 6488): VFY: replacing opcode 0x22 at 0x000b
W/dalvikvm( 6488): VFY: unable to find class referenced in signature (Lzt;)
W/dalvikvm( 6488): VFY: unable to find class referenced in signature (Lzt;)
W/dalvikvm( 6488): VFY: unable to find class referenced in signature (Lzt;)
W/dalvikvm( 6488): VFY: unable to find class referenced in signature (Lzt;)
W/dalvikvm( 6488): VFY: unable to find class referenced in signature (Lzt;)
W/dalvikvm( 6488): VFY: unable to find class referenced in signature (Lzt;)
W/dalvikvm( 6488): VFY: unable to find class referenced in signature (Lzt;)
E/dalvikvm( 6488): Could not find class 'android.app.Notification$Action$Builder', referenced from method b.a
W/dalvikvm( 6488): VFY: unable to resolve new-instance 302 (Landroid/app/Notification$Action$Builder;) in Lb;
D/dalvikvm( 6488): VFY: replacing opcode 0x22 at 0x0000
W/dalvikvm( 6488): Unable to resolve superclass of Lar; (689)
W/dalvikvm( 6488): Link of class 'Lar;' failed
E/dalvikvm( 6488): Could not find class 'ar', referenced from method b.a
W/dalvikvm( 6488): VFY: unable to resolve new-instance 999 (Lar;) in Lb;
D/dalvikvm( 6488): VFY: replacing opcode 0x22 at 0x0006
W/dalvikvm( 6488): Unable to resolve superclass of Lat; (689)
W/dalvikvm( 6488): Link of class 'Lat;' failed
E/dalvikvm( 6488): Could not find class 'at', referenced from method b.a
W/dalvikvm( 6488): VFY: unable to resolve new-instance 1053 (Lat;) in Lb;
D/dalvikvm( 6488): VFY: replacing opcode 0x22 at 0x002a
I/dalvikvm( 6488): Could not find method android.view.ViewGroup.isTransitionGroup, referenced from method b.a
W/dalvikvm( 6488): VFY: unable to resolve virtual method 4388: Landroid/view/ViewGroup;.isTransitionGroup ()Z
D/dalvikvm( 6488): VFY: replacing opcode 0x6e at 0x000c
I/dalvikvm( 6488): Could not find method android.view.View.getTransitionName, referenced from method b.a
W/dalvikvm( 6488): VFY: unable to resolve virtual method 4205: Landroid/view/View;.getTransitionName ()Ljava/lang/String;
D/dalvikvm( 6488): VFY: replacing opcode 0x6e at 0x0006
W/dalvikvm( 6488): VFY: unable to find class referenced in signature ([Landroid/app/RemoteInput;)
E/dalvikvm( 6488): Could not find class 'android.app.RemoteInput[]', referenced from method b.a
W/dalvikvm( 6488): VFY: unable to resolve new-array 12606 ([Landroid/app/RemoteInput;) in Lb;
D/dalvikvm( 6488): VFY: replacing opcode 0x23 at 0x0005
D/dalvikvm( 6488): DexOpt: unable to opt direct call 0x0530 at 0x0e in Lb;.a
D/dalvikvm( 6488): DexOpt: unable to opt direct call 0x08a4 at 0x0e in Lb;.a
D/dalvikvm( 6488): DexOpt: unable to opt direct call 0x0530 at 0x0e in Lb;.a
W/dalvikvm( 6488): Unable to resolve superclass of Lar; (689)
W/dalvikvm( 6488): Link of class 'Lar;' failed
D/dalvikvm( 6488): DexOpt: unable to opt direct call 0x177c at 0x08 in Lb;.a
W/dalvikvm( 6488): Unable to resolve superclass of Lat; (689)
W/dalvikvm( 6488): Link of class 'Lat;' failed
D/dalvikvm( 6488): DexOpt: unable to opt direct call 0x1846 at 0x2c in Lb;.a
D/dalvikvm( 6488): DexOpt: unable to opt direct call 0x0587 at 0x13 in Lb;.a
D/dalvikvm( 6488): Trying to load lib /data/app-lib/com.google.android.apps.plus-1/libcrashreporterer.so 0x42793d20
D/dalvikvm( 6488): Added shared lib /data/app-lib/com.google.android.apps.plus-1/libcrashreporterer.so 0x42793d20
I/ActivityManager( 1016): Start proc com.google.android.apps.docs for broadcast com.google.android.apps.docs/.receivers.AppPackageAddRemoveReceiver: pid=6511 uid=10060 gids={50060, 3003, 1028, 1015}
I/ActivityManager( 1016): Killing 5994:com.motorola.context/u0a11 (adj 15): empty #9
W/ContextImpl( 1231): Calling a method in the system process without a qualified user: android.app.ContextImpl.sendBroadcast:1252 android.content.ContextWrapper.sendBroadcast:365 com.motorola.motocare.util.TriggerHelper$TriggerBuilder.send:76 com.motorola.motocare.internal.frameworkevents.ProcessKillTrigger.sendTrigger:147 com.motorola.motocare.internal.frameworkevents.ProcessKillTrigger.handleFrameworkEvent:164 
D/WifiStateMachine( 1016): handleMessage: E msg.what=151572
D/WifiStateMachine( 1016): processMsg: ConnectedState
D/WifiStateMachine( 1016): processMsg: L2ConnectedState
I/dalvikvm( 6511): Could not find method android.app.Activity.finishAfterTransition, referenced from method r.c_
W/dalvikvm( 6511): VFY: unable to resolve virtual method 2773: Landroid/app/Activity;.finishAfterTransition ()V
D/dalvikvm( 6511): VFY: replacing opcode 0x6e at 0x0006
D/WifiStateMachine( 1016): handleMessage: X
W/SyncWapiModule( 6511): isPlayServicesEnabled=
W/SyncWapiModule( 6511): isPlayServicesEnabled=
W/GAV2    ( 6511): Thread[main,5,main]: Need to call initialize() and be in fallback mode to start dispatch.
I/ActivityManager( 1016): Start proc com.google.android.googlequicksearchbox:search for broadcast com.google.android.googlequicksearchbox/com.google.android.search.core.icingsync.IcingCorporaChangedReceiver: pid=6538 uid=10045 gids={50045, 3003, 3001, 1028, 3002, 1015}
I/ActivityManager( 1016): Start proc com.facebook.katana:dash for broadcast com.facebook.katana/com.facebook.dash.receivers.DashPackageUninstallReceiver: pid=6555 uid=10110 gids={50110, 1028, 1015, 3003}
I/ActivityManager( 1016): Killing 6211:com.android.chrome/u0a57 (adj 15): empty #9
W/ContextImpl( 1231): Calling a method in the system process without a qualified user: android.app.ContextImpl.sendBroadcast:1252 android.content.ContextWrapper.sendBroadcast:365 com.motorola.motocare.util.TriggerHelper$TriggerBuilder.send:76 com.motorola.motocare.internal.frameworkevents.ProcessKillTrigger.sendTrigger:147 com.motorola.motocare.internal.frameworkevents.ProcessKillTrigger.handleFrameworkEvent:164 
W/dalvikvm( 6555): VFY: unable to resolve static field 27745 (a) in Lcom/facebook/katana/app/WorkAppTypes;
D/dalvikvm( 6555): VFY: replacing opcode 0x62 at 0x0013
W/dalvikvm( 6555): VFY: unable to resolve static field 27746 (b) in Lcom/facebook/katana/app/WorkAppTypes;
D/dalvikvm( 6555): VFY: replacing opcode 0x62 at 0x001d
E/dalvikvm( 6555): Could not find class 'com.facebook.katana.app.WallpaperFacebookApplicationImpl', referenced from method com.facebook.katana.app.FacebookApplication.a
W/dalvikvm( 6555): VFY: unable to resolve new-instance 427 (Lcom/facebook/katana/app/WallpaperFacebookApplicationImpl;) in Lcom/facebook/katana/app/FacebookApplication;
D/dalvikvm( 6555): VFY: replacing opcode 0x22 at 0x00a9
D/dalvikvm( 6555): DexOpt: unable to opt direct call 0x05a5 at 0xab in Lcom/facebook/katana/app/FacebookApplication;.a
D/CatchMeIfYouCan( 6555): Process (dash) ca: '/data/data/com.facebook.katana/app_cmiyc/0C66B38F48468E96F8008B6D5A2AE33B4A60265E01'
D/CatchMeIfYouCan( 6555): Process (dash) fc: '/data/data/com.facebook.katana/app_cmiyc/0C66B38F48468E96F8008B6D5A2AE33B4A60265E02'
D/CatchMeIfYouCan( 6555): Process (dash) cp: '('dash', 6, 60000, silent [true], restart [true], logout [true])'
D/ACRA    ( 6555): ACRA is enabled for com.facebook.katana, intializing...
D/ACRA    ( 6555): Looking for error files in /data/data/com.facebook.katana/app_acra-reports
D/ACRA    ( 6555): Looking for error files in /data/data/com.facebook.katana/app_minidumps
D/dalvikvm( 6555): Trying to load lib /data/app-lib/com.facebook.katana-1/libgnustl_shared.so 0x42793c18
D/dalvikvm( 6555): Added shared lib /data/app-lib/com.facebook.katana-1/libgnustl_shared.so 0x42793c18
D/dalvikvm( 6555): No JNI_OnLoad found in /data/app-lib/com.facebook.katana-1/libgnustl_shared.so 0x42793c18, skipping init
D/dalvikvm( 6555): Trying to load lib /data/app-lib/com.facebook.katana-1/libfb_breakpad_client.so 0x42793c18
D/dalvikvm( 6555): Added shared lib /data/app-lib/com.facebook.katana-1/libfb_breakpad_client.so 0x42793c18
D/dalvikvm( 6555): No JNI_OnLoad found in /system/lib/libstdc++.so 0x42793c18, skipping init
D/dalvikvm( 6555): Trying to load lib /data/app-lib/com.facebook.katana-1/libsigmux.so 0x42793c18
D/dalvikvm( 6555): Added shared lib /data/app-lib/com.facebook.katana-1/libsigmux.so 0x42793c18
D/dalvikvm( 6555): No JNI_OnLoad found in /data/app-lib/com.facebook.katana-1/libsigmux.so 0x42793c18, skipping init
D/dalvikvm( 6555): Trying to load lib /data/app-lib/com.facebook.katana-1/libdistract.so 0x42793c18
D/dalvikvm( 6555): Added shared lib /data/app-lib/com.facebook.katana-1/libdistract.so 0x42793c18
D/dalvikvm( 6555): No JNI_OnLoad found in /data/app-lib/com.facebook.katana-1/libdistract.so 0x42793c18, skipping init
D/dalvikvm( 6555): Trying to load lib /data/app-lib/com.facebook.katana-1/libfb_dalvik-internals.so 0x42793c18
D/dalvikvm( 6555): Added shared lib /data/app-lib/com.facebook.katana-1/libfb_dalvik-internals.so 0x42793c18
V/DexLibLoader( 6555): about to lock: /data/data/com.facebook.katana/mdex_lock
V/DexLibLoader( 6555): locking /data/data/com.facebook.katana/mdex_lock took 0 ms
V/DexLibLoader( 6555): Secondary program dex metadata: secondary-1.dex.jar.xz c0d34653f435a7e59cc5f46e9bd47feaf68b0041 secondary.dex01.Canary
V/DexLibLoader( 6555): Secondary program dex metadata: secondary-2.dex.jar.xz 3651d03ae513595a1029ff9eae54d36128fdeb5e secondary.dex02.Canary
V/DexLibLoader( 6555): Secondary program dex metadata: secondary-3.dex.jar.xz 020c6d0135a14f0280ede88da3e858d29f1b9ed5 secondary.dex03.Canary
V/DexLibLoader( 6555): Secondary program dex metadata: secondary-4.dex.jar.xz 3cf3244a0d1c3e39128f7b89ad90b4842a36a05f secondary.dex04.Canary
V/DexLibLoader( 6555): Secondary program dex metadata: secondary-5.dex.jar.xz 666d745bfcb3c0496ae90e343db057d6082ce0c3 secondary.dex05.Canary
V/DexLibLoader( 6555): Secondary program dex metadata: secondary-6.dex.jar.xz 0089f1fba5ba3a3fb61d98c516e2bbc2e6adfa05 secondary.dex06.Canary
V/DexLibLoader( 6555): Secondary program dex metadata: secondary-7.dex.jar.xz 7cecb34308ef8d54acae00b06e3ade52d8da6d49 secondary.dex07.Canary
V/DexLibLoader( 6555): directory "/data/data/com.facebook.katana/app_secondary_program_dex" contains "program-c0d34653f435a7e59cc5f46e9bd47feaf68b00416661a1c7.dex.jar" as expected
V/DexLibLoader( 6555): directory "/data/data/com.facebook.katana/app_secondary_program_dex" contains "program-3651d03ae513595a1029ff9eae54d36128fdeb5e6661a1c7.dex.jar" as expected
V/DexLibLoader( 6555): directory "/data/data/com.facebook.katana/app_secondary_program_dex" contains "program-020c6d0135a14f0280ede88da3e858d29f1b9ed56661a1c7.dex.jar" as expected
V/DexLibLoader( 6555): directory "/data/data/com.facebook.katana/app_secondary_program_dex" contains "program-3cf3244a0d1c3e39128f7b89ad90b4842a36a05f6661a1c7.dex.jar" as expected
V/DexLibLoader( 6555): directory "/data/data/com.facebook.katana/app_secondary_program_dex" contains "program-666d745bfcb3c0496ae90e343db057d6082ce0c36661a1c7.dex.jar" as expected
V/DexLibLoader( 6555): directory "/data/data/com.facebook.katana/app_secondary_program_dex" contains "program-0089f1fba5ba3a3fb61d98c516e2bbc2e6adfa056661a1c7.dex.jar" as expected
V/DexLibLoader( 6555): directory "/data/data/com.facebook.katana/app_secondary_program_dex" contains "program-7cecb34308ef8d54acae00b06e3ade52d8da6d496661a1c7.dex.jar" as expected
D/DexLibLoader( 6555): ignoring file "program-c0d34653f435a7e59cc5f46e9bd47feaf68b00416661a1c7.dex.odex" in "/data/data/com.facebook.katana/app_secondary_program_dex"
D/DexLibLoader( 6555): ignoring file "program-3651d03ae513595a1029ff9eae54d36128fdeb5e6661a1c7.dex.odex" in "/data/data/com.facebook.katana/app_secondary_program_dex"
D/DexLibLoader( 6555): ignoring file "program-020c6d0135a14f0280ede88da3e858d29f1b9ed56661a1c7.dex.odex" in "/data/data/com.facebook.katana/app_secondary_program_dex"
D/DexLibLoader( 6555): ignoring file "program-3cf3244a0d1c3e39128f7b89ad90b4842a36a05f6661a1c7.dex.odex" in "/data/data/com.facebook.katana/app_secondary_program_dex"
D/DexLibLoader( 6555): ignoring file "program-666d745bfcb3c0496ae90e343db057d6082ce0c36661a1c7.dex.odex" in "/data/data/com.facebook.katana/app_secondary_program_dex"
D/DexLibLoader( 6555): ignoring file "program-0089f1fba5ba3a3fb61d98c516e2bbc2e6adfa056661a1c7.dex.odex" in "/data/data/com.facebook.katana/app_secondary_program_dex"
D/DexLibLoader( 6555): ignoring file "program-7cecb34308ef8d54acae00b06e3ade52d8da6d496661a1c7.dex.odex" in "/data/data/com.facebook.katana/app_secondary_program_dex"
D/DexLibLoader( 6555): directory "/data/data/com.facebook.katana/app_secondary_program_dex" is valid
D/DexLibLoader( 6555): ignoring file "primary_deps" in "/data/data/com.facebook.katana/app_secondary_program_dex_opt"
V/DexLibLoader( 6555): directory "/data/data/com.facebook.katana/app_secondary_program_dex_opt" contains "program-c0d34653f435a7e59cc5f46e9bd47feaf68b00416661a1c7.dex.dex" as expected
V/DexLibLoader( 6555): directory "/data/data/com.facebook.katana/app_secondary_program_dex_opt" contains "program-3651d03ae513595a1029ff9eae54d36128fdeb5e6661a1c7.dex.dex" as expected
V/DexLibLoader( 6555): directory "/data/data/com.facebook.katana/app_secondary_program_dex_opt" contains "program-020c6d0135a14f0280ede88da3e858d29f1b9ed56661a1c7.dex.dex" as expected
V/DexLibLoader( 6555): directory "/data/data/com.facebook.katana/app_secondary_program_dex_opt" contains "program-3cf3244a0d1c3e39128f7b89ad90b4842a36a05f6661a1c7.dex.dex" as expected
V/DexLibLoader( 6555): directory "/data/data/com.facebook.katana/app_secondary_program_dex_opt" contains "program-666d745bfcb3c0496ae90e343db057d6082ce0c36661a1c7.dex.dex" as expected
V/DexLibLoader( 6555): directory "/data/data/com.facebook.katana/app_secondary_program_dex_opt" contains "program-0089f1fba5ba3a3fb61d98c516e2bbc2e6adfa056661a1c7.dex.dex" as expected
V/DexLibLoader( 6555): directory "/data/data/com.facebook.katana/app_secondary_program_dex_opt" contains "program-7cecb34308ef8d54acae00b06e3ade52d8da6d496661a1c7.dex.dex" as expected
D/DexLibLoader( 6555): directory "/data/data/com.facebook.katana/app_secondary_program_dex_opt" is valid
D/DexLibLoader( 6555): loading pre-built cross-dex opt odex files
V/dalvik-internals( 6555): hooked dvmResolveClass using jump ()
V/dalvik-internals( 6555): hooked dvmFlushBreakpoints using jump ()
V/MultiDexClassLoader( 6555): installing MultiDexClassLoader before application classloader
I/dalvikvm( 6555): Could not find method dalvik.system.DexFile.loadClassBinaryName, referenced from method com.facebook.common.dextricks.DexFileLoadOld.a
W/dalvikvm( 6555): VFY: unable to resolve virtual method 2807: Ldalvik/system/DexFile;.loadClassBinaryName (Ljava/lang/String;Ljava/lang/ClassLoader;)Ljava/lang/Class;
D/dalvikvm( 6555): VFY: replacing opcode 0x6e at 0x0000
D/DexLibLoader( 6555): released odex store lock
D/DexLibLoader( 6555): DexLibLoader.loadAll took 20 ms
D/MemoryReductionHack( 6555): Marked as initialized entry corresponding to path /data/app/com.facebook.katana-1.apk
V/dalvik-internals( 6555): hooked dvmLinearAlloc using jump ()
V/dalvik-internals( 6555): hooked dvmLinearRealloc using jump ()
V/dalvik-internals( 6555): hooked dvmLinearFree using jump ()
V/dalvik-internals( 6555): hooked dvmLinearStrdup using jump ()
V/dalvik-internals( 6555): hooked dvmLinearAllocContains using jump ()
I/dalvik-internals( 6555): enlarged linearalloc buffer to 33554432 bytes
E/cutils  (  261): Failed to mkdirat(/storage/sdcard1/Android): Read-only file system
W/Vold    (  261): Returning OperationFailed - no handler for errno 30
W/ContextImpl( 6555): Failed to ensure directory: /storage/sdcard1/Android/data/com.facebook.katana/cache
D/dalvikvm( 6555): Trying to load lib /data/app-lib/com.facebook.katana-1/libdextr.so 0x42793c18
D/dalvikvm( 6555): Added shared lib /data/app-lib/com.facebook.katana-1/libdextr.so 0x42793c18
I/Dextr   ( 6555): LogQueue params desc: IIJIIIJJ
W/GAV2    ( 6511): Thread[main,5,main]: dispatch call queued.  Need to call GAServiceManager.getInstance().initialize().
I/ActivityManager( 1016): Killing 6187:com.devexpert.weather/u0a112 (adj 15): empty #9
W/ContextImpl( 1231): Calling a method in the system process without a qualified user: android.app.ContextImpl.sendBroadcast:1252 android.content.ContextWrapper.sendBroadcast:365 com.motorola.motocare.util.TriggerHelper$TriggerBuilder.send:76 com.motorola.motocare.internal.frameworkevents.ProcessKillTrigger.sendTrigger:147 com.motorola.motocare.internal.frameworkevents.ProcessKillTrigger.handleFrameworkEvent:164 
W/StaticBindingVerifier( 6555): Verify
I/dalvikvm( 6555): Could not find method com.facebook.resources.FbResources.getDrawable, referenced from method com.facebook.resources.impl.DownloadedFbResources.getDrawable
W/dalvikvm( 6555): VFY: unable to resolve virtual method 46880: Lcom/facebook/resources/FbResources;.getDrawable (ILandroid/content/res/Resources$Theme;)Landroid/graphics/drawable/Drawable;
D/dalvikvm( 6555): VFY: replacing opcode 0x6f at 0x0031
D/WifiService( 1016): New client listening to asynchronous messages
I/ActivityManager( 1016): Killing 6411:com.android.defcontainer/u0a13 (adj 15): empty #9
W/ContextImpl( 1231): Calling a method in the system process without a qualified user: android.app.ContextImpl.sendBroadcast:1252 android.content.ContextWrapper.sendBroadcast:365 com.motorola.motocare.util.TriggerHelper$TriggerBuilder.send:76 com.motorola.motocare.internal.frameworkevents.ProcessKillTrigger.sendTrigger:147 com.motorola.motocare.internal.frameworkevents.ProcessKillTrigger.handleFrameworkEvent:164 
I/ActivityManager( 1016): Start proc com.google.android.partnersetup for broadcast com.google.android.partnersetup/.RlzPingBroadcastReceiver: pid=6587 uid=10025 gids={50025, 3003}
D/WifiStateMachine( 1016): handleMessage: E msg.what=151572
D/WifiStateMachine( 1016): processMsg: ConnectedState
D/WifiStateMachine( 1016): processMsg: L2ConnectedState
D/WifiStateMachine( 1016): handleMessage: X
D/PackageBroadcastService(31905): Received broadcast action=android.intent.action.PACKAGE_ADDED and uri=com.giftme.fb_auth
I/ConfigFetchService(31905): onStartCommand Intent { act=android.intent.action.PACKAGE_ADDED dat=package:com.giftme.fb_auth cmp=com.google.android.gms/.config.ConfigFetchService (has extras) }
I/ConfigFetchService(31905): launchTask
I/ConfigFetchService(31905): service connected
D/ConfigFetchService(31905): ConfigApi connection successful.
I/ActivityManager( 1016): Start proc com.imangi.templerun2 for broadcast com.imangi.templerun2/com.amazon.identity.auth.device.authorization.PackageIntentReceiver: pid=6623 uid=10111 gids={50111, 1028, 1015, 3003}
D/dalvikvm(  280): GC_EXPLICIT freed 43K, 48% free 9010K/17224K, paused 1ms+3ms, total 21ms
I/UpdateIcingCorporaServi( 6538): Updating corpora: APPS=com.giftme.fb_auth, CONTACTS=MAYBE
D/com.amazon.identity.auth.device.utils.MAPLog.PII( 6623): Extracting verison incremental:<obscured>
D/com.amazon.identity.auth.device.utils.MAPLog.PII( 6623): Extracting flavor:<obscured>
I/com.amazon.identity.auth.device.authorization.PackageIntentReceiver( 6623): Package Intent Received. Clearing Service Data. action=android.intent.action.PACKAGE_ADDED
I/com.amazon.identity.auth.device.authorization.ThirdPartyServiceHelper( 6623): Clearing Highest Versioned Service
D/dalvikvm(  280): GC_EXPLICIT freed <1K, 48% free 9010K/17224K, paused 1ms+2ms, total 18ms
I/ActivityManager( 1016): Killing 6474:com.android.keychain/1000 (adj 15): empty #9
D/dalvikvm(  280): GC_EXPLICIT freed <1K, 48% free 9010K/17224K, paused 1ms+2ms, total 18ms
W/ContextImpl( 1231): Calling a method in the system process without a qualified user: android.app.ContextImpl.sendBroadcast:1252 android.content.ContextWrapper.sendBroadcast:365 com.motorola.motocare.util.TriggerHelper$TriggerBuilder.send:76 com.motorola.motocare.internal.frameworkevents.ProcessKillTrigger.sendTrigger:147 com.motorola.motocare.internal.frameworkevents.ProcessKillTrigger.handleFrameworkEvent:164 
E/NetworkScheduler.SchedulerReceiver(31791): Invalid parameter app
E/NetworkScheduler.SchedulerReceiver(31791): Invalid package name : Perhaps you didn't include a PendingIntent in the extras?
D/PackageBroadcastService(31905): Received broadcast action=android.intent.action.PACKAGE_REPLACED and uri=com.giftme.fb_auth
E/dalvikvm( 6555): Could not find class 'org.apache.harmony.xnet.provider.jsse.OpenSSLSocketImpl', referenced from method com.facebook.ssl.openssl.check.CheckOpenSSLImplHasRequiredMethods.<clinit>
W/dalvikvm( 6555): VFY: unable to resolve const-class 9937 (Lorg/apache/harmony/xnet/provider/jsse/OpenSSLSocketImpl;) in Lcom/facebook/ssl/openssl/check/CheckOpenSSLImplHasRequiredMethods;
D/dalvikvm( 6555): VFY: replacing opcode 0x1c at 0x000d
E/dalvikvm( 6555): Could not find class 'org.apache.harmony.xnet.provider.jsse.OpenSSLSocketFactoryImpl', referenced from method com.facebook.ssl.openssl.reflect.SSLParametersGetter.<clinit>
W/dalvikvm( 6555): VFY: unable to resolve const-class 9936 (Lorg/apache/harmony/xnet/provider/jsse/OpenSSLSocketFactoryImpl;) in Lcom/facebook/ssl/openssl/reflect/SSLParametersGetter;
D/dalvikvm( 6555): VFY: replacing opcode 0x1c at 0x000d
E/dalvikvm( 6555): Could not find class 'org.apache.harmony.xnet.provider.jsse.SSLParametersImpl', referenced from method com.facebook.ssl.openssl.reflect.SSLParametersGetter.a
W/dalvikvm( 6555): VFY: unable to resolve check-cast 9939 (Lorg/apache/harmony/xnet/provider/jsse/SSLParametersImpl;) in Lcom/facebook/ssl/openssl/reflect/SSLParametersGetter;
D/dalvikvm( 6555): VFY: replacing opcode 0x1f at 0x0006
E/dalvikvm( 6555): Could not find class 'org.apache.harmony.xnet.provider.jsse.SSLParametersImpl', referenced from method com.facebook.ssl.openssl.reflect.SSLSessionTimeoutSetter.<clinit>
W/dalvikvm( 6555): VFY: unable to resolve const-class 9939 (Lorg/apache/harmony/xnet/provider/jsse/SSLParametersImpl;) in Lcom/facebook/ssl/openssl/reflect/SSLSessionTimeoutSetter;
D/dalvikvm( 6555): VFY: replacing opcode 0x1c at 0x000d
W/dalvikvm( 6555): VFY: unable to find class referenced in signature (Lorg/apache/harmony/xnet/provider/jsse/SSLParametersImpl;)
E/dalvikvm( 6555): Could not find class 'org.apache.harmony.xnet.provider.jsse.ClientSessionContext', referenced from method com.facebook.ssl.openssl.reflect.SSLSessionTimeoutSetter.a
W/dalvikvm( 6555): VFY: unable to resolve check-cast 9935 (Lorg/apache/harmony/xnet/provider/jsse/ClientSessionContext;) in Lcom/facebook/ssl/openssl/reflect/SSLSessionTimeoutSetter;
D/dalvikvm( 6555): VFY: replacing opcode 0x1f at 0x0006
W/dalvikvm( 6555): VFY: unable to find class referenced in signature (Lorg/apache/harmony/xnet/provider/jsse/SSLParametersImpl;)
W/dalvikvm( 6555): Unable to resolve superclass of Lcom/facebook/ssl/openssl/TicketEnabledOpenSSLSocketImplWrapper; (9938)
W/dalvikvm( 6555): Link of class 'Lcom/facebook/ssl/openssl/TicketEnabledOpenSSLSocketImplWrapper;' failed
I/ActivityManager( 1016): Start proc com.google.android.apps.magazines for broadcast com.google.android.apps.magazines/com.google.apps.dots.android.app.receiver.FirstInstallNotificationReceiver: pid=6640 uid=10077 gids={50077, 3003, 1028, 1015}
E/dalvikvm( 6555): Could not find class 'com.facebook.ssl.openssl.TicketEnabledOpenSSLSocketImplWrapper', referenced from method com.facebook.ssl.openssl.TicketEnabledOpenSSLSocketFactoryHelper.a
W/dalvikvm( 6555): VFY: unable to resolve new-instance 7703 (Lcom/facebook/ssl/openssl/TicketEnabledOpenSSLSocketImplWrapper;) in Lcom/facebook/ssl/openssl/TicketEnabledOpenSSLSocketFactoryHelper;
D/dalvikvm( 6555): VFY: replacing opcode 0x22 at 0x0000
W/dalvikvm( 6555): Unable to resolve superclass of Lcom/facebook/ssl/openssl/TicketEnabledOpenSSLSocketImplWrapper; (9938)
W/dalvikvm( 6555): Link of class 'Lcom/facebook/ssl/openssl/TicketEnabledOpenSSLSocketImplWrapper;' failed
D/dalvikvm( 6555): DexOpt: unable to opt direct call 0xbd3a at 0x08 in Lcom/facebook/ssl/openssl/TicketEnabledOpenSSLSocketFactoryHelper;.a
D/dalvikvm( 6555): Trying to load lib /data/app-lib/com.facebook.katana-1/libfb.so 0x42793c18
D/dalvikvm( 6555): Added shared lib /data/app-lib/com.facebook.katana-1/libfb.so 0x42793c18
D/dalvikvm( 6555): No JNI_OnLoad found in /data/app-lib/com.facebook.katana-1/libfb.so 0x42793c18, skipping init
D/dalvikvm( 6555): Trying to load lib /data/app-lib/com.facebook.katana-1/libfbjni.so 0x42793c18
D/dalvikvm( 6555): Added shared lib /data/app-lib/com.facebook.katana-1/libfbjni.so 0x42793c18
D/dalvikvm( 6555): Trying to load lib /data/app-lib/com.facebook.katana-1/libheartbleed.so 0x42793c18
D/dalvikvm( 6555): Added shared lib /data/app-lib/com.facebook.katana-1/libheartbleed.so 0x42793c18
D/dalvikvm( 6555): Trying to load lib /data/app-lib/com.facebook.katana-1/libcares.so 0x42793c18
D/dalvikvm( 6555): Added shared lib /data/app-lib/com.facebook.katana-1/libcares.so 0x42793c18
D/dalvikvm( 6555): No JNI_OnLoad found in /data/app-lib/com.facebook.katana-1/libcares.so 0x42793c18, skipping init
D/dalvikvm( 6555): Trying to load lib /data/app-lib/com.facebook.katana-1/libdouble-conversion.so 0x42793c18
D/dalvikvm( 6555): Added shared lib /data/app-lib/com.facebook.katana-1/libdouble-conversion.so 0x42793c18
D/dalvikvm( 6555): No JNI_OnLoad found in /data/app-lib/com.facebook.katana-1/libdouble-conversion.so 0x42793c18, skipping init
D/dalvikvm( 6555): Trying to load lib /data/app-lib/com.facebook.katana-1/libevent.so 0x42793c18
D/dalvikvm( 6555): Added shared lib /data/app-lib/com.facebook.katana-1/libevent.so 0x42793c18
D/dalvikvm( 6555): No JNI_OnLoad found in /data/app-lib/com.facebook.katana-1/libevent.so 0x42793c18, skipping init
D/dalvikvm( 6555): Trying to load lib /data/app-lib/com.facebook.katana-1/libliger.so 0x42793c18
I/dalvikvm( 6538): Could not find method android.content.pm.PackageManager.getPackageInstaller, referenced from method com.google.android.gms.common.g.m
W/dalvikvm( 6538): VFY: unable to resolve virtual method 902: Landroid/content/pm/PackageManager;.getPackageInstaller ()Landroid/content/pm/PackageInstaller;
D/dalvikvm( 6538): VFY: replacing opcode 0x6e at 0x000d
W/BroadcastQueue( 1016): Permission Denial: broadcasting Intent { act=android.net.conn.INET_CONDITION_ACTION flg=0x4000010 (has extras) } from null (pid=-1, uid=-1) requires com.facebook.permission.prod.FB_APP_COMMUNICATION due to registered receiver BroadcastFilter{430ab0f8 u0 ReceiverList{430b83c8 6555 com.facebook.katana:dash/10110/u0 remote:43114c60}}
W/BroadcastQueue( 1016): Permission Denial: broadcasting Intent { act=android.net.conn.CONNECTIVITY_CHANGE flg=0x4000010 (has extras) } from null (pid=-1, uid=-1) requires com.facebook.permission.prod.FB_APP_COMMUNICATION due to registered receiver BroadcastFilter{430ab0f8 u0 ReceiverList{430b83c8 6555 com.facebook.katana:dash/10110/u0 remote:43114c60}}
D/dalvikvm( 6555): Added shared lib /data/app-lib/com.facebook.katana-1/libliger.so 0x42793c18
I/dalvikvm( 6640): Could not find method android.accounts.AccountManager.getPreviousName, referenced from method com.google.apps.dots.android.newsstand.auth.AccountManagerDelegate.getPreviousName
W/dalvikvm( 6640): VFY: unable to resolve virtual method 7: Landroid/accounts/AccountManager;.getPreviousName (Landroid/accounts/Account;)Ljava/lang/String;
D/dalvikvm( 6640): VFY: replacing opcode 0x6e at 0x0002
E/cutils  (  261): Failed to mkdirat(/storage/sdcard1/Android): Read-only file system
W/Vold    (  261): Returning OperationFailed - no handler for errno 30
D/Ulp_jni ( 1016): Location CB invoked
W/ContextImpl( 6640): Failed to ensure directory: /storage/sdcard1/Android/data/com.google.android.apps.magazines/cache
E/cutils  (  261): Failed to mkdirat(/storage/sdcard1/Android): Read-only file system
W/Vold    (  261): Returning OperationFailed - no handler for errno 30
W/ContextImpl( 6640): Failed to ensure directory: /storage/sdcard1/Android/data/com.google.android.apps.magazines/files
E/cutils  (  261): Failed to mkdirat(/storage/sdcard1/Android): Read-only file system
W/Vold    (  261): Returning OperationFailed - no handler for errno 30
W/ContextImpl( 6640): Failed to ensure directory: /storage/sdcard1/Android/data/com.google.android.apps.magazines/cache
E/cutils  (  261): Failed to mkdirat(/storage/sdcard1/Android): Read-only file system
W/Vold    (  261): Returning OperationFailed - no handler for errno 30
W/ContextImpl( 6640): Failed to ensure directory: /storage/sdcard1/Android/data/com.google.android.apps.magazines/files
I/ActivityManager( 1016): START u0 {act=android.intent.action.MAIN cat=[android.intent.category.LAUNCHER] flg=0x10000000 pkg=com.giftme.fb_auth cmp=com.giftme.fb_auth/.FB_Auth} from pid 5608
V/WebViewChromiumFactoryProvider( 6640): Binding Chromium to main looper Looper (main, tid 1) {42785b70}
I/LibraryLoader( 6640): Expected native library version number "",actual native library version number ""
I/chromium( 6640): [INFO:library_loader_hooks.cc(116)] Chromium logging enabled: level = 0, default verbosity = 0
I/BrowserStartupController( 6640): Initializing chromium process, renderers=0
W/ContextImpl( 1231): Calling a method in the system process without a qualified user: android.app.ContextImpl.sendBroadcast:1252 android.content.ContextWrapper.sendBroadcast:365 com.motorola.motocare.util.TriggerHelper$TriggerBuilder.send:76 com.motorola.motocare.internal.frameworkevents.PauseResumeTrigger.handleFrameworkEvent:53 com.motorola.motocare.internal.frameworkevents.FwEventMonitor$FrameworkListener.processFrameworkEvent:114 
E/AudioManagerAndroid( 6640): BLUETOOTH permission is missing!
I/Adreno-EGL( 6640): <qeglDrvAPI_eglInitialize:410>: EGL 1.4 QUALCOMM build: AU_LINUX_ANDROID_LNX.LA.3.5.1_RB1.04.04.02.048.018_msm8226_LNX.LA.3.5.1_RB1__release_AU ()
I/Adreno-EGL( 6640): OpenGL ES Shader Compiler Version: E031.24.00.08
I/Adreno-EGL( 6640): Build Date: 03/07/14 Fri
I/Adreno-EGL( 6640): Local Branch: 
I/Adreno-EGL( 6640): Remote Branch: quic/LNX.LA.3.5.1_RB1.1
I/Adreno-EGL( 6640): Local Patches: NONE
I/Adreno-EGL( 6640): Reconstruct Branch: AU_LINUX_ANDROID_LNX.LA.3.5.1_RB1.04.04.02.048.018 + f2fd134 +  NOTHING
I/ActivityManager( 1016): Start proc com.giftme.fb_auth for activity com.giftme.fb_auth/.FB_Auth: pid=6699 uid=10106 gids={50106, 3003, 1028, 1015}
I/dalvikvm( 6699): Enabling JNI app bug workarounds for target SDK version 7...
W/ContextImpl( 1231): Calling a method in the system process without a qualified user: android.app.ContextImpl.sendBroadcast:1252 android.content.ContextWrapper.sendBroadcast:365 com.motorola.motocare.util.TriggerHelper$TriggerBuilder.send:76 com.motorola.motocare.internal.frameworkevents.PauseResumeTrigger.handleFrameworkEvent:53 com.motorola.motocare.internal.frameworkevents.FwEventMonitor$FrameworkListener.processFrameworkEvent:114 
V/PhoneStatusBar( 1078): setLightsOn(true)
I/CordovaLog( 6699): Changing log level to DEBUG(3)
D/CordovaActivity( 6699): CordovaActivity.init()
I/dalvikvm( 6699): Could not find method android.webkit.CookieManager.setAcceptThirdPartyCookies, referenced from method org.apache.cordova.CordovaWebView.initWebViewSettings
W/dalvikvm( 6699): VFY: unable to resolve virtual method 6163: Landroid/webkit/CookieManager;.setAcceptThirdPartyCookies (Landroid/webkit/WebView;Z)V
D/dalvikvm( 6699): VFY: replacing opcode 0x6e at 0x002a
I/NSApplication( 6640): Starting up...
V/WebViewChromiumFactoryProvider( 6699): Binding Chromium to main looper Looper (main, tid 1) {42786c18}
I/LibraryLoader( 6699): Expected native library version number "",actual native library version number ""
I/chromium( 6699): [INFO:library_loader_hooks.cc(116)] Chromium logging enabled: level = 0, default verbosity = 0
I/BrowserStartupController( 6699): Initializing chromium process, renderers=0
I/ActivityManager( 1016): Start proc com.google.android.apps.cloudprint for broadcast com.google.android.apps.cloudprint/.printdialog.receivers.UpgradeBroadcastReceiver: pid=6718 uid=10058 gids={50058, 3003, 1028}
I/ActivityManager( 1016): Killing 6555:com.facebook.katana:dash/u0a110 (adj 15): empty #9
D/AudioManagerAndroid( 6640): ==> onReceive: s=0, m=1, n=h2w, sb=true
D/AudioManagerAndroid( 6640): reportUpdate: state=0, devices=[Speakerphone, Headset earpiece]
W/ContextImpl( 1231): Calling a method in the system process without a qualified user: android.app.ContextImpl.sendBroadcast:1252 android.content.ContextWrapper.sendBroadcast:365 com.motorola.motocare.util.TriggerHelper$TriggerBuilder.send:76 com.motorola.motocare.internal.frameworkevents.ProcessKillTrigger.sendTrigger:147 com.motorola.motocare.internal.frameworkevents.ProcessKillTrigger.handleFrameworkEvent:164 
D/WifiService( 1016): Client connection lost with reason: 4
E/AudioManagerAndroid( 6699): BLUETOOTH permission is missing!
I/Adreno-EGL( 6699): <qeglDrvAPI_eglInitialize:410>: EGL 1.4 QUALCOMM build: AU_LINUX_ANDROID_LNX.LA.3.5.1_RB1.04.04.02.048.018_msm8226_LNX.LA.3.5.1_RB1__release_AU ()
I/Adreno-EGL( 6699): OpenGL ES Shader Compiler Version: E031.24.00.08
I/Adreno-EGL( 6699): Build Date: 03/07/14 Fri
I/Adreno-EGL( 6699): Local Branch: 
I/Adreno-EGL( 6699): Remote Branch: quic/LNX.LA.3.5.1_RB1.1
I/Adreno-EGL( 6699): Local Patches: NONE
I/Adreno-EGL( 6699): Reconstruct Branch: AU_LINUX_ANDROID_LNX.LA.3.5.1_RB1.04.04.02.048.018 + f2fd134 +  NOTHING
I/ApplicationLogger( 6538): canRun() : Opted Out
I/UpdateIcingCorporaServi( 6538): UpdateCorporaTask done [took 310 ms] updated apps [took 310 ms] 
I/ActivityManager( 1016): Killing 6587:com.google.android.partnersetup/u0a25 (adj 15): empty #9
W/ContextImpl( 1231): Calling a method in the system process without a qualified user: android.app.ContextImpl.sendBroadcast:1252 android.content.ContextWrapper.sendBroadcast:365 com.motorola.motocare.util.TriggerHelper$TriggerBuilder.send:76 com.motorola.motocare.internal.frameworkevents.ProcessKillTrigger.sendTrigger:147 com.motorola.motocare.internal.frameworkevents.ProcessKillTrigger.handleFrameworkEvent:164 
D/dalvikvm( 1016): GC_EXPLICIT freed 1092K, 29% free 28589K/40112K, paused 6ms+14ms, total 162ms
W/chromium( 6699): [WARNING:proxy_service.cc(890)] PAC support disabled because there is no system implementation
D/CordovaActivity( 6699): CordovaActivity.createViews()
I/ActivityManager( 1016): Start proc com.motorola.context for broadcast com.motorola.context/.engine.mediator.MediatorReceiver: pid=6749 uid=10011 gids={50011, 3001, 3002, 3003}
I/ActivityManager( 1016): Killing 6459:com.motorola.MotGallery2/u0a34 (adj 15): empty #9
W/ContextImpl( 1231): Calling a method in the system process without a qualified user: android.app.ContextImpl.sendBroadcast:1252 android.content.ContextWrapper.sendBroadcast:365 com.motorola.motocare.util.TriggerHelper$TriggerBuilder.send:76 com.motorola.motocare.internal.frameworkevents.ProcessKillTrigger.sendTrigger:147 com.motorola.motocare.internal.frameworkevents.ProcessKillTrigger.handleFrameworkEvent:164 
W/dalvikvm( 6699): VFY: unable to find class referenced in signature (Landroid/webkit/ClientCertRequest;)
W/dalvikvm( 6699): VFY: unable to find class referenced in signature (Landroid/webkit/ClientCertRequest;)
I/dalvikvm( 6699): Could not find method android.webkit.WebViewClient.onReceivedClientCertRequest, referenced from method org.apache.cordova.CordovaWebViewClient.onReceivedClientCertRequest
W/dalvikvm( 6699): VFY: unable to resolve virtual method 6235: Landroid/webkit/WebViewClient;.onReceivedClientCertRequest (Landroid/webkit/WebView;Landroid/webkit/ClientCertRequest;)V
D/dalvikvm( 6699): VFY: replacing opcode 0x6f at 0x001c
I/dalvikvm( 6699): Could not find method android.webkit.WebChromeClient$FileChooserParams.createIntent, referenced from method org.apache.cordova.CordovaChromeClient.onShowFileChooser
W/dalvikvm( 6699): VFY: unable to resolve virtual method 6182: Landroid/webkit/WebChromeClient$FileChooserParams;.createIntent ()Landroid/content/Intent;
D/dalvikvm( 6699): VFY: replacing opcode 0x6e at 0x0000
D/PluginManager( 6699): init()
D/CordovaWebView( 6699): CordovaWebView is running on device made by: motorola
D/CordovaWebView( 6699): >>> loadUrl(file:///android_asset/www/index.html)
D/CordovaWebView( 6699): >>> loadUrlNow()
D/CordovaActivity( 6699): Resuming the App
I/ActivityManager( 1016): Killing 6112:com.android.vending/u0a39 (adj 15): empty #9
W/ContextImpl( 1231): Calling a method in the system process without a qualified user: android.app.ContextImpl.sendBroadcast:1252 android.content.ContextWrapper.sendBroadcast:365 com.motorola.motocare.util.TriggerHelper$TriggerBuilder.send:76 com.motorola.motocare.internal.frameworkevents.ProcessKillTrigger.sendTrigger:147 com.motorola.motocare.internal.frameworkevents.ProcessKillTrigger.handleFrameworkEvent:164 
D/AudioManagerAndroid( 6699): ==> onReceive: s=0, m=1, n=h2w, sb=true
D/AudioManagerAndroid( 6699): reportUpdate: state=0, devices=[Speakerphone, Headset earpiece]
D/SoftKeyboardDetect( 6699): Ignore this event
D/WifiStateMachine( 1016): handleMessage: E msg.what=131155
D/WifiStateMachine( 1016): processMsg: ConnectedState
D/WifiStateMachine( 1016): processMsg: L2ConnectedState
D/WifiStateMachine( 1016): handleMessage: X
D/OpenGLRenderer( 6699): Enabling debug mode 0
D/WifiStateMachine( 1016): handleMessage: E msg.what=151572
D/WifiStateMachine( 1016): processMsg: ConnectedState
D/WifiStateMachine( 1016): processMsg: L2ConnectedState
D/WifiStateMachine( 1016): handleMessage: X
D/SoftKeyboardDetect( 6699): Ignore this event
I/LaunchCheckinHandler( 1016): Displayed com.giftme.fb_auth/.FB_Auth,cp,ca,626
I/ActivityManager( 1016): Displayed com.giftme.fb_auth/.FB_Auth: +627ms
D/CordovaWebViewClient( 6699): onPageStarted(file:///android_asset/www/index.html)
D/CordovaActivity( 6699): onMessage(onPageStarted,file:///android_asset/www/index.html)
I/ActivityManager( 1016): Killing 6488:com.google.android.apps.plus/u0a90 (adj 15): empty #9
W/ContextImpl( 1231): Calling a method in the system process without a qualified user: android.app.ContextImpl.sendBroadcast:1252 android.content.ContextWrapper.sendBroadcast:365 com.motorola.motocare.util.TriggerHelper$TriggerBuilder.send:76 com.motorola.motocare.internal.frameworkevents.ProcessKillTrigger.sendTrigger:147 com.motorola.motocare.internal.frameworkevents.ProcessKillTrigger.handleFrameworkEvent:164 
D/JsMessageQueue( 6699): Set native->JS mode to OnlineEventsBridgeMode
I/Icing   (31905): Indexing D11140B64A23ADCF9607D6E17FA4854A5443BF22 from com.google.android.googlequicksearchbox
I/Icing   (31905): Indexing done D11140B64A23ADCF9607D6E17FA4854A5443BF22
D/CordovaActivity( 6699): onMessage(spinner,stop)
D/CordovaLog( 6699): file:///android_asset/www/js/app.js: Line 44 : Service initialized
I/chromium( 6699): [INFO:CONSOLE(44)] "Service initialized", source: file:///android_asset/www/js/app.js (44)
D/CordovaLog( 6699): https://js.stripe.com/v2/: Line 2 : You are using Stripe.js in live mode over an insecure connection. This is considered unsafe. Please conduct live requests only on sites served over https. For more info, see https://stripe.com/help/ssl
I/chromium( 6699): [INFO:CONSOLE(2)] "You are using Stripe.js in live mode over an insecure connection. This is considered unsafe. Please conduct live requests only on sites served over https. For more info, see https://stripe.com/help/ssl", source: https://js.stripe.com/v2/ (2)
D/CordovaWebViewClient( 6699): onPageFinished(file:///android_asset/www/index.html)
D/CordovaActivity( 6699): onMessage(onPageFinished,file:///android_asset/www/index.html)
D/WifiStateMachine( 1016): handleMessage: E msg.what=151572
D/WifiStateMachine( 1016): processMsg: ConnectedState
D/WifiStateMachine( 1016): processMsg: L2ConnectedState
D/WifiStateMachine( 1016): handleMessage: X
I/MDMCTBK (  276): NetlinkHandler, power_supply subsys
I/MDMCTBK (  276): NetlinkHandler, usbChargerStateChanged
I/MDMCTBK (  276): checkDefaultInst, current pid is = 276
I/MDMCTBK (  276): checkDefaultInst, pid match
I/MDMCTBK (  276): MdmCutbackHndler,readFromFile = /sys/class/power_supply/usb/online
I/MDMCTBK (  276): MdmCutbackHndler,readFromFile = 
E/MDMCTBK (  276): MdmCutbackHndler,Could not open ''
I/SFPerfTracer(  278):      triggers: (rate: 142:76566) (134686 sw vsyncs) (160266 skipped) (0:666517 vsyncs) (1:893202)
I/MDMCTBK (  276): NetlinkHandler, power_supply subsys
I/MDMCTBK (  276): NetlinkHandler, usbChargerStateChanged
I/MDMCTBK (  276): checkDefaultInst, current pid is = 276
I/MDMCTBK (  276): checkDefaultInst, pid match
I/MDMCTBK (  276): MdmCutbackHndler,readFromFile = /sys/class/power_supply/usb/online
I/MDMCTBK (  276): MdmCutbackHndler,readFromFile = 
E/MDMCTBK (  276): MdmCutbackHndler,Could not open ''
D/WifiStateMachine( 1016): handleMessage: E msg.what=151572
D/WifiStateMachine( 1016): processMsg: ConnectedState
D/WifiStateMachine( 1016): processMsg: L2ConnectedState
D/WifiStateMachine( 1016): handleMessage: X
I/SFPerfTracer(  278):      triggers: (rate: 482:15425) (compose: 0:47) (post: 0:2) (render: 45:4033) (33:195376 frames) (34:621117)
D/SFPerfTracer(  278):        layers: (5:12) (DimLayer: 0:145)* (DimLayer: 0:39)* (FocusedStackFrame: 0:4271)* (StatusBar: 1:37750) (NavigationBar: 0:31138) (DimLayer: 0:6208) (DimLayer: 0:854)* (com.android.wallpaper.fall.FallWallpaper: 0:252)* (com.android.packageinstaller/com.android.packageinstaller.InstallAppProgress: 0:111)* (Starting com.giftme.fb_auth: 0:31)* (com.giftme.fb_auth/com.giftme.fb_auth.FB_Auth: 17:38) (com.giftme.fb_auth/com.giftme.fb_auth.FB_Auth: 18:36) 
W/InputMethodManagerService( 1016): Window already focused, ignoring focus gain of: com.android.internal.view.IInputMethodClient$Stub$Proxy@439acfb0 attribute=null, token = android.os.BinderProxy@43bfc168
D/WifiStateMachine( 1016): handleMessage: E msg.what=131155
D/WifiStateMachine( 1016): processMsg: ConnectedState
D/WifiStateMachine( 1016): processMsg: L2ConnectedState
D/WifiStateMachine( 1016): handleMessage: X
D/WifiStateMachine( 1016): handleMessage: E msg.what=151572
D/WifiStateMachine( 1016): processMsg: ConnectedState
D/WifiStateMachine( 1016): processMsg: L2ConnectedState
D/WifiStateMachine( 1016): handleMessage: X
W/InputMethodManagerService( 1016): Window already focused, ignoring focus gain of: com.android.internal.view.IInputMethodClient$Stub$Proxy@43576870 attribute=null, token = android.os.BinderProxy@43bfc168
E/PluginManager( 6699): Uncaught exception from plugin
E/PluginManager( 6699): java.lang.NullPointerException
E/PluginManager( 6699): 	at org.apache.cordova.facebook.ConnectPlugin.makeGraphCall(ConnectPlugin.java:618)
E/PluginManager( 6699): 	at org.apache.cordova.facebook.ConnectPlugin.execute(ConnectPlugin.java:513)
E/PluginManager( 6699): 	at org.apache.cordova.CordovaPlugin.execute(CordovaPlugin.java:84)
E/PluginManager( 6699): 	at org.apache.cordova.PluginManager.exec(PluginManager.java:151)
E/PluginManager( 6699): 	at org.apache.cordova.CordovaBridge.jsExec(CordovaBridge.java:63)
E/PluginManager( 6699): 	at org.apache.cordova.ExposedJsApi.exec(ExposedJsApi.java:40)
E/PluginManager( 6699): 	at com.android.org.chromium.base.SystemMessageHandler.nativeDoRunLoopOnce(Native Method)
E/PluginManager( 6699): 	at com.android.org.chromium.base.SystemMessageHandler.handleMessage(SystemMessageHandler.java:24)
E/PluginManager( 6699): 	at android.os.Handler.dispatchMessage(Handler.java:102)
E/PluginManager( 6699): 	at android.os.Looper.loop(Looper.java:136)
E/PluginManager( 6699): 	at android.os.HandlerThread.run(HandlerThread.java:61)
D/CordovaLog( 6699): file:///android_asset/www/js/HomeView.js: Line 17 : null
I/chromium( 6699): [INFO:CONSOLE(17)] "null", source: file:///android_asset/www/js/HomeView.js (17)
D/CordovaLog( 6699): file:///android_asset/www/js/app.js: Line 8 : Uncaught ReferenceError: StatusBar is not defined
I/chromium( 6699): [INFO:CONSOLE(8)] "Uncaught ReferenceError: StatusBar is not defined", source: file:///android_asset/www/js/app.js (8)
D/WifiStateMachine( 1016): handleMessage: E msg.what=151572
D/WifiStateMachine( 1016): processMsg: ConnectedState
D/WifiStateMachine( 1016): processMsg: L2ConnectedState
D/WifiStateMachine( 1016): handleMessage: X
I/GAV4    ( 6640): Thread[GAThread,5,main]: No campaign data found.
I/SFPerfTracer(  278):      triggers: (rate: 142:76566) (134686 sw vsyncs) (160266 skipped) (15:666611 vsyncs) (17:893305)
D/WifiStateMachine( 1016): handleMessage: E msg.what=151572
D/WifiStateMachine( 1016): processMsg: ConnectedState
D/WifiStateMachine( 1016): processMsg: L2ConnectedState
D/WifiStateMachine( 1016): handleMessage: X
D/WifiStateMachine( 1016): handleMessage: E msg.what=131155
D/WifiStateMachine( 1016): processMsg: ConnectedState
D/WifiStateMachine( 1016): processMsg: L2ConnectedState
D/WifiStateMachine( 1016): handleMessage: X
D/WifiStateMachine( 1016): handleMessage: E msg.what=151572
D/WifiStateMachine( 1016): processMsg: ConnectedState
D/WifiStateMachine( 1016): processMsg: L2ConnectedState
D/WifiStateMachine( 1016): handleMessage: X
D/WifiStateMachine( 1016): handleMessage: E msg.what=151572
D/WifiStateMachine( 1016): processMsg: ConnectedState
