D/dalvikvm(29084): DexOpt: --- BEGIN 'f.apk' (bootstrap=0) ---
D/WifiStateMachine( 1016): handleMessage: E msg.what=151572
D/WifiStateMachine( 1016): processMsg: ConnectedState
D/WifiStateMachine( 1016): processMsg: L2ConnectedState
D/WifiStateMachine( 1016): handleMessage: X
D/dalvikvm(29117): DexOpt: load 5ms, verify+opt 10ms, 128132 bytes
D/dalvikvm(29084): DexOpt: --- END 'f.apk' (success) ---
D/dalvikvm(29084): DEX prep '/data/data/com.google.android.gms/app_fb/f.apk': unzip in 0ms, rewrite 206ms
I/Adreno-EGL(29084): <qeglDrvAPI_eglInitialize:410>: EGL 1.4 QUALCOMM build: AU_LINUX_ANDROID_LNX.LA.3.5.1_RB1.04.04.02.048.018_msm8226_LNX.LA.3.5.1_RB1__release_AU ()
I/Adreno-EGL(29084): OpenGL ES Shader Compiler Version: E031.24.00.08
I/Adreno-EGL(29084): Build Date: 03/07/14 Fri
I/Adreno-EGL(29084): Local Branch: 
I/Adreno-EGL(29084): Remote Branch: quic/LNX.LA.3.5.1_RB1.1
I/Adreno-EGL(29084): Local Patches: NONE
I/Adreno-EGL(29084): Reconstruct Branch: AU_LINUX_ANDROID_LNX.LA.3.5.1_RB1.04.04.02.048.018 + f2fd134 +  NOTHING
I/CheckinRequestBuilder(20163): Classify the device as Phone.
D/dalvikvm(20163): GC_CONCURRENT freed 1911K, 36% free 11023K/17224K, paused 4ms+6ms, total 39ms
I/CheckinTask(20163): Sending checkin request (4955 bytes)
D/WifiStateMachine( 1016): handleMessage: E msg.what=131155
D/WifiStateMachine( 1016): processMsg: ConnectedState
D/WifiStateMachine( 1016): processMsg: L2ConnectedState
D/WifiStateMachine( 1016): handleMessage: X
I/ActivityManager( 1016): START u0 {dat=file:///storage/emulated/0/download/FB_Auth-release.apk cmp=com.android.packageinstaller/.InstallAppProgress (has extras)} from pid 29069
W/ContextImpl( 1231): Calling a method in the system process without a qualified user: android.app.ContextImpl.sendBroadcast:1252 android.content.ContextWrapper.sendBroadcast:365 com.motorola.motocare.util.TriggerHelper$TriggerBuilder.send:76 com.motorola.motocare.internal.frameworkevents.PauseResumeTrigger.handleFrameworkEvent:53 com.motorola.motocare.internal.frameworkevents.FwEventMonitor$FrameworkListener.processFrameworkEvent:114 
W/ContextImpl( 1231): Calling a method in the system process without a qualified user: android.app.ContextImpl.sendBroadcast:1252 android.content.ContextWrapper.sendBroadcast:365 com.motorola.motocare.util.TriggerHelper$TriggerBuilder.send:76 com.motorola.motocare.internal.frameworkevents.PauseResumeTrigger.handleFrameworkEvent:53 com.motorola.motocare.internal.frameworkevents.FwEventMonitor$FrameworkListener.processFrameworkEvent:114 
W/InstallAppProgress(29069): Replacing package:com.giftme.fb_auth
I/ActivityManager( 1016): Start proc com.android.defcontainer for service com.android.defcontainer/.DefaultContainerService: pid=29120 uid=10013 gids={50013, 1028, 1015, 1023, 2001, 1035}
I/LaunchCheckinHandler( 1016): Displayed com.android.packageinstaller/.InstallAppProgress,wp,ca,139
I/ActivityManager( 1016): Displayed com.android.packageinstaller/.InstallAppProgress: +139ms
I/CheckinRequestBuilder(20163): Checkin reason type: 11 attempt count: 1
W/ActivityManager( 1016): No content provider found for permission revoke: file:///storage/emulated/0/download/FB_Auth-release.apk
I/ActivityManager( 1016): Start proc com.android.vending for broadcast com.android.vending/com.google.android.vending.verifier.PackageVerificationReceiver: pid=29139 uid=10039 gids={50039, 3003, 1028, 1015}
D/dalvikvm( 1016): GC_EXPLICIT freed 1879K, 25% free 33856K/44796K, paused 4ms+17ms, total 155ms
D/WifiStateMachine( 1016): handleMessage: E msg.what=151572
D/WifiStateMachine( 1016): processMsg: ConnectedState
D/WifiStateMachine( 1016): processMsg: L2ConnectedState
D/WifiStateMachine( 1016): handleMessage: X
I/SFPerfTracer(  278):      triggers: (rate: 501:16403) (compose: 0:57) (post: 0:3) (render: 47:4349) (15:245530 frames) (16:731222)
D/SFPerfTracer(  278):        layers: (5:13) (DimLayer: 0:145)* (DimLayer: 0:163)* (FocusedStackFrame: 0:5400)* (StatusBar: 0:53924) (NavigationBar: 0:35078) (DimLayer: 0:10100)* (DimLayer: 0:1159) (com.android.wallpaper.fall.FallWallpaper: 0:10332)* (com.ghisler.android.TotalCommander/com.ghisler.android.TotalCommander.TotalCommander: 0:107)* (FB_Auth-release.apk: 0:47)* (Starting com.android.packageinstaller: 0:39)* (com.android.packageinstaller/com.android.packageinstaller.PackageInstallerActivity: 16:40) (com.android.packageinstaller/com.android.packageinstaller.InstallAppProgress: 16:20) 
D/Finsky  (29139): [1] FinskyApp.onCreate: Initializing network with DFE https://android.clients.google.com/fdfe/
I/CheckinRequestBuilder(20163): Classify the device as Phone.
D/Finsky  (29139): [1] DailyHygiene.goMakeHygieneIfDirty: No need to run daily hygiene.
W/Settings(29139): Setting download_manager_max_bytes_over_mobile has moved from android.provider.Settings.Secure to android.provider.Settings.Global.
W/Settings(29139): Setting download_manager_recommended_max_bytes_over_mobile has moved from android.provider.Settings.Secure to android.provider.Settings.Global.
I/dalvikvm(29139): Could not find method com.google.android.play.layout.PlayCardViewBase.setTransitionName, referenced from method com.google.android.finsky.utils.PlayCardUtils.bindCard
W/dalvikvm(29139): VFY: unable to resolve virtual method 42705: Lcom/google/android/play/layout/PlayCardViewBase;.setTransitionName (Ljava/lang/String;)V
D/dalvikvm(29139): VFY: replacing opcode 0x6e at 0x00d9
I/dalvikvm(29139): Could not find method com.google.android.play.layout.PlayCardViewBase.setTransitionGroup, referenced from method com.google.android.finsky.utils.PlayCardUtils.bindCard
W/dalvikvm(29139): VFY: unable to resolve virtual method 42704: Lcom/google/android/play/layout/PlayCardViewBase;.setTransitionGroup (Z)V
D/dalvikvm(29139): VFY: replacing opcode 0x6e at 0x0246
I/CheckinTask(20163): Checkin success: https://android.clients.google.com/checkin (1 requests sent)
I/CheckinService(20163): Checking schedule, now: 1428176871464 next: 1428216471457
I/CheckinService(20163): active receiver: disabled
I/dalvikvm(29139): Could not find method android.view.View.getTransitionName, referenced from method com.google.android.finsky.navigationmanager.NavigationManager.showPage
W/dalvikvm(29139): VFY: unable to resolve virtual method 9352: Landroid/view/View;.getTransitionName ()Ljava/lang/String;
D/dalvikvm(29139): VFY: replacing opcode 0x6e at 0x001a
D/Finsky  (29139): [1] PackageVerificationReceiver.onReceive: Verification requested, id = 85
D/Finsky  (29139): [1] 2.run: Loaded library for account: [gKXbJhL8NA2nPUzZyFpjB6tKi7U]
D/Finsky  (29139): [1] 2.run: Finished loading 1 libraries.
D/GCM     (31791): GcmService start Intent { act=com.google.android.checkin.CHECKIN_COMPLETE flg=0x10 cmp=com.google.android.gms/.gcm.GcmService (has extras) } com.google.android.checkin.CHECKIN_COMPLETE
D/Finsky  (29139): [1] WorkerTask.onPreExecute: Verification Requested for id = 85, data=file:///storage/emulated/0/download/FB_Auth-release.apk flags=18 fromVerificationActivity=false
I/GCM     (31791): GCM config loaded
W/PackageParser(29139): No actions in intent filter at /storage/emulated/0/download/FB_Auth-release.apk Binary XML file line #28
D/Finsky  (29139): [1] GmsCoreHelper.cleanupNlp: result=false type=4
D/Finsky  (29139): [1] RestoreTracker.stopServiceIfDone: Restore complete with 0 success and 0 failed.
D/WifiStateMachine( 1016): handleMessage: E msg.what=151572
D/WifiStateMachine( 1016): processMsg: ConnectedState
D/WifiStateMachine( 1016): processMsg: L2ConnectedState
D/WifiStateMachine( 1016): handleMessage: X
D/Ulp_jni ( 1016): Location CB invoked
I/qtaguid (29139): Failed write_ctrl(u 64) res=-1 errno=22
I/qtaguid (29139): Untagging socket 64 failed errno=-22
W/NetworkManagementSocketTagger(29139): untagSocket(64) failed with errno -22
D/Finsky  (29139): [1] 2.onResponse: Verification id=85 response=0
D/Finsky  (29139): [1] PackageVerificationReceiver.onReceive: Verification requested, id = 85
I/SFPerfTracer(  278):      triggers: (rate: 159:90369) (229437 sw vsyncs) (190302 skipped) (30:808847 vsyncs) (32:1138419)
I/ActivityManager( 1016): Process com.rhmsoft.fm:crash.feedback (pid 28333) has died.
W/ActivityManager( 1016): No content provider found for permission revoke: file:///storage/emulated/0/download/FB_Auth-release.apk
I/PackageManager( 1016): Copying native libraries to /data/app-lib/vmdl-656417837
W/PackageParser( 1016): No actions in intent filter at /data/app/vmdl-656417837.tmp Binary XML file line #28
I/ActivityManager( 1016): Force stopping com.giftme.fb_auth appid=10106 user=-1: uninstall pkg
I/KInfoc  (21418): Auto Post
I/PackageManager( 1016): Package com.giftme.fb_auth codePath changed from /data/app/com.giftme.fb_auth-1.apk to /data/app/com.giftme.fb_auth-2.apk; Retaining data and using new
I/PackageManager( 1016): Running dexopt on: com.giftme.fb_auth
D/WifiStateMachine( 1016): handleMessage: E msg.what=151572
D/WifiStateMachine( 1016): processMsg: ConnectedState
D/WifiStateMachine( 1016): processMsg: L2ConnectedState
D/WifiStateMachine( 1016): handleMessage: X
D/WifiStateMachine( 1016): handleMessage: E msg.what=131155
D/WifiStateMachine( 1016): processMsg: ConnectedState
D/WifiStateMachine( 1016): processMsg: L2ConnectedState
D/WifiStateMachine( 1016): handleMessage: X
D/dalvikvm(29190): DexOpt: load 124ms, verify+opt 398ms, 1767204 bytes
I/ActivityManager( 1016): Force stopping com.giftme.fb_auth appid=10106 user=-1: update pkg
W/PackageManager( 1016): Code path for pkg : com.giftme.fb_auth changing from /data/app/com.giftme.fb_auth-1.apk to /data/app/com.giftme.fb_auth-2.apk
W/PackageManager( 1016): Resource path for pkg : com.giftme.fb_auth changing from /data/app/com.giftme.fb_auth-1.apk to /data/app/com.giftme.fb_auth-2.apk
W/PackageManager( 1016): Unknown permission android.permission.RECORD_VIDEO in package com.giftme.fb_auth
I/ActivityManager( 1016): Force stopping com.giftme.fb_auth appid=10106 user=0: pkg removed
D/dalvikvm(26568): GC_EXPLICIT freed 756K, 40% free 10464K/17224K, paused 6ms+5ms, total 47ms
D/dalvikvm( 2456): GC_EXPLICIT freed 1408K, 45% free 9532K/17224K, paused 2ms+3ms, total 28ms
I/InputReader( 1016): Reconfiguring input devices.  changes=0x00000010
I/PackageManager( 1016): Adding preferred activity ComponentInfo{com.android.mms/com.android.mms.ui.ComposeMessageActivity} for user 0 :
I/PackageManager( 1016):   Action: "android.intent.action.SENDTO"
I/PackageManager( 1016):   Category: "android.intent.category.DEFAULT"
I/PackageManager( 1016):   Scheme: "sms"
I/PackageManager( 1016): Adding preferred activity ComponentInfo{com.android.mms/com.android.mms.ui.ComposeMessageActivity} for user 0 :
I/PackageManager( 1016):   Action: "android.intent.action.SENDTO"
I/PackageManager( 1016):   Category: "android.intent.category.DEFAULT"
I/PackageManager( 1016):   Scheme: "smsto"
D/dalvikvm(29139): GC_EXPLICIT freed 4080K, 41% free 10263K/17224K, paused 3ms+6ms, total 131ms
D/dalvikvm(  813): GC_EXPLICIT freed 1444K, 26% free 15822K/21184K, paused 2ms+5ms, total 139ms
D/dalvikvm( 1078): GC_EXPLICIT freed 4734K, 24% free 16498K/21428K, paused 2ms+5ms, total 77ms
I/PackageManager( 1016): Adding preferred activity ComponentInfo{com.android.mms/com.android.mms.ui.ComposeMessageActivity} for user 0 :
I/PackageManager( 1016):   Action: "android.intent.action.SENDTO"
I/PackageManager( 1016):   Category: "android.intent.category.DEFAULT"
I/PackageManager( 1016):   Scheme: "mms"
D/WifiStateMachine( 1016): handleMessage: E msg.what=151572
D/WifiStateMachine( 1016): processMsg: ConnectedState
D/WifiStateMachine( 1016): processMsg: L2ConnectedState
D/WifiStateMachine( 1016): handleMessage: X
I/PackageManager( 1016): Adding preferred activity ComponentInfo{com.android.mms/com.android.mms.ui.ComposeMessageActivity} for user 0 :
I/PackageManager( 1016):   Action: "android.intent.action.SENDTO"
I/PackageManager( 1016):   Category: "android.intent.category.DEFAULT"
I/PackageManager( 1016):   Scheme: "mmsto"
I/ActivityManager( 1016): Process com.mobisystems.ubreader_west (pid 28882) has died.
I/InputReader( 1016): Reconfiguring input devices.  changes=0x00000010
I/PackageManager( 1016): Adding preferred activity ComponentInfo{com.android.mms/com.android.mms.ui.ComposeMessageActivity} for user 0 :
I/PackageManager( 1016):   Action: "android.intent.action.SENDTO"
I/PackageManager( 1016):   Category: "android.intent.category.DEFAULT"
I/PackageManager( 1016):   Scheme: "sms"
I/InputReader( 1016): Reconfiguring input devices.  changes=0x00000010
I/Launcher(  813): Deferring update until onResume
I/PackageManager( 1016): Adding preferred activity ComponentInfo{com.android.mms/com.android.mms.ui.ComposeMessageActivity} for user 0 :
I/PackageManager( 1016):   Action: "android.intent.action.SENDTO"
I/PackageManager( 1016):   Category: "android.intent.category.DEFAULT"
I/PackageManager( 1016):   Scheme: "smsto"
I/PackageManager( 1016): Adding preferred activity ComponentInfo{com.android.mms/com.android.mms.ui.ComposeMessageActivity} for user 0 :
I/PackageManager( 1016):   Action: "android.intent.action.SENDTO"
I/PackageManager( 1016):   Category: "android.intent.category.DEFAULT"
I/PackageManager( 1016):   Scheme: "mms"
I/ActivityManager( 1016): Start proc com.motorola.MotGallery2 for broadcast com.motorola.MotGallery2/com.android.gallery3d.app.PackagesMonitor: pid=29199 uid=10034 gids={50034, 3003, 1028, 1015}
I/PackageManager( 1016): Adding preferred activity ComponentInfo{com.android.mms/com.android.mms.ui.ComposeMessageActivity} for user 0 :
I/PackageManager( 1016):   Action: "android.intent.action.SENDTO"
I/PackageManager( 1016):   Category: "android.intent.category.DEFAULT"
I/PackageManager( 1016):   Scheme: "mmsto"
I/PackageManager( 1016): Adding preferred activity ComponentInfo{com.android.mms/com.android.mms.ui.ComposeMessageActivity} for user 0 :
I/PackageManager( 1016):   Action: "android.intent.action.SENDTO"
I/PackageManager( 1016):   Category: "android.intent.category.DEFAULT"
I/PackageManager( 1016):   Scheme: "sms"
I/Launcher(  813): Deferring update until onResume
I/PackageManager( 1016): Adding preferred activity ComponentInfo{com.android.mms/com.android.mms.ui.ComposeMessageActivity} for user 0 :
I/PackageManager( 1016):   Action: "android.intent.action.SENDTO"
I/PackageManager( 1016):   Category: "android.intent.category.DEFAULT"
I/PackageManager( 1016):   Scheme: "smsto"
D/BackupManagerService( 1016): Received broadcast Intent { act=android.intent.action.PACKAGE_REMOVED dat=package:com.giftme.fb_auth flg=0x4000010 (has extras) }
I/PackageManager( 1016): Adding preferred activity ComponentInfo{com.android.mms/com.android.mms.ui.ComposeMessageActivity} for user 0 :
I/PackageManager( 1016):   Action: "android.intent.action.SENDTO"
I/PackageManager( 1016):   Category: "android.intent.category.DEFAULT"
I/PackageManager( 1016):   Scheme: "mms"
I/PackageManager( 1016): Adding preferred activity ComponentInfo{com.android.mms/com.android.mms.ui.ComposeMessageActivity} for user 0 :
I/PackageManager( 1016):   Action: "android.intent.action.SENDTO"
I/PackageManager( 1016):   Category: "android.intent.category.DEFAULT"
I/PackageManager( 1016):   Scheme: "mmsto"
I/PackageManager( 1016): Adding preferred activity ComponentInfo{com.android.mms/com.android.mms.ui.ComposeMessageActivity} for user 0 :
I/PackageManager( 1016):   Action: "android.intent.action.SENDTO"
I/PackageManager( 1016):   Category: "android.intent.category.DEFAULT"
I/PackageManager( 1016):   Scheme: "sms"
I/ActivityManager( 1016): Start proc com.android.keychain for broadcast com.android.keychain/.KeyChainBroadcastReceiver: pid=29215 uid=1000 gids={41000, 1028, 1015, 3002, 3001, 3003, 1021, 3004, 3005, 1000, 3009, 1023, 1010, 1004, 2002, 3006}
D/BackupManagerService( 1016): Received broadcast Intent { act=android.intent.action.PACKAGE_ADDED dat=package:com.giftme.fb_auth flg=0x4000010 (has extras) }
V/BackupManagerService( 1016): removePackageParticipantsLocked: uid=10106 #1
I/PackageManager( 1016): Adding preferred activity ComponentInfo{com.android.mms/com.android.mms.ui.ComposeMessageActivity} for user 0 :
I/PackageManager( 1016):   Action: "android.intent.action.SENDTO"
I/PackageManager( 1016):   Category: "android.intent.category.DEFAULT"
I/PackageManager( 1016):   Scheme: "smsto"
V/BackupManagerService( 1016): addPackageParticipantsLocked: #1
I/PackageManager( 1016): Adding preferred activity ComponentInfo{com.android.mms/com.android.mms.ui.ComposeMessageActivity} for user 0 :
I/PackageManager( 1016):   Action: "android.intent.action.SENDTO"
I/PackageManager( 1016):   Category: "android.intent.category.DEFAULT"
I/PackageManager( 1016):   Scheme: "mms"
I/PackageManager( 1016): Adding preferred activity ComponentInfo{com.android.mms/com.android.mms.ui.ComposeMessageActivity} for user 0 :
I/PackageManager( 1016):   Action: "android.intent.action.SENDTO"
I/PackageManager( 1016):   Category: "android.intent.category.DEFAULT"
I/PackageManager( 1016):   Scheme: "mmsto"
W/ContextImpl(29215): Calling a method in the system process without a qualified user: android.app.ContextImpl.startService:1608 android.content.ContextWrapper.startService:494 android.content.ContextWrapper.startService:494 com.android.keychain.KeyChainBroadcastReceiver.onReceive:12 android.app.ActivityThread.handleReceiver:2434 
E/JavaBinder( 1016): !!! FAILED BINDER TRANSACTION !!!
W/BroadcastQueue( 1016): Exception when sending broadcast to ComponentInfo{com.android.vending/com.google.android.finsky.receivers.PackageMonitorReceiver$RegisteredReceiver}
W/BroadcastQueue( 1016): android.os.TransactionTooLargeException
W/BroadcastQueue( 1016): 	at android.os.BinderProxy.transact(Native Method)
W/BroadcastQueue( 1016): 	at android.app.ApplicationThreadProxy.scheduleReceiver(ApplicationThreadNative.java:822)
W/BroadcastQueue( 1016): 	at com.android.server.am.BroadcastQueue.processCurBroadcastLocked(BroadcastQueue.java:236)
W/BroadcastQueue( 1016): 	at com.android.server.am.BroadcastQueue.processNextBroadcast(BroadcastQueue.java:879)
W/BroadcastQueue( 1016): 	at com.android.server.am.ActivityManagerService.finishReceiver(ActivityManagerService.java:14032)
W/BroadcastQueue( 1016): 	at android.app.ActivityManagerNative.onTransact(ActivityManagerNative.java:394)
W/BroadcastQueue( 1016): 	at com.android.server.am.ActivityManagerService.onTransact(ActivityManagerService.java:2140)
W/BroadcastQueue( 1016): 	at android.os.Binder.execTransact(Binder.java:404)
W/BroadcastQueue( 1016): 	at dalvik.system.NativeStart.run(Native Method)
I/PackageManager( 1016): Adding preferred activity ComponentInfo{com.android.mms/com.android.mms.ui.ComposeMessageActivity} for user 0 :
I/PackageManager( 1016):   Action: "android.intent.action.SENDTO"
I/PackageManager( 1016):   Category: "android.intent.category.DEFAULT"
I/PackageManager( 1016):   Scheme: "sms"
I/ActivityManager( 1016): Start proc com.android.vending for broadcast com.android.vending/com.google.android.finsky.receivers.PackageMonitorReceiver$RegisteredReceiver: pid=29228 uid=10039 gids={50039, 3003, 1028, 1015}
I/PackageManager( 1016): Adding preferred activity ComponentInfo{com.android.mms/com.android.mms.ui.ComposeMessageActivity} for user 0 :
I/PackageManager( 1016):   Action: "android.intent.action.SENDTO"
I/PackageManager( 1016):   Category: "android.intent.category.DEFAULT"
I/PackageManager( 1016):   Scheme: "smsto"
D/dalvikvm( 1016): GC_EXPLICIT freed 4643K, 24% free 34267K/44796K, paused 8ms+19ms, total 237ms
I/PackageManager( 1016): Adding preferred activity ComponentInfo{com.android.mms/com.android.mms.ui.ComposeMessageActivity} for user 0 :
I/PackageManager( 1016):   Action: "android.intent.action.SENDTO"
I/PackageManager( 1016):   Category: "android.intent.category.DEFAULT"
I/PackageManager( 1016):   Scheme: "mms"
I/PackageManager( 1016): Adding preferred activity ComponentInfo{com.android.mms/com.android.mms.ui.ComposeMessageActivity} for user 0 :
I/PackageManager( 1016):   Action: "android.intent.action.SENDTO"
I/PackageManager( 1016):   Category: "android.intent.category.DEFAULT"
I/PackageManager( 1016):   Scheme: "mmsto"
I/PackageManager( 1016): Adding preferred activity ComponentInfo{com.android.mms/com.android.mms.ui.ComposeMessageActivity} for user 0 :
I/PackageManager( 1016):   Action: "android.intent.action.SENDTO"
I/PackageManager( 1016):   Category: "android.intent.category.DEFAULT"
I/PackageManager( 1016):   Scheme: "sms"
I/PackageManager( 1016): Adding preferred activity ComponentInfo{com.android.mms/com.android.mms.ui.ComposeMessageActivity} for user 0 :
I/PackageManager( 1016):   Action: "android.intent.action.SENDTO"
I/PackageManager( 1016):   Category: "android.intent.category.DEFAULT"
I/PackageManager( 1016):   Scheme: "smsto"
I/PackageManager( 1016): Adding preferred activity ComponentInfo{com.android.mms/com.android.mms.ui.ComposeMessageActivity} for user 0 :
I/PackageManager( 1016):   Action: "android.intent.action.SENDTO"
I/PackageManager( 1016):   Category: "android.intent.category.DEFAULT"
I/PackageManager( 1016):   Scheme: "mms"
I/ActivityManager( 1016): Process com.android.defcontainer (pid 29120) has died.
I/PackageManager( 1016): Adding preferred activity ComponentInfo{com.android.mms/com.android.mms.ui.ComposeMessageActivity} for user 0 :
I/PackageManager( 1016):   Action: "android.intent.action.SENDTO"
I/PackageManager( 1016):   Category: "android.intent.category.DEFAULT"
I/PackageManager( 1016):   Scheme: "mmsto"
D/Finsky  (29228): [1] FinskyApp.onCreate: Initializing network with DFE https://android.clients.google.com/fdfe/
I/KInfoc  (21418): Auto Post
D/Finsky  (29228): [1] DailyHygiene.goMakeHygieneIfDirty: No need to run daily hygiene.
W/Settings(29228): Setting download_manager_max_bytes_over_mobile has moved from android.provider.Settings.Secure to android.provider.Settings.Global.
W/Settings(29228): Setting download_manager_recommended_max_bytes_over_mobile has moved from android.provider.Settings.Secure to android.provider.Settings.Global.
I/dalvikvm(29228): Could not find method com.google.android.play.layout.PlayCardViewBase.setTransitionName, referenced from method com.google.android.finsky.utils.PlayCardUtils.bindCard
W/dalvikvm(29228): VFY: unable to resolve virtual method 42705: Lcom/google/android/play/layout/PlayCardViewBase;.setTransitionName (Ljava/lang/String;)V
D/dalvikvm(29228): VFY: replacing opcode 0x6e at 0x00d9
I/dalvikvm(29228): Could not find method com.google.android.play.layout.PlayCardViewBase.setTransitionGroup, referenced from method com.google.android.finsky.utils.PlayCardUtils.bindCard
W/dalvikvm(29228): VFY: unable to resolve virtual method 42704: Lcom/google/android/play/layout/PlayCardViewBase;.setTransitionGroup (Z)V
D/dalvikvm(29228): VFY: replacing opcode 0x6e at 0x0246
I/dalvikvm(29228): Could not find method android.view.View.getTransitionName, referenced from method com.google.android.finsky.navigationmanager.NavigationManager.showPage
W/dalvikvm(29228): VFY: unable to resolve virtual method 9352: Landroid/view/View;.getTransitionName ()Ljava/lang/String;
D/dalvikvm(29228): VFY: replacing opcode 0x6e at 0x001a
D/Finsky  (29228): [1] 2.run: Loaded library for account: [gKXbJhL8NA2nPUzZyFpjB6tKi7U]
D/Finsky  (29228): [1] 2.run: Finished loading 1 libraries.
E/NetworkScheduler.SchedulerReceiver(31791): Invalid parameter app
E/NetworkScheduler.SchedulerReceiver(31791): Invalid package name : Perhaps you didn't include a PendingIntent in the extras?
D/PackageBroadcastService(20163): Received broadcast action=android.intent.action.PACKAGE_REMOVED and uri=com.giftme.fb_auth
I/ActivityManager( 1016): Start proc com.google.android.apps.plus for broadcast com.google.android.apps.plus/.service.PackagesMediaMonitor: pid=29266 uid=10090 gids={50090, 3003, 3002, 1028, 1015}
I/ConfigService(31791): onCreate
I/ConfigService(31791): onBind for Intent { act=com.google.android.gms.config.UPDATE pkg=com.google.android.gms } action com.google.android.gms.config.UPDATE
I/ConfigFetchService(20163): onStartCommand Intent { act=android.intent.action.PACKAGE_REMOVED dat=package:com.giftme.fb_auth cmp=com.google.android.gms/.config.ConfigFetchService (has extras) }
I/ConfigService(31791): onBind returning update interface
I/ConfigService(31791): onBind for Intent { act=com.google.android.gms.config.START pkg=com.google.android.gms } action com.google.android.gms.config.START
I/ConfigService(31791): onBind returning service broker
I/ActivityManager( 1016): Process com.motorola.MotGallery2 (pid 29199) has died.
D/Finsky  (29228): [1] GmsCoreHelper.cleanupNlp: result=false type=4
E/dalvikvm(29266): Could not find class 'android.app.Notification$Action$Builder', referenced from method b.a
W/dalvikvm(29266): VFY: unable to resolve new-instance 302 (Landroid/app/Notification$Action$Builder;) in Lb;
D/dalvikvm(29266): VFY: replacing opcode 0x22 at 0x0000
D/Finsky  (29228): [1] RestoreTracker.stopServiceIfDone: Restore complete with 0 success and 0 failed.
E/dalvikvm(29266): Could not find class 'android.graphics.drawable.RippleDrawable', referenced from method b.a
W/dalvikvm(29266): VFY: unable to resolve new-instance 462 (Landroid/graphics/drawable/RippleDrawable;) in Lb;
D/dalvikvm(29266): VFY: replacing opcode 0x22 at 0x000b
W/dalvikvm(29266): VFY: unable to find class referenced in signature (Lzt;)
W/dalvikvm(29266): VFY: unable to find class referenced in signature (Lzt;)
W/dalvikvm(29266): VFY: unable to find class referenced in signature (Lzt;)
W/dalvikvm(29266): VFY: unable to find class referenced in signature (Lzt;)
W/dalvikvm(29266): VFY: unable to find class referenced in signature (Lzt;)
W/dalvikvm(29266): VFY: unable to find class referenced in signature (Lzt;)
W/dalvikvm(29266): VFY: unable to find class referenced in signature (Lzt;)
E/dalvikvm(29266): Could not find class 'android.app.Notification$Action$Builder', referenced from method b.a
W/dalvikvm(29266): VFY: unable to resolve new-instance 302 (Landroid/app/Notification$Action$Builder;) in Lb;
D/dalvikvm(29266): VFY: replacing opcode 0x22 at 0x0000
W/dalvikvm(29266): Unable to resolve superclass of Lar; (689)
W/dalvikvm(29266): Link of class 'Lar;' failed
E/dalvikvm(29266): Could not find class 'ar', referenced from method b.a
W/dalvikvm(29266): VFY: unable to resolve new-instance 999 (Lar;) in Lb;
D/dalvikvm(29266): VFY: replacing opcode 0x22 at 0x0006
W/dalvikvm(29266): Unable to resolve superclass of Lat; (689)
W/dalvikvm(29266): Link of class 'Lat;' failed
E/dalvikvm(29266): Could not find class 'at', referenced from method b.a
W/dalvikvm(29266): VFY: unable to resolve new-instance 1053 (Lat;) in Lb;
D/dalvikvm(29266): VFY: replacing opcode 0x22 at 0x002a
I/dalvikvm(29266): Could not find method android.view.ViewGroup.isTransitionGroup, referenced from method b.a
W/dalvikvm(29266): VFY: unable to resolve virtual method 4388: Landroid/view/ViewGroup;.isTransitionGroup ()Z
D/dalvikvm(29266): VFY: replacing opcode 0x6e at 0x000c
I/dalvikvm(29266): Could not find method android.view.View.getTransitionName, referenced from method b.a
W/dalvikvm(29266): VFY: unable to resolve virtual method 4205: Landroid/view/View;.getTransitionName ()Ljava/lang/String;
D/dalvikvm(29266): VFY: replacing opcode 0x6e at 0x0006
W/dalvikvm(29266): VFY: unable to find class referenced in signature ([Landroid/app/RemoteInput;)
E/dalvikvm(29266): Could not find class 'android.app.RemoteInput[]', referenced from method b.a
W/dalvikvm(29266): VFY: unable to resolve new-array 12606 ([Landroid/app/RemoteInput;) in Lb;
D/dalvikvm(29266): VFY: replacing opcode 0x23 at 0x0005
D/dalvikvm(29266): DexOpt: unable to opt direct call 0x0530 at 0x0e in Lb;.a
D/dalvikvm(29266): DexOpt: unable to opt direct call 0x08a4 at 0x0e in Lb;.a
D/dalvikvm(29266): DexOpt: unable to opt direct call 0x0530 at 0x0e in Lb;.a
W/dalvikvm(29266): Unable to resolve superclass of Lar; (689)
W/dalvikvm(29266): Link of class 'Lar;' failed
D/dalvikvm(29266): DexOpt: unable to opt direct call 0x177c at 0x08 in Lb;.a
W/dalvikvm(29266): Unable to resolve superclass of Lat; (689)
W/dalvikvm(29266): Link of class 'Lat;' failed
D/dalvikvm(29266): DexOpt: unable to opt direct call 0x1846 at 0x2c in Lb;.a
D/dalvikvm(29266): DexOpt: unable to opt direct call 0x0587 at 0x13 in Lb;.a
D/dalvikvm(29266): Trying to load lib /data/app-lib/com.google.android.apps.plus-1/libcrashreporterer.so 0x42796e30
D/dalvikvm(29266): Added shared lib /data/app-lib/com.google.android.apps.plus-1/libcrashreporterer.so 0x42796e30
I/dalvikvm(29266): Could not find method android.content.Context.getDrawable, referenced from method c.a
W/dalvikvm(29266): VFY: unable to resolve virtual method 1545: Landroid/content/Context;.getDrawable (I)Landroid/graphics/drawable/Drawable;
D/dalvikvm(29266): VFY: replacing opcode 0x6e at 0x0006
I/ActivityManager( 1016): Start proc com.google.android.apps.docs for broadcast com.google.android.apps.docs/.receivers.AppPackageAddRemoveReceiver: pid=29292 uid=10060 gids={50060, 3003, 1028, 1015}
D/WifiStateMachine( 1016): handleMessage: E msg.what=151572
D/WifiStateMachine( 1016): processMsg: ConnectedState
D/WifiStateMachine( 1016): processMsg: L2ConnectedState
D/WifiStateMachine( 1016): handleMessage: X
I/ActivityManager( 1016): Process com.android.keychain (pid 29215) has died.
I/dalvikvm(29292): Could not find method android.app.Activity.finishAfterTransition, referenced from method r.c_
W/dalvikvm(29292): VFY: unable to resolve virtual method 2773: Landroid/app/Activity;.finishAfterTransition ()V
D/dalvikvm(29292): VFY: replacing opcode 0x6e at 0x0006
I/ActivityManager( 1016): Process com.android.vending (pid 29228) has died.
W/SyncWapiModule(29292): isPlayServicesEnabled=
W/SyncWapiModule(29292): isPlayServicesEnabled=
W/GAV2    (29292): Thread[main,5,main]: Need to call initialize() and be in fallback mode to start dispatch.
I/ActivityManager( 1016): Start proc com.google.android.googlequicksearchbox:search for broadcast com.google.android.googlequicksearchbox/com.google.android.search.core.icingsync.IcingCorporaChangedReceiver: pid=29315 uid=10045 gids={50045, 3003, 3001, 1028, 3002, 1015}
D/dalvikvm(  280): GC_EXPLICIT freed 44K, 48% free 9010K/17224K, paused 1ms+3ms, total 22ms
D/dalvikvm(  280): GC_EXPLICIT freed <1K, 48% free 9010K/17224K, paused 1ms+3ms, total 20ms
D/dalvikvm(  280): GC_EXPLICIT freed <1K, 48% free 9010K/17224K, paused 1ms+2ms, total 18ms
I/ActivityManager( 1016): Start proc com.facebook.katana:dash for broadcast com.facebook.katana/com.facebook.dash.receivers.DashPackageUninstallReceiver: pid=29333 uid=10110 gids={50110, 1028, 1015, 3003}
I/ActivityManager( 1016): Process com.google.android.apps.plus (pid 29266) has died.
W/dalvikvm(29333): VFY: unable to resolve static field 27745 (a) in Lcom/facebook/katana/app/WorkAppTypes;
D/dalvikvm(29333): VFY: replacing opcode 0x62 at 0x0013
W/dalvikvm(29333): VFY: unable to resolve static field 27746 (b) in Lcom/facebook/katana/app/WorkAppTypes;
D/dalvikvm(29333): VFY: replacing opcode 0x62 at 0x001d
E/dalvikvm(29333): Could not find class 'com.facebook.katana.app.WallpaperFacebookApplicationImpl', referenced from method com.facebook.katana.app.FacebookApplication.a
W/dalvikvm(29333): VFY: unable to resolve new-instance 427 (Lcom/facebook/katana/app/WallpaperFacebookApplicationImpl;) in Lcom/facebook/katana/app/FacebookApplication;
D/dalvikvm(29333): VFY: replacing opcode 0x22 at 0x00a9
D/dalvikvm(29333): DexOpt: unable to opt direct call 0x05a5 at 0xab in Lcom/facebook/katana/app/FacebookApplication;.a
D/CatchMeIfYouCan(29333): Process (dash) ca: '/data/data/com.facebook.katana/app_cmiyc/0C66B38F48468E96F8008B6D5A2AE33B4A60265E01'
D/CatchMeIfYouCan(29333): Process (dash) fc: '/data/data/com.facebook.katana/app_cmiyc/0C66B38F48468E96F8008B6D5A2AE33B4A60265E02'
D/CatchMeIfYouCan(29333): Process (dash) cp: '('dash', 6, 60000, silent [true], restart [true], logout [true])'
D/ACRA    (29333): ACRA is enabled for com.facebook.katana, intializing...
D/ACRA    (29333): Looking for error files in /data/data/com.facebook.katana/app_acra-reports
D/ACRA    (29333): Looking for error files in /data/data/com.facebook.katana/app_minidumps
D/dalvikvm(29333): Trying to load lib /data/app-lib/com.facebook.katana-1/libgnustl_shared.so 0x4278b728
D/dalvikvm(29333): Added shared lib /data/app-lib/com.facebook.katana-1/libgnustl_shared.so 0x4278b728
D/dalvikvm(29333): No JNI_OnLoad found in /data/app-lib/com.facebook.katana-1/libgnustl_shared.so 0x4278b728, skipping init
D/dalvikvm(29333): Trying to load lib /data/app-lib/com.facebook.katana-1/libfb_breakpad_client.so 0x4278b728
D/dalvikvm(29333): Added shared lib /data/app-lib/com.facebook.katana-1/libfb_breakpad_client.so 0x4278b728
D/dalvikvm(29333): No JNI_OnLoad found in /system/lib/libstdc++.so 0x4278b728, skipping init
D/dalvikvm(29333): Trying to load lib /data/app-lib/com.facebook.katana-1/libsigmux.so 0x4278b728
D/dalvikvm(29333): Added shared lib /data/app-lib/com.facebook.katana-1/libsigmux.so 0x4278b728
D/dalvikvm(29333): No JNI_OnLoad found in /data/app-lib/com.facebook.katana-1/libsigmux.so 0x4278b728, skipping init
D/dalvikvm(29333): Trying to load lib /data/app-lib/com.facebook.katana-1/libdistract.so 0x4278b728
D/dalvikvm(29333): Added shared lib /data/app-lib/com.facebook.katana-1/libdistract.so 0x4278b728
D/dalvikvm(29333): No JNI_OnLoad found in /data/app-lib/com.facebook.katana-1/libdistract.so 0x4278b728, skipping init
D/dalvikvm(29333): Trying to load lib /data/app-lib/com.facebook.katana-1/libfb_dalvik-internals.so 0x4278b728
D/dalvikvm(29333): Added shared lib /data/app-lib/com.facebook.katana-1/libfb_dalvik-internals.so 0x4278b728
V/DexLibLoader(29333): about to lock: /data/data/com.facebook.katana/mdex_lock
V/DexLibLoader(29333): locking /data/data/com.facebook.katana/mdex_lock took 0 ms
V/DexLibLoader(29333): Secondary program dex metadata: secondary-1.dex.jar.xz c0d34653f435a7e59cc5f46e9bd47feaf68b0041 secondary.dex01.Canary
V/DexLibLoader(29333): Secondary program dex metadata: secondary-2.dex.jar.xz 3651d03ae513595a1029ff9eae54d36128fdeb5e secondary.dex02.Canary
V/DexLibLoader(29333): Secondary program dex metadata: secondary-3.dex.jar.xz 020c6d0135a14f0280ede88da3e858d29f1b9ed5 secondary.dex03.Canary
D/WifiStateMachine( 1016): handleMessage: E msg.what=151572
V/DexLibLoader(29333): Secondary program dex metadata: secondary-4.dex.jar.xz 3cf3244a0d1c3e39128f7b89ad90b4842a36a05f secondary.dex04.Canary
D/WifiStateMachine( 1016): processMsg: ConnectedState
D/WifiStateMachine( 1016): processMsg: L2ConnectedState
V/DexLibLoader(29333): Secondary program dex metadata: secondary-5.dex.jar.xz 666d745bfcb3c0496ae90e343db057d6082ce0c3 secondary.dex05.Canary
V/DexLibLoader(29333): Secondary program dex metadata: secondary-6.dex.jar.xz 0089f1fba5ba3a3fb61d98c516e2bbc2e6adfa05 secondary.dex06.Canary
V/DexLibLoader(29333): Secondary program dex metadata: secondary-7.dex.jar.xz 7cecb34308ef8d54acae00b06e3ade52d8da6d49 secondary.dex07.Canary
V/DexLibLoader(29333): directory "/data/data/com.facebook.katana/app_secondary_program_dex" contains "program-c0d34653f435a7e59cc5f46e9bd47feaf68b00416661a1c7.dex.jar" as expected
V/DexLibLoader(29333): directory "/data/data/com.facebook.katana/app_secondary_program_dex" contains "program-3651d03ae513595a1029ff9eae54d36128fdeb5e6661a1c7.dex.jar" as expected
V/DexLibLoader(29333): directory "/data/data/com.facebook.katana/app_secondary_program_dex" contains "program-020c6d0135a14f0280ede88da3e858d29f1b9ed56661a1c7.dex.jar" as expected
V/DexLibLoader(29333): directory "/data/data/com.facebook.katana/app_secondary_program_dex" contains "program-3cf3244a0d1c3e39128f7b89ad90b4842a36a05f6661a1c7.dex.jar" as expected
V/DexLibLoader(29333): directory "/data/data/com.facebook.katana/app_secondary_program_dex" contains "program-666d745bfcb3c0496ae90e343db057d6082ce0c36661a1c7.dex.jar" as expected
V/DexLibLoader(29333): directory "/data/data/com.facebook.katana/app_secondary_program_dex" contains "program-0089f1fba5ba3a3fb61d98c516e2bbc2e6adfa056661a1c7.dex.jar" as expected
V/DexLibLoader(29333): directory "/data/data/com.facebook.katana/app_secondary_program_dex" contains "program-7cecb34308ef8d54acae00b06e3ade52d8da6d496661a1c7.dex.jar" as expected
D/DexLibLoader(29333): ignoring file "program-c0d34653f435a7e59cc5f46e9bd47feaf68b00416661a1c7.dex.odex" in "/data/data/com.facebook.katana/app_secondary_program_dex"
D/DexLibLoader(29333): ignoring file "program-3651d03ae513595a1029ff9eae54d36128fdeb5e6661a1c7.dex.odex" in "/data/data/com.facebook.katana/app_secondary_program_dex"
D/DexLibLoader(29333): ignoring file "program-020c6d0135a14f0280ede88da3e858d29f1b9ed56661a1c7.dex.odex" in "/data/data/com.facebook.katana/app_secondary_program_dex"
D/DexLibLoader(29333): ignoring file "program-3cf3244a0d1c3e39128f7b89ad90b4842a36a05f6661a1c7.dex.odex" in "/data/data/com.facebook.katana/app_secondary_program_dex"
D/DexLibLoader(29333): ignoring file "program-666d745bfcb3c0496ae90e343db057d6082ce0c36661a1c7.dex.odex" in "/data/data/com.facebook.katana/app_secondary_program_dex"
D/DexLibLoader(29333): ignoring file "program-0089f1fba5ba3a3fb61d98c516e2bbc2e6adfa056661a1c7.dex.odex" in "/data/data/com.facebook.katana/app_secondary_program_dex"
D/DexLibLoader(29333): ignoring file "program-7cecb34308ef8d54acae00b06e3ade52d8da6d496661a1c7.dex.odex" in "/data/data/com.facebook.katana/app_secondary_program_dex"
D/DexLibLoader(29333): directory "/data/data/com.facebook.katana/app_secondary_program_dex" is valid
D/DexLibLoader(29333): ignoring file "primary_deps" in "/data/data/com.facebook.katana/app_secondary_program_dex_opt"
V/DexLibLoader(29333): directory "/data/data/com.facebook.katana/app_secondary_program_dex_opt" contains "program-c0d34653f435a7e59cc5f46e9bd47feaf68b00416661a1c7.dex.dex" as expected
V/DexLibLoader(29333): directory "/data/data/com.facebook.katana/app_secondary_program_dex_opt" contains "program-3651d03ae513595a1029ff9eae54d36128fdeb5e6661a1c7.dex.dex" as expected
V/DexLibLoader(29333): directory "/data/data/com.facebook.katana/app_secondary_program_dex_opt" contains "program-020c6d0135a14f0280ede88da3e858d29f1b9ed56661a1c7.dex.dex" as expected
V/DexLibLoader(29333): directory "/data/data/com.facebook.katana/app_secondary_program_dex_opt" contains "program-3cf3244a0d1c3e39128f7b89ad90b4842a36a05f6661a1c7.dex.dex" as expected
V/DexLibLoader(29333): directory "/data/data/com.facebook.katana/app_secondary_program_dex_opt" contains "program-666d745bfcb3c0496ae90e343db057d6082ce0c36661a1c7.dex.dex" as expected
V/DexLibLoader(29333): directory "/data/data/com.facebook.katana/app_secondary_program_dex_opt" contains "program-0089f1fba5ba3a3fb61d98c516e2bbc2e6adfa056661a1c7.dex.dex" as expected
V/DexLibLoader(29333): directory "/data/data/com.facebook.katana/app_secondary_program_dex_opt" contains "program-7cecb34308ef8d54acae00b06e3ade52d8da6d496661a1c7.dex.dex" as expected
D/DexLibLoader(29333): directory "/data/data/com.facebook.katana/app_secondary_program_dex_opt" is valid
D/WifiStateMachine( 1016): handleMessage: X
D/DexLibLoader(29333): loading pre-built cross-dex opt odex files
V/dalvik-internals(29333): hooked dvmResolveClass using jump ()
V/dalvik-internals(29333): hooked dvmFlushBreakpoints using jump ()
V/MultiDexClassLoader(29333): installing MultiDexClassLoader before application classloader
I/dalvikvm(29333): Could not find method dalvik.system.DexFile.loadClassBinaryName, referenced from method com.facebook.common.dextricks.DexFileLoadOld.a
W/dalvikvm(29333): VFY: unable to resolve virtual method 2807: Ldalvik/system/DexFile;.loadClassBinaryName (Ljava/lang/String;Ljava/lang/ClassLoader;)Ljava/lang/Class;
D/dalvikvm(29333): VFY: replacing opcode 0x6e at 0x0000
D/DexLibLoader(29333): released odex store lock
D/DexLibLoader(29333): DexLibLoader.loadAll took 127 ms
D/MemoryReductionHack(29333): Marked as initialized entry corresponding to path /data/app/com.facebook.katana-1.apk
V/dalvik-internals(29333): hooked dvmLinearAlloc using jump ()
V/dalvik-internals(29333): hooked dvmLinearRealloc using jump ()
V/dalvik-internals(29333): hooked dvmLinearFree using jump ()
V/dalvik-internals(29333): hooked dvmLinearStrdup using jump ()
V/dalvik-internals(29333): hooked dvmLinearAllocContains using jump ()
I/dalvik-internals(29333): enlarged linearalloc buffer to 33554432 bytes
W/GAV2    (29292): Thread[main,5,main]: dispatch call queued.  Need to call GAServiceManager.getInstance().initialize().
D/WifiStateMachine( 1016): handleMessage: E msg.what=131155
D/WifiStateMachine( 1016): processMsg: ConnectedState
D/WifiStateMachine( 1016): processMsg: L2ConnectedState
E/cutils  (  261): Failed to mkdirat(/storage/sdcard1/Android): Read-only file system
W/Vold    (  261): Returning OperationFailed - no handler for errno 30
W/ContextImpl(29333): Failed to ensure directory: /storage/sdcard1/Android/data/com.facebook.katana/cache
D/WifiStateMachine( 1016): handleMessage: X
D/dalvikvm(29333): Trying to load lib /data/app-lib/com.facebook.katana-1/libdextr.so 0x4278b728
D/dalvikvm(29333): Added shared lib /data/app-lib/com.facebook.katana-1/libdextr.so 0x4278b728
I/Dextr   (29333): LogQueue params desc: IIJIIIJJ
W/StaticBindingVerifier(29333): Verify
I/dalvikvm(29333): Could not find method com.facebook.resources.FbResources.getDrawable, referenced from method com.facebook.resources.impl.DownloadedFbResources.getDrawable
W/dalvikvm(29333): VFY: unable to resolve virtual method 46880: Lcom/facebook/resources/FbResources;.getDrawable (ILandroid/content/res/Resources$Theme;)Landroid/graphics/drawable/Drawable;
D/dalvikvm(29333): VFY: replacing opcode 0x6f at 0x0031
D/WifiService( 1016): New client listening to asynchronous messages
I/ActivityManager( 1016): Process com.google.android.gms.unstable (pid 29084) has died.
D/WifiStateMachine( 1016): handleMessage: E msg.what=151572
D/WifiStateMachine( 1016): processMsg: ConnectedState
D/WifiStateMachine( 1016): processMsg: L2ConnectedState
I/ActivityManager( 1016): Start proc com.google.android.partnersetup for broadcast com.google.android.partnersetup/.RlzPingBroadcastReceiver: pid=29377 uid=10025 gids={50025, 3003}
D/WifiStateMachine( 1016): handleMessage: X
I/ActivityManager( 1016): Start proc com.motorola.MotGallery2 for broadcast com.motorola.MotGallery2/com.android.gallery3d.app.PackagesMonitor: pid=29403 uid=10034 gids={50034, 3003, 1028, 1015}
F/ProcessStats( 1016): Starting service ServiceState{43a506e8 com.tranzmate.services.LocationService pkg=com.tranzmate proc=43a506e8} without owner
I/ActivityManager( 1016): Process com.google.android.apps.docs (pid 29292) has died.
F/ProcessStats( 1016): Starting service ServiceState{43a506e8 com.tranzmate.services.LocationService pkg=com.tranzmate proc=43a506e8} without owner
I/ActivityManager( 1016): Start proc com.android.vending for broadcast com.android.vending/com.google.android.finsky.receivers.PackageMonitorReceiver$RegisteredReceiver: pid=29419 uid=10039 gids={50039, 3003, 1028, 1015}
F/ProcessStats( 1016): Starting service ServiceState{43a506e8 com.tranzmate.services.LocationService pkg=com.tranzmate proc=43a506e8} without owner
E/dalvikvm(29333): Could not find class 'org.apache.harmony.xnet.provider.jsse.OpenSSLSocketImpl', referenced from method com.facebook.ssl.openssl.check.CheckOpenSSLImplHasRequiredMethods.<clinit>
W/dalvikvm(29333): VFY: unable to resolve const-class 9937 (Lorg/apache/harmony/xnet/provider/jsse/OpenSSLSocketImpl;) in Lcom/facebook/ssl/openssl/check/CheckOpenSSLImplHasRequiredMethods;
D/dalvikvm(29333): VFY: replacing opcode 0x1c at 0x000d
E/dalvikvm(29333): Could not find class 'org.apache.harmony.xnet.provider.jsse.OpenSSLSocketFactoryImpl', referenced from method com.facebook.ssl.openssl.reflect.SSLParametersGetter.<clinit>
W/dalvikvm(29333): VFY: unable to resolve const-class 9936 (Lorg/apache/harmony/xnet/provider/jsse/OpenSSLSocketFactoryImpl;) in Lcom/facebook/ssl/openssl/reflect/SSLParametersGetter;
D/dalvikvm(29333): VFY: replacing opcode 0x1c at 0x000d
E/dalvikvm(29333): Could not find class 'org.apache.harmony.xnet.provider.jsse.SSLParametersImpl', referenced from method com.facebook.ssl.openssl.reflect.SSLParametersGetter.a
W/dalvikvm(29333): VFY: unable to resolve check-cast 9939 (Lorg/apache/harmony/xnet/provider/jsse/SSLParametersImpl;) in Lcom/facebook/ssl/openssl/reflect/SSLParametersGetter;
D/dalvikvm(29333): VFY: replacing opcode 0x1f at 0x0006
E/dalvikvm(29333): Could not find class 'org.apache.harmony.xnet.provider.jsse.SSLParametersImpl', referenced from method com.facebook.ssl.openssl.reflect.SSLSessionTimeoutSetter.<clinit>
W/dalvikvm(29333): VFY: unable to resolve const-class 9939 (Lorg/apache/harmony/xnet/provider/jsse/SSLParametersImpl;) in Lcom/facebook/ssl/openssl/reflect/SSLSessionTimeoutSetter;
D/dalvikvm(29333): VFY: replacing opcode 0x1c at 0x000d
W/dalvikvm(29333): VFY: unable to find class referenced in signature (Lorg/apache/harmony/xnet/provider/jsse/SSLParametersImpl;)
E/dalvikvm(29333): Could not find class 'org.apache.harmony.xnet.provider.jsse.ClientSessionContext', referenced from method com.facebook.ssl.openssl.reflect.SSLSessionTimeoutSetter.a
W/dalvikvm(29333): VFY: unable to resolve check-cast 9935 (Lorg/apache/harmony/xnet/provider/jsse/ClientSessionContext;) in Lcom/facebook/ssl/openssl/reflect/SSLSessionTimeoutSetter;
D/dalvikvm(29333): VFY: replacing opcode 0x1f at 0x0006
W/dalvikvm(29333): VFY: unable to find class referenced in signature (Lorg/apache/harmony/xnet/provider/jsse/SSLParametersImpl;)
W/dalvikvm(29333): Unable to resolve superclass of Lcom/facebook/ssl/openssl/TicketEnabledOpenSSLSocketImplWrapper; (9938)
W/dalvikvm(29333): Link of class 'Lcom/facebook/ssl/openssl/TicketEnabledOpenSSLSocketImplWrapper;' failed
E/dalvikvm(29333): Could not find class 'com.facebook.ssl.openssl.TicketEnabledOpenSSLSocketImplWrapper', referenced from method com.facebook.ssl.openssl.TicketEnabledOpenSSLSocketFactoryHelper.a
W/dalvikvm(29333): VFY: unable to resolve new-instance 7703 (Lcom/facebook/ssl/openssl/TicketEnabledOpenSSLSocketImplWrapper;) in Lcom/facebook/ssl/openssl/TicketEnabledOpenSSLSocketFactoryHelper;
D/dalvikvm(29333): VFY: replacing opcode 0x22 at 0x0000
W/dalvikvm(29333): Unable to resolve superclass of Lcom/facebook/ssl/openssl/TicketEnabledOpenSSLSocketImplWrapper; (9938)
W/dalvikvm(29333): Link of class 'Lcom/facebook/ssl/openssl/TicketEnabledOpenSSLSocketImplWrapper;' failed
D/dalvikvm(29333): DexOpt: unable to opt direct call 0xbd3a at 0x08 in Lcom/facebook/ssl/openssl/TicketEnabledOpenSSLSocketFactoryHelper;.a
I/ActivityManager( 1016): Process com.facebook.katana:dash (pid 29333) has died.
D/WifiService( 1016): Client connection lost with reason: 4
F/ProcessStats( 1016): Starting service ServiceState{43a506e8 com.tranzmate.services.LocationService pkg=com.tranzmate proc=43a506e8} without owner
D/Finsky  (29419): [1] FinskyApp.onCreate: Initializing network with DFE https://android.clients.google.com/fdfe/
D/Finsky  (29419): [1] DailyHygiene.goMakeHygieneIfDirty: No need to run daily hygiene.
W/Settings(29419): Setting download_manager_max_bytes_over_mobile has moved from android.provider.Settings.Secure to android.provider.Settings.Global.
W/Settings(29419): Setting download_manager_recommended_max_bytes_over_mobile has moved from android.provider.Settings.Secure to android.provider.Settings.Global.
I/dalvikvm(29419): Could not find method com.google.android.play.layout.PlayCardViewBase.setTransitionName, referenced from method com.google.android.finsky.utils.PlayCardUtils.bindCard
W/dalvikvm(29419): VFY: unable to resolve virtual method 42705: Lcom/google/android/play/layout/PlayCardViewBase;.setTransitionName (Ljava/lang/String;)V
D/dalvikvm(29419): VFY: replacing opcode 0x6e at 0x00d9
I/dalvikvm(29419): Could not find method com.google.android.play.layout.PlayCardViewBase.setTransitionGroup, referenced from method com.google.android.finsky.utils.PlayCardUtils.bindCard
W/dalvikvm(29419): VFY: unable to resolve virtual method 42704: Lcom/google/android/play/layout/PlayCardViewBase;.setTransitionGroup (Z)V
D/dalvikvm(29419): VFY: replacing opcode 0x6e at 0x0246
I/dalvikvm(29419): Could not find method android.view.View.getTransitionName, referenced from method com.google.android.finsky.navigationmanager.NavigationManager.showPage
W/dalvikvm(29419): VFY: unable to resolve virtual method 9352: Landroid/view/View;.getTransitionName ()Ljava/lang/String;
D/dalvikvm(29419): VFY: replacing opcode 0x6e at 0x001a
F/ProcessStats( 1016): Starting service ServiceState{43a506e8 com.tranzmate.services.LocationService pkg=com.tranzmate proc=43a506e8} without owner
D/Finsky  (29419): [1] 2.run: Loaded library for account: [gKXbJhL8NA2nPUzZyFpjB6tKi7U]
D/Finsky  (29419): [1] 2.run: Finished loading 1 libraries.
D/PackageBroadcastService(20163): Received broadcast action=android.intent.action.PACKAGE_ADDED and uri=com.giftme.fb_auth
I/ActivityManager( 1016): Start proc com.google.android.apps.plus for broadcast com.google.android.apps.plus/.service.PackagesMediaMonitor: pid=29457 uid=10090 gids={50090, 3003, 3002, 1028, 1015}
I/ConfigFetchService(20163): onStartCommand Intent { act=android.intent.action.PACKAGE_ADDED dat=package:com.giftme.fb_auth cmp=com.google.android.gms/.config.ConfigFetchService (has extras) }
I/ConfigFetchService(20163): launchTask
I/ConfigFetchService(20163): service connected
D/ConfigFetchService(20163): ConfigApi connection successful.
E/dalvikvm(29457): Could not find class 'android.app.Notification$Action$Builder', referenced from method b.a
W/dalvikvm(29457): VFY: unable to resolve new-instance 302 (Landroid/app/Notification$Action$Builder;) in Lb;
D/dalvikvm(29457): VFY: replacing opcode 0x22 at 0x0000
D/Finsky  (29419): [1] GmsCoreHelper.cleanupNlp: result=false type=4
E/dalvikvm(29457): Could not find class 'android.graphics.drawable.RippleDrawable', referenced from method b.a
