--------- beginning of /dev/log/system
I/NotificationService( 1016): cancelToast pkg=com.android.deskclock callback=android.app.ITransientNotification$Stub$Proxy@437ee698
W/NotificationService( 1016): Toast already cancelled. pkg=com.android.deskclock callback=android.app.ITransientNotification$Stub$Proxy@437ee698
I/WindowManager( 1016): Screen frozen for +511ms due to Window{429b8868 u0 com.android.deskclock/com.android.deskclock.DeskClock}
I/ActivityManager( 1016): Config changes=480 {1.0 ?mcc?mnc en_GB ldltr sw360dp w360dp h567dp 320dpi nrml port finger -keyb/v/h -nav/h s.18?spn}
W/ContextImpl( 1231): Calling a method in the system process without a qualified user: android.app.ContextImpl.sendBroadcast:1252 android.content.ContextWrapper.sendBroadcast:365 com.motorola.motocare.util.TriggerHelper$TriggerBuilder.send:76 com.motorola.motocare.internal.frameworkevents.PauseResumeTrigger.handleFrameworkEvent:53 com.motorola.motocare.internal.frameworkevents.FwEventMonitor$FrameworkListener.processFrameworkEvent:114 
I/WindowManager( 1016): Screen frozen for +457ms due to Window{42fe9488 u0 com.android.deskclock/com.android.deskclock.DeskClock}
I/SFPerfTracer(  278):      triggers: (rate: 36:2732) (compose: 0:12) (post: 0:2) (render: 8:393) (4:52649 frames) (5:141268)
D/SFPerfTracer(  278):        layers: (3:22) (DimLayer: 0:65)* (DimLayer: 0:23)* (FocusedStackFrame: 0:1323)* (StatusBar: 1:7734) (NavigationBar: 1:9672) (DimLayer: 0:2062)* (DimLayer: 0:237)* (com.android.wallpaper.fall.FallWallpaper: 1:16214)* (com.android.deskclock/com.android.deskclock.DeskClock: 0:113)* (Toast: 0:64)* (ScreenshotSurface: 0:27)* (com.android.deskclock/com.android.deskclock.DeskClock: 0:44)* (BlackSurface: 0:26)* (BlackSurface: 0:26)* (BlackSurface: 0:26)* (BlackSurface: 0:26)* (ScreenshotSurface: 5:27)* (com.android.deskclock/com.android.deskclock.DeskClock: 1:26) (BlackSurface: 5:26)* (BlackSurface: 5:26)* (BlackSurface: 5:26)* (BlackSurface: 5:26)* 
I/SFPerfTracer(  278):      triggers: (rate: 32:28375) (87847 sw vsyncs) (49983 skipped) (39:140808 vsyncs) (41:245882)
I/ActivityManager( 1016): START u0 {act=com.android.systemui.recent.action.TOGGLE_RECENTS flg=0x10800000 cmp=com.android.systemui/.recent.RecentsActivity (has extras)} from pid 1078
W/ContextImpl( 1231): Calling a method in the system process without a qualified user: android.app.ContextImpl.sendBroadcast:1252 android.content.ContextWrapper.sendBroadcast:365 com.motorola.motocare.util.TriggerHelper$TriggerBuilder.send:76 com.motorola.motocare.internal.frameworkevents.PauseResumeTrigger.handleFrameworkEvent:53 com.motorola.motocare.internal.frameworkevents.FwEventMonitor$FrameworkListener.processFrameworkEvent:114 
W/ContextImpl( 1231): Calling a method in the system process without a qualified user: android.app.ContextImpl.sendBroadcast:1252 android.content.ContextWrapper.sendBroadcast:365 com.motorola.motocare.util.TriggerHelper$TriggerBuilder.send:76 com.motorola.motocare.internal.frameworkevents.PauseResumeTrigger.handleFrameworkEvent:53 com.motorola.motocare.internal.frameworkevents.FwEventMonitor$FrameworkListener.processFrameworkEvent:114 
W/InputMethodManagerService( 1016): Starting input on non-focused client com.android.internal.view.IInputMethodClient$Stub$Proxy@42916788 (uid=10015 pid=25168)
I/LaunchCheckinHandler( 1016): Displayed com.android.systemui/.recent.RecentsActivity,wp,wa,218
I/ActivityManager( 1016): Killing 24464:com.giftme.fb_auth/u0a106 (adj 11): remove task
W/ContextImpl( 1231): Calling a method in the system process without a qualified user: android.app.ContextImpl.sendBroadcast:1252 android.content.ContextWrapper.sendBroadcast:365 com.motorola.motocare.util.TriggerHelper$TriggerBuilder.send:76 com.motorola.motocare.internal.frameworkevents.ProcessKillTrigger.sendTrigger:147 com.motorola.motocare.internal.frameworkevents.ProcessKillTrigger.handleFrameworkEvent:164 
I/WindowState( 1016): WIN DEATH: Window{42f8de08 u0 com.giftme.fb_auth/com.giftme.fb_auth.FB_Auth}
I/SFPerfTracer(  278):      triggers: (rate: 32:28375) (87847 sw vsyncs) (49983 skipped) (36:140903 vsyncs) (38:245990)
W/ContextImpl( 1231): Calling a method in the system process without a qualified user: android.app.ContextImpl.sendBroadcast:1252 android.content.ContextWrapper.sendBroadcast:365 com.motorola.motocare.util.TriggerHelper$TriggerBuilder.send:76 com.motorola.motocare.internal.frameworkevents.PauseResumeTrigger.handleFrameworkEvent:53 com.motorola.motocare.internal.frameworkevents.FwEventMonitor$FrameworkListener.processFrameworkEvent:114 
W/ContextImpl( 1231): Calling a method in the system process without a qualified user: android.app.ContextImpl.sendBroadcast:1252 android.content.ContextWrapper.sendBroadcast:365 com.motorola.motocare.util.TriggerHelper$TriggerBuilder.send:76 com.motorola.motocare.internal.frameworkevents.PauseResumeTrigger.handleFrameworkEvent:53 com.motorola.motocare.internal.frameworkevents.FwEventMonitor$FrameworkListener.processFrameworkEvent:114 
I/SFPerfTracer(  278):      triggers: (rate: 36:2732) (compose: 0:12) (post: 0:2) (render: 8:393) (3:52673 frames) (4:141369)
D/SFPerfTracer(  278):        layers: (3:12) (DimLayer: 0:65)* (DimLayer: 0:23)* (FocusedStackFrame: 0:1324)* (StatusBar: 0:7735) (NavigationBar: 0:9689) (DimLayer: 0:2062)* (DimLayer: 0:237)* (com.android.wallpaper.fall.FallWallpaper: 0:16215)* (com.android.deskclock/com.android.deskclock.DeskClock: 0:61)* (com.android.systemui/com.android.systemui.recent.RecentsActivity: 0:60) (thumbnail anim: 0:18)* (com.rhmsoft.fm/com.rhmsoft.fm.FileManager: 4:4)* 
V/AlarmManager( 1016): sending alarm Alarm{43bdb8f0 type 0 com.google.android.gms}
W/PackageParser(19319): No actions in intent filter at /storage/emulated/0/Download/FB_Auth-release.apk Binary XML file line #28
I/SFPerfTracer(  278):      triggers: (rate: 32:28375) (87847 sw vsyncs) (49983 skipped) (17:140996 vsyncs) (19:246108)
W/ContextImpl( 1231): Calling a method in the system process without a qualified user: android.app.ContextImpl.sendBroadcast:1252 android.content.ContextWrapper.sendBroadcast:365 com.motorola.motocare.util.TriggerHelper$TriggerBuilder.send:76 com.motorola.motocare.internal.frameworkevents.ProcessKillTrigger.sendTrigger:147 com.motorola.motocare.internal.frameworkevents.ProcessKillTrigger.handleLmkKill:337 
W/ContextImpl( 1231): Calling a method in the system process without a qualified user: android.app.ContextImpl.sendBroadcast:1252 android.content.ContextWrapper.sendBroadcast:365 com.motorola.motocare.util.TriggerHelper$TriggerBuilder.send:76 com.motorola.motocare.internal.frameworkevents.ProcessKillTrigger.sendTrigger:147 com.motorola.motocare.internal.frameworkevents.ProcessKillTrigger.handleLmkKill:337 
W/ContextImpl( 1231): Calling a method in the system process without a qualified user: android.app.ContextImpl.sendBroadcast:1252 android.content.ContextWrapper.sendBroadcast:365 com.motorola.motocare.util.TriggerHelper$TriggerBuilder.send:76 com.motorola.motocare.internal.frameworkevents.ProcessKillTrigger.sendTrigger:147 com.motorola.motocare.internal.frameworkevents.ProcessKillTrigger.handleLmkKill:337 
V/DeadZone( 1078): consuming errant click: (5.991678,12.065552)
I/ActivityManager( 1016): START u0 {act=android.intent.action.VIEW cat=[android.intent.category.DEFAULT] dat=file:///storage/emulated/0/Download/FB_Auth-release.apk typ=application/vnd.android.package-archive flg=0x10000 cmp=com.android.packageinstaller/.PackageInstallerActivity} from pid 19319
W/ContextImpl( 1231): Calling a method in the system process without a qualified user: android.app.ContextImpl.sendBroadcast:1252 android.content.ContextWrapper.sendBroadcast:365 com.motorola.motocare.util.TriggerHelper$TriggerBuilder.send:76 com.motorola.motocare.internal.frameworkevents.PauseResumeTrigger.handleFrameworkEvent:53 com.motorola.motocare.internal.frameworkevents.FwEventMonitor$FrameworkListener.processFrameworkEvent:114 
I/ActivityManager( 1016): Start proc com.android.packageinstaller for activity com.android.packageinstaller/.PackageInstallerActivity: pid=25445 uid=10085 gids={50085, 1028}
W/ContextImpl( 1231): Calling a method in the system process without a qualified user: android.app.ContextImpl.sendBroadcast:1252 android.content.ContextWrapper.sendBroadcast:365 com.motorola.motocare.util.TriggerHelper$TriggerBuilder.send:76 com.motorola.motocare.internal.frameworkevents.PauseResumeTrigger.handleFrameworkEvent:53 com.motorola.motocare.internal.frameworkevents.FwEventMonitor$FrameworkListener.processFrameworkEvent:114 
W/PackageParser(25445): No actions in intent filter at /storage/emulated/0/Download/FB_Auth-release.apk Binary XML file line #28
I/LaunchCheckinHandler( 1016): Displayed com.android.packageinstaller/.PackageInstallerActivity,cp,ca,543
I/ActivityManager( 1016): START u0 {dat=file:///storage/emulated/0/Download/FB_Auth-release.apk cmp=com.android.packageinstaller/.InstallAppProgress (has extras)} from pid 25445
W/ContextImpl( 1231): Calling a method in the system process without a qualified user: android.app.ContextImpl.sendBroadcast:1252 android.content.ContextWrapper.sendBroadcast:365 com.motorola.motocare.util.TriggerHelper$TriggerBuilder.send:76 com.motorola.motocare.internal.frameworkevents.PauseResumeTrigger.handleFrameworkEvent:53 com.motorola.motocare.internal.frameworkevents.FwEventMonitor$FrameworkListener.processFrameworkEvent:114 
W/ContextImpl( 1231): Calling a method in the system process without a qualified user: android.app.ContextImpl.sendBroadcast:1252 android.content.ContextWrapper.sendBroadcast:365 com.motorola.motocare.util.TriggerHelper$TriggerBuilder.send:76 com.motorola.motocare.internal.frameworkevents.PauseResumeTrigger.handleFrameworkEvent:53 com.motorola.motocare.internal.frameworkevents.FwEventMonitor$FrameworkListener.processFrameworkEvent:114 
I/ActivityManager( 1016): Start proc com.android.defcontainer for service com.android.defcontainer/.DefaultContainerService: pid=25491 uid=10013 gids={50013, 1028, 1015, 1023, 2001, 1035}
I/SFPerfTracer(  278):      triggers: (rate: 36:2732) (compose: 0:12) (post: 0:2) (render: 8:393) (0:52694 frames) (1:141469)
D/SFPerfTracer(  278):        layers: (3:13) (DimLayer: 0:65)* (DimLayer: 0:23)* (FocusedStackFrame: 1:1328)* (StatusBar: 0:7735) (NavigationBar: 0:9689) (DimLayer: 0:2062)* (DimLayer: 0:237)* (com.android.wallpaper.fall.FallWallpaper: 0:16215)* (com.android.systemui/com.android.systemui.recent.RecentsActivity: 0:61)* (com.rhmsoft.fm/com.rhmsoft.fm.FileManager: 0:73)* (thumbnail anim: 0:18)* (Starting com.android.packageinstaller: 0:14)* (com.android.packageinstaller/com.android.packageinstaller.PackageInstallerActivity: 1:14) 
W/ActivityManager( 1016): No content provider found for permission revoke: file:///storage/emulated/0/Download/FB_Auth-release.apk
I/LaunchCheckinHandler( 1016): Displayed com.android.packageinstaller/.InstallAppProgress,wp,ca,147
W/PackageParser(18319): No actions in intent filter at /storage/emulated/0/Download/FB_Auth-release.apk Binary XML file line #28
I/SFPerfTracer(  278):      triggers: (rate: 32:28375) (87847 sw vsyncs) (49983 skipped) (36:141082 vsyncs) (38:246220)
W/ActivityManager( 1016): No content provider found for permission revoke: file:///storage/emulated/0/Download/FB_Auth-release.apk
I/PackageManager( 1016): Copying native libraries to /data/app-lib/vmdl1807843943
W/PackageParser( 1016): No actions in intent filter at /data/app/vmdl1807843943.tmp Binary XML file line #28
I/ActivityManager( 1016): Force stopping com.giftme.fb_auth appid=10106 user=-1: uninstall pkg
I/PackageManager( 1016): Package com.giftme.fb_auth codePath changed from /data/app/com.giftme.fb_auth-2.apk to /data/app/com.giftme.fb_auth-1.apk; Retaining data and using new
I/ActivityManager( 1016): Force stopping com.giftme.fb_auth appid=10106 user=-1: update pkg
W/PackageManager( 1016): Code path for pkg : com.giftme.fb_auth changing from /data/app/com.giftme.fb_auth-2.apk to /data/app/com.giftme.fb_auth-1.apk
W/PackageManager( 1016): Resource path for pkg : com.giftme.fb_auth changing from /data/app/com.giftme.fb_auth-2.apk to /data/app/com.giftme.fb_auth-1.apk
W/PackageManager( 1016): Unknown permission android.permission.RECORD_VIDEO in package com.giftme.fb_auth
I/ActivityManager( 1016): Force stopping com.giftme.fb_auth appid=10106 user=0: pkg removed
I/PackageManager( 1016): Adding preferred activity ComponentInfo{com.android.mms/com.android.mms.ui.ComposeMessageActivity} for user 0 :
I/PackageManager( 1016): Adding preferred activity ComponentInfo{com.android.mms/com.android.mms.ui.ComposeMessageActivity} for user 0 :
I/PackageManager( 1016): Adding preferred activity ComponentInfo{com.android.mms/com.android.mms.ui.ComposeMessageActivity} for user 0 :
I/PackageManager( 1016): Adding preferred activity ComponentInfo{com.android.mms/com.android.mms.ui.ComposeMessageActivity} for user 0 :
I/PackageManager( 1016): Adding preferred activity ComponentInfo{com.android.mms/com.android.mms.ui.ComposeMessageActivity} for user 0 :
I/PackageManager( 1016): Adding preferred activity ComponentInfo{com.android.mms/com.android.mms.ui.ComposeMessageActivity} for user 0 :
I/PackageManager( 1016): Adding preferred activity ComponentInfo{com.android.mms/com.android.mms.ui.ComposeMessageActivity} for user 0 :
I/ActivityManager( 1016): Start proc com.google.android.googlequicksearchbox:search for broadcast com.google.android.googlequicksearchbox/com.google.android.search.core.summons.icing.InternalIcingCorporaProvider$CorporaChangedReceiver: pid=25519 uid=10045 gids={50045, 3003, 1028, 3002, 1015}
I/PackageManager( 1016): Adding preferred activity ComponentInfo{com.android.mms/com.android.mms.ui.ComposeMessageActivity} for user 0 :
D/BackupManagerService( 1016): Received broadcast Intent { act=android.intent.action.PACKAGE_REMOVED dat=package:com.giftme.fb_auth flg=0x4000010 (has extras) }
I/PackageManager( 1016): Adding preferred activity ComponentInfo{com.android.mms/com.android.mms.ui.ComposeMessageActivity} for user 0 :
I/PackageManager( 1016): Adding preferred activity ComponentInfo{com.android.mms/com.android.mms.ui.ComposeMessageActivity} for user 0 :
D/BackupManagerService( 1016): Received broadcast Intent { act=android.intent.action.PACKAGE_ADDED dat=package:com.giftme.fb_auth flg=0x4000010 (has extras) }
V/BackupManagerService( 1016): removePackageParticipantsLocked: uid=10106 #1
V/BackupManagerService( 1016): addPackageParticipantsLocked: #1
I/PackageManager( 1016): Adding preferred activity ComponentInfo{com.android.mms/com.android.mms.ui.ComposeMessageActivity} for user 0 :
I/PackageManager( 1016): Adding preferred activity ComponentInfo{com.android.mms/com.android.mms.ui.ComposeMessageActivity} for user 0 :
I/PackageManager( 1016): Adding preferred activity ComponentInfo{com.android.mms/com.android.mms.ui.ComposeMessageActivity} for user 0 :
I/PackageManager( 1016): Adding preferred activity ComponentInfo{com.android.mms/com.android.mms.ui.ComposeMessageActivity} for user 0 :
I/ActivityManager( 1016): Start proc com.google.android.apps.docs for broadcast com.google.android.apps.docs/.receivers.AppPackageAddRemoveReceiver: pid=25533 uid=10060 gids={50060, 3003, 1028, 1015}
I/PackageManager( 1016): Adding preferred activity ComponentInfo{com.android.mms/com.android.mms.ui.ComposeMessageActivity} for user 0 :
I/PackageManager( 1016): Adding preferred activity ComponentInfo{com.android.mms/com.android.mms.ui.ComposeMessageActivity} for user 0 :
I/PackageManager( 1016): Adding preferred activity ComponentInfo{com.android.mms/com.android.mms.ui.ComposeMessageActivity} for user 0 :
I/PackageManager( 1016): Adding preferred activity ComponentInfo{com.android.mms/com.android.mms.ui.ComposeMessageActivity} for user 0 :
I/PackageManager( 1016): Adding preferred activity ComponentInfo{com.android.mms/com.android.mms.ui.ComposeMessageActivity} for user 0 :
I/PackageManager( 1016): Adding preferred activity ComponentInfo{com.android.mms/com.android.mms.ui.ComposeMessageActivity} for user 0 :
I/PackageManager( 1016): Adding preferred activity ComponentInfo{com.android.mms/com.android.mms.ui.ComposeMessageActivity} for user 0 :
I/PackageManager( 1016): Adding preferred activity ComponentInfo{com.android.mms/com.android.mms.ui.ComposeMessageActivity} for user 0 :
I/PackageManager( 1016): Adding preferred activity ComponentInfo{com.android.mms/com.android.mms.ui.ComposeMessageActivity} for user 0 :
I/PackageManager( 1016): Adding preferred activity ComponentInfo{com.android.mms/com.android.mms.ui.ComposeMessageActivity} for user 0 :
I/ActivityManager( 1016): Start proc com.android.keychain for broadcast com.android.keychain/.KeyChainBroadcastReceiver: pid=25560 uid=1000 gids={41000, 1028, 1015, 3002, 3001, 3003, 1021, 3004, 3005, 1000, 3009, 1023, 1010, 1004, 2002, 3006}
W/ContextImpl(25560): Calling a method in the system process without a qualified user: android.app.ContextImpl.startService:1608 android.content.ContextWrapper.startService:494 android.content.ContextWrapper.startService:494 com.android.keychain.KeyChainBroadcastReceiver.onReceive:12 android.app.ActivityThread.handleReceiver:2434 
I/ActivityManager( 1016): Start proc com.google.android.apps.plus for broadcast com.google.android.apps.plus/.service.PackagesMediaMonitor: pid=25572 uid=10090 gids={50090, 3003, 3002, 1028, 1015}
V/AlarmManager( 1016): sending alarm Alarm{43460c50 type 3 android}
I/ActivityManager( 1016): Start proc com.facebook.katana:dash for broadcast com.facebook.katana/com.facebook.dash.receivers.DashPackageUninstallReceiver: pid=25593 uid=10110 gids={50110, 1028, 1015, 3003}
I/ActivityManager( 1016): Killing 24856:com.google.android.talk/u0a71 (adj 15): empty #9
W/ContextImpl( 1231): Calling a method in the system process without a qualified user: android.app.ContextImpl.sendBroadcast:1252 android.content.ContextWrapper.sendBroadcast:365 com.motorola.motocare.util.TriggerHelper$TriggerBuilder.send:76 com.motorola.motocare.internal.frameworkevents.ProcessKillTrigger.sendTrigger:147 com.motorola.motocare.internal.frameworkevents.ProcessKillTrigger.handleFrameworkEvent:164 
I/SFPerfTracer(  278):      triggers: (rate: 32:28375) (87847 sw vsyncs) (49983 skipped) (0:141109 vsyncs) (2:246321)
I/ActivityManager( 1016): Killing 24934:com.google.android.partnersetup/u0a25 (adj 15): empty #9
W/ContextImpl( 1231): Calling a method in the system process without a qualified user: android.app.ContextImpl.sendBroadcast:1252 android.content.ContextWrapper.sendBroadcast:365 com.motorola.motocare.util.TriggerHelper$TriggerBuilder.send:76 com.motorola.motocare.internal.frameworkevents.ProcessKillTrigger.sendTrigger:147 com.motorola.motocare.internal.frameworkevents.ProcessKillTrigger.handleFrameworkEvent:164 
I/ActivityManager( 1016): START u0 {act=android.intent.action.MAIN cat=[android.intent.category.LAUNCHER] flg=0x10000000 pkg=com.giftme.fb_auth cmp=com.giftme.fb_auth/.FB_Auth} from pid 25445
W/ContextImpl( 1231): Calling a method in the system process without a qualified user: android.app.ContextImpl.sendBroadcast:1252 android.content.ContextWrapper.sendBroadcast:365 com.motorola.motocare.util.TriggerHelper$TriggerBuilder.send:76 com.motorola.motocare.internal.frameworkevents.PauseResumeTrigger.handleFrameworkEvent:53 com.motorola.motocare.internal.frameworkevents.FwEventMonitor$FrameworkListener.processFrameworkEvent:114 
I/ActivityManager( 1016): Start proc com.giftme.fb_auth for activity com.giftme.fb_auth/.FB_Auth: pid=25617 uid=10106 gids={50106, 3003, 1028, 1015}
W/ContextImpl( 1231): Calling a method in the system process without a qualified user: android.app.ContextImpl.sendBroadcast:1252 android.content.ContextWrapper.sendBroadcast:365 com.motorola.motocare.util.TriggerHelper$TriggerBuilder.send:76 com.motorola.motocare.internal.frameworkevents.PauseResumeTrigger.handleFrameworkEvent:53 com.motorola.motocare.internal.frameworkevents.FwEventMonitor$FrameworkListener.processFrameworkEvent:114 
I/ActivityManager( 1016): Process com.google.android.apps.docs (pid 25533) has died.
W/Vold    (  261): Returning OperationFailed - no handler for errno 30
I/ActivityManager( 1016): Process com.rhmsoft.fm:service (pid 17063) has died.
W/ActivityManager( 1016): Scheduling restart of crashed service com.rhmsoft.fm/com.cleanmaster.fm.service.BackgroundService in 1000ms
I/SFPerfTracer(  278):      triggers: (rate: 36:2732) (compose: 0:12) (post: 0:2) (render: 8:393) (12:52724 frames) (13:141571)
D/SFPerfTracer(  278):        layers: (4:11) (DimLayer: 0:65)* (DimLayer: 0:23)* (FocusedStackFrame: 1:1335)* (StatusBar: 0:7736) (NavigationBar: 1:9690) (DimLayer: 0:2062)* (DimLayer: 1:240) (com.android.wallpaper.fall.FallWallpaper: 0:16215)* (com.android.packageinstaller/com.android.packageinstaller.PackageInstallerActivity: 0:36)* (com.android.packageinstaller/com.android.packageinstaller.InstallAppProgress: 12:97) (Starting com.giftme.fb_auth: 1:4)* 
D/WifiService( 1016): New client listening to asynchronous messages
I/ActivityManager( 1016): Start proc com.google.android.partnersetup for broadcast com.google.android.partnersetup/.RlzPingBroadcastReceiver: pid=25674 uid=10025 gids={50025, 3003}
I/ActivityManager( 1016): Start proc com.google.android.apps.docs for broadcast com.google.android.apps.docs/.receivers.AppPackageAddRemoveReceiver: pid=25693 uid=10060 gids={50060, 3003, 1028, 1015}
I/LaunchCheckinHandler( 1016): Displayed com.giftme.fb_auth/.FB_Auth,cp,ca,592
I/ActivityManager( 1016): Process com.facebook.katana:dash (pid 25593) has died.
D/WifiService( 1016): Client connection lost with reason: 4
I/ActivityManager( 1016): Killing 24967:com.devexpert.weather/u0a112 (adj 15): empty #9
W/ContextImpl( 1231): Calling a method in the system process without a qualified user: android.app.ContextImpl.sendBroadcast:1252 android.content.ContextWrapper.sendBroadcast:365 com.motorola.motocare.util.TriggerHelper$TriggerBuilder.send:76 com.motorola.motocare.internal.frameworkevents.ProcessKillTrigger.sendTrigger:147 com.motorola.motocare.internal.frameworkevents.ProcessKillTrigger.handleFrameworkEvent:164 
I/ActivityManager( 1016): Start proc com.rhmsoft.fm:service for service com.rhmsoft.fm/com.cleanmaster.fm.service.BackgroundService: pid=25740 uid=10105 gids={50105, 3003, 1028, 1015}
I/ActivityManager( 1016): Process android.process.media (pid 17168) has died.
W/ActivityManager( 1016): Scheduling restart of crashed service com.android.providers.media/.MtpService in 1000ms
W/Vold    (  261): Returning OperationFailed - no handler for errno 30
I/ActivityManager( 1016): Start proc com.google.android.apps.magazines for broadcast com.google.android.apps.magazines/com.google.apps.dots.android.app.receiver.FirstInstallNotificationReceiver: pid=25764 uid=10077 gids={50077, 3003, 1028, 1015}
I/ActivityManager( 1016): Killing 25491:com.android.defcontainer/u0a13 (adj 15): empty #9
W/ContextImpl( 1231): Calling a method in the system process without a qualified user: android.app.ContextImpl.sendBroadcast:1252 android.content.ContextWrapper.sendBroadcast:365 com.motorola.motocare.util.TriggerHelper$TriggerBuilder.send:76 com.motorola.motocare.internal.frameworkevents.ProcessKillTrigger.sendTrigger:147 com.motorola.motocare.internal.frameworkevents.ProcessKillTrigger.handleFrameworkEvent:164 
W/Vold    (  261): Returning OperationFailed - no handler for errno 30
I/ActivityManager( 1016): Killing 25560:com.android.keychain/1000 (adj 15): empty #9
W/ContextImpl( 1231): Calling a method in the system process without a qualified user: android.app.ContextImpl.sendBroadcast:1252 android.content.ContextWrapper.sendBroadcast:365 com.motorola.motocare.util.TriggerHelper$TriggerBuilder.send:76 com.motorola.motocare.internal.frameworkevents.ProcessKillTrigger.sendTrigger:147 com.motorola.motocare.internal.frameworkevents.ProcessKillTrigger.handleFrameworkEvent:164 
I/ActivityManager( 1016): Start proc com.devexpert.weather for broadcast com.devexpert.weather/.view.WidgetWeather2x1: pid=25813 uid=10112 gids={50112, 3003, 1028, 1015}
I/ActivityManager( 1016): Killing 25674:com.google.android.partnersetup/u0a25 (adj 15): empty #9
W/ContextImpl( 1231): Calling a method in the system process without a qualified user: android.app.ContextImpl.sendBroadcast:1252 android.content.ContextWrapper.sendBroadcast:365 com.motorola.motocare.util.TriggerHelper$TriggerBuilder.send:76 com.motorola.motocare.internal.frameworkevents.ProcessKillTrigger.sendTrigger:147 com.motorola.motocare.internal.frameworkevents.ProcessKillTrigger.handleFrameworkEvent:164 
I/ActivityManager( 1016): Start proc android.process.media for service com.android.providers.media/.MtpService: pid=25837 uid=10018 gids={50018, 1028, 1015, 1023, 1024, 2001, 3003, 3007}
I/openssl (25837): Crypto mode not selected, openssl will run on its regular mode.
I/openssl (25837): Crypto mode 0 already enabled
W/InputMethodManagerService( 1016): Window already focused, ignoring focus gain of: com.android.internal.view.IInputMethodClient$Stub$Proxy@430d55a8 attribute=null, token = android.os.BinderProxy@434554a0
I/SFPerfTracer(  278):      triggers: (rate: 32:28375) (87847 sw vsyncs) (49983 skipped) (17:141198 vsyncs) (19:246427)
I/ActivityManager( 1016): Process com.android.packageinstaller (pid 25445) has died.
W/InputMethodManagerService( 1016): Window already focused, ignoring focus gain of: com.android.internal.view.IInputMethodClient$Stub$Proxy@4279c948 attribute=null, token = android.os.BinderProxy@434554a0
I/SFPerfTracer(  278):      triggers: (rate: 36:2732) (compose: 0:12) (post: 0:2) (render: 8:393) (27:52813 frames) (28:141694)
D/SFPerfTracer(  278):        layers: (5:13) (DimLayer: 0:65)* (DimLayer: 0:23)* (FocusedStackFrame: 0:1342)* (StatusBar: 0:7737) (NavigationBar: 0:9708) (DimLayer: 0:2102) (DimLayer: 0:241)* (com.android.wallpaper.fall.FallWallpaper: 0:16215)* (com.android.packageinstaller/com.android.packageinstaller.InstallAppProgress: 0:102)* (Starting com.giftme.fb_auth: 0:31)* (com.giftme.fb_auth/com.giftme.fb_auth.FB_Auth: 17:55) (com.giftme.fb_auth/com.giftme.fb_auth.FB_Auth: 0:32)* (com.giftme.fb_auth/com.giftme.fb_auth.FB_Auth: 14:31) 
I/ActivityManager( 1016): START u0 {act=SSO_WITH_FALLBACK cmp=com.giftme.fb_auth/com.facebook.LoginActivity (has extras)} from pid 25617
W/ContextImpl( 1231): Calling a method in the system process without a qualified user: android.app.ContextImpl.sendBroadcast:1252 android.content.ContextWrapper.sendBroadcast:365 com.motorola.motocare.util.TriggerHelper$TriggerBuilder.send:76 com.motorola.motocare.internal.frameworkevents.PauseResumeTrigger.handleFrameworkEvent:53 com.motorola.motocare.internal.frameworkevents.FwEventMonitor$FrameworkListener.processFrameworkEvent:114 
W/ContextImpl( 1231): Calling a method in the system process without a qualified user: android.app.ContextImpl.sendBroadcast:1252 android.content.ContextWrapper.sendBroadcast:365 com.motorola.motocare.util.TriggerHelper$TriggerBuilder.send:76 com.motorola.motocare.internal.frameworkevents.PauseResumeTrigger.handleFrameworkEvent:53 com.motorola.motocare.internal.frameworkevents.FwEventMonitor$FrameworkListener.processFrameworkEvent:114 
I/LaunchCheckinHandler( 1016): Displayed com.giftme.fb_auth/com.facebook.LoginActivity,wp,ca,121
W/ContextImpl( 1231): Calling a method in the system process without a qualified user: android.app.ContextImpl.sendBroadcast:1252 android.content.ContextWrapper.sendBroadcast:365 com.motorola.motocare.util.TriggerHelper$TriggerBuilder.send:76 com.motorola.motocare.internal.frameworkevents.PauseResumeTrigger.handleFrameworkEvent:53 com.motorola.motocare.internal.frameworkevents.FwEventMonitor$FrameworkListener.processFrameworkEvent:114 
W/ContextImpl( 1231): Calling a method in the system process without a qualified user: android.app.ContextImpl.sendBroadcast:1252 android.content.ContextWrapper.sendBroadcast:365 com.motorola.motocare.util.TriggerHelper$TriggerBuilder.send:76 com.motorola.motocare.internal.frameworkevents.PauseResumeTrigger.handleFrameworkEvent:53 com.motorola.motocare.internal.frameworkevents.FwEventMonitor$FrameworkListener.processFrameworkEvent:114 
I/SFPerfTracer(  278):      triggers: (rate: 32:28375) (87847 sw vsyncs) (49983 skipped) (17:141291 vsyncs) (19:246542)
W/InputMethodManagerService( 1016): Window already focused, ignoring focus gain of: com.android.internal.view.IInputMethodClient$Stub$Proxy@42feb9b0 attribute=null, token = android.os.BinderProxy@434554a0
I/SFPerfTracer(  278):      triggers: (rate: 36:2732) (compose: 0:12) (post: 0:2) (render: 8:393) (4:52878 frames) (5:141796)
D/SFPerfTracer(  278):        layers: (5:13) (DimLayer: 0:65)* (DimLayer: 0:23)* (FocusedStackFrame: 1:1351)* (StatusBar: 0:7737) (NavigationBar: 0:9708) (DimLayer: 5:2146) (DimLayer: 0:241)* (com.android.wallpaper.fall.FallWallpaper: 0:16215)* (com.giftme.fb_auth/com.giftme.fb_auth.FB_Auth: 0:55) (com.giftme.fb_auth/com.giftme.fb_auth.FB_Auth: 0:44)* (com.giftme.fb_auth/com.facebook.LoginActivity: 0:32)* (com.giftme.fb_auth/com.giftme.fb_auth.FB_Auth: 0:48)* (com.giftme.fb_auth/com.giftme.fb_auth.FB_Auth: 4:18) 
W/InputMethodManagerService( 1016): Window already focused, ignoring focus gain of: com.android.internal.view.IInputMethodClient$Stub$Proxy@42998688 attribute=null, token = android.os.BinderProxy@434554a0
I/SFPerfTracer(  278):      triggers: (rate: 32:28375) (87847 sw vsyncs) (49983 skipped) (17:141391 vsyncs) (19:246656)
V/AlarmManager( 1016): sending alarm Alarm{42a8cab8 type 3 com.devexpert.weather}
V/AlarmManager( 1016): sending alarm Alarm{42a82a78 type 0 com.rhmsoft.fm}
V/AlarmManager( 1016): sending alarm Alarm{42a82688 type 0 com.android.vending}
V/AlarmManager( 1016): sending alarm Alarm{42a80840 type 1 com.rhmsoft.fm}
I/SFPerfTracer(  278):      triggers: (rate: 32:28375) (87847 sw vsyncs) (49983 skipped) (17:141479 vsyncs) (19:246760)
I/ActivityManager( 1016): START u0 {act=com.motorola.ccc.devicemanagement.setup.action.LAUNCH flg=0x10000000 cmp=com.motorola.ccc.devicemanagement/.setup.DeviceAdminSetupActivity bnds=[0,388][720,516]} from pid -1
W/ContextImpl( 1231): Calling a method in the system process without a qualified user: android.app.ContextImpl.sendBroadcast:1252 android.content.ContextWrapper.sendBroadcast:365 com.motorola.motocare.util.TriggerHelper$TriggerBuilder.send:76 com.motorola.motocare.internal.frameworkevents.PauseResumeTrigger.handleFrameworkEvent:53 com.motorola.motocare.internal.frameworkevents.FwEventMonitor$FrameworkListener.processFrameworkEvent:114 
W/ContextImpl( 1231): Calling a method in the system process without a qualified user: android.app.ContextImpl.sendBroadcast:1252 android.content.ContextWrapper.sendBroadcast:365 com.motorola.motocare.util.TriggerHelper$TriggerBuilder.send:76 com.motorola.motocare.internal.frameworkevents.PauseResumeTrigger.handleFrameworkEvent:53 com.motorola.motocare.internal.frameworkevents.FwEventMonitor$FrameworkListener.processFrameworkEvent:114 
I/SFPerfTracer(  278):      triggers: (rate: 32:28375) (87847 sw vsyncs) (49983 skipped) (10:141567 vsyncs) (12:246861)
I/ActivityManager( 1016): Process com.google.android.apps.docs (pid 25693) has died.
I/LaunchCheckinHandler( 1016): Displayed com.motorola.ccc.devicemanagement/.setup.DeviceAdminSetupActivity,wp,ca,613
I/SFPerfTracer(  278):      triggers: (rate: 36:2733) (compose: 0:12) (post: 0:2) (render: 8:396) (0:52940 frames) (1:141896)
D/SFPerfTracer(  278):        layers: (3:12) (DimLayer: 0:65)* (DimLayer: 0:23)* (FocusedStackFrame: 0:1357)* (StatusBar: 0:7774) (NavigationBar: 0:9709) (DimLayer: 0:2158)* (DimLayer: 0:243)* (com.android.wallpaper.fall.FallWallpaper: 0:16215)* (com.giftme.fb_auth/com.giftme.fb_auth.FB_Auth: 0:83)* (com.giftme.fb_auth/com.giftme.fb_auth.FB_Auth: 0:32)* (Starting com.motorola.ccc.devicemanagement: 0:30)* (com.motorola.ccc.devicemanagement/com.motorola.ccc.devicemanagement.setup.DeviceAdminSetupActivity: 1:37) 
I/SFPerfTracer(  278):      triggers: (rate: 32:28375) (87847 sw vsyncs) (49983 skipped) (17:141654 vsyncs) (19:246963)
I/ActivityManager( 1016): START u0 {act=android.app.action.ADD_DEVICE_ADMIN cmp=com.android.settings/.DeviceAdminAdd (has extras)} from pid 30980
W/ContextImpl( 1231): Calling a method in the system process without a qualified user: android.app.ContextImpl.sendBroadcast:1252 android.content.ContextWrapper.sendBroadcast:365 com.motorola.motocare.util.TriggerHelper$TriggerBuilder.send:76 com.motorola.motocare.internal.frameworkevents.PauseResumeTrigger.handleFrameworkEvent:53 com.motorola.motocare.internal.frameworkevents.FwEventMonitor$FrameworkListener.processFrameworkEvent:114 
I/ActivityManager( 1016): Start proc com.android.settings for activity com.android.settings/.DeviceAdminAdd: pid=25999 uid=1000 gids={41000, 1028, 1015, 3002, 3001, 3003, 1021, 3004, 3005, 1000, 3009, 1023, 1010, 1004, 2002, 3006}
W/ContextImpl( 1231): Calling a method in the system process without a qualified user: android.app.ContextImpl.sendBroadcast:1252 android.content.ContextWrapper.sendBroadcast:365 com.motorola.motocare.util.TriggerHelper$TriggerBuilder.send:76 com.motorola.motocare.internal.frameworkevents.PauseResumeTrigger.handleFrameworkEvent:53 com.motorola.motocare.internal.frameworkevents.FwEventMonitor$FrameworkListener.processFrameworkEvent:114 
I/LaunchCheckinHandler( 1016): Displayed com.android.settings/.DeviceAdminAdd,cp,ca,459
I/SFPerfTracer(  278):      triggers: (rate: 32:28375) (87847 sw vsyncs) (49983 skipped) (31:141752 vsyncs) (33:247082)
I/ActivityManager( 1016): Process com.google.android.apps.plus (pid 25572) has died.
I/ActivityManager( 1016): Process android.process.acore (pid 24772) has died.
V/AlarmManager( 1016): sending alarm Alarm{42a7f900 type 3 android}
V/AlarmManager( 1016): sending alarm Alarm{42a807c8 type 0 com.android.deskclock}
W/BackupManagerService( 1016): dataChanged but no participant pkg='com.android.providers.settings' uid=10015
I/ActivityManager( 1016): START u0 {act=fullscreen_activity dat=content://com.android.deskclock/instances/1 flg=0x10040000 cmp=com.android.deskclock/.alarms.AlarmActivity} from pid -1
W/ContextImpl( 1231): Calling a method in the system process without a qualified user: android.app.ContextImpl.sendBroadcast:1252 android.content.ContextWrapper.sendBroadcast:365 com.motorola.motocare.util.TriggerHelper$TriggerBuilder.send:76 com.motorola.motocare.internal.frameworkevents.PauseResumeTrigger.handleFrameworkEvent:53 com.motorola.motocare.internal.frameworkevents.FwEventMonitor$FrameworkListener.processFrameworkEvent:114 
W/ContextImpl( 1231): Calling a method in the system process without a qualified user: android.app.ContextImpl.sendBroadcast:1252 android.content.ContextWrapper.sendBroadcast:365 com.motorola.motocare.util.TriggerHelper$TriggerBuilder.send:76 com.motorola.motocare.internal.frameworkevents.PauseResumeTrigger.handleFrameworkEvent:53 com.motorola.motocare.internal.frameworkevents.FwEventMonitor$FrameworkListener.processFrameworkEvent:114 
W/ContextImpl( 1231): Calling a method in the system process without a qualified user: android.app.ContextImpl.sendBroadcast:1252 android.content.ContextWrapper.sendBroadcast:365 com.motorola.motocare.util.TriggerHelper$TriggerBuilder.send:76 com.motorola.motocare.internal.frameworkevents.ProcessKillTrigger.sendTrigger:147 com.motorola.motocare.internal.frameworkevents.ProcessKillTrigger.handleLmkKill:337 
W/ContextImpl( 1231): Calling a method in the system process without a qualified user: android.app.ContextImpl.sendBroadcast:1252 android.content.ContextWrapper.sendBroadcast:365 com.motorola.motocare.util.TriggerHelper$TriggerBuilder.send:76 com.motorola.motocare.internal.frameworkevents.ProcessKillTrigger.sendTrigger:147 com.motorola.motocare.internal.frameworkevents.ProcessKillTrigger.handleLmkKill:337 
W/ContextImpl( 1231): Calling a method in the system process without a qualified user: android.app.ContextImpl.sendBroadcast:1252 android.content.ContextWrapper.sendBroadcast:365 com.motorola.motocare.util.TriggerHelper$TriggerBuilder.send:76 com.motorola.motocare.internal.frameworkevents.ProcessKillTrigger.sendTrigger:147 com.motorola.motocare.internal.frameworkevents.ProcessKillTrigger.handleLmkKill:337 
W/ContextImpl( 1231): Calling a method in the system process without a qualified user: android.app.ContextImpl.sendBroadcast:1252 android.content.ContextWrapper.sendBroadcast:365 com.motorola.motocare.util.TriggerHelper$TriggerBuilder.send:76 com.motorola.motocare.internal.frameworkevents.ProcessKillTrigger.sendTrigger:147 com.motorola.motocare.internal.frameworkevents.ProcessKillTrigger.handleLmkKill:337 
W/ContextImpl( 1231): Calling a method in the system process without a qualified user: android.app.ContextImpl.sendBroadcast:1252 android.content.ContextWrapper.sendBroadcast:365 com.motorola.motocare.util.TriggerHelper$TriggerBuilder.send:76 com.motorola.motocare.internal.frameworkevents.ProcessKillTrigger.sendTrigger:147 com.motorola.motocare.internal.frameworkevents.ProcessKillTrigger.handleLmkKill:337 
W/ContextImpl( 1231): Calling a method in the system process without a qualified user: android.app.ContextImpl.sendBroadcast:1252 android.content.ContextWrapper.sendBroadcast:365 com.motorola.motocare.util.TriggerHelper$TriggerBuilder.send:76 com.motorola.motocare.internal.frameworkevents.ProcessKillTrigger.sendTrigger:147 com.motorola.motocare.internal.frameworkevents.ProcessKillTrigger.handleLmkKill:337 
W/ContextImpl( 1231): Calling a method in the system process without a qualified user: android.app.ContextImpl.sendBroadcast:1252 android.content.ContextWrapper.sendBroadcast:365 com.motorola.motocare.util.TriggerHelper$TriggerBuilder.send:76 com.motorola.motocare.internal.frameworkevents.ProcessKillTrigger.sendTrigger:147 com.motorola.motocare.internal.frameworkevents.ProcessKillTrigger.handleLmkKill:337 
W/ContextImpl( 1231): Calling a method in the system process without a qualified user: android.app.ContextImpl.sendBroadcast:1252 android.content.ContextWrapper.sendBroadcast:365 com.motorola.motocare.util.TriggerHelper$TriggerBuilder.send:76 com.motorola.motocare.internal.frameworkevents.ProcessKillTrigger.sendTrigger:147 com.motorola.motocare.internal.frameworkevents.ProcessKillTrigger.handleLmkKill:337 
I/LaunchCheckinHandler( 1016): Displayed com.android.deskclock/.alarms.AlarmActivity,wp,ca,371
I/SFPerfTracer(  278):      triggers: (rate: 36:2733) (compose: 0:12) (post: 0:2) (render: 8:396) (0:52987 frames) (1:141996)
D/SFPerfTracer(  278):        layers: (4:12) (DimLayer: 0:65)* (DimLayer: 0:23)* (FocusedStackFrame: 0:1364)* (StatusBar: 1:7811) (NavigationBar: 0:9711) (DimLayer: 0:2158)* (DimLayer: 0:245)* (com.android.wallpaper.fall.FallWallpaper: 1:16224) (com.motorola.ccc.devicemanagement/com.motorola.ccc.devicemanagement.setup.DeviceAdminSetupActivity: 0:63)* (Starting com.android.settings: 0:32)* (com.android.settings/com.android.settings.DeviceAdminAdd: 0:53)* (com.android.deskclock/com.android.deskclock.alarms.AlarmActivity: 1:7) 
V/AlarmManager( 1016): sending alarm Alarm{42ae8ea0 type 3 com.devexpert.weather}
I/SFPerfTracer(  278):      triggers: (rate: 36:2733) (compose: 0:12) (post: 0:2) (render: 8:396) (0:52987 frames) (1:142096)
D/SFPerfTracer(  278):        layers: (4:9) (DimLayer: 0:65)* (DimLayer: 0:23)* (FocusedStackFrame: 0:1364)* (StatusBar: 0:7824) (NavigationBar: 0:9711) (DimLayer: 0:2158)* (DimLayer: 0:245)* (com.android.wallpaper.fall.FallWallpaper: 1:16249) (com.android.deskclock/com.android.deskclock.alarms.AlarmActivity: 1:107) 
I/SFPerfTracer(  278):      triggers: (rate: 36:2733) (compose: 0:12) (post: 0:2) (render: 8:396) (0:52987 frames) (1:142196)
D/SFPerfTracer(  278):        layers: (4:9) (DimLayer: 0:65)* (DimLayer: 0:23)* (FocusedStackFrame: 0:1364)* (StatusBar: 0:7824) (NavigationBar: 0:9711) (DimLayer: 0:2158)* (DimLayer: 0:245)* (com.android.wallpaper.fall.FallWallpaper: 1:16274) (com.android.deskclock/com.android.deskclock.alarms.AlarmActivity: 1:207) 
I/SFPerfTracer(  278):      triggers: (rate: 36:2733) (compose: 0:12) (post: 0:2) (render: 8:396) (0:52987 frames) (1:142296)
D/SFPerfTracer(  278):        layers: (4:9) (DimLayer: 0:65)* (DimLayer: 0:23)* (FocusedStackFrame: 0:1364)* (StatusBar: 0:7824) (NavigationBar: 0:9711) (DimLayer: 0:2158)* (DimLayer: 0:245)* (com.android.wallpaper.fall.FallWallpaper: 1:16299) (com.android.deskclock/com.android.deskclock.alarms.AlarmActivity: 1:307) 
I/SFPerfTracer(  278):      triggers: (rate: 36:2733) (compose: 0:12) (post: 0:2) (render: 8:396) (0:52987 frames) (1:142396)
D/SFPerfTracer(  278):        layers: (4:9) (DimLayer: 0:65)* (DimLayer: 0:23)* (FocusedStackFrame: 0:1364)* (StatusBar: 0:7824) (NavigationBar: 0:9711) (DimLayer: 0:2158)* (DimLayer: 0:245)* (com.android.wallpaper.fall.FallWallpaper: 0:16324) (com.android.deskclock/com.android.deskclock.alarms.AlarmActivity: 1:407) 
I/SFPerfTracer(  278):      triggers: (rate: 36:2733) (compose: 0:12) (post: 0:2) (render: 8:396) (0:52987 frames) (1:142496)
D/SFPerfTracer(  278):        layers: (4:9) (DimLayer: 0:65)* (DimLayer: 0:23)* (FocusedStackFrame: 0:1364)* (StatusBar: 0:7824) (NavigationBar: 0:9711) (DimLayer: 0:2158)* (DimLayer: 0:245)* (com.android.wallpaper.fall.FallWallpaper: 0:16349) (com.android.deskclock/com.android.deskclock.alarms.AlarmActivity: 1:507) 
I/SFPerfTracer(  278):      triggers: (rate: 36:2733) (compose: 0:12) (post: 0:2) (render: 8:396) (0:52987 frames) (1:142596)
D/SFPerfTracer(  278):        layers: (4:9) (DimLayer: 0:65)* (DimLayer: 0:23)* (FocusedStackFrame: 0:1364)* (StatusBar: 0:7824) (NavigationBar: 0:9711) (DimLayer: 0:2158)* (DimLayer: 0:245)* (com.android.wallpaper.fall.FallWallpaper: 1:16376) (com.android.deskclock/com.android.deskclock.alarms.AlarmActivity: 1:604) 
W/BackupManagerService( 1016): dataChanged but no participant pkg='com.android.providers.settings' uid=10015
W/ContextImpl( 1231): Calling a method in the system process without a qualified user: android.app.ContextImpl.sendBroadcast:1252 android.content.ContextWrapper.sendBroadcast:365 com.motorola.motocare.util.TriggerHelper$TriggerBuilder.send:76 com.motorola.motocare.internal.frameworkevents.PauseResumeTrigger.handleFrameworkEvent:53 com.motorola.motocare.internal.frameworkevents.FwEventMonitor$FrameworkListener.processFrameworkEvent:114 
W/ContextImpl( 1231): Calling a method in the system process without a qualified user: android.app.ContextImpl.sendBroadcast:1252 android.content.ContextWrapper.sendBroadcast:365 com.motorola.motocare.util.TriggerHelper$TriggerBuilder.send:76 com.motorola.motocare.internal.frameworkevents.PauseResumeTrigger.handleFrameworkEvent:53 com.motorola.motocare.internal.frameworkevents.FwEventMonitor$FrameworkListener.processFrameworkEvent:114 
I/SFPerfTracer(  278):      triggers: (rate: 32:28377) (87847 sw vsyncs) (50508 skipped) (780:142586 vsyncs) (782:247928)
I/SFPerfTracer(  278):      triggers: (rate: 36:2733) (compose: 0:12) (post: 0:2) (render: 8:396) (29:53059 frames) (30:142707)
D/SFPerfTracer(  278):        layers: (4:11) (DimLayer: 0:65)* (DimLayer: 0:23)* (FocusedStackFrame: 0:1368)* (StatusBar: 0:7846) (NavigationBar: 0:9713) (DimLayer: 0:2158)* (DimLayer: 0:245)* (com.android.wallpaper.fall.FallWallpaper: 0:16392)* (com.android.deskclock/com.android.deskclock.alarms.AlarmActivity: 0:637)* (Toast: 30:66) (com.android.settings/com.android.settings.DeviceAdminAdd: 0:40) 
I/SFPerfTracer(  278):      triggers: (rate: 32:28377) (87847 sw vsyncs) (50508 skipped) (72:142690 vsyncs) (74:248036)
W/ContextImpl( 1231): Calling a method in the system process without a qualified user: android.app.ContextImpl.sendBroadcast:1252 android.content.ContextWrapper.sendBroadcast:365 com.motorola.motocare.util.TriggerHelper$TriggerBuilder.send:76 com.motorola.motocare.internal.frameworkevents.PauseResumeTrigger.handleFrameworkEvent:53 com.motorola.motocare.internal.frameworkevents.FwEventMonitor$FrameworkListener.processFrameworkEvent:114 
W/ContextImpl( 1231): Calling a method in the system process without a qualified user: android.app.ContextImpl.sendBroadcast:1252 android.content.ContextWrapper.sendBroadcast:365 com.motorola.motocare.util.TriggerHelper$TriggerBuilder.send:76 com.motorola.motocare.internal.frameworkevents.PauseResumeTrigger.handleFrameworkEvent:53 com.motorola.motocare.internal.frameworkevents.FwEventMonitor$FrameworkListener.processFrameworkEvent:114 
I/SFPerfTracer(  278):      triggers: (rate: 36:2733) (compose: 0:12) (post: 0:2) (render: 8:396) (0:53076 frames) (1:142807)
D/SFPerfTracer(  278):        layers: (3:11) (DimLayer: 0:65)* (DimLayer: 0:23)* (FocusedStackFrame: 0:1370)* (StatusBar: 0:7846) (NavigationBar: 0:9713) (DimLayer: 0:2158)* (DimLayer: 0:245)* (com.android.wallpaper.fall.FallWallpaper: 0:16392)* (Toast: 0:67)* (com.android.settings/com.android.settings.DeviceAdminAdd: 0:133)* (com.motorola.ccc.devicemanagement/com.motorola.ccc.devicemanagement.setup.DeviceAdminSetupActivity: 1:4) 
W/ContextImpl( 1231): Calling a method in the system process without a qualified user: android.app.ContextImpl.sendBroadcast:1252 android.content.ContextWrapper.sendBroadcast:365 com.motorola.motocare.util.TriggerHelper$TriggerBuilder.send:76 com.motorola.motocare.internal.frameworkevents.PauseResumeTrigger.handleFrameworkEvent:53 com.motorola.motocare.internal.frameworkevents.FwEventMonitor$FrameworkListener.processFrameworkEvent:114 
W/ContextImpl( 1231): Calling a method in the system process without a qualified user: android.app.ContextImpl.sendBroadcast:1252 android.content.ContextWrapper.sendBroadcast:365 com.motorola.motocare.util.TriggerHelper$TriggerBuilder.send:76 com.motorola.motocare.internal.frameworkevents.PauseResumeTrigger.handleFrameworkEvent:53 com.motorola.motocare.internal.frameworkevents.FwEventMonitor$FrameworkListener.processFrameworkEvent:114 
I/SFPerfTracer(  278):      triggers: (rate: 32:28377) (87847 sw vsyncs) (50508 skipped) (15:142793 vsyncs) (17:248149)
I/SFPerfTracer(  278):      triggers: (rate: 36:2733) (compose: 0:12) (post: 0:2) (render: 8:396) (0:53117 frames) (1:142907)
D/SFPerfTracer(  278):        layers: (3:10) (DimLayer: 0:65)* (DimLayer: 0:23)* (FocusedStackFrame: 0:1374)* (StatusBar: 0:7847) (NavigationBar: 1:9750) (DimLayer: 0:2158)* (DimLayer: 0:247)* (com.android.wallpaper.fall.FallWallpaper: 0:16392)* (com.motorola.ccc.devicemanagement/com.motorola.ccc.devicemanagement.setup.DeviceAdminSetupActivity: 0:40)* (com.giftme.fb_auth/com.giftme.fb_auth.FB_Auth: 0:46) 
I/PackageManager( 1016): Adding preferred activity ComponentInfo{com.android.mms/com.android.mms.ui.ComposeMessageActivity} for user 0 :
I/ActivityManager( 1016): Start proc android.process.acore for broadcast com.android.providers.contacts/.PackageIntentReceiver: pid=26136 uid=10010 gids={50010, 3003, 1028, 1015, 1023}
I/PackageManager( 1016): Adding preferred activity ComponentInfo{com.android.mms/com.android.mms.ui.ComposeMessageActivity} for user 0 :
I/ActivityManager( 1016): Process com.google.android.googlequicksearchbox:search (pid 25519) has died.
I/ActivityManager( 1016): Process com.motorola.MotGallery2 (pid 24896) has died.
I/PackageManager( 1016): Adding preferred activity ComponentInfo{com.android.mms/com.android.mms.ui.ComposeMessageActivity} for user 0 :
I/PackageManager( 1016): Adding preferred activity ComponentInfo{com.android.mms/com.android.mms.ui.ComposeMessageActivity} for user 0 :
I/PackageManager( 1016): Adding preferred activity ComponentInfo{com.android.mms/com.android.mms.ui.ComposeMessageActivity} for user 0 :
I/SFPerfTracer(  278):      triggers: (rate: 32:28377) (87847 sw vsyncs) (50508 skipped) (78:142905 vsyncs) (80:248272)
I/PackageManager( 1016): Adding preferred activity ComponentInfo{com.android.mms/com.android.mms.ui.ComposeMessageActivity} for user 0 :
I/PackageManager( 1016): Adding preferred activity ComponentInfo{com.android.mms/com.android.mms.ui.ComposeMessageActivity} for user 0 :
I/PackageManager( 1016): Adding preferred activity ComponentInfo{com.android.mms/com.android.mms.ui.ComposeMessageActivity} for user 0 :
I/ActivityManager( 1016): Start proc com.motorola.MotGallery2 for broadcast com.motorola.MotGallery2/com.android.gallery3d.app.PackagesMonitor: pid=26161 uid=10034 gids={50034, 3003, 1028, 1015}
I/ActivityManager( 1016): Start proc com.google.android.googlequicksearchbox:search for broadcast com.google.android.googlequicksearchbox/com.google.android.search.core.summons.icing.InternalIcingCorporaProvider$CorporaChangedReceiver: pid=26179 uid=10045 gids={50045, 3003, 1028, 3002, 1015}
I/ActivityManager( 1016): Process com.google.android.apps.magazines (pid 25764) has died.
I/ActivityManager( 1016): Start proc com.google.android.apps.plus for broadcast com.google.android.apps.plus/.service.PackagesMediaMonitor: pid=26196 uid=10090 gids={50090, 3003, 3002, 1028, 1015}
I/ActivityManager( 1016): Start proc com.google.android.partnersetup for content provider com.google.android.partnersetup/.RlzAppProvider: pid=26210 uid=10025 gids={50025, 3003}
I/ActivityManager( 1016): Process com.android.settings (pid 25999) has died.
I/ActivityManager( 1016): Process com.devexpert.weather (pid 25813) has died.
I/ActivityManager( 1016): START u0 {act=com.motorola.avatar.ACTION_SHOW_BYEBYE_DIALOG flg=0x10000000 cmp=com.motorola.avatar/.AvatarDialogs bnds=[600,528][720,656]} from pid -1
W/ContextImpl( 1231): Calling a method in the system process without a qualified user: android.app.ContextImpl.sendBroadcast:1252 android.content.ContextWrapper.sendBroadcast:365 com.motorola.motocare.util.TriggerHelper$TriggerBuilder.send:76 com.motorola.motocare.internal.frameworkevents.PauseResumeTrigger.handleFrameworkEvent:53 com.motorola.motocare.internal.frameworkevents.FwEventMonitor$FrameworkListener.processFrameworkEvent:114 
