D/GetNotificationsWS(30980): onServiceConnected(): Registered for remote service callbacks...
I/SundryService(30980): onHandleIntent(): action=com.motorola.blur.service.blur.Actions.POLLINGMGR_CONNECTIVITY
E/cutils  (  261): Failed to mkdirat(/storage/sdcard1/Android): Read-only file system
W/Vold    (  261): Returning OperationFailed - no handler for errno 30
D/WaitableIntentService(30980): ServiceHandler.handleMessage: mWaitCount=0
W/ContextImpl(31415): Failed to ensure directory: /storage/sdcard1/Android/data/com.rhmsoft.fm/files
I/ActivityManager( 1016): Start proc android.process.media for broadcast com.android.providers.downloads/.DownloadReceiver: pid=32214 uid=10018 gids={50018, 1028, 1015, 1023, 1024, 2001, 3003, 3007}
D/GetNotificationsWS(30980): unbindWebServices(): un-registering our AIDL callback...
I/dalvikvm(32192): Could not find method android.content.pm.PackageManager.getPackageInstaller, referenced from method com.google.android.gms.common.ff.a
W/dalvikvm(32192): VFY: unable to resolve virtual method 479: Landroid/content/pm/PackageManager;.getPackageInstaller ()Landroid/content/pm/PackageInstaller;
D/dalvikvm(32192): VFY: replacing opcode 0x6e at 0x000d
V/GLSUser (30376): [AppCertService] DeviceKey is turned off
W/GmsApplication(30429): Using Auth Proxy for data requests.
D/WVCdm   (  284): Instantiating CDM.
I/WVCdm   (  284): Level3 Library Nov 20 2013 18:09:31
D/DrmWidevineDash(  284): calling OEMCrypto_Initialize, g_qsee_apps_version = 7
D/DrmWidevineDash(  284): Service_Initialize: widevine DASH app is already open!
D/DrmWidevineDash(  284): OEMCrypto_Initialize sion_buffer g_wv_fhandle->ion_sbuffer  0x0xb4152000
E/DrmWidevineDash(  284): sion_buffer g_wv_fhandle->ion_sbuffer  0x0xb4152000
D/DrmWidevineDash(  284): OEMCrypto_Initialize exit returns 0
D/DrmWidevineDash(  284): calling OEMCrypto_APIVersion...
D/DrmWidevineDash(  284): OEMCrypto_APIVersion = 8
D/DrmWidevineDash(  284): calling OEMCrypto_IsKeyboxValid...
D/DrmWidevineDash(  284): OEMCrypto_IsKeyboxValid returns 0
D/WVCdm   (  284): OEMCrypto_Initialize Level 1 success. I will use level 1.
I/WVCdm   (  284): CdmEngine::OpenSession
D/DrmWidevineDash(  284): calling OEMCrypto_OpenSession...
D/DrmWidevineDash(  284): OEMCrypto_OpenSession SID = 1
D/DrmWidevineDash(  284): OEMCrypto_OpenSession returns 0
D/DrmWidevineDash(  284): calling OEMCrypto_GetRandom...
D/DrmWidevineDash(  284): OEMCrypto_GetRandom returns 0
I/WVCdm   (  284): CdmEngine::QueryKeyControlInfo
I/WVCdm   (  284): CdmEngine::CloseSession
D/DrmWidevineDash(  284): calling OEMCrypto_CloseSession. SID = 1
D/DrmWidevineDash(  284): OEMCrypto_CloseSession returns 0
D/MtpService(32214): updating state; isCurrentUser=true, mMtpLocked=false
D/MtpService(32214): mUsbDriverRestricted=false
D/MobileConnectivityChangeReceiver(32142): onReceive Intent { act=android.net.conn.CONNECTIVITY_CHANGE flg=0x4000010 cmp=com.google.android.setupwizard/.MobileConnectivityChangeReceiver (has extras) }
D/MobileConnectivityChangeReceiver(32142): onReceive CONNECTIVITY_CHANGE networkType=1
D/MtpService(32214): addStorageLocked 65537 /storage/emulated/0
I/iu.Environment(31300): update connectivity state; isNetworkMetered? false, isRoaming? false, isBackgroundDataAllowed? true
D/MtpService(32214): updating state; isCurrentUser=true, mMtpLocked=false
D/GCM     (30376): GcmService start Intent { act=android.net.conn.CONNECTIVITY_CHANGE flg=0x4000010 cmp=com.google.android.gms/.gcm.GcmService (has extras) } android.net.conn.CONNECTIVITY_CHANGE
I/iu.Environment(30409): update connectivity state; isNetworkMetered? false, isRoaming? false, isBackgroundDataAllowed? true
D/MtpService(32214): starting MTP server in MTP mode
D/MtpService(32214): addStorageLocked 65537 /storage/emulated/0
D/dalvikvm(32214): No JNI_OnLoad found in /system/lib/libcryptomodes-jni.so 0x427942f8, skipping init
I/openssl (32214): Crypto mode not selected, openssl will run on its regular mode.
I/openssl (32214): Crypto mode 0 already enabled
D/DEBUG   (30980): Received intent : com.motorola.blur.service.blur.Actions.POLLINGMGR_CONNECTIVITY
W/ContextImpl(30980): Implicit intents with startService are not safe: Intent { act=com.motorola.blur.service.blur.Actions.BIND_WSPROXY_SVC } android.content.ContextWrapper.bindService:517 com.motorola.ccc.notification.GetNotificationsWS.bindWebServices:65 com.motorola.ccc.notification.SundryService.onCreate:1039 
D/GetNotificationsWS(30980): bindWebServices(): registering our AIDL callback...
I/SundryService(30980): onHandleIntent(): action=com.motorola.blur.service.blur.Actions.POLLINGMGR_CONNECTIVITY
E/cutils  (  261): Failed to mkdirat(/storage/sdcard1/Android): Read-only file system
W/Vold    (  261): Returning OperationFailed - no handler for errno 30
D/EmailService.MarketingOptInSetter(30980): received com.motorola.blur.service.blur.Actions.POLLINGMGR_CONNECTIVITY
D/GetNotificationsWS(30980): onServiceConnected()
D/GetNotificationsWS(30980): onServiceConnected(): Registered for remote service callbacks...
D/WaitableIntentService(30980): ServiceHandler.handleMessage: mWaitCount=0
D/GetNotificationsWS(30980): unbindWebServices(): un-registering our AIDL callback...
D/GCM     (30376): GcmService start Intent { act=com.google.android.gms.INITIALIZE flg=0x10 pkg=com.google.android.gms cmp=com.google.android.gms/.gcm.GcmService } com.google.android.gms.INITIALIZE
W/ContextImpl(31415): Failed to ensure directory: /storage/sdcard1/Android/data/com.rhmsoft.fm/files
E/cutils  (  261): Failed to mkdirat(/storage/sdcard1/Android): Read-only file system
W/Vold    (  261): Returning OperationFailed - no handler for errno 30
W/ContextImpl(31415): Failed to ensure directory: /storage/sdcard1/Android/data/com.rhmsoft.fm/files
D/AuthorizationBluetoothService(30376): Received GmsCore event: Intent { act=com.google.android.gms.INITIALIZE flg=0x10 pkg=com.google.android.gms cmp=com.google.android.gms/.auth.be.proximity.authorization.bt.AuthorizationBluetoothService$AutoStarter }.
E/AuthorizationBluetoothService(30376): Proximity feature is not enabled.
V/GmsCoreStatsServiceLauncher(30409): Received broadcast intent Intent { act=com.google.android.gms.INITIALIZE flg=0x10 pkg=com.google.android.gms cmp=com.google.android.gms/.common.stats.GmsCoreStatsServiceLauncher }
E/MDM     (30429): [1287] b.run: Couldn't connect to Google API client: ConnectionResult{statusCode=API_UNAVAILABLE, resolution=null}
D/LocationInitializer(30409): Restart initialization of location
I/Fitness (30429): Sync completed in 827 ms
I/Fitness (30429): no changes found
D/dalvikvm(32192): Trying to load lib /data/data/com.google.android.gms/app_dg_cache/681C2F668DCBE4CF20940E2F93EF45FBED1401FE/lib/libdD11BC7B78B49.so 0x42809ec0
D/dalvikvm(32192): Added shared lib /data/data/com.google.android.gms/app_dg_cache/681C2F668DCBE4CF20940E2F93EF45FBED1401FE/lib/libdD11BC7B78B49.so 0x42809ec0
D/dalvikvm(32192): No JNI_OnLoad found in /data/data/com.google.android.gms/app_dg_cache/681C2F668DCBE4CF20940E2F93EF45FBED1401FE/lib/libdD11BC7B78B49.so 0x42809ec0, skipping init
D/dalvikvm(32192): DexOpt: --- BEGIN 'f.apk' (bootstrap=0) ---
D/dalvikvm(32241): DexOpt: load 4ms, verify+opt 8ms, 128132 bytes
D/dalvikvm(32192): DexOpt: --- END 'f.apk' (success) ---
D/dalvikvm(32192): DEX prep '/data/data/com.google.android.gms/app_fb/f.apk': unzip in 0ms, rewrite 181ms
I/Adreno-EGL(32192): <qeglDrvAPI_eglInitialize:410>: EGL 1.4 QUALCOMM build: AU_LINUX_ANDROID_LNX.LA.3.5.1_RB1.04.04.02.048.018_msm8226_LNX.LA.3.5.1_RB1__release_AU ()
I/Adreno-EGL(32192): OpenGL ES Shader Compiler Version: E031.24.00.08
I/Adreno-EGL(32192): Build Date: 03/07/14 Fri
I/Adreno-EGL(32192): Local Branch: 
I/Adreno-EGL(32192): Remote Branch: quic/LNX.LA.3.5.1_RB1.1
I/Adreno-EGL(32192): Local Patches: NONE
I/Adreno-EGL(32192): Reconstruct Branch: AU_LINUX_ANDROID_LNX.LA.3.5.1_RB1.04.04.02.048.018 + f2fd134 +  NOTHING
I/CheckinRequestBuilder(30409): Classify the device as Phone.
I/CheckinTask(30409): Sending checkin request (5094 bytes)
I/CheckinRequestBuilder(30409): Checkin reason type: 8 attempt count: 1
I/CheckinRequestBuilder(30409): Classify the device as Phone.
I/CheckinTask(30409): Checkin success: https://android.clients.google.com/checkin (1 requests sent)
I/CheckinService(30409): Checking schedule, now: 1428088382103 next: 1428127982099
I/CheckinService(30409): active receiver: disabled
D/GCM     (30376): GcmService start Intent { act=com.google.android.checkin.CHECKIN_COMPLETE flg=0x10 cmp=com.google.android.gms/.gcm.GcmService (has extras) } com.google.android.checkin.CHECKIN_COMPLETE
I/GCM     (30376): GCM config loaded
D/dalvikvm(30409): GC_CONCURRENT freed 1978K, 31% free 12549K/17936K, paused 10ms+12ms, total 74ms
I/ActivityManager( 1016): Process com.google.android.apps.magazines (pid 32155) has died.
D/ConnectivityService( 1016): handleInetConditionHoldEnd: net=1, condition=100, published condition=0
I/ModemStatsDSDetect( 1279): onReceive() -Intent { act=android.net.conn.INET_CONDITION_ACTION flg=0x4000010 (has extras) }
I/SBar.NetworkController( 1078): onReceive: ConnectivityManager.INET_CONDITION_ACTION Received
I/SBar.NetworkController( 1078): the netConditon of netType 1 is updated as 1 by android.net.conn.INET_CONDITION_ACTION,icon color should be blue.
I/SBar.NetworkController( 1078): updateConnectivity: NetworkInfo: NetworkInfo: type: WIFI[], state: CONNECTED/CONNECTED, reason: (unspecified), extra: "Moulin Rouge", roaming: false, failover: false, isAvailable: true, isConnectedToProvisioningNetwork: false, inetCondition= 1
I/ModemStatsDSDetect( 1279): INET_CONDITION=100 ,activeNet=NetworkInfo: type: WIFI[], state: CONNECTED/CONNECTED, reason: (unspecified), extra: "Moulin Rouge", roaming: false, failover: false, isAvailable: true, isConnectedToProvisioningNetwork: false
I/ModemStatsDSDetect( 1279): Inetcondition changed, white->blue
I/ModemStatsDSDetect( 1279): onReceive() - done, currentInetCondition=100
I/ActivityManager( 1016): Process com.rhmsoft.fm:service (pid 25740) has died.
W/ActivityManager( 1016): Scheduling restart of crashed service com.rhmsoft.fm/com.cleanmaster.fm.service.BackgroundService in 1000ms
I/ActivityManager( 1016): Killing 31662:com.motorola.MotGallery2/u0a34 (adj 15): empty #9
W/ContextImpl( 1231): Calling a method in the system process without a qualified user: android.app.ContextImpl.sendBroadcast:1252 android.content.ContextWrapper.sendBroadcast:365 com.motorola.motocare.util.TriggerHelper$TriggerBuilder.send:76 com.motorola.motocare.internal.frameworkevents.ProcessKillTrigger.sendTrigger:147 com.motorola.motocare.internal.frameworkevents.ProcessKillTrigger.handleFrameworkEvent:164 
D/dalvikvm( 2456): GC_CONCURRENT freed 1946K, 45% free 9543K/17224K, paused 1ms+2ms, total 25ms
I/ActivityManager( 1016): Start proc com.rhmsoft.fm:service for service com.rhmsoft.fm/com.cleanmaster.fm.service.BackgroundService: pid=32271 uid=10105 gids={50105, 3003, 1028, 1015}
D/dalvikvm( 1016): GC_EXPLICIT freed 935K, 35% free 25726K/39124K, paused 4ms+9ms, total 106ms
W/Settings(32271): Setting android_id has moved from android.provider.Settings.System to android.provider.Settings.Secure, returning read-only value.
D/filesDir(32271): /data/data/com.rhmsoft.fm/files
E/cutils  (  261): Failed to mkdirat(/storage/sdcard1/Android): Read-only file system
W/Vold    (  261): Returning OperationFailed - no handler for errno 30
W/ContextImpl(32271): Failed to ensure directory: /storage/sdcard1/Android/data/com.rhmsoft.fm/files
D/dalvikvm(32271): Trying to load lib /data/data/com.rhmsoft.fm/lib/libkcmutil.so 0x427924f0
W/linker  (32271): libkcmutil.so has text relocations. This is wasting memory and is a security risk. Please fix.
D/dalvikvm(32271): Added shared lib /data/data/com.rhmsoft.fm/lib/libkcmutil.so 0x427924f0
W/Settings(32271): Setting android_id has moved from android.provider.Settings.System to android.provider.Settings.Secure, returning read-only value.
W/System.err(32271): Commons.readAssetsFileLineString :cn2
W/Settings(32271): Setting android_id has moved from android.provider.Settings.System to android.provider.Settings.Secure, returning read-only value.
I/InputReader( 1016): Reconfiguring input devices.  changes=0x00000010
I/ActivityManager( 1016): Start proc com.google.android.talk for broadcast com.google.android.talk/com.google.android.apps.babel.phone.PackageReplacedReceiver: pid=32305 uid=10071 gids={50071, 3003, 1028, 1015, 3002}
I/PackageManager( 1016): Adding preferred activity ComponentInfo{com.android.mms/com.android.mms.ui.ComposeMessageActivity} for user 0 :
I/PackageManager( 1016):   Action: "android.intent.action.SENDTO"
I/PackageManager( 1016):   Category: "android.intent.category.DEFAULT"
I/PackageManager( 1016):   Scheme: "sms"
I/Launcher(30757): Deferring update until onResume
I/PackageManager( 1016): Adding preferred activity ComponentInfo{com.android.mms/com.android.mms.ui.ComposeMessageActivity} for user 0 :
I/PackageManager( 1016):   Action: "android.intent.action.SENDTO"
I/PackageManager( 1016):   Category: "android.intent.category.DEFAULT"
I/PackageManager( 1016):   Scheme: "smsto"
I/Launcher(30757): Deferring update until onResume
I/PackageManager( 1016): Adding preferred activity ComponentInfo{com.android.mms/com.android.mms.ui.ComposeMessageActivity} for user 0 :
I/PackageManager( 1016):   Action: "android.intent.action.SENDTO"
I/PackageManager( 1016):   Category: "android.intent.category.DEFAULT"
I/PackageManager( 1016):   Scheme: "mms"
I/PackageManager( 1016): Adding preferred activity ComponentInfo{com.android.mms/com.android.mms.ui.ComposeMessageActivity} for user 0 :
I/PackageManager( 1016):   Action: "android.intent.action.SENDTO"
I/PackageManager( 1016):   Category: "android.intent.category.DEFAULT"
I/PackageManager( 1016):   Scheme: "mmsto"
I/PackageManager( 1016): Adding preferred activity ComponentInfo{com.android.mms/com.android.mms.ui.ComposeMessageActivity} for user 0 :
I/PackageManager( 1016):   Action: "android.intent.action.SENDTO"
I/PackageManager( 1016):   Category: "android.intent.category.DEFAULT"
I/PackageManager( 1016):   Scheme: "sms"
I/PackageManager( 1016): Adding preferred activity ComponentInfo{com.android.mms/com.android.mms.ui.ComposeMessageActivity} for user 0 :
I/PackageManager( 1016):   Action: "android.intent.action.SENDTO"
I/PackageManager( 1016):   Category: "android.intent.category.DEFAULT"
I/PackageManager( 1016):   Scheme: "smsto"
I/PackageManager( 1016): Adding preferred activity ComponentInfo{com.android.mms/com.android.mms.ui.ComposeMessageActivity} for user 0 :
I/PackageManager( 1016):   Action: "android.intent.action.SENDTO"
I/PackageManager( 1016):   Category: "android.intent.category.DEFAULT"
I/PackageManager( 1016):   Scheme: "mms"
I/PackageManager( 1016): Adding preferred activity ComponentInfo{com.android.mms/com.android.mms.ui.ComposeMessageActivity} for user 0 :
I/PackageManager( 1016):   Action: "android.intent.action.SENDTO"
I/PackageManager( 1016):   Category: "android.intent.category.DEFAULT"
I/PackageManager( 1016):   Scheme: "mmsto"
V/GmsNetworkLocationProvi(30429): DISABLE
I/Babel   (32305): MmsConfig: mnc/mcc: 0/0
I/Babel   (32305): MmsConfig.loadMmsSettings
I/Babel   (32305): MmsConfig.loadDeviceMmsSettings from API: mUserAgent=motoxt1039, mUaProfUrl=http://uaprof.motorola.com/phoneconfig/motoxt1039/Profile/motoxt1039.rdf
I/Babel   (32305): MmsConfig.loadFromDatabase
E/Babel   (32305): canonicalizeMccMnc: invalid mccmnc 
I/Babel   (32305): MmsConfig.loadFromResources
V/GmsNetworkLocationProvi(30429): onSetRequest: ProviderRequestUnbundled, reportLocation is true and interval is 14400000
V/GmsNetworkLocationProvi(30429): ENABLE
V/GmsNetworkLocationProvi(30429): SET-REQUEST
V/GmsNetworkLocationProvi(30429): in Handler: ProviderRequestUnbundled, reportLocation is true and interval is 14400000
E/Babel   (32305): canonicalizeMccMnc: invalid mccmnc nullnull
I/Babel   (32305): MmsConfig.loadMmsSettings: mUserAgent=motoxt1039, mUaProfUrl=http://uaprof.motorola.com/phoneconfig/motoxt1039/Profile/motoxt1039.rdf
D/WifiService( 1016): acquireWifiLockLocked: WifiLock{NlpWifiLock type=2 binder=android.os.BinderProxy@429a06f8}
D/WifiStateMachine( 1016): handleMessage: E msg.what=131143
D/WifiStateMachine( 1016): processMsg: ConnectedState
D/WifiStateMachine( 1016): processMsg: L2ConnectedState
W/Settings(32305): Setting airplane_mode_on has moved from android.provider.Settings.System to android.provider.Settings.Global, returning read-only value.
D/WifiStateMachine( 1016): handleMessage: X
I/ActivityManager( 1016): Start proc android.process.acore for broadcast com.android.providers.contacts/.PackageIntentReceiver: pid=32344 uid=10010 gids={50010, 3003, 1028, 1015, 1023}
D/dalvikvm(  280): GC_EXPLICIT freed 42K, 48% free 9010K/17224K, paused 1ms+2ms, total 20ms
D/dalvikvm(  280): GC_EXPLICIT freed <1K, 48% free 9010K/17224K, paused 2ms+2ms, total 18ms
D/dalvikvm(  280): GC_EXPLICIT freed <1K, 48% free 9010K/17224K, paused 1ms+3ms, total 17ms
I/ActivityManager( 1016): Killing 31712:com.devexpert.weather/u0a112 (adj 15): empty #9
W/ContextImpl( 1231): Calling a method in the system process without a qualified user: android.app.ContextImpl.sendBroadcast:1252 android.content.ContextWrapper.sendBroadcast:365 com.motorola.motocare.util.TriggerHelper$TriggerBuilder.send:76 com.motorola.motocare.internal.frameworkevents.ProcessKillTrigger.sendTrigger:147 com.motorola.motocare.internal.frameworkevents.ProcessKillTrigger.handleFrameworkEvent:164 
I/ActivityManager( 1016): Start proc com.motorola.MotGallery2 for broadcast com.motorola.MotGallery2/com.android.gallery3d.app.PackagesMonitor: pid=32363 uid=10034 gids={50034, 3003, 1028, 1015}
I/ActivityManager( 1016): Process com.google.android.apps.plus (pid 31300) has died.
I/ActivityManager( 1016): Start proc com.google.android.googlequicksearchbox:search for broadcast com.google.android.googlequicksearchbox/com.google.android.search.core.summons.icing.InternalIcingCorporaProvider$CorporaChangedReceiver: pid=32378 uid=10045 gids={50045, 3003, 1028, 3002, 1015}
I/ActivityManager( 1016): Killing 32053:com.motorola.genie/u0a26 (adj 15): empty #9
W/ContextImpl( 1231): Calling a method in the system process without a qualified user: android.app.ContextImpl.sendBroadcast:1252 android.content.ContextWrapper.sendBroadcast:365 com.motorola.motocare.util.TriggerHelper$TriggerBuilder.send:76 com.motorola.motocare.internal.frameworkevents.ProcessKillTrigger.sendTrigger:147 com.motorola.motocare.internal.frameworkevents.ProcessKillTrigger.handleFrameworkEvent:164 
I/ContactLocale(32344): AddressBook Labels [en_GB]: [, A, B, C, D, E, F, G, H, I, J, K, L, M, N, O, P, Q, R, S, T, U, V, W, X, Y, Z, , , , , , , , , , , , , , , , , , , , , , , , , , , , , , , , , , , , , , , , , , , , , , , , , , , , , , , , , , , , , , , , , , , , , , , , , , , , , , , , , , , , , , , , , , , , , , , , , , , , , , , , , , , , , , , , , , , , , , , , , , , , , , , , , , , , , , , , , , , , , , , , , , , , , , , , , , , , , , , , , , , , , , , , , , , , , , , , , , , , , , #, ]
I/InternalIcingCorporaPro(32378): Updating corpora: APPS=com.google.android.gms, CONTACTS=MAYBE
I/ActivityManager( 1016): Start proc com.google.android.apps.plus for broadcast com.google.android.apps.plus/.service.PackagesMediaMonitor: pid=32395 uid=10090 gids={50090, 3003, 3002, 1028, 1015}
I/ActivityManager( 1016): Start proc com.google.android.partnersetup for content provider com.google.android.partnersetup/.RlzAppProvider: pid=32409 uid=10025 gids={50025, 3003}
D/MDMCTBK (  276): reply_len: 40 reply is = IFNAME=wlan0 <3>CTRL-EVENT-BSS-ADDED 206
D/MDMCTBK (  276): Event received = CTRL-EVENT-BSS-ADDED 206
D/MDMCTBK (  276): reply_len: 40 reply is = IFNAME=wlan0 <3>CTRL-EVENT-BSS-ADDED 207
D/MDMCTBK (  276): Event received = CTRL-EVENT-BSS-ADDED 207
D/MDMCTBK (  276): reply_len: 40 reply is = IFNAME=wlan0 <3>CTRL-EVENT-BSS-ADDED 208
D/MDMCTBK (  276): Event received = CTRL-EVENT-BSS-ADDED 208
D/MDMCTBK (  276): reply_len: 40 reply is = IFNAME=wlan0 <3>CTRL-EVENT-BSS-ADDED 209
D/MDMCTBK (  276): Event received = CTRL-EVENT-BSS-ADDED 209
D/MDMCTBK (  276): reply_len: 40 reply is = IFNAME=wlan0 <3>CTRL-EVENT-SCAN-RESULTS 
D/MDMCTBK (  276): Event received = CTRL-EVENT-SCAN-RESULTS 
D/TCMD    ( 2001): NL - Read 56 bytes from update socket.
D/TCMD    ( 2001): NL - message type is RTM_NEWLINK
D/TCMD    ( 2001): Listening for incoming client connection request
D/WifiStateMachine( 1016): handleMessage: E msg.what=147461
D/WifiStateMachine( 1016): processMsg: ConnectedState
D/WifiStateMachine( 1016): processMsg: L2ConnectedState
D/WifiStateMachine( 1016): processMsg: ConnectModeState
D/WifiStateMachine( 1016): processMsg: DriverStartedState
D/WifiStateMachine( 1016): processMsg: SupplicantStartedState
D/WifiStateMachine( 1016): handleMessage: X
I/ActivityManager( 1016): Killing 32118:com.android.mms/u0a31 (adj 15): empty #9
W/ContextImpl( 1231): Calling a method in the system process without a qualified user: android.app.ContextImpl.sendBroadcast:1252 android.content.ContextWrapper.sendBroadcast:365 com.motorola.motocare.util.TriggerHelper$TriggerBuilder.send:76 com.motorola.motocare.internal.frameworkevents.ProcessKillTrigger.sendTrigger:147 com.motorola.motocare.internal.frameworkevents.ProcessKillTrigger.handleFrameworkEvent:164 
D/PackageBroadcastService(30409): Received broadcast action=android.intent.action.PACKAGE_CHANGED and uri=com.google.android.gms
I/PackageBroadcastService(30409): Null package name or gms related package.  Ignoreing.
I/ActivityManager( 1016): Killing 32142:com.google.android.setupwizard/u0a42 (adj 15): empty #9
W/ContextImpl( 1231): Calling a method in the system process without a qualified user: android.app.ContextImpl.sendBroadcast:1252 android.content.ContextWrapper.sendBroadcast:365 com.motorola.motocare.util.TriggerHelper$TriggerBuilder.send:76 com.motorola.motocare.internal.frameworkevents.ProcessKillTrigger.sendTrigger:147 com.motorola.motocare.internal.frameworkevents.ProcessKillTrigger.handleFrameworkEvent:164 
I/ActivityManager( 1016): Process com.google.android.gms.unstable (pid 32192) has died.
I/Icing   (30409): updateResources: need to parse e{com.google.android.gms}
D/dalvikvm(30429): GC_CONCURRENT freed 1901K, 37% free 10869K/17224K, paused 2ms+4ms, total 29ms
I/iu.UploadsManager(32395): #reloadSettings(); account: null; pageID: none; IU: disabled; IS: disabled; photoWiFi: true; videoWiFi: true; roam: false; battery: true; size: FULL; maxMobile: 157286400
D/WifiService( 1016): releaseWifiLockLocked: WifiLock{NlpWifiLock type=2 binder=android.os.BinderProxy@429a06f8}
I/iu.UploadsManager(32395): End new media; added: 0, uploading: 0, time: 56 ms
I/iu.Environment(32395): update battery state; isPlugged? true*
I/iu.Environment(32395): update connectivity state; isNetworkMetered? false, isRoaming? false, isBackgroundDataAllowed? true*
I/iu.FingerprintManager(32395): Start processing all media
I/iu.FingerprintManager(32395): Start processing media store URI: content://media/external/images/media
I/iu.FingerprintManager(32395): Start processing media store URI: content://media/external/video/media
I/iu.FingerprintManager(32395): Start processing media store URI: content://media/phoneStorage/images/media
I/iu.FingerprintManager(32395): Start processing media store URI: content://media/phoneStorage/video/media
I/iu.FingerprintManager(32395): Finished generating fingerprints; 0.018 seconds
I/iu.FingerprintManager(32395):   numSeen=0 numGenerated=0 numDeleted=0 numFailed=0
I/ActivityManager( 1016): Process com.google.android.talk (pid 32305) has died.
I/InternalIcingCorporaPro(32378): UpdateCorporaTask done [took 355 ms] updated apps [took 355 ms] 
V/AlarmManager( 1016): sending alarm Alarm{43027ff0 type 3 com.devexpert.weather}
V/AlarmManager( 1016): sending alarm Alarm{43024d18 type 2 android}
I/ActivityManager( 1016): Start proc com.devexpert.weather for broadcast com.devexpert.weather/.view.WidgetWeather2x1: pid=32450 uid=10112 gids={50112, 3003, 1028, 1015}
V/AlarmManager( 1016): sending alarm Alarm{4301f970 type 0 com.rhmsoft.fm}
V/AlarmManager( 1016): sending alarm Alarm{4301f9c0 type 1 com.rhmsoft.fm}
D/PWM     (32271): url=http://up.cm.ksmobile.com/filemanager//controller/CloudCfg.php
D/dalvikvm( 1016): GC_EXPLICIT freed 1156K, 35% free 25780K/39124K, paused 3ms+10ms, total 102ms
I/KInfoc  (32271): Auto Post
W/Settings(32271): Setting android_id has moved from android.provider.Settings.System to android.provider.Settings.Secure, returning read-only value.
D/KInfoc  (32271): set batch timer
D/dalvikvm( 1078): GC_FOR_ALLOC freed 1300K, 26% free 13748K/18396K, paused 18ms, total 19ms
E/AdwareHttpConnector(32271): 200
I/KInfoc  (32271): Auto Post
W/Settings(32271): Setting android_id has moved from android.provider.Settings.System to android.provider.Settings.Secure, returning read-only value.
V/AlarmManager( 1016): sending alarm Alarm{43018200 type 3 android}
W/ContextImpl( 1231): Calling a method in the system process without a qualified user: android.app.ContextImpl.sendBroadcast:1252 android.content.ContextWrapper.sendBroadcast:365 com.motorola.motocare.util.TriggerHelper$TriggerBuilder.send:76 com.motorola.motocare.internal.frameworkevents.ProcessKillTrigger.sendTrigger:147 com.motorola.motocare.internal.frameworkevents.ProcessKillTrigger.handleLmkKill:337 
W/ContextImpl( 1231): Calling a method in the system process without a qualified user: android.app.ContextImpl.sendBroadcast:1252 android.content.ContextWrapper.sendBroadcast:365 com.motorola.motocare.util.TriggerHelper$TriggerBuilder.send:76 com.motorola.motocare.internal.frameworkevents.ProcessKillTrigger.sendTrigger:147 com.motorola.motocare.internal.frameworkevents.ProcessKillTrigger.handleLmkKill:337 
W/ContextImpl( 1231): Calling a method in the system process without a qualified user: android.app.ContextImpl.sendBroadcast:1252 android.content.ContextWrapper.sendBroadcast:365 com.motorola.motocare.util.TriggerHelper$TriggerBuilder.send:76 com.motorola.motocare.internal.frameworkevents.ProcessKillTrigger.sendTrigger:147 com.motorola.motocare.internal.frameworkevents.ProcessKillTrigger.handleLmkKill:337 
W/ContextImpl( 1231): Calling a method in the system process without a qualified user: android.app.ContextImpl.sendBroadcast:1252 android.content.ContextWrapper.sendBroadcast:365 com.motorola.motocare.util.TriggerHelper$TriggerBuilder.send:76 com.motorola.motocare.internal.frameworkevents.ProcessKillTrigger.sendTrigger:147 com.motorola.motocare.internal.frameworkevents.ProcessKillTrigger.handleLmkKill:337 
W/ContextImpl( 1231): Calling a method in the system process without a qualified user: android.app.ContextImpl.sendBroadcast:1252 android.content.ContextWrapper.sendBroadcast:365 com.motorola.motocare.util.TriggerHelper$TriggerBuilder.send:76 com.motorola.motocare.internal.frameworkevents.ProcessKillTrigger.sendTrigger:147 com.motorola.motocare.internal.frameworkevents.ProcessKillTrigger.handleLmkKill:337 
W/ContextImpl( 1231): Calling a method in the system process without a qualified user: android.app.ContextImpl.sendBroadcast:1252 android.content.ContextWrapper.sendBroadcast:365 com.motorola.motocare.util.TriggerHelper$TriggerBuilder.send:76 com.motorola.motocare.internal.frameworkevents.ProcessKillTrigger.sendTrigger:147 com.motorola.motocare.internal.frameworkevents.ProcessKillTrigger.handleLmkKill:337 
W/ContextImpl( 1231): Calling a method in the system process without a qualified user: android.app.ContextImpl.sendBroadcast:1252 android.content.ContextWrapper.sendBroadcast:365 com.motorola.motocare.util.TriggerHelper$TriggerBuilder.send:76 com.motorola.motocare.internal.frameworkevents.ProcessKillTrigger.sendTrigger:147 com.motorola.motocare.internal.frameworkevents.ProcessKillTrigger.handleLmkKill:337 
V/AlarmManager( 1016): sending alarm Alarm{434a62b8 type 3 com.devexpert.weather}
D/KInfoc  (32271): clear batch timer
D/KInfoc  (32271): set batch timer
D/KInfoc  (32271):  BATCH REPORTER STARTED ........
V/AlarmManager( 1016): sending alarm Alarm{442c8218 type 3 android}
V/AlarmManager( 1016): sending alarm Alarm{42ffd9e0 type 1 com.android.deskclock}
V/AlarmManager( 1016): sending alarm Alarm{43fd55f0 type 3 com.devexpert.weather}
V/AlarmManager( 1016): sending alarm Alarm{43fd1f90 type 3 android}
V/AlarmManager( 1016): sending alarm Alarm{43fc40a8 type 3 com.devexpert.weather}
D/MDMCTBK (  276): reply_len: 40 reply is = IFNAME=wlan0 <3>CTRL-EVENT-BSS-REMOVED 2
D/MDMCTBK (  276): Event received = CTRL-EVENT-BSS-REMOVED 2
D/MDMCTBK (  276): reply_len: 40 reply is = IFNAME=wlan0 <3>CTRL-EVENT-BSS-REMOVED 2
D/MDMCTBK (  276): Event received = CTRL-EVENT-BSS-REMOVED 2
D/MDMCTBK (  276): reply_len: 40 reply is = IFNAME=wlan0 <3>CTRL-EVENT-BSS-REMOVED 2
D/MDMCTBK (  276): Event received = CTRL-EVENT-BSS-REMOVED 2
D/MDMCTBK (  276): reply_len: 40 reply is = IFNAME=wlan0 <3>CTRL-EVENT-BSS-REMOVED 2
D/MDMCTBK (  276): Event received = CTRL-EVENT-BSS-REMOVED 2
V/AlarmManager( 1016): sending alarm Alarm{43fbfaf8 type 3 android}
V/AlarmManager( 1016): sending alarm Alarm{43fbf828 type 3 com.devexpert.weather}
D/KInfoc  (32271): clear batch timer
D/KInfoc  (32271): set batch timer
D/KInfoc  (32271):  BATCH REPORTER STARTED ........
V/AlarmManager( 1016): sending alarm Alarm{43fbeca0 type 3 android}
V/AlarmManager( 1016): sending alarm Alarm{43fb5b90 type 3 com.devexpert.weather}
V/AlarmManager( 1016): sending alarm Alarm{43f04130 type 3 android}
V/AlarmManager( 1016): sending alarm Alarm{42fe9fe0 type 2 com.facebook.katana}
V/AlarmManager( 1016): sending alarm Alarm{42fe7878 type 2 com.google.android.talk}
V/AlarmManager( 1016): sending alarm Alarm{42fe6730 type 2 com.google.android.gms}
V/AlarmManager( 1016): sending alarm Alarm{43cdbbe0 type 3 com.devexpert.weather}
V/AlarmManager( 1016): sending alarm Alarm{42fe6780 type 2 android}
D/ConnectivityService( 1016): Sampling interval elapsed, updating statistics ..
D/ConnectivityService( 1016): Done.
D/ConnectivityService( 1016): Setting timer for 720seconds
V/AlarmManager( 1016): sending alarm Alarm{430a0da8 type 3 android}
V/AlarmManager( 1016): sending alarm Alarm{4309fcf8 type 3 com.devexpert.weather}
V/AlarmManager( 1016): sending alarm Alarm{43064f78 type 2 com.facebook.katana}
V/AlarmManager( 1016): sending alarm Alarm{42d5e4f0 type 2 com.google.android.gms}
W/GCM     (30376): Heartbeat timeout, GCM connection reset
D/ConnectivityService( 1016): handleInetConditionHoldEnd: net=1, condition=0, published condition=100
I/ModemStatsDSDetect( 1279): onReceive() -Intent { act=android.net.conn.INET_CONDITION_ACTION flg=0x4000010 (has extras) }
I/SBar.NetworkController( 1078): onReceive: ConnectivityManager.INET_CONDITION_ACTION Received
I/ModemStatsDSDetect( 1279): INET_CONDITION=0 ,activeNet=NetworkInfo: type: WIFI[], state: CONNECTED/CONNECTED, reason: (unspecified), extra: "Moulin Rouge", roaming: false, failover: false, isAvailable: true, isConnectedToProvisioningNetwork: false
I/ModemStatsDSDetect( 1279): Inetcondition changed, blue->white
I/ModemStatsDSDetect( 1279): onReceive() - done, currentInetCondition=0
I/SBar.NetworkController( 1078): the netConditon of netType 1 is updated as 0 by android.net.conn.INET_CONDITION_ACTION,icon color should be white.
I/SBar.NetworkController( 1078): updateConnectivity: NetworkInfo: NetworkInfo: type: WIFI[], state: CONNECTED/CONNECTED, reason: (unspecified), extra: "Moulin Rouge", roaming: false, failover: false, isAvailable: true, isConnectedToProvisioningNetwork: false, inetCondition= 0
V/AlarmManager( 1016): sending alarm Alarm{437b9ff8 type 2 com.facebook.katana}
V/AlarmManager( 1016): sending alarm Alarm{4379c108 type 2 com.google.android.gms}
D/GCM     (30376): Connected
I/GCM     (30376): GCM message com.google.android.gsf.gtalkservice 
D/GCM     (30376): Message class com.google.f.a.a.r
D/ConnectivityService( 1016): handleInetConditionHoldEnd: net=1, condition=100, published condition=0
I/SBar.NetworkController( 1078): onReceive: ConnectivityManager.INET_CONDITION_ACTION Received
I/SBar.NetworkController( 1078): the netConditon of netType 1 is updated as 1 by android.net.conn.INET_CONDITION_ACTION,icon color should be blue.
I/SBar.NetworkController( 1078): updateConnectivity: NetworkInfo: NetworkInfo: type: WIFI[], state: CONNECTED/CONNECTED, reason: (unspecified), extra: "Moulin Rouge", roaming: false, failover: false, isAvailable: true, isConnectedToProvisioningNetwork: false, inetCondition= 1
I/ModemStatsDSDetect( 1279): onReceive() -Intent { act=android.net.conn.INET_CONDITION_ACTION flg=0x4000010 (has extras) }
I/ModemStatsDSDetect( 1279): INET_CONDITION=100 ,activeNet=NetworkInfo: type: WIFI[], state: CONNECTED/CONNECTED, reason: (unspecified), extra: "Moulin Rouge", roaming: false, failover: false, isAvailable: true, isConnectedToProvisioningNetwork: false
I/ModemStatsDSDetect( 1279): Inetcondition changed, white->blue
I/ModemStatsDSDetect( 1279): onReceive() - done, currentInetCondition=100
D/KInfoc  (32271): clear batch timer
D/KInfoc  (32271): set batch timer
D/KInfoc  (32271):  BATCH REPORTER STARTED ........
V/AlarmManager( 1016): sending alarm Alarm{42dac788 type 3 android}
V/AlarmManager( 1016): sending alarm Alarm{42d96cd0 type 3 com.devexpert.weather}
V/AlarmManager( 1016): sending alarm Alarm{42d92b58 type 2 com.motorola.avatar}
I/ActivityManager( 1016): Start proc com.motorola.avatar for service com.motorola.avatar/.cloud.client.CloudService: pid=32549 uid=10003 gids={50003, 3003, 1028, 1015}
W/dalvikvm(32549): Refusing to reopen boot DEX '/system/framework/pixelpipe.jar'
D/dalvikvm(32549): No JNI_OnLoad found in /system/lib/libmirror.so 0x4278f540, skipping init
W/linker  (32549): libosdwrapper.so has text relocations. This is wasting memory and is a security risk. Please fix.
E/libEGL  (32549): call to OpenGL ES API with no current context (logged once per thread)
D/dalvikvm(32549): No JNI_OnLoad found in /system/lib/libosdwrapper.so 0x4278f540, skipping init
D/dalvikvm(32549): No JNI_OnLoad found in /system/lib/libluajit.so 0x4278f540, skipping init
D/dalvikvm(32549): No JNI_OnLoad found in /system/lib/libmoxie.so 0x4278f540, skipping init
W/dalvikvm(32549): JNI: unpinPrimitiveArray(0x42793fb8) failed to find entry (valid=1)
D/WifiService( 1016): acquireWifiLockLocked: WifiLock{Avatar Cloud Service type=1 binder=android.os.BinderProxy@428dcfc0}
D/WifiService( 1016): releaseWifiLockLocked: WifiLock{Avatar Cloud Service type=1 binder=android.os.BinderProxy@428dcfc0}
W/ContextImpl(32549): Implicit intents with startService are not safe: Intent { act=com.google.android.gms.analytics.service.START (has extras) } android.content.ContextWrapper.bindService:517 com.google.analytics.tracking.android.AnalyticsGmsCoreClient.connect:82 com.google.analytics.tracking.android.GAServiceProxy.connectToService:279 
I/GAV2    (32549): Thread[GAThread,5,main]: No campaign data found.
V/AlarmManager( 1016): sending alarm Alarm{42d96a58 type 3 android}
V/AlarmManager( 1016): sending alarm Alarm{42d88920 type 3 com.devexpert.weather}
D/dalvikvm(25168): GC_CONCURRENT freed 3816K, 22% free 15890K/20348K, paused 8ms+3ms, total 39ms
V/AlarmManager( 1016): sending alarm Alarm{434fbeb8 type 3 android}
V/AlarmManager( 1016): sending alarm Alarm{43426f08 type 3 com.devexpert.weather}
V/AlarmManager( 1016): sending alarm Alarm{42d1f810 type 3 android}
V/AlarmManager( 1016): sending alarm Alarm{42966ed8 type 3 com.devexpert.weather}
D/KInfoc  (32271): clear batch timer
D/KInfoc  (32271): set batch timer
D/KInfoc  (32271):  BATCH REPORTER STARTED ........
I/AonLTInterfaceService( 1231): AodLT package version: 1000000
I/PowerManagerService( 1016): Waking up from sleep...
D/Sensors ( 1016): AccelerationSensor: Set Sensors state 0x2
D/SurfaceFlinger(  278): Screen acquired, type=0 flinger=0xb7ca1450
D/qdhwcomposer(  278): hwc_blank: Unblanking display: 0
D/Sensors ( 1016): AccelerationSensor: set delay 0
D/Sensors ( 1016): AccelerationSensor: set delay 0
I/AonLTInterfaceService( 1231): AodLT package version: 1000000
V/KeyguardServiceDelegate( 1016): onScreenTurnedOn(showListener = com.android.internal.policy.impl.PhoneWindowManager$20@42cc5ca0)
D/KeyguardHostView( 1078): showSecurityScreen(None)
D/KeyguardHostView( 1078): getSecurityView(None)
V/AlarmManager( 1016): sending alarm Alarm{428bab48 type 2 com.google.android.gms}
V/KeyguardServiceDelegate( 1016): **** SHOWN CALLED ****
I/WindowManager( 1016): Lock screen displayed!
D/DisplayPowerController( 1016): Unblocked screen on after 28437029 ms
D/WifiStateMachine( 1016): handleScreenStateChanged: true
D/WifiStateMachine( 1016): handleMessage: E msg.what=131154
D/WifiStateMachine( 1016): processMsg: ConnectedState
D/WifiStateMachine( 1016): processMsg: L2ConnectedState
D/WifiStateMachine( 1016): handleMessage: X
D/WifiStateMachine( 1016): handleMessage: E msg.what=131163
D/WifiStateMachine( 1016): processMsg: ConnectedState
D/WifiStateMachine( 1016): processMsg: L2ConnectedState
D/WifiStateMachine( 1016): processMsg: ConnectModeState
D/WifiStateMachine( 1016): processMsg: DriverStartedState
D/WifiStateMachine( 1016): processMsg: SupplicantStartedState
D/WifiStateMachine( 1016): processMsg: DefaultState
D/WifiStateMachine( 1016): handleMessage: X
D/WifiStateMachine( 1016): handleMessage: E msg.what=131127
D/WifiStateMachine( 1016): processMsg: ConnectedState
D/WifiStateMachine( 1016): processMsg: L2ConnectedState
D/WifiStateMachine( 1016): processMsg: ConnectModeState
D/WifiStateMachine( 1016): handleMessage: X
D/WifiStateMachine( 1016): handleMessage: E msg.what=131158
D/WifiStateMachine( 1016): processMsg: ConnectedState
D/WifiStateMachine( 1016): processMsg: L2ConnectedState
D/WifiStateMachine( 1016): processMsg: ConnectModeState
D/WifiStateMachine( 1016): processMsg: DriverStartedState
D/WifiStateMachine( 1016): setSuspendOptimizationsNative: 4 false
D/WifiStateMachine( 1016): handleMessage: X
D/WifiStateMachine( 1016): handleMessage: E msg.what=151572
D/WifiStateMachine( 1016): processMsg: ConnectedState
D/WifiStateMachine( 1016): processMsg: L2ConnectedState
D/WifiStateMachine( 1016): handleMessage: X
I/SBar.NetworkController( 1078): refreshSignalCluster: wifi: mWifiConnected=true Wifi=zz_moto_stat_sys_wifi_signal_4_fully_wide Activity=zz_moto_stat_sys_wifi_inout_wide in=false out=false Accessibility="Wi-Fi signal full."
I/SBar.NetworkController( 1078): refreshSignalCluster: mobile: Signal=zz_moto_stat_sys_signal_emergency_only_wide Roaming=(none) mSimIconId=zz_moto_stat_sys_no_sim_wide Accessibility="Emergency calls only.","","No SIM card."
I/SBar.NetworkController( 1078): refreshSignalCluster: mobile: mHasMobileDataFeature=true DataTypeShown=(none) Activity=(none) in=false out=false Accessibility="No data."
D/qdhwcomposer(  278): hwc_blank: Done unblanking display: 0
D/SurfaceControl( 1016): Excessive delay in unblankDisplay() while turning screen on: 177ms
D/Sensors ( 1016): AccelerationSensor: Set Sensors state 0x3
D/Sensors ( 1016): AccelerationSensor: set delay 20
D/Sensors ( 1016): AccelerationSensor: set delay 200
D/audio_hw_primary(  284): adev_set_parameters: enter: screen_state=on
V/msm8974_platform(  284): platform_set_parameters: enter: screen_state=on
V/msm8974_platform(  284): platform_set_parameters: exit with code(-2)
E/audio_a2dp_hw(  284): adev_set_parameters: ERROR: set param called even when stream out is null
I/SFPerfTracer(  278):      triggers: (rate: 37:29508) (88474 sw vsyncs) (53336 skipped) (0:152844 vsyncs) (235:260341)
D/GCM     (30376): Message class com.google.f.a.a.i
D/Ulp_jni ( 1016): JNI:system_update. Event-0
I/SBar.NetworkController( 1078): onSignalStrengthsChanged SignalStrength: 23 0 -120 -160 -120 -1 -1 99 2147483647 2147483647 2147483647 2147483647 2147483647 gsm|lte 0 -108 -1 false 4 4 0 0 0 99 99 99 4 level=4
D/WifiService( 1016): acquireWifiLockLocked: WifiLock{NlpWifiLock type=2 binder=android.os.BinderProxy@43044850}
D/WifiStateMachine( 1016): handleMessage: E msg.what=131143
D/WifiStateMachine( 1016): processMsg: ConnectedState
D/WifiStateMachine( 1016): processMsg: L2ConnectedState
D/WifiStateMachine( 1016): handleMessage: X
I/AonLTInterfaceService( 1231): AodLT package version: 1000000
D/MDMCTBK (  276): reply_len: 40 reply is = IFNAME=wlan0 <3>CTRL-EVENT-BSS-ADDED 210
D/MDMCTBK (  276): Event received = CTRL-EVENT-BSS-ADDED 210
D/MDMCTBK (  276): reply_len: 40 reply is = IFNAME=wlan0 <3>CTRL-EVENT-BSS-ADDED 211
D/MDMCTBK (  276): Event received = CTRL-EVENT-BSS-ADDED 211
D/MDMCTBK (  276): reply_len: 40 reply is = IFNAME=wlan0 <3>CTRL-EVENT-BSS-ADDED 212
D/MDMCTBK (  276): Event received = CTRL-EVENT-BSS-ADDED 212
D/TCMD    ( 2001): NL - Read 56 bytes from update socket.
D/MDMCTBK (  276): reply_len: 40 reply is = IFNAME=wlan0 <3>CTRL-EVENT-BSS-ADDED 213
D/MDMCTBK (  276): Event received = CTRL-EVENT-BSS-ADDED 213
D/TCMD    ( 2001): NL - message type is RTM_NEWLINK
D/TCMD    ( 2001): Listening for incoming client connection request
D/MDMCTBK (  276): reply_len: 40 reply is = IFNAME=wlan0 <3>CTRL-EVENT-BSS-ADDED 214
D/MDMCTBK (  276): Event received = CTRL-EVENT-BSS-ADDED 214
D/MDMCTBK (  276): reply_len: 40 reply is = IFNAME=wlan0 <3>CTRL-EVENT-BSS-ADDED 215
D/MDMCTBK (  276): Event received = CTRL-EVENT-BSS-ADDED 215
D/MDMCTBK (  276): reply_len: 40 reply is = IFNAME=wlan0 <3>CTRL-EVENT-BSS-ADDED 216
D/MDMCTBK (  276): Event received = CTRL-EVENT-BSS-ADDED 216
D/MDMCTBK (  276): reply_len: 40 reply is = IFNAME=wlan0 <3>CTRL-EVENT-SCAN-RESULTS 
D/MDMCTBK (  276): Event received = CTRL-EVENT-SCAN-RESULTS 
D/WifiStateMachine( 1016): handleMessage: E msg.what=147461
D/WifiStateMachine( 1016): processMsg: ConnectedState
D/WifiStateMachine( 1016): processMsg: L2ConnectedState
D/WifiStateMachine( 1016): processMsg: ConnectModeState
D/WifiStateMachine( 1016): processMsg: DriverStartedState
D/WifiStateMachine( 1016): processMsg: SupplicantStartedState
D/WifiStateMachine( 1016): handleMessage: X
D/WifiService( 1016): releaseWifiLockLocked: WifiLock{NlpWifiLock type=2 binder=android.os.BinderProxy@43044850}
D/ConnectivityService( 1016): handleInetConditionHoldEnd: net=1, condition=100, published condition=100
I/ModemStatsDSDetect( 1279): onReceive() -Intent { act=android.net.conn.INET_CONDITION_ACTION flg=0x4000010 (has extras) }
I/ModemStatsDSDetect( 1279): INET_CONDITION=100 ,activeNet=NetworkInfo: type: WIFI[], state: CONNECTED/CONNECTED, reason: (unspecified), extra: "Moulin Rouge", roaming: false, failover: false, isAvailable: true, isConnectedToProvisioningNetwork: false
I/ModemStatsDSDetect( 1279): onReceive() - done, currentInetCondition=100
I/SBar.NetworkController( 1078): onReceive: ConnectivityManager.INET_CONDITION_ACTION Received
I/SBar.NetworkController( 1078): updateConnectivity: NetworkInfo: NetworkInfo: type: WIFI[], state: CONNECTED/CONNECTED, reason: (unspecified), extra: "Moulin Rouge", roaming: false, failover: false, isAvailable: true, isConnectedToProvisioningNetwork: false, inetCondition= 1
I/wpa_supplicant( 1178): wlan0: WPA: Group rekeying completed with 70:54:d2:ae:26:93 [GTK=TKIP]
D/MDMCTBK (  276): reply_len: 40 reply is = IFNAME=wlan0 <3>CTRL-EVENT-STATE-CHANGE 
D/MDMCTBK (  276): Event received = CTRL-EVENT-STATE-CHANGE 
D/MDMCTBK (  276): reply_len: 40 reply is = IFNAME=wlan0 <3>WPA: Group rekeying comp
D/MDMCTBK (  276): Event received = WPA: Group rekeying comp
D/MDMCTBK (  276): reply_len: 40 reply is = IFNAME=wlan0 <3>CTRL-EVENT-STATE-CHANGE 
D/MDMCTBK (  276): Event received = CTRL-EVENT-STATE-CHANGE 
D/WifiStateMachine( 1016): handleMessage: E msg.what=147462
D/WifiStateMachine( 1016): processMsg: ConnectedState
D/WifiStateMachine( 1016): processMsg: L2ConnectedState
D/WifiStateMachine( 1016): processMsg: ConnectModeState
D/WifiStateMachine( 1016): handleMessage: X
D/WifiStateMachine( 1016): handleMessage: E msg.what=147462
D/WifiStateMachine( 1016): processMsg: ConnectedState
D/WifiStateMachine( 1016): processMsg: L2ConnectedState
D/WifiStateMachine( 1016): processMsg: ConnectModeState
D/WifiStateMachine( 1016): handleMessage: X
D/WifiStateMachine( 1016): handleMessage: E msg.what=151572
D/WifiStateMachine( 1016): processMsg: ConnectedState
D/WifiStateMachine( 1016): processMsg: L2ConnectedState
D/WifiStateMachine( 1016): handleMessage: X
D/audio_hw_primary(  284): out_set_parameters: enter: usecase(1: low-latency-playback) kvpairs: routing=2
V/msm8974_platform(  284): platform_get_output_snd_device: enter: output devices(0x2)
V/msm8974_platform(  284): platform_get_output_snd_device: exit: snd_device(speaker)
D/audio_hw_primary(  284): select_devices: out_snd_device(2: speaker) in_snd_device(0: )
D/hardware_info(  284): hw_info_append_hw_type : device_name = speaker
V/msm8974_platform(  284): platform_send_audio_calibration: sending audio calibration for snd_device(2) acdb_id(14)
D/CordovaActivity(30957): Resuming the App
W/ContextImpl( 1231): Calling a method in the system process without a qualified user: android.app.ContextImpl.sendBroadcast:1252 android.content.ContextWrapper.sendBroadcast:365 com.motorola.motocare.util.TriggerHelper$TriggerBuilder.send:76 com.motorola.motocare.internal.frameworkevents.PauseResumeTrigger.handleFrameworkEvent:53 com.motorola.motocare.internal.frameworkevents.FwEventMonitor$FrameworkListener.processFrameworkEvent:114 
D/3CDM.DeviceAdminPushReceiver(30980): Received an Intent - Action: android.intent.action.USER_PRESENT
D/3CDM.DeviceAdminPushReceiver(30980): Type: null
D/3CDM.DeviceAdminPushReceiver(30980): Data: null
D/UsbDeviceManager( 1016): MSG_USER_PRESENT
D/3CDM.Service(30980): android.intent.action.USER_PRESENT
D/3CDM.Service(30980): Phone was locked and now it is unlocked now.
D/PhoneStatusBar( 1078): disable: < expand icons alerts ticker system_info back* home* recent* clock* search >
V/PhoneStatusBar( 1078): setLightsOn(true)
W/InputMethodManagerService( 1016): Window already focused, ignoring focus gain of: com.android.internal.view.IInputMethodClient$Stub$Proxy@4297ed80 attribute=android.view.inputmethod.EditorInfo@42ffa520, token = android.os.BinderProxy@42981e38
I/SFPerfTracer(  278):      triggers: (rate: 38:2821) (compose: 0:14) (post: 0:2) (render: 9:422) (60:56021 frames) (61:150056)
D/SFPerfTracer(  278):        layers: (4:12) (DimLayer: 0:65)* (DimLayer: 0:25)* (FocusedStackFrame: 0:1555)* (StatusBar: 0:8670) (NavigationBar: 0:10862) (DimLayer: 0:2651)* (DimLayer: 0:275)* (com.android.wallpaper.fall.FallWallpaper: 18:17388) (com.giftme.fb_auth/com.giftme.fb_auth.FB_Auth: 0:75)* (Keyguard: 0:79)* (ElectronBeam: 0:27)* (Keyguard: 55:62) 
D/WifiStateMachine( 1016): handleMessage: E msg.what=151572
D/WifiStateMachine( 1016): processMsg: ConnectedState
D/WifiStateMachine( 1016): processMsg: L2ConnectedState
D/WifiStateMachine( 1016): handleMessage: X
W/ContextImpl( 1231): Calling a method in the system process without a qualified user: android.app.ContextImpl.startService:1608 android.content.ContextWrapper.startService:494 android.content.ContextWrapper.startService:494 com.motorola.motocare.internal.batterystats.BatteryStatsAction.onReceive:33 android.app.ActivityThread.handleReceiver:2434 
D/dalvikvm( 1231): GC_CONCURRENT freed 1849K, 46% free 9407K/17224K, paused 2ms+2ms, total 19ms
D/WifiStateMachine( 1016): handleMessage: E msg.what=131155
D/WifiStateMachine( 1016): processMsg: ConnectedState
D/WifiStateMachine( 1016): processMsg: L2ConnectedState
D/WifiStateMachine( 1016): handleMessage: X
D/WifiStateMachine( 1016): handleMessage: E msg.what=151572
D/WifiStateMachine( 1016): processMsg: ConnectedState
D/WifiStateMachine( 1016): processMsg: L2ConnectedState
I/SFPerfTracer(  278):      triggers: (rate: 37:29508) (88474 sw vsyncs) (53402 skipped) (145:152989 vsyncs) (147:260488)
D/WifiStateMachine( 1016): handleMessage: X
D/WifiStateMachine( 1016): handleMessage: E msg.what=151572
D/WifiStateMachine( 1016): processMsg: ConnectedState
D/WifiStateMachine( 1016): processMsg: L2ConnectedState
D/WifiStateMachine( 1016): handleMessage: X
D/hardware_info(  284): hw_info_append_hw_type : device_name = speaker
D/WifiStateMachine( 1016): handleMessage: E msg.what=151572
D/WifiStateMachine( 1016): processMsg: ConnectedState
D/WifiStateMachine( 1016): processMsg: L2ConnectedState
D/WifiStateMachine( 1016): handleMessage: X
D/dalvikvm( 1078): GC_FOR_ALLOC freed 2379K, 30% free 13053K/18396K, paused 21ms, total 21ms
D/dalvikvm( 1078): GC_FOR_ALLOC freed 98K, 28% free 13370K/18396K, paused 21ms, total 21ms
I/dalvikvm-heap( 1078): Grow heap (frag case) to 15.517MB for 380496-byte allocation
D/dalvikvm( 1078): GC_FOR_ALLOC freed 25K, 27% free 13782K/18768K, paused 20ms, total 20ms
I/dalvikvm-heap( 1078): Grow heap (frag case) to 15.919MB for 380496-byte allocation
D/dalvikvm( 1078): GC_FOR_ALLOC freed 2K, 26% free 14192K/19140K, paused 19ms, total 19ms
I/dalvikvm-heap( 1078): Grow heap (frag case) to 16.320MB for 380496-byte allocation
D/dalvikvm( 1078): GC_FOR_ALLOC freed 4K, 26% free 14605K/19512K, paused 17ms, total 17ms
I/dalvikvm-heap( 1078): Grow heap (frag case) to 16.724MB for 380496-byte allocation
D/dalvikvm( 1078): GC_FOR_ALLOC freed <1K, 25% free 14977K/19884K, paused 17ms, total 17ms
I/dalvikvm-heap( 1078): Grow heap (frag case) to 17.086MB for 380496-byte allocation
I/ActivityManager( 1016): START u0 {act=com.android.systemui.recent.action.TOGGLE_RECENTS flg=0x10800000 cmp=com.android.systemui/.recent.RecentsActivity (has extras)} from pid 1078
W/ContextImpl( 1231): Calling a method in the system process without a qualified user: android.app.ContextImpl.sendBroadcast:1252 android.content.ContextWrapper.sendBroadcast:365 com.motorola.motocare.util.TriggerHelper$TriggerBuilder.send:76 com.motorola.motocare.internal.frameworkevents.PauseResumeTrigger.handleFrameworkEvent:53 com.motorola.motocare.internal.frameworkevents.FwEventMonitor$FrameworkListener.processFrameworkEvent:114 
D/CordovaActivity(30957): Paused the application!
