* daemon not running. starting it now on port 5037 *
* daemon started successfully *
--------- beginning of /dev/log/system
I/ActivityManager( 1025): Start proc com.google.android.setupwizard for broadcast com.google.android.setupwizard/.MobileConnectivityChangeReceiver: pid=6079 uid=10042 gids={50042, 3003}
I/ActivityManager( 1025): Process com.google.android.talk (pid 5929) has died.
W/ActivityManager( 1025): Service ServiceRecord{437c5de0 u0 com.google.android.talk/com.google.android.libraries.hangouts.video.CallService} in process ProcessRecord{42fc0860 5929:com.google.android.talk/u0a71} not same as in map: null
I/ActivityManager( 1025): Start proc com.google.android.apps.plus for broadcast com.google.android.apps.plus/.service.ConnectivityReceiver: pid=6098 uid=10090 gids={50090, 3003, 3002, 1028, 1015}
I/ActivityManager( 1025): Start proc com.google.android.talk for broadcast com.google.android.talk/com.google.android.apps.hangouts.service.NetworkStateReceiver: pid=6119 uid=10071 gids={50071, 3003, 1028, 1015, 3002}
I/ActivityManager( 1025): Process com.google.android.apps.magazines (pid 5951) has died.
D/ConnectivityService( 1025): handleInetConditionHoldEnd: net=1, condition=100, published condition=100
I/ActivityManager( 1025): Start proc com.google.android.apps.magazines for broadcast com.google.android.apps.magazines/com.google.apps.dots.android.newsstand.appwidget.NewsWidgetProvider: pid=6144 uid=10077 gids={50077, 3003, 1028, 1015}
W/AppOps  ( 1025): Bad call: specified package qcamera under uid 1013 but it is really -1
W/AppOps  ( 1025): Bad call: specified package qcamera under uid 1013 but it is really -1
W/AppOps  ( 1025): Bad call: specified package qcamera under uid 1013 but it is really -1
W/Vold    (  261): Returning OperationFailed - no handler for errno 30
W/Vold    (  261): Returning OperationFailed - no handler for errno 30
W/AppOps  ( 1025): Bad call: specified package qcamera under uid 1013 but it is really -1
I/ActivityManager( 1025): Process com.mobisystems.ubreader_west (pid 6043) has died.
W/Vold    (  261): Returning OperationFailed - no handler for errno 30
W/Vold    (  261): Returning OperationFailed - no handler for errno 30
I/ActivityManager( 1025): Process com.android.mms (pid 6060) has died.
I/ActivityManager( 1025): Process com.android.chrome (pid 6004) has died.
I/ActivityManager( 1025): Start proc com.android.chrome for broadcast com.android.chrome/com.google.android.apps.chrome.precache.PrecacheServiceLauncher: pid=6201 uid=10057 gids={50057, 3003, 1028, 1015}
I/ActivityManager( 1025): Process com.google.android.talk (pid 6119) has died.
W/ActivityManager( 1025): Service ServiceRecord{437bf5e8 u0 com.google.android.talk/com.google.android.libraries.hangouts.video.CallService} in process ProcessRecord{42a955b8 6119:com.google.android.talk/u0a71} not same as in map: null
W/Vold    (  261): Returning OperationFailed - no handler for errno 30
I/ActivityManager( 1025): Start proc com.mobisystems.ubreader_west for broadcast com.mobisystems.ubreader_west/com.mobisystems.ubreader.launcher.network.NetworkStateReceiver: pid=6215 uid=10117 gids={50117, 3003, 1028, 1015}
W/Vold    (  261): Returning OperationFailed - no handler for errno 30
I/ActivityManager( 1025): Start proc com.google.android.talk for broadcast com.google.android.talk/com.google.android.apps.hangouts.phone.PackageReplacedReceiver: pid=6241 uid=10071 gids={50071, 3003, 1028, 1015, 3002}
I/PackageManager( 1025): Adding preferred activity ComponentInfo{com.android.mms/com.android.mms.ui.ComposeMessageActivity} for user 0 :
I/PackageManager( 1025): Adding preferred activity ComponentInfo{com.android.mms/com.android.mms.ui.ComposeMessageActivity} for user 0 :
I/PackageManager( 1025): Adding preferred activity ComponentInfo{com.android.mms/com.android.mms.ui.ComposeMessageActivity} for user 0 :
I/PackageManager( 1025): Adding preferred activity ComponentInfo{com.android.mms/com.android.mms.ui.ComposeMessageActivity} for user 0 :
I/PackageManager( 1025): Adding preferred activity ComponentInfo{com.android.mms/com.android.mms.ui.ComposeMessageActivity} for user 0 :
I/PackageManager( 1025): Adding preferred activity ComponentInfo{com.android.mms/com.android.mms.ui.ComposeMessageActivity} for user 0 :
I/PackageManager( 1025): Adding preferred activity ComponentInfo{com.android.mms/com.android.mms.ui.ComposeMessageActivity} for user 0 :
I/ActivityManager( 1025): Process com.google.android.gms.unstable (pid 5680) has died.
I/PackageManager( 1025): Adding preferred activity ComponentInfo{com.android.mms/com.android.mms.ui.ComposeMessageActivity} for user 0 :
W/AppOps  ( 1025): Bad call: specified package qcamera under uid 1013 but it is really -1
I/ActivityManager( 1025): Start proc com.motorola.MotGallery2 for broadcast com.motorola.MotGallery2/com.android.gallery3d.app.PackagesMonitor: pid=6280 uid=10034 gids={50034, 3003, 1028, 1015}
W/AppOps  ( 1025): Bad call: specified package qcamera under uid 1013 but it is really -1
W/AppOps  ( 1025): Bad call: specified package qcamera under uid 1013 but it is really -1
W/AppOps  ( 1025): Bad call: specified package qcamera under uid 1013 but it is really -1
I/ActivityManager( 1025): Start proc com.android.vending for broadcast com.android.vending/com.google.android.finsky.receivers.PackageMonitorReceiver$RegisteredReceiver: pid=6296 uid=10039 gids={50039, 3003, 1028, 1015}
I/ActivityManager( 1025): Process com.google.android.apps.plus (pid 6098) has died.
D/WifiService( 1025): acquireWifiLockLocked: WifiLock{NlpWifiLock type=2 binder=android.os.BinderProxy@42b73398}
I/ActivityManager( 1025): Process com.google.android.apps.magazines (pid 6144) has died.
I/ActivityManager( 1025): Start proc com.google.android.apps.plus for broadcast com.google.android.apps.plus/.service.PackagesMediaMonitor: pid=6337 uid=10090 gids={50090, 3003, 3002, 1028, 1015}
I/ActivityManager( 1025): Process com.mobisystems.ubreader_west (pid 6215) has died.
I/ActivityManager( 1025): Process com.android.chrome (pid 6201) has died.
I/ActivityManager( 1025): Process com.rhmsoft.fm:crash.feedback (pid 6017) has died.
D/WifiService( 1025): releaseWifiLockLocked: WifiLock{NlpWifiLock type=2 binder=android.os.BinderProxy@42b73398}
I/ActivityManager( 1025): Start proc com.google.android.googlequicksearchbox:search for broadcast com.google.android.googlequicksearchbox/com.google.android.search.core.icingsync.IcingCorporaChangedReceiver: pid=6357 uid=10045 gids={50045, 3003, 3001, 1028, 3002, 1015}
I/ActivityManager( 1025): Process com.google.android.talk (pid 6241) has died.
W/ActivityManager( 1025): Service ServiceRecord{42d3e930 u0 com.google.android.talk/com.google.android.libraries.hangouts.video.CallService} in process ProcessRecord{42b6e718 6241:com.google.android.talk/u0a71} not same as in map: null
I/ActivityManager( 1025): Start proc com.google.android.partnersetup for content provider com.google.android.partnersetup/.RlzAppProvider: pid=6374 uid=10025 gids={50025, 3003}
I/SFPerfTracer(  274):      triggers: (rate: 49:25824) (7094 sw vsyncs) (54236 skipped) (17:77374 vsyncs) (19:94208)
I/SFPerfTracer(  274):      triggers: (rate: 49:25824) (7094 sw vsyncs) (54236 skipped) (17:77462 vsyncs) (19:94313)
V/AlarmManager( 1025): sending alarm Alarm{42d3f280 type 3 com.devexpert.weather}
V/AlarmManager( 1025): sending alarm Alarm{42d3f400 type 0 android}
I/ActivityManager( 1025): Start proc com.devexpert.weather for broadcast com.devexpert.weather/.view.WidgetWeather2x1: pid=6412 uid=10112 gids={50112, 3003, 1028, 1015}
V/AlarmManager( 1025): sending alarm Alarm{42d3f450 type 0 com.google.android.gms}
V/BackupManagerService( 1025): Running a backup pass
V/BackupManagerService( 1025): clearing pending backups
V/PerformBackupTask( 1025): Beginning backup of 2 targets
D/PerformBackupTask( 1025): invokeAgentForBackup on @pm@
D/BackupManagerService( 1025): Now staging backup of android
I/PerformBackupTask( 1025): no backup data written; not calling transport
D/PerformBackupTask( 1025): starting agent for backup of BackupRequest{pkg=android}
D/BackupManagerService( 1025): awaiting agent for ApplicationInfo{42407540 android}
D/BackupManagerService( 1025): agentConnected pkg=android agent=android.app.backup.BackupAgent$BackupServiceBinder@420534f8
I/BackupManagerService( 1025): got agent android.app.backup.BackupAgent$BackupServiceBinder@420534f8
D/PerformBackupTask( 1025): invokeAgentForBackup on android
I/ActivityManager( 1025): Process com.google.android.apps.plus (pid 6337) has died.
I/ActivityManager( 1025): Start proc com.google.android.gms.unstable for service com.google.android.gms/.droidguard.DroidGuardService: pid=6443 uid=10022 gids={50022, 3003, 1007, 1028, 1015, 3002, 3001, 3007, 2001, 3006}
D/PerformBackupTask( 1025): starting agent for backup of BackupRequest{pkg=com.google.android.googlequicksearchbox}
I/ActivityManager( 1025): Start proc com.google.android.googlequicksearchbox for backup com.google.android.googlequicksearchbox/com.android.launcher3.LauncherBackupAgentHelper: pid=6461 uid=10045 gids={50045, 3003, 3001, 1028, 3002, 1015}
D/BackupManagerService( 1025): awaiting agent for ApplicationInfo{427ecb70 com.google.android.googlequicksearchbox}
D/BackupManagerService( 1025): agentConnected pkg=com.google.android.googlequicksearchbox agent=android.os.BinderProxy@42c79bf0
I/BackupManagerService( 1025): got agent android.app.IBackupAgent$Stub$Proxy@429cf5e0
D/PerformBackupTask( 1025): invokeAgentForBackup on com.google.android.googlequicksearchbox
D/BackupManagerService( 1025): Now staging backup of com.google.android.googlequicksearchbox
I/PerformBackupTask( 1025): no backup data written; not calling transport
I/PerformBackupTask( 1025): Backup pass finished.
I/ActivityManager( 1025): Process com.android.vending (pid 6296) has died.
I/ActivityManager( 1025): Process com.google.android.googlequicksearchbox:search (pid 6357) has died.
I/PackageManager( 1025): Adding preferred activity ComponentInfo{com.android.mms/com.android.mms.ui.ComposeMessageActivity} for user 0 :
I/ActivityManager( 1025): Start proc com.google.android.talk for broadcast com.google.android.talk/com.google.android.apps.hangouts.phone.PackageReplacedReceiver: pid=6501 uid=10071 gids={50071, 3003, 1028, 1015, 3002}
I/PackageManager( 1025): Adding preferred activity ComponentInfo{com.android.mms/com.android.mms.ui.ComposeMessageActivity} for user 0 :
I/PackageManager( 1025): Adding preferred activity ComponentInfo{com.android.mms/com.android.mms.ui.ComposeMessageActivity} for user 0 :
I/PackageManager( 1025): Adding preferred activity ComponentInfo{com.android.mms/com.android.mms.ui.ComposeMessageActivity} for user 0 :
I/PackageManager( 1025): Adding preferred activity ComponentInfo{com.android.mms/com.android.mms.ui.ComposeMessageActivity} for user 0 :
I/PackageManager( 1025): Adding preferred activity ComponentInfo{com.android.mms/com.android.mms.ui.ComposeMessageActivity} for user 0 :
I/PackageManager( 1025): Adding preferred activity ComponentInfo{com.android.mms/com.android.mms.ui.ComposeMessageActivity} for user 0 :
I/PackageManager( 1025): Adding preferred activity ComponentInfo{com.android.mms/com.android.mms.ui.ComposeMessageActivity} for user 0 :
D/WifiService( 1025): acquireWifiLockLocked: WifiLock{NlpWifiLock type=2 binder=android.os.BinderProxy@42fcf880}
W/AppOps  ( 1025): Bad call: specified package qcamera under uid 1013 but it is really -1
I/ActivityManager( 1025): Start proc com.android.vending for broadcast com.android.vending/com.google.android.finsky.receivers.PackageMonitorReceiver$RegisteredReceiver: pid=6542 uid=10039 gids={50039, 3003, 1028, 1015}
W/AppOps  ( 1025): Bad call: specified package qcamera under uid 1013 but it is really -1
W/AppOps  ( 1025): Bad call: specified package qcamera under uid 1013 but it is really -1
W/AppOps  ( 1025): Bad call: specified package qcamera under uid 1013 but it is really -1
I/ActivityManager( 1025): Process com.devexpert.weather (pid 6412) has died.
I/ActivityManager( 1025): Start proc com.google.android.apps.plus for broadcast com.google.android.apps.plus/.service.PackagesMediaMonitor: pid=6583 uid=10090 gids={50090, 3003, 3002, 1028, 1015}
I/ActivityManager( 1025): Process com.google.android.gms.unstable (pid 6443) has died.
D/WifiService( 1025): releaseWifiLockLocked: WifiLock{NlpWifiLock type=2 binder=android.os.BinderProxy@42fcf880}
I/ActivityManager( 1025): Start proc com.google.android.googlequicksearchbox:search for broadcast com.google.android.googlequicksearchbox/com.google.android.search.core.icingsync.IcingCorporaChangedReceiver: pid=6603 uid=10045 gids={50045, 3003, 3001, 1028, 3002, 1015}
I/ActivityManager( 1025): Process com.google.android.talk (pid 6501) has died.
W/ActivityManager( 1025): Service ServiceRecord{42acc478 u0 com.google.android.talk/com.google.android.libraries.hangouts.video.CallService} in process ProcessRecord{42c6c6a8 6501:com.google.android.talk/u0a71} not same as in map: null
I/SFPerfTracer(  274):      triggers: (rate: 49:25824) (7094 sw vsyncs) (54236 skipped) (17:77550 vsyncs) (19:94421)
V/AlarmManager( 1025): sending alarm Alarm{42c741f0 type 3 android}
W/ContextImpl( 1295): Calling a method in the system process without a qualified user: android.app.ContextImpl.sendBroadcast:1252 android.content.ContextWrapper.sendBroadcast:365 com.motorola.motocare.util.TriggerHelper$TriggerBuilder.send:76 com.motorola.motocare.internal.frameworkevents.ProcessKillTrigger.sendTrigger:147 com.motorola.motocare.internal.frameworkevents.ProcessKillTrigger.handleLmkKill:337 
W/ContextImpl( 1295): Calling a method in the system process without a qualified user: android.app.ContextImpl.sendBroadcast:1252 android.content.ContextWrapper.sendBroadcast:365 com.motorola.motocare.util.TriggerHelper$TriggerBuilder.send:76 com.motorola.motocare.internal.frameworkevents.ProcessKillTrigger.sendTrigger:147 com.motorola.motocare.internal.frameworkevents.ProcessKillTrigger.handleLmkKill:337 
W/ContextImpl( 1295): Calling a method in the system process without a qualified user: android.app.ContextImpl.sendBroadcast:1252 android.content.ContextWrapper.sendBroadcast:365 com.motorola.motocare.util.TriggerHelper$TriggerBuilder.send:76 com.motorola.motocare.internal.frameworkevents.ProcessKillTrigger.sendTrigger:147 com.motorola.motocare.internal.frameworkevents.ProcessKillTrigger.handleLmkKill:337 
W/ContextImpl( 1295): Calling a method in the system process without a qualified user: android.app.ContextImpl.sendBroadcast:1252 android.content.ContextWrapper.sendBroadcast:365 com.motorola.motocare.util.TriggerHelper$TriggerBuilder.send:76 com.motorola.motocare.internal.frameworkevents.ProcessKillTrigger.sendTrigger:147 com.motorola.motocare.internal.frameworkevents.ProcessKillTrigger.handleLmkKill:337 
W/ContextImpl( 1295): Calling a method in the system process without a qualified user: android.app.ContextImpl.sendBroadcast:1252 android.content.ContextWrapper.sendBroadcast:365 com.motorola.motocare.util.TriggerHelper$TriggerBuilder.send:76 com.motorola.motocare.internal.frameworkevents.ProcessKillTrigger.sendTrigger:147 com.motorola.motocare.internal.frameworkevents.ProcessKillTrigger.handleLmkKill:337 
W/ContextImpl( 1295): Calling a method in the system process without a qualified user: android.app.ContextImpl.sendBroadcast:1252 android.content.ContextWrapper.sendBroadcast:365 com.motorola.motocare.util.TriggerHelper$TriggerBuilder.send:76 com.motorola.motocare.internal.frameworkevents.ProcessKillTrigger.sendTrigger:147 com.motorola.motocare.internal.frameworkevents.ProcessKillTrigger.handleLmkKill:337 
W/ContextImpl( 1295): Calling a method in the system process without a qualified user: android.app.ContextImpl.sendBroadcast:1252 android.content.ContextWrapper.sendBroadcast:365 com.motorola.motocare.util.TriggerHelper$TriggerBuilder.send:76 com.motorola.motocare.internal.frameworkevents.ProcessKillTrigger.sendTrigger:147 com.motorola.motocare.internal.frameworkevents.ProcessKillTrigger.handleLmkKill:337 
W/ContextImpl( 1295): Calling a method in the system process without a qualified user: android.app.ContextImpl.sendBroadcast:1252 android.content.ContextWrapper.sendBroadcast:365 com.motorola.motocare.util.TriggerHelper$TriggerBuilder.send:76 com.motorola.motocare.internal.frameworkevents.ProcessKillTrigger.sendTrigger:147 com.motorola.motocare.internal.frameworkevents.ProcessKillTrigger.handleLmkKill:337 
W/ContextImpl( 1295): Calling a method in the system process without a qualified user: android.app.ContextImpl.sendBroadcast:1252 android.content.ContextWrapper.sendBroadcast:365 com.motorola.motocare.util.TriggerHelper$TriggerBuilder.send:76 com.motorola.motocare.internal.frameworkevents.ProcessKillTrigger.sendTrigger:147 com.motorola.motocare.internal.frameworkevents.ProcessKillTrigger.handleLmkKill:337 
W/ContextImpl( 1295): Calling a method in the system process without a qualified user: android.app.ContextImpl.sendBroadcast:1252 android.content.ContextWrapper.sendBroadcast:365 com.motorola.motocare.util.TriggerHelper$TriggerBuilder.send:76 com.motorola.motocare.internal.frameworkevents.ProcessKillTrigger.sendTrigger:147 com.motorola.motocare.internal.frameworkevents.ProcessKillTrigger.handleLmkKill:337 
W/ContextImpl( 1295): Calling a method in the system process without a qualified user: android.app.ContextImpl.sendBroadcast:1252 android.content.ContextWrapper.sendBroadcast:365 com.motorola.motocare.util.TriggerHelper$TriggerBuilder.send:76 com.motorola.motocare.internal.frameworkevents.ProcessKillTrigger.sendTrigger:147 com.motorola.motocare.internal.frameworkevents.ProcessKillTrigger.handleLmkKill:337 
W/ContextImpl( 1295): Calling a method in the system process without a qualified user: android.app.ContextImpl.sendBroadcast:1252 android.content.ContextWrapper.sendBroadcast:365 com.motorola.motocare.util.TriggerHelper$TriggerBuilder.send:76 com.motorola.motocare.internal.frameworkevents.ProcessKillTrigger.sendTrigger:147 com.motorola.motocare.internal.frameworkevents.ProcessKillTrigger.handleLmkKill:337 
W/ContextImpl( 1295): Calling a method in the system process without a qualified user: android.app.ContextImpl.sendBroadcast:1252 android.content.ContextWrapper.sendBroadcast:365 com.motorola.motocare.util.TriggerHelper$TriggerBuilder.send:76 com.motorola.motocare.internal.frameworkevents.ProcessKillTrigger.sendTrigger:147 com.motorola.motocare.internal.frameworkevents.ProcessKillTrigger.handleLmkKill:337 
W/ContextImpl( 1295): Calling a method in the system process without a qualified user: android.app.ContextImpl.sendBroadcast:1252 android.content.ContextWrapper.sendBroadcast:365 com.motorola.motocare.util.TriggerHelper$TriggerBuilder.send:76 com.motorola.motocare.internal.frameworkevents.ProcessKillTrigger.sendTrigger:147 com.motorola.motocare.internal.frameworkevents.ProcessKillTrigger.handleLmkKill:337 
W/ContextImpl( 1295): Calling a method in the system process without a qualified user: android.app.ContextImpl.sendBroadcast:1252 android.content.ContextWrapper.sendBroadcast:365 com.motorola.motocare.util.TriggerHelper$TriggerBuilder.send:76 com.motorola.motocare.internal.frameworkevents.ProcessKillTrigger.sendTrigger:147 com.motorola.motocare.internal.frameworkevents.ProcessKillTrigger.handleLmkKill:337 
W/ContextImpl( 1295): Calling a method in the system process without a qualified user: android.app.ContextImpl.sendBroadcast:1252 android.content.ContextWrapper.sendBroadcast:365 com.motorola.motocare.util.TriggerHelper$TriggerBuilder.send:76 com.motorola.motocare.internal.frameworkevents.ProcessKillTrigger.sendTrigger:147 com.motorola.motocare.internal.frameworkevents.ProcessKillTrigger.handleLmkKill:337 
W/ContextImpl( 1295): Calling a method in the system process without a qualified user: android.app.ContextImpl.sendBroadcast:1252 android.content.ContextWrapper.sendBroadcast:365 com.motorola.motocare.util.TriggerHelper$TriggerBuilder.send:76 com.motorola.motocare.internal.frameworkevents.ProcessKillTrigger.sendTrigger:147 com.motorola.motocare.internal.frameworkevents.ProcessKillTrigger.handleLmkKill:337 
W/ContextImpl( 1295): Calling a method in the system process without a qualified user: android.app.ContextImpl.sendBroadcast:1252 android.content.ContextWrapper.sendBroadcast:365 com.motorola.motocare.util.TriggerHelper$TriggerBuilder.send:76 com.motorola.motocare.internal.frameworkevents.ProcessKillTrigger.sendTrigger:147 com.motorola.motocare.internal.frameworkevents.ProcessKillTrigger.handleLmkKill:337 
W/ContextImpl( 1295): Calling a method in the system process without a qualified user: android.app.ContextImpl.sendBroadcast:1252 android.content.ContextWrapper.sendBroadcast:365 com.motorola.motocare.util.TriggerHelper$TriggerBuilder.send:76 com.motorola.motocare.internal.frameworkevents.ProcessKillTrigger.sendTrigger:147 com.motorola.motocare.internal.frameworkevents.ProcessKillTrigger.handleLmkKill:337 
W/ContextImpl( 1295): Calling a method in the system process without a qualified user: android.app.ContextImpl.sendBroadcast:1252 android.content.ContextWrapper.sendBroadcast:365 com.motorola.motocare.util.TriggerHelper$TriggerBuilder.send:76 com.motorola.motocare.internal.frameworkevents.ProcessKillTrigger.sendTrigger:147 com.motorola.motocare.internal.frameworkevents.ProcessKillTrigger.handleLmkKill:337 
W/ContextImpl( 1295): Calling a method in the system process without a qualified user: android.app.ContextImpl.sendBroadcast:1252 android.content.ContextWrapper.sendBroadcast:365 com.motorola.motocare.util.TriggerHelper$TriggerBuilder.send:76 com.motorola.motocare.internal.frameworkevents.ProcessKillTrigger.sendTrigger:147 com.motorola.motocare.internal.frameworkevents.ProcessKillTrigger.handleLmkKill:337 
W/ContextImpl( 1295): Calling a method in the system process without a qualified user: android.app.ContextImpl.sendBroadcast:1252 android.content.ContextWrapper.sendBroadcast:365 com.motorola.motocare.util.TriggerHelper$TriggerBuilder.send:76 com.motorola.motocare.internal.frameworkevents.ProcessKillTrigger.sendTrigger:147 com.motorola.motocare.internal.frameworkevents.ProcessKillTrigger.handleLmkKill:337 
W/ContextImpl( 1295): Calling a method in the system process without a qualified user: android.app.ContextImpl.sendBroadcast:1252 android.content.ContextWrapper.sendBroadcast:365 com.motorola.motocare.util.TriggerHelper$TriggerBuilder.send:76 com.motorola.motocare.internal.frameworkevents.ProcessKillTrigger.sendTrigger:147 com.motorola.motocare.internal.frameworkevents.ProcessKillTrigger.handleLmkKill:337 
W/ContextImpl( 1295): Calling a method in the system process without a qualified user: android.app.ContextImpl.sendBroadcast:1252 android.content.ContextWrapper.sendBroadcast:365 com.motorola.motocare.util.TriggerHelper$TriggerBuilder.send:76 com.motorola.motocare.internal.frameworkevents.ProcessKillTrigger.sendTrigger:147 com.motorola.motocare.internal.frameworkevents.ProcessKillTrigger.handleLmkKill:337 
W/ContextImpl( 1295): Calling a method in the system process without a qualified user: android.app.ContextImpl.sendBroadcast:1252 android.content.ContextWrapper.sendBroadcast:365 com.motorola.motocare.util.TriggerHelper$TriggerBuilder.send:76 com.motorola.motocare.internal.frameworkevents.ProcessKillTrigger.sendTrigger:147 com.motorola.motocare.internal.frameworkevents.ProcessKillTrigger.handleLmkKill:337 
W/ContextImpl( 1295): Calling a method in the system process without a qualified user: android.app.ContextImpl.sendBroadcast:1252 android.content.ContextWrapper.sendBroadcast:365 com.motorola.motocare.util.TriggerHelper$TriggerBuilder.send:76 com.motorola.motocare.internal.frameworkevents.ProcessKillTrigger.sendTrigger:147 com.motorola.motocare.internal.frameworkevents.ProcessKillTrigger.handleLmkKill:337 
W/ContextImpl( 1295): Calling a method in the system process without a qualified user: android.app.ContextImpl.sendBroadcast:1252 android.content.ContextWrapper.sendBroadcast:365 com.motorola.motocare.util.TriggerHelper$TriggerBuilder.send:76 com.motorola.motocare.internal.frameworkevents.ProcessKillTrigger.sendTrigger:147 com.motorola.motocare.internal.frameworkevents.ProcessKillTrigger.handleLmkKill:337 
W/ContextImpl( 1295): Calling a method in the system process without a qualified user: android.app.ContextImpl.sendBroadcast:1252 android.content.ContextWrapper.sendBroadcast:365 com.motorola.motocare.util.TriggerHelper$TriggerBuilder.send:76 com.motorola.motocare.internal.frameworkevents.ProcessKillTrigger.sendTrigger:147 com.motorola.motocare.internal.frameworkevents.ProcessKillTrigger.handleLmkKill:337 
W/ContextImpl( 1295): Calling a method in the system process without a qualified user: android.app.ContextImpl.sendBroadcast:1252 android.content.ContextWrapper.sendBroadcast:365 com.motorola.motocare.util.TriggerHelper$TriggerBuilder.send:76 com.motorola.motocare.internal.frameworkevents.ProcessKillTrigger.sendTrigger:147 com.motorola.motocare.internal.frameworkevents.ProcessKillTrigger.handleLmkKill:337 
W/ContextImpl( 1295): Calling a method in the system process without a qualified user: android.app.ContextImpl.sendBroadcast:1252 android.content.ContextWrapper.sendBroadcast:365 com.motorola.motocare.util.TriggerHelper$TriggerBuilder.send:76 com.motorola.motocare.internal.frameworkevents.ProcessKillTrigger.sendTrigger:147 com.motorola.motocare.internal.frameworkevents.ProcessKillTrigger.handleLmkKill:337 
W/ContextImpl( 1295): Calling a method in the system process without a qualified user: android.app.ContextImpl.sendBroadcast:1252 android.content.ContextWrapper.sendBroadcast:365 com.motorola.motocare.util.TriggerHelper$TriggerBuilder.send:76 com.motorola.motocare.internal.frameworkevents.ProcessKillTrigger.sendTrigger:147 com.motorola.motocare.internal.frameworkevents.ProcessKillTrigger.handleLmkKill:337 
W/ContextImpl( 1295): Calling a method in the system process without a qualified user: android.app.ContextImpl.sendBroadcast:1252 android.content.ContextWrapper.sendBroadcast:365 com.motorola.motocare.util.TriggerHelper$TriggerBuilder.send:76 com.motorola.motocare.internal.frameworkevents.ProcessKillTrigger.sendTrigger:147 com.motorola.motocare.internal.frameworkevents.ProcessKillTrigger.handleLmkKill:337 
W/ContextImpl( 1295): Calling a method in the system process without a qualified user: android.app.ContextImpl.sendBroadcast:1252 android.content.ContextWrapper.sendBroadcast:365 com.motorola.motocare.util.TriggerHelper$TriggerBuilder.send:76 com.motorola.motocare.internal.frameworkevents.ProcessKillTrigger.sendTrigger:147 com.motorola.motocare.internal.frameworkevents.ProcessKillTrigger.handleLmkKill:337 
W/ContextImpl( 1295): Calling a method in the system process without a qualified user: android.app.ContextImpl.sendBroadcast:1252 android.content.ContextWrapper.sendBroadcast:365 com.motorola.motocare.util.TriggerHelper$TriggerBuilder.send:76 com.motorola.motocare.internal.frameworkevents.ProcessKillTrigger.sendTrigger:147 com.motorola.motocare.internal.frameworkevents.ProcessKillTrigger.handleLmkKill:337 
W/ContextImpl( 1295): Calling a method in the system process without a qualified user: android.app.ContextImpl.sendBroadcast:1252 android.content.ContextWrapper.sendBroadcast:365 com.motorola.motocare.util.TriggerHelper$TriggerBuilder.send:76 com.motorola.motocare.internal.frameworkevents.ProcessKillTrigger.sendTrigger:147 com.motorola.motocare.internal.frameworkevents.ProcessKillTrigger.handleLmkKill:337 
W/ContextImpl( 1295): Calling a method in the system process without a qualified user: android.app.ContextImpl.sendBroadcast:1252 android.content.ContextWrapper.sendBroadcast:365 com.motorola.motocare.util.TriggerHelper$TriggerBuilder.send:76 com.motorola.motocare.internal.frameworkevents.ProcessKillTrigger.sendTrigger:147 com.motorola.motocare.internal.frameworkevents.ProcessKillTrigger.handleLmkKill:337 
W/ContextImpl( 1295): Calling a method in the system process without a qualified user: android.app.ContextImpl.sendBroadcast:1252 android.content.ContextWrapper.sendBroadcast:365 com.motorola.motocare.util.TriggerHelper$TriggerBuilder.send:76 com.motorola.motocare.internal.frameworkevents.ProcessKillTrigger.sendTrigger:147 com.motorola.motocare.internal.frameworkevents.ProcessKillTrigger.handleLmkKill:337 
V/AlarmManager( 1025): sending alarm Alarm{42c73c38 type 3 com.devexpert.weather}
V/AlarmManager( 1025): sending alarm Alarm{42c711d8 type 2 com.android.phone}
I/ActivityManager( 1025): Start proc com.devexpert.weather for broadcast com.devexpert.weather/.view.WidgetWeather2x1: pid=6644 uid=10112 gids={50112, 3003, 1028, 1015}
V/AlarmManager( 1025): sending alarm Alarm{42c6eb10 type 2 android}
D/ConnectivityService( 1025): Sampling interval elapsed, updating statistics ..
D/ConnectivityService( 1025): Done.
D/ConnectivityService( 1025): Setting timer for 720seconds
I/SFPerfTracer(  274):      triggers: (rate: 49:25824) (7094 sw vsyncs) (54236 skipped) (42:77638 vsyncs) (44:94529)
I/SFPerfTracer(  274):      triggers: (rate: 38:1340) (compose: 0:9) (post: 0:1) (render: 1:158) (32:20240 frames) (33:66813)
D/SFPerfTracer(  274):        layers: (4:10) (DimLayer: 0:25)* (DimLayer: 0:6)* (FocusedStackFrame: 0:836)* (StatusBar: 0:6914) (NavigationBar: 0:7262) (com.android.wallpaper.fall.FallWallpaper: 0:18230)* (DimLayer: 0:692)* (DimLayer: 0:186)* (com.giftme.fb_auth/com.giftme.fb_auth.FB_Auth: 33:3018) (InputMethod: 14:18) 
I/SFPerfTracer(  274):       trigger: frame rate (-52.103%)	(28.738 fps)	(34.797 ms) 	(15 drops)	(21 frames)
I/SFPerfTracer(  274):      triggers: (rate: 39:1355) (compose: 0:9) (post: 0:1) (render: 1:158) (21:20261 frames) (22:66837)
D/SFPerfTracer(  274):        layers: (4:10) (DimLayer: 0:25)* (DimLayer: 0:6)* (FocusedStackFrame: 0:836)* (StatusBar: 0:6914) (NavigationBar: 0:7262) (com.android.wallpaper.fall.FallWallpaper: 0:18230)* (DimLayer: 0:692)* (DimLayer: 0:186)* (com.giftme.fb_auth/com.giftme.fb_auth.FB_Auth: 16:3035) (InputMethod: 15:34) 
I/SFPerfTracer(  274):      triggers: (rate: 49:25824) (7094 sw vsyncs) (54236 skipped) (40:77697 vsyncs) (42:94635)
I/SFPerfTracer(  274):       trigger: frame rate (-48.692%)	(30.785 fps)	(32.484 ms) 	(9 drops)	(21 frames)
I/SFPerfTracer(  274):      triggers: (rate: 40:1364) (compose: 0:9) (post: 0:1) (render: 1:158) (21:20300 frames) (22:66889)
D/SFPerfTracer(  274):        layers: (4:10) (DimLayer: 0:25)* (DimLayer: 0:6)* (FocusedStackFrame: 0:836)* (StatusBar: 1:6916) (NavigationBar: 0:7262) (com.android.wallpaper.fall.FallWallpaper: 0:18230)* (DimLayer: 0:692)* (DimLayer: 0:186)* (com.giftme.fb_auth/com.giftme.fb_auth.FB_Auth: 21:3076) (InputMethod: 0:43) 
V/AlarmManager( 1025): sending alarm Alarm{42c69668 type 2 com.google.android.gms}
D/ConnectivityService( 1025): handleInetConditionHoldEnd: net=1, condition=100, published condition=100
I/SFPerfTracer(  274):      triggers: (rate: 49:25824) (7094 sw vsyncs) (54236 skipped) (17:77780 vsyncs) (19:94741)
I/SFPerfTracer(  274):      triggers: (rate: 49:25824) (7094 sw vsyncs) (54236 skipped) (17:77853 vsyncs) (19:94857)
I/SFPerfTracer(  274):      triggers: (rate: 40:1377) (compose: 0:9) (post: 0:1) (render: 1:158) (4:20369 frames) (5:66990)
D/SFPerfTracer(  274):        layers: (4:10) (DimLayer: 0:25)* (DimLayer: 0:6)* (FocusedStackFrame: 0:836)* (StatusBar: 0:6929) (NavigationBar: 0:7262) (com.android.wallpaper.fall.FallWallpaper: 0:18230)* (DimLayer: 0:692)* (DimLayer: 0:186)* (com.giftme.fb_auth/com.giftme.fb_auth.FB_Auth: 1:3117) (InputMethod: 5:100) 
I/SFPerfTracer(  274):      triggers: (rate: 49:25824) (7094 sw vsyncs) (54236 skipped) (0:77893 vsyncs) (2:94959)
I/SFPerfTracer(  274):       trigger: frame rate (-45.333%)	(32.800 fps)	(30.488 ms) 	(4 drops)	(13 frames)
I/SFPerfTracer(  274):      triggers: (rate: 41:1385) (compose: 0:9) (post: 0:1) (render: 1:158) (13:20437 frames) (14:67094)
D/SFPerfTracer(  274):        layers: (4:10) (DimLayer: 0:25)* (DimLayer: 0:6)* (FocusedStackFrame: 0:836)* (StatusBar: 0:6933) (NavigationBar: 0:7262) (com.android.wallpaper.fall.FallWallpaper: 0:18230)* (DimLayer: 0:692)* (DimLayer: 0:186)* (com.giftme.fb_auth/com.giftme.fb_auth.FB_Auth: 14:3158) (InputMethod: 0:168) 
I/SFPerfTracer(  274):      triggers: (rate: 49:25824) (7094 sw vsyncs) (54236 skipped) (0:77952 vsyncs) (2:95060)
I/SFPerfTracer(  274):      triggers: (rate: 41:1389) (compose: 0:9) (post: 0:1) (render: 1:163) (16:20495 frames) (17:67182)
D/SFPerfTracer(  274):        layers: (6:11) (DimLayer: 0:25)* (DimLayer: 0:6)* (FocusedStackFrame: 0:837)* (StatusBar: 1:6935) (NavigationBar: 1:7263) (com.android.wallpaper.fall.FallWallpaper: 0:18230)* (DimLayer: 13:706) (DimLayer: 0:186)* (com.giftme.fb_auth/com.giftme.fb_auth.FB_Auth: 10:3204) (InputMethod: 9:209) (com.giftme.fb_auth/com.giftme.fb_auth.FB_Auth: 13:19) 
I/ActivityManager( 1025): Process com.android.vending (pid 6542) has died.
I/SFPerfTracer(  274):      triggers: (rate: 49:25824) (7094 sw vsyncs) (54236 skipped) (7:78010 vsyncs) (9:95162)
W/InputMethodManagerService( 1025): Window already focused, ignoring focus gain of: com.android.internal.view.IInputMethodClient$Stub$Proxy@42b67c30 attribute=null, token = android.os.BinderProxy@428c9200
I/ActivityManager( 1025): Process com.google.android.googlequicksearchbox (pid 6461) has died.
I/SFPerfTracer(  274):      triggers: (rate: 41:1389) (compose: 0:9) (post: 0:1) (render: 1:169) (13:20519 frames) (14:67235)
D/SFPerfTracer(  274):        layers: (5:12) (DimLayer: 0:25)* (DimLayer: 0:6)* (FocusedStackFrame: 0:839)* (StatusBar: 0:6937) (NavigationBar: 0:7263) (com.android.wallpaper.fall.FallWallpaper: 0:18230)* (DimLayer: 14:733) (DimLayer: 0:186)* (com.giftme.fb_auth/com.giftme.fb_auth.FB_Auth: 1:3229) (InputMethod: 0:210)* (com.giftme.fb_auth/com.giftme.fb_auth.FB_Auth: 0:32)* (com.giftme.fb_auth/com.giftme.fb_auth.FB_Auth: 13:19) 
W/InputMethodManagerService( 1025): Window already focused, ignoring focus gain of: com.android.internal.view.IInputMethodClient$Stub$Proxy@41fd88d8 attribute=null, token = android.os.BinderProxy@428c9200
V/AlarmManager( 1025): sending alarm Alarm{43836120 type 3 android}
I/SFPerfTracer(  274):      triggers: (rate: 49:25824) (7094 sw vsyncs) (54236 skipped) (0:78093 vsyncs) (1:95263)
D/WifiService( 1025): acquireWifiLockLocked: WifiLock{NlpWifiLock type=2 binder=android.os.BinderProxy@42fcf880}
D/ConnectivityService( 1025): startUsingNetworkFeature reconnecting to 0: enableSUPL
D/ConnectivityService( 1025): startUsingNetworkFeature X: return APN_REQUEST_STARTED
D/MobileDataStateTracker( 1025): supl: Broadcast received: android.intent.action.ANY_DATA_STATE apnType=supl
D/MobileDataStateTracker( 1025): supl: Received state=CONNECTING, old=DISCONNECTED, reason=dataEnabled
D/MobileDataStateTracker( 1025): supl: setDetailed state, old =IDLE and new state=CONNECTING
I/ActivityManager( 1025): Start proc com.android.mms for broadcast com.android.mms/.transaction.MmsSystemEventReceiver: pid=6939 uid=10031 gids={50031, 3003, 1028, 1015}
D/WifiService( 1025): releaseWifiLockLocked: WifiLock{NlpWifiLock type=2 binder=android.os.BinderProxy@42fcf880}
D/MobileDataStateTracker( 1025): supl: Broadcast received: android.intent.action.ANY_DATA_STATE apnType=supl
D/MobileDataStateTracker( 1025): supl: Received state=CONNECTING, old=CONNECTING, reason=(unspecified)
D/MobileDataStateTracker( 1025): supl: Broadcast received: android.intent.action.ANY_DATA_STATE apnType=supl
D/MobileDataStateTracker( 1025): supl: Received state=CONNECTED, old=CONNECTING, reason=connected
D/MobileDataStateTracker( 1025): supl: Unexpected mtu value: 0
D/MobileDataStateTracker( 1025): supl: Using FW overlay value config_mobile_mtu
D/MobileDataStateTracker( 1025): supl: setDetailed state, old =CONNECTING and new state=CONNECTED
D/ConnectivityService( 1025): ConnectivityChange for mobile_supl: CONNECTED/CONNECTED
D/ConnectivityService( 1025): Setting MTU size: rmnet0, 1410
D/NetworkManagementService( 1025): Enter setMtu in NetworkManagementService
D/NetworkManagementService( 1025): interface rmnet0setmtu 1410
E/ConnectivityService( 1025): Exception trying to remove a route: java.lang.IllegalStateException: command '1035 interface route remove rmnet0 default 0.0.0.0 0 100.70.118.9' failed with '400 1035 Failed to remove route from default table (No such process)'
D/Nat464Xlat( 1025): requiresClat: netType=3, hasIPv4Address=true
D/MobileDataStateTracker( 1025): default: setPolicyDataEnable(enabled=true)
D/MobileDataStateTracker( 1025): default: setPolicyDataEnable(enabled=true)
I/SFPerfTracer(  274):      triggers: (rate: 41:1389) (compose: 0:9) (post: 0:1) (render: 1:169) (0:20543 frames) (1:67335)
D/SFPerfTracer(  274):        layers: (3:10) (DimLayer: 0:25)* (DimLayer: 0:6)* (FocusedStackFrame: 0:840)* (StatusBar: 1:6947) (NavigationBar: 0:7263) (com.android.wallpaper.fall.FallWallpaper: 0:18230)* (DimLayer: 0:745)* (DimLayer: 0:186)* (com.giftme.fb_auth/com.giftme.fb_auth.FB_Auth: 0:3292) (com.giftme.fb_auth/com.giftme.fb_auth.FB_Auth: 0:46)* 
I/SFPerfTracer(  274):      triggers: (rate: 49:25824) (7094 sw vsyncs) (54236 skipped) (17:78193 vsyncs) (19:95380)
E/ActivityThread( 2172): Failed to find provider info for com.motorola.blur.setupprovider
D/ConnectivityService( 1025): requestRouteToHostAddress ok=true
I/openssl (31859): Crypto mode not selected, openssl will run on its regular mode.
I/openssl (31859): Crypto mode 0 already enabled
I/ActivityManager( 1025): Start proc com.google.android.talk for broadcast com.google.android.talk/com.google.android.apps.hangouts.service.NetworkStateReceiver: pid=7083 uid=10071 gids={50071, 3003, 1028, 1015, 3002}
I/ActivityManager( 1025): Process com.google.android.googlequicksearchbox:search (pid 6603) has died.
I/ActivityManager( 1025): Process com.whatsapp (pid 18417) has died.
W/ActivityManager( 1025): Scheduling restart of crashed service com.whatsapp/.messaging.MessageService in 1000ms
I/ActivityManager( 1025): Process com.bambuna.podcastaddict (pid 23574) has died.
W/ActivityManager( 1025): Scheduling restart of crashed service com.bambuna.podcastaddict/.service.PodcastAddictService in 10971ms
I/ActivityManager( 1025): Process com.devexpert.weather (pid 6644) has died.
D/ConnectivityService( 1025): stopUsingNetworkFeature: teardown net 0: enableSUPL
I/ActivityManager( 1025): Start proc com.google.android.apps.magazines for broadcast com.google.android.apps.magazines/com.google.apps.dots.android.newsstand.appwidget.NewsWidgetProvider: pid=7109 uid=10077 gids={50077, 3003, 1028, 1015}
W/AppOps  ( 1025): Bad call: specified package qcamera under uid 1013 but it is really -1
W/AppOps  ( 1025): Bad call: specified package qcamera under uid 1013 but it is really -1
W/AppOps  ( 1025): Bad call: specified package qcamera under uid 1013 but it is really -1
W/Vold    (  261): Returning OperationFailed - no handler for errno 30
W/Vold    (  261): Returning OperationFailed - no handler for errno 30
W/Vold    (  261): Returning OperationFailed - no handler for errno 30
W/Vold    (  261): Returning OperationFailed - no handler for errno 30
W/AppOps  ( 1025): Bad call: specified package qcamera under uid 1013 but it is really -1
D/ConnectivityService( 1025): handleInetConditionHoldEnd: net=1, condition=100, published condition=100
I/ActivityManager( 1025): Start proc com.android.chrome for broadcast com.android.chrome/com.google.android.apps.chrome.precache.PrecacheServiceLauncher: pid=7156 uid=10057 gids={50057, 3003, 1028, 1015}
I/ActivityManager( 1025): Start proc com.rhmsoft.fm:crash.feedback for broadcast com.rhmsoft.fm/com.cleanmaster.fm.receiver.ConnectivityChangeBroadcastReceiver: pid=7169 uid=10105 gids={50105, 3003, 1028, 1015}
W/Vold    (  261): Returning OperationFailed - no handler for errno 30
W/Vold    (  261): Returning OperationFailed - no handler for errno 30
W/Vold    (  261): Returning OperationFailed - no handler for errno 30
I/ActivityManager( 1025): Start proc com.mobisystems.ubreader_west for broadcast com.mobisystems.ubreader_west/com.mobisystems.ubreader.launcher.network.NetworkStateReceiver: pid=7190 uid=10117 gids={50117, 3003, 1028, 1015}
I/ActivityManager( 1025): Killing 6374:com.google.android.partnersetup/u0a25 (adj 15): empty #9
W/ContextImpl( 1295): Calling a method in the system process without a qualified user: android.app.ContextImpl.sendBroadcast:1252 android.content.ContextWrapper.sendBroadcast:365 com.motorola.motocare.util.TriggerHelper$TriggerBuilder.send:76 com.motorola.motocare.internal.frameworkevents.ProcessKillTrigger.sendTrigger:147 com.motorola.motocare.internal.frameworkevents.ProcessKillTrigger.handleFrameworkEvent:164 
W/Vold    (  261): Returning OperationFailed - no handler for errno 30
I/ActivityManager( 1025): Killing 6280:com.motorola.MotGallery2/u0a34 (adj 15): empty #9
W/ContextImpl( 1295): Calling a method in the system process without a qualified user: android.app.ContextImpl.sendBroadcast:1252 android.content.ContextWrapper.sendBroadcast:365 com.motorola.motocare.util.TriggerHelper$TriggerBuilder.send:76 com.motorola.motocare.internal.frameworkevents.ProcessKillTrigger.sendTrigger:147 com.motorola.motocare.internal.frameworkevents.ProcessKillTrigger.handleFrameworkEvent:164 
I/ActivityManager( 1025): Start proc com.whatsapp for service com.whatsapp/.messaging.MessageService: pid=7215 uid=10107 gids={50107, 3002, 3003, 1028, 1015}
D/MobileDataStateTracker( 1025): supl: Broadcast received: android.intent.action.ANY_DATA_STATE apnType=supl
D/MobileDataStateTracker( 1025): supl: Received state=DISCONNECTED, old=CONNECTED, reason=dataDisabled
D/MobileDataStateTracker( 1025): supl: setDetailed state, old =CONNECTED and new state=DISCONNECTED
D/ConnectivityService( 1025): ConnectivityChange for mobile_supl: DISCONNECTED/DISCONNECTED
W/FrameworkListener(  270): Handler 'interface' error (No such device)
W/FrameworkListener(  270): Handler 'interface' error (No such device)
D/ConnectivityService( 1025): resetConnections(rmnet0, 3)
D/Nat464Xlat( 1025): requiresClat: netType=3, hasIPv4Address=true
D/MobileDataStateTracker( 1025): default: setPolicyDataEnable(enabled=true)
D/MobileDataStateTracker( 1025): default: setPolicyDataEnable(enabled=true)
D/MobileDataStateTracker( 1025): default: setPolicyDataEnable(enabled=true)
D/MobileDataStateTracker( 1025): default: setPolicyDataEnable(enabled=true)
V/AlarmManager( 1025): sending alarm Alarm{42ae5368 type 3 com.whatsapp}
I/ActivityManager( 1025): Start proc com.android.vending for service com.android.vending/com.google.android.finsky.billing.iab.InAppBillingService: pid=7285 uid=10039 gids={50039, 3003, 1028, 1015}
V/AlarmManager( 1025): sending alarm Alarm{42bb8bd0 type 3 com.whatsapp}
I/ActivityManager( 1025): Process com.google.android.talk (pid 7083) has died.
W/ActivityManager( 1025): Service ServiceRecord{43889788 u0 com.google.android.talk/com.google.android.libraries.hangouts.video.CallService} in process ProcessRecord{41fc8bc0 7083:com.google.android.talk/u0a71} not same as in map: null
I/ActivityManager( 1025): Start proc com.bambuna.podcastaddict for broadcast com.bambuna.podcastaddict/.receiver.PodcastAddictBroadcastReceiver: pid=7369 uid=10113 gids={50113, 3003, 1028, 1015, 3002}
E/ActivityThread( 2172): Failed to find provider info for com.motorola.blur.setupprovider
E/ActivityThread( 2172): Failed to find provider info for com.motorola.blur.setupprovider
W/Vold    (  261): Returning OperationFailed - no handler for errno 30
I/openssl (31859): Crypto mode not selected, openssl will run on its regular mode.
I/openssl (31859): Crypto mode 0 already enabled
I/ActivityManager( 1025): Process com.google.android.apps.plus (pid 6583) has died.
I/ActivityManager( 1025): Start proc com.google.android.apps.plus for broadcast com.google.android.apps.plus/.service.ConnectivityReceiver: pid=7430 uid=10090 gids={50090, 3003, 3002, 1028, 1015}
I/ActivityManager( 1025): Process com.google.android.apps.magazines (pid 7109) has died.
D/ConnectivityService( 1025): handleInetConditionHoldEnd: net=1, condition=100, published condition=100
I/ActivityManager( 1025): Start proc com.google.android.talk for broadcast com.google.android.talk/com.google.android.apps.hangouts.service.NetworkStateReceiver: pid=7453 uid=10071 gids={50071, 3003, 1028, 1015, 3002}
I/ActivityManager( 1025): Start proc com.google.android.apps.magazines for broadcast com.google.android.apps.magazines/com.google.apps.dots.android.newsstand.appwidget.NewsWidgetProvider: pid=7475 uid=10077 gids={50077, 3003, 1028, 1015}
W/AppOps  ( 1025): Bad call: specified package qcamera under uid 1013 but it is really -1
W/AppOps  ( 1025): Bad call: specified package qcamera under uid 1013 but it is really -1
W/AppOps  ( 1025): Bad call: specified package qcamera under uid 1013 but it is really -1
W/Vold    (  261): Returning OperationFailed - no handler for errno 30
W/Vold    (  261): Returning OperationFailed - no handler for errno 30
W/Vold    (  261): Returning OperationFailed - no handler for errno 30
W/Vold    (  261): Returning OperationFailed - no handler for errno 30
W/AppOps  ( 1025): Bad call: specified package qcamera under uid 1013 but it is really -1
I/ActivityManager( 1025): Process com.android.mms (pid 6939) has died.
W/Vold    (  261): Returning OperationFailed - no handler for errno 30
W/Vold    (  261): Returning OperationFailed - no handler for errno 30
I/openssl (31859): Crypto mode not selected, openssl will run on its regular mode.
I/openssl (31859): Crypto mode 0 already enabled
I/ActivityManager( 1025): Start proc com.android.mms for broadcast com.android.mms/.transaction.MmsSystemEventReceiver: pid=7538 uid=10031 gids={50031, 3003, 1028, 1015}
I/ActivityManager( 1025): Process com.google.android.talk (pid 7453) has died.
W/ActivityManager( 1025): Service ServiceRecord{43883268 u0 com.google.android.talk/com.google.android.libraries.hangouts.video.CallService} in process ProcessRecord{42ce2a88 7453:com.google.android.talk/u0a71} not same as in map: null
I/ActivityManager( 1025): Start proc com.google.android.talk for broadcast com.google.android.talk/com.google.android.apps.hangouts.service.NetworkStateReceiver: pid=7560 uid=10071 gids={50071, 3003, 1028, 1015, 3002}
I/ActivityManager( 1025): Process com.google.android.apps.magazines (pid 7475) has died.
I/ActivityManager( 1025): Start proc com.google.android.apps.magazines for broadcast com.google.android.apps.magazines/com.google.apps.dots.android.newsstand.appwidget.NewsWidgetProvider: pid=7582 uid=10077 gids={50077, 3003, 1028, 1015}
W/AppOps  ( 1025): Bad call: specified package qcamera under uid 1013 but it is really -1
W/AppOps  ( 1025): Bad call: specified package qcamera under uid 1013 but it is really -1
W/AppOps  ( 1025): Bad call: specified package qcamera under uid 1013 but it is really -1
W/Vold    (  261): Returning OperationFailed - no handler for errno 30
W/Vold    (  261): Returning OperationFailed - no handler for errno 30
W/AppOps  ( 1025): Bad call: specified package qcamera under uid 1013 but it is really -1
I/ActivityManager( 1025): Process com.mobisystems.ubreader_west (pid 7190) has died.
W/Vold    (  261): Returning OperationFailed - no handler for errno 30
W/Vold    (  261): Returning OperationFailed - no handler for errno 30
D/ConnectivityService( 1025): handleInetConditionHoldEnd: net=1, condition=100, published condition=100
W/Vold    (  261): Returning OperationFailed - no handler for errno 30
W/Vold    (  261): Returning OperationFailed - no handler for errno 30
I/ActivityManager( 1025): Start proc com.mobisystems.ubreader_west for broadcast com.mobisystems.ubreader_west/com.mobisystems.ubreader.launcher.network.NetworkStateReceiver: pid=7630 uid=10117 gids={50117, 3003, 1028, 1015}
I/ActivityManager( 1025): Process com.google.android.talk (pid 7560) has died.
W/ActivityManager( 1025): Service ServiceRecord{431e36d0 u0 com.google.android.talk/com.google.android.libraries.hangouts.video.CallService} in process ProcessRecord{437ba540 7560:com.google.android.talk/u0a71} not same as in map: null
I/SFPerfTracer(  274):      triggers: (rate: 49:25824) (7094 sw vsyncs) (54236 skipped) (11:78276 vsyncs) (13:95487)
I/SFPerfTracer(  274):      triggers: (rate: 41:1389) (compose: 0:10) (post: 0:1) (render: 1:169) (0:20543 frames) (1:67435)
D/SFPerfTracer(  274):        layers: (3:9) (DimLayer: 0:25)* (DimLayer: 0:6)* (FocusedStackFrame: 0:840)* (StatusBar: 0:6959) (NavigationBar: 0:7298) (com.android.wallpaper.fall.FallWallpaper: 0:18230)* (DimLayer: 0:745)* (DimLayer: 0:186)* (com.giftme.fb_auth/com.giftme.fb_auth.FB_Auth: 1:3359) 
V/AlarmManager( 1025): sending alarm Alarm{42c475e0 type 3 com.devexpert.weather}
V/AlarmManager( 1025): sending alarm Alarm{42c5c828 type 2 com.google.android.gms}
I/ActivityManager( 1025): Start proc com.devexpert.weather for broadcast com.devexpert.weather/.view.WidgetWeather2x1: pid=7684 uid=10112 gids={50112, 3003, 1028, 1015}
W/InputMethodManagerService( 1025): Window already focused, ignoring focus gain of: com.android.internal.view.IInputMethodClient$Stub$Proxy@41fd30f0 attribute=null, token = android.os.BinderProxy@428c9200
I/SFPerfTracer(  274):      triggers: (rate: 49:25824) (7094 sw vsyncs) (54236 skipped) (29:78358 vsyncs) (31:95593)
I/SFPerfTracer(  274):      triggers: (rate: 41:1392) (compose: 0:10) (post: 0:1) (render: 1:170) (38:20612 frames) (39:67535)
D/SFPerfTracer(  274):        layers: (4:11) (DimLayer: 0:25)* (DimLayer: 0:6)* (FocusedStackFrame: 0:842)* (StatusBar: 0:6962) (NavigationBar: 0:7299) (com.android.wallpaper.fall.FallWallpaper: 0:18230)* (DimLayer: 0:771)* (DimLayer: 0:186)* (com.giftme.fb_auth/com.giftme.fb_auth.FB_Auth: 38:3417) (com.giftme.fb_auth/com.giftme.fb_auth.FB_Auth: 0:33)* (InputMethod: 13:18) 
I/SFPerfTracer(  274):      triggers: (rate: 49:25824) (7094 sw vsyncs) (54236 skipped) (3:78424 vsyncs) (5:95696)
