W/ContextImpl( 1231): Calling a method in the system process without a qualified user: android.app.ContextImpl.startService:1608 android.content.ContextWrapper.startService:494 android.content.ContextWrapper.startService:494 com.motorola.motocare.internal.batterystats.BatteryStatsAction.onReceive:33 android.app.ActivityThread.handleReceiver:2434 
I/SFPerfTracer(  278):      triggers: (rate: 617:20942) (compose: 0:80) (post: 0:3) (render: 54:4875) (88:336636 frames) (89:1015180)
D/SFPerfTracer(  278):        layers: (4:11) (DimLayer: 0:200)* (DimLayer: 0:187)* (FocusedStackFrame: 0:7804)* (StatusBar: 11:78058) (NavigationBar: 29:54811) (DimLayer: 0:13455)* (DimLayer: 0:1556)* (com.android.wallpaper.fall.FallWallpaper: 25:87122) (com.android.launcher/com.android.launcher2.Launcher: 40:282)* (Keyguard: 41:144) (ElectronBeam: 0:23)* 
I/ActivityManager( 1016): Process com.android.deskclock (pid 20894) has died.
I/ActivityManager( 1016): Process com.twitter.android (pid 21001) has died.
W/ActivityManager( 1016): Service ServiceRecord{442e92b0 u0 com.twitter.android/com.twitter.internal.android.service.AsyncService} in process ProcessRecord{438ca310 21001:com.twitter.android/u0a132} not same as in map: null
W/ContextImpl( 1231): Calling a method in the system process without a qualified user: android.app.ContextImpl.startService:1608 android.content.ContextWrapper.startService:494 android.content.ContextWrapper.startService:494 com.motorola.motocare.internal.batterystats.BatteryStatsAction.onReceive:33 android.app.ActivityThread.handleReceiver:2434 
F/ProcessStats( 1016): Starting service ServiceState{43a506e8 com.tranzmate.services.LocationService pkg=com.tranzmate proc=43a506e8} without owner
W/ContextImpl( 1231): Calling a method in the system process without a qualified user: android.app.ContextImpl.sendBroadcast:1252 android.content.ContextWrapper.sendBroadcast:365 com.motorola.motocare.util.TriggerHelper$TriggerBuilder.send:76 com.motorola.motocare.internal.frameworkevents.PauseResumeTrigger.handleFrameworkEvent:53 com.motorola.motocare.internal.frameworkevents.FwEventMonitor$FrameworkListener.processFrameworkEvent:114 
I/ActivityManager( 1016): START u0 {act=android.intent.action.VIEW dat=content://com.android.gmail.ui/timcallagy@gmail.com/label/^i?appVersion=51001620 typ=application/gmail-ls flg=0x1000c000 cmp=com.google.android.gm/.ConversationListActivityGmail bnds=[0,620][720,748] (has extras)} from pid -1
W/ContextImpl( 1231): Calling a method in the system process without a qualified user: android.app.ContextImpl.sendBroadcast:1252 android.content.ContextWrapper.sendBroadcast:365 com.motorola.motocare.util.TriggerHelper$TriggerBuilder.send:76 com.motorola.motocare.internal.frameworkevents.PauseResumeTrigger.handleFrameworkEvent:53 com.motorola.motocare.internal.frameworkevents.FwEventMonitor$FrameworkListener.processFrameworkEvent:114 
D/UsbDeviceManager( 1016): MSG_USER_PRESENT
I/ActivityManager( 1016): Start proc com.linkedin.android for broadcast com.linkedin.android/.appwidget.ResponsiveWidgetService$ActiveUserListener: pid=21274 uid=10123 gids={50123, 3003, 1028, 1015}
I/ActivityManager( 1016): Start proc com.google.android.gm for activity com.google.android.gm/.ConversationListActivityGmail: pid=21287 uid=10065 gids={50065, 3003, 1028, 1015}
W/ContextImpl( 1231): Calling a method in the system process without a qualified user: android.app.ContextImpl.sendBroadcast:1252 android.content.ContextWrapper.sendBroadcast:365 com.motorola.motocare.util.TriggerHelper$TriggerBuilder.send:76 com.motorola.motocare.internal.frameworkevents.PauseResumeTrigger.handleFrameworkEvent:53 com.motorola.motocare.internal.frameworkevents.FwEventMonitor$FrameworkListener.processFrameworkEvent:114 
I/SFPerfTracer(  278):      triggers: (rate: 617:20944) (compose: 0:80) (post: 0:3) (render: 54:4876) (10:336657 frames) (11:1015233)
D/SFPerfTracer(  278):        layers: (4:11) (DimLayer: 0:200)* (DimLayer: 0:187)* (FocusedStackFrame: 0:7804)* (StatusBar: 7:78075) (NavigationBar: 1:54812) (DimLayer: 0:13455)* (DimLayer: 0:1556)* (com.android.wallpaper.fall.FallWallpaper: 4:87158) (com.android.launcher/com.android.launcher2.Launcher: 2:285)* (Keyguard: 10:155) (Starting com.google.android.gm: 0:2)* 
I/ActivityManager( 1016): Activity reported stop, but no longer stopping: ActivityRecord{430c5710 u0 com.android.launcher/com.android.launcher2.Launcher t39}
D/ActivityThread(21287): Loading provider com.google.android.gmail.provider;com.android.mail.notifier;com.google.android.gm.email.provider;com.google.android.gm.email.notifier: com.android.email.provider.EmailProvider
W/ActivityManager( 1016): Unable to start service Intent { act=com.google.android.gm.email.EXCHANGE_INTENT pkg=com.google.android.gm.exchange } U=0: not found
W/ActivityManager( 1016): Unable to start service Intent { act=com.google.android.gm.email.EXCHANGE_INTENT pkg=com.google.android.gm.exchange } U=0: not found
W/ActivityManager( 1016): Unable to start service Intent { act=com.google.android.gm.email.EXCHANGE_INTENT pkg=com.google.android.gm.exchange } U=0: not found
W/ActivityManager( 1016): Unable to start service Intent { cmp=com.google.android.gm/com.android.email.service.AttachmentService } U=0: not found
W/ActivityManager( 1016): Unable to start service Intent { act=com.google.android.gm.email.EXCHANGE_INTENT pkg=com.google.android.gm.exchange } U=0: not found
I/SFPerfTracer(  278):       trigger: vsync rate (-28.453%)	(42.928 vps)	(23.295 ms)* 	(42 drops)	(201 vsyncs)
I/SFPerfTracer(  278):      triggers: (rate: 319:192571) (245039 sw vsyncs) (419377 skipped) (201:1116540 vsyncs) (203:1494411)
I/LaunchCheckinHandler( 1016): Displayed com.google.android.gm/.ConversationListActivityGmail,cp,ca,1211
E/ActivityThread(15991): Performing stop of activity that is not resumed: {com.android.launcher/com.android.launcher2.Launcher}
E/ActivityThread(15991): java.lang.RuntimeException: Performing stop of activity that is not resumed: {com.android.launcher/com.android.launcher2.Launcher}
E/ActivityThread(15991): 	at android.app.ActivityThread.performStopActivityInner(ActivityThread.java:3214)
E/ActivityThread(15991): 	at android.app.ActivityThread.handleStopActivity(ActivityThread.java:3301)
E/ActivityThread(15991): 	at android.app.ActivityThread.access$1100(ActivityThread.java:139)
E/ActivityThread(15991): 	at android.app.ActivityThread$H.handleMessage(ActivityThread.java:1237)
E/ActivityThread(15991): 	at android.os.Handler.dispatchMessage(Handler.java:102)
E/ActivityThread(15991): 	at android.os.Looper.loop(Looper.java:136)
E/ActivityThread(15991): 	at android.app.ActivityThread.main(ActivityThread.java:5086)
E/ActivityThread(15991): 	at java.lang.reflect.Method.invokeNative(Native Method)
E/ActivityThread(15991): 	at java.lang.reflect.Method.invoke(Method.java:515)
E/ActivityThread(15991): 	at com.android.internal.os.ZygoteInit$MethodAndArgsCaller.run(ZygoteInit.java:785)
E/ActivityThread(15991): 	at com.android.internal.os.ZygoteInit.main(ZygoteInit.java:601)
E/ActivityThread(15991): 	at dalvik.system.NativeStart.main(Native Method)
I/ActivityManager( 1016): Process com.devexpert.weather (pid 20794) has died.
I/SFPerfTracer(  278):      triggers: (rate: 617:20944) (compose: 0:80) (post: 0:3) (render: 54:4876) (0:336702 frames) (1:1015333)
D/SFPerfTracer(  278):        layers: (3:12) (DimLayer: 0:200)* (DimLayer: 0:189)* (FocusedStackFrame: 0:7808)* (StatusBar: 0:78099) (NavigationBar: 0:54835) (DimLayer: 0:13455)* (DimLayer: 0:1558)* (com.android.wallpaper.fall.FallWallpaper: 0:87184)* (com.android.launcher/com.android.launcher2.Launcher: 0:303)* (Keyguard: 0:157)* (Starting com.google.android.gm: 0:40)* (com.google.android.gm/com.google.android.gm.ConversationListActivityGmail: 1:40) 
I/SFPerfTracer(  278):      triggers: (rate: 319:192571) (245039 sw vsyncs) (419377 skipped) (15:1116624 vsyncs) (17:1494516)
I/ActivityManager( 1016): Process com.linkedin.android (pid 21274) has died.
I/SFPerfTracer(  278):      triggers: (rate: 319:192571) (245039 sw vsyncs) (419377 skipped) (16:1116713 vsyncs) (18:1494632)
V/AlarmManager( 1016): sending alarm Alarm{43d20ca0 type 2 com.facebook.katana}
V/AlarmManager( 1016): sending alarm Alarm{43d207e8 type 2 android}
V/AlarmManager( 1016): sending alarm Alarm{43c38d08 type 0 com.rhmsoft.fm}
V/AlarmManager( 1016): sending alarm Alarm{43bd8d78 type 1 com.rhmsoft.fm}
V/AlarmManager( 1016): sending alarm Alarm{43480b18 type 3 android}
V/AlarmManager( 1016): sending alarm Alarm{43480780 type 3 com.devexpert.weather}
V/AlarmManager( 1016): sending alarm Alarm{4347d568 type 2 com.google.android.gms}
I/ActivityManager( 1016): Start proc com.devexpert.weather for broadcast com.devexpert.weather/.view.WidgetWeather2x1: pid=21543 uid=10112 gids={50112, 3003, 1028, 1015}
D/ConnectivityService( 1016): handleInetConditionHoldEnd: net=1, condition=100, published condition=100
I/SFPerfTracer(  278):      triggers: (rate: 617:20944) (compose: 0:80) (post: 0:3) (render: 54:4876) (0:336702 frames) (1:1015433)
D/SFPerfTracer(  278):        layers: (3:9) (DimLayer: 0:200)* (DimLayer: 0:189)* (FocusedStackFrame: 0:7808)* (StatusBar: 0:78120) (NavigationBar: 0:54835) (DimLayer: 0:13455)* (DimLayer: 0:1558)* (com.android.wallpaper.fall.FallWallpaper: 0:87184)* (com.google.android.gm/com.google.android.gm.ConversationListActivityGmail: 1:119) 
I/SFPerfTracer(  278):      triggers: (rate: 319:192571) (245039 sw vsyncs) (419377 skipped) (64:1116842 vsyncs) (66:1494785)
I/SFPerfTracer(  278):      triggers: (rate: 617:20944) (compose: 0:80) (post: 0:3) (render: 54:4876) (0:336702 frames) (1:1015533)
D/SFPerfTracer(  278):        layers: (3:9) (DimLayer: 0:200)* (DimLayer: 0:189)* (FocusedStackFrame: 0:7808)* (StatusBar: 0:78122) (NavigationBar: 0:54835) (DimLayer: 0:13455)* (DimLayer: 0:1558)* (com.android.wallpaper.fall.FallWallpaper: 0:87184)* (com.google.android.gm/com.google.android.gm.ConversationListActivityGmail: 1:219) 
I/SFPerfTracer(  278):      triggers: (rate: 319:192571) (245039 sw vsyncs) (419377 skipped) (57:1116963 vsyncs) (59:1494910)
I/SFPerfTracer(  278):      triggers: (rate: 617:20944) (compose: 0:80) (post: 0:3) (render: 54:4876) (0:336702 frames) (1:1015633)
D/SFPerfTracer(  278):        layers: (3:9) (DimLayer: 0:200)* (DimLayer: 0:189)* (FocusedStackFrame: 0:7808)* (StatusBar: 0:78124) (NavigationBar: 0:54835) (DimLayer: 0:13455)* (DimLayer: 0:1558)* (com.android.wallpaper.fall.FallWallpaper: 0:87184)* (com.google.android.gm/com.google.android.gm.ConversationListActivityGmail: 1:317) 
I/SFPerfTracer(  278):      triggers: (rate: 319:192571) (245039 sw vsyncs) (419377 skipped) (86:1117080 vsyncs) (88:1495031)
I/ActivityManager( 1016): Process com.devexpert.weather (pid 21543) has died.
I/SFPerfTracer(  278):      triggers: (rate: 617:20944) (compose: 0:80) (post: 0:3) (render: 54:4876) (0:336702 frames) (1:1015733)
D/SFPerfTracer(  278):        layers: (3:9) (DimLayer: 0:200)* (DimLayer: 0:189)* (FocusedStackFrame: 0:7808)* (StatusBar: 0:78124) (NavigationBar: 0:54870) (DimLayer: 0:13455)* (DimLayer: 0:1558)* (com.android.wallpaper.fall.FallWallpaper: 0:87184)* (com.google.android.gm/com.google.android.gm.ConversationListActivityGmail: 1:398) 
W/ContextImpl( 1231): Calling a method in the system process without a qualified user: android.app.ContextImpl.sendBroadcast:1252 android.content.ContextWrapper.sendBroadcast:365 com.motorola.motocare.util.TriggerHelper$TriggerBuilder.send:76 com.motorola.motocare.internal.frameworkevents.PauseResumeTrigger.handleFrameworkEvent:53 com.motorola.motocare.internal.frameworkevents.FwEventMonitor$FrameworkListener.processFrameworkEvent:114 
W/ContextImpl( 1231): Calling a method in the system process without a qualified user: android.app.ContextImpl.sendBroadcast:1252 android.content.ContextWrapper.sendBroadcast:365 com.motorola.motocare.util.TriggerHelper$TriggerBuilder.send:76 com.motorola.motocare.internal.frameworkevents.PauseResumeTrigger.handleFrameworkEvent:53 com.motorola.motocare.internal.frameworkevents.FwEventMonitor$FrameworkListener.processFrameworkEvent:114 
E/ActivityThread(21287): Activity com.google.android.gm.ui.MailActivityGmail has leaked IntentReceiver com.android.mail.browse.de@42817a30 that was originally registered here. Are you missing a call to unregisterReceiver()?
E/ActivityThread(21287): android.app.IntentReceiverLeaked: Activity com.google.android.gm.ui.MailActivityGmail has leaked IntentReceiver com.android.mail.browse.de@42817a30 that was originally registered here. Are you missing a call to unregisterReceiver()?
E/ActivityThread(21287): 	at android.app.LoadedApk$ReceiverDispatcher.<init>(LoadedApk.java:805)
E/ActivityThread(21287): 	at android.app.LoadedApk.getReceiverDispatcher(LoadedApk.java:606)
E/ActivityThread(21287): 	at android.app.ContextImpl.registerReceiverInternal(ContextImpl.java:1559)
E/ActivityThread(21287): 	at android.app.ContextImpl.registerReceiver(ContextImpl.java:1539)
E/ActivityThread(21287): 	at android.app.ContextImpl.registerReceiver(ContextImpl.java:1533)
E/ActivityThread(21287): 	at android.content.ContextWrapper.registerReceiver(ContextWrapper.java:467)
E/ActivityThread(21287): 	at com.android.mail.browse.dc.a(SourceFile:114)
E/ActivityThread(21287): 	at com.android.mail.browse.dc.a(SourceFile:161)
E/ActivityThread(21287): 	at com.android.mail.browse.ConversationItemView.onLayout(SourceFile:669)
E/ActivityThread(21287): 	at android.view.View.layout(View.java:14860)
E/ActivityThread(21287): 	at android.widget.FrameLayout.layoutChildren(FrameLayout.java:453)
E/ActivityThread(21287): 	at android.widget.FrameLayout.onLayout(FrameLayout.java:388)
E/ActivityThread(21287): 	at android.view.View.layout(View.java:14860)
E/ActivityThread(21287): 	at android.view.ViewGroup.layout(ViewGroup.java:4643)
E/ActivityThread(21287): 	at android.widget.ListView.setupChild(ListView.java:1882)
E/ActivityThread(21287): 	at android.widget.ListView.makeAndAddView(ListView.java:1793)
E/ActivityThread(21287): 	at android.widget.ListView.fillDown(ListView.java:691)
E/ActivityThread(21287): 	at android.widget.ListView.fillFromTop(ListView.java:752)
E/ActivityThread(21287): 	at android.widget.ListView.layoutChildren(ListView.java:1616)
E/ActivityThread(21287): 	at android.widget.AbsListView.onLayout(AbsListView.java:2087)
E/ActivityThread(21287): 	at com.android.mail.ui.SwipeableListView.onLayout(SourceFile:564)
E/ActivityThread(21287): 	at android.view.View.layout(View.java:14860)
E/ActivityThread(21287): 	at android.view.ViewGroup.layout(ViewGroup.java:4643)
E/ActivityThread(21287): 	at android.widget.FrameLayout.layoutChildren(FrameLayout.java:453)
E/ActivityThread(21287): 	at android.widget.FrameLayout.onLayout(FrameLayout.java:388)
E/ActivityThread(21287): 	at android.view.View.layout(View.java:14860)
E/ActivityThread(21287): 	at android.view.ViewGroup.layout(ViewGroup.java:4643)
E/ActivityThread(21287): 	at android.support.v4.widget.aw.onLayout(SourceFile:543)
E/ActivityThread(21287): 	at android.view.View.layout(View.java:14860)
E/ActivityThread(21287): 	at android.view.ViewGroup.layout(ViewGroup.java:4643)
E/ActivityThread(21287): 	at android.widget.FrameLayout.layoutChildren(FrameLayout.java:453)
E/ActivityThread(21287): 	at android.widget.FrameLayout.onLayout(FrameLayout.java:388)
E/ActivityThread(21287): 	at android.view.View.layout(View.java:14860)
E/ActivityThread(21287): 	at android.view.ViewGroup.layout(ViewGroup.java:4643)
E/ActivityThread(21287): 	at android.widget.FrameLayout.layoutChildren(FrameLayout.java:453)
E/ActivityThread(21287): 	at android.widget.FrameLayout.onLayout(FrameLayout.java:388)
E/ActivityThread(21287): 	at android.view.View.layout(View.java:14860)
E/ActivityThread(21287): 	at android.view.ViewGroup.layout(ViewGroup.java:4643)
E/ActivityThread(21287): 	at android.widget.LinearLayout.setChildFrame(LinearLayout.java:1671)
E/ActivityThread(21287): 	at android.widget.LinearLayout.layoutVertical(LinearLayout.java:1525)
E/ActivityThread(21287): 	at android.widget.LinearLayout.onLayout(LinearLayout.java:1434)
E/ActivityThread(21287): 	at android.view.View.layout(View.java:14860)
E/ActivityThread(21287): 	at android.view.ViewGroup.layout(ViewGroup.java:4643)
E/ActivityThread(21287): 	at android.support.v4.widget.DrawerLayout.onLayout(SourceFile:890)
E/ActivityThread(21287): 	at android.view.View.layout(View.java:14860)
E/ActivityThread(21287): 	at android.view.ViewGroup.layout(ViewGroup.java:4643)
E/ActivityThread(21287): 	at android.widget.FrameLayout.layoutChildren(FrameLayout.java:453)
E/ActivityThread(21287): 	at android.widget.FrameLayout.onLayout(FrameLayout.java:388)
E/ActivityThread(21287): 	at android.view.View.layout(View.java:14860)
E/ActivityThread(21287): 	at android.view.ViewGroup.layout(ViewGroup.java:4643)
E/ActivityThread(21287): 	at android.widget.FrameLayout.layoutChildren(FrameLayout.java:453)
E/ActivityThread(21287): 	at android.widget.FrameLayout.onLayout(FrameLayout.java:388)
E/ActivityThread(21287): 	at android.view.View.layout(View.java:14860)
E/ActivityThread(21287): 	at android.view.ViewGroup.layout(ViewGroup.java:4643)
E/ActivityThread(21287): 	at android.widget.FrameLayout.layoutChildren(FrameLayout.java:453)
E/ActivityThread(21287): 	at android.widget.FrameLayout.onLayout(FrameLayout.java:388)
E/ActivityThread(21287): 	at android.view.View.layout(View.java:14860)
E/ActivityThread(21287): 	at android.view.ViewGroup.layout(ViewGroup.java:4643)
E/ActivityThread(21287): 	at android.widget.LinearLayout.setChildFrame(LinearLayout.java:1671)
E/ActivityThread(21287): 	at android.widget.LinearLayout.layoutVertical(LinearLayout.java:1525)
E/ActivityThread(21287): 	at android.widget.LinearLayout.onLayout(LinearLayout.ja
I/ActivityManager( 1016): Process com.google.android.gm (pid 21287) has died.
I/SFPerfTracer(  278):      triggers: (rate: 617:20944) (compose: 0:80) (post: 0:3) (render: 54:4876) (0:336732 frames) (1:1015833)
D/SFPerfTracer(  278):        layers: (4:10) (DimLayer: 0:200)* (DimLayer: 0:189)* (FocusedStackFrame: 0:7812)* (StatusBar: 0:78145) (NavigationBar: 0:54910) (DimLayer: 0:13455)* (DimLayer: 0:1558)* (com.android.wallpaper.fall.FallWallpaper: 1:87229) (com.google.android.gm/com.google.android.gm.ConversationListActivityGmail: 0:436)* (com.android.launcher/com.android.launcher2.Launcher: 0:13) 
I/ActivityManager( 1016): START u0 {act=android.intent.action.MAIN cat=[android.intent.category.LAUNCHER] flg=0x10200000 pkg=com.mycelium.wallet cmp=com.mycelium.wallet/.activity.StartupActivity bnds=[360,585][520,785]} from pid 15991
W/ContextImpl( 1231): Calling a method in the system process without a qualified user: android.app.ContextImpl.sendBroadcast:1252 android.content.ContextWrapper.sendBroadcast:365 com.motorola.motocare.util.TriggerHelper$TriggerBuilder.send:76 com.motorola.motocare.internal.frameworkevents.PauseResumeTrigger.handleFrameworkEvent:53 com.motorola.motocare.internal.frameworkevents.FwEventMonitor$FrameworkListener.processFrameworkEvent:114 
I/ActivityManager( 1016): Start proc com.mycelium.wallet for activity com.mycelium.wallet/.activity.StartupActivity: pid=21643 uid=10109 gids={50109, 3003}
W/ContextImpl( 1231): Calling a method in the system process without a qualified user: android.app.ContextImpl.sendBroadcast:1252 android.content.ContextWrapper.sendBroadcast:365 com.motorola.motocare.util.TriggerHelper$TriggerBuilder.send:76 com.motorola.motocare.internal.frameworkevents.PauseResumeTrigger.handleFrameworkEvent:53 com.motorola.motocare.internal.frameworkevents.FwEventMonitor$FrameworkListener.processFrameworkEvent:114 
I/SFPerfTracer(  278):      triggers: (rate: 617:20944) (compose: 0:80) (post: 0:3) (render: 54:4876) (15:336748 frames) (16:1015934)
D/SFPerfTracer(  278):        layers: (5:10) (DimLayer: 0:200)* (DimLayer: 0:189)* (FocusedStackFrame: 0:7814)* (StatusBar: 16:78161) (NavigationBar: 16:54926) (DimLayer: 0:13455)* (DimLayer: 0:1558)* (com.android.wallpaper.fall.FallWallpaper: 4:87261) (com.android.launcher/com.android.launcher2.Launcher: 0:88) (Starting com.mycelium.wallet: 16:20) 
I/SFPerfTracer(  278):       trigger: vsync rate (-33.011%)	(40.193 vps)	(24.880 ms)* 	(68 drops)	(219 vsyncs)
I/SFPerfTracer(  278):      triggers: (rate: 320:192639) (245039 sw vsyncs) (419603 skipped) (219:1117358 vsyncs) (221:1495316)
I/LaunchCheckinHandler( 1016): Displayed com.mycelium.wallet/.activity.StartupActivity,cp,ca,712
I/ActivityManager( 1016): START u0 {cmp=com.mycelium.wallet/.activity.modern.ModernMain} from pid 21643
W/ContextImpl( 1231): Calling a method in the system process without a qualified user: android.app.ContextImpl.sendBroadcast:1252 android.content.ContextWrapper.sendBroadcast:365 com.motorola.motocare.util.TriggerHelper$TriggerBuilder.send:76 com.motorola.motocare.internal.frameworkevents.PauseResumeTrigger.handleFrameworkEvent:53 com.motorola.motocare.internal.frameworkevents.FwEventMonitor$FrameworkListener.processFrameworkEvent:114 
W/ContextImpl( 1231): Calling a method in the system process without a qualified user: android.app.ContextImpl.sendBroadcast:1252 android.content.ContextWrapper.sendBroadcast:365 com.motorola.motocare.util.TriggerHelper$TriggerBuilder.send:76 com.motorola.motocare.internal.frameworkevents.PauseResumeTrigger.handleFrameworkEvent:53 com.motorola.motocare.internal.frameworkevents.FwEventMonitor$FrameworkListener.processFrameworkEvent:114 
I/LaunchCheckinHandler( 1016): Displayed com.mycelium.wallet/.activity.modern.ModernMain,wp,ca,730
I/SFPerfTracer(  278):      triggers: (rate: 320:192639) (245039 sw vsyncs) (419603 skipped) (17:1117460 vsyncs) (19:1495431)
W/ContextImpl( 1231): Calling a method in the system process without a qualified user: android.app.ContextImpl.sendBroadcast:1252 android.content.ContextWrapper.sendBroadcast:365 com.motorola.motocare.util.TriggerHelper$TriggerBuilder.send:76 com.motorola.motocare.internal.frameworkevents.PauseResumeTrigger.handleFrameworkEvent:53 com.motorola.motocare.internal.frameworkevents.FwEventMonitor$FrameworkListener.processFrameworkEvent:114 
W/ContextImpl( 1231): Calling a method in the system process without a qualified user: android.app.ContextImpl.sendBroadcast:1252 android.content.ContextWrapper.sendBroadcast:365 com.motorola.motocare.util.TriggerHelper$TriggerBuilder.send:76 com.motorola.motocare.internal.frameworkevents.PauseResumeTrigger.handleFrameworkEvent:53 com.motorola.motocare.internal.frameworkevents.FwEventMonitor$FrameworkListener.processFrameworkEvent:114 
I/SFPerfTracer(  278):      triggers: (rate: 617:20946) (compose: 0:80) (post: 0:3) (render: 54:4876) (11:336804 frames) (12:1016034)
D/SFPerfTracer(  278):        layers: (5:12) (DimLayer: 0:200)* (DimLayer: 0:189)* (FocusedStackFrame: 1:7824)* (StatusBar: 11:78179) (NavigationBar: 12:54952) (DimLayer: 0:13455)* (DimLayer: 0:1560)* (com.android.wallpaper.fall.FallWallpaper: 4:87267) (Starting com.mycelium.wallet: 0:33)* (com.mycelium.wallet/com.mycelium.wallet.activity.StartupActivity: 0:24)* (com.mycelium.wallet/com.mycelium.wallet.activity.modern.ModernMain: 12:65) (com.android.launcher/com.android.launcher2.Launcher: 1:9) 
I/ActivityManager( 1016): Process com.mycelium.wallet (pid 21643) has died.
I/SFPerfTracer(  278):      triggers: (rate: 617:20946) (compose: 0:80) (post: 0:3) (render: 54:4876) (0:336815 frames) (1:1016134)
D/SFPerfTracer(  278):        layers: (4:10) (DimLayer: 0:200)* (DimLayer: 0:189)* (FocusedStackFrame: 0:7825)* (StatusBar: 0:78188) (NavigationBar: 0:54959) (DimLayer: 0:13455)* (DimLayer: 0:1560)* (com.android.wallpaper.fall.FallWallpaper: 1:87298) (com.mycelium.wallet/com.mycelium.wallet.activity.modern.ModernMain: 0:77)* (com.android.launcher/com.android.launcher2.Launcher: 1:89) 
V/AlarmManager( 1016): sending alarm Alarm{4285dfc0 type 2 com.facebook.katana}
V/AlarmManager( 1016): sending alarm Alarm{442c09a8 type 2 com.facebook.katana}
I/ActivityManager( 1016): START u0 {act=android.intent.action.MAIN cat=[android.intent.category.LAUNCHER] flg=0x10200000 cmp=free.reddit.news/reddit.news.RedditNavigation bnds=[520,585][680,785]} from pid 15991
W/ContextImpl( 1231): Calling a method in the system process without a qualified user: android.app.ContextImpl.sendBroadcast:1252 android.content.ContextWrapper.sendBroadcast:365 com.motorola.motocare.util.TriggerHelper$TriggerBuilder.send:76 com.motorola.motocare.internal.frameworkevents.PauseResumeTrigger.handleFrameworkEvent:53 com.motorola.motocare.internal.frameworkevents.FwEventMonitor$FrameworkListener.processFrameworkEvent:114 
I/ActivityManager( 1016): Start proc free.reddit.news for activity free.reddit.news/reddit.news.RedditNavigation: pid=21740 uid=10115 gids={50115, 3003, 1028, 1015}
W/ContextImpl( 1231): Calling a method in the system process without a qualified user: android.app.ContextImpl.sendBroadcast:1252 android.content.ContextWrapper.sendBroadcast:365 com.motorola.motocare.util.TriggerHelper$TriggerBuilder.send:76 com.motorola.motocare.internal.frameworkevents.PauseResumeTrigger.handleFrameworkEvent:53 com.motorola.motocare.internal.frameworkevents.FwEventMonitor$FrameworkListener.processFrameworkEvent:114 
W/Vold    (  261): Returning OperationFailed - no handler for errno 30
W/Vold    (  261): Returning OperationFailed - no handler for errno 30
W/Vold    (  261): Returning OperationFailed - no handler for errno 30
I/ActivityManager( 1016): Start proc com.android.vending for service com.android.vending/com.google.android.finsky.billing.iab.InAppBillingService: pid=21770 uid=10039 gids={50039, 3003, 1028, 1015}
I/SFPerfTracer(  278):      triggers: (rate: 320:192669) (245039 sw vsyncs) (419795 skipped) (227:1117704 vsyncs) (229:1495680)
I/SFPerfTracer(  278):      triggers: (rate: 617:20946) (compose: 0:80) (post: 0:3) (render: 54:4876) (0:336830 frames) (1:1016234)
D/SFPerfTracer(  278):        layers: (3:11) (DimLayer: 0:200)* (DimLayer: 0:189)* (FocusedStackFrame: 0:7827)* (StatusBar: 1:78208) (NavigationBar: 0:54976) (DimLayer: 0:13455)* (DimLayer: 0:1560)* (com.android.wallpaper.fall.FallWallpaper: 0:87329)* (com.android.launcher/com.android.launcher2.Launcher: 0:153)* (Starting free.reddit.news: 0:22) (free.reddit.news/reddit.news.RedditNavigation: 0:2)* 
I/LaunchCheckinHandler( 1016): Displayed free.reddit.news/reddit.news.RedditNavigation,cp,ca,1661
W/ContextImpl( 1231): Calling a method in the system process without a qualified user: android.app.ContextImpl.sendBroadcast:1252 android.content.ContextWrapper.sendBroadcast:365 com.motorola.motocare.util.TriggerHelper$TriggerBuilder.send:76 com.motorola.motocare.internal.frameworkevents.ProcessKillTrigger.sendTrigger:147 com.motorola.motocare.internal.frameworkevents.ProcessKillTrigger.handleLmkKill:337 
W/ContextImpl( 1231): Calling a method in the system process without a qualified user: android.app.ContextImpl.sendBroadcast:1252 android.content.ContextWrapper.sendBroadcast:365 com.motorola.motocare.util.TriggerHelper$TriggerBuilder.send:76 com.motorola.motocare.internal.frameworkevents.ProcessKillTrigger.sendTrigger:147 com.motorola.motocare.internal.frameworkevents.ProcessKillTrigger.handleLmkKill:337 
W/ContextImpl( 1231): Calling a method in the system process without a qualified user: android.app.ContextImpl.sendBroadcast:1252 android.content.ContextWrapper.sendBroadcast:365 com.motorola.motocare.util.TriggerHelper$TriggerBuilder.send:76 com.motorola.motocare.internal.frameworkevents.ProcessKillTrigger.sendTrigger:147 com.motorola.motocare.internal.frameworkevents.ProcessKillTrigger.handleLmkKill:337 
W/ContextImpl( 1231): Calling a method in the system process without a qualified user: android.app.ContextImpl.sendBroadcast:1252 android.content.ContextWrapper.sendBroadcast:365 com.motorola.motocare.util.TriggerHelper$TriggerBuilder.send:76 com.motorola.motocare.internal.frameworkevents.ProcessKillTrigger.sendTrigger:147 com.motorola.motocare.internal.frameworkevents.ProcessKillTrigger.handleLmkKill:337 
W/ContextImpl( 1231): Calling a method in the system process without a qualified user: android.app.ContextImpl.sendBroadcast:1252 android.content.ContextWrapper.sendBroadcast:365 com.motorola.motocare.util.TriggerHelper$TriggerBuilder.send:76 com.motorola.motocare.internal.frameworkevents.ProcessKillTrigger.sendTrigger:147 com.motorola.motocare.internal.frameworkevents.ProcessKillTrigger.handleLmkKill:337 
W/ContextImpl( 1231): Calling a method in the system process without a qualified user: android.app.ContextImpl.sendBroadcast:1252 android.content.ContextWrapper.sendBroadcast:365 com.motorola.motocare.util.TriggerHelper$TriggerBuilder.send:76 com.motorola.motocare.internal.frameworkevents.ProcessKillTrigger.sendTrigger:147 com.motorola.motocare.internal.frameworkevents.ProcessKillTrigger.handleLmkKill:337 
W/ContextImpl( 1231): Calling a method in the system process without a qualified user: android.app.ContextImpl.sendBroadcast:1252 android.content.ContextWrapper.sendBroadcast:365 com.motorola.motocare.util.TriggerHelper$TriggerBuilder.send:76 com.motorola.motocare.internal.frameworkevents.ProcessKillTrigger.sendTrigger:147 com.motorola.motocare.internal.frameworkevents.ProcessKillTrigger.handleLmkKill:337 
W/ContextImpl( 1231): Calling a method in the system process without a qualified user: android.app.ContextImpl.sendBroadcast:1252 android.content.ContextWrapper.sendBroadcast:365 com.motorola.motocare.util.TriggerHelper$TriggerBuilder.send:76 com.motorola.motocare.internal.frameworkevents.ProcessKillTrigger.sendTrigger:147 com.motorola.motocare.internal.frameworkevents.ProcessKillTrigger.handleLmkKill:337 
W/ContextImpl( 1231): Calling a method in the system process without a qualified user: android.app.ContextImpl.sendBroadcast:1252 android.content.ContextWrapper.sendBroadcast:365 com.motorola.motocare.util.TriggerHelper$TriggerBuilder.send:76 com.motorola.motocare.internal.frameworkevents.ProcessKillTrigger.sendTrigger:147 com.motorola.motocare.internal.frameworkevents.ProcessKillTrigger.handleLmkKill:337 
W/ContextImpl( 1231): Calling a method in the system process without a qualified user: android.app.ContextImpl.sendBroadcast:1252 android.content.ContextWrapper.sendBroadcast:365 com.motorola.motocare.util.TriggerHelper$TriggerBuilder.send:76 com.motorola.motocare.internal.frameworkevents.ProcessKillTrigger.sendTrigger:147 com.motorola.motocare.internal.frameworkevents.ProcessKillTrigger.handleLmkKill:337 
W/ContextImpl( 1231): Calling a method in the system process without a qualified user: android.app.ContextImpl.sendBroadcast:1252 android.content.ContextWrapper.sendBroadcast:365 com.motorola.motocare.util.TriggerHelper$TriggerBuilder.send:76 com.motorola.motocare.internal.frameworkevents.ProcessKillTrigger.sendTrigger:147 com.motorola.motocare.internal.frameworkevents.ProcessKillTrigger.handleLmkKill:337 
W/ContextImpl( 1231): Calling a method in the system process without a qualified user: android.app.ContextImpl.sendBroadcast:1252 android.content.ContextWrapper.sendBroadcast:365 com.motorola.motocare.util.TriggerHelper$TriggerBuilder.send:76 com.motorola.motocare.internal.frameworkevents.ProcessKillTrigger.sendTrigger:147 com.motorola.motocare.internal.frameworkevents.ProcessKillTrigger.handleLmkKill:337 
W/ContextImpl( 1231): Calling a method in the system process without a qualified user: android.app.ContextImpl.sendBroadcast:1252 android.content.ContextWrapper.sendBroadcast:365 com.motorola.motocare.util.TriggerHelper$TriggerBuilder.send:76 com.motorola.motocare.internal.frameworkevents.ProcessKillTrigger.sendTrigger:147 com.motorola.motocare.internal.frameworkevents.ProcessKillTrigger.handleLmkKill:337 
W/ContextImpl( 1231): Calling a method in the system process without a qualified user: android.app.ContextImpl.sendBroadcast:1252 android.content.ContextWrapper.sendBroadcast:365 com.motorola.motocare.util.TriggerHelper$TriggerBuilder.send:76 com.motorola.motocare.internal.frameworkevents.ProcessKillTrigger.sendTrigger:147 com.motorola.motocare.internal.frameworkevents.ProcessKillTrigger.handleLmkKill:337 
I/SFPerfTracer(  278):      triggers: (rate: 320:192669) (245039 sw vsyncs) (419795 skipped) (7:1117789 vsyncs) (9:1495782)
I/SFPerfTracer(  278):      triggers: (rate: 617:20946) (compose: 0:80) (post: 0:3) (render: 54:4876) (0:336838 frames) (1:1016334)
D/SFPerfTracer(  278):        layers: (3:10) (DimLayer: 0:200)* (DimLayer: 0:189)* (FocusedStackFrame: 0:7828)* (StatusBar: 0:78210) (NavigationBar: 0:54976) (DimLayer: 0:13455)* (DimLayer: 0:1560)* (com.android.wallpaper.fall.FallWallpaper: 0:87329)* (Starting free.reddit.news: 0:32)* (free.reddit.news/reddit.news.RedditNavigation: 1:90) 
I/SFPerfTracer(  278):      triggers: (rate: 320:192669) (245039 sw vsyncs) (419795 skipped) (17:1117878 vsyncs) (19:1495889)
V/AlarmManager( 1016): sending alarm Alarm{42ddd240 type 2 com.facebook.katana}
V/AlarmManager( 1016): sending alarm Alarm{42de9ce8 type 2 free.reddit.news}
V/AlarmManager( 1016): sending alarm Alarm{42ddced8 type 2 android}
I/ActivityManager( 1016): Start proc com.google.android.gm for service com.google.android.gm/.provider.MailSyncAdapterService: pid=21912 uid=10065 gids={50065, 3003, 1028, 1015}
I/SFPerfTracer(  278):      triggers: (rate: 320:192669) (245039 sw vsyncs) (419795 skipped) (97:1118043 vsyncs) (99:1496066)
I/SFPerfTracer(  278):      triggers: (rate: 617:20948) (compose: 0:80) (post: 0:3) (render: 54:4876) (95:336999 frames) (96:1016515)
D/SFPerfTracer(  278):        layers: (4:10) (DimLayer: 0:200)* (DimLayer: 0:189)* (FocusedStackFrame: 0:7828)* (StatusBar: 0:78219) (NavigationBar: 0:54976) (DimLayer: 0:13455)* (DimLayer: 0:1560)* (com.android.wallpaper.fall.FallWallpaper: 0:87329)* (free.reddit.news/reddit.news.RedditNavigation: 0:96) (PopupWindow:42c28530: 96:167) 
D/ActivityThread(21912): Loading provider com.google.android.gmail.provider;com.android.mail.notifier;com.google.android.gm.email.provider;com.google.android.gm.email.notifier: com.android.email.provider.EmailProvider
W/ActivityManager( 1016): Unable to start service Intent { act=com.google.android.gm.email.EXCHANGE_INTENT pkg=com.google.android.gm.exchange } U=0: not found
W/ActivityManager( 1016): Unable to start service Intent { act=com.google.android.gm.email.EXCHANGE_INTENT pkg=com.google.android.gm.exchange } U=0: not found
W/ActivityManager( 1016): Unable to start service Intent { act=com.google.android.gm.email.EXCHANGE_INTENT pkg=com.google.android.gm.exchange } U=0: not found
W/ActivityManager( 1016): Unable to start service Intent { cmp=com.google.android.gm/com.android.email.service.AttachmentService } U=0: not found
W/ActivityManager( 1016): Unable to start service Intent { act=com.google.android.gm.email.EXCHANGE_INTENT pkg=com.google.android.gm.exchange } U=0: not found
W/InputMethodManagerService( 1016): Window already focused, ignoring focus gain of: com.android.internal.view.IInputMethodClient$Stub$Proxy@4344da58 attribute=null, token = android.os.BinderProxy@42904408
I/SFPerfTracer(  278):      triggers: (rate: 617:20950) (compose: 0:80) (post: 0:3) (render: 54:4876) (0:337066 frames) (1:1016615)
D/SFPerfTracer(  278):        layers: (3:10) (DimLayer: 0:200)* (DimLayer: 0:189)* (FocusedStackFrame: 0:7828)* (StatusBar: 0:78220) (NavigationBar: 0:54976) (DimLayer: 0:13455)* (DimLayer: 0:1560)* (com.android.wallpaper.fall.FallWallpaper: 0:87329)* (free.reddit.news/reddit.news.RedditNavigation: 1:138) (PopupWindow:42c28530: 0:236)* 
D/ConnectivityService( 1016): handleInetConditionHoldEnd: net=1, condition=100, published condition=100
I/SFPerfTracer(  278):      triggers: (rate: 320:192669) (245039 sw vsyncs) (419795 skipped) (85:1118188 vsyncs) (87:1496219)
I/SFPerfTracer(  278):      triggers: (rate: 617:20950) (compose: 0:80) (post: 0:3) (render: 54:4876) (0:337066 frames) (1:1016715)
D/SFPerfTracer(  278):        layers: (3:9) (DimLayer: 0:200)* (DimLayer: 0:189)* (FocusedStackFrame: 0:7828)* (StatusBar: 0:78222) (NavigationBar: 0:54976) (DimLayer: 0:13455)* (DimLayer: 0:1560)* (com.android.wallpaper.fall.FallWallpaper: 0:87329)* (free.reddit.news/reddit.news.RedditNavigation: 1:237) 
I/SFPerfTracer(  278):      triggers: (rate: 320:192669) (245039 sw vsyncs) (419795 skipped) (13:1118278 vsyncs) (15:1496323)
I/ActivityManager( 1016): Process com.google.android.gm (pid 21912) has died.
I/SFPerfTracer(  278):      triggers: (rate: 617:20950) (compose: 0:80) (post: 0:3) (render: 54:4876) (0:337066 frames) (1:1016815)
D/SFPerfTracer(  278):        layers: (3:9) (DimLayer: 0:200)* (DimLayer: 0:189)* (FocusedStackFrame: 0:7828)* (StatusBar: 0:78223) (NavigationBar: 0:54976) (DimLayer: 0:13455)* (DimLayer: 0:1560)* (com.android.wallpaper.fall.FallWallpaper: 0:87329)* (free.reddit.news/reddit.news.RedditNavigation: 1:337) 
I/SFPerfTracer(  278):      triggers: (rate: 320:192669) (245039 sw vsyncs) (419795 skipped) (97:1118400 vsyncs) (99:1496450)
I/SFPerfTracer(  278):      triggers: (rate: 320:192669) (245039 sw vsyncs) (419795 skipped) (120:1118520 vsyncs) (122:1496573)
V/AlarmManager( 1016): sending alarm Alarm{430a83a0 type 3 android}
V/AlarmManager( 1016): sending alarm Alarm{430a60d8 type 3 com.devexpert.weather}
V/AlarmManager( 1016): sending alarm Alarm{4308bdf0 type 2 com.motorola.ccc.cce}
I/ActivityManager( 1016): Start proc com.devexpert.weather for broadcast com.devexpert.weather/.view.WidgetWeather2x1: pid=22099 uid=10112 gids={50112, 3003, 1028, 1015}
I/SFPerfTracer(  278):      triggers: (rate: 617:20950) (compose: 0:80) (post: 0:3) (render: 54:4876) (0:337066 frames) (1:1016915)
D/SFPerfTracer(  278):        layers: (3:9) (DimLayer: 0:200)* (DimLayer: 0:189)* (FocusedStackFrame: 0:7828)* (StatusBar: 0:78227) (NavigationBar: 1:55001) (DimLayer: 0:13455)* (DimLayer: 0:1560)* (com.android.wallpaper.fall.FallWallpaper: 0:87329)* (free.reddit.news/reddit.news.RedditNavigation: 1:429) 
I/SFPerfTracer(  278):      triggers: (rate: 320:192669) (245039 sw vsyncs) (419795 skipped) (6:1118607 vsyncs) (8:1496675)
V/AlarmManager( 1016): sending alarm Alarm{4308bb18 type 2 android}
I/ActivityManager( 1016): Process com.devexpert.weather (pid 22099) has died.
E/UsbDebuggingManager( 1016): got -1 reading
V/UsbDeviceManager( 1016): USB UEVENT: {USB_STATE=DISCONNECTED, SUBSYSTEM=android_usb, DEVPATH=/devices/virtual/android_usb/android0, SEQNUM=76060, ACTION=change}
E/UsbDebuggingManager( 1016): Communication error: 
E/UsbDebuggingManager( 1016): java.io.IOException: No such file or directory
E/UsbDebuggingManager( 1016): 	at android.net.LocalSocketImpl.connectLocal(Native Method)
E/UsbDebuggingManager( 1016): 	at android.net.LocalSocketImpl.connect(LocalSocketImpl.java:287)
E/UsbDebuggingManager( 1016): 	at android.net.LocalSocket.connect(LocalSocket.java:130)
E/UsbDebuggingManager( 1016): 	at com.android.server.usb.UsbDebuggingManager.listenToSocket(UsbDebuggingManager.java:75)
E/UsbDebuggingManager( 1016): 	at com.android.server.usb.UsbDebuggingManager.run(UsbDebuggingManager.java:111)
E/UsbDebuggingManager( 1016): 	at java.lang.Thread.run(Thread.java:841)
V/UsbDeviceManager( 1016): USB UEVENT: {USB_STATE=CONNECTED, SUBSYSTEM=android_usb, DEVPATH=/devices/virtual/android_usb/android0, SEQNUM=76062, ACTION=change}
V/UsbDeviceManager( 1016): USB UEVENT: {USB_STATE=DISCONNECTED, SUBSYSTEM=android_usb, DEVPATH=/devices/virtual/android_usb/android0, SEQNUM=76063, ACTION=change}
V/UsbDeviceManager( 1016): USB UEVENT: {USB_STATE=CONFIGURED, SUBSYSTEM=android_usb, DEVPATH=/devices/virtual/android_usb/android0, SEQNUM=76068, ACTION=change}
D/UsbDeviceManager( 1016): broadcasting Intent { act=android.hardware.usb.action.USB_STATE flg=0x20000000 (has extras) } connected: true configured: true
I/SFPerfTracer(  278):      triggers: (rate: 320:192669) (245039 sw vsyncs) (419795 skipped) (17:1118696 vsyncs) (19:1496786)
I/SFPerfTracer(  278):      triggers: (rate: 320:192669) (245039 sw vsyncs) (419795 skipped) (36:1118794 vsyncs) (38:1496901)
I/SFPerfTracer(  278):      triggers: (rate: 617:20950) (compose: 0:80) (post: 0:3) (render: 54:4876) (0:337066 frames) (1:1017015)
D/SFPerfTracer(  278):        layers: (3:9) (DimLayer: 0:200)* (DimLayer: 0:189)* (FocusedStackFrame: 0:7828)* (StatusBar: 0:78261) (NavigationBar: 0:55009) (DimLayer: 0:13455)* (DimLayer: 0:1560)* (com.android.wallpaper.fall.FallWallpaper: 0:87329)* (free.reddit.news/reddit.news.RedditNavigation: 1:488) 
D/MobileDataStateTracker( 1016): default: setPolicyDataEnable(enabled=true)
W/ContextImpl( 1231): Calling a method in the system process without a qualified user: android.app.ContextImpl.sendBroadcast:1252 android.content.ContextWrapper.sendBroadcast:365 com.motorola.motocare.util.TriggerHelper$TriggerBuilder.send:76 com.motorola.motocare.internal.frameworkevents.ProcessKillTrigger.sendTrigger:147 com.motorola.motocare.internal.frameworkevents.ProcessKillTrigger.handleLmkKill:337 
W/ContextImpl( 1231): Calling a method in the system process without a qualified user: android.app.ContextImpl.sendBroadcast:1252 android.content.ContextWrapper.sendBroadcast:365 com.motorola.motocare.util.TriggerHelper$TriggerBuilder.send:76 com.motorola.motocare.internal.frameworkevents.ProcessKillTrigger.sendTrigger:147 com.motorola.motocare.internal.frameworkevents.ProcessKillTrigger.handleLmkKill:337 
I/SFPerfTracer(  278):      triggers: (rate: 320:192669) (245039 sw vsyncs) (419795 skipped) (17:1118879 vsyncs) (19:1497003)
V/AlarmManager( 1016): sending alarm Alarm{44646b88 type 3 com.devexpert.weather}
I/ActivityManager( 1016): Start proc com.devexpert.weather for broadcast com.devexpert.weather/.view.WidgetWeather2x1: pid=22178 uid=10112 gids={50112, 3003, 1028, 1015}
V/AlarmManager( 1016): sending alarm Alarm{446486a0 type 3 android}
I/SFPerfTracer(  278):      triggers: (rate: 617:20950) (compose: 0:80) (post: 0:3) (render: 54:4876) (0:337066 frames) (1:1017115)
D/SFPerfTracer(  278):        layers: (3:9) (DimLayer: 0:200)* (DimLayer: 0:189)* (FocusedStackFrame: 0:7828)* (StatusBar: 0:78271) (NavigationBar: 0:55009) (DimLayer: 0:13455)* (DimLayer: 0:1560)* (com.android.wallpaper.fall.FallWallpaper: 0:87329)* (free.reddit.news/reddit.news.RedditNavigation: 1:580) 
I/SFPerfTracer(  278):      triggers: (rate: 320:192669) (245039 sw vsyncs) (419795 skipped) (36:1118978 vsyncs) (38:1497116)
I/SFPerfTracer(  278):      triggers: (rate: 320:192669) (245039 sw vsyncs) (419795 skipped) (17:1119076 vsyncs) (19:1497224)
I/SFPerfTracer(  278):      triggers: (rate: 617:20950) (compose: 0:80) (post: 0:3) (render: 54:4876) (0:337066 frames) (1:1017215)
D/SFPerfTracer(  278):        layers: (3:9) (DimLayer: 0:200)* (DimLayer: 0:189)* (FocusedStackFrame: 0:7828)* (StatusBar: 0:78275) (NavigationBar: 0:55009) (DimLayer: 0:13455)* (DimLayer: 0:1560)* (com.android.wallpaper.fall.FallWallpaper: 0:87329)* (free.reddit.news/reddit.news.RedditNavigation: 1:675) 
I/SFPerfTracer(  278):      triggers: (rate: 320:192669) (245039 sw vsyncs) (419795 skipped) (38:1119172 vsyncs) (40:1497333)
I/SFPerfTracer(  278):      triggers: (rate: 617:20950) (compose: 0:80) (post: 0:3) (render: 54:4876) (0:337066 frames) (1:1017315)
D/SFPerfTracer(  278):        layers: (3:9) (DimLayer: 0:200)* (DimLayer: 0:189)* (FocusedStackFrame: 0:7828)* (StatusBar: 0:78277) (NavigationBar: 0:55009) (DimLayer: 0:13455)* (DimLayer: 0:1560)* (com.android.wallpaper.fall.FallWallpaper: 0:87329)* (free.reddit.news/reddit.news.RedditNavigation: 1:775) 
I/SFPerfTracer(  278):      triggers: (rate: 320:192669) (245039 sw vsyncs) (419795 skipped) (17:1119267 vsyncs) (19:1497437)
I/SFPerfTracer(  278):      triggers: (rate: 617:20950) (compose: 0:80) (post: 0:3) (render: 54:4876) (0:337066 frames) (1:1017415)
D/SFPerfTracer(  278):        layers: (3:9) (DimLayer: 0:200)* (DimLayer: 0:189)* (FocusedStackFrame: 0:7828)* (StatusBar: 0:78279) (NavigationBar: 0:55009) (DimLayer: 0:13455)* (DimLayer: 0:1560)* (com.android.wallpaper.fall.FallWallpaper: 0:87329)* (free.reddit.news/reddit.news.RedditNavigation: 1:873) 
I/SFPerfTracer(  278):      triggers: (rate: 320:192669) (245039 sw vsyncs) (419795 skipped) (112:1119379 vsyncs) (114:1497551)
I/ActivityManager( 1016): Process com.devexpert.weather (pid 22178) has died.
I/SFPerfTracer(  278):      triggers: (rate: 617:20950) (compose: 0:80) (post: 0:3) (render: 54:4876) (0:337066 frames) (1:1017515)
D/SFPerfTracer(  278):        layers: (3:9) (DimLayer: 0:200)* (DimLayer: 0:189)* (FocusedStackFrame: 0:7828)* (StatusBar: 0:78281) (NavigationBar: 0:55009) (DimLayer: 0:13455)* (DimLayer: 0:1560)* (com.android.wallpaper.fall.FallWallpaper: 0:87329)* (free.reddit.news/reddit.news.RedditNavigation: 1:973) 
I/SFPerfTracer(  278):      triggers: (rate: 617:20950) (compose: 0:80) (post: 0:3) (render: 54:4876) (0:337066 frames) (1:1017615)
D/SFPerfTracer(  278):        layers: (3:9) (DimLayer: 0:200)* (DimLayer: 0:189)* (FocusedStackFrame: 0:7828)* (StatusBar: 0:78281) (NavigationBar: 0:55009) (DimLayer: 0:13455)* (DimLayer: 0:1560)* (com.android.wallpaper.fall.FallWallpaper: 0:87329)* (free.reddit.news/reddit.news.RedditNavigation: 1:1073) 
I/SFPerfTracer(  278):      triggers: (rate: 617:20950) (compose: 0:80) (post: 0:3) (render: 54:4876) (0:337066 frames) (1:1017715)
D/SFPerfTracer(  278):        layers: (3:9) (DimLayer: 0:200)* (DimLayer: 0:189)* (FocusedStackFrame: 0:7828)* (StatusBar: 0:78281) (NavigationBar: 0:55009) (DimLayer: 0:13455)* (DimLayer: 0:1560)* (com.android.wallpaper.fall.FallWallpaper: 0:87329)* (free.reddit.news/reddit.news.RedditNavigation: 1:1173) 
I/SFPerfTracer(  278):      triggers: (rate: 320:192669) (245039 sw vsyncs) (419795 skipped) (291:1119670 vsyncs) (293:1497844)
I/SFPerfTracer(  278):      triggers: (rate: 320:192669) (245039 sw vsyncs) (419795 skipped) (7:1119763 vsyncs) (9:1497947)
I/SFPerfTracer(  278):      triggers: (rate: 617:20950) (compose: 0:80) (post: 0:3) (render: 54:4876) (0:337066 frames) (1:1017815)
D/SFPerfTracer(  278):        layers: (3:9) (DimLayer: 0:200)* (DimLayer: 0:189)* (FocusedStackFrame: 0:7828)* (StatusBar: 0:78282) (NavigationBar: 0:55009) (DimLayer: 0:13455)* (DimLayer: 0:1560)* (com.android.wallpaper.fall.FallWallpaper: 0:87329)* (free.reddit.news/reddit.news.RedditNavigation: 1:1273) 
I/SFPerfTracer(  278):      triggers: (rate: 320:192669) (245039 sw vsyncs) (419795 skipped) (13:1119858 vsyncs) (15:1498048)
I/SFPerfTracer(  278):      triggers: (rate: 617:20950) (compose: 0:80) (post: 0:3) (render: 54:4876) (0:337066 frames) (1:1017915)
D/SFPerfTracer(  278):        layers: (3:9) (DimLayer: 0:200)* (DimLayer: 0:189)* (FocusedStackFrame: 0:7828)* (StatusBar: 0:78283) (NavigationBar: 0:55009) (DimLayer: 0:13455)* (DimLayer: 0:1560)* (com.android.wallpaper.fall.FallWallpaper: 0:87329)* (free.reddit.news/reddit.news.RedditNavigation: 1:1373) 
I/SFPerfTracer(  278):      triggers: (rate: 617:20950) (compose: 0:80) (post: 0:3) (render: 54:4876) (0:337066 frames) (1:1018015)
D/SFPerfTracer(  278):        layers: (3:9) (DimLayer: 0:200)* (DimLayer: 0:189)* (FocusedStackFrame: 0:7828)* (StatusBar: 0:78283) (NavigationBar: 0:55009) (DimLayer: 0:13455)* (DimLayer: 0:1560)* (com.android.wallpaper.fall.FallWallpaper: 0:87329)* (free.reddit.news/reddit.news.RedditNavigation: 1:1473) 
I/SFPerfTracer(  278):      triggers: (rate: 617:20950) (compose: 0:80) (post: 0:3) (render: 54:4876) (0:337066 frames) (1:1018115)
D/SFPerfTracer(  278):        layers: (3:9) (DimLayer: 0:200)* (DimLayer: 0:189)* (FocusedStackFrame: 0:7828)* (StatusBar: 0:78283) (NavigationBar: 0:55009) (DimLayer: 0:13455)* (DimLayer: 0:1560)* (com.android.wallpaper.fall.FallWallpaper: 0:87329)* (free.reddit.news/reddit.news.RedditNavigation: 1:1573) 
I/SFPerfTracer(  278):      triggers: (rate: 320:192669) (245039 sw vsyncs) (419795 skipped) (253:1120111 vsyncs) (255:1498303)
I/SFPerfTracer(  278):      triggers: (rate: 617:20950) (compose: 0:80) (post: 0:3) (render: 54:4876) (0:337066 frames) (1:1018215)
D/SFPerfTracer(  278):        layers: (3:9) (DimLayer: 0:200)* (DimLayer: 0:189)* (FocusedStackFrame: 0:7828)* (StatusBar: 0:78283) (NavigationBar: 0:55009) (DimLayer: 0:13455)* (DimLayer: 0:1560)* (com.android.wallpaper.fall.FallWallpaper: 0:87329)* (free.reddit.news/reddit.news.RedditNavigation: 1:1673) 
I/SFPerfTracer(  278):      triggers: (rate: 320:192669) (245039 sw vsyncs) (419795 skipped) (88:1120238 vsyncs) (90:1498436)
I/SFPerfTracer(  278):      triggers: (rate: 617:20950) (compose: 0:80) (post: 0:3) (render: 54:4876) (0:337066 frames) (1:1018315)
D/SFPerfTracer(  278):        layers: (3:9) (DimLayer: 0:200)* (DimLayer: 0:189)* (FocusedStackFrame: 0:7828)* (StatusBar: 0:78283) (NavigationBar: 0:55009) (DimLayer: 0:13455)* (DimLayer: 0:1560)* (com.android.wallpaper.fall.FallWallpaper: 0:87329)* (free.reddit.news/reddit.news.RedditNavigation: 1:1773) 
I/SFPerfTracer(  278):      triggers: (rate: 320:192669) (245039 sw vsyncs) (419795 skipped) (78:1120363 vsyncs) (80:1498567)
I/SFPerfTracer(  278):      triggers: (rate: 617:20950) (compose: 0:80) (post: 0:3) (render: 54:4876) (0:337066 frames) (1:1018415)
D/SFPerfTracer(  278):        layers: (3:9) (DimLayer: 0:200)* (DimLayer: 0:189)* (FocusedStackFrame: 0:7828)* (StatusBar: 0:78284) (NavigationBar: 0:55009) (DimLayer: 0:13455)* (DimLayer: 0:1560)* (com.android.wallpaper.fall.FallWallpaper: 0:87329)* (free.reddit.news/reddit.news.RedditNavigation: 1:1873) 
I/SFPerfTracer(  278):      triggers: (rate: 617:20950) (compose: 0:80) (post: 0:3) (render: 54:4876) (0:337066 frames) (1:1018515)
D/SFPerfTracer(  278):        layers: (3:9) (DimLayer: 0:200)* (DimLayer: 0:189)* (FocusedStackFrame: 0:7828)* (StatusBar: 0:78285) (NavigationBar: 0:55009) (DimLayer: 0:13455)* (DimLayer: 0:1560)* (com.android.wallpaper.fall.FallWallpaper: 0:87329)* (free.reddit.news/reddit.news.RedditNavigation: 1:1972) 
I/SFPerfTracer(  278):      triggers: (rate: 320:192669) (245039 sw vsyncs) (419795 skipped) (52:1120501 vsyncs) (54:1498715)
