D/dalvikvm(14494): DexOpt: unable to opt direct call 0x05a5 at 0xab in Lcom/facebook/katana/app/FacebookApplication;.a
D/CatchMeIfYouCan(14494): Process (dash) ca: '/data/data/com.facebook.katana/app_cmiyc/0C66B38F48468E96F8008B6D5A2AE33B4A60265E01'
D/CatchMeIfYouCan(14494): Process (dash) fc: '/data/data/com.facebook.katana/app_cmiyc/0C66B38F48468E96F8008B6D5A2AE33B4A60265E02'
D/CatchMeIfYouCan(14494): Process (dash) cp: '('dash', 6, 60000, silent [true], restart [true], logout [true])'
D/ACRA    (14494): ACRA is enabled for com.facebook.katana, intializing...
D/ACRA    (14494): Looking for error files in /data/data/com.facebook.katana/app_acra-reports
D/ACRA    (14494): Looking for error files in /data/data/com.facebook.katana/app_minidumps
D/dalvikvm(14494): Trying to load lib /data/app-lib/com.facebook.katana-1/libgnustl_shared.so 0x4278deb0
D/dalvikvm(14494): Added shared lib /data/app-lib/com.facebook.katana-1/libgnustl_shared.so 0x4278deb0
D/dalvikvm(14494): No JNI_OnLoad found in /data/app-lib/com.facebook.katana-1/libgnustl_shared.so 0x4278deb0, skipping init
D/dalvikvm(14494): Trying to load lib /data/app-lib/com.facebook.katana-1/libfb_breakpad_client.so 0x4278deb0
D/dalvikvm(14494): Added shared lib /data/app-lib/com.facebook.katana-1/libfb_breakpad_client.so 0x4278deb0
D/dalvikvm(14494): No JNI_OnLoad found in /system/lib/libstdc++.so 0x4278deb0, skipping init
D/dalvikvm(14494): Trying to load lib /data/app-lib/com.facebook.katana-1/libsigmux.so 0x4278deb0
D/dalvikvm(14494): Added shared lib /data/app-lib/com.facebook.katana-1/libsigmux.so 0x4278deb0
D/dalvikvm(14494): No JNI_OnLoad found in /data/app-lib/com.facebook.katana-1/libsigmux.so 0x4278deb0, skipping init
D/dalvikvm(14494): Trying to load lib /data/app-lib/com.facebook.katana-1/libdistract.so 0x4278deb0
W/GAV2    (14422): Thread[main,5,main]: dispatch call queued.  Need to call GAServiceManager.getInstance().initialize().
D/dalvikvm(14494): Added shared lib /data/app-lib/com.facebook.katana-1/libdistract.so 0x4278deb0
D/dalvikvm(14494): No JNI_OnLoad found in /data/app-lib/com.facebook.katana-1/libdistract.so 0x4278deb0, skipping init
D/dalvikvm(14494): Trying to load lib /data/app-lib/com.facebook.katana-1/libfb_dalvik-internals.so 0x4278deb0
D/dalvikvm(14494): Added shared lib /data/app-lib/com.facebook.katana-1/libfb_dalvik-internals.so 0x4278deb0
I/ActivityManager( 1016): Killing 14101:com.motorola.deviceauthenticator/u0a16 (adj 15): empty #9
V/DexLibLoader(14494): about to lock: /data/data/com.facebook.katana/mdex_lock
W/ContextImpl( 1231): Calling a method in the system process without a qualified user: android.app.ContextImpl.sendBroadcast:1252 android.content.ContextWrapper.sendBroadcast:365 com.motorola.motocare.util.TriggerHelper$TriggerBuilder.send:76 com.motorola.motocare.internal.frameworkevents.ProcessKillTrigger.sendTrigger:147 com.motorola.motocare.internal.frameworkevents.ProcessKillTrigger.handleFrameworkEvent:164 
V/DexLibLoader(14494): locking /data/data/com.facebook.katana/mdex_lock took 2 ms
V/DexLibLoader(14494): Secondary program dex metadata: secondary-1.dex.jar.xz c0d34653f435a7e59cc5f46e9bd47feaf68b0041 secondary.dex01.Canary
V/DexLibLoader(14494): Secondary program dex metadata: secondary-2.dex.jar.xz 3651d03ae513595a1029ff9eae54d36128fdeb5e secondary.dex02.Canary
V/DexLibLoader(14494): Secondary program dex metadata: secondary-3.dex.jar.xz 020c6d0135a14f0280ede88da3e858d29f1b9ed5 secondary.dex03.Canary
V/DexLibLoader(14494): Secondary program dex metadata: secondary-4.dex.jar.xz 3cf3244a0d1c3e39128f7b89ad90b4842a36a05f secondary.dex04.Canary
V/DexLibLoader(14494): Secondary program dex metadata: secondary-5.dex.jar.xz 666d745bfcb3c0496ae90e343db057d6082ce0c3 secondary.dex05.Canary
V/DexLibLoader(14494): Secondary program dex metadata: secondary-6.dex.jar.xz 0089f1fba5ba3a3fb61d98c516e2bbc2e6adfa05 secondary.dex06.Canary
V/DexLibLoader(14494): Secondary program dex metadata: secondary-7.dex.jar.xz 7cecb34308ef8d54acae00b06e3ade52d8da6d49 secondary.dex07.Canary
V/DexLibLoader(14494): directory "/data/data/com.facebook.katana/app_secondary_program_dex" contains "program-c0d34653f435a7e59cc5f46e9bd47feaf68b00416661a1c7.dex.jar" as expected
V/DexLibLoader(14494): directory "/data/data/com.facebook.katana/app_secondary_program_dex" contains "program-3651d03ae513595a1029ff9eae54d36128fdeb5e6661a1c7.dex.jar" as expected
V/DexLibLoader(14494): directory "/data/data/com.facebook.katana/app_secondary_program_dex" contains "program-020c6d0135a14f0280ede88da3e858d29f1b9ed56661a1c7.dex.jar" as expected
V/DexLibLoader(14494): directory "/data/data/com.facebook.katana/app_secondary_program_dex" contains "program-3cf3244a0d1c3e39128f7b89ad90b4842a36a05f6661a1c7.dex.jar" as expected
V/DexLibLoader(14494): directory "/data/data/com.facebook.katana/app_secondary_program_dex" contains "program-666d745bfcb3c0496ae90e343db057d6082ce0c36661a1c7.dex.jar" as expected
V/DexLibLoader(14494): directory "/data/data/com.facebook.katana/app_secondary_program_dex" contains "program-0089f1fba5ba3a3fb61d98c516e2bbc2e6adfa056661a1c7.dex.jar" as expected
V/DexLibLoader(14494): directory "/data/data/com.facebook.katana/app_secondary_program_dex" contains "program-7cecb34308ef8d54acae00b06e3ade52d8da6d496661a1c7.dex.jar" as expected
D/DexLibLoader(14494): ignoring file "program-c0d34653f435a7e59cc5f46e9bd47feaf68b00416661a1c7.dex.odex" in "/data/data/com.facebook.katana/app_secondary_program_dex"
D/DexLibLoader(14494): ignoring file "program-3651d03ae513595a1029ff9eae54d36128fdeb5e6661a1c7.dex.odex" in "/data/data/com.facebook.katana/app_secondary_program_dex"
D/DexLibLoader(14494): ignoring file "program-020c6d0135a14f0280ede88da3e858d29f1b9ed56661a1c7.dex.odex" in "/data/data/com.facebook.katana/app_secondary_program_dex"
D/DexLibLoader(14494): ignoring file "program-3cf3244a0d1c3e39128f7b89ad90b4842a36a05f6661a1c7.dex.odex" in "/data/data/com.facebook.katana/app_secondary_program_dex"
D/DexLibLoader(14494): ignoring file "program-666d745bfcb3c0496ae90e343db057d6082ce0c36661a1c7.dex.odex" in "/data/data/com.facebook.katana/app_secondary_program_dex"
D/DexLibLoader(14494): ignoring file "program-0089f1fba5ba3a3fb61d98c516e2bbc2e6adfa056661a1c7.dex.odex" in "/data/data/com.facebook.katana/app_secondary_program_dex"
D/DexLibLoader(14494): ignoring file "program-7cecb34308ef8d54acae00b06e3ade52d8da6d496661a1c7.dex.odex" in "/data/data/com.facebook.katana/app_secondary_program_dex"
D/DexLibLoader(14494): directory "/data/data/com.facebook.katana/app_secondary_program_dex" is valid
D/DexLibLoader(14494): ignoring file "primary_deps" in "/data/data/com.facebook.katana/app_secondary_program_dex_opt"
V/DexLibLoader(14494): directory "/data/data/com.facebook.katana/app_secondary_program_dex_opt" contains "program-c0d34653f435a7e59cc5f46e9bd47feaf68b00416661a1c7.dex.dex" as expected
V/DexLibLoader(14494): directory "/data/data/com.facebook.katana/app_secondary_program_dex_opt" contains "program-3651d03ae513595a1029ff9eae54d36128fdeb5e6661a1c7.dex.dex" as expected
V/DexLibLoader(14494): directory "/data/data/com.facebook.katana/app_secondary_program_dex_opt" contains "program-020c6d0135a14f0280ede88da3e858d29f1b9ed56661a1c7.dex.dex" as expected
V/DexLibLoader(14494): directory "/data/data/com.facebook.katana/app_secondary_program_dex_opt" contains "program-3cf3244a0d1c3e39128f7b89ad90b4842a36a05f6661a1c7.dex.dex" as expected
V/DexLibLoader(14494): directory "/data/data/com.facebook.katana/app_secondary_program_dex_opt" contains "program-666d745bfcb3c0496ae90e343db057d6082ce0c36661a1c7.dex.dex" as expected
V/DexLibLoader(14494): directory "/data/data/com.facebook.katana/app_secondary_program_dex_opt" contains "program-0089f1fba5ba3a3fb61d98c516e2bbc2e6adfa056661a1c7.dex.dex" as expected
V/DexLibLoader(14494): directory "/data/data/com.facebook.katana/app_secondary_program_dex_opt" contains "program-7cecb34308ef8d54acae00b06e3ade52d8da6d496661a1c7.dex.dex" as expected
D/DexLibLoader(14494): directory "/data/data/com.facebook.katana/app_secondary_program_dex_opt" is valid
D/DexLibLoader(14494): loading pre-built cross-dex opt odex files
V/dalvik-internals(14494): hooked dvmResolveClass using jump ()
V/dalvik-internals(14494): hooked dvmFlushBreakpoints using jump ()
V/MultiDexClassLoader(14494): installing MultiDexClassLoader before application classloader
I/dalvikvm(14494): Could not find method dalvik.system.DexFile.loadClassBinaryName, referenced from method com.facebook.common.dextricks.DexFileLoadOld.a
W/dalvikvm(14494): VFY: unable to resolve virtual method 2807: Ldalvik/system/DexFile;.loadClassBinaryName (Ljava/lang/String;Ljava/lang/ClassLoader;)Ljava/lang/Class;
D/dalvikvm(14494): VFY: replacing opcode 0x6e at 0x0000
D/DexLibLoader(14494): released odex store lock
D/DexLibLoader(14494): DexLibLoader.loadAll took 35 ms
D/MemoryReductionHack(14494): Marked as initialized entry corresponding to path /data/app/com.facebook.katana-1.apk
V/dalvik-internals(14494): hooked dvmLinearAlloc using jump ()
V/dalvik-internals(14494): hooked dvmLinearRealloc using jump ()
V/dalvik-internals(14494): hooked dvmLinearFree using jump ()
V/dalvik-internals(14494): hooked dvmLinearStrdup using jump ()
V/dalvik-internals(14494): hooked dvmLinearAllocContains using jump ()
I/dalvik-internals(14494): enlarged linearalloc buffer to 33554432 bytes
E/cutils  (  261): Failed to mkdirat(/storage/sdcard1/Android): Read-only file system
W/Vold    (  261): Returning OperationFailed - no handler for errno 30
W/ContextImpl(14494): Failed to ensure directory: /storage/sdcard1/Android/data/com.facebook.katana/cache
D/dalvikvm(14494): Trying to load lib /data/app-lib/com.facebook.katana-1/libdextr.so 0x4278deb0
D/dalvikvm(14494): Added shared lib /data/app-lib/com.facebook.katana-1/libdextr.so 0x4278deb0
I/Dextr   (14494): LogQueue params desc: IIJIIIJJ
W/StaticBindingVerifier(14494): Verify
I/dalvikvm(14494): Could not find method com.facebook.resources.FbResources.getDrawable, referenced from method com.facebook.resources.impl.DownloadedFbResources.getDrawable
W/dalvikvm(14494): VFY: unable to resolve virtual method 46880: Lcom/facebook/resources/FbResources;.getDrawable (ILandroid/content/res/Resources$Theme;)Landroid/graphics/drawable/Drawable;
D/dalvikvm(14494): VFY: replacing opcode 0x6f at 0x0031
D/WifiService( 1016): New client listening to asynchronous messages
I/ActivityManager( 1016): Start proc com.google.android.partnersetup for broadcast com.google.android.partnersetup/.RlzPingBroadcastReceiver: pid=14531 uid=10025 gids={50025, 3003}
I/ActivityManager( 1016): Killing 12751:com.android.settings/1000 (adj 15): empty #9
W/ContextImpl( 1231): Calling a method in the system process without a qualified user: android.app.ContextImpl.sendBroadcast:1252 android.content.ContextWrapper.sendBroadcast:365 com.motorola.motocare.util.TriggerHelper$TriggerBuilder.send:76 com.motorola.motocare.internal.frameworkevents.ProcessKillTrigger.sendTrigger:147 com.motorola.motocare.internal.frameworkevents.ProcessKillTrigger.handleFrameworkEvent:164 
D/WifiService( 1016): Client connection lost with reason: 4
I/InternalIcingCorporaPro(11766): Updating corpora: APPS=com.giftme.fb_auth, CONTACTS=MAYBE
I/InternalIcingCorporaPro(11766): UpdateCorporaTask done [took 36 ms] updated apps [took 36 ms] 
I/ActivityManager( 1016): Killing 14375:com.android.defcontainer/u0a13 (adj 15): empty #9
W/ContextImpl( 1231): Calling a method in the system process without a qualified user: android.app.ContextImpl.sendBroadcast:1252 android.content.ContextWrapper.sendBroadcast:365 com.motorola.motocare.util.TriggerHelper$TriggerBuilder.send:76 com.motorola.motocare.internal.frameworkevents.ProcessKillTrigger.sendTrigger:147 com.motorola.motocare.internal.frameworkevents.ProcessKillTrigger.handleFrameworkEvent:164 
D/PackageBroadcastService(30409): Received broadcast action=android.intent.action.PACKAGE_ADDED and uri=com.giftme.fb_auth
I/ConfigFetchService(30409): onStartCommand Intent { act=android.intent.action.PACKAGE_ADDED dat=package:com.giftme.fb_auth cmp=com.google.android.gms/.config.ConfigFetchService (has extras) }
I/ConfigFetchService(30409): launchTask
I/ActivityManager( 1016): Start proc com.google.android.apps.magazines for broadcast com.google.android.apps.magazines/com.google.apps.dots.android.app.receiver.FirstInstallNotificationReceiver: pid=14565 uid=10077 gids={50077, 3003, 1028, 1015}
I/ConfigFetchService(30409): service connected
I/PeopleContactsSync(30409): CP2 sync disabled
D/ConfigFetchService(30409): ConfigApi connection successful.
V/WebViewChromiumFactoryProvider(14565): Binding Chromium to main looper Looper (main, tid 1) {42789970}
I/LibraryLoader(14565): Expected native library version number "",actual native library version number ""
I/chromium(14565): [INFO:library_loader_hooks.cc(116)] Chromium logging enabled: level = 0, default verbosity = 0
I/BrowserStartupController(14565): Initializing chromium process, renderers=0
E/AudioManagerAndroid(14565): BLUETOOTH permission is missing!
I/Adreno-EGL(14565): <qeglDrvAPI_eglInitialize:410>: EGL 1.4 QUALCOMM build: AU_LINUX_ANDROID_LNX.LA.3.5.1_RB1.04.04.02.048.018_msm8226_LNX.LA.3.5.1_RB1__release_AU ()
I/Adreno-EGL(14565): OpenGL ES Shader Compiler Version: E031.24.00.08
I/Adreno-EGL(14565): Build Date: 03/07/14 Fri
I/Adreno-EGL(14565): Local Branch: 
I/Adreno-EGL(14565): Remote Branch: quic/LNX.LA.3.5.1_RB1.1
I/Adreno-EGL(14565): Local Patches: NONE
I/Adreno-EGL(14565): Reconstruct Branch: AU_LINUX_ANDROID_LNX.LA.3.5.1_RB1.04.04.02.048.018 + f2fd134 +  NOTHING
E/dalvikvm(14494): Could not find class 'org.apache.harmony.xnet.provider.jsse.OpenSSLSocketImpl', referenced from method com.facebook.ssl.openssl.check.CheckOpenSSLImplHasRequiredMethods.<clinit>
W/dalvikvm(14494): VFY: unable to resolve const-class 9937 (Lorg/apache/harmony/xnet/provider/jsse/OpenSSLSocketImpl;) in Lcom/facebook/ssl/openssl/check/CheckOpenSSLImplHasRequiredMethods;
D/dalvikvm(14494): VFY: replacing opcode 0x1c at 0x000d
E/dalvikvm(14494): Could not find class 'org.apache.harmony.xnet.provider.jsse.OpenSSLSocketFactoryImpl', referenced from method com.facebook.ssl.openssl.reflect.SSLParametersGetter.<clinit>
W/dalvikvm(14494): VFY: unable to resolve const-class 9936 (Lorg/apache/harmony/xnet/provider/jsse/OpenSSLSocketFactoryImpl;) in Lcom/facebook/ssl/openssl/reflect/SSLParametersGetter;
D/dalvikvm(14494): VFY: replacing opcode 0x1c at 0x000d
E/dalvikvm(14494): Could not find class 'org.apache.harmony.xnet.provider.jsse.SSLParametersImpl', referenced from method com.facebook.ssl.openssl.reflect.SSLParametersGetter.a
W/dalvikvm(14494): VFY: unable to resolve check-cast 9939 (Lorg/apache/harmony/xnet/provider/jsse/SSLParametersImpl;) in Lcom/facebook/ssl/openssl/reflect/SSLParametersGetter;
D/dalvikvm(14494): VFY: replacing opcode 0x1f at 0x0006
E/dalvikvm(14494): Could not find class 'org.apache.harmony.xnet.provider.jsse.SSLParametersImpl', referenced from method com.facebook.ssl.openssl.reflect.SSLSessionTimeoutSetter.<clinit>
W/dalvikvm(14494): VFY: unable to resolve const-class 9939 (Lorg/apache/harmony/xnet/provider/jsse/SSLParametersImpl;) in Lcom/facebook/ssl/openssl/reflect/SSLSessionTimeoutSetter;
D/dalvikvm(14494): VFY: replacing opcode 0x1c at 0x000d
W/dalvikvm(14494): VFY: unable to find class referenced in signature (Lorg/apache/harmony/xnet/provider/jsse/SSLParametersImpl;)
E/dalvikvm(14494): Could not find class 'org.apache.harmony.xnet.provider.jsse.ClientSessionContext', referenced from method com.facebook.ssl.openssl.reflect.SSLSessionTimeoutSetter.a
W/dalvikvm(14494): VFY: unable to resolve check-cast 9935 (Lorg/apache/harmony/xnet/provider/jsse/ClientSessionContext;) in Lcom/facebook/ssl/openssl/reflect/SSLSessionTimeoutSetter;
D/dalvikvm(14494): VFY: replacing opcode 0x1f at 0x0006
W/dalvikvm(14494): VFY: unable to find class referenced in signature (Lorg/apache/harmony/xnet/provider/jsse/SSLParametersImpl;)
W/dalvikvm(14494): Unable to resolve superclass of Lcom/facebook/ssl/openssl/TicketEnabledOpenSSLSocketImplWrapper; (9938)
W/dalvikvm(14494): Link of class 'Lcom/facebook/ssl/openssl/TicketEnabledOpenSSLSocketImplWrapper;' failed
E/dalvikvm(14494): Could not find class 'com.facebook.ssl.openssl.TicketEnabledOpenSSLSocketImplWrapper', referenced from method com.facebook.ssl.openssl.TicketEnabledOpenSSLSocketFactoryHelper.a
W/dalvikvm(14494): VFY: unable to resolve new-instance 7703 (Lcom/facebook/ssl/openssl/TicketEnabledOpenSSLSocketImplWrapper;) in Lcom/facebook/ssl/openssl/TicketEnabledOpenSSLSocketFactoryHelper;
D/dalvikvm(14494): VFY: replacing opcode 0x22 at 0x0000
W/dalvikvm(14494): Unable to resolve superclass of Lcom/facebook/ssl/openssl/TicketEnabledOpenSSLSocketImplWrapper; (9938)
W/dalvikvm(14494): Link of class 'Lcom/facebook/ssl/openssl/TicketEnabledOpenSSLSocketImplWrapper;' failed
D/dalvikvm(14494): DexOpt: unable to opt direct call 0xbd3a at 0x08 in Lcom/facebook/ssl/openssl/TicketEnabledOpenSSLSocketFactoryHelper;.a
D/dalvikvm(14494): Trying to load lib /data/app-lib/com.facebook.katana-1/libfb.so 0x4278deb0
D/dalvikvm(14494): Added shared lib /data/app-lib/com.facebook.katana-1/libfb.so 0x4278deb0
D/dalvikvm(14494): No JNI_OnLoad found in /data/app-lib/com.facebook.katana-1/libfb.so 0x4278deb0, skipping init
D/dalvikvm(14494): Trying to load lib /data/app-lib/com.facebook.katana-1/libfbjni.so 0x4278deb0
D/dalvikvm(14494): Added shared lib /data/app-lib/com.facebook.katana-1/libfbjni.so 0x4278deb0
D/dalvikvm(14494): Trying to load lib /data/app-lib/com.facebook.katana-1/libheartbleed.so 0x4278deb0
D/dalvikvm(14494): Added shared lib /data/app-lib/com.facebook.katana-1/libheartbleed.so 0x4278deb0
D/dalvikvm(14494): Trying to load lib /data/app-lib/com.facebook.katana-1/libcares.so 0x4278deb0
D/dalvikvm(14494): Added shared lib /data/app-lib/com.facebook.katana-1/libcares.so 0x4278deb0
D/dalvikvm(14494): No JNI_OnLoad found in /data/app-lib/com.facebook.katana-1/libcares.so 0x4278deb0, skipping init
D/dalvikvm(14494): Trying to load lib /data/app-lib/com.facebook.katana-1/libdouble-conversion.so 0x4278deb0
D/WifiStateMachine( 1016): handleMessage: E msg.what=151572
D/WifiStateMachine( 1016): processMsg: ConnectedState
D/WifiStateMachine( 1016): processMsg: L2ConnectedState
D/dalvikvm(14494): Added shared lib /data/app-lib/com.facebook.katana-1/libdouble-conversion.so 0x4278deb0
D/dalvikvm(14494): No JNI_OnLoad found in /data/app-lib/com.facebook.katana-1/libdouble-conversion.so 0x4278deb0, skipping init
D/dalvikvm(14494): Trying to load lib /data/app-lib/com.facebook.katana-1/libevent.so 0x4278deb0
D/dalvikvm(14494): Added shared lib /data/app-lib/com.facebook.katana-1/libevent.so 0x4278deb0
D/dalvikvm(14494): No JNI_OnLoad found in /data/app-lib/com.facebook.katana-1/libevent.so 0x4278deb0, skipping init
D/dalvikvm(14494): Trying to load lib /data/app-lib/com.facebook.katana-1/libliger.so 0x4278deb0
W/chromium(14565): [WARNING:proxy_service.cc(890)] PAC support disabled because there is no system implementation
D/WifiStateMachine( 1016): handleMessage: X
D/dalvikvm(14494): Added shared lib /data/app-lib/com.facebook.katana-1/libliger.so 0x4278deb0
W/BroadcastQueue( 1016): Permission Denial: broadcasting Intent { act=android.net.conn.INET_CONDITION_ACTION flg=0x4000010 (has extras) } from null (pid=-1, uid=-1) requires com.facebook.permission.prod.FB_APP_COMMUNICATION due to registered receiver BroadcastFilter{429c1b90 u0 ReceiverList{42952e50 14494 com.facebook.katana:dash/10110/u0 remote:4295aab8}}
W/BroadcastQueue( 1016): Permission Denial: broadcasting Intent { act=android.net.conn.CONNECTIVITY_CHANGE flg=0x4000010 (has extras) } from null (pid=-1, uid=-1) requires com.facebook.permission.prod.FB_APP_COMMUNICATION due to registered receiver BroadcastFilter{429c1b90 u0 ReceiverList{42952e50 14494 com.facebook.katana:dash/10110/u0 remote:4295aab8}}
W/GAV2    (14565): Thread[main,5,main]: Need to call initialize() and be in fallback mode to start dispatch.
E/cutils  (  261): Failed to mkdirat(/storage/sdcard1/Android): Read-only file system
W/Vold    (  261): Returning OperationFailed - no handler for errno 30
W/ContextImpl(14565): Failed to ensure directory: /storage/sdcard1/Android/data/com.google.android.apps.magazines/cache
I/SFPerfTracer(  278):      triggers: (rate: 19:16622) (86948 sw vsyncs) (29209 skipped) (5:110186 vsyncs) (7:211214)
W/BroadcastQueue( 1016): Permission Denial: broadcasting Intent { act=android.net.conn.CONNECTIVITY_CHANGE flg=0x4000010 (has extras) } from null (pid=-1, uid=-1) requires com.facebook.permission.prod.FB_APP_COMMUNICATION due to registered receiver BroadcastFilter{430e8560 u0 ReceiverList{430ef128 14494 com.facebook.katana:dash/10110/u0 remote:430fb1b8}}
I/NSApplication(14565): Starting up...
I/ActivityManager( 1016): Killing 14447:com.android.keychain/1000 (adj 15): empty #9
W/ContextImpl( 1231): Calling a method in the system process without a qualified user: android.app.ContextImpl.sendBroadcast:1252 android.content.ContextWrapper.sendBroadcast:365 com.motorola.motocare.util.TriggerHelper$TriggerBuilder.send:76 com.motorola.motocare.internal.frameworkevents.ProcessKillTrigger.sendTrigger:147 com.motorola.motocare.internal.frameworkevents.ProcessKillTrigger.handleFrameworkEvent:164 
E/NetworkScheduler.SchedulerReceiver(30376): Invalid parameter app
E/NetworkScheduler.SchedulerReceiver(30376): Invalid package name : Perhaps you didn't include a PendingIntent in the extras?
D/PackageBroadcastService(30409): Received broadcast action=android.intent.action.PACKAGE_REPLACED and uri=com.giftme.fb_auth
I/ActivityManager( 1016): START u0 {act=android.intent.action.MAIN cat=[android.intent.category.LAUNCHER] flg=0x10000000 pkg=com.giftme.fb_auth cmp=com.giftme.fb_auth/.FB_Auth} from pid 12125
W/ContextImpl( 1231): Calling a method in the system process without a qualified user: android.app.ContextImpl.sendBroadcast:1252 android.content.ContextWrapper.sendBroadcast:365 com.motorola.motocare.util.TriggerHelper$TriggerBuilder.send:76 com.motorola.motocare.internal.frameworkevents.PauseResumeTrigger.handleFrameworkEvent:53 com.motorola.motocare.internal.frameworkevents.FwEventMonitor$FrameworkListener.processFrameworkEvent:114 
I/PeopleContactsSync(30409): CP2 sync disabled
I/ActivityManager( 1016): Start proc com.giftme.fb_auth for activity com.giftme.fb_auth/.FB_Auth: pid=14624 uid=10106 gids={50106, 3003, 1028, 1015}
I/dalvikvm(14624): Enabling JNI app bug workarounds for target SDK version 7...
W/ContextImpl( 1231): Calling a method in the system process without a qualified user: android.app.ContextImpl.sendBroadcast:1252 android.content.ContextWrapper.sendBroadcast:365 com.motorola.motocare.util.TriggerHelper$TriggerBuilder.send:76 com.motorola.motocare.internal.frameworkevents.PauseResumeTrigger.handleFrameworkEvent:53 com.motorola.motocare.internal.frameworkevents.FwEventMonitor$FrameworkListener.processFrameworkEvent:114 
V/PhoneStatusBar( 1078): setLightsOn(true)
I/CordovaLog(14624): Changing log level to DEBUG(3)
D/CordovaActivity(14624): CordovaActivity.init()
I/dalvikvm(14624): Could not find method android.webkit.CookieManager.setAcceptThirdPartyCookies, referenced from method org.apache.cordova.CordovaWebView.initWebViewSettings
W/dalvikvm(14624): VFY: unable to resolve virtual method 6163: Landroid/webkit/CookieManager;.setAcceptThirdPartyCookies (Landroid/webkit/WebView;Z)V
D/dalvikvm(14624): VFY: replacing opcode 0x6e at 0x002a
V/WebViewChromiumFactoryProvider(14624): Binding Chromium to main looper Looper (main, tid 1) {4278a978}
I/LibraryLoader(14624): Expected native library version number "",actual native library version number ""
I/chromium(14624): [INFO:library_loader_hooks.cc(116)] Chromium logging enabled: level = 0, default verbosity = 0
I/BrowserStartupController(14624): Initializing chromium process, renderers=0
E/AudioManagerAndroid(14624): BLUETOOTH permission is missing!
I/Adreno-EGL(14624): <qeglDrvAPI_eglInitialize:410>: EGL 1.4 QUALCOMM build: AU_LINUX_ANDROID_LNX.LA.3.5.1_RB1.04.04.02.048.018_msm8226_LNX.LA.3.5.1_RB1__release_AU ()
I/Adreno-EGL(14624): OpenGL ES Shader Compiler Version: E031.24.00.08
I/Adreno-EGL(14624): Build Date: 03/07/14 Fri
I/Adreno-EGL(14624): Local Branch: 
I/Adreno-EGL(14624): Remote Branch: quic/LNX.LA.3.5.1_RB1.1
I/Adreno-EGL(14624): Local Patches: NONE
I/Adreno-EGL(14624): Reconstruct Branch: AU_LINUX_ANDROID_LNX.LA.3.5.1_RB1.04.04.02.048.018 + f2fd134 +  NOTHING
D/dalvikvm(14494): GC_EXPLICIT freed 3147K, 35% free 11325K/17224K, paused 11ms+5ms, total 65ms
W/chromium(14624): [WARNING:proxy_service.cc(890)] PAC support disabled because there is no system implementation
D/CordovaActivity(14624): CordovaActivity.createViews()
W/dalvikvm(14624): VFY: unable to find class referenced in signature (Landroid/webkit/ClientCertRequest;)
W/dalvikvm(14624): VFY: unable to find class referenced in signature (Landroid/webkit/ClientCertRequest;)
I/dalvikvm(14624): Could not find method android.webkit.WebViewClient.onReceivedClientCertRequest, referenced from method org.apache.cordova.CordovaWebViewClient.onReceivedClientCertRequest
W/dalvikvm(14624): VFY: unable to resolve virtual method 6235: Landroid/webkit/WebViewClient;.onReceivedClientCertRequest (Landroid/webkit/WebView;Landroid/webkit/ClientCertRequest;)V
D/dalvikvm(14624): VFY: replacing opcode 0x6f at 0x001c
I/dalvikvm(14624): Could not find method android.webkit.WebChromeClient$FileChooserParams.createIntent, referenced from method org.apache.cordova.CordovaChromeClient.onShowFileChooser
W/dalvikvm(14624): VFY: unable to resolve virtual method 6182: Landroid/webkit/WebChromeClient$FileChooserParams;.createIntent ()Landroid/content/Intent;
D/dalvikvm(14624): VFY: replacing opcode 0x6e at 0x0000
D/PluginManager(14624): init()
D/CordovaWebView(14624): CordovaWebView is running on device made by: motorola
D/CordovaWebView(14624): >>> loadUrl(file:///android_asset/www/index.html)
D/CordovaWebView(14624): >>> loadUrlNow()
D/CordovaActivity(14624): Resuming the App
D/dalvikvm( 1016): GC_EXPLICIT freed 1317K, 40% free 23757K/39124K, paused 5ms+11ms, total 129ms
D/SoftKeyboardDetect(14624): Ignore this event
D/OpenGLRenderer(14624): Enabling debug mode 0
D/dalvikvm(14494): GC_EXPLICIT freed 72K, 35% free 11318K/17224K, paused 6ms+5ms, total 46ms
D/SoftKeyboardDetect(14624): Ignore this event
I/LaunchCheckinHandler( 1016): Displayed com.giftme.fb_auth/.FB_Auth,cp,ca,380
I/ActivityManager( 1016): Displayed com.giftme.fb_auth/.FB_Auth: +380ms
D/CordovaWebViewClient(14624): onPageStarted(file:///android_asset/www/index.html)
D/CordovaActivity(14624): onMessage(onPageStarted,file:///android_asset/www/index.html)
D/JsMessageQueue(14624): Set native->JS mode to OnlineEventsBridgeMode
D/WifiStateMachine( 1016): handleMessage: E msg.what=151572
D/WifiStateMachine( 1016): processMsg: ConnectedState
D/WifiStateMachine( 1016): processMsg: L2ConnectedState
D/WifiStateMachine( 1016): handleMessage: X
I/ActivityManager( 1016): Killing 14494:com.facebook.katana:dash/u0a110 (adj 15): empty #9
W/ContextImpl( 1231): Calling a method in the system process without a qualified user: android.app.ContextImpl.sendBroadcast:1252 android.content.ContextWrapper.sendBroadcast:365 com.motorola.motocare.util.TriggerHelper$TriggerBuilder.send:76 com.motorola.motocare.internal.frameworkevents.ProcessKillTrigger.sendTrigger:147 com.motorola.motocare.internal.frameworkevents.ProcessKillTrigger.handleFrameworkEvent:164 
D/WifiService( 1016): Client connection lost with reason: 4
D/CordovaLog(14624): file:///android_asset/www/js/app.js: Line 19 : Service initialized
I/chromium(14624): [INFO:CONSOLE(19)] "Service initialized", source: file:///android_asset/www/js/app.js (19)
D/WifiStateMachine( 1016): handleMessage: E msg.what=131155
D/WifiStateMachine( 1016): processMsg: ConnectedState
D/WifiStateMachine( 1016): processMsg: L2ConnectedState
D/WifiStateMachine( 1016): handleMessage: X
I/SFPerfTracer(  278):      triggers: (rate: 32:2550) (compose: 0:9) (post: 0:2) (render: 7:344) (0:33957 frames) (1:104311)
D/SFPerfTracer(  278):        layers: (3:12) (DimLayer: 0:65)* (DimLayer: 0:21)* (FocusedStackFrame: 0:955)* (StatusBar: 0:5730) (NavigationBar: 0:7243) (DimLayer: 0:883)* (DimLayer: 0:183)* (com.android.wallpaper.fall.FallWallpaper: 0:9138)* (com.android.packageinstaller/com.android.packageinstaller.InstallAppProgress: 0:100)* (Starting com.giftme.fb_auth: 0:20)* (com.giftme.fb_auth/com.giftme.fb_auth.FB_Auth: 0:31) (com.giftme.fb_auth/com.giftme.fb_auth.FB_Auth: 1:4)* 
D/WifiStateMachine( 1016): handleMessage: E msg.what=151572
D/WifiStateMachine( 1016): processMsg: ConnectedState
D/WifiStateMachine( 1016): processMsg: L2ConnectedState
D/WifiStateMachine( 1016): handleMessage: X
D/WifiStateMachine( 1016): handleMessage: E msg.what=151572
D/WifiStateMachine( 1016): processMsg: ConnectedState
D/WifiStateMachine( 1016): processMsg: L2ConnectedState
I/SFPerfTracer(  278):      triggers: (rate: 19:16622) (86948 sw vsyncs) (29209 skipped) (15:110280 vsyncs) (17:211318)
D/WifiStateMachine( 1016): handleMessage: X
W/InputMethodManagerService( 1016): Window already focused, ignoring focus gain of: com.android.internal.view.IInputMethodClient$Stub$Proxy@4305ad28 attribute=null, token = android.os.BinderProxy@443fc1b8
I/GAV2    (14422): Thread[GAThread,5,main]: No campaign data found.
D/WifiStateMachine( 1016): handleMessage: E msg.what=151572
D/WifiStateMachine( 1016): processMsg: ConnectedState
D/WifiStateMachine( 1016): processMsg: L2ConnectedState
D/WifiStateMachine( 1016): handleMessage: X
D/WifiStateMachine( 1016): handleMessage: E msg.what=131155
D/WifiStateMachine( 1016): processMsg: ConnectedState
D/WifiStateMachine( 1016): processMsg: L2ConnectedState
D/WifiStateMachine( 1016): handleMessage: X
W/InputMethodManagerService( 1016): Window already focused, ignoring focus gain of: com.android.internal.view.IInputMethodClient$Stub$Proxy@42f926c0 attribute=null, token = android.os.BinderProxy@443fc1b8
D/WifiStateMachine( 1016): handleMessage: E msg.what=151572
D/WifiStateMachine( 1016): processMsg: ConnectedState
D/WifiStateMachine( 1016): processMsg: L2ConnectedState
D/WifiStateMachine( 1016): handleMessage: X
I/GAV2    (14565): Thread[GAThread,5,main]: No campaign data found.
D/CordovaLog(14624): file:///android_asset/www/js/LoginView.js: Line 28 : Uncaught TypeError: Cannot call method 'login' of undefined
I/chromium(14624): [INFO:CONSOLE(28)] "Uncaught TypeError: Cannot call method 'login' of undefined", source: file:///android_asset/www/js/LoginView.js (28)
W/InputMethodManagerService( 1016): Window already focused, ignoring focus gain of: com.android.internal.view.IInputMethodClient$Stub$Proxy@42a97200 attribute=null, token = android.os.BinderProxy@443fc1b8
D/CordovaLog(14624): file:///android_asset/www/js/LoginView.js: Line 15 : Success
I/chromium(14624): [INFO:CONSOLE(15)] "Success", source: file:///android_asset/www/js/LoginView.js (15)
D/CordovaActivity(14624): onMessage(spinner,stop)
D/CordovaWebViewClient(14624): onPageFinished(file:///android_asset/www/index.html)
D/CordovaActivity(14624): onMessage(onPageFinished,file:///android_asset/www/index.html)
D/WifiStateMachine( 1016): handleMessage: E msg.what=151572
D/WifiStateMachine( 1016): processMsg: ConnectedState
D/WifiStateMachine( 1016): processMsg: L2ConnectedState
D/WifiStateMachine( 1016): handleMessage: X
I/SFPerfTracer(  278):      triggers: (rate: 19:16622) (86948 sw vsyncs) (29209 skipped) (39:110375 vsyncs) (41:211423)
D/WifiStateMachine( 1016): handleMessage: E msg.what=151572
D/WifiStateMachine( 1016): processMsg: ConnectedState
D/WifiStateMachine( 1016): processMsg: L2ConnectedState
D/WifiStateMachine( 1016): handleMessage: X
I/SFPerfTracer(  278):      triggers: (rate: 32:2550) (compose: 0:9) (post: 0:2) (render: 7:344) (0:34024 frames) (1:104411)
D/SFPerfTracer(  278):        layers: (3:12) (DimLayer: 0:65)* (DimLayer: 0:21)* (FocusedStackFrame: 0:962)* (StatusBar: 0:5730) (NavigationBar: 0:7243) (DimLayer: 0:953)* (DimLayer: 0:183)* (com.android.wallpaper.fall.FallWallpaper: 0:9138)* (com.giftme.fb_auth/com.giftme.fb_auth.FB_Auth: 1:40) (com.giftme.fb_auth/com.giftme.fb_auth.FB_Auth: 0:49)* (com.giftme.fb_auth/com.giftme.fb_auth.FB_Auth: 0:33)* (com.giftme.fb_auth/com.giftme.fb_auth.FB_Auth: 0:32)* 
D/WifiStateMachine( 1016): handleMessage: E msg.what=131155
D/WifiStateMachine( 1016): processMsg: ConnectedState
D/WifiStateMachine( 1016): processMsg: L2ConnectedState
D/WifiStateMachine( 1016): handleMessage: X
D/MDMCTBK (  276): reply_len: 40 reply is = IFNAME=wlan0 <3>CTRL-EVENT-STATE-CHANGE 
D/MDMCTBK (  276): Event received = CTRL-EVENT-STATE-CHANGE 
I/wpa_supplicant( 1178): wlan0: WPA: Group rekeying completed with 70:54:d2:ae:26:93 [GTK=TKIP]
D/MDMCTBK (  276): reply_len: 40 reply is = IFNAME=wlan0 <3>WPA: Group rekeying comp
D/MDMCTBK (  276): Event received = WPA: Group rekeying comp
D/MDMCTBK (  276): reply_len: 40 reply is = IFNAME=wlan0 <3>CTRL-EVENT-STATE-CHANGE 
D/MDMCTBK (  276): Event received = CTRL-EVENT-STATE-CHANGE 
D/WifiStateMachine( 1016): handleMessage: E msg.what=147462
D/WifiStateMachine( 1016): processMsg: ConnectedState
D/WifiStateMachine( 1016): processMsg: L2ConnectedState
D/WifiStateMachine( 1016): processMsg: ConnectModeState
D/WifiStateMachine( 1016): handleMessage: X
D/WifiStateMachine( 1016): handleMessage: E msg.what=147462
D/WifiStateMachine( 1016): processMsg: ConnectedState
D/WifiStateMachine( 1016): processMsg: L2ConnectedState
D/WifiStateMachine( 1016): processMsg: ConnectModeState
D/WifiStateMachine( 1016): handleMessage: X
D/WifiStateMachine( 1016): handleMessage: E msg.what=151572
D/WifiStateMachine( 1016): processMsg: ConnectedState
D/WifiStateMachine( 1016): processMsg: L2ConnectedState
D/WifiStateMachine( 1016): handleMessage: X
D/WifiStateMachine( 1016): handleMessage: E msg.what=151572
D/WifiStateMachine( 1016): processMsg: ConnectedState
D/WifiStateMachine( 1016): processMsg: L2ConnectedState
D/WifiStateMachine( 1016): handleMessage: X
V/ConfigFetchTask(30409): ConfigFetchTask getDeviceDataVersionInfo(): ABFEt1U8nS8gXyem88wHjWxHF8uHsSQWNEUVbCHlChkFrfVM6IX0lL0tSPLi2S4EQKsXRgz4RX4RZKkSbvMaZZijjusuTgUUo7uH-k3PH3_i0mbTA7J5MzINrLs-Ojno_Mk9mUMa6-MbOBONz-SCautaknGZGaf8oBXfzGBAh4GYgOxOAHlSjmG8kPAic9uMagZFaRIduUWJG1edN97UbvHL9lorv1_CJc_aMYMfyVaSFn-yqLNAhpNbHoBBtjx7KgU3DRkoH7_4BfWWZSFSPTXMynXSDUZAqyyNmky4CDz_qkAR4LpNMK4
I/GoogleURLConnFactory(30409): Using platform SSLCertificateSocketFactory
D/WifiStateMachine( 1016): handleMessage: E msg.what=151572
D/WifiStateMachine( 1016): processMsg: ConnectedState
D/WifiStateMachine( 1016): processMsg: L2ConnectedState
D/WifiStateMachine( 1016): handleMessage: X
I/ConfigFetchService(30409): fetch service done; releasing wakelock
I/ConfigFetchService(30409): stopping self
D/WifiStateMachine( 1016): handleMessage: E msg.what=131155
D/WifiStateMachine( 1016): processMsg: ConnectedState
D/WifiStateMachine( 1016): processMsg: L2ConnectedState
D/WifiStateMachine( 1016): handleMessage: X
D/WifiStateMachine( 1016): handleMessage: E msg.what=151572
D/WifiStateMachine( 1016): processMsg: ConnectedState
D/WifiStateMachine( 1016): processMsg: L2ConnectedState
D/WifiStateMachine( 1016): handleMessage: X
D/WifiStateMachine( 1016): handleMessage: E msg.what=151572
D/WifiStateMachine( 1016): processMsg: ConnectedState
D/WifiStateMachine( 1016): processMsg: L2ConnectedState
D/WifiStateMachine( 1016): handleMessage: X
D/WifiStateMachine( 1016): handleMessage: E msg.what=151572
D/WifiStateMachine( 1016): processMsg: ConnectedState
D/WifiStateMachine( 1016): processMsg: L2ConnectedState
D/WifiStateMachine( 1016): handleMessage: X
D/WifiStateMachine( 1016): handleMessage: E msg.what=131155
D/WifiStateMachine( 1016): processMsg: ConnectedState
D/WifiStateMachine( 1016): processMsg: L2ConnectedState
D/WifiStateMachine( 1016): handleMessage: X
D/WifiStateMachine( 1016): handleMessage: E msg.what=151572
D/WifiStateMachine( 1016): processMsg: ConnectedState
D/WifiStateMachine( 1016): processMsg: L2ConnectedState
D/WifiStateMachine( 1016): handleMessage: X
I/SFPerfTracer(  278):      triggers: (rate: 19:16622) (86948 sw vsyncs) (29209 skipped) (17:110474 vsyncs) (19:211536)
V/AlarmManager( 1016): sending alarm Alarm{42980370 type 0 com.android.vending}
D/WifiStateMachine( 1016): handleMessage: E msg.what=151572
D/WifiStateMachine( 1016): processMsg: ConnectedState
D/WifiStateMachine( 1016): processMsg: L2ConnectedState
D/WifiStateMachine( 1016): handleMessage: X
D/Finsky  (11633): [1] 5.onFinished: Installation state replication succeeded.
I/ConfigService(30376): onDestroy
D/WifiStateMachine( 1016): handleMessage: E msg.what=151572
D/WifiStateMachine( 1016): processMsg: ConnectedState
D/WifiStateMachine( 1016): processMsg: L2ConnectedState
D/WifiStateMachine( 1016): handleMessage: X
D/WifiStateMachine( 1016): handleMessage: E msg.what=131155
D/WifiStateMachine( 1016): processMsg: ConnectedState
D/WifiStateMachine( 1016): processMsg: L2ConnectedState
D/WifiStateMachine( 1016): handleMessage: X
D/WifiStateMachine( 1016): handleMessage: E msg.what=151572
D/WifiStateMachine( 1016): processMsg: ConnectedState
D/WifiStateMachine( 1016): processMsg: L2ConnectedState
D/WifiStateMachine( 1016): handleMessage: X
D/WifiStateMachine( 1016): handleMessage: E msg.what=151572
D/WifiStateMachine( 1016): processMsg: ConnectedState
D/WifiStateMachine( 1016): processMsg: L2ConnectedState
D/WifiStateMachine( 1016): handleMessage: X
D/WifiStateMachine( 1016): handleMessage: E msg.what=151572
D/WifiStateMachine( 1016): processMsg: ConnectedState
D/WifiStateMachine( 1016): processMsg: L2ConnectedState
D/WifiStateMachine( 1016): handleMessage: X
V/AlarmManager( 1016): sending alarm Alarm{4297bea8 type 3 android}
D/WifiStateMachine( 1016): handleMessage: E msg.what=131155
D/WifiStateMachine( 1016): processMsg: ConnectedState
D/WifiStateMachine( 1016): processMsg: L2ConnectedState
D/WifiStateMachine( 1016): handleMessage: X
D/WifiStateMachine( 1016): handleMessage: E msg.what=151572
D/WifiStateMachine( 1016): processMsg: ConnectedState
D/WifiStateMachine( 1016): processMsg: L2ConnectedState
D/WifiStateMachine( 1016): handleMessage: X
D/WifiStateMachine( 1016): handleMessage: E msg.what=151572
D/WifiStateMachine( 1016): processMsg: ConnectedState
D/WifiStateMachine( 1016): processMsg: L2ConnectedState
D/WifiStateMachine( 1016): handleMessage: X
D/WifiStateMachine( 1016): handleMessage: E msg.what=151572
D/WifiStateMachine( 1016): processMsg: ConnectedState
D/WifiStateMachine( 1016): processMsg: L2ConnectedState
D/WifiStateMachine( 1016): handleMessage: X
D/WifiStateMachine( 1016): handleMessage: E msg.what=131155
D/WifiStateMachine( 1016): processMsg: ConnectedState
D/WifiStateMachine( 1016): processMsg: L2ConnectedState
D/WifiStateMachine( 1016): handleMessage: X
D/WifiStateMachine( 1016): handleMessage: E msg.what=151572
D/WifiStateMachine( 1016): processMsg: ConnectedState
D/WifiStateMachine( 1016): processMsg: L2ConnectedState
D/WifiStateMachine( 1016): handleMessage: X
D/WifiStateMachine( 1016): handleMessage: E msg.what=151572
D/WifiStateMachine( 1016): processMsg: ConnectedState
D/WifiStateMachine( 1016): processMsg: L2ConnectedState
D/WifiStateMachine( 1016): handleMessage: X
D/WifiStateMachine( 1016): handleMessage: E msg.what=151572
D/WifiStateMachine( 1016): processMsg: ConnectedState
D/WifiStateMachine( 1016): processMsg: L2ConnectedState
D/WifiStateMachine( 1016): handleMessage: X
D/WifiStateMachine( 1016): handleMessage: E msg.what=131155
D/WifiStateMachine( 1016): processMsg: ConnectedState
D/WifiStateMachine( 1016): processMsg: L2ConnectedState
D/WifiStateMachine( 1016): handleMessage: X
D/WifiStateMachine( 1016): handleMessage: E msg.what=151572
D/WifiStateMachine( 1016): processMsg: ConnectedState
D/WifiStateMachine( 1016): processMsg: L2ConnectedState
D/WifiStateMachine( 1016): handleMessage: X
D/WifiStateMachine( 1016): handleMessage: E msg.what=151572
D/WifiStateMachine( 1016): processMsg: ConnectedState
D/WifiStateMachine( 1016): processMsg: L2ConnectedState
D/WifiStateMachine( 1016): handleMessage: X
I/SFPerfTracer(  278):      triggers: (rate: 19:16622) (86948 sw vsyncs) (29209 skipped) (17:110563 vsyncs) (19:211641)
D/WifiStateMachine( 1016): handleMessage: E msg.what=151572
D/WifiStateMachine( 1016): processMsg: ConnectedState
D/WifiStateMachine( 1016): processMsg: L2ConnectedState
D/WifiStateMachine( 1016): handleMessage: X
I/SBar.NetworkController( 1078): refreshSignalCluster: wifi: mWifiConnected=true Wifi=zz_moto_stat_sys_wifi_signal_4_fully_wide Activity=(none) in=false out=false Accessibility="Wi-Fi signal full."
I/SBar.NetworkController( 1078): refreshSignalCluster: mobile: Signal=zz_moto_stat_sys_signal_emergency_only_wide Roaming=(none) mSimIconId=zz_moto_stat_sys_no_sim_wide Accessibility="Emergency calls only.","","No SIM card."
I/SBar.NetworkController( 1078): refreshSignalCluster: mobile: mHasMobileDataFeature=true DataTypeShown=(none) Activity=(none) in=false out=false Accessibility="No data."
D/WifiStateMachine( 1016): handleMessage: E msg.what=131155
D/WifiStateMachine( 1016): processMsg: ConnectedState
D/WifiStateMachine( 1016): processMsg: L2ConnectedState
D/WifiStateMachine( 1016): handleMessage: X
D/WifiStateMachine( 1016): handleMessage: E msg.what=151572
D/WifiStateMachine( 1016): processMsg: ConnectedState
D/WifiStateMachine( 1016): processMsg: L2ConnectedState
D/WifiStateMachine( 1016): handleMessage: X
I/ActivityManager( 1016): Config changes=480 {1.0 ?mcc?mnc en_GB ldltr sw360dp w598dp h335dp 320dpi nrml land finger -keyb/v/h -nav/h s.13?spn}
I/InputReader( 1016): Reconfiguring input devices.  changes=0x00000004
I/InputReader( 1016): Device reconfigured: id=3, name='aps_ts', size 720x1280, orientation 3, mode 1, display id 0
D/PhoneStatusBar( 1078): mSettingsPanelGravity = 55
I/SBar.NetworkController( 1078): onReceive: Intent.ACTION_CONFIGURATION_CHANGED Received
D/audio_hw_primary(  284): adev_set_parameters: enter: rotation=270
V/msm8974_platform(  284): platform_set_parameters: enter: rotation=270
V/msm8974_platform(  284): platform_set_parameters: exit with code(-2)
E/audio_a2dp_hw(  284): adev_set_parameters: ERROR: set param called even when stream out is null
D/MotUsbPostProc(  284): set_parameters rotation 270; swap=true
I/WindowManager( 1016): Screen frozen for +245ms due to Window{42950648 u0 StatusBar}
D/WifiStateMachine( 1016): handleMessage: E msg.what=151572
D/WifiStateMachine( 1016): processMsg: ConnectedState
D/WifiStateMachine( 1016): processMsg: L2ConnectedState
D/WifiStateMachine( 1016): handleMessage: X
D/WifiStateMachine( 1016): handleMessage: E msg.what=151572
D/WifiStateMachine( 1016): processMsg: ConnectedState
D/WifiStateMachine( 1016): processMsg: L2ConnectedState
D/WifiStateMachine( 1016): handleMessage: X
D/WifiStateMachine( 1016): handleMessage: E msg.what=131155
D/WifiStateMachine( 1016): processMsg: ConnectedState
D/WifiStateMachine( 1016): processMsg: L2ConnectedState
D/WifiStateMachine( 1016): handleMessage: X
D/dalvikvm( 1016): GC_EXPLICIT freed 526K, 40% free 23671K/39124K, paused 12ms+10ms, total 118ms
D/WifiStateMachine( 1016): handleMessage: E msg.what=151572
D/WifiStateMachine( 1016): processMsg: ConnectedState
D/WifiStateMachine( 1016): processMsg: L2ConnectedState
D/WifiStateMachine( 1016): handleMessage: X
D/WifiStateMachine( 1016): handleMessage: E msg.what=151572
D/WifiStateMachine( 1016): processMsg: ConnectedState
D/WifiStateMachine( 1016): processMsg: L2ConnectedState
D/WifiStateMachine( 1016): handleMessage: X
D/WifiStateMachine( 1016): handleMessage: E msg.what=151572
D/WifiStateMachine( 1016): processMsg: ConnectedState
D/WifiStateMachine( 1016): processMsg: L2ConnectedState
D/WifiStateMachine( 1016): handleMessage: X
D/WifiStateMachine( 1016): handleMessage: E msg.what=131155
D/WifiStateMachine( 1016): processMsg: ConnectedState
D/WifiStateMachine( 1016): processMsg: L2ConnectedState
D/WifiStateMachine( 1016): handleMessage: X
D/WifiStateMachine( 1016): handleMessage: E msg.what=151572
D/WifiStateMachine( 1016): processMsg: ConnectedState
D/WifiStateMachine( 1016): processMsg: L2ConnectedState
D/WifiStateMachine( 1016): handleMessage: X
D/WifiStateMachine( 1016): handleMessage: E msg.what=151572
D/WifiStateMachine( 1016): processMsg: ConnectedState
D/WifiStateMachine( 1016): processMsg: L2ConnectedState
D/WifiStateMachine( 1016): handleMessage: X
D/WifiStateMachine( 1016): handleMessage: E msg.what=151572
D/WifiStateMachine( 1016): processMsg: ConnectedState
D/WifiStateMachine( 1016): processMsg: L2ConnectedState
D/WifiStateMachine( 1016): handleMessage: X
D/WifiStateMachine( 1016): handleMessage: E msg.what=131155
D/WifiStateMachine( 1016): processMsg: ConnectedState
D/WifiStateMachine( 1016): processMsg: L2ConnectedState
D/WifiStateMachine( 1016): handleMessage: X
D/WifiStateMachine( 1016): handleMessage: E msg.what=151572
D/WifiStateMachine( 1016): processMsg: ConnectedState
D/WifiStateMachine( 1016): processMsg: L2ConnectedState
D/WifiStateMachine( 1016): handleMessage: X
D/WifiStateMachine( 1016): handleMessage: E msg.what=151572
D/WifiStateMachine( 1016): processMsg: ConnectedState
D/WifiStateMachine( 1016): processMsg: L2ConnectedState
D/WifiStateMachine( 1016): handleMessage: X
I/InputReader( 1016): Reconfiguring input devices.  changes=0x00000004
I/InputReader( 1016): Device reconfigured: id=3, name='aps_ts', size 720x1280, orientation 0, mode 1, display id 0
I/InputReader( 1016): Reconfiguring input devices.  changes=0x00000004
D/audio_hw_primary(  284): adev_set_parameters: enter: rotation=0
V/msm8974_platform(  284): platform_set_parameters: enter: rotation=0
V/msm8974_platform(  284): platform_set_parameters: exit with code(-2)
E/audio_a2dp_hw(  284): adev_set_parameters: ERROR: set param called even when stream out is null
D/MotUsbPostProc(  284): set_parameters rotation 0; swap=true
I/ActivityManager( 1016): Config changes=480 {1.0 ?mcc?mnc en_GB ldltr sw360dp w360dp h567dp 320dpi nrml port finger -keyb/v/h -nav/h s.14?spn}
D/PhoneStatusBar( 1078): mSettingsPanelGravity = 55
I/SBar.NetworkController( 1078): onReceive: Intent.ACTION_CONFIGURATION_CHANGED Received
I/WindowManager( 1016): Screen frozen for +234ms due to Window{42950648 u0 StatusBar}
D/WifiStateMachine( 1016): handleMessage: E msg.what=151572
D/WifiStateMachine( 1016): processMsg: ConnectedState
D/WifiStateMachine( 1016): processMsg: L2ConnectedState
D/WifiStateMachine( 1016): handleMessage: X
D/WifiStateMachine( 1016): handleMessage: E msg.what=131155
D/WifiStateMachine( 1016): processMsg: ConnectedState
D/WifiStateMachine( 1016): processMsg: L2ConnectedState
D/WifiStateMachine( 1016): handleMessage: X
D/WifiStateMachine( 1016): handleMessage: E msg.what=151572
D/WifiStateMachine( 1016): processMsg: ConnectedState
D/WifiStateMachine( 1016): processMsg: L2ConnectedState
D/WifiStateMachine( 1016): handleMessage: X
D/WifiStateMachine( 1016): handleMessage: E msg.what=151572
D/WifiStateMachine( 1016): processMsg: ConnectedState
D/WifiStateMachine( 1016): processMsg: L2ConnectedState
D/WifiStateMachine( 1016): handleMessage: X
D/dalvikvm( 1016): GC_EXPLICIT freed 265K, 40% free 23503K/39124K, paused 12ms+8ms, total 115ms
I/SFPerfTracer(  278):      triggers: (rate: 19:16622) (86948 sw vsyncs) (29209 skipped) (32:110667 vsyncs) (34:211760)
D/WifiStateMachine( 1016): handleMessage: E msg.what=151572
D/WifiStateMachine( 1016): processMsg: ConnectedState
D/WifiStateMachine( 1016): processMsg: L2ConnectedState
D/WifiStateMachine( 1016): handleMessage: X
D/WifiStateMachine( 1016): handleMessage: E msg.what=131155
D/WifiStateMachine( 1016): processMsg: ConnectedState
D/WifiStateMachine( 1016): processMsg: L2ConnectedState
D/WifiStateMachine( 1016): handleMessage: X
D/WifiStateMachine( 1016): handleMessage: E msg.what=151572
D/WifiStateMachine( 1016): processMsg: ConnectedState
D/WifiStateMachine( 1016): processMsg: L2ConnectedState
D/WifiStateMachine( 1016): handleMessage: X
D/dalvikvm( 1078): GC_CONCURRENT freed 1941K, 29% free 14087K/19828K, paused 8ms+4ms, total 34ms
D/dalvikvm( 1078): WAIT_FOR_CONCURRENT_GC blocked 14ms
D/dalvikvm( 1078): WAIT_FOR_CONCURRENT_GC blocked 10ms
I/ActivityManager( 1016): START u0 {act=com.android.systemui.recent.action.TOGGLE_RECENTS flg=0x10800000 cmp=com.android.systemui/.recent.RecentsActivity (has extras)} from pid 1078
D/CordovaActivity(14624): Paused the application!
D/CordovaWebView(14624): Handle the pause
W/ContextImpl( 1231): Calling a method in the system process without a qualified user: android.app.ContextImpl.sendBroadcast:1252 android.content.ContextWrapper.sendBroadcast:365 com.motorola.motocare.util.TriggerHelper$TriggerBuilder.send:76 com.motorola.motocare.internal.frameworkevents.PauseResumeTrigger.handleFrameworkEvent:53 com.motorola.motocare.internal.frameworkevents.FwEventMonitor$FrameworkListener.processFrameworkEvent:114 
W/ContextImpl( 1231): Calling a method in the system process without a qualified user: android.app.ContextImpl.sendBroadcast:1252 android.content.ContextWrapper.sendBroadcast:365 com.motorola.motocare.util.TriggerHelper$TriggerBuilder.send:76 com.motorola.motocare.internal.frameworkevents.PauseResumeTrigger.handleFrameworkEvent:53 com.motorola.motocare.internal.frameworkevents.FwEventMonitor$FrameworkListener.processFrameworkEvent:114 
D/dalvikvm( 1078): GC_FOR_ALLOC freed 915K, 26% free 14846K/19828K, paused 22ms, total 22ms
I/LaunchCheckinHandler( 1016): Displayed com.android.systemui/.recent.RecentsActivity,wp,wa,130
W/IInputConnectionWrapper(14624): showStatusIcon on inactive InputConnection
I/SFPerfTracer(  278):      triggers: (rate: 32:2551) (compose: 0:9) (post: 0:2) (render: 7:344) (0:34074 frames) (1:104511)
