I/SFPerfTracer(  274):       trigger: vsync rate (-25.720%)	(44.568 vps)	(22.438 ms)* 	(65 drops)	(303 vsyncs)
I/SFPerfTracer(  274):      triggers: (rate: 40:17792) (5687 sw vsyncs) (40082 skipped) (303:56158 vsyncs) (305:68682)
W/ContextImpl( 1295): Calling a method in the system process without a qualified user: android.app.ContextImpl.sendBroadcast:1252 android.content.ContextWrapper.sendBroadcast:365 com.motorola.motocare.util.TriggerHelper$TriggerBuilder.send:76 com.motorola.motocare.internal.frameworkevents.PauseResumeTrigger.handleFrameworkEvent:53 com.motorola.motocare.internal.frameworkevents.FwEventMonitor$FrameworkListener.processFrameworkEvent:114 
W/ContextImpl( 1295): Calling a method in the system process without a qualified user: android.app.ContextImpl.startService:1608 android.content.ContextWrapper.startService:494 android.content.ContextWrapper.startService:494 com.motorola.motocare.internal.batterystats.BatteryStatsAction.onReceive:33 android.app.ActivityThread.handleReceiver:2434 
V/AlarmManager( 1025): sending alarm Alarm{42c53a98 type 3 android}
V/AlarmManager( 1025): sending alarm Alarm{42c52310 type 3 com.devexpert.weather}
V/AlarmManager( 1025): sending alarm Alarm{42c51450 type 2 com.google.android.talk}
I/ActivityManager( 1025): Start proc com.devexpert.weather for broadcast com.devexpert.weather/.view.WidgetWeather2x1: pid=19488 uid=10112 gids={50112, 3003, 1028, 1015}
V/AlarmManager( 1025): sending alarm Alarm{42c50e90 type 2 com.google.android.gms}
V/AlarmManager( 1025): sending alarm Alarm{42c4ec90 type 2 com.facebook.katana}
I/ActivityManager( 1025): Process com.linkedin.android (pid 19176) has died.
V/AlarmManager( 1025): sending alarm Alarm{429a9db0 type 3 android}
V/AlarmManager( 1025): sending alarm Alarm{429a2f90 type 2 com.facebook.katana}
V/AlarmManager( 1025): sending alarm Alarm{429948f0 type 3 com.devexpert.weather}
V/AlarmManager( 1025): sending alarm Alarm{42b7d000 type 2 com.facebook.katana}
V/AlarmManager( 1025): sending alarm Alarm{42b754b8 type 3 android}
I/ActivityManager( 1025): Start proc com.google.android.gm for service com.google.android.gm/.provider.MailSyncAdapterService: pid=19639 uid=10065 gids={50065, 3003, 1028, 1015}
D/ActivityThread(19639): Loading provider com.google.android.gmail.provider;com.android.mail.notifier;com.google.android.gm.email.provider;com.google.android.gm.email.notifier: com.android.email.provider.EmailProvider
W/ActivityManager( 1025): Unable to start service Intent { act=com.google.android.gm.email.EXCHANGE_INTENT pkg=com.google.android.gm.exchange } U=0: not found
W/ActivityManager( 1025): Unable to start service Intent { act=com.google.android.gm.email.EXCHANGE_INTENT pkg=com.google.android.gm.exchange } U=0: not found
W/ActivityManager( 1025): Unable to start service Intent { act=com.google.android.gm.email.EXCHANGE_INTENT pkg=com.google.android.gm.exchange } U=0: not found
W/ActivityManager( 1025): Unable to start service Intent { cmp=com.google.android.gm/com.android.email.service.AttachmentService } U=0: not found
W/ActivityManager( 1025): Unable to start service Intent { act=com.google.android.gm.email.EXCHANGE_INTENT pkg=com.google.android.gm.exchange } U=0: not found
W/ContextImpl( 1295): Calling a method in the system process without a qualified user: android.app.ContextImpl.sendBroadcast:1252 android.content.ContextWrapper.sendBroadcast:365 com.motorola.motocare.util.TriggerHelper$TriggerBuilder.send:76 com.motorola.motocare.internal.frameworkevents.ProcessKillTrigger.sendTrigger:147 com.motorola.motocare.internal.frameworkevents.ProcessKillTrigger.handleLmkKill:337 
W/ContextImpl( 1295): Calling a method in the system process without a qualified user: android.app.ContextImpl.sendBroadcast:1252 android.content.ContextWrapper.sendBroadcast:365 com.motorola.motocare.util.TriggerHelper$TriggerBuilder.send:76 com.motorola.motocare.internal.frameworkevents.ProcessKillTrigger.sendTrigger:147 com.motorola.motocare.internal.frameworkevents.ProcessKillTrigger.handleLmkKill:337 
W/ContextImpl( 1295): Calling a method in the system process without a qualified user: android.app.ContextImpl.sendBroadcast:1252 android.content.ContextWrapper.sendBroadcast:365 com.motorola.motocare.util.TriggerHelper$TriggerBuilder.send:76 com.motorola.motocare.internal.frameworkevents.ProcessKillTrigger.sendTrigger:147 com.motorola.motocare.internal.frameworkevents.ProcessKillTrigger.handleLmkKill:337 
W/ContextImpl( 1295): Calling a method in the system process without a qualified user: android.app.ContextImpl.sendBroadcast:1252 android.content.ContextWrapper.sendBroadcast:365 com.motorola.motocare.util.TriggerHelper$TriggerBuilder.send:76 com.motorola.motocare.internal.frameworkevents.ProcessKillTrigger.sendTrigger:147 com.motorola.motocare.internal.frameworkevents.ProcessKillTrigger.handleLmkKill:337 
D/ConnectivityService( 1025): handleInetConditionHoldEnd: net=1, condition=100, published condition=100
W/ContextImpl( 1295): Calling a method in the system process without a qualified user: android.app.ContextImpl.sendBroadcast:1252 android.content.ContextWrapper.sendBroadcast:365 com.motorola.motocare.util.TriggerHelper$TriggerBuilder.send:76 com.motorola.motocare.internal.frameworkevents.ProcessKillTrigger.sendTrigger:147 com.motorola.motocare.internal.frameworkevents.ProcessKillTrigger.handleLmkKill:337 
W/ContextImpl( 1295): Calling a method in the system process without a qualified user: android.app.ContextImpl.sendBroadcast:1252 android.content.ContextWrapper.sendBroadcast:365 com.motorola.motocare.util.TriggerHelper$TriggerBuilder.send:76 com.motorola.motocare.internal.frameworkevents.ProcessKillTrigger.sendTrigger:147 com.motorola.motocare.internal.frameworkevents.ProcessKillTrigger.handleLmkKill:337 
W/ContextImpl( 1295): Calling a method in the system process without a qualified user: android.app.ContextImpl.sendBroadcast:1252 android.content.ContextWrapper.sendBroadcast:365 com.motorola.motocare.util.TriggerHelper$TriggerBuilder.send:76 com.motorola.motocare.internal.frameworkevents.ProcessKillTrigger.sendTrigger:147 com.motorola.motocare.internal.frameworkevents.ProcessKillTrigger.handleLmkKill:337 
W/ContextImpl( 1295): Calling a method in the system process without a qualified user: android.app.ContextImpl.sendBroadcast:1252 android.content.ContextWrapper.sendBroadcast:365 com.motorola.motocare.util.TriggerHelper$TriggerBuilder.send:76 com.motorola.motocare.internal.frameworkevents.ProcessKillTrigger.sendTrigger:147 com.motorola.motocare.internal.frameworkevents.ProcessKillTrigger.handleLmkKill:337 
W/ContextImpl( 1295): Calling a method in the system process without a qualified user: android.app.ContextImpl.sendBroadcast:1252 android.content.ContextWrapper.sendBroadcast:365 com.motorola.motocare.util.TriggerHelper$TriggerBuilder.send:76 com.motorola.motocare.internal.frameworkevents.ProcessKillTrigger.sendTrigger:147 com.motorola.motocare.internal.frameworkevents.ProcessKillTrigger.handleLmkKill:337 
W/ContextImpl( 1295): Calling a method in the system process without a qualified user: android.app.ContextImpl.sendBroadcast:1252 android.content.ContextWrapper.sendBroadcast:365 com.motorola.motocare.util.TriggerHelper$TriggerBuilder.send:76 com.motorola.motocare.internal.frameworkevents.ProcessKillTrigger.sendTrigger:147 com.motorola.motocare.internal.frameworkevents.ProcessKillTrigger.handleLmkKill:337 
W/ContextImpl( 1295): Calling a method in the system process without a qualified user: android.app.ContextImpl.sendBroadcast:1252 android.content.ContextWrapper.sendBroadcast:365 com.motorola.motocare.util.TriggerHelper$TriggerBuilder.send:76 com.motorola.motocare.internal.frameworkevents.ProcessKillTrigger.sendTrigger:147 com.motorola.motocare.internal.frameworkevents.ProcessKillTrigger.handleLmkKill:337 
W/ContextImpl( 1295): Calling a method in the system process without a qualified user: android.app.ContextImpl.sendBroadcast:1252 android.content.ContextWrapper.sendBroadcast:365 com.motorola.motocare.util.TriggerHelper$TriggerBuilder.send:76 com.motorola.motocare.internal.frameworkevents.ProcessKillTrigger.sendTrigger:147 com.motorola.motocare.internal.frameworkevents.ProcessKillTrigger.handleLmkKill:337 
W/ContextImpl( 1295): Calling a method in the system process without a qualified user: android.app.ContextImpl.sendBroadcast:1252 android.content.ContextWrapper.sendBroadcast:365 com.motorola.motocare.util.TriggerHelper$TriggerBuilder.send:76 com.motorola.motocare.internal.frameworkevents.ProcessKillTrigger.sendTrigger:147 com.motorola.motocare.internal.frameworkevents.ProcessKillTrigger.handleLmkKill:337 
W/ContextImpl( 1295): Calling a method in the system process without a qualified user: android.app.ContextImpl.sendBroadcast:1252 android.content.ContextWrapper.sendBroadcast:365 com.motorola.motocare.util.TriggerHelper$TriggerBuilder.send:76 com.motorola.motocare.internal.frameworkevents.ProcessKillTrigger.sendTrigger:147 com.motorola.motocare.internal.frameworkevents.ProcessKillTrigger.handleLmkKill:337 
W/ContextImpl( 1295): Calling a method in the system process without a qualified user: android.app.ContextImpl.sendBroadcast:1252 android.content.ContextWrapper.sendBroadcast:365 com.motorola.motocare.util.TriggerHelper$TriggerBuilder.send:76 com.motorola.motocare.internal.frameworkevents.ProcessKillTrigger.sendTrigger:147 com.motorola.motocare.internal.frameworkevents.ProcessKillTrigger.handleLmkKill:337 
W/ContextImpl( 1295): Calling a method in the system process without a qualified user: android.app.ContextImpl.sendBroadcast:1252 android.content.ContextWrapper.sendBroadcast:365 com.motorola.motocare.util.TriggerHelper$TriggerBuilder.send:76 com.motorola.motocare.internal.frameworkevents.ProcessKillTrigger.sendTrigger:147 com.motorola.motocare.internal.frameworkevents.ProcessKillTrigger.handleLmkKill:337 
W/ContextImpl( 1295): Calling a method in the system process without a qualified user: android.app.ContextImpl.sendBroadcast:1252 android.content.ContextWrapper.sendBroadcast:365 com.motorola.motocare.util.TriggerHelper$TriggerBuilder.send:76 com.motorola.motocare.internal.frameworkevents.ProcessKillTrigger.sendTrigger:147 com.motorola.motocare.internal.frameworkevents.ProcessKillTrigger.handleLmkKill:337 
W/ContextImpl( 1295): Calling a method in the system process without a qualified user: android.app.ContextImpl.sendBroadcast:1252 android.content.ContextWrapper.sendBroadcast:365 com.motorola.motocare.util.TriggerHelper$TriggerBuilder.send:76 com.motorola.motocare.internal.frameworkevents.ProcessKillTrigger.sendTrigger:147 com.motorola.motocare.internal.frameworkevents.ProcessKillTrigger.handleLmkKill:337 
I/ActivityManager( 1025): Start proc com.evernote.widget for broadcast com.evernote.widget/.WidgetUpdateReceiver: pid=19711 uid=10135 gids={50135, 3003, 1028, 1015}
I/ActivityManager( 1025): Process com.distilledmedia.thescore (pid 19220) has died.
V/AlarmManager( 1025): sending alarm Alarm{42afacf8 type 3 com.whatsapp}
V/AlarmManager( 1025): sending alarm Alarm{42ae7e60 type 3 com.devexpert.weather}
V/AlarmManager( 1025): sending alarm Alarm{42ae7eb0 type 2 com.whatsapp}
V/AlarmManager( 1025): sending alarm Alarm{42adc0d8 type 3 android}
V/AlarmManager( 1025): sending alarm Alarm{42adc128 type 2 com.google.android.talk}
V/AlarmManager( 1025): sending alarm Alarm{42afac90 type 2 android}
V/AlarmManager( 1025): sending alarm Alarm{42ab7fe8 type 1 com.google.android.inputmethod.latin}
D/MobileDataStateTracker( 1025): default: setPolicyDataEnable(enabled=true)
V/AlarmManager( 1025): sending alarm Alarm{42f4c6c8 type 3 android}
V/AlarmManager( 1025): sending alarm Alarm{42c50e90 type 2 com.whatsapp}
V/AlarmManager( 1025): sending alarm Alarm{42f4a428 type 3 com.devexpert.weather}
V/AlarmManager( 1025): sending alarm Alarm{42f49518 type 2 com.motorola.ccc.cce}
V/AlarmManager( 1025): sending alarm Alarm{42c205d8 type 3 android}
V/AlarmManager( 1025): sending alarm Alarm{42c201d0 type 3 com.devexpert.weather}
V/AlarmManager( 1025): sending alarm Alarm{42f3b110 type 2 com.google.android.talk}
V/AlarmManager( 1025): sending alarm Alarm{42f349b0 type 2 com.google.android.gms}
V/AlarmManager( 1025): sending alarm Alarm{42db8870 type 2 com.google.android.gms}
V/AlarmManager( 1025): sending alarm Alarm{42f48cc0 type 0 com.google.android.googlequicksearchbox}
I/ActivityManager( 1025): Start proc com.google.android.googlequicksearchbox:search for service com.google.android.googlequicksearchbox/com.google.android.velvet.VelvetBackgroundTasksImpl$Service: pid=19863 uid=10045 gids={50045, 3003, 3001, 1028, 3002, 1015}
D/WifiService( 1025): acquireWifiLockLocked: WifiLock{NlpWifiLock type=2 binder=android.os.BinderProxy@42fc06f0}
I/ActivityManager( 1025): Start proc com.google.android.partnersetup for content provider com.google.android.partnersetup/.RlzAppProvider: pid=19882 uid=10025 gids={50025, 3003}
V/AlarmManager( 1025): sending alarm Alarm{42d54348 type 2 com.google.android.gms}
D/WifiService( 1025): releaseWifiLockLocked: WifiLock{NlpWifiLock type=2 binder=android.os.BinderProxy@42fc06f0}
V/AlarmManager( 1025): sending alarm Alarm{42adc6a0 type 2 com.google.android.gms}
V/AlarmManager( 1025): sending alarm Alarm{428ed218 type 2 com.google.android.gms}
V/AlarmManager( 1025): sending alarm Alarm{429cab90 type 3 android}
V/AlarmManager( 1025): sending alarm Alarm{42af4f80 type 2 com.google.android.talk}
V/AlarmManager( 1025): sending alarm Alarm{42af8570 type 3 com.devexpert.weather}
V/AlarmManager( 1025): sending alarm Alarm{42ae54e8 type 2 android}
V/AlarmManager( 1025): sending alarm Alarm{42adf3c8 type 0 com.viber.voip}
D/ConnectivityService( 1025): Sampling interval elapsed, updating statistics ..
D/ConnectivityService( 1025): Done.
D/ConnectivityService( 1025): Setting timer for 720seconds
V/AlarmManager( 1025): sending alarm Alarm{42a41b58 type 3 android}
V/AlarmManager( 1025): sending alarm Alarm{42a2d548 type 3 com.devexpert.weather}
V/AlarmManager( 1025): sending alarm Alarm{42a2c988 type 2 com.google.android.gms}
V/AlarmManager( 1025): sending alarm Alarm{42a28ec8 type 2 com.whatsapp}
D/ConnectivityService( 1025): handleInetConditionHoldEnd: net=1, condition=100, published condition=100
I/PowerManagerService( 1025): Waking up from sleep...
I/WindowManager( 1025): Lock screen displayed!
D/DisplayPowerController( 1025): Unblocked screen on after 32684058 ms
I/SFPerfTracer(  274):      triggers: (rate: 40:17792) (5795 sw vsyncs) (40118 skipped) (0:56168 vsyncs) (97:68801)
I/ActivityManager( 1025): Process com.mycelium.wallet (pid 19325) has died.
W/ContextImpl( 1295): Calling a method in the system process without a qualified user: android.app.ContextImpl.sendBroadcast:1252 android.content.ContextWrapper.sendBroadcast:365 com.motorola.motocare.util.TriggerHelper$TriggerBuilder.send:76 com.motorola.motocare.internal.frameworkevents.PauseResumeTrigger.handleFrameworkEvent:53 com.motorola.motocare.internal.frameworkevents.FwEventMonitor$FrameworkListener.processFrameworkEvent:114 
D/UsbDeviceManager( 1025): MSG_USER_PRESENT
I/SFPerfTracer(  274):      triggers: (rate: 30:1055) (compose: 0:9) (post: 0:1) (render: 1:121) (45:15967 frames) (46:50139)
D/SFPerfTracer(  274):        layers: (4:11) (DimLayer: 0:25)* (DimLayer: 0:4)* (FocusedStackFrame: 0:654)* (StatusBar: 2:5120) (NavigationBar: 1:4987) (com.android.wallpaper.fall.FallWallpaper: 13:13499) (DimLayer: 0:541)* (DimLayer: 0:129)* (com.android.launcher/com.android.launcher2.Launcher: 0:169)* (ElectronBeam: 0:21)* (Keyguard: 36:40) 
W/InputMethodManagerService( 1025): Window already focused, ignoring focus gain of: com.android.internal.view.IInputMethodClient$Stub$Proxy@42ce9c50 attribute=android.view.inputmethod.EditorInfo@43658d48, token = android.os.BinderProxy@42aab150
I/ActivityManager( 1025): Start proc com.linkedin.android for broadcast com.linkedin.android/.appwidget.ResponsiveWidgetService$ActiveUserListener: pid=20003 uid=10123 gids={50123, 3003, 1028, 1015}
I/ActivityManager( 1025): Start proc com.distilledmedia.thescore for broadcast com.distilledmedia.thescore/com.parse.ParseBroadcastReceiver: pid=20045 uid=10138 gids={50138, 3003, 1028, 1015}
W/ContextImpl( 1295): Calling a method in the system process without a qualified user: android.app.ContextImpl.startService:1608 android.content.ContextWrapper.startService:494 android.content.ContextWrapper.startService:494 com.motorola.motocare.internal.batterystats.BatteryStatsAction.onReceive:33 android.app.ActivityThread.handleReceiver:2434 
I/SFPerfTracer(  274):      triggers: (rate: 30:1059) (compose: 0:9) (post: 0:1) (render: 1:122) (21:16030 frames) (22:50210)
D/SFPerfTracer(  274):        layers: (4:10) (DimLayer: 0:25)* (DimLayer: 0:4)* (FocusedStackFrame: 0:656)* (StatusBar: 21:5146) (NavigationBar: 0:5023) (com.android.wallpaper.fall.FallWallpaper: 8:13524) (DimLayer: 0:541)* (DimLayer: 0:129)* (com.android.launcher/com.android.launcher2.Launcher: 0:185) (Keyguard: 0:53)* 
W/InputMethodManagerService( 1025): Window already focused, ignoring focus gain of: com.android.internal.view.IInputMethodClient$Stub$Proxy@42c40a50 attribute=null, token = android.os.BinderProxy@42aab150
I/SFPerfTracer(  274):      triggers: (rate: 30:1064) (compose: 0:9) (post: 0:1) (render: 1:127) (19:16050 frames) (20:50264)
D/SFPerfTracer(  274):        layers: (4:9) (DimLayer: 0:25)* (DimLayer: 0:4)* (FocusedStackFrame: 0:656)* (StatusBar: 11:5158) (NavigationBar: 17:5040) (com.android.wallpaper.fall.FallWallpaper: 7:13565) (DimLayer: 0:541)* (DimLayer: 0:129)* (com.android.launcher/com.android.launcher2.Launcher: 0:185) 
V/AlarmManager( 1025): sending alarm Alarm{42c9fff0 type 2 com.whatsapp}
I/SFPerfTracer(  274):      triggers: (rate: 30:1064) (compose: 0:9) (post: 0:1) (render: 1:127) (0:16050 frames) (1:50364)
D/SFPerfTracer(  274):        layers: (4:9) (DimLayer: 0:25)* (DimLayer: 0:4)* (FocusedStackFrame: 0:656)* (StatusBar: 0:5179) (NavigationBar: 0:5051) (com.android.wallpaper.fall.FallWallpaper: 1:13649) (DimLayer: 0:541)* (DimLayer: 0:129)* (com.android.launcher/com.android.launcher2.Launcher: 0:185) 
I/SFPerfTracer(  274):      triggers: (rate: 30:1064) (compose: 0:9) (post: 0:1) (render: 1:127) (0:16050 frames) (1:50464)
D/SFPerfTracer(  274):        layers: (4:9) (DimLayer: 0:25)* (DimLayer: 0:4)* (FocusedStackFrame: 0:656)* (StatusBar: 0:5180) (NavigationBar: 0:5051) (com.android.wallpaper.fall.FallWallpaper: 0:13674) (DimLayer: 0:541)* (DimLayer: 0:129)* (com.android.launcher/com.android.launcher2.Launcher: 1:284) 
I/ActivityManager( 1025): START u0 {act=android.intent.action.MAIN cat=[android.intent.category.LAUNCHER] flg=0x10200000 cmp=com.giftme.fb_auth/.FB_Auth bnds=[360,385][520,585]} from pid 1340
W/ContextImpl( 1295): Calling a method in the system process without a qualified user: android.app.ContextImpl.sendBroadcast:1252 android.content.ContextWrapper.sendBroadcast:365 com.motorola.motocare.util.TriggerHelper$TriggerBuilder.send:76 com.motorola.motocare.internal.frameworkevents.PauseResumeTrigger.handleFrameworkEvent:53 com.motorola.motocare.internal.frameworkevents.FwEventMonitor$FrameworkListener.processFrameworkEvent:114 
I/ActivityManager( 1025): Start proc com.giftme.fb_auth for activity com.giftme.fb_auth/.FB_Auth: pid=20155 uid=10106 gids={50106, 3003, 1028, 1015}
W/ContextImpl( 1295): Calling a method in the system process without a qualified user: android.app.ContextImpl.sendBroadcast:1252 android.content.ContextWrapper.sendBroadcast:365 com.motorola.motocare.util.TriggerHelper$TriggerBuilder.send:76 com.motorola.motocare.internal.frameworkevents.PauseResumeTrigger.handleFrameworkEvent:53 com.motorola.motocare.internal.frameworkevents.FwEventMonitor$FrameworkListener.processFrameworkEvent:114 
I/ActivityManager( 1025): Process com.google.android.gm (pid 19639) has died.
I/LaunchCheckinHandler( 1025): Displayed com.giftme.fb_auth/.FB_Auth,cp,ca,522
I/SFPerfTracer(  274):      triggers: (rate: 30:1064) (compose: 0:9) (post: 0:1) (render: 1:127) (8:16073 frames) (9:50566)
D/SFPerfTracer(  274):        layers: (4:11) (DimLayer: 0:25)* (DimLayer: 0:4)* (FocusedStackFrame: 0:660)* (StatusBar: 0:5200) (NavigationBar: 9:5086) (com.android.wallpaper.fall.FallWallpaper: 0:13696)* (DimLayer: 0:541)* (DimLayer: 0:129)* (com.android.launcher/com.android.launcher2.Launcher: 0:346)* (Starting com.giftme.fb_auth: 9:31) (com.giftme.fb_auth/com.giftme.fb_auth.FB_Auth: 0:4) 
I/ActivityManager( 1025): Process com.google.android.googlequicksearchbox:search (pid 19863) has died.
I/SFPerfTracer(  274):       trigger: vsync rate (-36.161%)	(38.303 vps)	(26.107 ms)* 	(189 drops)	(544 vsyncs)
I/SFPerfTracer(  274):      triggers: (rate: 41:17981) (5795 sw vsyncs) (40741 skipped) (544:56713 vsyncs) (546:69350)
I/ActivityManager( 1025): Process com.evernote.widget (pid 19711) has died.
W/ContextImpl( 1295): Calling a method in the system process without a qualified user: android.app.ContextImpl.sendBroadcast:1252 android.content.ContextWrapper.sendBroadcast:365 com.motorola.motocare.util.TriggerHelper$TriggerBuilder.send:76 com.motorola.motocare.internal.frameworkevents.PauseResumeTrigger.handleFrameworkEvent:53 com.motorola.motocare.internal.frameworkevents.FwEventMonitor$FrameworkListener.processFrameworkEvent:114 
W/ContextImpl( 1295): Calling a method in the system process without a qualified user: android.app.ContextImpl.sendBroadcast:1252 android.content.ContextWrapper.sendBroadcast:365 com.motorola.motocare.util.TriggerHelper$TriggerBuilder.send:76 com.motorola.motocare.internal.frameworkevents.PauseResumeTrigger.handleFrameworkEvent:53 com.motorola.motocare.internal.frameworkevents.FwEventMonitor$FrameworkListener.processFrameworkEvent:114 
I/ActivityManager( 1025): Process com.google.android.partnersetup (pid 19882) has died.
I/ActivityManager( 1025): Process com.devexpert.weather (pid 19488) has died.
I/ActivityManager( 1025): START u0 {act=android.intent.action.MAIN cat=[android.intent.category.LAUNCHER] flg=0x10200000 pkg=co.giftmeapp.gift_me cmp=co.giftmeapp.gift_me/.GiftMe bnds=[520,385][680,585]} from pid 1340
W/ContextImpl( 1295): Calling a method in the system process without a qualified user: android.app.ContextImpl.sendBroadcast:1252 android.content.ContextWrapper.sendBroadcast:365 com.motorola.motocare.util.TriggerHelper$TriggerBuilder.send:76 com.motorola.motocare.internal.frameworkevents.PauseResumeTrigger.handleFrameworkEvent:53 com.motorola.motocare.internal.frameworkevents.FwEventMonitor$FrameworkListener.processFrameworkEvent:114 
I/ActivityManager( 1025): Start proc co.giftmeapp.gift_me for activity co.giftmeapp.gift_me/.GiftMe: pid=20280 uid=10104 gids={50104, 3003, 1028, 1015}
W/ContextImpl( 1295): Calling a method in the system process without a qualified user: android.app.ContextImpl.sendBroadcast:1252 android.content.ContextWrapper.sendBroadcast:365 com.motorola.motocare.util.TriggerHelper$TriggerBuilder.send:76 com.motorola.motocare.internal.frameworkevents.PauseResumeTrigger.handleFrameworkEvent:53 com.motorola.motocare.internal.frameworkevents.FwEventMonitor$FrameworkListener.processFrameworkEvent:114 
I/LaunchCheckinHandler( 1025): Displayed co.giftmeapp.gift_me/.GiftMe,cp,ca,412
I/SFPerfTracer(  274):      triggers: (rate: 30:1066) (compose: 0:9) (post: 0:1) (render: 1:127) (0:16140 frames) (1:50666)
D/SFPerfTracer(  274):        layers: (3:13) (DimLayer: 0:25)* (DimLayer: 0:4)* (FocusedStackFrame: 1:667)* (StatusBar: 0:5238) (NavigationBar: 1:5139) (com.android.wallpaper.fall.FallWallpaper: 0:13716)* (DimLayer: 0:541)* (DimLayer: 0:129)* (Starting com.giftme.fb_auth: 0:32)* (com.giftme.fb_auth/com.giftme.fb_auth.FB_Auth: 0:53)* (com.android.launcher/com.android.launcher2.Launcher: 0:15)* (Starting co.giftmeapp.gift_me: 0:21) (co.giftmeapp.gift_me/co.giftmeapp.gift_me.GiftMe: 0:5)* 
I/SFPerfTracer(  274):      triggers: (rate: 41:17988) (5795 sw vsyncs) (40793 skipped) (86:56853 vsyncs) (88:69509)
I/SFPerfTracer(  274):      triggers: (rate: 41:17988) (5795 sw vsyncs) (40793 skipped) (17:56937 vsyncs) (19:69616)
V/AlarmManager( 1025): sending alarm Alarm{42d057c0 type 3 android}
I/SFPerfTracer(  274):      triggers: (rate: 30:1075) (compose: 0:9) (post: 0:1) (render: 1:127) (6:16218 frames) (7:50769)
D/SFPerfTracer(  274):        layers: (4:11) (DimLayer: 0:25)* (DimLayer: 0:4)* (FocusedStackFrame: 0:669)* (StatusBar: 0:5243) (NavigationBar: 0:5157) (com.android.wallpaper.fall.FallWallpaper: 0:13716)* (DimLayer: 0:541)* (DimLayer: 0:129)* (Starting co.giftmeapp.gift_me: 0:31)* (co.giftmeapp.gift_me/co.giftmeapp.gift_me.GiftMe: 0:40) (: 7:54) 
I/SFPerfTracer(  274):      triggers: (rate: 41:17988) (5795 sw vsyncs) (40793 skipped) (5:57023 vsyncs) (7:69722)
W/ContextImpl( 1295): Calling a method in the system process without a qualified user: android.app.ContextImpl.sendBroadcast:1252 android.content.ContextWrapper.sendBroadcast:365 com.motorola.motocare.util.TriggerHelper$TriggerBuilder.send:76 com.motorola.motocare.internal.frameworkevents.ProcessKillTrigger.sendTrigger:147 com.motorola.motocare.internal.frameworkevents.ProcessKillTrigger.handleLmkKill:337 
W/ContextImpl( 1295): Calling a method in the system process without a qualified user: android.app.ContextImpl.sendBroadcast:1252 android.content.ContextWrapper.sendBroadcast:365 com.motorola.motocare.util.TriggerHelper$TriggerBuilder.send:76 com.motorola.motocare.internal.frameworkevents.ProcessKillTrigger.sendTrigger:147 com.motorola.motocare.internal.frameworkevents.ProcessKillTrigger.handleLmkKill:337 
W/ContextImpl( 1295): Calling a method in the system process without a qualified user: android.app.ContextImpl.sendBroadcast:1252 android.content.ContextWrapper.sendBroadcast:365 com.motorola.motocare.util.TriggerHelper$TriggerBuilder.send:76 com.motorola.motocare.internal.frameworkevents.ProcessKillTrigger.sendTrigger:147 com.motorola.motocare.internal.frameworkevents.ProcessKillTrigger.handleLmkKill:337 
W/ContextImpl( 1295): Calling a method in the system process without a qualified user: android.app.ContextImpl.sendBroadcast:1252 android.content.ContextWrapper.sendBroadcast:365 com.motorola.motocare.util.TriggerHelper$TriggerBuilder.send:76 com.motorola.motocare.internal.frameworkevents.ProcessKillTrigger.sendTrigger:147 com.motorola.motocare.internal.frameworkevents.ProcessKillTrigger.handleLmkKill:337 
W/ContextImpl( 1295): Calling a method in the system process without a qualified user: android.app.ContextImpl.sendBroadcast:1252 android.content.ContextWrapper.sendBroadcast:365 com.motorola.motocare.util.TriggerHelper$TriggerBuilder.send:76 com.motorola.motocare.internal.frameworkevents.ProcessKillTrigger.sendTrigger:147 com.motorola.motocare.internal.frameworkevents.ProcessKillTrigger.handleLmkKill:337 
W/ContextImpl( 1295): Calling a method in the system process without a qualified user: android.app.ContextImpl.sendBroadcast:1252 android.content.ContextWrapper.sendBroadcast:365 com.motorola.motocare.util.TriggerHelper$TriggerBuilder.send:76 com.motorola.motocare.internal.frameworkevents.ProcessKillTrigger.sendTrigger:147 com.motorola.motocare.internal.frameworkevents.ProcessKillTrigger.handleLmkKill:337 
W/ContextImpl( 1295): Calling a method in the system process without a qualified user: android.app.ContextImpl.sendBroadcast:1252 android.content.ContextWrapper.sendBroadcast:365 com.motorola.motocare.util.TriggerHelper$TriggerBuilder.send:76 com.motorola.motocare.internal.frameworkevents.ProcessKillTrigger.sendTrigger:147 com.motorola.motocare.internal.frameworkevents.ProcessKillTrigger.handleLmkKill:337 
I/PowerManagerService( 1025): Going to sleep by user request...
W/ContextImpl( 1295): Calling a method in the system process without a qualified user: android.app.ContextImpl.sendBroadcast:1252 android.content.ContextWrapper.sendBroadcast:365 com.motorola.motocare.util.TriggerHelper$TriggerBuilder.send:76 com.motorola.motocare.internal.frameworkevents.PauseResumeTrigger.handleFrameworkEvent:53 com.motorola.motocare.internal.frameworkevents.FwEventMonitor$FrameworkListener.processFrameworkEvent:114 
W/ContextImpl( 1295): Calling a method in the system process without a qualified user: android.app.ContextImpl.startService:1608 android.content.ContextWrapper.startService:494 android.content.ContextWrapper.startService:494 com.motorola.motocare.internal.batterystats.BatteryStatsAction.onReceive:33 android.app.ActivityThread.handleReceiver:2434 
V/AlarmManager( 1025): sending alarm Alarm{42bf5318 type 3 com.devexpert.weather}
I/ActivityManager( 1025): Start proc com.devexpert.weather for broadcast com.devexpert.weather/.view.WidgetWeather2x1: pid=20446 uid=10112 gids={50112, 3003, 1028, 1015}
V/AlarmManager( 1025): sending alarm Alarm{42bf1660 type 2 com.facebook.katana}
W/ProcessCpuTracker( 1025): Skipping unknown process pid 20445
W/ProcessCpuTracker( 1025): Skipping unknown process pid 20460
W/ProcessCpuTracker( 1025): Skipping unknown process pid 20461
W/ProcessCpuTracker( 1025): Skipping unknown process pid 20462
W/ProcessCpuTracker( 1025): Skipping unknown process pid 20463
W/ProcessCpuTracker( 1025): Skipping unknown process pid 20466
V/AlarmManager( 1025): sending alarm Alarm{428fdae0 type 2 com.facebook.katana}
V/AlarmManager( 1025): sending alarm Alarm{42ca1390 type 2 com.google.android.gms}
V/AlarmManager( 1025): sending alarm Alarm{42b27d48 type 2 com.whatsapp}
V/AlarmManager( 1025): sending alarm Alarm{42c91028 type 3 android}
V/AlarmManager( 1025): sending alarm Alarm{42c91100 type 3 com.devexpert.weather}
V/AlarmManager( 1025): sending alarm Alarm{42bb6b60 type 3 android}
V/AlarmManager( 1025): sending alarm Alarm{42d3fb58 type 2 com.google.android.gms}
V/AlarmManager( 1025): sending alarm Alarm{42d3fc30 type 3 com.devexpert.weather}
V/AlarmManager( 1025): sending alarm Alarm{42d3fc80 type 1 com.android.deskclock}
I/ActivityManager( 1025): Start proc com.android.deskclock for broadcast com.android.deskclock/com.android.alarmclock.DigitalAppWidgetProvider: pid=20625 uid=10015 gids={50015, 1028}
I/ActivityManager( 1025): Process com.distilledmedia.thescore (pid 20045) has died.
V/AlarmManager( 1025): sending alarm Alarm{42d3fcd0 type 2 com.facebook.katana}
V/AlarmManager( 1025): sending alarm Alarm{41fd0328 type 3 android}
V/AlarmManager( 1025): sending alarm Alarm{43225590 type 3 com.devexpert.weather}
V/AlarmManager( 1025): sending alarm Alarm{42c0ad50 type 3 android}
V/AlarmManager( 1025): sending alarm Alarm{4336de88 type 2 com.google.android.gms}
V/AlarmManager( 1025): sending alarm Alarm{41fe2470 type 3 com.devexpert.weather}
V/AlarmManager( 1025): sending alarm Alarm{4336df38 type 2 com.google.android.gms}
V/AlarmManager( 1025): sending alarm Alarm{41fcede0 type 2 com.google.android.gms}
V/AlarmManager( 1025): sending alarm Alarm{4336df88 type 1 com.motorola.motocare}
D/WifiService( 1025): acquireWifiLockLocked: WifiLock{NlpWifiLock type=2 binder=android.os.BinderProxy@42c78458}
W/ContextImpl( 1295): Calling a method in the system process without a qualified user: android.app.ContextImpl.startService:1608 android.content.ContextWrapper.startService:494 android.content.ContextWrapper.startService:494 com.motorola.motocare.internal.batterystats.BatteryStatsAction.onReceive:33 android.app.ActivityThread.handleReceiver:2434 
D/ConnectivityService( 1025): handleInetConditionHoldEnd: net=1, condition=100, published condition=100
V/AlarmManager( 1025): sending alarm Alarm{42b5b918 type 2 com.google.android.gms}
D/WifiService( 1025): releaseWifiLockLocked: WifiLock{NlpWifiLock type=2 binder=android.os.BinderProxy@42c78458}
V/AlarmManager( 1025): sending alarm Alarm{43908670 type 3 android}
V/AlarmManager( 1025): sending alarm Alarm{42ad5180 type 3 com.devexpert.weather}
V/AlarmManager( 1025): sending alarm Alarm{42c9d3f0 type 3 android}
V/AlarmManager( 1025): sending alarm Alarm{43253e68 type 3 com.devexpert.weather}
D/WifiService( 1025): acquireWifiLockLocked: WifiLock{NlpWifiLock type=2 binder=android.os.BinderProxy@42a0eba8}
V/AlarmManager( 1025): sending alarm Alarm{42ad5240 type 2 android}
I/ActivityManager( 1025): Start proc com.google.android.apps.plus for service com.google.android.apps.plus/.service.EsSyncAdapterService: pid=20702 uid=10090 gids={50090, 3003, 3002, 1028, 1015}
D/WifiService( 1025): releaseWifiLockLocked: WifiLock{NlpWifiLock type=2 binder=android.os.BinderProxy@42a0eba8}
I/ActivityManager( 1025): Start proc android.process.media for content provider com.android.providers.media/.MediaProvider: pid=20724 uid=10018 gids={50018, 1028, 1015, 1023, 1024, 2001, 3003, 3007}
I/openssl (20724): Crypto mode not selected, openssl will run on its regular mode.
I/openssl (20724): Crypto mode 0 already enabled
I/ActivityManager( 1025): Process com.giftme.fb_auth (pid 20155) has died.
I/ActivityManager( 1025): Process com.linkedin.android (pid 20003) has died.
V/AlarmManager( 1025): sending alarm Alarm{42b5f8b0 type 3 android}
V/AlarmManager( 1025): sending alarm Alarm{42b53480 type 3 com.devexpert.weather}
V/AlarmManager( 1025): sending alarm Alarm{42b3d3f8 type 2 android}
V/AlarmManager( 1025): sending alarm Alarm{42019fb0 type 3 android}
V/AlarmManager( 1025): sending alarm Alarm{42b3c810 type 2 com.google.android.gms}
V/AlarmManager( 1025): sending alarm Alarm{42b3b1a8 type 2 com.google.android.gms}
V/AlarmManager( 1025): sending alarm Alarm{42016f10 type 3 com.devexpert.weather}
V/AlarmManager( 1025): sending alarm Alarm{42b3a990 type 0 com.viber.voip}
D/ConnectivityService( 1025): handleInetConditionHoldEnd: net=1, condition=100, published condition=100
V/AlarmManager( 1025): sending alarm Alarm{42c2e280 type 3 android}
V/AlarmManager( 1025): sending alarm Alarm{42c1e000 type 3 com.devexpert.weather}
V/AlarmManager( 1025): sending alarm Alarm{42c12e98 type 2 android}
D/ConnectivityService( 1025): Sampling interval elapsed, updating statistics ..
D/ConnectivityService( 1025): Done.
D/ConnectivityService( 1025): Setting timer for 720seconds
V/AlarmManager( 1025): sending alarm Alarm{4299a4f0 type 3 android}
V/AlarmManager( 1025): sending alarm Alarm{42cc5dc8 type 3 com.devexpert.weather}
I/PowerManagerService( 1025): Waking up from sleep...
I/WindowManager( 1025): Lock screen displayed!
D/DisplayPowerController( 1025): Unblocked screen on after 33400914 ms
I/SFPerfTracer(  274):      triggers: (rate: 41:17988) (5906 sw vsyncs) (40796 skipped) (0:57109 vsyncs) (111:69933)
D/WifiService( 1025): acquireWifiLockLocked: WifiLock{NlpWifiLock type=2 binder=android.os.BinderProxy@42c666b8}
D/WifiService( 1025): releaseWifiLockLocked: WifiLock{NlpWifiLock type=2 binder=android.os.BinderProxy@42c666b8}
W/ContextImpl( 1295): Calling a method in the system process without a qualified user: android.app.ContextImpl.sendBroadcast:1252 android.content.ContextWrapper.sendBroadcast:365 com.motorola.motocare.util.TriggerHelper$TriggerBuilder.send:76 com.motorola.motocare.internal.frameworkevents.PauseResumeTrigger.handleFrameworkEvent:53 com.motorola.motocare.internal.frameworkevents.FwEventMonitor$FrameworkListener.processFrameworkEvent:114 
D/UsbDeviceManager( 1025): MSG_USER_PRESENT
I/SFPerfTracer(  274):      triggers: (rate: 30:1082) (compose: 0:9) (post: 0:1) (render: 1:127) (42:16294 frames) (43:50887)
D/SFPerfTracer(  274):        layers: (4:12) (DimLayer: 0:25)* (DimLayer: 0:4)* (FocusedStackFrame: 0:670)* (StatusBar: 0:5256) (NavigationBar: 1:5177) (com.android.wallpaper.fall.FallWallpaper: 13:13731) (DimLayer: 0:541)* (DimLayer: 0:129)* (co.giftmeapp.gift_me/co.giftmeapp.gift_me.GiftMe: 0:45)* (: 0:60)* (ElectronBeam: 0:27)* (Keyguard: 38:46) 
W/InputMethodManagerService( 1025): Window already focused, ignoring focus gain of: com.android.internal.view.IInputMethodClient$Stub$Proxy@41fdef08 attribute=android.view.inputmethod.EditorInfo@42b30608, token = android.os.BinderProxy@42646160
I/ActivityManager( 1025): Start proc com.linkedin.android for broadcast com.linkedin.android/.appwidget.ResponsiveWidgetService$ActiveUserListener: pid=20848 uid=10123 gids={50123, 3003, 1028, 1015}
I/ActivityManager( 1025): Start proc com.distilledmedia.thescore for broadcast com.distilledmedia.thescore/com.parse.ParseBroadcastReceiver: pid=20888 uid=10138 gids={50138, 3003, 1028, 1015}
W/ContextImpl( 1295): Calling a method in the system process without a qualified user: android.app.ContextImpl.startService:1608 android.content.ContextWrapper.startService:494 android.content.ContextWrapper.startService:494 com.motorola.motocare.internal.batterystats.BatteryStatsAction.onReceive:33 android.app.ActivityThread.handleReceiver:2434 
V/DeadZone( 1119): consuming errant click: (5.991678,12.065552)
I/ActivityManager( 1025): Process com.google.android.apps.plus (pid 20702) has died.
I/SFPerfTracer(  274):      triggers: (rate: 41:17989) (5906 sw vsyncs) (40847 skipped) (129:57238 vsyncs) (131:70065)
V/UsbDeviceManager( 1025): USB UEVENT: {USB_STATE=CONNECTED, SUBSYSTEM=android_usb, DEVPATH=/devices/virtual/android_usb/android0, SEQNUM=10637, ACTION=change}
V/UsbDeviceManager( 1025): USB UEVENT: {USB_STATE=DISCONNECTED, SUBSYSTEM=android_usb, DEVPATH=/devices/virtual/android_usb/android0, SEQNUM=10638, ACTION=change}
D/UsbDeviceManager( 1025): broadcasting Intent { act=android.hardware.usb.action.USB_STATE flg=0x20000000 (has extras) } connected: true configured: false
V/UsbDeviceManager( 1025): USB UEVENT: {USB_STATE=CONNECTED, SUBSYSTEM=android_usb, DEVPATH=/devices/virtual/android_usb/android0, SEQNUM=10640, ACTION=change}
D/UsbDeviceManager( 1025): broadcasting Intent { act=android.hardware.usb.action.USB_STATE flg=0x20000000 (has extras) } connected: true configured: false
V/UsbDeviceManager( 1025): USB UEVENT: {USB_STATE=CONFIGURED, SUBSYSTEM=android_usb, DEVPATH=/devices/virtual/android_usb/android0, SEQNUM=10645, ACTION=change}
D/UsbDeviceManager( 1025): broadcasting Intent { act=android.hardware.usb.action.USB_STATE flg=0x20000000 (has extras) } connected: true configured: true
I/EntropyMixer( 1025): Writing entropy...
I/ActivityManager( 1025): Start proc com.google.android.apps.uploader for broadcast com.google.android.apps.uploader/com.google.android.picasasync.BatteryReceiver: pid=21001 uid=10079 gids={50079, 3003, 1028, 1015}
I/ActivityManager( 1025): Start proc com.google.android.apps.plus for broadcast com.google.android.apps.plus/.service.BatteryReceiver: pid=21027 uid=10090 gids={50090, 3003, 3002, 1028, 1015}
I/ActivityManager( 1025): Process com.devexpert.weather (pid 20446) has died.
I/ActivityManager( 1025): Process com.android.deskclock (pid 20625) has died.
I/ActivityManager( 1025): Start proc com.motorola.genie for broadcast com.motorola.genie/.prefetch.PowerStatusReceiver: pid=21048 uid=10026 gids={50026, 3003, 1028, 1015}
I/ActivityManager( 1025): Process com.linkedin.android (pid 20848) has died.
W/Vold    (  261): Returning OperationFailed - no handler for errno 30
W/Vold    (  261): Returning OperationFailed - no handler for errno 30
I/ActivityManager( 1025): Start proc com.android.chrome for broadcast com.android.chrome/com.google.android.apps.chrome.precache.PrecacheServiceLauncher: pid=21070 uid=10057 gids={50057, 3003, 1028, 1015}
W/ContextImpl( 1295): Calling a method in the system process without a qualified user: android.app.ContextImpl.startService:1608 android.content.ContextWrapper.startService:494 android.content.ContextWrapper.startService:494 com.motorola.motocare.internal.batterystats.BatteryStatsAction.onReceive:33 android.app.ActivityThread.handleReceiver:2434 
I/SFPerfTracer(  274):      triggers: (rate: 41:17989) (5906 sw vsyncs) (40847 skipped) (42:57329 vsyncs) (44:70172)
I/ActivityManager( 1025): Start proc com.google.android.googlequicksearchbox:search for broadcast com.google.android.googlequicksearchbox/com.google.android.search.core.UdcSettingBroadcastReceiver: pid=21085 uid=10045 gids={50045, 3003, 3001, 1028, 3002, 1015}
I/ActivityManager( 1025): Process com.distilledmedia.thescore (pid 20888) has died.
I/ActivityManager( 1025): Start proc com.google.android.partnersetup for content provider com.google.android.partnersetup/.RlzAppProvider: pid=21100 uid=10025 gids={50025, 3003}
I/ActivityManager( 1025): Start proc com.google.android.apps.maps for broadcast com.google.android.apps.maps/com.google.android.apps.gmm.iamhere.ble.StartBleServiceReceiver: pid=21120 uid=10064 gids={50064, 3003, 1028, 1015, 3002, 3001}
I/ActivityManager( 1025): Process com.google.android.apps.plus (pid 21027) has died.
W/ActivityThread(21120): ClassLoader.loadClass: The class loader returned by Thread.getContextClassLoader() may fail for processes that host multiple applications. You should explicitly specify a context class loader. For example: Thread.setContextClassLoader(getClass().getClassLoader());
I/ActivityManager( 1025): Process com.android.chrome (pid 21070) has died.
I/ActivityManager( 1025): Process com.google.android.apps.uploader (pid 21001) has died.
I/ActivityManager( 1025): Process com.motorola.genie (pid 21048) has died.
I/SFPerfTracer(  274):      triggers: (rate: 30:1084) (compose: 0:9) (post: 0:1) (render: 1:127) (33:16394 frames) (34:51009)
D/SFPerfTracer(  274):        layers: (3:10) (DimLayer: 0:25)* (DimLayer: 0:4)* (FocusedStackFrame: 0:672)* (StatusBar: 34:5354) (NavigationBar: 0:5213) (com.android.wallpaper.fall.FallWallpaper: 0:13736)* (DimLayer: 0:541)* (DimLayer: 0:133)* (co.giftmeapp.gift_me/co.giftmeapp.gift_me.GiftMe: 0:59) (Keyguard: 0:59)* 
I/SFPerfTracer(  274):      triggers: (rate: 41:17989) (5906 sw vsyncs) (40847 skipped) (42:57425 vsyncs) (44:70276)
I/PackageManager( 1025): Adding preferred activity ComponentInfo{com.android.mms/com.android.mms.ui.ComposeMessageActivity} for user 0 :
I/PackageManager( 1025): Adding preferred activity ComponentInfo{com.android.mms/com.android.mms.ui.ComposeMessageActivity} for user 0 :
I/PackageManager( 1025): Adding preferred activity ComponentInfo{com.android.mms/com.android.mms.ui.ComposeMessageActivity} for user 0 :
I/ActivityManager( 1025): Start proc com.motorola.MotGallery2 for broadcast com.motorola.MotGallery2/com.android.gallery3d.app.PackagesMonitor: pid=21196 uid=10034 gids={50034, 3003, 1028, 1015}
I/PackageManager( 1025): Adding preferred activity ComponentInfo{com.android.mms/com.android.mms.ui.ComposeMessageActivity} for user 0 :
I/PackageManager( 1025): Adding preferred activity ComponentInfo{com.android.mms/com.android.mms.ui.ComposeMessageActivity} for user 0 :
I/PackageManager( 1025): Adding preferred activity ComponentInfo{com.android.mms/com.android.mms.ui.ComposeMessageActivity} for user 0 :
V/AlarmManager( 1025): sending alarm Alarm{429884d8 type 0 com.google.android.googlequicksearchbox}
I/PackageManager( 1025): Adding preferred activity ComponentInfo{com.android.mms/com.android.mms.ui.ComposeMessageActivity} for user 0 :
I/PackageManager( 1025): Adding preferred activity ComponentInfo{com.android.mms/com.android.mms.ui.ComposeMessageActivity} for user 0 :
I/ActivityManager( 1025): Start proc com.google.android.apps.plus for broadcast com.google.android.apps.plus/.service.PackagesMediaMonitor: pid=21219 uid=10090 gids={50090, 3003, 3002, 1028, 1015}
I/ActivityManager( 1025): Process com.google.android.partnersetup (pid 21100) has died.
I/ActivityManager( 1025): Process com.google.android.apps.maps (pid 21120) has died.
V/AlarmManager( 1025): sending alarm Alarm{42b63418 type 3 android}
I/SFPerfTracer(  274):      triggers: (rate: 41:17989) (5906 sw vsyncs) (40847 skipped) (17:57509 vsyncs) (19:70379)
D/ConnectivityService( 1025): handleInetConditionHoldEnd: net=1, condition=100, published condition=100
I/ActivityManager( 1025): Start proc com.google.android.gm for service com.google.android.gm/.provider.MailSyncAdapterService: pid=21262 uid=10065 gids={50065, 3003, 1028, 1015}
D/ActivityThread(21262): Loading provider com.google.android.gmail.provider;com.android.mail.notifier;com.google.android.gm.email.provider;com.google.android.gm.email.notifier: com.android.email.provider.EmailProvider
W/ActivityManager( 1025): Unable to start service Intent { act=com.google.android.gm.email.EXCHANGE_INTENT pkg=com.google.android.gm.exchange } U=0: not found
W/ActivityManager( 1025): Unable to start service Intent { act=com.google.android.gm.email.EXCHANGE_INTENT pkg=com.google.android.gm.exchange } U=0: not found
W/ActivityManager( 1025): Unable to start service Intent { act=com.google.android.gm.email.EXCHANGE_INTENT pkg=com.google.android.gm.exchange } U=0: not found
W/ActivityManager( 1025): Unable to start service Intent { cmp=com.google.android.gm/com.android.email.service.AttachmentService } U=0: not found
W/ActivityManager( 1025): Unable to start service Intent { act=com.google.android.gm.email.EXCHANGE_INTENT pkg=com.google.android.gm.exchange } U=0: not found
I/SFPerfTracer(  274):      triggers: (rate: 41:17989) (5906 sw vsyncs) (40847 skipped) (17:57595 vsyncs) (19:70484)
I/ActivityManager( 1025): Process com.motorola.MotGallery2 (pid 21196) has died.
W/ContextImpl( 1295): Calling a method in the system process without a qualified user: android.app.ContextImpl.sendBroadcast:1252 android.content.ContextWrapper.sendBroadcast:365 com.motorola.motocare.util.TriggerHelper$TriggerBuilder.send:76 com.motorola.motocare.internal.frameworkevents.ProcessKillTrigger.sendTrigger:147 com.motorola.motocare.internal.frameworkevents.ProcessKillTrigger.handleLmkKill:337 
W/ContextImpl( 1295): Calling a method in the system process without a qualified user: android.app.ContextImpl.sendBroadcast:1252 android.content.ContextWrapper.sendBroadcast:365 com.motorola.motocare.util.TriggerHelper$TriggerBuilder.send:76 com.motorola.motocare.internal.frameworkevents.ProcessKillTrigger.sendTrigger:147 com.motorola.motocare.internal.frameworkevents.ProcessKillTrigger.handleLmkKill:337 
W/ContextImpl( 1295): Calling a method in the system process without a qualified user: android.app.ContextImpl.sendBroadcast:1252 android.content.ContextWrapper.sendBroadcast:365 com.motorola.motocare.util.TriggerHelper$TriggerBuilder.send:76 com.motorola.motocare.internal.frameworkevents.ProcessKillTrigger.sendTrigger:147 com.motorola.motocare.internal.frameworkevents.ProcessKillTrigger.handleLmkKill:337 
W/ContextImpl( 1295): Calling a method in the system process without a qualified user: android.app.ContextImpl.sendBroadcast:1252 android.content.ContextWrapper.sendBroadcast:365 com.motorola.motocare.util.TriggerHelper$TriggerBuilder.send:76 com.motorola.motocare.internal.frameworkevents.ProcessKillTrigger.sendTrigger:147 com.motorola.motocare.internal.frameworkevents.ProcessKillTrigger.handleLmkKill:337 
W/ContextImpl( 1295): Calling a method in the system process without a qualified user: android.app.ContextImpl.sendBroadcast:1252 android.content.ContextWrapper.sendBroadcast:365 com.motorola.motocare.util.TriggerHelper$TriggerBuilder.send:76 com.motorola.motocare.internal.frameworkevents.ProcessKillTrigger.sendTrigger:147 com.motorola.motocare.internal.frameworkevents.ProcessKillTrigger.handleLmkKill:337 
W/ContextImpl( 1295): Calling a method in the system process without a qualified user: android.app.ContextImpl.sendBroadcast:1252 android.content.ContextWrapper.sendBroadcast:365 com.motorola.motocare.util.TriggerHelper$TriggerBuilder.send:76 com.motorola.motocare.internal.frameworkevents.ProcessKillTrigger.sendTrigger:147 com.motorola.motocare.internal.frameworkevents.ProcessKillTrigger.handleLmkKill:337 
W/ContextImpl( 1295): Calling a method in the system process without a qualified user: android.app.ContextImpl.sendBroadcast:1252 android.content.ContextWrapper.sendBroadcast:365 com.motorola.motocare.util.TriggerHelper$TriggerBuilder.send:76 com.motorola.motocare.internal.frameworkevents.ProcessKillTrigger.sendTrigger:147 com.motorola.motocare.internal.frameworkevents.ProcessKillTrigger.handleLmkKill:337 
W/ContextImpl( 1295): Calling a method in the system process without a qualified user: android.app.ContextImpl.sendBroadcast:1252 android.content.ContextWrapper.sendBroadcast:365 com.motorola.motocare.util.TriggerHelper$TriggerBuilder.send:76 com.motorola.motocare.internal.frameworkevents.ProcessKillTrigger.sendTrigger:147 com.motorola.motocare.internal.frameworkevents.ProcessKillTrigger.handleLmkKill:337 
W/ContextImpl( 1295): Calling a method in the system process without a qualified user: android.app.ContextImpl.sendBroadcast:1252 android.content.ContextWrapper.sendBroadcast:365 com.motorola.motocare.util.TriggerHelper$TriggerBuilder.send:76 com.motorola.motocare.internal.frameworkevents.ProcessKillTrigger.sendTrigger:147 com.motorola.motocare.internal.frameworkevents.ProcessKillTrigger.handleLmkKill:337 
W/ContextImpl( 1295): Calling a method in the system process without a qualified user: android.app.ContextImpl.sendBroadcast:1252 android.content.ContextWrapper.sendBroadcast:365 com.motorola.motocare.util.TriggerHelper$TriggerBuilder.send:76 com.motorola.motocare.internal.frameworkevents.ProcessKillTrigger.sendTrigger:147 com.motorola.motocare.internal.frameworkevents.ProcessKillTrigger.handleLmkKill:337 
W/ContextImpl( 1295): Calling a method in the system process without a qualified user: android.app.ContextImpl.sendBroadcast:1252 android.content.ContextWrapper.sendBroadcast:365 com.motorola.motocare.util.TriggerHelper$TriggerBuilder.send:76 com.motorola.motocare.internal.frameworkevents.ProcessKillTrigger.sendTrigger:147 com.motorola.motocare.internal.frameworkevents.ProcessKillTrigger.handleLmkKill:337 
W/ContextImpl( 1295): Calling a method in the system process without a qualified user: android.app.ContextImpl.sendBroadcast:1252 android.content.ContextWrapper.sendBroadcast:365 com.motorola.motocare.util.TriggerHelper$TriggerBuilder.send:76 com.motorola.motocare.internal.frameworkevents.ProcessKillTrigger.sendTrigger:147 com.motorola.motocare.internal.frameworkevents.ProcessKillTrigger.handleLmkKill:337 
