W/Vold    (  261): Returning OperationFailed - no handler for errno 30
W/ContextImpl(31369): Failed to ensure directory: /storage/sdcard1/Android/data/com.google.android.apps.magazines/cache
I/EsSyncAdapterService(31300): G+ sync (full, periodic) finished. Elapsed time: 226ms
I/NSApplication(31369): Starting up...
I/ImageResourceManager(31300): ImageResourceManager: uninitalized
I/iu.Environment(31300): update connectivity state; isNetworkMetered? false, isRoaming? false, isBackgroundDataAllowed? true
I/ActivityManager( 1016): Killing 30609:com.imangi.templerun2/u0a111 (adj 15): empty #9
W/ContextImpl( 1231): Calling a method in the system process without a qualified user: android.app.ContextImpl.sendBroadcast:1252 android.content.ContextWrapper.sendBroadcast:365 com.motorola.motocare.util.TriggerHelper$TriggerBuilder.send:76 com.motorola.motocare.internal.frameworkevents.ProcessKillTrigger.sendTrigger:147 com.motorola.motocare.internal.frameworkevents.ProcessKillTrigger.handleFrameworkEvent:164 
D/GCM     (30376): GcmService start Intent { act=android.net.conn.CONNECTIVITY_CHANGE flg=0x4000010 cmp=com.google.android.gms/.gcm.GcmService (has extras) } android.net.conn.CONNECTIVITY_CHANGE
I/iu.Environment(30409): update connectivity state; isNetworkMetered? false, isRoaming? false, isBackgroundDataAllowed? true
I/ActivityManager( 1016): Start proc com.rhmsoft.fm:crash.feedback for broadcast com.rhmsoft.fm/com.cleanmaster.fm.receiver.ConnectivityChangeBroadcastReceiver: pid=31415 uid=10105 gids={50105, 3003, 1028, 1015}
I/GLSUser (30376): [GLSUser]  extracting token using key:Auth
W/GLSUser (30376): [GLSUser] [GLSUser]  Permission for com.google.android.gms to access AndroidCheckInServer will be managed locally.
W/Settings(31415): Setting android_id has moved from android.provider.Settings.System to android.provider.Settings.Secure, returning read-only value.
I/ActivityManager( 1016): Killing 29065:com.android.packageinstaller/u0a85 (adj 15): empty #9
W/ContextImpl( 1231): Calling a method in the system process without a qualified user: android.app.ContextImpl.sendBroadcast:1252 android.content.ContextWrapper.sendBroadcast:365 com.motorola.motocare.util.TriggerHelper$TriggerBuilder.send:76 com.motorola.motocare.internal.frameworkevents.ProcessKillTrigger.sendTrigger:147 com.motorola.motocare.internal.frameworkevents.ProcessKillTrigger.handleFrameworkEvent:164 
D/dalvikvm(31415): Trying to load lib /data/data/com.rhmsoft.fm/lib/libkcmutil.so 0x4278ff88
I/openssl (25837): Crypto mode not selected, openssl will run on its regular mode.
I/openssl (25837): Crypto mode 0 already enabled
W/linker  (31415): libkcmutil.so has text relocations. This is wasting memory and is a security risk. Please fix.
D/dalvikvm(31415): Added shared lib /data/data/com.rhmsoft.fm/lib/libkcmutil.so 0x4278ff88
E/cutils  (  261): Failed to mkdirat(/storage/sdcard1/Android): Read-only file system
W/Vold    (  261): Returning OperationFailed - no handler for errno 30
W/ContextImpl(31415): Failed to ensure directory: /storage/sdcard1/Android/data/com.rhmsoft.fm/files
E/cutils  (  261): Failed to mkdirat(/storage/sdcard1/Android): Read-only file system
W/Vold    (  261): Returning OperationFailed - no handler for errno 30
D/MobileConnectivityChangeReceiver(31322): onReceive Intent { act=android.net.conn.CONNECTIVITY_CHANGE flg=0x4000010 cmp=com.google.android.setupwizard/.MobileConnectivityChangeReceiver (has extras) }
D/MobileConnectivityChangeReceiver(31322): onReceive CONNECTIVITY_CHANGE networkType=1
W/ContextImpl(31415): Failed to ensure directory: /storage/sdcard1/Android/data/com.rhmsoft.fm/files
E/cutils  (  261): Failed to mkdirat(/storage/sdcard1/Android): Read-only file system
W/Vold    (  261): Returning OperationFailed - no handler for errno 30
W/ContextImpl(31415): Failed to ensure directory: /storage/sdcard1/Android/data/com.rhmsoft.fm/files
E/cutils  (  261): Failed to mkdirat(/storage/sdcard1/Android): Read-only file system
W/Vold    (  261): Returning OperationFailed - no handler for errno 30
W/ContextImpl(31415): Failed to ensure directory: /storage/sdcard1/Android/data/com.rhmsoft.fm/files
I/iu.Environment(31300): update connectivity state; isNetworkMetered? false, isRoaming? false, isBackgroundDataAllowed? true
D/GCM     (30376): GcmService start Intent { act=android.net.conn.CONNECTIVITY_CHANGE flg=0x4000010 cmp=com.google.android.gms/.gcm.GcmService (has extras) } android.net.conn.CONNECTIVITY_CHANGE
I/iu.Environment(30409): update connectivity state; isNetworkMetered? false, isRoaming? false, isBackgroundDataAllowed? true
I/ActivityManager( 1016): Start proc com.google.android.gms.unstable for service com.google.android.gms/.droidguard.DroidGuardService: pid=31438 uid=10022 gids={50022, 3003, 1007, 1028, 1015, 3002, 3001, 3007, 2001, 3006}
E/cutils  (  261): Failed to mkdirat(/storage/sdcard1/Android): Read-only file system
W/Vold    (  261): Returning OperationFailed - no handler for errno 30
W/ContextImpl(31415): Failed to ensure directory: /storage/sdcard1/Android/data/com.rhmsoft.fm/files
D/DEBUG   (30980): Received intent : com.motorola.blur.service.blur.Actions.POLLINGMGR_CONNECTIVITY
E/cutils  (  261): Failed to mkdirat(/storage/sdcard1/Android): Read-only file system
W/Vold    (  261): Returning OperationFailed - no handler for errno 30
W/ContextImpl(31415): Failed to ensure directory: /storage/sdcard1/Android/data/com.rhmsoft.fm/files
W/ContextImpl(30980): Implicit intents with startService are not safe: Intent { act=com.motorola.blur.service.blur.Actions.BIND_WSPROXY_SVC } android.content.ContextWrapper.bindService:517 com.motorola.ccc.notification.GetNotificationsWS.bindWebServices:65 com.motorola.ccc.notification.SundryService.onCreate:1039 
D/GetNotificationsWS(30980): bindWebServices(): registering our AIDL callback...
D/EmailService.MarketingOptInSetter(30980): received com.motorola.blur.service.blur.Actions.POLLINGMGR_CONNECTIVITY
D/GetNotificationsWS(30980): onServiceConnected()
D/GetNotificationsWS(30980): onServiceConnected(): Registered for remote service callbacks...
I/SundryService(30980): onHandleIntent(): action=com.motorola.blur.service.blur.Actions.POLLINGMGR_CONNECTIVITY
D/WaitableIntentService(30980): ServiceHandler.handleMessage: mWaitCount=0
D/DEBUG   (30980): Received intent : com.motorola.blur.service.blur.Actions.POLLINGMGR_CONNECTIVITY
D/GetNotificationsWS(30980): unbindWebServices(): un-registering our AIDL callback...
W/ContextImpl(30980): Implicit intents with startService are not safe: Intent { act=com.motorola.blur.service.blur.Actions.BIND_WSPROXY_SVC } android.content.ContextWrapper.bindService:517 com.motorola.ccc.notification.GetNotificationsWS.bindWebServices:65 com.motorola.ccc.notification.SundryService.onCreate:1039 
D/GetNotificationsWS(30980): bindWebServices(): registering our AIDL callback...
D/EmailService.MarketingOptInSetter(30980): received com.motorola.blur.service.blur.Actions.POLLINGMGR_CONNECTIVITY
I/SundryService(30980): onHandleIntent(): action=com.motorola.blur.service.blur.Actions.POLLINGMGR_CONNECTIVITY
D/GetNotificationsWS(30980): onServiceConnected()
D/GetNotificationsWS(30980): onServiceConnected(): Registered for remote service callbacks...
D/WaitableIntentService(30980): ServiceHandler.handleMessage: mWaitCount=0
D/GetNotificationsWS(30980): unbindWebServices(): un-registering our AIDL callback...
W/dalvikvm(31438): VFY: unable to resolve static field 658 (PR_SET_DUMPABLE) in Landroid/system/OsConstants;
D/dalvikvm(31438): VFY: replacing opcode 0x60 at 0x000b
I/MultiDex(31438): VM with version 1.6.0 does not have multidex support
I/MultiDex(31438): install
I/MultiDex(31438): MultiDexExtractor.load(/data/app/com.google.android.gms-1.apk, false)
I/MultiDex(31438): loading existing secondary dex files
I/MultiDex(31438): load found 3 secondary dex files
I/MultiDex(31438): install done
I/ProviderInstaller(31438): Insert disabled by gate 'gms:security:enable_conscrypt_in_gms_application'
D/GCM     (30376): GcmService start Intent { act=com.google.android.gms.INITIALIZE flg=0x10 pkg=com.google.android.gms cmp=com.google.android.gms/.gcm.GcmService } com.google.android.gms.INITIALIZE
D/AuthorizationBluetoothService(30376): Received GmsCore event: Intent { act=com.google.android.gms.INITIALIZE flg=0x10 pkg=com.google.android.gms cmp=com.google.android.gms/.auth.be.proximity.authorization.bt.AuthorizationBluetoothService$AutoStarter }.
E/AuthorizationBluetoothService(30376): Proximity feature is not enabled.
V/GmsCoreStatsServiceLauncher(30409): Received broadcast intent Intent { act=com.google.android.gms.INITIALIZE flg=0x10 pkg=com.google.android.gms cmp=com.google.android.gms/.common.stats.GmsCoreStatsServiceLauncher }
D/LocationInitializer(30409): Restart initialization of location
E/MDM     (30429): [1275] b.run: Couldn't connect to Google API client: ConnectionResult{statusCode=API_UNAVAILABLE, resolution=null}
I/dalvikvm(31438): Could not find method android.content.pm.PackageManager.getPackageInstaller, referenced from method com.google.android.gms.common.ff.a
W/dalvikvm(31438): VFY: unable to resolve virtual method 479: Landroid/content/pm/PackageManager;.getPackageInstaller ()Landroid/content/pm/PackageInstaller;
D/dalvikvm(31438): VFY: replacing opcode 0x6e at 0x000d
D/WVCdm   (  284): Instantiating CDM.
I/WVCdm   (  284): Level3 Library Nov 20 2013 18:09:31
D/DrmWidevineDash(  284): calling OEMCrypto_Initialize, g_qsee_apps_version = 7
D/DrmWidevineDash(  284): Service_Initialize: widevine DASH app is already open!
D/DrmWidevineDash(  284): OEMCrypto_Initialize sion_buffer g_wv_fhandle->ion_sbuffer  0x0xb4152000
E/DrmWidevineDash(  284): sion_buffer g_wv_fhandle->ion_sbuffer  0x0xb4152000
D/DrmWidevineDash(  284): OEMCrypto_Initialize exit returns 0
D/DrmWidevineDash(  284): calling OEMCrypto_APIVersion...
D/DrmWidevineDash(  284): OEMCrypto_APIVersion = 8
D/DrmWidevineDash(  284): calling OEMCrypto_IsKeyboxValid...
D/DrmWidevineDash(  284): OEMCrypto_IsKeyboxValid returns 0
D/WVCdm   (  284): OEMCrypto_Initialize Level 1 success. I will use level 1.
I/WVCdm   (  284): CdmEngine::OpenSession
D/DrmWidevineDash(  284): calling OEMCrypto_OpenSession...
D/DrmWidevineDash(  284): OEMCrypto_OpenSession SID = 1
D/DrmWidevineDash(  284): OEMCrypto_OpenSession returns 0
D/DrmWidevineDash(  284): calling OEMCrypto_GetRandom...
D/DrmWidevineDash(  284): OEMCrypto_GetRandom returns 0
I/WVCdm   (  284): CdmEngine::QueryKeyControlInfo
I/WVCdm   (  284): CdmEngine::CloseSession
D/DrmWidevineDash(  284): calling OEMCrypto_CloseSession. SID = 1
D/DrmWidevineDash(  284): OEMCrypto_CloseSession returns 0
I/ActivityManager( 1016): Start proc com.facebook.katana for service com.facebook.katana/com.facebook.push.mqtt.service.MqttPushService: pid=31464 uid=10110 gids={50110, 1028, 1015, 3003}
D/dalvikvm(31438): Trying to load lib /data/data/com.google.android.gms/app_dg_cache/681C2F668DCBE4CF20940E2F93EF45FBED1401FE/lib/libdD11BC7B78B49.so 0x4280aec8
D/dalvikvm(31438): Added shared lib /data/data/com.google.android.gms/app_dg_cache/681C2F668DCBE4CF20940E2F93EF45FBED1401FE/lib/libdD11BC7B78B49.so 0x4280aec8
D/dalvikvm(31438): No JNI_OnLoad found in /data/data/com.google.android.gms/app_dg_cache/681C2F668DCBE4CF20940E2F93EF45FBED1401FE/lib/libdD11BC7B78B49.so 0x4280aec8, skipping init
W/dalvikvm(31464): VFY: unable to resolve static field 27745 (a) in Lcom/facebook/katana/app/WorkAppTypes;
D/dalvikvm(31464): VFY: replacing opcode 0x62 at 0x0013
W/dalvikvm(31464): VFY: unable to resolve static field 27746 (b) in Lcom/facebook/katana/app/WorkAppTypes;
D/dalvikvm(31464): VFY: replacing opcode 0x62 at 0x001d
E/dalvikvm(31464): Could not find class 'com.facebook.katana.app.WallpaperFacebookApplicationImpl', referenced from method com.facebook.katana.app.FacebookApplication.a
W/dalvikvm(31464): VFY: unable to resolve new-instance 427 (Lcom/facebook/katana/app/WallpaperFacebookApplicationImpl;) in Lcom/facebook/katana/app/FacebookApplication;
D/dalvikvm(31464): VFY: replacing opcode 0x22 at 0x00a9
D/dalvikvm(31464): DexOpt: unable to opt direct call 0x05a5 at 0xab in Lcom/facebook/katana/app/FacebookApplication;.a
D/CatchMeIfYouCan(31464): Process (<default>) ca: '/data/data/com.facebook.katana/app_cmiyc/A1657CCD543F12E66E587EE52ED9D802E22AAC4701'
D/CatchMeIfYouCan(31464): Process (<default>) fc: '/data/data/com.facebook.katana/app_cmiyc/A1657CCD543F12E66E587EE52ED9D802E22AAC4702'
D/CatchMeIfYouCan(31464): Process (<default>) cp: '('default', 3, 120000, silent [true], restart [false], logout [false])'
D/ACRA    (31464): ACRA is enabled for com.facebook.katana, intializing...
D/ACRA    (31464): Looking for error files in /data/data/com.facebook.katana/app_acra-reports
D/ACRA    (31464): Looking for error files in /data/data/com.facebook.katana/app_minidumps
D/dalvikvm(31464): Trying to load lib /data/app-lib/com.facebook.katana-1/libgnustl_shared.so 0x4279e7e8
D/dalvikvm(31464): Added shared lib /data/app-lib/com.facebook.katana-1/libgnustl_shared.so 0x4279e7e8
D/dalvikvm(31464): No JNI_OnLoad found in /data/app-lib/com.facebook.katana-1/libgnustl_shared.so 0x4279e7e8, skipping init
D/dalvikvm(31464): Trying to load lib /data/app-lib/com.facebook.katana-1/libfb_breakpad_client.so 0x4279e7e8
D/dalvikvm(31464): Added shared lib /data/app-lib/com.facebook.katana-1/libfb_breakpad_client.so 0x4279e7e8
D/dalvikvm(31464): No JNI_OnLoad found in /system/lib/libstdc++.so 0x4279e7e8, skipping init
D/dalvikvm(31464): Trying to load lib /data/app-lib/com.facebook.katana-1/libsigmux.so 0x4279e7e8
D/dalvikvm(31464): Added shared lib /data/app-lib/com.facebook.katana-1/libsigmux.so 0x4279e7e8
D/dalvikvm(31464): No JNI_OnLoad found in /data/app-lib/com.facebook.katana-1/libsigmux.so 0x4279e7e8, skipping init
D/dalvikvm(31464): Trying to load lib /data/app-lib/com.facebook.katana-1/libdistract.so 0x4279e7e8
D/dalvikvm(31464): Added shared lib /data/app-lib/com.facebook.katana-1/libdistract.so 0x4279e7e8
D/dalvikvm(31464): No JNI_OnLoad found in /data/app-lib/com.facebook.katana-1/libdistract.so 0x4279e7e8, skipping init
D/dalvikvm(31464): Trying to load lib /data/app-lib/com.facebook.katana-1/libfb_dalvik-internals.so 0x4279e7e8
D/dalvikvm(31464): Added shared lib /data/app-lib/com.facebook.katana-1/libfb_dalvik-internals.so 0x4279e7e8
V/DexLibLoader(31464): about to lock: /data/data/com.facebook.katana/mdex_lock
V/DexLibLoader(31464): locking /data/data/com.facebook.katana/mdex_lock took 1 ms
V/DexLibLoader(31464): Secondary program dex metadata: secondary-1.dex.jar.xz c0d34653f435a7e59cc5f46e9bd47feaf68b0041 secondary.dex01.Canary
V/DexLibLoader(31464): Secondary program dex metadata: secondary-2.dex.jar.xz 3651d03ae513595a1029ff9eae54d36128fdeb5e secondary.dex02.Canary
V/DexLibLoader(31464): Secondary program dex metadata: secondary-3.dex.jar.xz 020c6d0135a14f0280ede88da3e858d29f1b9ed5 secondary.dex03.Canary
V/DexLibLoader(31464): Secondary program dex metadata: secondary-4.dex.jar.xz 3cf3244a0d1c3e39128f7b89ad90b4842a36a05f secondary.dex04.Canary
V/DexLibLoader(31464): Secondary program dex metadata: secondary-5.dex.jar.xz 666d745bfcb3c0496ae90e343db057d6082ce0c3 secondary.dex05.Canary
V/DexLibLoader(31464): Secondary program dex metadata: secondary-6.dex.jar.xz 0089f1fba5ba3a3fb61d98c516e2bbc2e6adfa05 secondary.dex06.Canary
V/DexLibLoader(31464): Secondary program dex metadata: secondary-7.dex.jar.xz 7cecb34308ef8d54acae00b06e3ade52d8da6d49 secondary.dex07.Canary
V/DexLibLoader(31464): directory "/data/data/com.facebook.katana/app_secondary_program_dex" contains "program-c0d34653f435a7e59cc5f46e9bd47feaf68b00416661a1c7.dex.jar" as expected
V/DexLibLoader(31464): directory "/data/data/com.facebook.katana/app_secondary_program_dex" contains "program-3651d03ae513595a1029ff9eae54d36128fdeb5e6661a1c7.dex.jar" as expected
V/DexLibLoader(31464): directory "/data/data/com.facebook.katana/app_secondary_program_dex" contains "program-020c6d0135a14f0280ede88da3e858d29f1b9ed56661a1c7.dex.jar" as expected
V/DexLibLoader(31464): directory "/data/data/com.facebook.katana/app_secondary_program_dex" contains "program-3cf3244a0d1c3e39128f7b89ad90b4842a36a05f6661a1c7.dex.jar" as expected
V/DexLibLoader(31464): directory "/data/data/com.facebook.katana/app_secondary_program_dex" contains "program-666d745bfcb3c0496ae90e343db057d6082ce0c36661a1c7.dex.jar" as expected
V/DexLibLoader(31464): directory "/data/data/com.facebook.katana/app_secondary_program_dex" contains "program-0089f1fba5ba3a3fb61d98c516e2bbc2e6adfa056661a1c7.dex.jar" as expected
V/DexLibLoader(31464): directory "/data/data/com.facebook.katana/app_secondary_program_dex" contains "program-7cecb34308ef8d54acae00b06e3ade52d8da6d496661a1c7.dex.jar" as expected
D/DexLibLoader(31464): ignoring file "program-c0d34653f435a7e59cc5f46e9bd47feaf68b00416661a1c7.dex.odex" in "/data/data/com.facebook.katana/app_secondary_program_dex"
D/DexLibLoader(31464): ignoring file "program-3651d03ae513595a1029ff9eae54d36128fdeb5e6661a1c7.dex.odex" in "/data/data/com.facebook.katana/app_secondary_program_dex"
D/DexLibLoader(31464): ignoring file "program-020c6d0135a14f0280ede88da3e858d29f1b9ed56661a1c7.dex.odex" in "/data/data/com.facebook.katana/app_secondary_program_dex"
D/DexLibLoader(31464): ignoring file "program-3cf3244a0d1c3e39128f7b89ad90b4842a36a05f6661a1c7.dex.odex" in "/data/data/com.facebook.katana/app_secondary_program_dex"
D/DexLibLoader(31464): ignoring file "program-666d745bfcb3c0496ae90e343db057d6082ce0c36661a1c7.dex.odex" in "/data/data/com.facebook.katana/app_secondary_program_dex"
D/DexLibLoader(31464): ignoring file "program-0089f1fba5ba3a3fb61d98c516e2bbc2e6adfa056661a1c7.dex.odex" in "/data/data/com.facebook.katana/app_secondary_program_dex"
D/DexLibLoader(31464): ignoring file "program-7cecb34308ef8d54acae00b06e3ade52d8da6d496661a1c7.dex.odex" in "/data/data/com.facebook.katana/app_secondary_program_dex"
D/DexLibLoader(31464): directory "/data/data/com.facebook.katana/app_secondary_program_dex" is valid
D/DexLibLoader(31464): ignoring file "primary_deps" in "/data/data/com.facebook.katana/app_secondary_program_dex_opt"
V/DexLibLoader(31464): directory "/data/data/com.facebook.katana/app_secondary_program_dex_opt" contains "program-c0d34653f435a7e59cc5f46e9bd47feaf68b00416661a1c7.dex.dex" as expected
V/DexLibLoader(31464): directory "/data/data/com.facebook.katana/app_secondary_program_dex_opt" contains "program-3651d03ae513595a1029ff9eae54d36128fdeb5e6661a1c7.dex.dex" as expected
V/DexLibLoader(31464): directory "/data/data/com.facebook.katana/app_secondary_program_dex_opt" contains "program-020c6d0135a14f0280ede88da3e858d29f1b9ed56661a1c7.dex.dex" as expected
V/DexLibLoader(31464): directory "/data/data/com.facebook.katana/app_secondary_program_dex_opt" contains "program-3cf3244a0d1c3e39128f7b89ad90b4842a36a05f6661a1c7.dex.dex" as expected
V/DexLibLoader(31464): directory "/data/data/com.facebook.katana/app_secondary_program_dex_opt" contains "program-666d745bfcb3c0496ae90e343db057d6082ce0c36661a1c7.dex.dex" as expected
V/DexLibLoader(31464): directory "/data/data/com.facebook.katana/app_secondary_program_dex_opt" contains "program-0089f1fba5ba3a3fb61d98c516e2bbc2e6adfa056661a1c7.dex.dex" as expected
V/DexLibLoader(31464): directory "/data/data/com.facebook.katana/app_secondary_program_dex_opt" contains "program-7cecb34308ef8d54acae00b06e3ade52d8da6d496661a1c7.dex.dex" as expected
D/DexLibLoader(31464): directory "/data/data/com.facebook.katana/app_secondary_program_dex_opt" is valid
D/DexLibLoader(31464): loading pre-built cross-dex opt odex files
V/dalvik-internals(31464): hooked dvmResolveClass using jump ()
V/dalvik-internals(31464): hooked dvmFlushBreakpoints using jump ()
V/MultiDexClassLoader(31464): installing MultiDexClassLoader before application classloader
I/dalvikvm(31464): Could not find method dalvik.system.DexFile.loadClassBinaryName, referenced from method com.facebook.common.dextricks.DexFileLoadOld.a
W/dalvikvm(31464): VFY: unable to resolve virtual method 2807: Ldalvik/system/DexFile;.loadClassBinaryName (Ljava/lang/String;Ljava/lang/ClassLoader;)Ljava/lang/Class;
D/dalvikvm(31464): VFY: replacing opcode 0x6e at 0x0000
D/DexLibLoader(31464): released odex store lock
D/DexLibLoader(31464): DexLibLoader.loadAll took 20 ms
D/MemoryReductionHack(31464): Marked as initialized entry corresponding to path /data/app/com.facebook.katana-1.apk
D/GcOptimizer(31464): Enabled
V/dalvik-internals(31464): hooked dvmLinearAlloc using jump ()
V/dalvik-internals(31464): hooked dvmLinearRealloc using jump ()
V/dalvik-internals(31464): hooked dvmLinearFree using jump ()
V/dalvik-internals(31464): hooked dvmLinearStrdup using jump ()
V/dalvik-internals(31464): hooked dvmLinearAllocContains using jump ()
I/dalvik-internals(31464): enlarged linearalloc buffer to 33554432 bytes
D/dalvikvm(31438): DexOpt: --- BEGIN 'f.apk' (bootstrap=0) ---
E/cutils  (  261): Failed to mkdirat(/storage/sdcard1/Android): Read-only file system
W/Vold    (  261): Returning OperationFailed - no handler for errno 30
W/ContextImpl(31464): Failed to ensure directory: /storage/sdcard1/Android/data/com.facebook.katana/cache
D/dalvikvm(31464): Trying to load lib /data/app-lib/com.facebook.katana-1/libdextr.so 0x4279e7e8
D/dalvikvm(31464): Added shared lib /data/app-lib/com.facebook.katana-1/libdextr.so 0x4279e7e8
I/Dextr   (31464): LogQueue params desc: IIJIIIJJ
D/dalvikvm(31486): DexOpt: load 4ms, verify+opt 16ms, 128132 bytes
D/dalvikvm(31438): DexOpt: --- END 'f.apk' (success) ---
D/dalvikvm(31438): DEX prep '/data/data/com.google.android.gms/app_fb/f.apk': unzip in 0ms, rewrite 263ms
I/Adreno-EGL(31438): <qeglDrvAPI_eglInitialize:410>: EGL 1.4 QUALCOMM build: AU_LINUX_ANDROID_LNX.LA.3.5.1_RB1.04.04.02.048.018_msm8226_LNX.LA.3.5.1_RB1__release_AU ()
I/Adreno-EGL(31438): OpenGL ES Shader Compiler Version: E031.24.00.08
I/Adreno-EGL(31438): Build Date: 03/07/14 Fri
I/Adreno-EGL(31438): Local Branch: 
I/Adreno-EGL(31438): Remote Branch: quic/LNX.LA.3.5.1_RB1.1
I/Adreno-EGL(31438): Local Patches: NONE
I/Adreno-EGL(31438): Reconstruct Branch: AU_LINUX_ANDROID_LNX.LA.3.5.1_RB1.04.04.02.048.018 + f2fd134 +  NOTHING
W/StaticBindingVerifier(31464): Verify
I/dalvikvm(31464): Could not find method com.facebook.resources.FbResources.getDrawable, referenced from method com.facebook.resources.impl.DownloadedFbResources.getDrawable
W/dalvikvm(31464): VFY: unable to resolve virtual method 46880: Lcom/facebook/resources/FbResources;.getDrawable (ILandroid/content/res/Resources$Theme;)Landroid/graphics/drawable/Drawable;
D/dalvikvm(31464): VFY: replacing opcode 0x6f at 0x0031
D/WifiService( 1016): New client listening to asynchronous messages
I/CheckinRequestBuilder(30409): Classify the device as Phone.
I/CheckinTask(30409): Sending checkin request (5089 bytes)
D/dalvikvm(30409): GC_CONCURRENT freed 1906K, 35% free 12568K/19304K, paused 3ms+5ms, total 48ms
D/dalvikvm(31464): Trying to load lib /data/app-lib/com.facebook.katana-1/libfb.so 0x4279e7e8
D/dalvikvm(31464): Added shared lib /data/app-lib/com.facebook.katana-1/libfb.so 0x4279e7e8
D/dalvikvm(31464): No JNI_OnLoad found in /data/app-lib/com.facebook.katana-1/libfb.so 0x4279e7e8, skipping init
D/dalvikvm(31464): Trying to load lib /data/app-lib/com.facebook.katana-1/libfbjni.so 0x4279e7e8
D/dalvikvm(31464): Added shared lib /data/app-lib/com.facebook.katana-1/libfbjni.so 0x4279e7e8
D/dalvikvm(31464): Trying to load lib /data/app-lib/com.facebook.katana-1/libcares.so 0x4279e7e8
D/dalvikvm(31464): Added shared lib /data/app-lib/com.facebook.katana-1/libcares.so 0x4279e7e8
D/dalvikvm(31464): No JNI_OnLoad found in /data/app-lib/com.facebook.katana-1/libcares.so 0x4279e7e8, skipping init
D/dalvikvm(31464): Trying to load lib /data/app-lib/com.facebook.katana-1/libdouble-conversion.so 0x4279e7e8
D/dalvikvm(31464): Added shared lib /data/app-lib/com.facebook.katana-1/libdouble-conversion.so 0x4279e7e8
D/dalvikvm(31464): No JNI_OnLoad found in /data/app-lib/com.facebook.katana-1/libdouble-conversion.so 0x4279e7e8, skipping init
D/dalvikvm(31464): Trying to load lib /data/app-lib/com.facebook.katana-1/libevent.so 0x4279e7e8
D/dalvikvm(31464): Added shared lib /data/app-lib/com.facebook.katana-1/libevent.so 0x4279e7e8
D/dalvikvm(31464): No JNI_OnLoad found in /data/app-lib/com.facebook.katana-1/libevent.so 0x4279e7e8, skipping init
D/dalvikvm(31464): Trying to load lib /data/app-lib/com.facebook.katana-1/libliger.so 0x4279e7e8
D/dalvikvm(31464): Added shared lib /data/app-lib/com.facebook.katana-1/libliger.so 0x4279e7e8
E/dalvikvm(31464): Could not find class 'org.apache.harmony.xnet.provider.jsse.OpenSSLSocketImpl', referenced from method com.facebook.ssl.openssl.check.CheckOpenSSLImplHasRequiredMethods.<clinit>
W/dalvikvm(31464): VFY: unable to resolve const-class 9937 (Lorg/apache/harmony/xnet/provider/jsse/OpenSSLSocketImpl;) in Lcom/facebook/ssl/openssl/check/CheckOpenSSLImplHasRequiredMethods;
D/dalvikvm(31464): VFY: replacing opcode 0x1c at 0x000d
E/dalvikvm(31464): Could not find class 'org.apache.harmony.xnet.provider.jsse.OpenSSLSocketFactoryImpl', referenced from method com.facebook.ssl.openssl.reflect.SSLParametersGetter.<clinit>
W/dalvikvm(31464): VFY: unable to resolve const-class 9936 (Lorg/apache/harmony/xnet/provider/jsse/OpenSSLSocketFactoryImpl;) in Lcom/facebook/ssl/openssl/reflect/SSLParametersGetter;
D/dalvikvm(31464): VFY: replacing opcode 0x1c at 0x000d
E/dalvikvm(31464): Could not find class 'org.apache.harmony.xnet.provider.jsse.SSLParametersImpl', referenced from method com.facebook.ssl.openssl.reflect.SSLParametersGetter.a
W/dalvikvm(31464): VFY: unable to resolve check-cast 9939 (Lorg/apache/harmony/xnet/provider/jsse/SSLParametersImpl;) in Lcom/facebook/ssl/openssl/reflect/SSLParametersGetter;
D/dalvikvm(31464): VFY: replacing opcode 0x1f at 0x0006
E/dalvikvm(31464): Could not find class 'org.apache.harmony.xnet.provider.jsse.SSLParametersImpl', referenced from method com.facebook.ssl.openssl.reflect.SSLSessionTimeoutSetter.<clinit>
W/dalvikvm(31464): VFY: unable to resolve const-class 9939 (Lorg/apache/harmony/xnet/provider/jsse/SSLParametersImpl;) in Lcom/facebook/ssl/openssl/reflect/SSLSessionTimeoutSetter;
D/dalvikvm(31464): VFY: replacing opcode 0x1c at 0x000d
W/dalvikvm(31464): VFY: unable to find class referenced in signature (Lorg/apache/harmony/xnet/provider/jsse/SSLParametersImpl;)
E/dalvikvm(31464): Could not find class 'org.apache.harmony.xnet.provider.jsse.ClientSessionContext', referenced from method com.facebook.ssl.openssl.reflect.SSLSessionTimeoutSetter.a
W/dalvikvm(31464): VFY: unable to resolve check-cast 9935 (Lorg/apache/harmony/xnet/provider/jsse/ClientSessionContext;) in Lcom/facebook/ssl/openssl/reflect/SSLSessionTimeoutSetter;
D/dalvikvm(31464): VFY: replacing opcode 0x1f at 0x0006
W/dalvikvm(31464): VFY: unable to find class referenced in signature (Lorg/apache/harmony/xnet/provider/jsse/SSLParametersImpl;)
W/dalvikvm(31464): Unable to resolve superclass of Lcom/facebook/ssl/openssl/TicketEnabledOpenSSLSocketImplWrapper; (9938)
W/dalvikvm(31464): Link of class 'Lcom/facebook/ssl/openssl/TicketEnabledOpenSSLSocketImplWrapper;' failed
E/dalvikvm(31464): Could not find class 'com.facebook.ssl.openssl.TicketEnabledOpenSSLSocketImplWrapper', referenced from method com.facebook.ssl.openssl.TicketEnabledOpenSSLSocketFactoryHelper.a
W/dalvikvm(31464): VFY: unable to resolve new-instance 7703 (Lcom/facebook/ssl/openssl/TicketEnabledOpenSSLSocketImplWrapper;) in Lcom/facebook/ssl/openssl/TicketEnabledOpenSSLSocketFactoryHelper;
D/dalvikvm(31464): VFY: replacing opcode 0x22 at 0x0000
W/dalvikvm(31464): Unable to resolve superclass of Lcom/facebook/ssl/openssl/TicketEnabledOpenSSLSocketImplWrapper; (9938)
W/dalvikvm(31464): Link of class 'Lcom/facebook/ssl/openssl/TicketEnabledOpenSSLSocketImplWrapper;' failed
D/dalvikvm(31464): DexOpt: unable to opt direct call 0xbd3a at 0x08 in Lcom/facebook/ssl/openssl/TicketEnabledOpenSSLSocketFactoryHelper;.a
I/CheckinRequestBuilder(30409): Checkin reason type: 8 attempt count: 1
D/dalvikvm(31464): Trying to load lib /data/app-lib/com.facebook.katana-1/libheartbleed.so 0x4279e7e8
D/dalvikvm(31464): Added shared lib /data/app-lib/com.facebook.katana-1/libheartbleed.so 0x4279e7e8
D/ConnectivityService( 1016): handleInetConditionHoldEnd: net=1, condition=100, published condition=0
I/ModemStatsDSDetect( 1279): onReceive() -Intent { act=android.net.conn.INET_CONDITION_ACTION flg=0x4000010 (has extras) }
I/SBar.NetworkController( 1078): onReceive: ConnectivityManager.INET_CONDITION_ACTION Received
I/ModemStatsDSDetect( 1279): INET_CONDITION=100 ,activeNet=NetworkInfo: type: WIFI[], state: CONNECTED/CONNECTED, reason: (unspecified), extra: "Moulin Rouge", roaming: false, failover: false, isAvailable: true, isConnectedToProvisioningNetwork: false
I/ModemStatsDSDetect( 1279): Inetcondition changed, white->blue
I/ModemStatsDSDetect( 1279): onReceive() - done, currentInetCondition=100
I/SBar.NetworkController( 1078): the netConditon of netType 1 is updated as 1 by android.net.conn.INET_CONDITION_ACTION,icon color should be blue.
I/SBar.NetworkController( 1078): updateConnectivity: NetworkInfo: NetworkInfo: type: WIFI[], state: CONNECTED/CONNECTED, reason: (unspecified), extra: "Moulin Rouge", roaming: false, failover: false, isAvailable: true, isConnectedToProvisioningNetwork: false, inetCondition= 1
D/dalvikvm( 1016): GC_EXPLICIT freed 820K, 35% free 25730K/39124K, paused 4ms+9ms, total 103ms
I/CheckinRequestBuilder(30409): Classify the device as Phone.
I/CheckinTask(30409): Checkin success: https://android.clients.google.com/checkin (1 requests sent)
I/CheckinService(30409): Checking schedule, now: 1428086653729 next: 1428126253725
I/CheckinService(30409): active receiver: disabled
D/GCM     (30376): GcmService start Intent { act=com.google.android.checkin.CHECKIN_COMPLETE flg=0x10 cmp=com.google.android.gms/.gcm.GcmService (has extras) } com.google.android.checkin.CHECKIN_COMPLETE
I/GCM     (30376): GCM config loaded
I/ActivityManager( 1016): Killing 30691:com.devexpert.weather/u0a112 (adj 15): empty #9
W/ContextImpl( 1231): Calling a method in the system process without a qualified user: android.app.ContextImpl.sendBroadcast:1252 android.content.ContextWrapper.sendBroadcast:365 com.motorola.motocare.util.TriggerHelper$TriggerBuilder.send:76 com.motorola.motocare.internal.frameworkevents.ProcessKillTrigger.sendTrigger:147 com.motorola.motocare.internal.frameworkevents.ProcessKillTrigger.handleFrameworkEvent:164 
I/ActivityManager( 1016): Process com.motorola.genie (pid 31204) has died.
I/ActivityManager( 1016): Process android.process.acore (pid 31337) has died.
I/GAV2    (31369): Thread[GAThread,5,main]: No campaign data found.
W/BroadcastQueue( 1016): Permission Denial: broadcasting Intent { act=android.net.conn.INET_CONDITION_ACTION flg=0x4000010 (has extras) } from null (pid=-1, uid=-1) requires com.facebook.permission.prod.FB_APP_COMMUNICATION due to registered receiver BroadcastFilter{434269c0 u0 ReceiverList{43450f88 31464 com.facebook.katana/10110/u0 remote:4299e450}}
W/BroadcastQueue( 1016): Permission Denial: broadcasting Intent { act=android.net.conn.CONNECTIVITY_CHANGE flg=0x4000010 (has extras) } from null (pid=-1, uid=-1) requires com.facebook.permission.prod.FB_APP_COMMUNICATION due to registered receiver BroadcastFilter{434269c0 u0 ReceiverList{43450f88 31464 com.facebook.katana/10110/u0 remote:4299e450}}
W/dalvikvm(31464): Unable to resolve superclass of Lcom/facebook/push/adm/ADMBroadcastReceiver; (403)
W/dalvikvm(31464): Link of class 'Lcom/facebook/push/adm/ADMBroadcastReceiver;' failed
E/dalvikvm(31464): Could not find class 'com.facebook.push.adm.ADMBroadcastReceiver', referenced from method com.facebook.push.adm.ADMPushManager.b
W/dalvikvm(31464): VFY: unable to resolve const-class 9460 (Lcom/facebook/push/adm/ADMBroadcastReceiver;) in Lcom/facebook/push/adm/ADMPushManager;
D/dalvikvm(31464): VFY: replacing opcode 0x1c at 0x000e
E/fb4a(:<default>):FbWallpaperService(31464): com.facebook.wallpaper.wallpaperprocess.FbWallpaperService
W/fb4a(:<default>):AbstractMqttPushService(31464): Attempt to start service that is already started
D/dalvikvm(31464): GC_CONCURRENT freed 4247K, 25% free 12940K/17224K, paused 3ms+5ms, total 46ms
D/dalvikvm(31464): WAIT_FOR_CONCURRENT_GC blocked 39ms
W/BroadcastQueue( 1016): Permission Denial: broadcasting Intent { act=android.net.conn.CONNECTIVITY_CHANGE flg=0x4000010 (has extras) } from null (pid=-1, uid=-1) requires com.facebook.permission.prod.FB_APP_COMMUNICATION due to registered receiver BroadcastFilter{43001188 u0 ReceiverList{430a5950 31464 com.facebook.katana/10110/u0 remote:4280ba20}}
D/GcOptimizer(31464): Configure for next cold start: enable
W/IdleConnectionHandler(31464): Removing a connection that never existed!
D/dalvikvm(31300): GC_FOR_ALLOC freed 456K, 5% free 16488K/17224K, paused 30ms, total 39ms
I/InputReader( 1016): Reconfiguring input devices.  changes=0x00000010
I/ActivityManager( 1016): Start proc com.google.android.talk for broadcast com.google.android.talk/com.google.android.apps.babel.phone.PackageReplacedReceiver: pid=31600 uid=10071 gids={50071, 3003, 1028, 1015, 3002}
I/PackageManager( 1016): Adding preferred activity ComponentInfo{com.android.mms/com.android.mms.ui.ComposeMessageActivity} for user 0 :
I/PackageManager( 1016):   Action: "android.intent.action.SENDTO"
I/PackageManager( 1016):   Category: "android.intent.category.DEFAULT"
I/PackageManager( 1016):   Scheme: "sms"
I/PackageManager( 1016): Adding preferred activity ComponentInfo{com.android.mms/com.android.mms.ui.ComposeMessageActivity} for user 0 :
I/PackageManager( 1016):   Action: "android.intent.action.SENDTO"
I/PackageManager( 1016):   Category: "android.intent.category.DEFAULT"
I/PackageManager( 1016):   Scheme: "smsto"
I/PackageManager( 1016): Adding preferred activity ComponentInfo{com.android.mms/com.android.mms.ui.ComposeMessageActivity} for user 0 :
I/PackageManager( 1016):   Action: "android.intent.action.SENDTO"
I/PackageManager( 1016):   Category: "android.intent.category.DEFAULT"
I/PackageManager( 1016):   Scheme: "mms"
I/PackageManager( 1016): Adding preferred activity ComponentInfo{com.android.mms/com.android.mms.ui.ComposeMessageActivity} for user 0 :
I/PackageManager( 1016):   Action: "android.intent.action.SENDTO"
I/PackageManager( 1016):   Category: "android.intent.category.DEFAULT"
I/PackageManager( 1016):   Scheme: "mmsto"
I/PackageManager( 1016): Adding preferred activity ComponentInfo{com.android.mms/com.android.mms.ui.ComposeMessageActivity} for user 0 :
I/PackageManager( 1016):   Action: "android.intent.action.SENDTO"
I/PackageManager( 1016):   Category: "android.intent.category.DEFAULT"
I/PackageManager( 1016):   Scheme: "sms"
I/PackageManager( 1016): Adding preferred activity ComponentInfo{com.android.mms/com.android.mms.ui.ComposeMessageActivity} for user 0 :
I/PackageManager( 1016):   Action: "android.intent.action.SENDTO"
I/PackageManager( 1016):   Category: "android.intent.category.DEFAULT"
I/PackageManager( 1016):   Scheme: "smsto"
I/Launcher(30757): Deferring update until onResume
I/PackageManager( 1016): Adding preferred activity ComponentInfo{com.android.mms/com.android.mms.ui.ComposeMessageActivity} for user 0 :
I/PackageManager( 1016):   Action: "android.intent.action.SENDTO"
I/PackageManager( 1016):   Category: "android.intent.category.DEFAULT"
I/PackageManager( 1016):   Scheme: "mms"
I/PackageManager( 1016): Adding preferred activity ComponentInfo{com.android.mms/com.android.mms.ui.ComposeMessageActivity} for user 0 :
I/PackageManager( 1016):   Action: "android.intent.action.SENDTO"
I/PackageManager( 1016):   Category: "android.intent.category.DEFAULT"
I/PackageManager( 1016):   Scheme: "mmsto"
I/Launcher(30757): Deferring update until onResume
D/dalvikvm(30376): GC_EXPLICIT freed 1094K, 41% free 10306K/17224K, paused 2ms+5ms, total 47ms
V/GmsNetworkLocationProvi(30429): DISABLE
V/GmsNetworkLocationProvi(30429): ENABLE
V/GmsNetworkLocationProvi(30429): onSetRequest: ProviderRequestUnbundled, reportLocation is true and interval is 14400000
V/GmsNetworkLocationProvi(30429): SET-REQUEST
V/GmsNetworkLocationProvi(30429): in Handler: ProviderRequestUnbundled, reportLocation is true and interval is 14400000
D/WifiService( 1016): acquireWifiLockLocked: WifiLock{NlpWifiLock type=2 binder=android.os.BinderProxy@43104d60}
D/WifiStateMachine( 1016): handleMessage: E msg.what=131143
D/WifiStateMachine( 1016): processMsg: ConnectedState
D/WifiStateMachine( 1016): processMsg: L2ConnectedState
D/WifiStateMachine( 1016): handleMessage: X
I/Babel   (31600): MmsConfig: mnc/mcc: 0/0
I/Babel   (31600): MmsConfig.loadMmsSettings
I/Babel   (31600): MmsConfig.loadDeviceMmsSettings from API: mUserAgent=motoxt1039, mUaProfUrl=http://uaprof.motorola.com/phoneconfig/motoxt1039/Profile/motoxt1039.rdf
I/Babel   (31600): MmsConfig.loadFromDatabase
E/Babel   (31600): canonicalizeMccMnc: invalid mccmnc 
I/Babel   (31600): MmsConfig.loadFromResources
E/Babel   (31600): canonicalizeMccMnc: invalid mccmnc nullnull
I/Babel   (31600): MmsConfig.loadMmsSettings: mUserAgent=motoxt1039, mUaProfUrl=http://uaprof.motorola.com/phoneconfig/motoxt1039/Profile/motoxt1039.rdf
W/Settings(31600): Setting airplane_mode_on has moved from android.provider.Settings.System to android.provider.Settings.Global, returning read-only value.
I/ActivityManager( 1016): Start proc android.process.acore for broadcast com.android.providers.contacts/.PackageIntentReceiver: pid=31640 uid=10010 gids={50010, 3003, 1028, 1015, 1023}
D/dalvikvm(  280): GC_EXPLICIT freed 42K, 48% free 9010K/17224K, paused 2ms+3ms, total 27ms
D/dalvikvm(  280): GC_EXPLICIT freed <1K, 48% free 9010K/17224K, paused 1ms+3ms, total 21ms
D/dalvikvm(  280): GC_EXPLICIT freed <1K, 48% free 9010K/17224K, paused 1ms+3ms, total 18ms
I/ActivityManager( 1016): Start proc com.motorola.MotGallery2 for broadcast com.motorola.MotGallery2/com.android.gallery3d.app.PackagesMonitor: pid=31662 uid=10034 gids={50034, 3003, 1028, 1015}
I/ActivityManager( 1016): Killing 31284:com.android.mms/u0a31 (adj 15): empty #9
W/ContextImpl( 1231): Calling a method in the system process without a qualified user: android.app.ContextImpl.sendBroadcast:1252 android.content.ContextWrapper.sendBroadcast:365 com.motorola.motocare.util.TriggerHelper$TriggerBuilder.send:76 com.motorola.motocare.internal.frameworkevents.ProcessKillTrigger.sendTrigger:147 com.motorola.motocare.internal.frameworkevents.ProcessKillTrigger.handleFrameworkEvent:164 
I/ContactLocale(31640): AddressBook Labels [en_GB]: [, A, B, C, D, E, F, G, H, I, J, K, L, M, N, O, P, Q, R, S, T, U, V, W, X, Y, Z, , , , , , , , , , , , , , , , , , , , , , , , , , , , , , , , , , , , , , , , , , , , , , , , , , , , , , , , , , , , , , , , , , , , , , , , , , , , , , , , , , , , , , , , , , , , , , , , , , , , , , , , , , , , , , , , , , , , , , , , , , , , , , , , , , , , , , , , , , , , , , , , , , , , , , , , , , , , , , , , , , , , , , , , , , , , , , , , , , , , , , #, ]
I/InternalIcingCorporaPro(28468): Updating corpora: APPS=com.google.android.gms, CONTACTS=MAYBE
D/dalvikvm(31300): GC_FOR_ALLOC freed 39K, 5% free 18237K/19004K, paused 18ms, total 18ms
D/PackageBroadcastService(30409): Received broadcast action=android.intent.action.PACKAGE_CHANGED and uri=com.google.android.gms
I/PackageBroadcastService(30409): Null package name or gms related package.  Ignoreing.
I/ActivityManager( 1016): Killing 31322:com.google.android.setupwizard/u0a42 (adj 15): empty #9
W/ContextImpl( 1231): Calling a method in the system process without a qualified user: android.app.ContextImpl.sendBroadcast:1252 android.content.ContextWrapper.sendBroadcast:365 com.motorola.motocare.util.TriggerHelper$TriggerBuilder.send:76 com.motorola.motocare.internal.frameworkevents.ProcessKillTrigger.sendTrigger:147 com.motorola.motocare.internal.frameworkevents.ProcessKillTrigger.handleFrameworkEvent:164 
I/Icing   (30409): updateResources: need to parse e{com.google.android.gms}
I/ActivityManager( 1016): Process com.google.android.gms.unstable (pid 31438) has died.
I/ActivityManager( 1016): Process com.google.android.apps.magazines (pid 31369) has died.
I/ActivityManager( 1016): Process com.google.android.talk (pid 31600) has died.
I/InternalIcingCorporaPro(28468): UpdateCorporaTask done [took 308 ms] updated apps [took 308 ms] 
W/IdleConnectionHandler(31464): Removing a connection that never existed!
D/TCMD    ( 2001): NL - Read 56 bytes from update socket.
D/TCMD    ( 2001): NL - message type is RTM_NEWLINK
D/TCMD    ( 2001): Listening for incoming client connection request
D/MDMCTBK (  276): reply_len: 40 reply is = IFNAME=wlan0 <3>CTRL-EVENT-BSS-ADDED 198
D/MDMCTBK (  276): Event received = CTRL-EVENT-BSS-ADDED 198
D/MDMCTBK (  276): reply_len: 40 reply is = IFNAME=wlan0 <3>CTRL-EVENT-BSS-ADDED 199
D/MDMCTBK (  276): Event received = CTRL-EVENT-BSS-ADDED 199
D/MDMCTBK (  276): reply_len: 40 reply is = IFNAME=wlan0 <3>CTRL-EVENT-BSS-ADDED 200
D/MDMCTBK (  276): Event received = CTRL-EVENT-BSS-ADDED 200
D/MDMCTBK (  276): reply_len: 40 reply is = IFNAME=wlan0 <3>CTRL-EVENT-BSS-ADDED 201
D/MDMCTBK (  276): Event received = CTRL-EVENT-BSS-ADDED 201
D/MDMCTBK (  276): reply_len: 40 reply is = IFNAME=wlan0 <3>CTRL-EVENT-BSS-ADDED 202
D/MDMCTBK (  276): Event received = CTRL-EVENT-BSS-ADDED 202
D/MDMCTBK (  276): reply_len: 40 reply is = IFNAME=wlan0 <3>CTRL-EVENT-BSS-ADDED 203
D/MDMCTBK (  276): Event received = CTRL-EVENT-BSS-ADDED 203
D/MDMCTBK (  276): reply_len: 40 reply is = IFNAME=wlan0 <3>CTRL-EVENT-BSS-ADDED 204
D/MDMCTBK (  276): Event received = CTRL-EVENT-BSS-ADDED 204
D/MDMCTBK (  276): reply_len: 40 reply is = IFNAME=wlan0 <3>CTRL-EVENT-BSS-ADDED 205
D/MDMCTBK (  276): Event received = CTRL-EVENT-BSS-ADDED 205
D/MDMCTBK (  276): reply_len: 40 reply is = IFNAME=wlan0 <3>CTRL-EVENT-SCAN-RESULTS 
D/MDMCTBK (  276): Event received = CTRL-EVENT-SCAN-RESULTS 
D/WifiStateMachine( 1016): handleMessage: E msg.what=147461
D/WifiStateMachine( 1016): processMsg: ConnectedState
D/WifiStateMachine( 1016): processMsg: L2ConnectedState
D/WifiStateMachine( 1016): processMsg: ConnectModeState
D/WifiStateMachine( 1016): processMsg: DriverStartedState
D/WifiStateMachine( 1016): processMsg: SupplicantStartedState
D/WifiStateMachine( 1016): handleMessage: X
D/WifiService( 1016): releaseWifiLockLocked: WifiLock{NlpWifiLock type=2 binder=android.os.BinderProxy@43104d60}
I/KInfoc  (25740): Auto Post
W/Settings(25740): Setting android_id has moved from android.provider.Settings.System to android.provider.Settings.Secure, returning read-only value.
I/KInfoc  (25740): Auto Post
W/Settings(25740): Setting android_id has moved from android.provider.Settings.System to android.provider.Settings.Secure, returning read-only value.
V/AlarmManager( 1016): sending alarm Alarm{428795d8 type 2 com.facebook.katana}
V/AlarmManager( 1016): sending alarm Alarm{42879570 type 2 com.google.android.gms}
V/AlarmManager( 1016): sending alarm Alarm{42fa33c0 type 2 android}
D/WifiService( 1016): acquireWifiLockLocked: WifiLock{NlpWifiLock type=2 binder=android.os.BinderProxy@43104d60}
D/WifiService( 1016): releaseWifiLockLocked: WifiLock{NlpWifiLock type=2 binder=android.os.BinderProxy@43104d60}
V/AlarmManager( 1016): sending alarm Alarm{42850f10 type 3 android}
V/AlarmManager( 1016): sending alarm Alarm{427c2560 type 1 com.android.deskclock}
V/AlarmManager( 1016): sending alarm Alarm{42860f10 type 3 com.devexpert.weather}
I/ActivityManager( 1016): Start proc com.devexpert.weather for broadcast com.devexpert.weather/.view.WidgetWeather2x1: pid=31712 uid=10112 gids={50112, 3003, 1028, 1015}
W/ContextImpl( 1231): Calling a method in the system process without a qualified user: android.app.ContextImpl.sendBroadcast:1252 android.content.ContextWrapper.sendBroadcast:365 com.motorola.motocare.util.TriggerHelper$TriggerBuilder.send:76 com.motorola.motocare.internal.frameworkevents.ProcessKillTrigger.sendTrigger:147 com.motorola.motocare.internal.frameworkevents.ProcessKillTrigger.handleLmkKill:337 
W/ContextImpl( 1231): Calling a method in the system process without a qualified user: android.app.ContextImpl.sendBroadcast:1252 android.content.ContextWrapper.sendBroadcast:365 com.motorola.motocare.util.TriggerHelper$TriggerBuilder.send:76 com.motorola.motocare.internal.frameworkevents.ProcessKillTrigger.sendTrigger:147 com.motorola.motocare.internal.frameworkevents.ProcessKillTrigger.handleLmkKill:337 
W/ContextImpl( 1231): Calling a method in the system process without a qualified user: android.app.ContextImpl.sendBroadcast:1252 android.content.ContextWrapper.sendBroadcast:365 com.motorola.motocare.util.TriggerHelper$TriggerBuilder.send:76 com.motorola.motocare.internal.frameworkevents.ProcessKillTrigger.sendTrigger:147 com.motorola.motocare.internal.frameworkevents.ProcessKillTrigger.handleLmkKill:337 
W/ContextImpl( 1231): Calling a method in the system process without a qualified user: android.app.ContextImpl.sendBroadcast:1252 android.content.ContextWrapper.sendBroadcast:365 com.motorola.motocare.util.TriggerHelper$TriggerBuilder.send:76 com.motorola.motocare.internal.frameworkevents.ProcessKillTrigger.sendTrigger:147 com.motorola.motocare.internal.frameworkevents.ProcessKillTrigger.handleLmkKill:337 
W/ContextImpl( 1231): Calling a method in the system process without a qualified user: android.app.ContextImpl.sendBroadcast:1252 android.content.ContextWrapper.sendBroadcast:365 com.motorola.motocare.util.TriggerHelper$TriggerBuilder.send:76 com.motorola.motocare.internal.frameworkevents.ProcessKillTrigger.sendTrigger:147 com.motorola.motocare.internal.frameworkevents.ProcessKillTrigger.handleLmkKill:337 
W/ContextImpl( 1231): Calling a method in the system process without a qualified user: android.app.ContextImpl.sendBroadcast:1252 android.content.ContextWrapper.sendBroadcast:365 com.motorola.motocare.util.TriggerHelper$TriggerBuilder.send:76 com.motorola.motocare.internal.frameworkevents.ProcessKillTrigger.sendTrigger:147 com.motorola.motocare.internal.frameworkevents.ProcessKillTrigger.handleLmkKill:337 
W/ContextImpl( 1231): Calling a method in the system process without a qualified user: android.app.ContextImpl.sendBroadcast:1252 android.content.ContextWrapper.sendBroadcast:365 com.motorola.motocare.util.TriggerHelper$TriggerBuilder.send:76 com.motorola.motocare.internal.frameworkevents.ProcessKillTrigger.sendTrigger:147 com.motorola.motocare.internal.frameworkevents.ProcessKillTrigger.handleLmkKill:337 
W/ContextImpl( 1231): Calling a method in the system process without a qualified user: android.app.ContextImpl.sendBroadcast:1252 android.content.ContextWrapper.sendBroadcast:365 com.motorola.motocare.util.TriggerHelper$TriggerBuilder.send:76 com.motorola.motocare.internal.frameworkevents.ProcessKillTrigger.sendTrigger:147 com.motorola.motocare.internal.frameworkevents.ProcessKillTrigger.handleLmkKill:337 
I/AonLTInterfaceService( 1231): AodLT package version: 1000000
I/PowerManagerService( 1016): Waking up from sleep...
D/Sensors ( 1016): AccelerationSensor: Set Sensors state 0x2
D/SurfaceFlinger(  278): Screen acquired, type=0 flinger=0xb7ca1450
D/qdhwcomposer(  278): hwc_blank: Unblanking display: 0
D/Sensors ( 1016): AccelerationSensor: set delay 0
D/Sensors ( 1016): AccelerationSensor: set delay 0
I/AonLTInterfaceService( 1231): AodLT package version: 1000000
V/KeyguardServiceDelegate( 1016): onScreenTurnedOn(showListener = com.android.internal.policy.impl.PhoneWindowManager$20@42f77d88)
D/KeyguardHostView( 1078): showSecurityScreen(None)
D/KeyguardHostView( 1078): getSecurityView(None)
V/KeyguardServiceDelegate( 1016): **** SHOWN CALLED ****
I/WindowManager( 1016): Lock screen displayed!
D/DisplayPowerController( 1016): Unblocked screen on after 26092002 ms
D/WifiStateMachine( 1016): handleScreenStateChanged: true
D/WifiStateMachine( 1016): handleMessage: E msg.what=131154
D/WifiStateMachine( 1016): processMsg: ConnectedState
D/WifiStateMachine( 1016): processMsg: L2ConnectedState
D/WifiStateMachine( 1016): handleMessage: X
D/WifiStateMachine( 1016): handleMessage: E msg.what=131163
D/WifiStateMachine( 1016): processMsg: ConnectedState
D/WifiStateMachine( 1016): processMsg: L2ConnectedState
D/WifiStateMachine( 1016): processMsg: ConnectModeState
D/WifiStateMachine( 1016): processMsg: DriverStartedState
D/WifiStateMachine( 1016): processMsg: SupplicantStartedState
D/WifiStateMachine( 1016): processMsg: DefaultState
D/WifiStateMachine( 1016): handleMessage: X
D/WifiStateMachine( 1016): handleMessage: E msg.what=131127
D/WifiStateMachine( 1016): processMsg: ConnectedState
D/WifiStateMachine( 1016): processMsg: L2ConnectedState
D/WifiStateMachine( 1016): processMsg: ConnectModeState
D/WifiStateMachine( 1016): handleMessage: X
D/WifiStateMachine( 1016): handleMessage: E msg.what=131158
D/WifiStateMachine( 1016): processMsg: ConnectedState
D/WifiStateMachine( 1016): processMsg: L2ConnectedState
D/WifiStateMachine( 1016): processMsg: ConnectModeState
D/WifiStateMachine( 1016): processMsg: DriverStartedState
D/WifiStateMachine( 1016): setSuspendOptimizationsNative: 4 false
D/WifiStateMachine( 1016): handleMessage: X
D/WifiStateMachine( 1016): handleMessage: E msg.what=151572
D/WifiStateMachine( 1016): processMsg: ConnectedState
D/WifiStateMachine( 1016): processMsg: L2ConnectedState
D/WifiStateMachine( 1016): handleMessage: X
D/qdhwcomposer(  278): hwc_blank: Done unblanking display: 0
D/SurfaceControl( 1016): Excessive delay in unblankDisplay() while turning screen on: 179ms
D/Sensors ( 1016): AccelerationSensor: Set Sensors state 0x3
D/Sensors ( 1016): AccelerationSensor: set delay 200
I/SFPerfTracer(  278):      triggers: (rate: 38:2811) (compose: 0:14) (post: 0:2) (render: 9:419) (0:55835 frames) (1:149847)
