D/WifiStateMachine( 1025): handleMessage: X
D/WifiStateMachine( 1025): handleMessage: E msg.what=151572
D/WifiStateMachine( 1025): processMsg: ConnectedState
D/WifiStateMachine( 1025): processMsg: L2ConnectedState
D/WifiStateMachine( 1025): handleMessage: X
I/SFPerfTracer(  274):      triggers: (rate: 51:26254) (7400 sw vsyncs) (55321 skipped) (99:82442 vsyncs) (101:101129)
D/SoftKeyboardDetect(12547): Ignore this event
D/WifiStateMachine( 1025): handleMessage: E msg.what=151572
D/WifiStateMachine( 1025): processMsg: ConnectedState
D/WifiStateMachine( 1025): processMsg: L2ConnectedState
D/WifiStateMachine( 1025): handleMessage: X
D/WifiStateMachine( 1025): handleMessage: E msg.what=131155
D/WifiStateMachine( 1025): processMsg: ConnectedState
D/WifiStateMachine( 1025): processMsg: L2ConnectedState
D/WifiStateMachine( 1025): handleMessage: X
D/WifiStateMachine( 1025): handleMessage: E msg.what=151572
D/WifiStateMachine( 1025): processMsg: ConnectedState
D/WifiStateMachine( 1025): processMsg: L2ConnectedState
D/WifiStateMachine( 1025): handleMessage: X
W/ContextImpl( 1295): Calling a method in the system process without a qualified user: android.app.ContextImpl.sendBroadcast:1252 android.content.ContextWrapper.sendBroadcast:365 com.motorola.motocare.util.TriggerHelper$TriggerBuilder.send:76 com.motorola.motocare.internal.frameworkevents.ProcessKillTrigger.sendTrigger:147 com.motorola.motocare.internal.frameworkevents.ProcessKillTrigger.handleLmkKill:337 
W/ContextImpl( 1295): Calling a method in the system process without a qualified user: android.app.ContextImpl.sendBroadcast:1252 android.content.ContextWrapper.sendBroadcast:365 com.motorola.motocare.util.TriggerHelper$TriggerBuilder.send:76 com.motorola.motocare.internal.frameworkevents.ProcessKillTrigger.sendTrigger:147 com.motorola.motocare.internal.frameworkevents.ProcessKillTrigger.handleLmkKill:337 
W/ContextImpl( 1295): Calling a method in the system process without a qualified user: android.app.ContextImpl.sendBroadcast:1252 android.content.ContextWrapper.sendBroadcast:365 com.motorola.motocare.util.TriggerHelper$TriggerBuilder.send:76 com.motorola.motocare.internal.frameworkevents.ProcessKillTrigger.sendTrigger:147 com.motorola.motocare.internal.frameworkevents.ProcessKillTrigger.handleLmkKill:337 
W/ContextImpl( 1295): Calling a method in the system process without a qualified user: android.app.ContextImpl.sendBroadcast:1252 android.content.ContextWrapper.sendBroadcast:365 com.motorola.motocare.util.TriggerHelper$TriggerBuilder.send:76 com.motorola.motocare.internal.frameworkevents.ProcessKillTrigger.sendTrigger:147 com.motorola.motocare.internal.frameworkevents.ProcessKillTrigger.handleLmkKill:337 
W/ContextImpl( 1295): Calling a method in the system process without a qualified user: android.app.ContextImpl.sendBroadcast:1252 android.content.ContextWrapper.sendBroadcast:365 com.motorola.motocare.util.TriggerHelper$TriggerBuilder.send:76 com.motorola.motocare.internal.frameworkevents.ProcessKillTrigger.sendTrigger:147 com.motorola.motocare.internal.frameworkevents.ProcessKillTrigger.handleLmkKill:337 
W/ContextImpl( 1295): Calling a method in the system process without a qualified user: android.app.ContextImpl.sendBroadcast:1252 android.content.ContextWrapper.sendBroadcast:365 com.motorola.motocare.util.TriggerHelper$TriggerBuilder.send:76 com.motorola.motocare.internal.frameworkevents.ProcessKillTrigger.sendTrigger:147 com.motorola.motocare.internal.frameworkevents.ProcessKillTrigger.handleLmkKill:337 
W/ContextImpl( 1295): Calling a method in the system process without a qualified user: android.app.ContextImpl.sendBroadcast:1252 android.content.ContextWrapper.sendBroadcast:365 com.motorola.motocare.util.TriggerHelper$TriggerBuilder.send:76 com.motorola.motocare.internal.frameworkevents.ProcessKillTrigger.sendTrigger:147 com.motorola.motocare.internal.frameworkevents.ProcessKillTrigger.handleLmkKill:337 
W/ContextImpl( 1295): Calling a method in the system process without a qualified user: android.app.ContextImpl.sendBroadcast:1252 android.content.ContextWrapper.sendBroadcast:365 com.motorola.motocare.util.TriggerHelper$TriggerBuilder.send:76 com.motorola.motocare.internal.frameworkevents.ProcessKillTrigger.sendTrigger:147 com.motorola.motocare.internal.frameworkevents.ProcessKillTrigger.handleLmkKill:337 
W/ContextImpl( 1295): Calling a method in the system process without a qualified user: android.app.ContextImpl.sendBroadcast:1252 android.content.ContextWrapper.sendBroadcast:365 com.motorola.motocare.util.TriggerHelper$TriggerBuilder.send:76 com.motorola.motocare.internal.frameworkevents.ProcessKillTrigger.sendTrigger:147 com.motorola.motocare.internal.frameworkevents.ProcessKillTrigger.handleLmkKill:337 
W/ContextImpl( 1295): Calling a method in the system process without a qualified user: android.app.ContextImpl.sendBroadcast:1252 android.content.ContextWrapper.sendBroadcast:365 com.motorola.motocare.util.TriggerHelper$TriggerBuilder.send:76 com.motorola.motocare.internal.frameworkevents.ProcessKillTrigger.sendTrigger:147 com.motorola.motocare.internal.frameworkevents.ProcessKillTrigger.handleLmkKill:337 
W/ContextImpl( 1295): Calling a method in the system process without a qualified user: android.app.ContextImpl.sendBroadcast:1252 android.content.ContextWrapper.sendBroadcast:365 com.motorola.motocare.util.TriggerHelper$TriggerBuilder.send:76 com.motorola.motocare.internal.frameworkevents.ProcessKillTrigger.sendTrigger:147 com.motorola.motocare.internal.frameworkevents.ProcessKillTrigger.handleLmkKill:337 
W/ContextImpl( 1295): Calling a method in the system process without a qualified user: android.app.ContextImpl.sendBroadcast:1252 android.content.ContextWrapper.sendBroadcast:365 com.motorola.motocare.util.TriggerHelper$TriggerBuilder.send:76 com.motorola.motocare.internal.frameworkevents.ProcessKillTrigger.sendTrigger:147 com.motorola.motocare.internal.frameworkevents.ProcessKillTrigger.handleLmkKill:337 
W/ContextImpl( 1295): Calling a method in the system process without a qualified user: android.app.ContextImpl.sendBroadcast:1252 android.content.ContextWrapper.sendBroadcast:365 com.motorola.motocare.util.TriggerHelper$TriggerBuilder.send:76 com.motorola.motocare.internal.frameworkevents.ProcessKillTrigger.sendTrigger:147 com.motorola.motocare.internal.frameworkevents.ProcessKillTrigger.handleLmkKill:337 
W/ContextImpl( 1295): Calling a method in the system process without a qualified user: android.app.ContextImpl.sendBroadcast:1252 android.content.ContextWrapper.sendBroadcast:365 com.motorola.motocare.util.TriggerHelper$TriggerBuilder.send:76 com.motorola.motocare.internal.frameworkevents.ProcessKillTrigger.sendTrigger:147 com.motorola.motocare.internal.frameworkevents.ProcessKillTrigger.handleLmkKill:337 
W/ContextImpl( 1295): Calling a method in the system process without a qualified user: android.app.ContextImpl.sendBroadcast:1252 android.content.ContextWrapper.sendBroadcast:365 com.motorola.motocare.util.TriggerHelper$TriggerBuilder.send:76 com.motorola.motocare.internal.frameworkevents.ProcessKillTrigger.sendTrigger:147 com.motorola.motocare.internal.frameworkevents.ProcessKillTrigger.handleLmkKill:337 
W/ContextImpl( 1295): Calling a method in the system process without a qualified user: android.app.ContextImpl.sendBroadcast:1252 android.content.ContextWrapper.sendBroadcast:365 com.motorola.motocare.util.TriggerHelper$TriggerBuilder.send:76 com.motorola.motocare.internal.frameworkevents.ProcessKillTrigger.sendTrigger:147 com.motorola.motocare.internal.frameworkevents.ProcessKillTrigger.handleLmkKill:337 
W/ContextImpl( 1295): Calling a method in the system process without a qualified user: android.app.ContextImpl.sendBroadcast:1252 android.content.ContextWrapper.sendBroadcast:365 com.motorola.motocare.util.TriggerHelper$TriggerBuilder.send:76 com.motorola.motocare.internal.frameworkevents.ProcessKillTrigger.sendTrigger:147 com.motorola.motocare.internal.frameworkevents.ProcessKillTrigger.handleLmkKill:337 
W/ContextImpl( 1295): Calling a method in the system process without a qualified user: android.app.ContextImpl.sendBroadcast:1252 android.content.ContextWrapper.sendBroadcast:365 com.motorola.motocare.util.TriggerHelper$TriggerBuilder.send:76 com.motorola.motocare.internal.frameworkevents.ProcessKillTrigger.sendTrigger:147 com.motorola.motocare.internal.frameworkevents.ProcessKillTrigger.handleLmkKill:337 
W/ContextImpl( 1295): Calling a method in the system process without a qualified user: android.app.ContextImpl.sendBroadcast:1252 android.content.ContextWrapper.sendBroadcast:365 com.motorola.motocare.util.TriggerHelper$TriggerBuilder.send:76 com.motorola.motocare.internal.frameworkevents.ProcessKillTrigger.sendTrigger:147 com.motorola.motocare.internal.frameworkevents.ProcessKillTrigger.handleLmkKill:337 
W/ContextImpl( 1295): Calling a method in the system process without a qualified user: android.app.ContextImpl.sendBroadcast:1252 android.content.ContextWrapper.sendBroadcast:365 com.motorola.motocare.util.TriggerHelper$TriggerBuilder.send:76 com.motorola.motocare.internal.frameworkevents.ProcessKillTrigger.sendTrigger:147 com.motorola.motocare.internal.frameworkevents.ProcessKillTrigger.handleLmkKill:337 
W/ContextImpl( 1295): Calling a method in the system process without a qualified user: android.app.ContextImpl.sendBroadcast:1252 android.content.ContextWrapper.sendBroadcast:365 com.motorola.motocare.util.TriggerHelper$TriggerBuilder.send:76 com.motorola.motocare.internal.frameworkevents.ProcessKillTrigger.sendTrigger:147 com.motorola.motocare.internal.frameworkevents.ProcessKillTrigger.handleLmkKill:337 
W/ContextImpl( 1295): Calling a method in the system process without a qualified user: android.app.ContextImpl.sendBroadcast:1252 android.content.ContextWrapper.sendBroadcast:365 com.motorola.motocare.util.TriggerHelper$TriggerBuilder.send:76 com.motorola.motocare.internal.frameworkevents.ProcessKillTrigger.sendTrigger:147 com.motorola.motocare.internal.frameworkevents.ProcessKillTrigger.handleLmkKill:337 
W/ContextImpl( 1295): Calling a method in the system process without a qualified user: android.app.ContextImpl.sendBroadcast:1252 android.content.ContextWrapper.sendBroadcast:365 com.motorola.motocare.util.TriggerHelper$TriggerBuilder.send:76 com.motorola.motocare.internal.frameworkevents.ProcessKillTrigger.sendTrigger:147 com.motorola.motocare.internal.frameworkevents.ProcessKillTrigger.handleLmkKill:337 
W/ContextImpl( 1295): Calling a method in the system process without a qualified user: android.app.ContextImpl.sendBroadcast:1252 android.content.ContextWrapper.sendBroadcast:365 com.motorola.motocare.util.TriggerHelper$TriggerBuilder.send:76 com.motorola.motocare.internal.frameworkevents.ProcessKillTrigger.sendTrigger:147 com.motorola.motocare.internal.frameworkevents.ProcessKillTrigger.handleLmkKill:337 
D/dalvikvm( 1295): GC_EXPLICIT freed 1128K, 47% free 9246K/17224K, paused 2ms+3ms, total 26ms
D/WifiStateMachine( 1025): handleMessage: E msg.what=151572
D/WifiStateMachine( 1025): processMsg: ConnectedState
D/WifiStateMachine( 1025): processMsg: L2ConnectedState
D/WifiStateMachine( 1025): handleMessage: X
I/SBar.NetworkController( 1119): refreshSignalCluster: wifi: mWifiConnected=true Wifi=zz_moto_stat_sys_wifi_signal_4_fully_wide Activity=zz_moto_stat_sys_wifi_inout_wide in=false out=false Accessibility="Wi-Fi signal full."
I/SBar.NetworkController( 1119): refreshSignalCluster: mobile: mHasMobileDataFeature=true DataTypeShown=(none) Activity=(none) in=false out=false Accessibility="3G"
D/WifiStateMachine( 1025): handleMessage: E msg.what=151572
D/WifiStateMachine( 1025): processMsg: ConnectedState
D/WifiStateMachine( 1025): processMsg: L2ConnectedState
D/WifiStateMachine( 1025): handleMessage: X
I/SFPerfTracer(  274):      triggers: (rate: 48:1589) (compose: 0:10) (post: 0:1) (render: 1:186) (0:22295 frames) (1:70863)
D/SFPerfTracer(  274):        layers: (3:10) (DimLayer: 0:25)* (DimLayer: 0:6)* (FocusedStackFrame: 0:877)* (StatusBar: 0:7325) (NavigationBar: 0:7526) (com.android.wallpaper.fall.FallWallpaper: 0:18589)* (DimLayer: 0:850)* (DimLayer: 0:198)* (com.giftme.fb_auth/com.giftme.fb_auth.FB_Auth: 1:278) (InputMethod: 0:296)* 
D/Ulp_jni ( 1025): Location CB invoked
D/WifiStateMachine( 1025): handleMessage: E msg.what=131155
D/WifiStateMachine( 1025): processMsg: ConnectedState
D/WifiStateMachine( 1025): processMsg: L2ConnectedState
D/WifiStateMachine( 1025): handleMessage: X
D/WifiStateMachine( 1025): handleMessage: E msg.what=151572
D/WifiStateMachine( 1025): processMsg: ConnectedState
D/WifiStateMachine( 1025): processMsg: L2ConnectedState
D/WifiStateMachine( 1025): handleMessage: X
D/WifiStateMachine( 1025): handleMessage: E msg.what=151572
D/WifiStateMachine( 1025): processMsg: ConnectedState
D/WifiStateMachine( 1025): processMsg: L2ConnectedState
D/WifiStateMachine( 1025): handleMessage: X
D/WifiStateMachine( 1025): handleMessage: E msg.what=151572
D/WifiStateMachine( 1025): processMsg: ConnectedState
D/WifiStateMachine( 1025): processMsg: L2ConnectedState
D/WifiStateMachine( 1025): handleMessage: X
D/WifiStateMachine( 1025): handleMessage: E msg.what=131155
D/WifiStateMachine( 1025): processMsg: ConnectedState
D/WifiStateMachine( 1025): processMsg: L2ConnectedState
D/WifiStateMachine( 1025): handleMessage: X
D/WifiStateMachine( 1025): handleMessage: E msg.what=151572
D/WifiStateMachine( 1025): processMsg: ConnectedState
D/WifiStateMachine( 1025): processMsg: L2ConnectedState
D/WifiStateMachine( 1025): handleMessage: X
D/WifiStateMachine( 1025): handleMessage: E msg.what=151572
D/WifiStateMachine( 1025): processMsg: ConnectedState
D/WifiStateMachine( 1025): processMsg: L2ConnectedState
D/WifiStateMachine( 1025): handleMessage: X
D/WifiStateMachine( 1025): handleMessage: E msg.what=151572
D/WifiStateMachine( 1025): processMsg: ConnectedState
D/WifiStateMachine( 1025): processMsg: L2ConnectedState
D/WifiStateMachine( 1025): handleMessage: X
D/WifiStateMachine( 1025): handleMessage: E msg.what=131155
D/WifiStateMachine( 1025): processMsg: ConnectedState
D/WifiStateMachine( 1025): processMsg: L2ConnectedState
D/WifiStateMachine( 1025): handleMessage: X
D/WifiStateMachine( 1025): handleMessage: E msg.what=151572
D/WifiStateMachine( 1025): processMsg: ConnectedState
D/WifiStateMachine( 1025): processMsg: L2ConnectedState
D/WifiStateMachine( 1025): handleMessage: X
I/SFPerfTracer(  274):      triggers: (rate: 51:26254) (7400 sw vsyncs) (55321 skipped) (17:82525 vsyncs) (19:101230)
D/WifiStateMachine( 1025): handleMessage: E msg.what=151572
D/WifiStateMachine( 1025): processMsg: ConnectedState
D/WifiStateMachine( 1025): processMsg: L2ConnectedState
D/WifiStateMachine( 1025): handleMessage: X
D/WifiStateMachine( 1025): handleMessage: E msg.what=151572
D/WifiStateMachine( 1025): processMsg: ConnectedState
D/WifiStateMachine( 1025): processMsg: L2ConnectedState
D/WifiStateMachine( 1025): handleMessage: X
D/WifiStateMachine( 1025): handleMessage: E msg.what=131155
D/WifiStateMachine( 1025): processMsg: ConnectedState
D/WifiStateMachine( 1025): processMsg: L2ConnectedState
D/WifiStateMachine( 1025): handleMessage: X
D/WifiStateMachine( 1025): handleMessage: E msg.what=151572
D/WifiStateMachine( 1025): processMsg: ConnectedState
D/WifiStateMachine( 1025): processMsg: L2ConnectedState
D/WifiStateMachine( 1025): handleMessage: X
D/Ulp_jni ( 1025): Location CB invoked
D/WifiStateMachine( 1025): handleMessage: E msg.what=151572
D/WifiStateMachine( 1025): processMsg: ConnectedState
D/WifiStateMachine( 1025): processMsg: L2ConnectedState
D/WifiStateMachine( 1025): handleMessage: X
D/WifiStateMachine( 1025): handleMessage: E msg.what=151572
D/WifiStateMachine( 1025): processMsg: ConnectedState
D/WifiStateMachine( 1025): processMsg: L2ConnectedState
D/WifiStateMachine( 1025): handleMessage: X
D/WifiStateMachine( 1025): handleMessage: E msg.what=131155
D/WifiStateMachine( 1025): processMsg: ConnectedState
D/WifiStateMachine( 1025): processMsg: L2ConnectedState
D/WifiStateMachine( 1025): handleMessage: X
D/WifiStateMachine( 1025): handleMessage: E msg.what=151572
D/WifiStateMachine( 1025): processMsg: ConnectedState
D/WifiStateMachine( 1025): processMsg: L2ConnectedState
D/WifiStateMachine( 1025): handleMessage: X
I/SBar.NetworkController( 1119): onSignalStrengthsChanged SignalStrength: 9 0 -120 -160 -120 -1 -1 99 2147483647 2147483647 2147483647 2147483647 2147483647 gsm|lte 0 -108 -1 false 3 3 0 0 0 99 99 99 4 level=3
D/WifiStateMachine( 1025): handleMessage: E msg.what=151572
D/WifiStateMachine( 1025): processMsg: ConnectedState
D/WifiStateMachine( 1025): processMsg: L2ConnectedState
D/WifiStateMachine( 1025): handleMessage: X
D/WifiStateMachine( 1025): handleMessage: E msg.what=151572
D/WifiStateMachine( 1025): processMsg: ConnectedState
D/WifiStateMachine( 1025): processMsg: L2ConnectedState
D/WifiStateMachine( 1025): handleMessage: X
D/WifiStateMachine( 1025): handleMessage: E msg.what=131155
D/WifiStateMachine( 1025): processMsg: ConnectedState
D/WifiStateMachine( 1025): processMsg: L2ConnectedState
D/WifiStateMachine( 1025): handleMessage: X
D/WifiStateMachine( 1025): handleMessage: E msg.what=151572
D/WifiStateMachine( 1025): processMsg: ConnectedState
D/WifiStateMachine( 1025): processMsg: L2ConnectedState
D/WifiStateMachine( 1025): handleMessage: X
D/WifiStateMachine( 1025): handleMessage: E msg.what=151572
D/WifiStateMachine( 1025): processMsg: ConnectedState
D/WifiStateMachine( 1025): processMsg: L2ConnectedState
D/WifiStateMachine( 1025): handleMessage: X
D/WifiStateMachine( 1025): handleMessage: E msg.what=151572
D/WifiStateMachine( 1025): processMsg: ConnectedState
D/WifiStateMachine( 1025): processMsg: L2ConnectedState
D/WifiStateMachine( 1025): handleMessage: X
D/WifiStateMachine( 1025): handleMessage: E msg.what=131155
D/WifiStateMachine( 1025): processMsg: ConnectedState
D/WifiStateMachine( 1025): processMsg: L2ConnectedState
D/WifiStateMachine( 1025): handleMessage: X
D/WifiStateMachine( 1025): handleMessage: E msg.what=151572
D/WifiStateMachine( 1025): processMsg: ConnectedState
D/WifiStateMachine( 1025): processMsg: L2ConnectedState
D/WifiStateMachine( 1025): handleMessage: X
D/WifiStateMachine( 1025): handleMessage: E msg.what=151572
D/WifiStateMachine( 1025): processMsg: ConnectedState
D/WifiStateMachine( 1025): processMsg: L2ConnectedState
D/WifiStateMachine( 1025): handleMessage: X
D/Ulp_jni ( 1025): Location CB invoked
D/WifiStateMachine( 1025): handleMessage: E msg.what=151572
D/WifiStateMachine( 1025): processMsg: ConnectedState
D/WifiStateMachine( 1025): processMsg: L2ConnectedState
D/WifiStateMachine( 1025): handleMessage: X
D/WifiStateMachine( 1025): handleMessage: E msg.what=131155
D/WifiStateMachine( 1025): processMsg: ConnectedState
D/WifiStateMachine( 1025): processMsg: L2ConnectedState
D/WifiStateMachine( 1025): handleMessage: X
D/WifiStateMachine( 1025): handleMessage: E msg.what=151572
D/WifiStateMachine( 1025): processMsg: ConnectedState
D/WifiStateMachine( 1025): processMsg: L2ConnectedState
D/WifiStateMachine( 1025): handleMessage: X
V/AlarmManager( 1025): sending alarm Alarm{42bd0ec8 type 3 android}
D/WifiStateMachine( 1025): handleMessage: E msg.what=151572
D/WifiStateMachine( 1025): processMsg: ConnectedState
D/WifiStateMachine( 1025): processMsg: L2ConnectedState
D/WifiStateMachine( 1025): handleMessage: X
I/SBar.NetworkController( 1119): refreshSignalCluster: mobile: Signal=zz_moto_stat_sys_signal_3_fully_wide Roaming=(none) mSimIconId=(none) Accessibility="Phone three bars.","Not roaming.",""
D/WifiStateMachine( 1025): handleMessage: E msg.what=151572
D/WifiStateMachine( 1025): processMsg: ConnectedState
D/WifiStateMachine( 1025): processMsg: L2ConnectedState
D/WifiStateMachine( 1025): handleMessage: X
D/WifiStateMachine( 1025): handleMessage: E msg.what=131155
D/WifiStateMachine( 1025): processMsg: ConnectedState
D/WifiStateMachine( 1025): processMsg: L2ConnectedState
D/WifiStateMachine( 1025): handleMessage: X
D/WifiStateMachine( 1025): handleMessage: E msg.what=151572
D/WifiStateMachine( 1025): processMsg: ConnectedState
D/WifiStateMachine( 1025): processMsg: L2ConnectedState
D/WifiStateMachine( 1025): handleMessage: X
I/SFPerfTracer(  274):      triggers: (rate: 51:26254) (7400 sw vsyncs) (55321 skipped) (5:82606 vsyncs) (7:101331)
I/SBar.NetworkController( 1119): onSignalStrengthsChanged SignalStrength: 7 0 -120 -160 -120 -1 -1 99 2147483647 2147483647 2147483647 2147483647 2147483647 gsm|lte 0 -108 -1 false 2 2 0 0 0 99 99 99 4 level=2
D/WifiStateMachine( 1025): handleMessage: E msg.what=151572
D/WifiStateMachine( 1025): processMsg: ConnectedState
D/WifiStateMachine( 1025): processMsg: L2ConnectedState
D/WifiStateMachine( 1025): handleMessage: X
D/WifiStateMachine( 1025): handleMessage: E msg.what=151572
D/WifiStateMachine( 1025): processMsg: ConnectedState
D/WifiStateMachine( 1025): processMsg: L2ConnectedState
D/WifiStateMachine( 1025): handleMessage: X
D/KInfoc  (10930): clear batch timer
D/KInfoc  (10930): set batch timer
D/KInfoc  (10930):  BATCH REPORTER STARTED ........
D/WifiStateMachine( 1025): handleMessage: E msg.what=131155
D/WifiStateMachine( 1025): processMsg: ConnectedState
D/WifiStateMachine( 1025): processMsg: L2ConnectedState
D/WifiStateMachine( 1025): handleMessage: X
D/WifiStateMachine( 1025): handleMessage: E msg.what=151572
D/WifiStateMachine( 1025): processMsg: ConnectedState
D/WifiStateMachine( 1025): processMsg: L2ConnectedState
D/WifiStateMachine( 1025): handleMessage: X
D/WifiStateMachine( 1025): handleMessage: E msg.what=151572
D/WifiStateMachine( 1025): processMsg: ConnectedState
D/WifiStateMachine( 1025): processMsg: L2ConnectedState
D/WifiStateMachine( 1025): handleMessage: X
I/SBar.NetworkController( 1119): refreshSignalCluster: mobile: Signal=zz_moto_stat_sys_signal_2_fully_wide Roaming=(none) mSimIconId=(none) Accessibility="Phone two bars.","Not roaming.",""
D/WifiStateMachine( 1025): handleMessage: E msg.what=151572
D/WifiStateMachine( 1025): processMsg: ConnectedState
D/WifiStateMachine( 1025): processMsg: L2ConnectedState
D/WifiStateMachine( 1025): handleMessage: X
D/Ulp_jni ( 1025): Location CB invoked
D/WifiStateMachine( 1025): handleMessage: E msg.what=131155
D/WifiStateMachine( 1025): processMsg: ConnectedState
D/WifiStateMachine( 1025): processMsg: L2ConnectedState
D/WifiStateMachine( 1025): handleMessage: X
D/WifiStateMachine( 1025): handleMessage: E msg.what=151572
D/WifiStateMachine( 1025): processMsg: ConnectedState
D/WifiStateMachine( 1025): processMsg: L2ConnectedState
D/WifiStateMachine( 1025): handleMessage: X
D/WifiStateMachine( 1025): handleMessage: E msg.what=151572
D/WifiStateMachine( 1025): processMsg: ConnectedState
D/WifiStateMachine( 1025): processMsg: L2ConnectedState
D/WifiStateMachine( 1025): handleMessage: X
D/WifiStateMachine( 1025): handleMessage: E msg.what=151572
D/WifiStateMachine( 1025): processMsg: ConnectedState
D/WifiStateMachine( 1025): processMsg: L2ConnectedState
D/WifiStateMachine( 1025): handleMessage: X
D/WifiStateMachine( 1025): handleMessage: E msg.what=131155
D/WifiStateMachine( 1025): processMsg: ConnectedState
D/WifiStateMachine( 1025): processMsg: L2ConnectedState
D/WifiStateMachine( 1025): handleMessage: X
D/WifiStateMachine( 1025): handleMessage: E msg.what=151572
D/WifiStateMachine( 1025): processMsg: ConnectedState
D/WifiStateMachine( 1025): processMsg: L2ConnectedState
D/WifiStateMachine( 1025): handleMessage: X
D/WifiStateMachine( 1025): handleMessage: E msg.what=151572
D/WifiStateMachine( 1025): processMsg: ConnectedState
D/WifiStateMachine( 1025): processMsg: L2ConnectedState
D/WifiStateMachine( 1025): handleMessage: X
D/WifiStateMachine( 1025): handleMessage: E msg.what=151572
D/WifiStateMachine( 1025): processMsg: ConnectedState
D/WifiStateMachine( 1025): processMsg: L2ConnectedState
D/WifiStateMachine( 1025): handleMessage: X
D/WifiStateMachine( 1025): handleMessage: E msg.what=131155
D/WifiStateMachine( 1025): processMsg: ConnectedState
D/WifiStateMachine( 1025): processMsg: L2ConnectedState
D/WifiStateMachine( 1025): handleMessage: X
D/WifiStateMachine( 1025): handleMessage: E msg.what=151572
D/WifiStateMachine( 1025): processMsg: ConnectedState
D/WifiStateMachine( 1025): processMsg: L2ConnectedState
D/WifiStateMachine( 1025): handleMessage: X
D/WifiStateMachine( 1025): handleMessage: E msg.what=151572
D/WifiStateMachine( 1025): processMsg: ConnectedState
D/WifiStateMachine( 1025): processMsg: L2ConnectedState
D/WifiStateMachine( 1025): handleMessage: X
D/WifiStateMachine( 1025): handleMessage: E msg.what=151572
D/WifiStateMachine( 1025): processMsg: ConnectedState
D/WifiStateMachine( 1025): processMsg: L2ConnectedState
D/WifiStateMachine( 1025): handleMessage: X
D/WifiStateMachine( 1025): handleMessage: E msg.what=131155
D/WifiStateMachine( 1025): processMsg: ConnectedState
D/WifiStateMachine( 1025): processMsg: L2ConnectedState
D/WifiStateMachine( 1025): handleMessage: X
D/WifiStateMachine( 1025): handleMessage: E msg.what=151572
D/WifiStateMachine( 1025): processMsg: ConnectedState
D/WifiStateMachine( 1025): processMsg: L2ConnectedState
D/WifiStateMachine( 1025): handleMessage: X
D/Ulp_jni ( 1025): Location CB invoked
D/WifiStateMachine( 1025): handleMessage: E msg.what=151572
D/WifiStateMachine( 1025): processMsg: ConnectedState
D/WifiStateMachine( 1025): processMsg: L2ConnectedState
D/WifiStateMachine( 1025): handleMessage: X
I/SBar.NetworkController( 1119): onSignalStrengthsChanged SignalStrength: 8 0 -120 -160 -120 -1 -1 99 2147483647 2147483647 2147483647 2147483647 2147483647 gsm|lte 0 -108 -1 false 3 3 0 0 0 99 99 99 4 level=3
I/SBar.NetworkController( 1119): refreshSignalCluster: mobile: Signal=zz_moto_stat_sys_signal_3_fully_wide Roaming=(none) mSimIconId=(none) Accessibility="Phone three bars.","Not roaming.",""
D/WifiStateMachine( 1025): handleMessage: E msg.what=151572
D/WifiStateMachine( 1025): processMsg: ConnectedState
D/WifiStateMachine( 1025): processMsg: L2ConnectedState
D/WifiStateMachine( 1025): handleMessage: X
D/WifiStateMachine( 1025): handleMessage: E msg.what=131155
D/WifiStateMachine( 1025): processMsg: ConnectedState
D/WifiStateMachine( 1025): processMsg: L2ConnectedState
D/WifiStateMachine( 1025): handleMessage: X
D/WifiStateMachine( 1025): handleMessage: E msg.what=151572
D/WifiStateMachine( 1025): processMsg: ConnectedState
D/WifiStateMachine( 1025): processMsg: L2ConnectedState
D/WifiStateMachine( 1025): handleMessage: X
D/WifiStateMachine( 1025): handleMessage: E msg.what=151572
D/WifiStateMachine( 1025): processMsg: ConnectedState
D/WifiStateMachine( 1025): processMsg: L2ConnectedState
D/WifiStateMachine( 1025): handleMessage: X
D/WifiStateMachine( 1025): handleMessage: E msg.what=151572
D/WifiStateMachine( 1025): processMsg: ConnectedState
D/WifiStateMachine( 1025): processMsg: L2ConnectedState
D/WifiStateMachine( 1025): handleMessage: X
