D/ConnectivityService( 1016): ConnectivityChange for mobile_supl: DISCONNECTED/DISCONNECTED
I/ActivityManager( 1016): Process com.google.android.talk (pid 27995) has died.
W/ActivityManager( 1016): Service ServiceRecord{443f43d0 u0 com.google.android.talk/com.google.android.libraries.hangouts.video.CallService} in process ProcessRecord{43091fa8 27995:com.google.android.talk/u0a71} not same as in map: null
W/FrameworkListener(  274): Handler 'interface' error (No such device)
F/ProcessStats( 1016): Starting service ServiceState{43a506e8 com.tranzmate.services.LocationService pkg=com.tranzmate proc=43a506e8} without owner
W/FrameworkListener(  274): Handler 'interface' error (No such device)
D/ConnectivityService( 1016): resetConnections(rmnet0, 3)
D/Nat464Xlat( 1016): requiresClat: netType=3, hasIPv4Address=true
D/MobileDataStateTracker( 1016): default: setPolicyDataEnable(enabled=true)
W/Vold    (  261): Returning OperationFailed - no handler for errno 30
W/Vold    (  261): Returning OperationFailed - no handler for errno 30
I/ActivityManager( 1016): Start proc com.mobisystems.ubreader_west for broadcast com.mobisystems.ubreader_west/com.mobisystems.ubreader.launcher.network.NetworkStateReceiver: pid=28124 uid=10117 gids={50117, 3003, 1028, 1015}
F/ProcessStats( 1016): Starting service ServiceState{43a506e8 com.tranzmate.services.LocationService pkg=com.tranzmate proc=43a506e8} without owner
W/Vold    (  261): Returning OperationFailed - no handler for errno 30
I/SFPerfTracer(  278):      triggers: (rate: 501:16403) (compose: 0:57) (post: 0:3) (render: 47:4349) (0:245408 frames) (1:730489)
D/SFPerfTracer(  278):        layers: (4:9) (DimLayer: 0:145)* (DimLayer: 0:163)* (FocusedStackFrame: 0:5389)* (StatusBar: 0:53870) (NavigationBar: 0:35059) (DimLayer: 0:10075)* (DimLayer: 0:1156)* (com.android.wallpaper.fall.FallWallpaper: 1:9842) (com.android.launcher/com.android.launcher2.Launcher: 0:66) 
W/Vold    (  261): Returning OperationFailed - no handler for errno 30
D/MobileDataStateTracker( 1016): default: setPolicyDataEnable(enabled=true)
D/MobileDataStateTracker( 1016): default: setPolicyDataEnable(enabled=true)
D/MobileDataStateTracker( 1016): default: setPolicyDataEnable(enabled=true)
I/ActivityManager( 1016): Start proc com.android.mms for broadcast com.android.mms/.transaction.MmsSystemEventReceiver: pid=28145 uid=10031 gids={50031, 3003, 1028, 1015}
I/ActivityManager( 1016): Process com.google.android.apps.magazines (pid 28018) has died.
I/ActivityManager( 1016): Process com.android.chrome (pid 28066) has died.
D/ConnectivityService( 1016): handleInetConditionHoldEnd: net=1, condition=100, published condition=100
I/ActivityManager( 1016): Process com.rhmsoft.fm:crash.feedback (pid 28086) has died.
F/ProcessStats( 1016): Starting service ServiceState{43a506e8 com.tranzmate.services.LocationService pkg=com.tranzmate proc=43a506e8} without owner
E/ActivityThread(31852): Failed to find provider info for com.motorola.blur.setupprovider
E/ActivityThread(31852): Failed to find provider info for com.motorola.blur.setupprovider
I/openssl (24728): Crypto mode not selected, openssl will run on its regular mode.
I/openssl (24728): Crypto mode 0 already enabled
I/ActivityManager( 1016): Start proc com.google.android.setupwizard for broadcast com.google.android.setupwizard/.MobileConnectivityChangeReceiver: pid=28197 uid=10042 gids={50042, 3003}
F/ProcessStats( 1016): Starting service ServiceState{43a506e8 com.tranzmate.services.LocationService pkg=com.tranzmate proc=43a506e8} without owner
I/ActivityManager( 1016): Start proc com.google.android.apps.plus for broadcast com.google.android.apps.plus/.service.ConnectivityReceiver: pid=28214 uid=10090 gids={50090, 3003, 3002, 1028, 1015}
I/ActivityManager( 1016): Process com.mobisystems.ubreader_west (pid 28124) has died.
F/ProcessStats( 1016): Starting service ServiceState{43a506e8 com.tranzmate.services.LocationService pkg=com.tranzmate proc=43a506e8} without owner
I/ActivityManager( 1016): Start proc com.google.android.talk for broadcast com.google.android.talk/com.google.android.apps.hangouts.service.NetworkStateReceiver: pid=28238 uid=10071 gids={50071, 3003, 1028, 1015, 3002}
F/ProcessStats( 1016): Starting service ServiceState{43a506e8 com.tranzmate.services.LocationService pkg=com.tranzmate proc=43a506e8} without owner
I/ActivityManager( 1016): Process com.android.mms (pid 28145) has died.
F/ProcessStats( 1016): Starting service ServiceState{43a506e8 com.tranzmate.services.LocationService pkg=com.tranzmate proc=43a506e8} without owner
I/ActivityManager( 1016): Start proc com.google.android.apps.magazines for broadcast com.google.android.apps.magazines/com.google.apps.dots.android.newsstand.appwidget.NewsWidgetProvider: pid=28264 uid=10077 gids={50077, 3003, 1028, 1015}
W/AppOps  ( 1016): Bad call: specified package qcamera under uid 1013 but it is really -1
W/AppOps  ( 1016): Bad call: specified package qcamera under uid 1013 but it is really -1
W/AppOps  ( 1016): Bad call: specified package qcamera under uid 1013 but it is really -1
W/Vold    (  261): Returning OperationFailed - no handler for errno 30
W/Vold    (  261): Returning OperationFailed - no handler for errno 30
W/Vold    (  261): Returning OperationFailed - no handler for errno 30
W/Vold    (  261): Returning OperationFailed - no handler for errno 30
W/AppOps  ( 1016): Bad call: specified package qcamera under uid 1013 but it is really -1
--------- beginning of /dev/log/main
D/dalvikvm(28238): VFY: replacing opcode 0x74 at 0x0053
I/dalvikvm(28238): Could not find method android.media.projection.MediaProjection.stop, referenced from method com.google.android.libraries.hangouts.video.ScreenCaptureVideoSource.release
W/dalvikvm(28238): VFY: unable to resolve virtual method 3520: Landroid/media/projection/MediaProjection;.stop ()V
D/dalvikvm(28238): VFY: replacing opcode 0x6e at 0x002d
I/dalvikvm(28238): Could not find method android.media.projection.MediaProjectionManager.createScreenCaptureIntent, referenced from method com.google.android.libraries.hangouts.video.ScreenCaptureVideoSource.startCapture
W/dalvikvm(28238): VFY: unable to resolve virtual method 3522: Landroid/media/projection/MediaProjectionManager;.createScreenCaptureIntent ()Landroid/content/Intent;
D/dalvikvm(28238): VFY: replacing opcode 0x6e at 0x0023
W/dalvikvm(28238): Unable to resolve superclass of Lcom/google/android/libraries/hangouts/video/ScreenCaptureVideoSource$2; (596)
W/dalvikvm(28238): Link of class 'Lcom/google/android/libraries/hangouts/video/ScreenCaptureVideoSource$2;' failed
D/dalvikvm(28238): DexOpt: unable to opt direct call 0x4a49 at 0x46 in Lcom/google/android/libraries/hangouts/video/ScreenCaptureVideoSource;.<init>
I/dalvikvm(28238): Could not find method android.media.MediaCodecInfo$CodecCapabilities.getVideoCapabilities, referenced from method com.google.android.libraries.hangouts.video.EncoderManager.isHardwareAcceleratedCodec
W/dalvikvm(28238): VFY: unable to resolve virtual method 3454: Landroid/media/MediaCodecInfo$CodecCapabilities;.getVideoCapabilities ()Landroid/media/MediaCodecInfo$VideoCapabilities;
D/dalvikvm(28238): VFY: replacing opcode 0x6e at 0x001f
F/ProcessStats( 1016): Starting service ServiceState{43a506e8 com.tranzmate.services.LocationService pkg=com.tranzmate proc=43a506e8} without owner
I/ActivityManager( 1016): Process com.google.android.setupwizard (pid 28197) has died.
F/ProcessStats( 1016): Starting service ServiceState{43a506e8 com.tranzmate.services.LocationService pkg=com.tranzmate proc=43a506e8} without owner
V/WebViewChromiumFactoryProvider(28264): Binding Chromium to main looper Looper (main, tid 1) {4278fca8}
I/LibraryLoader(28264): Expected native library version number "",actual native library version number ""
I/chromium(28264): [INFO:library_loader_hooks.cc(116)] Chromium logging enabled: level = 0, default verbosity = 0
I/BrowserStartupController(28264): Initializing chromium process, renderers=0
E/AudioManagerAndroid(28264): BLUETOOTH permission is missing!
I/Adreno-EGL(28264): <qeglDrvAPI_eglInitialize:410>: EGL 1.4 QUALCOMM build: AU_LINUX_ANDROID_LNX.LA.3.5.1_RB1.04.04.02.048.018_msm8226_LNX.LA.3.5.1_RB1__release_AU ()
I/Adreno-EGL(28264): OpenGL ES Shader Compiler Version: E031.24.00.08
I/Adreno-EGL(28264): Build Date: 03/07/14 Fri
I/Adreno-EGL(28264): Local Branch: 
I/Adreno-EGL(28264): Remote Branch: quic/LNX.LA.3.5.1_RB1.1
I/Adreno-EGL(28264): Local Patches: NONE
I/Adreno-EGL(28264): Reconstruct Branch: AU_LINUX_ANDROID_LNX.LA.3.5.1_RB1.04.04.02.048.018 + f2fd134 +  NOTHING
I/NSApplication(28264): Starting up...
I/ActivityManager( 1016): Start proc com.android.chrome for broadcast com.android.chrome/com.google.android.apps.chrome.precache.PrecacheServiceLauncher: pid=28319 uid=10057 gids={50057, 3003, 1028, 1015}
F/ProcessStats( 1016): Starting service ServiceState{43a506e8 com.tranzmate.services.LocationService pkg=com.tranzmate proc=43a506e8} without owner
D/AudioManagerAndroid(28264): ==> onReceive: s=0, m=1, n=h2w, sb=true
D/AudioManagerAndroid(28264): reportUpdate: state=0, devices=[Speakerphone, Headset earpiece]
I/ActivityManager( 1016): Process com.google.android.apps.plus (pid 28214) has died.
F/ProcessStats( 1016): Starting service ServiceState{43a506e8 com.tranzmate.services.LocationService pkg=com.tranzmate proc=43a506e8} without owner
I/ActivityManager( 1016): Start proc com.rhmsoft.fm:crash.feedback for broadcast com.rhmsoft.fm/com.cleanmaster.fm.receiver.ConnectivityChangeBroadcastReceiver: pid=28333 uid=10105 gids={50105, 3003, 1028, 1015}
F/ProcessStats( 1016): Starting service ServiceState{43a506e8 com.tranzmate.services.LocationService pkg=com.tranzmate proc=43a506e8} without owner
I/SBar.NetworkController( 1078): refreshSignalCluster: wifi: mWifiConnected=true Wifi=zz_moto_stat_sys_wifi_signal_4_fully_wide Activity=(none) in=false out=false Accessibility="Wi-Fi signal full."
I/SBar.NetworkController( 1078): refreshSignalCluster: mobile: mHasMobileDataFeature=true DataTypeShown=(none) Activity=(none) in=false out=false Accessibility="H plus"
D/WifiStateMachine( 1016): handleMessage: E msg.what=151572
D/WifiStateMachine( 1016): processMsg: ConnectedState
D/WifiStateMachine( 1016): processMsg: L2ConnectedState
W/Settings(28333): Setting android_id has moved from android.provider.Settings.System to android.provider.Settings.Secure, returning read-only value.
D/WifiStateMachine( 1016): handleMessage: X
E/cutils  (  261): Failed to mkdirat(/storage/sdcard1/Android): Read-only file system
W/Vold    (  261): Returning OperationFailed - no handler for errno 30
W/ContextImpl(28333): Failed to ensure directory: /storage/sdcard1/Android/data/com.rhmsoft.fm/files
I/ActivityManager( 1016): Start proc com.mobisystems.ubreader_west for broadcast com.mobisystems.ubreader_west/com.mobisystems.ubreader.launcher.network.NetworkStateReceiver: pid=28354 uid=10117 gids={50117, 3003, 1028, 1015}
E/cutils  (  261): Failed to mkdirat(/storage/sdcard1/Android): Read-only file system
W/Vold    (  261): Returning OperationFailed - no handler for errno 30
W/ContextImpl(28333): Failed to ensure directory: /storage/sdcard1/Android/data/com.rhmsoft.fm/files
E/cutils  (  261): Failed to mkdirat(/storage/sdcard1/Android): Read-only file system
W/Vold    (  261): Returning OperationFailed - no handler for errno 30
D/dalvikvm(28333): Trying to load lib /data/data/com.rhmsoft.fm/lib/libkcmutil.so 0x4278a5d8
W/linker  (28333): libkcmutil.so has text relocations. This is wasting memory and is a security risk. Please fix.
W/ContextImpl(28333): Failed to ensure directory: /storage/sdcard1/Android/data/com.rhmsoft.fm/files
D/dalvikvm(28333): Added shared lib /data/data/com.rhmsoft.fm/lib/libkcmutil.so 0x4278a5d8
E/cutils  (  261): Failed to mkdirat(/storage/sdcard1/Android): Read-only file system
W/Vold    (  261): Returning OperationFailed - no handler for errno 30
W/ContextImpl(28333): Failed to ensure directory: /storage/sdcard1/Android/data/com.rhmsoft.fm/files
I/ActivityManager( 1016): Process com.google.android.talk (pid 28238) has died.
W/ActivityManager( 1016): Service ServiceRecord{444faaa0 u0 com.google.android.talk/com.google.android.libraries.hangouts.video.CallService} in process ProcessRecord{42a84cc8 28238:com.google.android.talk/u0a71} not same as in map: null
D/PodcastAddictBroadcastReceiver(25827): Connectivity changed... (android.net.conn.CONNECTIVITY_CHANGE)
D/PodcastAddictBroadcastReceiver(25827): resumeService() - connected
D/PodcastAddictBroadcastReceiver(25827): resumeService() - starting connection change process
I/ActivityManager( 1016): Process com.google.android.apps.magazines (pid 28264) has died.
I/openssl (24728): Crypto mode not selected, openssl will run on its regular mode.
I/openssl (24728): Crypto mode 0 already enabled
W/PodcastAddictBroadcastReceiver(25827): Network modification detected but ignored... (0)
D/PodcastAddictBroadcastReceiver(25827): resumeService() - finishing connection change process
I/ActivityManager( 1016): Start proc com.android.mms for broadcast com.android.mms/.transaction.MmsSystemEventReceiver: pid=28372 uid=10031 gids={50031, 3003, 1028, 1015}
V/MmsConfig(28372): mnc/mcc: 27203
V/MmsConfig(28372): tag: bool value: enabledMMS - true
V/MmsConfig(28372): tag: int value: maxMessageSize - 307200
V/MmsConfig(28372): tag: int value: maxImageHeight - 1944
V/MmsConfig(28372): tag: int value: maxImageWidth - 2592
V/MmsConfig(28372): tag: int value: defaultSMSMessagesPerThread - 500
D/Ulp_jni ( 1016): Location CB invoked
V/MmsConfig(28372): tag: int value: defaultMMSMessagesPerThread - 50
V/MmsConfig(28372): tag: int value: minMessageCountPerThread - 10
V/MmsConfig(28372): tag: int value: maxMessageCountPerThread - 5000
V/MmsConfig(28372): tag: int value: recipientLimit - 20
V/MmsConfig(28372): tag: bool value: enableMultipartSMS - true
V/MmsConfig(28372): tag: int value: smsToMmsTextThreshold - 6
V/MmsConfig(28372): tag: bool value: enableSlideDuration - true
V/MmsConfig(28372): tag: int value: maxMessageTextSize - -1
V/MmsConfig(28372): tag: int value: maxSubjectLength - 80
V/MmsConfig(28372): tag: bool value: smsForceShowEncodingMenu - true
V/MmsConfig(28372): tag: bool value: smsForce7BitEncoding - false
V/MmsConfig(28372): tag: bool value: enableGroupMms - false
E/MmsConfig(28372): MmsConfig.loadMmsSettings mms_config.xml missing uaProfUrl setting
I/ActivityManager( 1016): Start proc com.google.android.setupwizard for broadcast com.google.android.setupwizard/.MobileConnectivityChangeReceiver: pid=28391 uid=10042 gids={50042, 3003}
D/MobileConnectivityChangeReceiver(28391): onReceive Intent { act=android.net.conn.CONNECTIVITY_CHANGE flg=0x4000010 cmp=com.google.android.setupwizard/.MobileConnectivityChangeReceiver (has extras) }
D/MobileConnectivityChangeReceiver(28391): onReceive CONNECTIVITY_CHANGE networkType=1
E/PhoneMonitor(28391): onOtaspChanged old =0, new =3
V/PhoneMonitor(28391): mOtaspPhoneStateListener#onOtaspChanged, mOtaspMode=3
F/ProcessStats( 1016): Starting service ServiceState{43a506e8 com.tranzmate.services.LocationService pkg=com.tranzmate proc=43a506e8} without owner
D/GCM     (31791): GcmService start Intent { act=android.net.conn.CONNECTIVITY_CHANGE flg=0x4000010 cmp=com.google.android.gms/.gcm.GcmService (has extras) } android.net.conn.CONNECTIVITY_CHANGE
I/iu.Environment(20163): update connectivity state; isNetworkMetered? false, isRoaming? false, isBackgroundDataAllowed? true
I/CheckinService(20163): Checking schedule, now: 1428176832703 next: 1428176858791
I/CheckinService(20163): active receiver: disabled
I/ActivityManager( 1016): Start proc com.google.android.apps.plus for broadcast com.google.android.apps.plus/.service.ConnectivityReceiver: pid=28406 uid=10090 gids={50090, 3003, 3002, 1028, 1015}
E/dalvikvm(28406): Could not find class 'android.app.Notification$Action$Builder', referenced from method b.a
W/dalvikvm(28406): VFY: unable to resolve new-instance 302 (Landroid/app/Notification$Action$Builder;) in Lb;
D/dalvikvm(28406): VFY: replacing opcode 0x22 at 0x0000
E/dalvikvm(28406): Could not find class 'android.graphics.drawable.RippleDrawable', referenced from method b.a
W/dalvikvm(28406): VFY: unable to resolve new-instance 462 (Landroid/graphics/drawable/RippleDrawable;) in Lb;
D/dalvikvm(28406): VFY: replacing opcode 0x22 at 0x000b
W/dalvikvm(28406): VFY: unable to find class referenced in signature (Lzt;)
W/dalvikvm(28406): VFY: unable to find class referenced in signature (Lzt;)
W/dalvikvm(28406): VFY: unable to find class referenced in signature (Lzt;)
W/dalvikvm(28406): VFY: unable to find class referenced in signature (Lzt;)
W/dalvikvm(28406): VFY: unable to find class referenced in signature (Lzt;)
W/dalvikvm(28406): VFY: unable to find class referenced in signature (Lzt;)
W/dalvikvm(28406): VFY: unable to find class referenced in signature (Lzt;)
E/dalvikvm(28406): Could not find class 'android.app.Notification$Action$Builder', referenced from method b.a
W/dalvikvm(28406): VFY: unable to resolve new-instance 302 (Landroid/app/Notification$Action$Builder;) in Lb;
D/dalvikvm(28406): VFY: replacing opcode 0x22 at 0x0000
W/dalvikvm(28406): Unable to resolve superclass of Lar; (689)
W/dalvikvm(28406): Link of class 'Lar;' failed
E/dalvikvm(28406): Could not find class 'ar', referenced from method b.a
W/dalvikvm(28406): VFY: unable to resolve new-instance 999 (Lar;) in Lb;
D/dalvikvm(28406): VFY: replacing opcode 0x22 at 0x0006
W/dalvikvm(28406): Unable to resolve superclass of Lat; (689)
W/dalvikvm(28406): Link of class 'Lat;' failed
E/dalvikvm(28406): Could not find class 'at', referenced from method b.a
W/dalvikvm(28406): VFY: unable to resolve new-instance 1053 (Lat;) in Lb;
D/dalvikvm(28406): VFY: replacing opcode 0x22 at 0x002a
I/ActivityManager( 1016): Process com.mobisystems.ubreader_west (pid 28354) has died.
F/ProcessStats( 1016): Starting service ServiceState{43a506e8 com.tranzmate.services.LocationService pkg=com.tranzmate proc=43a506e8} without owner
I/dalvikvm(28406): Could not find method android.view.ViewGroup.isTransitionGroup, referenced from method b.a
W/dalvikvm(28406): VFY: unable to resolve virtual method 4388: Landroid/view/ViewGroup;.isTransitionGroup ()Z
D/dalvikvm(28406): VFY: replacing opcode 0x6e at 0x000c
I/dalvikvm(28406): Could not find method android.view.View.getTransitionName, referenced from method b.a
W/dalvikvm(28406): VFY: unable to resolve virtual method 4205: Landroid/view/View;.getTransitionName ()Ljava/lang/String;
D/dalvikvm(28406): VFY: replacing opcode 0x6e at 0x0006
F/ProcessStats( 1016): Starting service ServiceState{43a506e8 com.tranzmate.services.LocationService pkg=com.tranzmate proc=43a506e8} without owner
W/dalvikvm(28406): VFY: unable to find class referenced in signature ([Landroid/app/RemoteInput;)
E/dalvikvm(28406): Could not find class 'android.app.RemoteInput[]', referenced from method b.a
W/dalvikvm(28406): VFY: unable to resolve new-array 12606 ([Landroid/app/RemoteInput;) in Lb;
D/dalvikvm(28406): VFY: replacing opcode 0x23 at 0x0005
D/dalvikvm(28406): DexOpt: unable to opt direct call 0x0530 at 0x0e in Lb;.a
D/dalvikvm(28406): DexOpt: unable to opt direct call 0x08a4 at 0x0e in Lb;.a
D/dalvikvm(28406): DexOpt: unable to opt direct call 0x0530 at 0x0e in Lb;.a
W/dalvikvm(28406): Unable to resolve superclass of Lar; (689)
W/dalvikvm(28406): Link of class 'Lar;' failed
D/dalvikvm(28406): DexOpt: unable to opt direct call 0x177c at 0x08 in Lb;.a
W/dalvikvm(28406): Unable to resolve superclass of Lat; (689)
W/dalvikvm(28406): Link of class 'Lat;' failed
D/dalvikvm(28406): DexOpt: unable to opt direct call 0x1846 at 0x2c in Lb;.a
D/dalvikvm(28406): DexOpt: unable to opt direct call 0x0587 at 0x13 in Lb;.a
D/dalvikvm(28406): Trying to load lib /data/app-lib/com.google.android.apps.plus-1/libcrashreporterer.so 0x427938f0
D/dalvikvm(28406): Added shared lib /data/app-lib/com.google.android.apps.plus-1/libcrashreporterer.so 0x427938f0
I/dalvikvm(28406): Could not find method android.content.Context.getDrawable, referenced from method c.a
W/dalvikvm(28406): VFY: unable to resolve virtual method 1545: Landroid/content/Context;.getDrawable (I)Landroid/graphics/drawable/Drawable;
D/dalvikvm(28406): VFY: replacing opcode 0x6e at 0x0006
I/ActivityManager( 1016): Start proc com.google.android.talk for broadcast com.google.android.talk/com.google.android.apps.hangouts.service.NetworkStateReceiver: pid=28424 uid=10071 gids={50071, 3003, 1028, 1015, 3002}
D/dalvikvm(28424): Trying to load lib /data/app-lib/com.google.android.talk-1/libcrashreporterer.so 0x427915d0
D/dalvikvm(28424): Added shared lib /data/app-lib/com.google.android.talk-1/libcrashreporterer.so 0x427915d0
E/dalvikvm(28424): Could not find class 'android.app.Notification$Action$Builder', referenced from method f.a
W/dalvikvm(28424): VFY: unable to resolve new-instance 402 (Landroid/app/Notification$Action$Builder;) in Lf;
D/dalvikvm(28424): VFY: replacing opcode 0x22 at 0x0000
E/dalvikvm(28424): Could not find class 'android.app.RemoteInput$Builder', referenced from method f.a
W/dalvikvm(28424): VFY: unable to resolve new-instance 414 (Landroid/app/RemoteInput$Builder;) in Lf;
D/dalvikvm(28424): VFY: replacing opcode 0x22 at 0x003d
E/dalvikvm(28424): Could not find class 'android.app.Notification$Action$Builder', referenced from method f.a
W/dalvikvm(28424): VFY: unable to resolve new-instance 402 (Landroid/app/Notification$Action$Builder;) in Lf;
D/dalvikvm(28424): VFY: replacing opcode 0x22 at 0x0000
W/dalvikvm(28424): Unable to resolve superclass of Law; (790)
W/dalvikvm(28424): Link of class 'Law;' failed
E/dalvikvm(28424): Could not find class 'aw', referenced from method f.a
W/dalvikvm(28424): VFY: unable to resolve new-instance 1214 (Law;) in Lf;
D/dalvikvm(28424): VFY: replacing opcode 0x22 at 0x0006
W/dalvikvm(28424): Unable to resolve superclass of Lay; (790)
W/dalvikvm(28424): Link of class 'Lay;' failed
E/dalvikvm(28424): Could not find class 'ay', referenced from method f.a
W/dalvikvm(28424): VFY: unable to resolve new-instance 1268 (Lay;) in Lf;
D/dalvikvm(28424): VFY: replacing opcode 0x22 at 0x002a
I/dalvikvm(28424): Could not find method android.view.ViewGroup.isTransitionGroup, referenced from method f.a
W/dalvikvm(28424): VFY: unable to resolve virtual method 5345: Landroid/view/ViewGroup;.isTransitionGroup ()Z
D/dalvikvm(28424): VFY: replacing opcode 0x6e at 0x000c
I/dalvikvm(28424): Could not find method android.view.View.getTransitionName, referenced from method f.a
W/dalvikvm(28424): VFY: unable to resolve virtual method 5199: Landroid/view/View;.getTransitionName ()Ljava/lang/String;
D/dalvikvm(28424): VFY: replacing opcode 0x6e at 0x0006
W/dalvikvm(28424): VFY: unable to find class referenced in signature ([Landroid/app/RemoteInput;)
E/dalvikvm(28424): Could not find class 'android.app.RemoteInput[]', referenced from method f.a
W/dalvikvm(28424): VFY: unable to resolve new-array 6957 ([Landroid/app/RemoteInput;) in Lf;
D/dalvikvm(28424): VFY: replacing opcode 0x23 at 0x0005
D/dalvikvm(28424): DexOpt: couldn't find static field Landroid/os/Build;.SUPPORTED_ABIS
W/dalvikvm(28424): VFY: unable to resolve static field 1486 (SUPPORTED_ABIS) in Landroid/os/Build;
D/dalvikvm(28424): VFY: replacing opcode 0x62 at 0x0006
D/dalvikvm(28424): DexOpt: unable to opt direct call 0x0a62 at 0x0e in Lf;.a
D/dalvikvm(28424): DexOpt: unable to opt direct call 0x0ab7 at 0x43 in Lf;.a
D/dalvikvm(28424): DexOpt: unable to opt direct call 0x0a62 at 0x0e in Lf;.a
W/dalvikvm(28424): Unable to resolve superclass of Law; (790)
W/dalvikvm(28424): Link of class 'Law;' failed
D/dalvikvm(28424): DexOpt: unable to opt direct call 0x1d53 at 0x08 in Lf;.a
W/dalvikvm(28424): Unable to resolve superclass of Lay; (790)
W/dalvikvm(28424): Link of class 'Lay;' failed
D/dalvikvm(28424): DexOpt: unable to opt direct call 0x1e94 at 0x2c in Lf;.a
D/dalvikvm(28424): DexOpt: unable to opt direct call 0x0ab7 at 0x13 in Lf;.a
I/dalvikvm(28424): Could not find method android.content.Context.getDrawable, referenced from method i.a
W/dalvikvm(28424): VFY: unable to resolve virtual method 2839: Landroid/content/Context;.getDrawable (I)Landroid/graphics/drawable/Drawable;
D/dalvikvm(28424): VFY: replacing opcode 0x6e at 0x0006
I/Babel   (28424): MmsConfig: mnc/mcc: 272/3
I/Babel   (28424): MmsConfig.loadMmsSettings
I/Babel   (28424): MmsConfig.loadDeviceMmsSettings from API: mUserAgent=motoxt1039, mUaProfUrl=http://uaprof.motorola.com/phoneconfig/motoxt1039/Profile/motoxt1039.rdf
I/Babel   (28424): MmsConfig.loadFromDatabase
E/SQLiteLog(28424): (1) no such table: mmsconfig
I/Babel   (28424): MmsConfig: no mmsconfig table android.database.sqlite.SQLiteException: no such table: mmsconfig (code 1): , while compiling: SELECT key, value, type FROM mmsconfig WHERE numeric=?
I/Babel   (28424): MmsConfig.loadFromResources
E/Babel   (28424): canonicalizeMccMnc: invalid mccmnc nullnull
I/Babel   (28424): MmsConfig.loadMmsSettings: mUserAgent=motoxt1039, mUaProfUrl=http://uaprof.motorola.com/phoneconfig/motoxt1039/Profile/motoxt1039.rdf
W/Settings(28424): Setting airplane_mode_on has moved from android.provider.Settings.System to android.provider.Settings.Global, returning read-only value.
I/Babel_StickerModule(28424): App launched.
I/ActivityManager( 1016): Start proc com.google.android.apps.magazines for broadcast com.google.android.apps.magazines/com.google.apps.dots.android.newsstand.appwidget.NewsWidgetProvider: pid=28452 uid=10077 gids={50077, 3003, 1028, 1015}
W/AppOps  ( 1016): Bad call: specified package qcamera under uid 1013 but it is really -1
W/AppOps  ( 1016): Bad call: specified package qcamera under uid 1013 but it is really -1
I/dalvikvm(28452): Could not find method android.accounts.AccountManager.getPreviousName, referenced from method com.google.apps.dots.android.newsstand.auth.AccountManagerDelegate.getPreviousName
W/dalvikvm(28452): VFY: unable to resolve virtual method 7: Landroid/accounts/AccountManager;.getPreviousName (Landroid/accounts/Account;)Ljava/lang/String;
D/dalvikvm(28452): VFY: replacing opcode 0x6e at 0x0002
W/AppOps  ( 1016): Bad call: specified package qcamera under uid 1013 but it is really -1
E/cutils  (  261): Failed to mkdirat(/storage/sdcard1/Android): Read-only file system
W/Vold    (  261): Returning OperationFailed - no handler for errno 30
W/ContextImpl(28452): Failed to ensure directory: /storage/sdcard1/Android/data/com.google.android.apps.magazines/cache
E/cutils  (  261): Failed to mkdirat(/storage/sdcard1/Android): Read-only file system
W/Vold    (  261): Returning OperationFailed - no handler for errno 30
W/ContextImpl(28452): Failed to ensure directory: /storage/sdcard1/Android/data/com.google.android.apps.magazines/files
E/cutils  (  261): Failed to mkdirat(/storage/sdcard1/Android): Read-only file system
W/Vold    (  261): Returning OperationFailed - no handler for errno 30
W/ContextImpl(28452): Failed to ensure directory: /storage/sdcard1/Android/data/com.google.android.apps.magazines/cache
W/AppOps  ( 1016): Bad call: specified package qcamera under uid 1013 but it is really -1
E/cutils  (  261): Failed to mkdirat(/storage/sdcard1/Android): Read-only file system
W/Vold    (  261): Returning OperationFailed - no handler for errno 30
W/ContextImpl(28452): Failed to ensure directory: /storage/sdcard1/Android/data/com.google.android.apps.magazines/files
W/dalvikvm(28424): Unable to resolve superclass of Lcom/google/android/libraries/hangouts/video/ScreenCaptureVideoSource$2; (596)
W/dalvikvm(28424): Link of class 'Lcom/google/android/libraries/hangouts/video/ScreenCaptureVideoSource$2;' failed
E/dalvikvm(28424): Could not find class 'com.google.android.libraries.hangouts.video.ScreenCaptureVideoSource$2', referenced from method com.google.android.libraries.hangouts.video.ScreenCaptureVideoSource.<init>
W/dalvikvm(28424): VFY: unable to resolve new-instance 2878 (Lcom/google/android/libraries/hangouts/video/ScreenCaptureVideoSource$2;) in Lcom/google/android/libraries/hangouts/video/ScreenCaptureVideoSource;
D/dalvikvm(28424): VFY: replacing opcode 0x22 at 0x0044
W/dalvikvm(28424): VFY: unable to find class referenced in signature (Landroid/media/projection/MediaProjection;)
W/dalvikvm(28424): VFY: unable to find class referenced in signature (Landroid/media/projection/MediaProjection;)
W/dalvikvm(28424): VFY: unable to find class referenced in signature (Landroid/media/projection/MediaProjection;)
W/dalvikvm(28424): VFY: unable to find class referenced in signature (Landroid/media/projection/MediaProjectionManager;)
I/dalvikvm(28424): Could not find method android.media.projection.MediaProjection.createVirtualDisplay, referenced from method com.google.android.libraries.hangouts.video.ScreenCaptureVideoSource.createVirtualDisplay
W/dalvikvm(28424): VFY: unable to resolve virtual method 3518: Landroid/media/projection/MediaProjection;.createVirtualDisplay (Ljava/lang/String;IIIILandroid/view/Surface;Landroid/hardware/display/VirtualDisplay$Callback;Landroid/os/Handler;)Landroid/hardware/display/VirtualDisplay;
D/dalvikvm(28424): VFY: replacing opcode 0x74 at 0x0053
D/WifiStateMachine( 1016): handleMessage: E msg.what=151572
D/WifiStateMachine( 1016): processMsg: ConnectedState
D/WifiStateMachine( 1016): processMsg: L2ConnectedState
I/dalvikvm(28424): Could not find method android.media.projection.MediaProjection.stop, referenced from method com.google.android.libraries.hangouts.video.ScreenCaptureVideoSource.release
W/dalvikvm(28424): VFY: unable to resolve virtual method 3520: Landroid/media/projection/MediaProjection;.stop ()V
D/dalvikvm(28424): VFY: replacing opcode 0x6e at 0x002d
I/dalvikvm(28424): Could not find method android.media.projection.MediaProjectionManager.createScreenCaptureIntent, referenced from method com.google.android.libraries.hangouts.video.ScreenCaptureVideoSource.startCapture
W/dalvikvm(28424): VFY: unable to resolve virtual method 3522: Landroid/media/projection/MediaProjectionManager;.createScreenCaptureIntent ()Landroid/content/Intent;
D/dalvikvm(28424): VFY: replacing opcode 0x6e at 0x0023
W/dalvikvm(28424): Unable to resolve superclass of Lcom/google/android/libraries/hangouts/video/ScreenCaptureVideoSource$2; (596)
W/dalvikvm(28424): Link of class 'Lcom/google/android/libraries/hangouts/video/ScreenCaptureVideoSource$2;' failed
D/dalvikvm(28424): DexOpt: unable to opt direct call 0x4a49 at 0x46 in Lcom/google/android/libraries/hangouts/video/ScreenCaptureVideoSource;.<init>
D/WifiStateMachine( 1016): handleMessage: X
I/dalvikvm(28424): Could not find method android.media.MediaCodecInfo$CodecCapabilities.getVideoCapabilities, referenced from method com.google.android.libraries.hangouts.video.EncoderManager.isHardwareAcceleratedCodec
W/dalvikvm(28424): VFY: unable to resolve virtual method 3454: Landroid/media/MediaCodecInfo$CodecCapabilities;.getVideoCapabilities ()Landroid/media/MediaCodecInfo$VideoCapabilities;
D/dalvikvm(28424): VFY: replacing opcode 0x6e at 0x001f
V/WebViewChromiumFactoryProvider(28452): Binding Chromium to main looper Looper (main, tid 1) {4278cd28}
I/LibraryLoader(28452): Expected native library version number "",actual native library version number ""
I/chromium(28452): [INFO:library_loader_hooks.cc(116)] Chromium logging enabled: level = 0, default verbosity = 0
I/BrowserStartupController(28452): Initializing chromium process, renderers=0
E/AudioManagerAndroid(28452): BLUETOOTH permission is missing!
I/ActivityManager( 1016): Process com.google.android.gms.unstable (pid 27976) has died.
I/Adreno-EGL(28452): <qeglDrvAPI_eglInitialize:410>: EGL 1.4 QUALCOMM build: AU_LINUX_ANDROID_LNX.LA.3.5.1_RB1.04.04.02.048.018_msm8226_LNX.LA.3.5.1_RB1__release_AU ()
I/Adreno-EGL(28452): OpenGL ES Shader Compiler Version: E031.24.00.08
I/Adreno-EGL(28452): Build Date: 03/07/14 Fri
I/Adreno-EGL(28452): Local Branch: 
I/Adreno-EGL(28452): Remote Branch: quic/LNX.LA.3.5.1_RB1.1
I/Adreno-EGL(28452): Local Patches: NONE
I/Adreno-EGL(28452): Reconstruct Branch: AU_LINUX_ANDROID_LNX.LA.3.5.1_RB1.04.04.02.048.018 + f2fd134 +  NOTHING
I/NSApplication(28452): Starting up...
D/AudioManagerAndroid(28452): ==> onReceive: s=0, m=1, n=h2w, sb=true
D/AudioManagerAndroid(28452): reportUpdate: state=0, devices=[Speakerphone, Headset earpiece]
E/cutils  (  261): Failed to mkdirat(/storage/sdcard1/Android): Read-only file system
W/Vold    (  261): Returning OperationFailed - no handler for errno 30
W/ContextImpl(28333): Failed to ensure directory: /storage/sdcard1/Android/data/com.rhmsoft.fm/files
E/cutils  (  261): Failed to mkdirat(/storage/sdcard1/Android): Read-only file system
W/Vold    (  261): Returning OperationFailed - no handler for errno 30
W/ContextImpl(28333): Failed to ensure directory: /storage/sdcard1/Android/data/com.rhmsoft.fm/files
I/ActivityManager( 1016): Start proc com.mobisystems.ubreader_west for broadcast com.mobisystems.ubreader_west/com.mobisystems.ubreader.launcher.network.NetworkStateReceiver: pid=28506 uid=10117 gids={50117, 3003, 1028, 1015}
I/ActivityManager( 1016): Process com.google.android.talk (pid 28424) has died.
W/ActivityManager( 1016): Service ServiceRecord{439f7848 u0 com.google.android.talk/com.google.android.libraries.hangouts.video.CallService} in process ProcessRecord{43878278 28424:com.google.android.talk/u0a71} not same as in map: null
D/DEBUG   (31852): Received intent : com.motorola.blur.service.blur.Actions.POLLINGMGR_CONNECTIVITY
W/ContextImpl(31852): Implicit intents with startService are not safe: Intent { act=com.motorola.blur.service.blur.Actions.BIND_WSPROXY_SVC } android.content.ContextWrapper.bindService:517 com.motorola.ccc.notification.GetNotificationsWS.bindWebServices:65 com.motorola.ccc.notification.SundryService.onCreate:1039 
D/GetNotificationsWS(31852): bindWebServices(): registering our AIDL callback...
I/SundryService(31852): onHandleIntent(): action=com.motorola.blur.service.blur.Actions.POLLINGMGR_CONNECTIVITY
D/WaitableIntentService(31852): ServiceHandler.handleMessage: mWaitCount=0
D/EmailService.MarketingOptInSetter(31852): received com.motorola.blur.service.blur.Actions.POLLINGMGR_CONNECTIVITY
D/GetNotificationsWS(31852): onServiceConnected()
D/GetNotificationsWS(31852): onServiceConnected(): Registered for remote service callbacks...
D/GetNotificationsWS(31852): unbindWebServices(): un-registering our AIDL callback...
D/GCM     (31791): GcmService start Intent { act=com.google.android.checkin.CHECKIN_COMPLETE flg=0x10 cmp=com.google.android.gms/.gcm.GcmService (has extras) } com.google.android.checkin.CHECKIN_COMPLETE
D/GCM     (31791): GcmService start Intent { act=com.google.android.checkin.CHECKIN_COMPLETE flg=0x10 cmp=com.google.android.gms/.gcm.GcmService (has extras) } com.google.android.checkin.CHECKIN_COMPLETE
I/ActivityManager( 1016): Process com.google.android.apps.plus (pid 28406) has died.
D/ConnectivityService( 1016): handleInetConditionHoldEnd: net=1, condition=100, published condition=100
I/ModemStatsDSDetect( 1279): onReceive() -Intent { act=android.net.conn.INET_CONDITION_ACTION flg=0x4000010 (has extras) }
I/ModemStatsDSDetect( 1279): INET_CONDITION=100 ,activeNet=NetworkInfo: type: WIFI[], state: CONNECTED/CONNECTED, reason: (unspecified), extra: "Moulin Rouge", roaming: false, failover: false, isAvailable: true, isConnectedToProvisioningNetwork: false
I/ModemStatsDSDetect( 1279): onReceive() - done, currentInetCondition=100
I/SBar.NetworkController( 1078): onReceive: ConnectivityManager.INET_CONDITION_ACTION Received
I/SBar.NetworkController( 1078): updateConnectivity: NetworkInfo: NetworkInfo: type: WIFI[], state: CONNECTED/CONNECTED, reason: (unspecified), extra: "Moulin Rouge", roaming: false, failover: false, isAvailable: true, isConnectedToProvisioningNetwork: false, inetCondition= 1
I/SFPerfTracer(  278):      triggers: (rate: 501:16403) (compose: 0:57) (post: 0:3) (render: 47:4349) (0:245408 frames) (1:730589)
D/SFPerfTracer(  278):        layers: (4:9) (DimLayer: 0:145)* (DimLayer: 0:163)* (FocusedStackFrame: 0:5389)* (StatusBar: 0:53879) (NavigationBar: 0:35059) (DimLayer: 0:10075)* (DimLayer: 0:1156)* (com.android.wallpaper.fall.FallWallpaper: 1:9934) (com.android.launcher/com.android.launcher2.Launcher: 0:66) 
I/SBar.NetworkController( 1078): onSignalStrengthsChanged SignalStrength: 3 0 -120 -160 -120 -1 -1 99 2147483647 2147483647 2147483647 2147483647 2147483647 gsm|lte 0 -108 -1 false 1 1 0 0 0 99 99 99 4 level=1
D/WifiStateMachine( 1016): handleMessage: E msg.what=151572
D/WifiStateMachine( 1016): processMsg: ConnectedState
D/WifiStateMachine( 1016): processMsg: L2ConnectedState
D/WifiStateMachine( 1016): handleMessage: X
D/WifiStateMachine( 1016): handleMessage: E msg.what=131155
D/WifiStateMachine( 1016): processMsg: ConnectedState
D/WifiStateMachine( 1016): processMsg: L2ConnectedState
D/WifiStateMachine( 1016): handleMessage: X
D/WifiStateMachine( 1016): handleMessage: E msg.what=151572
D/WifiStateMachine( 1016): processMsg: ConnectedState
D/WifiStateMachine( 1016): processMsg: L2ConnectedState
D/WifiStateMachine( 1016): handleMessage: X
I/InputReader( 1016): Reconfiguring input devices.  changes=0x00000010
D/WifiStateMachine( 1016): handleMessage: E msg.what=151572
D/WifiStateMachine( 1016): processMsg: ConnectedState
D/WifiStateMachine( 1016): processMsg: L2ConnectedState
I/ActivityManager( 1016): Start proc com.google.android.talk for broadcast com.google.android.talk/com.google.android.apps.hangouts.phone.PackageReplacedReceiver: pid=28529 uid=10071 gids={50071, 3003, 1028, 1015, 3002}
D/WifiStateMachine( 1016): handleMessage: X
I/PackageManager( 1016): Adding preferred activity ComponentInfo{com.android.mms/com.android.mms.ui.ComposeMessageActivity} for user 0 :
I/PackageManager( 1016):   Action: "android.intent.action.SENDTO"
I/PackageManager( 1016):   Category: "android.intent.category.DEFAULT"
I/PackageManager( 1016):   Scheme: "sms"
I/PackageManager( 1016): Adding preferred activity ComponentInfo{com.android.mms/com.android.mms.ui.ComposeMessageActivity} for user 0 :
I/PackageManager( 1016):   Action: "android.intent.action.SENDTO"
I/PackageManager( 1016):   Category: "android.intent.category.DEFAULT"
I/PackageManager( 1016):   Scheme: "smsto"
I/PackageManager( 1016): Adding preferred activity ComponentInfo{com.android.mms/com.android.mms.ui.ComposeMessageActivity} for user 0 :
I/PackageManager( 1016):   Action: "android.intent.action.SENDTO"
I/PackageManager( 1016):   Category: "android.intent.category.DEFAULT"
I/PackageManager( 1016):   Scheme: "mms"
I/PackageManager( 1016): Adding preferred activity ComponentInfo{com.android.mms/com.android.mms.ui.ComposeMessageActivity} for user 0 :
I/PackageManager( 1016):   Action: "android.intent.action.SENDTO"
I/PackageManager( 1016):   Category: "android.intent.category.DEFAULT"
I/PackageManager( 1016):   Scheme: "mmsto"
I/PackageManager( 1016): Adding preferred activity ComponentInfo{com.android.mms/com.android.mms.ui.ComposeMessageActivity} for user 0 :
I/PackageManager( 1016):   Action: "android.intent.action.SENDTO"
I/PackageManager( 1016):   Category: "android.intent.category.DEFAULT"
I/PackageManager( 1016):   Scheme: "sms"
I/PackageManager( 1016): Adding preferred activity ComponentInfo{com.android.mms/com.android.mms.ui.ComposeMessageActivity} for user 0 :
I/PackageManager( 1016):   Action: "android.intent.action.SENDTO"
I/PackageManager( 1016):   Category: "android.intent.category.DEFAULT"
I/PackageManager( 1016):   Scheme: "smsto"
D/dalvikvm(28529): Trying to load lib /data/app-lib/com.google.android.talk-1/libcrashreporterer.so 0x427944e8
D/dalvikvm(28529): Added shared lib /data/app-lib/com.google.android.talk-1/libcrashreporterer.so 0x427944e8
I/PackageManager( 1016): Adding preferred activity ComponentInfo{com.android.mms/com.android.mms.ui.ComposeMessageActivity} for user 0 :
I/PackageManager( 1016):   Action: "android.intent.action.SENDTO"
I/PackageManager( 1016):   Category: "android.intent.category.DEFAULT"
I/PackageManager( 1016):   Scheme: "mms"
E/dalvikvm(28529): Could not find class 'android.app.Notification$Action$Builder', referenced from method f.a
W/dalvikvm(28529): VFY: unable to resolve new-instance 402 (Landroid/app/Notification$Action$Builder;) in Lf;
D/dalvikvm(28529): VFY: replacing opcode 0x22 at 0x0000
E/dalvikvm(28529): Could not find class 'android.app.RemoteInput$Builder', referenced from method f.a
W/dalvikvm(28529): VFY: unable to resolve new-instance 414 (Landroid/app/RemoteInput$Builder;) in Lf;
D/dalvikvm(28529): VFY: replacing opcode 0x22 at 0x003d
I/PackageManager( 1016): Adding preferred activity ComponentInfo{com.android.mms/com.android.mms.ui.ComposeMessageActivity} for user 0 :
I/PackageManager( 1016):   Action: "android.intent.action.SENDTO"
I/PackageManager( 1016):   Category: "android.intent.category.DEFAULT"
I/PackageManager( 1016):   Scheme: "mmsto"
E/dalvikvm(28529): Could not find class 'android.app.Notification$Action$Builder', referenced from method f.a
W/dalvikvm(28529): VFY: unable to resolve new-instance 402 (Landroid/app/Notification$Action$Builder;) in Lf;
D/dalvikvm(28529): VFY: replacing opcode 0x22 at 0x0000
W/dalvikvm(28529): Unable to resolve superclass of Law; (790)
W/dalvikvm(28529): Link of class 'Law;' failed
E/dalvikvm(28529): Could not find class 'aw', referenced from method f.a
W/dalvikvm(28529): VFY: unable to resolve new-instance 1214 (Law;) in Lf;
D/dalvikvm(28529): VFY: replacing opcode 0x22 at 0x0006
W/dalvikvm(28529): Unable to resolve superclass of Lay; (790)
W/dalvikvm(28529): Link of class 'Lay;' failed
E/dalvikvm(28529): Could not find class 'ay', referenced from method f.a
W/dalvikvm(28529): VFY: unable to resolve new-instance 1268 (Lay;) in Lf;
D/dalvikvm(28529): VFY: replacing opcode 0x22 at 0x002a
I/dalvikvm(28529): Could not find method android.view.ViewGroup.isTransitionGroup, referenced from method f.a
W/dalvikvm(28529): VFY: unable to resolve virtual method 5345: Landroid/view/ViewGroup;.isTransitionGroup ()Z
D/dalvikvm(28529): VFY: replacing opcode 0x6e at 0x000c
I/dalvikvm(28529): Could not find method android.view.View.getTransitionName, referenced from method f.a
W/dalvikvm(28529): VFY: unable to resolve virtual method 5199: Landroid/view/View;.getTransitionName ()Ljava/lang/String;
D/dalvikvm(28529): VFY: replacing opcode 0x6e at 0x0006
W/dalvikvm(28529): VFY: unable to find class referenced in signature ([Landroid/app/RemoteInput;)
E/dalvikvm(28529): Could not find class 'android.app.RemoteInput[]', referenced from method f.a
W/dalvikvm(28529): VFY: unable to resolve new-array 6957 ([Landroid/app/RemoteInput;) in Lf;
D/dalvikvm(28529): VFY: replacing opcode 0x23 at 0x0005
D/dalvikvm(28529): DexOpt: couldn't find static field Landroid/os/Build;.SUPPORTED_ABIS
W/dalvikvm(28529): VFY: unable to resolve static field 1486 (SUPPORTED_ABIS) in Landroid/os/Build;
D/dalvikvm(28529): VFY: replacing opcode 0x62 at 0x0006
E/AppsCustomizePagedView(  813): Widget ComponentInfo{com.devexpert.weather/com.devexpert.weather.view.WidgetWeather5x1Cur} can not fit on this device (736, 80)
D/dalvikvm(28529): DexOpt: unable to opt direct call 0x0a62 at 0x0e in Lf;.a
E/AppsCustomizePagedView(  813): Widget ComponentInfo{com.devexpert.weather/com.devexpert.weather.view.WidgetWeather5x1} can not fit on this device (736, 80)
D/dalvikvm(28529): DexOpt: unable to opt direct call 0x0ab7 at 0x43 in Lf;.a
E/AppsCustomizePagedView(  813): Widget ComponentInfo{com.devexpert.weather/com.devexpert.weather.view.WidgetWeather5x2LC} can not fit on this device (736, 220)
E/AppsCustomizePagedView(  813): Widget ComponentInfo{com.devexpert.weather/com.devexpert.weather.view.WidgetWeather5x2} can not fit on this device (736, 220)
D/dalvikvm(28529): DexOpt: unable to opt direct call 0x0a62 at 0x0e in Lf;.a
E/AppsCustomizePagedView(  813): Widget ComponentInfo{com.devexpert.weather/com.devexpert.weather.view.WidgetWeather5x3} can not fit on this device (736, 330)
W/dalvikvm(28529): Unable to resolve superclass of Law; (790)
W/dalvikvm(28529): Link of class 'Law;' failed
D/dalvikvm(28529): DexOpt: unable to opt direct call 0x1d53 at 0x08 in Lf;.a
W/dalvikvm(28529): Unable to resolve superclass of Lay; (790)
W/dalvikvm(28529): Link of class 'Lay;' failed
D/dalvikvm(28529): DexOpt: unable to opt direct call 0x1e94 at 0x2c in Lf;.a
D/dalvikvm(28529): DexOpt: unable to opt direct call 0x0ab7 at 0x13 in Lf;.a
I/dalvikvm(28529): Could not find method android.content.Context.getDrawable, referenced from method i.a
W/dalvikvm(28529): VFY: unable to resolve virtual method 2839: Landroid/content/Context;.getDrawable (I)Landroid/graphics/drawable/Drawable;
D/dalvikvm(28529): VFY: replacing opcode 0x6e at 0x0006
I/Babel   (28529): MmsConfig: mnc/mcc: 272/3
I/Babel   (28529): MmsConfig.loadMmsSettings
I/Babel   (28529): MmsConfig.loadDeviceMmsSettings from API: mUserAgent=motoxt1039, mUaProfUrl=http://uaprof.motorola.com/phoneconfig/motoxt1039/Profile/motoxt1039.rdf
I/Babel   (28529): MmsConfig.loadFromDatabase
E/SQLiteLog(28529): (1) no such table: mmsconfig
I/Babel   (28529): MmsConfig: no mmsconfig table android.database.sqlite.SQLiteException: no such table: mmsconfig (code 1): , while compiling: SELECT key, value, type FROM mmsconfig WHERE numeric=?
I/Babel   (28529): MmsConfig.loadFromResources
E/Babel   (28529): canonicalizeMccMnc: invalid mccmnc nullnull
I/Babel   (28529): MmsConfig.loadMmsSettings: mUserAgent=motoxt1039, mUaProfUrl=http://uaprof.motorola.com/phoneconfig/motoxt1039/Profile/motoxt1039.rdf
V/GmsNetworkLocationProvi(31965): DISABLE
D/dalvikvm( 1016): GC_EXPLICIT freed 1682K, 24% free 34246K/44796K, paused 5ms+16ms, total 166ms
W/Settings(28529): Setting airplane_mode_on has moved from android.provider.Settings.System to android.provider.Settings.Global, returning read-only value.
I/Babel_StickerModule(28529): App launched.
V/GmsNetworkLocationProvi(31965): ENABLE
V/GmsNetworkLocationProvi(31965): onSetRequest: ProviderRequestUnbundled, reportLocation is true and interval is 14400000
V/GmsNetworkLocationProvi(31965): SET-REQUEST
V/GmsNetworkLocationProvi(31965): in Handler: ProviderRequestUnbundled, reportLocation is true and interval is 14400000
D/WifiService( 1016): acquireWifiLockLocked: WifiLock{NlpWifiLock type=2 binder=android.os.BinderProxy@43a8ba70}
D/WifiStateMachine( 1016): handleMessage: E msg.what=131143
D/WifiStateMachine( 1016): processMsg: ConnectedState
D/WifiStateMachine( 1016): processMsg: L2ConnectedState
D/WifiStateMachine( 1016): handleMessage: X
I/ActivityManager( 1016): Start proc com.motorola.MotGallery2 for broadcast com.motorola.MotGallery2/com.android.gallery3d.app.PackagesMonitor: pid=28567 uid=10034 gids={50034, 3003, 1028, 1015}
W/AppOps  ( 1016): Bad call: specified package qcamera under uid 1013 but it is really -1
D/dalvikvm(  280): GC_EXPLICIT freed 42K, 48% free 9010K/17224K, paused 2ms+2ms, total 27ms
D/dalvikvm(  280): GC_EXPLICIT freed <1K, 48% free 9010K/17224K, paused 2ms+3ms, total 18ms
W/AppOps  ( 1016): Bad call: specified package qcamera under uid 1013 but it is really -1
W/AppOps  ( 1016): Bad call: specified package qcamera under uid 1013 but it is really -1
D/dalvikvm(  280): GC_EXPLICIT freed <1K, 48% free 9010K/17224K, paused 2ms+2ms, total 19ms
I/ActivityManager( 1016): Process com.google.android.apps.magazines (pid 28452) has died.
W/AppOps  ( 1016): Bad call: specified package qcamera under uid 1013 but it is really -1
W/dalvikvm(28529): Unable to resolve superclass of Lcom/google/android/libraries/hangouts/video/ScreenCaptureVideoSource$2; (596)
W/dalvikvm(28529): Link of class 'Lcom/google/android/libraries/hangouts/video/ScreenCaptureVideoSource$2;' failed
E/dalvikvm(28529): Could not find class 'com.google.android.libraries.hangouts.video.ScreenCaptureVideoSource$2', referenced from method com.google.android.libraries.hangouts.video.ScreenCaptureVideoSource.<init>
W/dalvikvm(28529): VFY: unable to resolve new-instance 2878 (Lcom/google/android/libraries/hangouts/video/ScreenCaptureVideoSource$2;) in Lcom/google/android/libraries/hangouts/video/ScreenCaptureVideoSource;
D/dalvikvm(28529): VFY: replacing opcode 0x22 at 0x0044
W/dalvikvm(28529): VFY: unable to find class referenced in signature (Landroid/media/projection/MediaProjection;)
W/dalvikvm(28529): VFY: unable to find class referenced in signature (Landroid/media/projection/MediaProjection;)
W/dalvikvm(28529): VFY: unable to find class referenced in signature (Landroid/media/projection/MediaProjection;)
W/dalvikvm(28529): VFY: unable to find class referenced in signature (Landroid/media/projection/MediaProjectionManager;)
I/dalvikvm(28529): Could not find method android.media.projection.MediaProjection.createVirtualDisplay, referenced from method com.google.android.libraries.hangouts.video.ScreenCaptureVideoSource.createVirtualDisplay
W/dalvikvm(28529): VFY: unable to resolve virtual method 3518: Landroid/media/projection/MediaProjection;.createVirtualDisplay (Ljava/lang/String;IIIILandroid/view/Surface;Landroid/hardware/display/VirtualDisplay$Callback;Landroid/os/Handler;)Landroid/hardware/display/VirtualDisplay;
D/dalvikvm(28529): VFY: replacing opcode 0x74 at 0x0053
I/dalvikvm(28529): Could not find method android.media.projection.MediaProjection.stop, referenced from method com.google.android.libraries.hangouts.video.ScreenCaptureVideoSource.release
W/dalvikvm(28529): VFY: unable to resolve virtual method 3520: Landroid/media/projection/MediaProjection;.stop ()V
D/dalvikvm(28529): VFY: replacing opcode 0x6e at 0x002d
I/dalvikvm(28529): Could not find method android.media.projection.MediaProjectionManager.createScreenCaptureIntent, referenced from method com.google.android.libraries.hangouts.video.ScreenCaptureVideoSource.startCapture
W/dalvikvm(28529): VFY: unable to resolve virtual method 3522: Landroid/media/projection/MediaProjectionManager;.createScreenCaptureIntent ()Landroid/content/Intent;
