I/ActivityManager( 1016): Start proc com.google.android.partnersetup for broadcast com.google.android.partnersetup/.RlzPingBroadcastReceiver: pid=26300 uid=10025 gids={50025, 3003}
D/CordovaLog(26229): file:///android_asset/www/js/app.js: Line 177 : Uncaught SyntaxError: Unexpected token }
I/chromium(26229): [INFO:CONSOLE(177)] "Uncaught SyntaxError: Unexpected token }", source: file:///android_asset/www/js/app.js (177)
I/ActivityManager( 1016): Process com.google.android.apps.docs (pid 26178) has died.
F/ProcessStats( 1016): Starting service ServiceState{43a506e8 com.tranzmate.services.LocationService pkg=com.tranzmate proc=43a506e8} without owner
I/ActivityManager( 1016): Start proc com.motorola.MotGallery2 for broadcast com.motorola.MotGallery2/com.android.gallery3d.app.PackagesMonitor: pid=26319 uid=10034 gids={50034, 3003, 1028, 1015}
D/dalvikvm(  280): GC_EXPLICIT freed 43K, 48% free 9010K/17224K, paused 2ms+3ms, total 22ms
D/dalvikvm(  280): GC_EXPLICIT freed <1K, 48% free 9010K/17224K, paused 1ms+3ms, total 20ms
D/dalvikvm(  280): GC_EXPLICIT freed <1K, 48% free 9010K/17224K, paused 2ms+3ms, total 19ms
F/ProcessStats( 1016): Starting service ServiceState{43a506e8 com.tranzmate.services.LocationService pkg=com.tranzmate proc=43a506e8} without owner
I/ActivityManager( 1016): Process com.google.android.googlequicksearchbox:search (pid 26203) has died.
F/ProcessStats( 1016): Starting service ServiceState{43a506e8 com.tranzmate.services.LocationService pkg=com.tranzmate proc=43a506e8} without owner
D/WifiStateMachine( 1016): handleMessage: E msg.what=151572
D/WifiStateMachine( 1016): processMsg: ConnectedState
D/WifiStateMachine( 1016): processMsg: L2ConnectedState
D/WifiStateMachine( 1016): handleMessage: X
F/ProcessStats( 1016): Starting service ServiceState{43a506e8 com.tranzmate.services.LocationService pkg=com.tranzmate proc=43a506e8} without owner
I/ActivityManager( 1016): Process com.facebook.katana:dash (pid 26215) has died.
F/ProcessStats( 1016): Starting service ServiceState{43a506e8 com.tranzmate.services.LocationService pkg=com.tranzmate proc=43a506e8} without owner
D/WifiService( 1016): Client connection lost with reason: 4
D/PackageBroadcastService(20163): Received broadcast action=android.intent.action.PACKAGE_ADDED and uri=com.giftme.fb_auth
I/ActivityManager( 1016): Start proc com.google.android.apps.plus for broadcast com.google.android.apps.plus/.service.PackagesMediaMonitor: pid=26340 uid=10090 gids={50090, 3003, 3002, 1028, 1015}
I/ConfigFetchService(20163): onStartCommand Intent { act=android.intent.action.PACKAGE_ADDED dat=package:com.giftme.fb_auth cmp=com.google.android.gms/.config.ConfigFetchService (has extras) }
I/ConfigFetchService(20163): launchTask
D/CordovaActivity(26229): onMessage(spinner,stop)
I/ConfigFetchService(20163): service connected
D/ConfigFetchService(20163): ConfigApi connection successful.
E/dalvikvm(26340): Could not find class 'android.app.Notification$Action$Builder', referenced from method b.a
W/dalvikvm(26340): VFY: unable to resolve new-instance 302 (Landroid/app/Notification$Action$Builder;) in Lb;
D/dalvikvm(26340): VFY: replacing opcode 0x22 at 0x0000
D/dalvikvm(20163): GC_CONCURRENT freed 1984K, 34% free 11492K/17224K, paused 6ms+8ms, total 97ms
D/dalvikvm(20163): WAIT_FOR_CONCURRENT_GC blocked 25ms
E/dalvikvm(26340): Could not find class 'android.graphics.drawable.RippleDrawable', referenced from method b.a
W/dalvikvm(26340): VFY: unable to resolve new-instance 462 (Landroid/graphics/drawable/RippleDrawable;) in Lb;
D/dalvikvm(26340): VFY: replacing opcode 0x22 at 0x000b
W/dalvikvm(26340): VFY: unable to find class referenced in signature (Lzt;)
W/dalvikvm(26340): VFY: unable to find class referenced in signature (Lzt;)
W/dalvikvm(26340): VFY: unable to find class referenced in signature (Lzt;)
W/dalvikvm(26340): VFY: unable to find class referenced in signature (Lzt;)
W/dalvikvm(26340): VFY: unable to find class referenced in signature (Lzt;)
W/dalvikvm(26340): VFY: unable to find class referenced in signature (Lzt;)
W/dalvikvm(26340): VFY: unable to find class referenced in signature (Lzt;)
E/dalvikvm(26340): Could not find class 'android.app.Notification$Action$Builder', referenced from method b.a
W/dalvikvm(26340): VFY: unable to resolve new-instance 302 (Landroid/app/Notification$Action$Builder;) in Lb;
D/dalvikvm(26340): VFY: replacing opcode 0x22 at 0x0000
W/dalvikvm(26340): Unable to resolve superclass of Lar; (689)
W/dalvikvm(26340): Link of class 'Lar;' failed
E/dalvikvm(26340): Could not find class 'ar', referenced from method b.a
W/dalvikvm(26340): VFY: unable to resolve new-instance 999 (Lar;) in Lb;
D/dalvikvm(26340): VFY: replacing opcode 0x22 at 0x0006
W/dalvikvm(26340): Unable to resolve superclass of Lat; (689)
W/dalvikvm(26340): Link of class 'Lat;' failed
E/dalvikvm(26340): Could not find class 'at', referenced from method b.a
W/dalvikvm(26340): VFY: unable to resolve new-instance 1053 (Lat;) in Lb;
D/dalvikvm(26340): VFY: replacing opcode 0x22 at 0x002a
I/dalvikvm(26340): Could not find method android.view.ViewGroup.isTransitionGroup, referenced from method b.a
W/dalvikvm(26340): VFY: unable to resolve virtual method 4388: Landroid/view/ViewGroup;.isTransitionGroup ()Z
D/dalvikvm(26340): VFY: replacing opcode 0x6e at 0x000c
I/dalvikvm(26340): Could not find method android.view.View.getTransitionName, referenced from method b.a
W/dalvikvm(26340): VFY: unable to resolve virtual method 4205: Landroid/view/View;.getTransitionName ()Ljava/lang/String;
D/dalvikvm(26340): VFY: replacing opcode 0x6e at 0x0006
W/dalvikvm(26340): VFY: unable to find class referenced in signature ([Landroid/app/RemoteInput;)
E/dalvikvm(26340): Could not find class 'android.app.RemoteInput[]', referenced from method b.a
W/dalvikvm(26340): VFY: unable to resolve new-array 12606 ([Landroid/app/RemoteInput;) in Lb;
D/dalvikvm(26340): VFY: replacing opcode 0x23 at 0x0005
D/CordovaWebViewClient(26229): onPageFinished(file:///android_asset/www/index.html)
D/CordovaActivity(26229): onMessage(onPageFinished,file:///android_asset/www/index.html)
D/dalvikvm(26340): DexOpt: unable to opt direct call 0x0530 at 0x0e in Lb;.a
D/dalvikvm(26340): DexOpt: unable to opt direct call 0x08a4 at 0x0e in Lb;.a
D/dalvikvm(26340): DexOpt: unable to opt direct call 0x0530 at 0x0e in Lb;.a
W/dalvikvm(26340): Unable to resolve superclass of Lar; (689)
W/dalvikvm(26340): Link of class 'Lar;' failed
D/dalvikvm(26340): DexOpt: unable to opt direct call 0x177c at 0x08 in Lb;.a
W/dalvikvm(26340): Unable to resolve superclass of Lat; (689)
W/dalvikvm(26340): Link of class 'Lat;' failed
D/dalvikvm(26340): DexOpt: unable to opt direct call 0x1846 at 0x2c in Lb;.a
D/dalvikvm(26340): DexOpt: unable to opt direct call 0x0587 at 0x13 in Lb;.a
D/dalvikvm(26340): Trying to load lib /data/app-lib/com.google.android.apps.plus-1/libcrashreporterer.so 0x4278ee30
D/dalvikvm(26340): Added shared lib /data/app-lib/com.google.android.apps.plus-1/libcrashreporterer.so 0x4278ee30
I/dalvikvm(26340): Could not find method android.content.Context.getDrawable, referenced from method c.a
W/dalvikvm(26340): VFY: unable to resolve virtual method 1545: Landroid/content/Context;.getDrawable (I)Landroid/graphics/drawable/Drawable;
D/dalvikvm(26340): VFY: replacing opcode 0x6e at 0x0006
I/ActivityManager( 1016): Start proc com.google.android.apps.docs for broadcast com.google.android.apps.docs/.receivers.AppPackageAddRemoveReceiver: pid=26365 uid=10060 gids={50060, 3003, 1028, 1015}
F/ProcessStats( 1016): Starting service ServiceState{43a506e8 com.tranzmate.services.LocationService pkg=com.tranzmate proc=43a506e8} without owner
I/dalvikvm(26365): Could not find method android.app.Activity.finishAfterTransition, referenced from method r.c_
W/dalvikvm(26365): VFY: unable to resolve virtual method 2773: Landroid/app/Activity;.finishAfterTransition ()V
D/dalvikvm(26365): VFY: replacing opcode 0x6e at 0x0006
I/ActivityManager( 1016): Process com.android.packageinstaller (pid 26007) has died.
F/ProcessStats( 1016): Starting service ServiceState{43a506e8 com.tranzmate.services.LocationService pkg=com.tranzmate proc=43a506e8} without owner
W/SyncWapiModule(26365): isPlayServicesEnabled=
W/SyncWapiModule(26365): isPlayServicesEnabled=
I/ActivityManager( 1016): Start proc com.google.android.googlequicksearchbox:search for broadcast com.google.android.googlequicksearchbox/com.google.android.search.core.icingsync.IcingCorporaChangedReceiver: pid=26388 uid=10045 gids={50045, 3003, 3001, 1028, 3002, 1015}
F/ProcessStats( 1016): Starting service ServiceState{43a506e8 com.tranzmate.services.LocationService pkg=com.tranzmate proc=43a506e8} without owner
I/ActivityManager( 1016): Process com.google.android.partnersetup (pid 26300) has died.
F/ProcessStats( 1016): Starting service ServiceState{43a506e8 com.tranzmate.services.LocationService pkg=com.tranzmate proc=43a506e8} without owner
D/WifiStateMachine( 1016): handleMessage: E msg.what=151572
D/WifiStateMachine( 1016): processMsg: ConnectedState
D/WifiStateMachine( 1016): processMsg: L2ConnectedState
W/GAV2    (26365): Thread[main,5,main]: Need to call initialize() and be in fallback mode to start dispatch.
D/WifiStateMachine( 1016): handleMessage: X
I/ActivityManager( 1016): Start proc com.imangi.templerun2 for broadcast com.imangi.templerun2/com.amazon.identity.auth.device.authorization.PackageIntentReceiver: pid=26410 uid=10111 gids={50111, 1028, 1015, 3003}
I/UpdateIcingCorporaServi(26388): Updating corpora: APPS=com.giftme.fb_auth, CONTACTS=MAYBE
D/com.amazon.identity.auth.device.utils.MAPLog.PII(26410): Extracting verison incremental:<obscured>
D/com.amazon.identity.auth.device.utils.MAPLog.PII(26410): Extracting flavor:<obscured>
I/com.amazon.identity.auth.device.authorization.PackageIntentReceiver(26410): Package Intent Received. Clearing Service Data. action=android.intent.action.PACKAGE_ADDED
I/com.amazon.identity.auth.device.authorization.ThirdPartyServiceHelper(26410): Clearing Highest Versioned Service
E/NetworkScheduler.SchedulerReceiver(31791): Invalid parameter app
E/NetworkScheduler.SchedulerReceiver(31791): Invalid package name : Perhaps you didn't include a PendingIntent in the extras?
D/dalvikvm( 1016): GC_EXPLICIT freed 2036K, 31% free 27873K/40112K, paused 5ms+19ms, total 148ms
I/ActivityManager( 1016): Start proc com.google.android.partnersetup for content provider com.google.android.partnersetup/.RlzAppProvider: pid=26428 uid=10025 gids={50025, 3003}
D/PackageBroadcastService(20163): Received broadcast action=android.intent.action.PACKAGE_REPLACED and uri=com.giftme.fb_auth
I/ActivityManager( 1016): Start proc com.google.android.apps.magazines for broadcast com.google.android.apps.magazines/com.google.apps.dots.android.app.receiver.FirstInstallNotificationReceiver: pid=26444 uid=10077 gids={50077, 3003, 1028, 1015}
I/dalvikvm(26388): Could not find method android.content.pm.PackageManager.getPackageInstaller, referenced from method com.google.android.gms.common.g.m
W/dalvikvm(26388): VFY: unable to resolve virtual method 902: Landroid/content/pm/PackageManager;.getPackageInstaller ()Landroid/content/pm/PackageInstaller;
D/dalvikvm(26388): VFY: replacing opcode 0x6e at 0x000d
F/ProcessStats( 1016): Starting service ServiceState{43a506e8 com.tranzmate.services.LocationService pkg=com.tranzmate proc=43a506e8} without owner
I/dalvikvm(26444): Could not find method android.accounts.AccountManager.getPreviousName, referenced from method com.google.apps.dots.android.newsstand.auth.AccountManagerDelegate.getPreviousName
W/dalvikvm(26444): VFY: unable to resolve virtual method 7: Landroid/accounts/AccountManager;.getPreviousName (Landroid/accounts/Account;)Ljava/lang/String;
D/dalvikvm(26444): VFY: replacing opcode 0x6e at 0x0002
E/cutils  (  261): Failed to mkdirat(/storage/sdcard1/Android): Read-only file system
W/Vold    (  261): Returning OperationFailed - no handler for errno 30
W/ContextImpl(26444): Failed to ensure directory: /storage/sdcard1/Android/data/com.google.android.apps.magazines/cache
E/cutils  (  261): Failed to mkdirat(/storage/sdcard1/Android): Read-only file system
W/Vold    (  261): Returning OperationFailed - no handler for errno 30
W/ContextImpl(26444): Failed to ensure directory: /storage/sdcard1/Android/data/com.google.android.apps.magazines/files
E/cutils  (  261): Failed to mkdirat(/storage/sdcard1/Android): Read-only file system
W/Vold    (  261): Returning OperationFailed - no handler for errno 30
W/ContextImpl(26444): Failed to ensure directory: /storage/sdcard1/Android/data/com.google.android.apps.magazines/cache
E/cutils  (  261): Failed to mkdirat(/storage/sdcard1/Android): Read-only file system
W/Vold    (  261): Returning OperationFailed - no handler for errno 30
W/ContextImpl(26444): Failed to ensure directory: /storage/sdcard1/Android/data/com.google.android.apps.magazines/files
I/ActivityManager( 1016): Process com.motorola.MotGallery2 (pid 26319) has died.
F/ProcessStats( 1016): Starting service ServiceState{43a506e8 com.tranzmate.services.LocationService pkg=com.tranzmate proc=43a506e8} without owner
W/GAV2    (26365): Thread[main,5,main]: dispatch call queued.  Need to call GAServiceManager.getInstance().initialize().
F/ProcessStats( 1016): Starting service ServiceState{43a506e8 com.tranzmate.services.LocationService pkg=com.tranzmate proc=43a506e8} without owner
I/ActivityManager( 1016): Process com.google.android.apps.plus (pid 26340) has died.
F/ProcessStats( 1016): Starting service ServiceState{43a506e8 com.tranzmate.services.LocationService pkg=com.tranzmate proc=43a506e8} without owner
V/WebViewChromiumFactoryProvider(26444): Binding Chromium to main looper Looper (main, tid 1) {42789570}
I/LibraryLoader(26444): Expected native library version number "",actual native library version number ""
I/chromium(26444): [INFO:library_loader_hooks.cc(116)] Chromium logging enabled: level = 0, default verbosity = 0
I/BrowserStartupController(26444): Initializing chromium process, renderers=0
E/AudioManagerAndroid(26444): BLUETOOTH permission is missing!
I/Adreno-EGL(26444): <qeglDrvAPI_eglInitialize:410>: EGL 1.4 QUALCOMM build: AU_LINUX_ANDROID_LNX.LA.3.5.1_RB1.04.04.02.048.018_msm8226_LNX.LA.3.5.1_RB1__release_AU ()
I/Adreno-EGL(26444): OpenGL ES Shader Compiler Version: E031.24.00.08
I/Adreno-EGL(26444): Build Date: 03/07/14 Fri
I/Adreno-EGL(26444): Local Branch: 
I/Adreno-EGL(26444): Remote Branch: quic/LNX.LA.3.5.1_RB1.1
I/Adreno-EGL(26444): Local Patches: NONE
I/Adreno-EGL(26444): Reconstruct Branch: AU_LINUX_ANDROID_LNX.LA.3.5.1_RB1.04.04.02.048.018 + f2fd134 +  NOTHING
I/NSApplication(26444): Starting up...
I/ApplicationLogger(26388): canRun() : Opted Out
I/UpdateIcingCorporaServi(26388): UpdateCorporaTask done [took 276 ms] updated apps [took 276 ms] 
I/ActivityManager( 1016): Start proc com.google.android.apps.cloudprint for broadcast com.google.android.apps.cloudprint/.printdialog.receivers.UpgradeBroadcastReceiver: pid=26502 uid=10058 gids={50058, 3003, 1028}
F/ProcessStats( 1016): Starting service ServiceState{43a506e8 com.tranzmate.services.LocationService pkg=com.tranzmate proc=43a506e8} without owner
D/AudioManagerAndroid(26444): ==> onReceive: s=0, m=1, n=h2w, sb=true
D/AudioManagerAndroid(26444): reportUpdate: state=0, devices=[Speakerphone, Headset earpiece]
F/ProcessStats( 1016): Starting service ServiceState{43a506e8 com.tranzmate.services.LocationService pkg=com.tranzmate proc=43a506e8} without owner
I/ActivityManager( 1016): Process com.google.android.apps.docs (pid 26365) has died.
F/ProcessStats( 1016): Starting service ServiceState{43a506e8 com.tranzmate.services.LocationService pkg=com.tranzmate proc=43a506e8} without owner
I/ActivityManager( 1016): Start proc com.motorola.context for broadcast com.motorola.context/.engine.mediator.MediatorReceiver: pid=26515 uid=10011 gids={50011, 3001, 3002, 3003}
F/ProcessStats( 1016): Starting service ServiceState{43a506e8 com.tranzmate.services.LocationService pkg=com.tranzmate proc=43a506e8} without owner
D/WifiStateMachine( 1016): handleMessage: E msg.what=151572
D/WifiStateMachine( 1016): processMsg: ConnectedState
D/WifiStateMachine( 1016): processMsg: L2ConnectedState
D/WifiStateMachine( 1016): handleMessage: X
D/WifiStateMachine( 1016): handleMessage: E msg.what=131155
D/WifiStateMachine( 1016): processMsg: ConnectedState
D/WifiStateMachine( 1016): processMsg: L2ConnectedState
D/WifiStateMachine( 1016): handleMessage: X
I/Icing   (20163): Indexing D11140B64A23ADCF9607D6E17FA4854A5443BF22 from com.google.android.googlequicksearchbox
I/Icing   (20163): Indexing done D11140B64A23ADCF9607D6E17FA4854A5443BF22
D/WifiStateMachine( 1016): handleMessage: E msg.what=151572
D/WifiStateMachine( 1016): processMsg: ConnectedState
D/WifiStateMachine( 1016): processMsg: L2ConnectedState
D/WifiStateMachine( 1016): handleMessage: X
D/WifiStateMachine( 1016): handleMessage: E msg.what=151572
D/WifiStateMachine( 1016): processMsg: ConnectedState
D/WifiStateMachine( 1016): processMsg: L2ConnectedState
D/WifiStateMachine( 1016): handleMessage: X
D/WifiStateMachine( 1016): handleMessage: E msg.what=151572
D/WifiStateMachine( 1016): processMsg: ConnectedState
D/WifiStateMachine( 1016): processMsg: L2ConnectedState
D/WifiStateMachine( 1016): handleMessage: X
D/WifiStateMachine( 1016): handleMessage: E msg.what=131155
D/WifiStateMachine( 1016): processMsg: ConnectedState
D/WifiStateMachine( 1016): processMsg: L2ConnectedState
D/WifiStateMachine( 1016): handleMessage: X
D/WifiStateMachine( 1016): handleMessage: E msg.what=151572
D/WifiStateMachine( 1016): processMsg: ConnectedState
D/WifiStateMachine( 1016): processMsg: L2ConnectedState
D/WifiStateMachine( 1016): handleMessage: X
I/GAV4    (26444): Thread[GAThread,5,main]: No campaign data found.
D/WifiStateMachine( 1016): handleMessage: E msg.what=151572
D/WifiStateMachine( 1016): processMsg: ConnectedState
D/WifiStateMachine( 1016): processMsg: L2ConnectedState
D/WifiStateMachine( 1016): handleMessage: X
D/WifiStateMachine( 1016): handleMessage: E msg.what=151572
D/WifiStateMachine( 1016): processMsg: ConnectedState
D/WifiStateMachine( 1016): processMsg: L2ConnectedState
D/WifiStateMachine( 1016): handleMessage: X
D/WifiStateMachine( 1016): handleMessage: E msg.what=131155
D/WifiStateMachine( 1016): processMsg: ConnectedState
D/WifiStateMachine( 1016): processMsg: L2ConnectedState
D/WifiStateMachine( 1016): handleMessage: X
D/Ulp_jni ( 1016): Location CB invoked
D/WifiStateMachine( 1016): handleMessage: E msg.what=151572
D/WifiStateMachine( 1016): processMsg: ConnectedState
D/WifiStateMachine( 1016): processMsg: L2ConnectedState
D/WifiStateMachine( 1016): handleMessage: X
D/WifiStateMachine( 1016): handleMessage: E msg.what=151572
D/WifiStateMachine( 1016): processMsg: ConnectedState
D/WifiStateMachine( 1016): processMsg: L2ConnectedState
D/WifiStateMachine( 1016): handleMessage: X
V/ConfigFetchTask(20163): ConfigFetchTask getDeviceDataVersionInfo(): ABFEt1Xnmyo5qwFfjfxOlRf8jshDfQFmuWr2aS9vGX8PMeQl_y6at-5F8Th8BJ1cxC3cSFUe-TGE8QXFnU2CPPtxXKY7QiY-00olk_lDyu7wFE8zy5hM4bD8IW3Dh6c3pE6re6A2nmo9uK1JANc0XhsZyLHBYeIEIjUxH88BC8tyaPEVOHcVbLcqoCUo7zdSXvEVeI21cGFRtLvqFFZvfUS60Hnyh17piXd1ppnG-QDCj3ZvPQXMekt-12wPimf1fFII4pvAPq5w-83R2KzjVB68hgnbkX3nCjUeBXmiF0Y6CDZQZeHw-I0
I/GoogleURLConnFactory(20163): Using platform SSLCertificateSocketFactory
I/ConfigFetchService(20163): fetch service done; releasing wakelock
I/ConfigFetchService(20163): stopping self
D/WifiStateMachine( 1016): handleMessage: E msg.what=151572
D/WifiStateMachine( 1016): processMsg: ConnectedState
D/WifiStateMachine( 1016): processMsg: L2ConnectedState
D/WifiStateMachine( 1016): handleMessage: X
D/WifiStateMachine( 1016): handleMessage: E msg.what=131155
D/WifiStateMachine( 1016): processMsg: ConnectedState
D/WifiStateMachine( 1016): processMsg: L2ConnectedState
D/WifiStateMachine( 1016): handleMessage: X
D/WifiStateMachine( 1016): handleMessage: E msg.what=151572
D/WifiStateMachine( 1016): processMsg: ConnectedState
D/WifiStateMachine( 1016): processMsg: L2ConnectedState
D/WifiStateMachine( 1016): handleMessage: X
D/WifiStateMachine( 1016): handleMessage: E msg.what=151572
D/WifiStateMachine( 1016): processMsg: ConnectedState
D/WifiStateMachine( 1016): processMsg: L2ConnectedState
D/WifiStateMachine( 1016): handleMessage: X
I/SFPerfTracer(  278):      triggers: (rate: 177:104616) (230741 sw vsyncs) (216808 skipped) (17:845269 vsyncs) (19:1182179)
D/dalvikvm( 1231): GC_CONCURRENT freed 1905K, 46% free 9341K/17224K, paused 1ms+2ms, total 17ms
W/ContextImpl( 1231): Calling a method in the system process without a qualified user: android.app.ContextImpl.sendBroadcast:1252 android.content.ContextWrapper.sendBroadcast:365 com.motorola.motocare.util.TriggerHelper$TriggerBuilder.send:76 com.motorola.motocare.internal.frameworkevents.ProcessKillTrigger.sendTrigger:147 com.motorola.motocare.internal.frameworkevents.ProcessKillTrigger.handleLmkKill:337 
W/ContextImpl( 1231): Calling a method in the system process without a qualified user: android.app.ContextImpl.sendBroadcast:1252 android.content.ContextWrapper.sendBroadcast:365 com.motorola.motocare.util.TriggerHelper$TriggerBuilder.send:76 com.motorola.motocare.internal.frameworkevents.ProcessKillTrigger.sendTrigger:147 com.motorola.motocare.internal.frameworkevents.ProcessKillTrigger.handleLmkKill:337 
W/ContextImpl( 1231): Calling a method in the system process without a qualified user: android.app.ContextImpl.sendBroadcast:1252 android.content.ContextWrapper.sendBroadcast:365 com.motorola.motocare.util.TriggerHelper$TriggerBuilder.send:76 com.motorola.motocare.internal.frameworkevents.ProcessKillTrigger.sendTrigger:147 com.motorola.motocare.internal.frameworkevents.ProcessKillTrigger.handleLmkKill:337 
W/ContextImpl( 1231): Calling a method in the system process without a qualified user: android.app.ContextImpl.sendBroadcast:1252 android.content.ContextWrapper.sendBroadcast:365 com.motorola.motocare.util.TriggerHelper$TriggerBuilder.send:76 com.motorola.motocare.internal.frameworkevents.ProcessKillTrigger.sendTrigger:147 com.motorola.motocare.internal.frameworkevents.ProcessKillTrigger.handleLmkKill:337 
W/ContextImpl( 1231): Calling a method in the system process without a qualified user: android.app.ContextImpl.sendBroadcast:1252 android.content.ContextWrapper.sendBroadcast:365 com.motorola.motocare.util.TriggerHelper$TriggerBuilder.send:76 com.motorola.motocare.internal.frameworkevents.ProcessKillTrigger.sendTrigger:147 com.motorola.motocare.internal.frameworkevents.ProcessKillTrigger.handleLmkKill:337 
W/ContextImpl( 1231): Calling a method in the system process without a qualified user: android.app.ContextImpl.sendBroadcast:1252 android.content.ContextWrapper.sendBroadcast:365 com.motorola.motocare.util.TriggerHelper$TriggerBuilder.send:76 com.motorola.motocare.internal.frameworkevents.ProcessKillTrigger.sendTrigger:147 com.motorola.motocare.internal.frameworkevents.ProcessKillTrigger.handleLmkKill:337 
W/ContextImpl( 1231): Calling a method in the system process without a qualified user: android.app.ContextImpl.sendBroadcast:1252 android.content.ContextWrapper.sendBroadcast:365 com.motorola.motocare.util.TriggerHelper$TriggerBuilder.send:76 com.motorola.motocare.internal.frameworkevents.ProcessKillTrigger.sendTrigger:147 com.motorola.motocare.internal.frameworkevents.ProcessKillTrigger.handleLmkKill:337 
W/ContextImpl( 1231): Calling a method in the system process without a qualified user: android.app.ContextImpl.sendBroadcast:1252 android.content.ContextWrapper.sendBroadcast:365 com.motorola.motocare.util.TriggerHelper$TriggerBuilder.send:76 com.motorola.motocare.internal.frameworkevents.ProcessKillTrigger.sendTrigger:147 com.motorola.motocare.internal.frameworkevents.ProcessKillTrigger.handleLmkKill:337 
W/ContextImpl( 1231): Calling a method in the system process without a qualified user: android.app.ContextImpl.sendBroadcast:1252 android.content.ContextWrapper.sendBroadcast:365 com.motorola.motocare.util.TriggerHelper$TriggerBuilder.send:76 com.motorola.motocare.internal.frameworkevents.ProcessKillTrigger.sendTrigger:147 com.motorola.motocare.internal.frameworkevents.ProcessKillTrigger.handleLmkKill:337 
W/ContextImpl( 1231): Calling a method in the system process without a qualified user: android.app.ContextImpl.sendBroadcast:1252 android.content.ContextWrapper.sendBroadcast:365 com.motorola.motocare.util.TriggerHelper$TriggerBuilder.send:76 com.motorola.motocare.internal.frameworkevents.ProcessKillTrigger.sendTrigger:147 com.motorola.motocare.internal.frameworkevents.ProcessKillTrigger.handleLmkKill:337 
W/ContextImpl( 1231): Calling a method in the system process without a qualified user: android.app.ContextImpl.sendBroadcast:1252 android.content.ContextWrapper.sendBroadcast:365 com.motorola.motocare.util.TriggerHelper$TriggerBuilder.send:76 com.motorola.motocare.internal.frameworkevents.ProcessKillTrigger.sendTrigger:147 com.motorola.motocare.internal.frameworkevents.ProcessKillTrigger.handleLmkKill:337 
W/ContextImpl( 1231): Calling a method in the system process without a qualified user: android.app.ContextImpl.sendBroadcast:1252 android.content.ContextWrapper.sendBroadcast:365 com.motorola.motocare.util.TriggerHelper$TriggerBuilder.send:76 com.motorola.motocare.internal.frameworkevents.ProcessKillTrigger.sendTrigger:147 com.motorola.motocare.internal.frameworkevents.ProcessKillTrigger.handleLmkKill:337 
W/ContextImpl( 1231): Calling a method in the system process without a qualified user: android.app.ContextImpl.sendBroadcast:1252 android.content.ContextWrapper.sendBroadcast:365 com.motorola.motocare.util.TriggerHelper$TriggerBuilder.send:76 com.motorola.motocare.internal.frameworkevents.ProcessKillTrigger.sendTrigger:147 com.motorola.motocare.internal.frameworkevents.ProcessKillTrigger.handleLmkKill:337 
W/ContextImpl( 1231): Calling a method in the system process without a qualified user: android.app.ContextImpl.sendBroadcast:1252 android.content.ContextWrapper.sendBroadcast:365 com.motorola.motocare.util.TriggerHelper$TriggerBuilder.send:76 com.motorola.motocare.internal.frameworkevents.ProcessKillTrigger.sendTrigger:147 com.motorola.motocare.internal.frameworkevents.ProcessKillTrigger.handleLmkKill:337 
W/ContextImpl( 1231): Calling a method in the system process without a qualified user: android.app.ContextImpl.sendBroadcast:1252 android.content.ContextWrapper.sendBroadcast:365 com.motorola.motocare.util.TriggerHelper$TriggerBuilder.send:76 com.motorola.motocare.internal.frameworkevents.ProcessKillTrigger.sendTrigger:147 com.motorola.motocare.internal.frameworkevents.ProcessKillTrigger.handleLmkKill:337 
W/ContextImpl( 1231): Calling a method in the system process without a qualified user: android.app.ContextImpl.sendBroadcast:1252 android.content.ContextWrapper.sendBroadcast:365 com.motorola.motocare.util.TriggerHelper$TriggerBuilder.send:76 com.motorola.motocare.internal.frameworkevents.ProcessKillTrigger.sendTrigger:147 com.motorola.motocare.internal.frameworkevents.ProcessKillTrigger.handleLmkKill:337 
W/ContextImpl( 1231): Calling a method in the system process without a qualified user: android.app.ContextImpl.sendBroadcast:1252 android.content.ContextWrapper.sendBroadcast:365 com.motorola.motocare.util.TriggerHelper$TriggerBuilder.send:76 com.motorola.motocare.internal.frameworkevents.ProcessKillTrigger.sendTrigger:147 com.motorola.motocare.internal.frameworkevents.ProcessKillTrigger.handleLmkKill:337 
W/ContextImpl( 1231): Calling a method in the system process without a qualified user: android.app.ContextImpl.sendBroadcast:1252 android.content.ContextWrapper.sendBroadcast:365 com.motorola.motocare.util.TriggerHelper$TriggerBuilder.send:76 com.motorola.motocare.internal.frameworkevents.ProcessKillTrigger.sendTrigger:147 com.motorola.motocare.internal.frameworkevents.ProcessKillTrigger.handleLmkKill:337 
I/ActivityManager( 1016): Process com.google.android.apps.magazines (pid 26444) has died.
W/ContextImpl( 1231): Calling a method in the system process without a qualified user: android.app.ContextImpl.sendBroadcast:1252 android.content.ContextWrapper.sendBroadcast:365 com.motorola.motocare.util.TriggerHelper$TriggerBuilder.send:76 com.motorola.motocare.internal.frameworkevents.ProcessKillTrigger.sendTrigger:147 com.motorola.motocare.internal.frameworkevents.ProcessKillTrigger.handleLmkKill:337 
W/ContextImpl( 1231): Calling a method in the system process without a qualified user: android.app.ContextImpl.sendBroadcast:1252 android.content.ContextWrapper.sendBroadcast:365 com.motorola.motocare.util.TriggerHelper$TriggerBuilder.send:76 com.motorola.motocare.internal.frameworkevents.ProcessKillTrigger.sendTrigger:147 com.motorola.motocare.internal.frameworkevents.ProcessKillTrigger.handleLmkKill:337 
W/ContextImpl( 1231): Calling a method in the system process without a qualified user: android.app.ContextImpl.sendBroadcast:1252 android.content.ContextWrapper.sendBroadcast:365 com.motorola.motocare.util.TriggerHelper$TriggerBuilder.send:76 com.motorola.motocare.internal.frameworkevents.ProcessKillTrigger.sendTrigger:147 com.motorola.motocare.internal.frameworkevents.ProcessKillTrigger.handleLmkKill:337 
D/dalvikvm( 1231): GC_EXPLICIT freed 470K, 46% free 9320K/17224K, paused 2ms+3ms, total 26ms
D/WifiStateMachine( 1016): handleMessage: E msg.what=151572
D/WifiStateMachine( 1016): processMsg: ConnectedState
D/WifiStateMachine( 1016): processMsg: L2ConnectedState
D/WifiStateMachine( 1016): handleMessage: X
D/WifiStateMachine( 1016): handleMessage: E msg.what=131155
D/WifiStateMachine( 1016): processMsg: ConnectedState
D/WifiStateMachine( 1016): processMsg: L2ConnectedState
D/WifiStateMachine( 1016): handleMessage: X
D/WifiStateMachine( 1016): handleMessage: E msg.what=151572
D/WifiStateMachine( 1016): processMsg: ConnectedState
D/WifiStateMachine( 1016): processMsg: L2ConnectedState
V/AlarmManager( 1016): sending alarm Alarm{44415488 type 2 com.google.android.talk}
D/WifiStateMachine( 1016): handleMessage: X
V/AlarmManager( 1016): sending alarm Alarm{44415288 type 2 com.google.android.talk}
V/AlarmManager( 1016): sending alarm Alarm{443fed00 type 2 com.google.android.talk}
V/AlarmManager( 1016): sending alarm Alarm{443fd828 type 2 com.whatsapp}
V/AlarmManager( 1016): sending alarm Alarm{443fcca8 type 2 com.google.android.talk}
V/AlarmManager( 1016): sending alarm Alarm{443e87e0 type 2 com.google.android.gms}
V/AlarmManager( 1016): sending alarm Alarm{443e26f0 type 2 com.google.android.talk}
V/AlarmManager( 1016): sending alarm Alarm{443d8cb0 type 2 com.google.android.talk}
D/WifiService( 1016): acquireWifiLockLocked: WifiLock{NlpWifiLock type=2 binder=android.os.BinderProxy@428b4ec8}
D/WifiStateMachine( 1016): handleMessage: E msg.what=131143
D/WifiStateMachine( 1016): processMsg: ConnectedState
D/WifiStateMachine( 1016): processMsg: L2ConnectedState
D/WifiStateMachine( 1016): handleMessage: X
V/AlarmManager( 1016): sending alarm Alarm{443c5918 type 0 com.android.vending}
I/dalvikvm(25809): Total arena pages for JIT: 11
I/dalvikvm(25809): Total arena pages for JIT: 12
I/dalvikvm(25809): Total arena pages for JIT: 13
I/dalvikvm(25809): Total arena pages for JIT: 14
I/ConfigService(31791): onDestroy
D/Finsky  (25809): [1] 5.onFinished: Installation state replication succeeded.
D/MDMCTBK (  276): reply_len: 40 reply is = IFNAME=wlan0 <3>CTRL-EVENT-BSS-ADDED 220
D/MDMCTBK (  276): Event received = CTRL-EVENT-BSS-ADDED 220
D/MDMCTBK (  276): reply_len: 40 reply is = IFNAME=wlan0 <3>CTRL-EVENT-SCAN-RESULTS 
D/MDMCTBK (  276): Event received = CTRL-EVENT-SCAN-RESULTS 
D/TCMD    ( 2001): NL - Read 56 bytes from update socket.
D/TCMD    ( 2001): NL - message type is RTM_NEWLINK
D/TCMD    ( 2001): Listening for incoming client connection request
D/WifiStateMachine( 1016): handleMessage: E msg.what=147461
D/WifiStateMachine( 1016): processMsg: ConnectedState
D/WifiStateMachine( 1016): processMsg: L2ConnectedState
D/WifiStateMachine( 1016): processMsg: ConnectModeState
D/WifiStateMachine( 1016): processMsg: DriverStartedState
D/WifiStateMachine( 1016): processMsg: SupplicantStartedState
D/WifiStateMachine( 1016): handleMessage: X
D/WifiStateMachine( 1016): handleMessage: E msg.what=151572
D/WifiStateMachine( 1016): processMsg: ConnectedState
D/WifiStateMachine( 1016): processMsg: L2ConnectedState
D/WifiStateMachine( 1016): handleMessage: X
D/WifiStateMachine( 1016): handleMessage: E msg.what=151572
D/WifiStateMachine( 1016): processMsg: ConnectedState
D/WifiStateMachine( 1016): processMsg: L2ConnectedState
D/WifiStateMachine( 1016): handleMessage: X
D/WifiStateMachine( 1016): handleMessage: E msg.what=131155
D/WifiStateMachine( 1016): processMsg: ConnectedState
D/WifiStateMachine( 1016): processMsg: L2ConnectedState
D/WifiStateMachine( 1016): handleMessage: X
D/WifiStateMachine( 1016): handleMessage: E msg.what=151572
D/WifiStateMachine( 1016): processMsg: ConnectedState
D/WifiStateMachine( 1016): processMsg: L2ConnectedState
D/WifiStateMachine( 1016): handleMessage: X
D/Ulp_jni ( 1016): Location CB invoked
D/WifiStateMachine( 1016): handleMessage: E msg.what=151572
D/WifiStateMachine( 1016): processMsg: ConnectedState
D/WifiStateMachine( 1016): processMsg: L2ConnectedState
D/WifiStateMachine( 1016): handleMessage: X
D/WifiStateMachine( 1016): handleMessage: E msg.what=151572
D/WifiStateMachine( 1016): processMsg: ConnectedState
D/WifiStateMachine( 1016): processMsg: L2ConnectedState
D/WifiStateMachine( 1016): handleMessage: X
V/AlarmManager( 1016): sending alarm Alarm{43037d80 type 2 com.google.android.gms}
D/WifiService( 1016): releaseWifiLockLocked: WifiLock{NlpWifiLock type=2 binder=android.os.BinderProxy@428b4ec8}
D/WifiStateMachine( 1016): handleMessage: E msg.what=131155
D/WifiStateMachine( 1016): processMsg: ConnectedState
D/WifiStateMachine( 1016): processMsg: L2ConnectedState
D/WifiStateMachine( 1016): handleMessage: X
D/WifiStateMachine( 1016): handleMessage: E msg.what=151572
D/WifiStateMachine( 1016): processMsg: ConnectedState
D/WifiStateMachine( 1016): processMsg: L2ConnectedState
D/WifiStateMachine( 1016): handleMessage: X
D/WifiStateMachine( 1016): handleMessage: E msg.what=151572
D/WifiStateMachine( 1016): processMsg: ConnectedState
D/WifiStateMachine( 1016): processMsg: L2ConnectedState
D/WifiStateMachine( 1016): handleMessage: X
D/WifiStateMachine( 1016): handleMessage: E msg.what=151572
D/WifiStateMachine( 1016): processMsg: ConnectedState
D/WifiStateMachine( 1016): processMsg: L2ConnectedState
D/WifiStateMachine( 1016): handleMessage: X
D/WifiStateMachine( 1016): handleMessage: E msg.what=131155
D/WifiStateMachine( 1016): processMsg: ConnectedState
D/WifiStateMachine( 1016): processMsg: L2ConnectedState
D/WifiStateMachine( 1016): handleMessage: X
D/WifiStateMachine( 1016): handleMessage: E msg.what=151572
D/WifiStateMachine( 1016): processMsg: ConnectedState
D/WifiStateMachine( 1016): processMsg: L2ConnectedState
D/WifiStateMachine( 1016): handleMessage: X
I/SFPerfTracer(  278):      triggers: (rate: 177:104616) (230741 sw vsyncs) (216808 skipped) (17:845370 vsyncs) (19:1182296)
D/WifiStateMachine( 1016): handleMessage: E msg.what=151572
D/WifiStateMachine( 1016): processMsg: ConnectedState
D/WifiStateMachine( 1016): processMsg: L2ConnectedState
D/WifiStateMachine( 1016): handleMessage: X
D/WifiStateMachine( 1016): handleMessage: E msg.what=151572
D/WifiStateMachine( 1016): processMsg: ConnectedState
D/WifiStateMachine( 1016): processMsg: L2ConnectedState
D/WifiStateMachine( 1016): handleMessage: X
D/WifiStateMachine( 1016): handleMessage: E msg.what=131155
D/WifiStateMachine( 1016): processMsg: ConnectedState
D/WifiStateMachine( 1016): processMsg: L2ConnectedState
D/WifiStateMachine( 1016): handleMessage: X
D/WifiStateMachine( 1016): handleMessage: E msg.what=151572
D/WifiStateMachine( 1016): processMsg: ConnectedState
D/WifiStateMachine( 1016): processMsg: L2ConnectedState
D/WifiStateMachine( 1016): handleMessage: X
D/WifiStateMachine( 1016): handleMessage: E msg.what=151572
D/WifiStateMachine( 1016): processMsg: ConnectedState
D/WifiStateMachine( 1016): processMsg: L2ConnectedState
D/WifiStateMachine( 1016): handleMessage: X
D/Ulp_jni ( 1016): Location CB invoked
D/WifiStateMachine( 1016): handleMessage: E msg.what=151572
D/WifiStateMachine( 1016): processMsg: ConnectedState
D/WifiStateMachine( 1016): processMsg: L2ConnectedState
D/WifiStateMachine( 1016): handleMessage: X
D/WifiStateMachine( 1016): handleMessage: E msg.what=131155
D/WifiStateMachine( 1016): processMsg: ConnectedState
D/WifiStateMachine( 1016): processMsg: L2ConnectedState
D/WifiStateMachine( 1016): handleMessage: X
D/WifiStateMachine( 1016): handleMessage: E msg.what=151572
D/WifiStateMachine( 1016): processMsg: ConnectedState
D/WifiStateMachine( 1016): processMsg: L2ConnectedState
D/WifiStateMachine( 1016): handleMessage: X
D/WifiStateMachine( 1016): handleMessage: E msg.what=151572
D/WifiStateMachine( 1016): processMsg: ConnectedState
D/WifiStateMachine( 1016): processMsg: L2ConnectedState
D/WifiStateMachine( 1016): handleMessage: X
D/WifiStateMachine( 1016): handleMessage: E msg.what=151572
D/WifiStateMachine( 1016): processMsg: ConnectedState
D/WifiStateMachine( 1016): processMsg: L2ConnectedState
D/WifiStateMachine( 1016): handleMessage: X
D/WifiStateMachine( 1016): handleMessage: E msg.what=131155
D/WifiStateMachine( 1016): processMsg: ConnectedState
D/WifiStateMachine( 1016): processMsg: L2ConnectedState
D/WifiStateMachine( 1016): handleMessage: X
D/WifiStateMachine( 1016): handleMessage: E msg.what=151572
D/WifiStateMachine( 1016): processMsg: ConnectedState
D/WifiStateMachine( 1016): processMsg: L2ConnectedState
D/WifiStateMachine( 1016): handleMessage: X
D/WifiStateMachine( 1016): handleMessage: E msg.what=151572
D/WifiStateMachine( 1016): processMsg: ConnectedState
D/WifiStateMachine( 1016): processMsg: L2ConnectedState
D/WifiStateMachine( 1016): handleMessage: X
D/WifiStateMachine( 1016): handleMessage: E msg.what=151572
D/WifiStateMachine( 1016): processMsg: ConnectedState
D/WifiStateMachine( 1016): processMsg: L2ConnectedState
D/WifiStateMachine( 1016): handleMessage: X
D/WifiStateMachine( 1016): handleMessage: E msg.what=131155
D/WifiStateMachine( 1016): processMsg: ConnectedState
D/WifiStateMachine( 1016): processMsg: L2ConnectedState
D/WifiStateMachine( 1016): handleMessage: X
D/WifiStateMachine( 1016): handleMessage: E msg.what=151572
D/WifiStateMachine( 1016): processMsg: ConnectedState
D/WifiStateMachine( 1016): processMsg: L2ConnectedState
D/WifiStateMachine( 1016): handleMessage: X
D/WifiStateMachine( 1016): handleMessage: E msg.what=151572
D/WifiStateMachine( 1016): processMsg: ConnectedState
D/WifiStateMachine( 1016): processMsg: L2ConnectedState
D/WifiStateMachine( 1016): handleMessage: X
D/WifiStateMachine( 1016): handleMessage: E msg.what=151572
D/WifiStateMachine( 1016): processMsg: ConnectedState
D/WifiStateMachine( 1016): processMsg: L2ConnectedState
D/WifiStateMachine( 1016): handleMessage: X
D/WifiStateMachine( 1016): handleMessage: E msg.what=131155
D/WifiStateMachine( 1016): processMsg: ConnectedState
D/WifiStateMachine( 1016): processMsg: L2ConnectedState
D/WifiStateMachine( 1016): handleMessage: X
D/Ulp_jni ( 1016): Location CB invoked
D/WifiStateMachine( 1016): handleMessage: E msg.what=151572
D/WifiStateMachine( 1016): processMsg: ConnectedState
D/WifiStateMachine( 1016): processMsg: L2ConnectedState
D/WifiStateMachine( 1016): handleMessage: X
V/AlarmManager( 1016): sending alarm Alarm{4308b008 type 3 android}
D/WifiStateMachine( 1016): handleMessage: E msg.what=151572
D/WifiStateMachine( 1016): processMsg: ConnectedState
D/WifiStateMachine( 1016): processMsg: L2ConnectedState
D/WifiStateMachine( 1016): handleMessage: X
D/WifiStateMachine( 1016): handleMessage: E msg.what=151572
D/WifiStateMachine( 1016): processMsg: ConnectedState
D/WifiStateMachine( 1016): processMsg: L2ConnectedState
D/WifiStateMachine( 1016): handleMessage: X
D/WifiStateMachine( 1016): handleMessage: E msg.what=131155
D/WifiStateMachine( 1016): processMsg: ConnectedState
D/WifiStateMachine( 1016): processMsg: L2ConnectedState
D/WifiStateMachine( 1016): handleMessage: X
D/WifiStateMachine( 1016): handleMessage: E msg.what=151572
D/WifiStateMachine( 1016): processMsg: ConnectedState
D/WifiStateMachine( 1016): processMsg: L2ConnectedState
D/WifiStateMachine( 1016): handleMessage: X
I/AonLTInterfaceService( 1231): AodLT package version: 1000000
I/AonLTInterfaceService( 1231): AodLT package version: 1000000
I/PowerManagerService( 1016): Going to sleep by user request...
D/SurfaceFlinger(  278): Screen released, type=0 flinger=0xb7ca1450
D/qdhwcomposer(  278): hwc_blank: Blanking display: 0
I/SFPerfTracer(  278):      triggers: (rate: 177:104616) (230741 sw vsyncs) (216808 skipped) (23:845464 vsyncs) (25:1182408)
D/qdhwcomposer(  278): hwc_blank: Done blanking display: 0
D/SurfaceControl( 1016): Excessive delay in blankDisplay() while turning screen off: 4496ms
I/AonLTInterfaceService( 1231): AodLT package version: 1000000
D/CordovaActivity(26229): Paused the application!
D/CordovaWebView(26229): Handle the pause
W/ContextImpl( 1231): Calling a method in the system process without a qualified user: android.app.ContextImpl.sendBroadcast:1252 android.content.ContextWrapper.sendBroadcast:365 com.motorola.motocare.util.TriggerHelper$TriggerBuilder.send:76 com.motorola.motocare.internal.frameworkevents.PauseResumeTrigger.handleFrameworkEvent:53 com.motorola.motocare.internal.frameworkevents.FwEventMonitor$FrameworkListener.processFrameworkEvent:114 
V/KeyguardHostView( 1078): Initial transport state: 0, pbstate=2
W/ProcessCpuTracker( 1016): Skipping unknown process pid 26619
W/ProcessCpuTracker( 1016): Skipping unknown process pid 26620
W/ProcessCpuTracker( 1016): Skipping unknown process pid 26622
W/ProcessCpuTracker( 1016): Skipping unknown process pid 26623
F/ProcessStats( 1016): Starting service ServiceState{43a506e8 com.tranzmate.services.LocationService pkg=com.tranzmate proc=43a506e8} without owner
D/KeyguardHostView( 1078): showSecurityScreen(None)
D/KeyguardHostView( 1078): getSecurityView(Invalid)
D/KeyguardHostView( 1078): getSecurityView(None)
D/WifiStateMachine( 1016): handleMessage: E msg.what=151572
D/WifiStateMachine( 1016): processMsg: ConnectedState
D/WifiStateMachine( 1016): processMsg: L2ConnectedState
D/WifiStateMachine( 1016): handleScreenStateChanged: false
D/WifiStateMachine( 1016): handleMessage: X
D/WifiStateMachine( 1016): handleMessage: E msg.what=131154
D/WifiStateMachine( 1016): processMsg: ConnectedState
D/WifiStateMachine( 1016): processMsg: L2ConnectedState
D/WifiStateMachine( 1016): handleMessage: X
D/WifiStateMachine( 1016): handleMessage: E msg.what=131163
D/WifiStateMachine( 1016): processMsg: ConnectedState
D/WifiStateMachine( 1016): processMsg: L2ConnectedState
D/WifiStateMachine( 1016): processMsg: ConnectModeState
D/WifiStateMachine( 1016): processMsg: DriverStartedState
D/WifiStateMachine( 1016): processMsg: SupplicantStartedState
D/WifiStateMachine( 1016): processMsg: DefaultState
D/WifiStateMachine( 1016): handleMessage: X
D/WifiStateMachine( 1016): handleMessage: E msg.what=131158
D/WifiStateMachine( 1016): processMsg: ConnectedState
D/WifiStateMachine( 1016): processMsg: L2ConnectedState
D/WifiStateMachine( 1016): processMsg: ConnectModeState
D/WifiStateMachine( 1016): processMsg: DriverStartedState
D/WifiStateMachine( 1016): setSuspendOptimizationsNative: 4 true
D/Sensors ( 1016): AccelerationSensor: Set Sensors state 0x0
D/audio_hw_primary(  284): adev_set_parameters: enter: screen_state=off
V/msm8974_platform(  284): platform_set_parameters: enter: screen_state=off
V/msm8974_platform(  284): platform_set_parameters: exit with code(-2)
E/audio_a2dp_hw(  284): adev_set_parameters: ERROR: set param called even when stream out is null
V/KeyguardHostView( 1078): hide transport, gen:101
V/KeyguardHostView( 1078): music state changed: 2
D/KeyguardHostView( 1078): showSecurityScreen(None)
D/audio_hw_primary(  284): out_set_parameters: enter: usecase(1: low-latency-playback) kvpairs: routing=2
V/msm8974_platform(  284): platform_get_output_snd_device: enter: output devices(0x2)
V/msm8974_platform(  284): platform_get_output_snd_device: exit: snd_device(speaker)
D/audio_hw_primary(  284): select_devices: out_snd_device(2: speaker) in_snd_device(0: )
D/hardware_info(  284): hw_info_append_hw_type : device_name = speaker
V/msm8974_platform(  284): platform_send_audio_calibration: sending audio calibration for snd_device(2) acdb_id(14)
D/WifiStateMachine( 1016): handleMessage: X
W/View    ( 1078): requestLayout() improperly called by android.widget.TextClock{427839f8 V.ED.... ......ID 104,0-484,213 #7f0a004b app:id/clock_view} during layout: running second layout pass
W/View    ( 1078): requestLayout() improperly called by android.widget.TextClock{429b28e8 V.ED.... ......ID 143,0-277,38 #7f0a0050 app:id/date_view} during layout: running second layout pass
W/View    ( 1078): requestLayout() improperly called by android.widget.TextView{42be2a40 V.ED.... ......ID 293,0-444,38 #7f0a0051 app:id/alarm_status} during layout: running second layout pass
D/PhoneStatusBar( 1078): disable: < expand icons alerts ticker system_info BACK* HOME* RECENT* CLOCK* search >
I/SFPerfTracer(  278):      triggers: (rate: 532:17326) (compose: 0:61) (post: 0:3) (render: 47:4412) (1:256462 frames) (2:761568)
D/SFPerfTracer(  278):        layers: (0:13) (DimLayer: 0:145)* (DimLayer: 0:167)* (FocusedStackFrame: 0:5933)* (StatusBar: 0:57431)* (NavigationBar: 0:38235)* (DimLayer: 0:11243)* (DimLayer: 0:1277)* (com.android.wallpaper.fall.FallWallpaper: 0:19248)* (com.android.packageinstaller/com.android.packageinstaller.InstallAppProgress: 0:120)* (Starting com.giftme.fb_auth: 0:27)* (com.giftme.fb_auth/com.giftme.fb_auth.FB_Auth: 1:45)* (ElectronBeam: 0:27)* (Keyguard: 2:2)* 
D/WifiStateMachine( 1016): handleMessage: E msg.what=131155
D/WifiStateMachine( 1016): processMsg: ConnectedState
D/WifiStateMachine( 1016): processMsg: L2ConnectedState
D/WifiStateMachine( 1016): handleMessage: X
W/ContextImpl( 1231): Calling a method in the system process without a qualified user: android.app.ContextImpl.startService:1608 android.content.ContextWrapper.startService:494 android.content.ContextWrapper.startService:494 com.motorola.motocare.internal.batterystats.BatteryStatsAction.onReceive:33 android.app.ActivityThread.handleReceiver:2434 
D/hardware_info(  284): hw_info_append_hw_type : device_name = speaker
V/AlarmManager( 1016): sending alarm Alarm{43f027d8 type 3 com.devexpert.weather}
V/AlarmManager( 1016): sending alarm Alarm{43eff9f0 type 2 com.google.android.talk}
I/ActivityManager( 1016): Start proc com.devexpert.weather for broadcast com.devexpert.weather/.view.WidgetWeather2x1: pid=26654 uid=10112 gids={50112, 3003, 1028, 1015}
V/AlarmManager( 1016): sending alarm Alarm{43ca2fa8 type 2 com.whatsapp}
V/AlarmManager( 1016): sending alarm Alarm{43c5ed20 type 0 com.facebook.katana}
D/dalvikvm( 1078): GC_CONCURRENT freed 360K, 27% free 16279K/22064K, paused 1ms+3ms, total 40ms
I/ActivityManager( 1016): Process com.google.android.googlequicksearchbox:search (pid 26388) has died.
D/Ulp_jni ( 1016): Location CB invoked
D/Ulp_jni ( 1016): Location CB invoked
D/Ulp_jni ( 1016): Location CB invoked
V/AlarmManager( 1016): sending alarm Alarm{434c4230 type 2 com.google.android.gms}
V/AlarmManager( 1016): sending alarm Alarm{434c42f0 type 2 com.google.android.gsf}
W/ProcessCpuTracker( 1016): Skipping unknown process pid 26680
W/ProcessCpuTracker( 1016): Skipping unknown process pid 26681
W/ProcessCpuTracker( 1016): Skipping unknown process pid 26683
W/ProcessCpuTracker( 1016): Skipping unknown process pid 26684
D/dalvikvm( 1231): GC_CONCURRENT freed 1908K, 46% free 9345K/17224K, paused 1ms+2ms, total 18ms
W/ContextImpl( 1231): Calling a method in the system process without a qualified user: android.app.ContextImpl.sendBroadcast:1252 android.content.ContextWrapper.sendBroadcast:365 com.motorola.motocare.util.TriggerHelper$TriggerBuilder.send:76 com.motorola.motocare.internal.frameworkevents.ProcessKillTrigger.sendTrigger:147 com.motorola.motocare.internal.frameworkevents.ProcessKillTrigger.handleLmkKill:337 
D/dalvikvm( 1231): GC_EXPLICIT freed 1010K, 46% free 9314K/17224K, paused 2ms+2ms, total 21ms
D/KInfoc  (16614): clear batch timer
D/KInfoc  (16614): set batch timer
D/KInfoc  (16614):  BATCH REPORTER STARTED ........
D/Ulp_jni ( 1016): Location CB invoked
D/Ulp_jni ( 1016): Location CB invoked
D/Ulp_jni ( 1016): Location CB invoked
V/AlarmManager( 1016): sending alarm Alarm{43a957f8 type 3 android}
I/IsUpdateNow(26654): 126:60
V/GmsNetworkLocationProvi(31965): onSetRequest: ProviderRequestUnbundled, reportLocation is true and interval is 0
V/GmsNetworkLocationProvi(31965): SET-REQUEST
V/GmsNetworkLocationProvi(31965): in Handler: ProviderRequestUnbundled, reportLocation is true and interval is 20000
D/WifiService( 1016): acquireWifiLockLocked: WifiLock{NlpWifiLock type=2 binder=android.os.BinderProxy@428b4ec8}
D/WifiStateMachine( 1016): handleMessage: E msg.what=131143
D/WifiStateMachine( 1016): processMsg: ConnectedState
D/WifiStateMachine( 1016): processMsg: L2ConnectedState
D/WifiStateMachine( 1016): handleMessage: X
D/Wiper_jni( 1016): wifiRequestEventCb invoked
D/LBSSystemMonitorService( 1016): handleMessage what - 2
D/Wiper_jni( 1016): wifiRequestEventCb invoked
D/LBSSystemMonitorService( 1016): handleMessage what - 2
V/GmsNetworkLocationProvi(31965): onSetRequest: ProviderRequestUnbundled, reportLocation is true and interval is 0
V/GmsNetworkLocationProvi(31965): SET-REQUEST
V/GmsNetworkLocationProvi(31965): in Handler: ProviderRequestUnbundled, reportLocation is true and interval is 20000
D/WifiStateMachine( 1016): handleMessage: E msg.what=131143
D/WifiStateMachine( 1016): processMsg: ConnectedState
D/WifiStateMachine( 1016): processMsg: L2ConnectedState
