I/MDMCTBK (  276): checkDefaultInst, current pid is = 276
I/MDMCTBK (  276): checkDefaultInst, pid match
I/MDMCTBK (  276): MdmCutbackHndler,readFromFile = /sys/class/power_supply/usb/online
I/MDMCTBK (  276): MdmCutbackHndler,readFromFile = 
E/MDMCTBK (  276): MdmCutbackHndler,Could not open ''
I/MDMCTBK (  276): NetlinkHandler, power_supply subsys
I/MDMCTBK (  276): NetlinkHandler, usbChargerStateChanged
I/MDMCTBK (  276): checkDefaultInst, current pid is = 276
I/MDMCTBK (  276): checkDefaultInst, pid match
I/MDMCTBK (  276): MdmCutbackHndler,readFromFile = /sys/class/power_supply/usb/online
I/MDMCTBK (  276): MdmCutbackHndler,readFromFile = 
E/MDMCTBK (  276): MdmCutbackHndler,Could not open ''
I/MDMCTBK (  276): NetlinkHandler, power_supply subsys
I/MDMCTBK (  276): NetlinkHandler, usbChargerStateChanged
I/MDMCTBK (  276): checkDefaultInst, current pid is = 276
I/MDMCTBK (  276): checkDefaultInst, pid match
I/MDMCTBK (  276): MdmCutbackHndler,readFromFile = /sys/class/power_supply/usb/online
I/MDMCTBK (  276): MdmCutbackHndler,usb, new_state =1
I/MDMCTBK (  276): MdmCutbackHndler Status: Qmi =1, cg=0, ep=0, vc=0, dc=0, cn=0, wf=1, mf=0, wfd=0, apm=0, usb=1, stopqmi=0
I/MDMCTBK (  276): set_property_value, Enter
I/MDMCTBK (  276): set_property_value, Values updated in the property=1,0,0,0,0,0,1,0,0,0,1,0
I/MDMCTBK (  276): set_property_value, Values updated in the property file Successfully
I/MDMCTBK (  276): set_property_value, Exit
I/MDMCTBK (  276): setSarCtrl:set SAR over QMI, conn:0, ep:0,wf:1, mf:0, chrg:1
I/MDMCTBK (  276): send SAR ctrl over QMI
I/MDMCTBK (  276): MdmCutbackHndler,readFromFile = 
E/MDMCTBK (  276): MdmCutbackHndler,Could not open ''
I/MDMCTBK (  276): NetlinkHandler, power_supply subsys
I/MDMCTBK (  276): NetlinkHandler, usbChargerStateChanged
I/MDMCTBK (  276): checkDefaultInst, current pid is = 276
I/MDMCTBK (  276): checkDefaultInst, pid match
I/MDMCTBK (  276): MdmCutbackHndler,readFromFile = /sys/class/power_supply/usb/online
I/MDMCTBK (  276): MdmCutbackHndler,readFromFile = 
E/MDMCTBK (  276): MdmCutbackHndler,Could not open ''
V/UsbDeviceManager( 1016): USB UEVENT: {USB_STATE=CONNECTED, SUBSYSTEM=android_usb, DEVPATH=/devices/virtual/android_usb/android0, SEQNUM=12152, ACTION=change}
V/UsbDeviceManager( 1016): USB UEVENT: {USB_STATE=DISCONNECTED, SUBSYSTEM=android_usb, DEVPATH=/devices/virtual/android_usb/android0, SEQNUM=12153, ACTION=change}
D/UsbDeviceManager( 1016): broadcasting Intent { act=android.hardware.usb.action.USB_STATE flg=0x20000000 (has extras) } connected: true configured: false
I/MDMCTBK (  276): NetlinkHandler, power_supply subsys
I/MDMCTBK (  276): NetlinkHandler, usbChargerStateChanged
I/MDMCTBK (  276): checkDefaultInst, current pid is = 276
I/MDMCTBK (  276): checkDefaultInst, pid match
I/MDMCTBK (  276): MdmCutbackHndler,readFromFile = /sys/class/power_supply/usb/online
I/MDMCTBK (  276): MdmCutbackHndler,readFromFile = 
E/MDMCTBK (  276): MdmCutbackHndler,Could not open ''
V/UsbDeviceManager( 1016): USB UEVENT: {USB_STATE=CONNECTED, SUBSYSTEM=android_usb, DEVPATH=/devices/virtual/android_usb/android0, SEQNUM=12155, ACTION=change}
D/UsbDeviceManager( 1016): broadcasting Intent { act=android.hardware.usb.action.USB_STATE flg=0x20000000 (has extras) } connected: true configured: false
I/MDMCTBK (  276): NetlinkHandler, power_supply subsys
I/MDMCTBK (  276): NetlinkHandler, usbChargerStateChanged
I/MDMCTBK (  276): checkDefaultInst, current pid is = 276
I/MDMCTBK (  276): checkDefaultInst, pid match
I/MDMCTBK (  276): MdmCutbackHndler,readFromFile = /sys/class/power_supply/usb/online
I/MDMCTBK (  276): MdmCutbackHndler,readFromFile = 
E/MDMCTBK (  276): MdmCutbackHndler,Could not open ''
V/UsbDeviceManager( 1016): USB UEVENT: {USB_STATE=CONFIGURED, SUBSYSTEM=android_usb, DEVPATH=/devices/virtual/android_usb/android0, SEQNUM=12157, ACTION=change}
D/UsbDeviceManager( 1016): broadcasting Intent { act=android.hardware.usb.action.USB_STATE flg=0x20000000 (has extras) } connected: true configured: true
D/MtpService(25837): updating state; isCurrentUser=true, mMtpLocked=false
D/MtpService(25837): mUsbDriverRestricted=false
D/MtpService(25837): addStorageLocked 65537 /storage/emulated/0
D/MtpService(25837): updating state; isCurrentUser=true, mMtpLocked=false
D/MtpService(25837): starting MTP server in MTP mode
D/MtpService(25837): addStorageLocked 65537 /storage/emulated/0
D/dalvikvm( 2456): GC_CONCURRENT freed 1949K, 45% free 9596K/17224K, paused 2ms+3ms, total 23ms
I/MDMCTBK (  276): NetlinkHandler, power_supply subsys
I/MDMCTBK (  276): NetlinkHandler, usbChargerStateChanged
I/MDMCTBK (  276): checkDefaultInst, current pid is = 276
I/MDMCTBK (  276): checkDefaultInst, pid match
I/MDMCTBK (  276): MdmCutbackHndler,readFromFile = /sys/class/power_supply/usb/online
I/MDMCTBK (  276): MdmCutbackHndler,readFromFile = 
E/MDMCTBK (  276): MdmCutbackHndler,Could not open ''
I/MDMCTBK (  276): NetlinkHandler, power_supply subsys
I/MDMCTBK (  276): NetlinkHandler, usbChargerStateChanged
I/MDMCTBK (  276): checkDefaultInst, current pid is = 276
I/MDMCTBK (  276): checkDefaultInst, pid match
I/MDMCTBK (  276): MdmCutbackHndler,readFromFile = /sys/class/power_supply/usb/online
I/MDMCTBK (  276): MdmCutbackHndler,readFromFile = 
E/MDMCTBK (  276): MdmCutbackHndler,Could not open ''
D/WifiStateMachine( 1016): handleMessage: E msg.what=131155
D/WifiStateMachine( 1016): processMsg: ConnectedState
D/WifiStateMachine( 1016): processMsg: L2ConnectedState
I/EntropyMixer( 1016): Writing entropy...
D/WifiStateMachine( 1016): handleMessage: X
D/WifiStateMachine( 1016): handleMessage: E msg.what=151572
D/WifiStateMachine( 1016): processMsg: ConnectedState
D/WifiStateMachine( 1016): processMsg: L2ConnectedState
I/ActivityManager( 1016): Start proc com.motorola.genie for broadcast com.motorola.genie/.prefetch.PowerStatusReceiver: pid=28617 uid=10026 gids={50026, 3003, 1028, 1015}
D/Ulp_jni ( 1016): JNI:system_update. Event-2
D/LBSSystemMonitorService( 1016): handleMessage what - 8
D/DeviceContext( 1016): handleMessage what - 1
E/LocSvc_libulp( 1016): W/int ulp_brain_select_providers(), return when ulp_started = 0, phone context_type = 0x0
E/LocSvc_libulp( 1016): ,
D/WifiStateMachine( 1016): handleMessage: X
I/ActivityManager( 1016): Start proc com.android.chrome for broadcast com.android.chrome/com.google.android.apps.chrome.precache.PrecacheServiceLauncher: pid=28640 uid=10057 gids={50057, 3003, 1028, 1015}
I/ActivityManager( 1016): Start proc com.google.android.apps.uploader for broadcast com.google.android.apps.uploader/com.google.android.picasasync.BatteryReceiver: pid=28656 uid=10079 gids={50079, 3003, 1028, 1015}
D/dalvikvm(  280): GC_EXPLICIT freed 42K, 48% free 9010K/17224K, paused 1ms+3ms, total 25ms
D/dalvikvm(  280): GC_EXPLICIT freed <1K, 48% free 9010K/17224K, paused 1ms+2ms, total 22ms
D/dalvikvm(  280): GC_EXPLICIT freed <1K, 48% free 9010K/17224K, paused 2ms+2ms, total 20ms
I/iu.Environment(28539): update battery state; isPlugged? true*
I/iu.SyncManager(28539): SYNC; picasa accounts
I/iu.UploadsManager(28539): num queued entries: 0
I/iu.UploadsManager(28539): num updated entries: 0
D/PicasaUploader(28656):    wifiOnlyPhoto changed to true
D/PicasaUploader(28656):    wifiOnlyVideo changed to true
D/PicasaUploader(28656):    syncOnBattery changed to true
I/iu.SyncManager(28539): NEXT; no task
I/iu.FingerprintManager(28539): Start processing all media
D/PicasaUploaderSync(28656): sync account database
I/iu.FingerprintManager(28539): Start processing media store URI: content://media/external/images/media
I/iu.Environment(30409): update battery state; isPlugged? true*
I/iu.UploadsManager(30409): num queued entries: 0
I/iu.UploadsManager(30409): num updated entries: 0
I/iu.FingerprintManager(28539): Start processing media store URI: content://media/external/video/media
I/iu.FingerprintManager(30409): Start processing all media
I/iu.SyncManager(30409): NEXT; no task
I/GCoreUlr(30429): Starting service, intent=Intent { act=com.google.android.location.reporting.ACTION_UPDATE_WORLD cmp=com.google.android.gms/com.google.android.location.reporting.service.DispatchingService (has extras) }, extras=Bundle[{receiverAction=android.intent.action.ACTION_POWER_CONNECTED}]
I/iu.FingerprintManager(30409): Start processing media store URI: content://media/external/images/media
D/PicasaUploaderSync(28656): accounts in DB=1
I/GCoreUlr(30429): DispatchingService.onCreate()
I/iu.FingerprintManager(28539): Start processing media store URI: content://media/phoneStorage/images/media
I/iu.FingerprintManager(30409): Start processing media store URI: content://media/external/video/media
I/iu.FingerprintManager(28539): Start processing media store URI: content://media/phoneStorage/video/media
D/PicasaUploaderSyncManager(28656): active network: NetworkInfo: type: WIFI[], state: CONNECTED/CONNECTED, reason: (unspecified), extra: "Moulin Rouge", roaming: false, failover: false, isAvailable: true, isConnectedToProvisioningNetwork: false
D/PicasaUploaderSyncManager(28656): background data: true
I/iu.FingerprintManager(30409): Start processing media store URI: content://media/phoneStorage/images/media
D/CCE     (30980): App motocare requested CCE to send settings
I/iu.FingerprintManager(28539): Finished generating fingerprints; 0.051 seconds
I/iu.FingerprintManager(30409): Start processing media store URI: content://media/phoneStorage/video/media
I/iu.FingerprintManager(28539):   numSeen=0 numGenerated=0 numDeleted=0 numFailed=0
I/iu.FingerprintManager(30409): Finished generating fingerprints; 0.036 seconds
I/iu.FingerprintManager(30409):   numSeen=0 numGenerated=0 numDeleted=0 numFailed=0
D/PicasaUploaderSyncManager(28656): battery info: true
W/ContextImpl( 1231): Calling a method in the system process without a qualified user: android.app.ContextImpl.startService:1608 android.content.ContextWrapper.startService:494 android.content.ContextWrapper.startService:494 com.motorola.motocare.internal.batterystats.BatteryStatsAction.onReceive:33 android.app.ActivityThread.handleReceiver:2434 
I/GCoreUlr(30429): WorldUpdater received intent Intent { act=com.google.android.location.reporting.ACTION_UPDATE_WORLD cmp=com.google.android.gms/com.google.android.location.reporting.service.DispatchingService (has extras) } with receiverAction android.intent.action.ACTION_POWER_CONNECTED
I/GCoreUlr(30429): WorldUpdater:android.intent.action.ACTION_POWER_CONNECTED: Ensuring that reporting is stopped because of reasons: {account#2#=[InactiveReason{mVersionCode=0, mIdentifier=4, mName='GoogleLocationDisabled'}, InactiveReason{mVersionCode=0, mIdentifier=6, mName='ReportingNotEnabled'}, InactiveReason{mVersionCode=0, mIdentifier=14, mName='HistoryNotEnabled'}]}
D/dalvikvm( 1016): GC_EXPLICIT freed 1264K, 35% free 25696K/39124K, paused 5ms+10ms, total 113ms
I/GCoreUlr(30429): Unbound from all location providers
I/GCoreUlr(30429): DispatchingService.onDestroy()
I/GCoreUlr(30429): Unbound from all location providers
I/MDMCTBK (  276): NetlinkHandler, power_supply subsys
I/MDMCTBK (  276): NetlinkHandler, usbChargerStateChanged
I/MDMCTBK (  276): checkDefaultInst, current pid is = 276
I/MDMCTBK (  276): checkDefaultInst, pid match
I/MDMCTBK (  276): MdmCutbackHndler,readFromFile = /sys/class/power_supply/usb/online
I/MDMCTBK (  276): MdmCutbackHndler,readFromFile = 
E/MDMCTBK (  276): MdmCutbackHndler,Could not open ''
I/MDMCTBK (  276): NetlinkHandler, power_supply subsys
I/MDMCTBK (  276): NetlinkHandler, usbChargerStateChanged
I/MDMCTBK (  276): checkDefaultInst, current pid is = 276
I/MDMCTBK (  276): checkDefaultInst, pid match
I/MDMCTBK (  276): MdmCutbackHndler,readFromFile = /sys/class/power_supply/usb/online
I/MDMCTBK (  276): MdmCutbackHndler,readFromFile = 
E/MDMCTBK (  276): MdmCutbackHndler,Could not open ''
I/MDMCTBK (  276): NetlinkHandler, power_supply subsys
I/MDMCTBK (  276): NetlinkHandler, usbChargerStateChanged
I/MDMCTBK (  276): checkDefaultInst, current pid is = 276
I/MDMCTBK (  276): checkDefaultInst, pid match
I/MDMCTBK (  276): MdmCutbackHndler,readFromFile = /sys/class/power_supply/usb/online
I/MDMCTBK (  276): MdmCutbackHndler,readFromFile = 
E/MDMCTBK (  276): MdmCutbackHndler,Could not open ''
D/WifiStateMachine( 1016): handleMessage: E msg.what=151572
D/WifiStateMachine( 1016): processMsg: ConnectedState
D/WifiStateMachine( 1016): processMsg: L2ConnectedState
D/WifiStateMachine( 1016): handleMessage: X
D/WifiStateMachine( 1016): handleMessage: E msg.what=151572
D/WifiStateMachine( 1016): processMsg: ConnectedState
D/WifiStateMachine( 1016): processMsg: L2ConnectedState
D/WifiStateMachine( 1016): handleMessage: X
D/WifiStateMachine( 1016): handleMessage: E msg.what=151572
D/WifiStateMachine( 1016): processMsg: ConnectedState
D/WifiStateMachine( 1016): processMsg: L2ConnectedState
D/WifiStateMachine( 1016): handleMessage: X
D/WifiStateMachine( 1016): handleMessage: E msg.what=131155
D/WifiStateMachine( 1016): processMsg: ConnectedState
D/WifiStateMachine( 1016): processMsg: L2ConnectedState
D/WifiStateMachine( 1016): handleMessage: X
I/SFPerfTracer(  278):      triggers: (rate: 38:2789) (compose: 0:14) (post: 0:2) (render: 9:413) (34:54760 frames) (35:146596)
D/SFPerfTracer(  278):        layers: (4:10) (DimLayer: 0:65)* (DimLayer: 0:25)* (FocusedStackFrame: 0:1450)* (StatusBar: 33:8351) (NavigationBar: 0:10264) (DimLayer: 0:2433)* (DimLayer: 0:259)* (com.android.wallpaper.fall.FallWallpaper: 10:16802) (com.giftme.fb_auth/com.giftme.fb_auth.FB_Auth: 0:39)* (Keyguard: 0:55) 
D/WifiStateMachine( 1016): handleMessage: E msg.what=151572
D/WifiStateMachine( 1016): processMsg: ConnectedState
D/WifiStateMachine( 1016): processMsg: L2ConnectedState
D/WifiStateMachine( 1016): handleMessage: X
D/WifiStateMachine( 1016): handleMessage: E msg.what=151572
D/WifiStateMachine( 1016): processMsg: ConnectedState
D/WifiStateMachine( 1016): processMsg: L2ConnectedState
D/WifiStateMachine( 1016): handleMessage: X
D/WifiStateMachine( 1016): handleMessage: E msg.what=151572
D/WifiStateMachine( 1016): processMsg: ConnectedState
D/WifiStateMachine( 1016): processMsg: L2ConnectedState
D/WifiStateMachine( 1016): handleMessage: X
D/WifiStateMachine( 1016): handleMessage: E msg.what=131155
D/WifiStateMachine( 1016): processMsg: ConnectedState
D/WifiStateMachine( 1016): processMsg: L2ConnectedState
D/WifiStateMachine( 1016): handleMessage: X
D/WifiStateMachine( 1016): handleMessage: E msg.what=151572
D/WifiStateMachine( 1016): processMsg: ConnectedState
D/WifiStateMachine( 1016): processMsg: L2ConnectedState
D/WifiStateMachine( 1016): handleMessage: X
I/InputReader( 1016): Reconfiguring input devices.  changes=0x00000010
I/ActivityManager( 1016): Start proc android.process.acore for broadcast com.android.providers.contacts/.PackageIntentReceiver: pid=28722 uid=10010 gids={50010, 3003, 1028, 1015, 1023}
I/PackageManager( 1016): Adding preferred activity ComponentInfo{com.android.mms/com.android.mms.ui.ComposeMessageActivity} for user 0 :
I/PackageManager( 1016):   Action: "android.intent.action.SENDTO"
I/PackageManager( 1016):   Category: "android.intent.category.DEFAULT"
I/PackageManager( 1016):   Scheme: "sms"
I/ActivityManager( 1016): Process com.motorola.genie (pid 28617) has died.
I/Launcher(30757): Deferring update until onResume
I/PackageManager( 1016): Adding preferred activity ComponentInfo{com.android.mms/com.android.mms.ui.ComposeMessageActivity} for user 0 :
I/PackageManager( 1016):   Action: "android.intent.action.SENDTO"
I/PackageManager( 1016):   Category: "android.intent.category.DEFAULT"
I/PackageManager( 1016):   Scheme: "smsto"
I/PackageManager( 1016): Adding preferred activity ComponentInfo{com.android.mms/com.android.mms.ui.ComposeMessageActivity} for user 0 :
I/PackageManager( 1016):   Action: "android.intent.action.SENDTO"
I/PackageManager( 1016):   Category: "android.intent.category.DEFAULT"
I/PackageManager( 1016):   Scheme: "mms"
I/ActivityManager( 1016): Process com.devexpert.weather (pid 28569) has died.
I/Launcher(30757): Deferring update until onResume
I/PackageManager( 1016): Adding preferred activity ComponentInfo{com.android.mms/com.android.mms.ui.ComposeMessageActivity} for user 0 :
I/PackageManager( 1016):   Action: "android.intent.action.SENDTO"
I/PackageManager( 1016):   Category: "android.intent.category.DEFAULT"
I/PackageManager( 1016):   Scheme: "mmsto"
I/PackageManager( 1016): Adding preferred activity ComponentInfo{com.android.mms/com.android.mms.ui.ComposeMessageActivity} for user 0 :
I/PackageManager( 1016):   Action: "android.intent.action.SENDTO"
I/PackageManager( 1016):   Category: "android.intent.category.DEFAULT"
I/PackageManager( 1016):   Scheme: "sms"
I/PackageManager( 1016): Adding preferred activity ComponentInfo{com.android.mms/com.android.mms.ui.ComposeMessageActivity} for user 0 :
I/PackageManager( 1016):   Action: "android.intent.action.SENDTO"
I/PackageManager( 1016):   Category: "android.intent.category.DEFAULT"
I/PackageManager( 1016):   Scheme: "smsto"
I/PackageManager( 1016): Adding preferred activity ComponentInfo{com.android.mms/com.android.mms.ui.ComposeMessageActivity} for user 0 :
I/PackageManager( 1016):   Action: "android.intent.action.SENDTO"
I/PackageManager( 1016):   Category: "android.intent.category.DEFAULT"
I/PackageManager( 1016):   Scheme: "mms"
I/PackageManager( 1016): Adding preferred activity ComponentInfo{com.android.mms/com.android.mms.ui.ComposeMessageActivity} for user 0 :
I/PackageManager( 1016):   Action: "android.intent.action.SENDTO"
I/PackageManager( 1016):   Category: "android.intent.category.DEFAULT"
I/PackageManager( 1016):   Scheme: "mmsto"
I/ActivityManager( 1016): Start proc com.motorola.MotGallery2 for broadcast com.motorola.MotGallery2/com.android.gallery3d.app.PackagesMonitor: pid=28750 uid=10034 gids={50034, 3003, 1028, 1015}
I/ActivityManager( 1016): Process com.android.chrome (pid 28640) has died.
I/InternalIcingCorporaPro(28468): Updating corpora: APPS=com.motorola.genie, CONTACTS=MAYBE
D/PackageBroadcastService(30409): Received broadcast action=android.intent.action.PACKAGE_CHANGED and uri=com.motorola.genie
I/PeopleContactsSync(30409): CP2 sync disabled
I/ContactLocale(28722): AddressBook Labels [en_GB]: [, A, B, C, D, E, F, G, H, I, J, K, L, M, N, O, P, Q, R, S, T, U, V, W, X, Y, Z, , , , , , , , , , , , , , , , , , , , , , , , , , , , , , , , , , , , , , , , , , , , , , , , , , , , , , , , , , , , , , , , , , , , , , , , , , , , , , , , , , , , , , , , , , , , , , , , , , , , , , , , , , , , , , , , , , , , , , , , , , , , , , , , , , , , , , , , , , , , , , , , , , , , , , , , , , , , , , , , , , , , , , , , , , , , , , , , , , , , , , #, ]
I/ActivityManager( 1016): Process com.google.android.apps.uploader (pid 28656) has died.
I/InternalIcingCorporaPro(28468): UpdateCorporaTask done [took 267 ms] updated apps [took 267 ms] 
D/WifiStateMachine( 1016): handleMessage: E msg.what=151572
D/WifiStateMachine( 1016): processMsg: ConnectedState
D/WifiStateMachine( 1016): processMsg: L2ConnectedState
D/WifiStateMachine( 1016): handleMessage: X
I/SFPerfTracer(  278):      triggers: (rate: 38:2791) (compose: 0:14) (post: 0:2) (render: 9:413) (0:54799 frames) (1:146696)
D/SFPerfTracer(  278):        layers: (4:10) (DimLayer: 0:65)* (DimLayer: 0:25)* (FocusedStackFrame: 0:1450)* (StatusBar: 0:8385) (NavigationBar: 0:10264) (DimLayer: 0:2433)* (DimLayer: 0:259)* (com.android.wallpaper.fall.FallWallpaper: 1:16876) (com.giftme.fb_auth/com.giftme.fb_auth.FB_Auth: 0:39)* (Keyguard: 0:55) 
V/AlarmManager( 1016): sending alarm Alarm{427d73a8 type 3 android}
V/AlarmManager( 1016): sending alarm Alarm{42830220 type 0 com.android.deskclock}
V/AlarmClock(25168): AlarmStateManager received intent Intent { act=change_state cat=[ALARM_MANAGER] dat=content://com.android.deskclock/instances/1 flg=0x14 cmp=com.android.deskclock/.alarms.AlarmStateManager (has extras) }
V/AlarmClock(25168): Setting fire state to instance 1
V/AlarmClock(25168): AlarmService.onStartCommand() with intent: Intent { act=START_ALARM dat=content://com.android.deskclock/instances/1 cmp=com.android.deskclock/.alarms.AlarmService }
V/AlarmClock(25168): AlarmService.start with instance: 1
V/AlarmClock(25168): Displaying alarm notification for alarm instance: 1
V/AlarmClock(25168): Scheduling state change 6 to instance 1 at Fri 19:41 (1428086460000)
I/AlarmClock(25168): Displaying next alarm time: ''
V/AlarmClock(25168): AlarmKlaxon.start()
V/AlarmClock(25168): AlarmKlaxon.stop()
W/BackupManagerService( 1016): dataChanged but no participant pkg='com.android.providers.settings' uid=10015
W/Settings(30980): Setting data_roaming has moved from android.provider.Settings.Secure to android.provider.Settings.Global.
D/AwesomePlayer(  284): Before reset_l
I/AwesomePlayer(  284): setDataSource(FD URL suppressed)
I/ActivityManager( 1016): START u0 {act=fullscreen_activity dat=content://com.android.deskclock/instances/1 flg=0x10040000 cmp=com.android.deskclock/.alarms.AlarmActivity} from pid -1
W/ContextImpl( 1231): Calling a method in the system process without a qualified user: android.app.ContextImpl.sendBroadcast:1252 android.content.ContextWrapper.sendBroadcast:365 com.motorola.motocare.util.TriggerHelper$TriggerBuilder.send:76 com.motorola.motocare.internal.frameworkevents.PauseResumeTrigger.handleFrameworkEvent:53 com.motorola.motocare.internal.frameworkevents.FwEventMonitor$FrameworkListener.processFrameworkEvent:114 
D/QCUtils (  284): extended extractor not needed, return default
W/ContextImpl( 1231): Calling a method in the system process without a qualified user: android.app.ContextImpl.sendBroadcast:1252 android.content.ContextWrapper.sendBroadcast:365 com.motorola.motocare.util.TriggerHelper$TriggerBuilder.send:76 com.motorola.motocare.internal.frameworkevents.PauseResumeTrigger.handleFrameworkEvent:53 com.motorola.motocare.internal.frameworkevents.FwEventMonitor$FrameworkListener.processFrameworkEvent:114 
I/MediaFocusControl( 1016):  AudioFocus  requestAudioFocus() from android.media.AudioManager@431a3590
I/OMXNodeInstance(  284): OMX_FreeBuffer for buffer header 0xb7a262e8 successful
I/OMXNodeInstance(  284): OMX_FreeBuffer for buffer header 0xb7a264c0 successful
I/OMXNodeInstance(  284): OMX_FreeBuffer for buffer header 0xb7a22ef0 successful
I/OMXNodeInstance(  284): OMX_FreeBuffer for buffer header 0xb7a23018 successful
V/KeyguardHostView( 1078): hide transport, gen:23
D/audio_hw_primary(  284): out_set_parameters: enter: usecase(0: deep-buffer-playback) kvpairs: routing=2
D/audio_hw_extn(  284): audio_extn_set_anc_parameters: anc_enabled:0
V/listen_hw(  284): listen_hw_set_parameters: Enter, kvpairs = routing=2 
V/listen_hw(  284): handle_set_parameters: Enter kvpairs=routing=2.
V/listen_hw(  284): handle_set_parameters: Exit
V/listen_hw(  284): listen_hw_set_parameters: Exit, ret=0
V/AlarmClock(25168): Displaying alarm for instance: AlarmInstance{mId=1, mYear=2015, mMonth=3, mDay=3, mHour=19, mMinute=31, mLabel=, mVibrate=false, mRingtone=content://settings/system/alarm_alert, mAlarmId=1, mAlarmState=5}
V/msm8974_platform(  284): platform_get_output_snd_device: enter: output devices(0x2)
V/msm8974_platform(  284): platform_get_output_snd_device: exit: snd_device(speaker)
D/audio_hw_primary(  284): select_devices: out_snd_device(2: speaker) in_snd_device(0: )
D/hardware_info(  284): hw_info_append_hw_type : device_name = speaker
V/msm8974_platform(  284): platform_send_audio_calibration: sending audio calibration for snd_device(2) acdb_id(14)
E/MediaPlayer(25168): Should have subtitle controller already set
D/audio_hw_primary(  284): out_set_parameters: enter: usecase(1: low-latency-playback) kvpairs: routing=2
W/ContextImpl( 1231): Calling a method in the system process without a qualified user: android.app.ContextImpl.sendBroadcast:1252 android.content.ContextWrapper.sendBroadcast:365 com.motorola.motocare.util.TriggerHelper$TriggerBuilder.send:76 com.motorola.motocare.internal.frameworkevents.PauseResumeTrigger.handleFrameworkEvent:53 com.motorola.motocare.internal.frameworkevents.FwEventMonitor$FrameworkListener.processFrameworkEvent:114 
V/msm8974_platform(  284): platform_get_output_snd_device: enter: output devices(0x2)
V/msm8974_platform(  284): platform_get_output_snd_device: exit: snd_device(speaker)
D/audio_hw_primary(  284): select_devices: out_snd_device(2: speaker) in_snd_device(0: )
D/hardware_info(  284): hw_info_append_hw_type : device_name = speaker
D/WifiStateMachine( 1016): handleMessage: E msg.what=151572
D/WifiStateMachine( 1016): processMsg: ConnectedState
D/WifiStateMachine( 1016): processMsg: L2ConnectedState
I/LaunchCheckinHandler( 1016): Displayed com.android.deskclock/.alarms.AlarmActivity,wp,ca,193
I/ActivityManager( 1016): Displayed com.android.deskclock/.alarms.AlarmActivity: +185ms (total +193ms)
D/UsbDeviceManager( 1016): MSG_USER_PRESENT
D/WifiStateMachine( 1016): handleMessage: X
D/3CDM.DeviceAdminPushReceiver(30980): Received an Intent - Action: android.intent.action.USER_PRESENT
D/3CDM.DeviceAdminPushReceiver(30980): Type: null
D/3CDM.DeviceAdminPushReceiver(30980): Data: null
D/WifiStateMachine( 1016): handleMessage: E msg.what=131155
D/WifiStateMachine( 1016): processMsg: ConnectedState
D/WifiStateMachine( 1016): processMsg: L2ConnectedState
D/WifiStateMachine( 1016): handleMessage: X
D/3CDM.Service(30980): android.intent.action.USER_PRESENT
D/3CDM.Service(30980): Phone was locked and now it is unlocked now.
I/ActivityManager( 1016): Start proc com.devexpert.weather for broadcast com.devexpert.weather/.view.WidgetWeather2x1: pid=28800 uid=10112 gids={50112, 3003, 1028, 1015}
W/IInputConnectionWrapper(28122): showStatusIcon on inactive InputConnection
D/UsbDeviceManager( 1016): MSG_USER_PRESENT
D/UsbDeviceManager( 1016): MSG_USER_PRESENT
D/PhoneStatusBar( 1078): disable: < expand icons alerts ticker system_info back* home* recent* clock* search >
D/3CDM.DeviceAdminPushReceiver(30980): Received an Intent - Action: android.intent.action.USER_PRESENT
D/3CDM.DeviceAdminPushReceiver(30980): Type: null
D/3CDM.DeviceAdminPushReceiver(30980): Data: null
D/3CDM.Service(30980): android.intent.action.USER_PRESENT
D/3CDM.Service(30980): Phone was locked and now it is unlocked now.
D/WifiStateMachine( 1016): handleMessage: E msg.what=151572
D/WifiStateMachine( 1016): processMsg: ConnectedState
D/WifiStateMachine( 1016): processMsg: L2ConnectedState
D/WifiStateMachine( 1016): handleMessage: X
I/SFPerfTracer(  278):      triggers: (rate: 38:2794) (compose: 0:14) (post: 0:2) (render: 9:413) (0:54816 frames) (1:146796)
D/SFPerfTracer(  278):        layers: (4:11) (DimLayer: 0:65)* (DimLayer: 0:25)* (FocusedStackFrame: 0:1454)* (StatusBar: 0:8439) (NavigationBar: 0:10301) (DimLayer: 0:2433)* (DimLayer: 0:259)* (com.android.wallpaper.fall.FallWallpaper: 0:16910) (com.giftme.fb_auth/com.giftme.fb_auth.FB_Auth: 0:39)* (Keyguard: 0:71)* (com.android.deskclock/com.android.deskclock.alarms.AlarmActivity: 1:68) 
D/WifiStateMachine( 1016): handleMessage: E msg.what=151572
D/WifiStateMachine( 1016): processMsg: ConnectedState
D/WifiStateMachine( 1016): processMsg: L2ConnectedState
D/WifiStateMachine( 1016): handleMessage: X
I/ActivityManager( 1016): Process android.process.acore (pid 28722) has died.
V/AlarmClock(25168): AlarmActivity - GlowPad dismiss trigger
V/AlarmClock(25168): Setting dismissed state to instance 1
V/AlarmClock(25168): Clearing notifications for alarm instance: 1
V/AlarmClock(25168): Canceling instance 1 timers
D/WifiStateMachine( 1016): handleMessage: E msg.what=151572
D/WifiStateMachine( 1016): processMsg: ConnectedState
D/WifiStateMachine( 1016): processMsg: L2ConnectedState
I/AlarmClock(25168): Creating new instance for repeating alarm 1 at Mon 19:21
V/AlarmClock(25168): Setting silent state to instance 2
D/WifiStateMachine( 1016): handleMessage: X
D/WifiStateMachine( 1016): handleMessage: E msg.what=131155
D/WifiStateMachine( 1016): processMsg: ConnectedState
D/WifiStateMachine( 1016): processMsg: L2ConnectedState
D/WifiStateMachine( 1016): handleMessage: X
V/AlarmClock(25168): Clearing notifications for alarm instance: 2
V/AlarmClock(25168): Scheduling state change 1 to instance 2 at Mon 17:21 (1428337260000)
I/AlarmClock(25168): Displaying next alarm time: 'Mon 19:21'
W/BackupManagerService( 1016): dataChanged but no participant pkg='com.android.providers.settings' uid=10015
W/Settings(30980): Setting data_roaming has moved from android.provider.Settings.Secure to android.provider.Settings.Global.
I/AlarmClock(25168): Displaying next alarm time: 'Mon 19:21'
V/AlarmClock(25168): AlarmService.onStartCommand() with intent: Intent { act=STOP_ALARM dat=content://com.android.deskclock/instances/1 cmp=com.android.deskclock/.alarms.AlarmService }
V/AlarmClock(25168): AlarmService.onDestroy() called
V/AlarmClock(25168): AlarmService.stop with instance: 1
V/AlarmClock(25168): AlarmKlaxon.stop()
I/MediaFocusControl( 1016):  AudioFocus  abandonAudioFocus() from android.media.AudioManager@431a3590
I/OMXNodeInstance(  284): OMX_FreeBuffer for buffer header 0xb7a00030 successful
I/OMXNodeInstance(  284): OMX_FreeBuffer for buffer header 0xb79fff78 successful
I/OMXNodeInstance(  284): OMX_FreeBuffer for buffer header 0xb79ffea8 successful
I/OMXNodeInstance(  284): OMX_FreeBuffer for buffer header 0xb79f9be8 successful
I/OMXNodeInstance(  284): OMX_FreeBuffer for buffer header 0xb7a26bf8 successful
I/OMXNodeInstance(  284): OMX_FreeBuffer for buffer header 0xb79f9f70 successful
I/OMXNodeInstance(  284): OMX_FreeBuffer for buffer header 0xb79d4680 successful
I/OMXNodeInstance(  284): OMX_FreeBuffer for buffer header 0xb7a26230 successful
W/libutils.threads(  284): Thread (this=0xb7a31178): don't call join() from this Thread object's thread. It's a guaranteed deadlock!
I/SFPerfTracer(  278):      triggers: (rate: 38:2794) (compose: 0:14) (post: 0:2) (render: 9:413) (0:54816 frames) (1:146896)
D/SFPerfTracer(  278):        layers: (4:9) (DimLayer: 0:65)* (DimLayer: 0:25)* (FocusedStackFrame: 0:1454)* (StatusBar: 1:8441) (NavigationBar: 0:10301) (DimLayer: 0:2433)* (DimLayer: 0:259)* (com.android.wallpaper.fall.FallWallpaper: 1:16937) (com.android.deskclock/com.android.deskclock.alarms.AlarmActivity: 1:165) 
W/MediaPlayer(25168): mediaplayer went away with unhandled events
V/AlarmClock(25168): AlarmActivity - Broadcast Receiver - com.android.deskclock.ALARM_DONE
W/ContextImpl( 1231): Calling a method in the system process without a qualified user: android.app.ContextImpl.sendBroadcast:1252 android.content.ContextWrapper.sendBroadcast:365 com.motorola.motocare.util.TriggerHelper$TriggerBuilder.send:76 com.motorola.motocare.internal.frameworkevents.PauseResumeTrigger.handleFrameworkEvent:53 com.motorola.motocare.internal.frameworkevents.FwEventMonitor$FrameworkListener.processFrameworkEvent:114 
W/ContextImpl( 1231): Calling a method in the system process without a qualified user: android.app.ContextImpl.sendBroadcast:1252 android.content.ContextWrapper.sendBroadcast:365 com.motorola.motocare.util.TriggerHelper$TriggerBuilder.send:76 com.motorola.motocare.internal.frameworkevents.PauseResumeTrigger.handleFrameworkEvent:53 com.motorola.motocare.internal.frameworkevents.FwEventMonitor$FrameworkListener.processFrameworkEvent:114 
D/CordovaActivity(28122): Resuming the App
V/PhoneStatusBar( 1078): setLightsOn(true)
I/ActivityManager( 1016): Waited long enough for: ServiceRecord{431024b0 u0 com.google.android.googlequicksearchbox/com.google.android.search.core.service.SearchService}
D/hardware_info(  284): hw_info_append_hw_type : device_name = speaker
D/WifiStateMachine( 1016): handleMessage: E msg.what=151572
D/WifiStateMachine( 1016): processMsg: ConnectedState
D/WifiStateMachine( 1016): processMsg: L2ConnectedState
D/WifiStateMachine( 1016): handleMessage: X
D/WifiStateMachine( 1016): handleMessage: E msg.what=151572
D/WifiStateMachine( 1016): processMsg: ConnectedState
D/WifiStateMachine( 1016): processMsg: L2ConnectedState
D/WifiStateMachine( 1016): handleMessage: X
D/WifiStateMachine( 1016): handleMessage: E msg.what=151572
D/WifiStateMachine( 1016): processMsg: ConnectedState
D/WifiStateMachine( 1016): processMsg: L2ConnectedState
D/WifiStateMachine( 1016): handleMessage: X
D/WifiStateMachine( 1016): handleMessage: E msg.what=131155
D/WifiStateMachine( 1016): processMsg: ConnectedState
D/WifiStateMachine( 1016): processMsg: L2ConnectedState
D/WifiStateMachine( 1016): handleMessage: X
D/hardware_info(  284): hw_info_append_hw_type : device_name = speaker
D/WifiStateMachine( 1016): handleMessage: E msg.what=151572
D/WifiStateMachine( 1016): processMsg: ConnectedState
D/WifiStateMachine( 1016): processMsg: L2ConnectedState
D/WifiStateMachine( 1016): handleMessage: X
D/WifiStateMachine( 1016): handleMessage: E msg.what=151572
D/WifiStateMachine( 1016): processMsg: ConnectedState
D/WifiStateMachine( 1016): processMsg: L2ConnectedState
D/WifiStateMachine( 1016): handleMessage: X
I/SFPerfTracer(  278):       trigger: vsync rate (-35.638%)	(38.617 vps)	(25.895 ms)* 	(234 drops)	(641 vsyncs)
I/SFPerfTracer(  278):      triggers: (rate: 34:28969) (87986 sw vsyncs) (52109 skipped) (641:148085 vsyncs) (643:254297)
D/dalvikvm( 1078): GC_FOR_ALLOC freed 2674K, 30% free 13510K/19136K, paused 28ms, total 29ms
I/ActivityManager( 1016): START u0 {act=com.android.systemui.recent.action.TOGGLE_RECENTS flg=0x10800000 cmp=com.android.systemui/.recent.RecentsActivity (has extras)} from pid 1078
W/ContextImpl( 1231): Calling a method in the system process without a qualified user: android.app.ContextImpl.sendBroadcast:1252 android.content.ContextWrapper.sendBroadcast:365 com.motorola.motocare.util.TriggerHelper$TriggerBuilder.send:76 com.motorola.motocare.internal.frameworkevents.PauseResumeTrigger.handleFrameworkEvent:53 com.motorola.motocare.internal.frameworkevents.FwEventMonitor$FrameworkListener.processFrameworkEvent:114 
D/CordovaActivity(28122): Paused the application!
D/CordovaWebView(28122): Handle the pause
W/ContextImpl( 1231): Calling a method in the system process without a qualified user: android.app.ContextImpl.sendBroadcast:1252 android.content.ContextWrapper.sendBroadcast:365 com.motorola.motocare.util.TriggerHelper$TriggerBuilder.send:76 com.motorola.motocare.internal.frameworkevents.PauseResumeTrigger.handleFrameworkEvent:53 com.motorola.motocare.internal.frameworkevents.FwEventMonitor$FrameworkListener.processFrameworkEvent:114 
D/dalvikvm( 1078): GC_FOR_ALLOC freed 976K, 29% free 13746K/19136K, paused 22ms, total 22ms
W/InputMethodManagerService( 1016): Starting input on non-focused client com.android.internal.view.IInputMethodClient$Stub$Proxy@438ba220 (uid=10106 pid=28122)
W/IInputConnectionWrapper(28122): showStatusIcon on inactive InputConnection
I/LaunchCheckinHandler( 1016): Displayed com.android.systemui/.recent.RecentsActivity,wp,wa,85
D/dalvikvm( 1078): GC_FOR_ALLOC freed 10K, 27% free 14156K/19136K, paused 22ms, total 22ms
I/dalvikvm-heap( 1078): Grow heap (frag case) to 16.286MB for 380496-byte allocation
D/dalvikvm( 1078): GC_FOR_ALLOC freed 427K, 28% free 14158K/19508K, paused 21ms, total 21ms
D/dalvikvm( 1078): GC_FOR_ALLOC freed 7K, 26% free 14565K/19508K, paused 21ms, total 21ms
I/dalvikvm-heap( 1078): Grow heap (frag case) to 16.685MB for 380496-byte allocation
D/dalvikvm( 1078): GC_FOR_ALLOC freed 5K, 25% free 14972K/19880K, paused 19ms, total 23ms
I/dalvikvm-heap( 1078): Grow heap (frag case) to 17.082MB for 380496-byte allocation
D/dalvikvm( 1078): GC_FOR_ALLOC freed 6K, 25% free 15381K/20252K, paused 19ms, total 19ms
I/dalvikvm-heap( 1078): Grow heap (frag case) to 17.481MB for 380496-byte allocation
D/dalvikvm( 1078): GC_FOR_ALLOC freed 6K, 24% free 15856K/20624K, paused 20ms, total 20ms
I/dalvikvm-heap( 1078): Grow heap (frag case) to 17.946MB for 380496-byte allocation
D/dalvikvm( 1078): GC_FOR_ALLOC freed 5K, 23% free 16282K/20996K, paused 20ms, total 20ms
I/dalvikvm-heap( 1078): Grow heap (frag case) to 18.362MB for 380496-byte allocation
D/WifiStateMachine( 1016): handleMessage: E msg.what=151572
D/WifiStateMachine( 1016): processMsg: ConnectedState
D/WifiStateMachine( 1016): processMsg: L2ConnectedState
D/WifiStateMachine( 1016): handleMessage: X
D/WifiStateMachine( 1016): handleMessage: E msg.what=131155
D/WifiStateMachine( 1016): processMsg: ConnectedState
D/WifiStateMachine( 1016): processMsg: L2ConnectedState
D/WifiStateMachine( 1016): handleMessage: X
I/SFPerfTracer(  278):      triggers: (rate: 38:2794) (compose: 0:14) (post: 0:2) (render: 9:413) (0:54850 frames) (1:146996)
D/SFPerfTracer(  278):        layers: (3:12) (DimLayer: 0:65)* (DimLayer: 0:25)* (FocusedStackFrame: 0:1459)* (StatusBar: 0:8460) (NavigationBar: 0:10334) (DimLayer: 0:2433)* (DimLayer: 0:259)* (com.android.wallpaper.fall.FallWallpaper: 0:16946)* (com.android.deskclock/com.android.deskclock.alarms.AlarmActivity: 0:171)* (com.giftme.fb_auth/com.giftme.fb_auth.FB_Auth: 0:57)* (com.android.systemui/com.android.systemui.recent.RecentsActivity: 1:16) (thumbnail anim: 0:17)* 
D/CordovaActivity(28122): CordovaActivity.onDestroy()
D/CordovaWebView(28122): >>> loadUrlNow()
I/ActivityManager( 1016): Killing 28122:com.giftme.fb_auth/u0a106 (adj 9): remove task
W/ContextImpl( 1231): Calling a method in the system process without a qualified user: android.app.ContextImpl.sendBroadcast:1252 android.content.ContextWrapper.sendBroadcast:365 com.motorola.motocare.util.TriggerHelper$TriggerBuilder.send:76 com.motorola.motocare.internal.frameworkevents.ProcessKillTrigger.sendTrigger:147 com.motorola.motocare.internal.frameworkevents.ProcessKillTrigger.handleFrameworkEvent:164 
I/WindowState( 1016): WIN DEATH: Window{428a28e0 u0 com.giftme.fb_auth/com.giftme.fb_auth.FB_Auth}
D/WifiStateMachine( 1016): handleMessage: E msg.what=151572
D/WifiStateMachine( 1016): processMsg: ConnectedState
D/WifiStateMachine( 1016): processMsg: L2ConnectedState
D/WifiStateMachine( 1016): handleMessage: X
I/SFPerfTracer(  278):      triggers: (rate: 34:28969) (87986 sw vsyncs) (52109 skipped) (100:148185 vsyncs) (102:254402)
I/ActivityManager( 1016): START u0 {act=android.intent.action.MAIN cat=[android.intent.category.HOME] flg=0x10200000 cmp=com.android.launcher/com.android.launcher2.Launcher} from pid 1016
D/dalvikvm( 1016): GC_FOR_ALLOC freed 2778K, 34% free 25856K/39124K, paused 92ms, total 92ms
W/ContextImpl( 1231): Calling a method in the system process without a qualified user: android.app.ContextImpl.sendBroadcast:1252 android.content.ContextWrapper.sendBroadcast:365 com.motorola.motocare.util.TriggerHelper$TriggerBuilder.send:76 com.motorola.motocare.internal.frameworkevents.PauseResumeTrigger.handleFrameworkEvent:53 com.motorola.motocare.internal.frameworkevents.FwEventMonitor$FrameworkListener.processFrameworkEvent:114 
W/ContextImpl( 1231): Calling a method in the system process without a qualified user: android.app.ContextImpl.sendBroadcast:1252 android.content.ContextWrapper.sendBroadcast:365 com.motorola.motocare.util.TriggerHelper$TriggerBuilder.send:76 com.motorola.motocare.internal.frameworkevents.PauseResumeTrigger.handleFrameworkEvent:53 com.motorola.motocare.internal.frameworkevents.FwEventMonitor$FrameworkListener.processFrameworkEvent:114 
D/WifiStateMachine( 1016): handleMessage: E msg.what=151572
D/WifiStateMachine( 1016): processMsg: ConnectedState
D/WifiStateMachine( 1016): processMsg: L2ConnectedState
D/WifiStateMachine( 1016): handleMessage: X
E/AppsCustomizePagedView(30757): Widget ComponentInfo{com.devexpert.weather/com.devexpert.weather.view.WidgetWeather5x1Cur} can not fit on this device (736, 80)
E/AppsCustomizePagedView(30757): Widget ComponentInfo{com.devexpert.weather/com.devexpert.weather.view.WidgetWeather5x1} can not fit on this device (736, 80)
E/AppsCustomizePagedView(30757): Widget ComponentInfo{com.devexpert.weather/com.devexpert.weather.view.WidgetWeather5x2LC} can not fit on this device (736, 220)
E/AppsCustomizePagedView(30757): Widget ComponentInfo{com.devexpert.weather/com.devexpert.weather.view.WidgetWeather5x2} can not fit on this device (736, 220)
E/AppsCustomizePagedView(30757): Widget ComponentInfo{com.devexpert.weather/com.devexpert.weather.view.WidgetWeather5x3} can not fit on this device (736, 330)
I/LaunchCheckinHandler( 1016): Displayed com.android.launcher/com.android.launcher2.Launcher,wp,wa,341
I/SFPerfTracer(  278):      triggers: (rate: 38:2794) (compose: 0:14) (post: 0:2) (render: 9:413) (0:54866 frames) (1:147096)
D/SFPerfTracer(  278):        layers: (4:10) (DimLayer: 0:65)* (DimLayer: 0:25)* (FocusedStackFrame: 0:1459)* (StatusBar: 0:8479) (NavigationBar: 0:10370) (DimLayer: 0:2433)* (DimLayer: 0:259)* (com.android.wallpaper.fall.FallWallpaper: 1:16959) (com.android.systemui/com.android.systemui.recent.RecentsActivity: 0:82)* (com.android.launcher/com.android.launcher2.Launcher: 1:33) 
D/WifiStateMachine( 1016): handleMessage: E msg.what=151572
D/WifiStateMachine( 1016): processMsg: ConnectedState
D/WifiStateMachine( 1016): processMsg: L2ConnectedState
D/WifiStateMachine( 1016): handleMessage: X
D/WifiStateMachine( 1016): handleMessage: E msg.what=131155
D/WifiStateMachine( 1016): processMsg: ConnectedState
D/WifiStateMachine( 1016): processMsg: L2ConnectedState
D/WifiStateMachine( 1016): handleMessage: X
V/AlarmManager( 1016): sending alarm Alarm{43237be8 type 3 com.devexpert.weather}
V/AlarmManager( 1016): sending alarm Alarm{43212d48 type 3 android}
D/WifiStateMachine( 1016): handleMessage: E msg.what=151572
D/WifiStateMachine( 1016): processMsg: ConnectedState
D/WifiStateMachine( 1016): processMsg: L2ConnectedState
D/WifiStateMachine( 1016): handleMessage: X
D/WifiStateMachine( 1016): handleMessage: E msg.what=151572
D/WifiStateMachine( 1016): processMsg: ConnectedState
D/WifiStateMachine( 1016): processMsg: L2ConnectedState
D/WifiStateMachine( 1016): handleMessage: X
D/WifiStateMachine( 1016): handleMessage: E msg.what=151572
D/WifiStateMachine( 1016): processMsg: ConnectedState
D/WifiStateMachine( 1016): processMsg: L2ConnectedState
D/WifiStateMachine( 1016): handleMessage: X
D/WifiStateMachine( 1016): handleMessage: E msg.what=131155
D/WifiStateMachine( 1016): processMsg: ConnectedState
D/WifiStateMachine( 1016): processMsg: L2ConnectedState
D/WifiStateMachine( 1016): handleMessage: X
D/WifiStateMachine( 1016): handleMessage: E msg.what=151572
D/WifiStateMachine( 1016): processMsg: ConnectedState
D/WifiStateMachine( 1016): processMsg: L2ConnectedState
D/WifiStateMachine( 1016): handleMessage: X
D/WifiStateMachine( 1016): handleMessage: E msg.what=151572
D/WifiStateMachine( 1016): processMsg: ConnectedState
D/WifiStateMachine( 1016): processMsg: L2ConnectedState
D/WifiStateMachine( 1016): handleMessage: X
I/SFPerfTracer(  278):      triggers: (rate: 38:2794) (compose: 0:14) (post: 0:2) (render: 9:413) (0:54866 frames) (1:147196)
D/SFPerfTracer(  278):        layers: (4:9) (DimLayer: 0:65)* (DimLayer: 0:25)* (FocusedStackFrame: 0:1459)* (StatusBar: 0:8479) (NavigationBar: 0:10370) (DimLayer: 0:2433)* (DimLayer: 0:259)* (com.android.wallpaper.fall.FallWallpaper: 1:17038) (com.android.launcher/com.android.launcher2.Launcher: 0:61) 
D/WifiStateMachine( 1016): handleMessage: E msg.what=151572
D/WifiStateMachine( 1016): processMsg: ConnectedState
D/WifiStateMachine( 1016): processMsg: L2ConnectedState
D/WifiStateMachine( 1016): handleMessage: X
D/WifiStateMachine( 1016): handleMessage: E msg.what=131155
D/WifiStateMachine( 1016): processMsg: ConnectedState
D/WifiStateMachine( 1016): processMsg: L2ConnectedState
D/WifiStateMachine( 1016): handleMessage: X
I/MDMCTBK (  276): NetlinkHandler, power_supply subsys
I/MDMCTBK (  276): NetlinkHandler, usbChargerStateChanged
I/MDMCTBK (  276): checkDefaultInst, current pid is = 276
I/MDMCTBK (  276): checkDefaultInst, pid match
I/MDMCTBK (  276): MdmCutbackHndler,readFromFile = /sys/class/power_supply/usb/online
I/MDMCTBK (  276): MdmCutbackHndler,readFromFile = 
E/MDMCTBK (  276): MdmCutbackHndler,Could not open ''
I/MDMCTBK (  276): NetlinkHandler, power_supply subsys
I/MDMCTBK (  276): NetlinkHandler, usbChargerStateChanged
I/MDMCTBK (  276): checkDefaultInst, current pid is = 276
I/MDMCTBK (  276): checkDefaultInst, pid match
I/MDMCTBK (  276): MdmCutbackHndler,readFromFile = /sys/class/power_supply/usb/online
I/MDMCTBK (  276): MdmCutbackHndler,readFromFile = 
E/MDMCTBK (  276): MdmCutbackHndler,Could not open ''
D/WifiStateMachine( 1016): handleMessage: E msg.what=151572
D/WifiStateMachine( 1016): processMsg: ConnectedState
D/WifiStateMachine( 1016): processMsg: L2ConnectedState
D/WifiStateMachine( 1016): handleMessage: X
D/WifiStateMachine( 1016): handleMessage: E msg.what=151572
D/WifiStateMachine( 1016): processMsg: ConnectedState
D/WifiStateMachine( 1016): processMsg: L2ConnectedState
D/WifiStateMachine( 1016): handleMessage: X
D/WifiStateMachine( 1016): handleMessage: E msg.what=151572
D/WifiStateMachine( 1016): processMsg: ConnectedState
D/WifiStateMachine( 1016): processMsg: L2ConnectedState
D/WifiStateMachine( 1016): handleMessage: X
D/WifiStateMachine( 1016): handleMessage: E msg.what=131155
D/WifiStateMachine( 1016): processMsg: ConnectedState
D/WifiStateMachine( 1016): processMsg: L2ConnectedState
D/WifiStateMachine( 1016): handleMessage: X
D/WifiStateMachine( 1016): handleMessage: E msg.what=151572
D/WifiStateMachine( 1016): processMsg: ConnectedState
D/WifiStateMachine( 1016): processMsg: L2ConnectedState
D/WifiStateMachine( 1016): handleMessage: X
D/WifiStateMachine( 1016): handleMessage: E msg.what=151572
D/WifiStateMachine( 1016): processMsg: ConnectedState
D/WifiStateMachine( 1016): processMsg: L2ConnectedState
D/WifiStateMachine( 1016): handleMessage: X
I/SFPerfTracer(  278):      triggers: (rate: 38:2794) (compose: 0:14) (post: 0:2) (render: 9:413) (0:54866 frames) (1:147296)
D/SFPerfTracer(  278):        layers: (4:9) (DimLayer: 0:65)* (DimLayer: 0:25)* (FocusedStackFrame: 0:1459)* (StatusBar: 0:8481) (NavigationBar: 0:10370) (DimLayer: 0:2433)* (DimLayer: 0:259)* (com.android.wallpaper.fall.FallWallpaper: 1:17136) (com.android.launcher/com.android.launcher2.Launcher: 0:61) 
D/dalvikvm( 1078): GC_FOR_ALLOC freed 3729K, 28% free 13355K/18396K, paused 28ms, total 37ms
I/dalvikvm-heap( 1078): Grow heap (frag case) to 15.503MB for 380496-byte allocation
I/ActivityManager( 1016): START u0 {act=com.android.systemui.recent.action.TOGGLE_RECENTS flg=0x10800000 cmp=com.android.systemui/.recent.RecentsActivity} from pid 1078
D/WifiStateMachine( 1016): handleMessage: E msg.what=151572
D/WifiStateMachine( 1016): processMsg: ConnectedState
D/WifiStateMachine( 1016): processMsg: L2ConnectedState
W/ContextImpl( 1231): Calling a method in the system process without a qualified user: android.app.ContextImpl.sendBroadcast:1252 android.content.ContextWrapper.sendBroadcast:365 com.motorola.motocare.util.TriggerHelper$TriggerBuilder.send:76 com.motorola.motocare.internal.frameworkevents.PauseResumeTrigger.handleFrameworkEvent:53 com.motorola.motocare.internal.frameworkevents.FwEventMonitor$FrameworkListener.processFrameworkEvent:114 
D/WifiStateMachine( 1016): handleMessage: X
W/ContextImpl( 1231): Calling a method in the system process without a qualified user: android.app.ContextImpl.sendBroadcast:1252 android.content.ContextWrapper.sendBroadcast:365 com.motorola.motocare.util.TriggerHelper$TriggerBuilder.send:76 com.motorola.motocare.internal.frameworkevents.PauseResumeTrigger.handleFrameworkEvent:53 com.motorola.motocare.internal.frameworkevents.FwEventMonitor$FrameworkListener.processFrameworkEvent:114 
D/dalvikvm( 1078): GC_FOR_ALLOC freed 435K, 29% free 13370K/18768K, paused 23ms, total 23ms
W/InputMethodManagerService( 1016): Starting input on non-focused client com.android.internal.view.IInputMethodClient$Stub$Proxy@42b323c0 (uid=10029 pid=30757)
D/WifiStateMachine( 1016): handleMessage: E msg.what=131155
D/WifiStateMachine( 1016): processMsg: ConnectedState
D/WifiStateMachine( 1016): processMsg: L2ConnectedState
D/WifiStateMachine( 1016): handleMessage: X
D/dalvikvm( 1078): GC_FOR_ALLOC freed 10K, 27% free 13783K/18768K, paused 22ms, total 22ms
I/dalvikvm-heap( 1078): Grow heap (frag case) to 15.921MB for 380496-byte allocation
I/LaunchCheckinHandler( 1016): Displayed com.android.systemui/.recent.RecentsActivity,wp,wa,122
D/dalvikvm( 1078): GC_FOR_ALLOC freed 418K, 29% free 13779K/19140K, paused 28ms, total 28ms
D/dalvikvm( 1078): GC_FOR_ALLOC freed 12K, 26% free 14193K/19140K, paused 21ms, total 21ms
I/dalvikvm-heap( 1078): Grow heap (frag case) to 16.322MB for 380496-byte allocation
D/dalvikvm( 1078): GC_FOR_ALLOC freed 8K, 26% free 14597K/19512K, paused 21ms, total 21ms
I/dalvikvm-heap( 1078): Grow heap (frag case) to 16.715MB for 380496-byte allocation
D/dalvikvm( 1078): GC_FOR_ALLOC freed 12K, 25% free 15041K/19884K, paused 22ms, total 22ms
I/dalvikvm-heap( 1078): Grow heap (frag case) to 17.150MB for 380496-byte allocation
D/dalvikvm( 1078): GC_FOR_ALLOC freed 5K, 24% free 15450K/20256K, paused 22ms, total 22ms
I/dalvikvm-heap( 1078): Grow heap (frag case) to 17.548MB for 380496-byte allocation
D/WifiStateMachine( 1016): handleMessage: E msg.what=151572
D/WifiStateMachine( 1016): processMsg: ConnectedState
D/WifiStateMachine( 1016): processMsg: L2ConnectedState
D/WifiStateMachine( 1016): handleMessage: X
D/WifiStateMachine( 1016): handleMessage: E msg.what=151572
D/WifiStateMachine( 1016): processMsg: ConnectedState
D/WifiStateMachine( 1016): processMsg: L2ConnectedState
D/WifiStateMachine( 1016): handleMessage: X
I/SFPerfTracer(  278):       trigger: vsync rate (-64.892%)	(21.065 vps)	(47.472 ms)* 	(348 drops)	(285 vsyncs)
I/SFPerfTracer(  278):      triggers: (rate: 35:29317) (87986 sw vsyncs) (52707 skipped) (285:148471 vsyncs) (287:254693)
D/WifiStateMachine( 1016): handleMessage: E msg.what=151572
D/WifiStateMachine( 1016): processMsg: ConnectedState
D/WifiStateMachine( 1016): processMsg: L2ConnectedState
D/WifiStateMachine( 1016): handleMessage: X
