E/cutils  (  261): Failed to mkdirat(/storage/sdcard1/Android): Read-only file system
W/Vold    (  261): Returning OperationFailed - no handler for errno 30
W/ContextImpl( 1647): Failed to ensure directory: /storage/sdcard1/Android/data/com.ghisler.android.TotalCommander/files
D/WifiStateMachine( 1016): handleMessage: E msg.what=151572
D/WifiStateMachine( 1016): processMsg: ConnectedState
D/WifiStateMachine( 1016): processMsg: L2ConnectedState
D/WifiStateMachine( 1016): handleMessage: X
D/WifiStateMachine( 1016): handleMessage: E msg.what=151572
D/WifiStateMachine( 1016): processMsg: ConnectedState
D/WifiStateMachine( 1016): processMsg: L2ConnectedState
D/WifiStateMachine( 1016): handleMessage: X
D/WifiStateMachine( 1016): handleMessage: E msg.what=151572
D/WifiStateMachine( 1016): processMsg: ConnectedState
D/WifiStateMachine( 1016): processMsg: L2ConnectedState
D/WifiStateMachine( 1016): handleMessage: X
D/WifiStateMachine( 1016): handleMessage: E msg.what=131155
D/WifiStateMachine( 1016): processMsg: ConnectedState
D/WifiStateMachine( 1016): processMsg: L2ConnectedState
D/WifiStateMachine( 1016): handleMessage: X
W/PackageParser( 1647): No actions in intent filter at /storage/emulated/0/download/FB_Auth-release.apk Binary XML file line #28
D/WifiStateMachine( 1016): handleMessage: E msg.what=151572
D/WifiStateMachine( 1016): processMsg: ConnectedState
D/WifiStateMachine( 1016): processMsg: L2ConnectedState
D/WifiStateMachine( 1016): handleMessage: X
D/WifiStateMachine( 1016): handleMessage: E msg.what=151572
D/WifiStateMachine( 1016): processMsg: ConnectedState
D/WifiStateMachine( 1016): processMsg: L2ConnectedState
D/WifiStateMachine( 1016): handleMessage: X
W/PackageParser( 1647): No actions in intent filter at /storage/emulated/0/download/FB_Auth-release.apk Binary XML file line #28
D/WifiStateMachine( 1016): handleMessage: E msg.what=151572
D/WifiStateMachine( 1016): processMsg: ConnectedState
D/WifiStateMachine( 1016): processMsg: L2ConnectedState
D/WifiStateMachine( 1016): handleMessage: X
D/WifiStateMachine( 1016): handleMessage: E msg.what=131155
D/WifiStateMachine( 1016): processMsg: ConnectedState
D/WifiStateMachine( 1016): processMsg: L2ConnectedState
D/WifiStateMachine( 1016): handleMessage: X
I/SFPerfTracer(  278):      triggers: (rate: 142:76566) (134686 sw vsyncs) (160266 skipped) (17:665511 vsyncs) (19:891874)
I/SFPerfTracer(  278):      triggers: (rate: 482:15424) (compose: 0:47) (post: 0:2) (render: 45:4033) (13:195011 frames) (14:620202)
D/SFPerfTracer(  278):        layers: (5:13) (DimLayer: 0:145)* (DimLayer: 0:39)* (FocusedStackFrame: 0:4224)* (StatusBar: 0:37649) (NavigationBar: 0:31079) (DimLayer: 14:6108) (DimLayer: 0:842)* (com.android.wallpaper.fall.FallWallpaper: 0:252)* (com.android.launcher/com.android.launcher2.Launcher: 0:140)* (com.android.systemui/com.android.systemui.recent.RecentsActivity: 0:12)* (com.ghisler.android.TotalCommander/com.ghisler.android.TotalCommander.TotalCommander: 0:77) (thumbnail anim: 0:17)* (FB_Auth-release.apk: 13:17) 
I/ActivityManager( 1016): START u0 {act=android.intent.action.VIEW dat=file:///storage/emulated/0/download/FB_Auth-release.apk typ=application/vnd.android.package-archive flg=0x10000000 cmp=com.android.packageinstaller/.PackageInstallerActivity} from pid 1647
W/ActivityManager( 1016): Activity is launching as a new task, so cancelling activity result.
W/ContextImpl( 1231): Calling a method in the system process without a qualified user: android.app.ContextImpl.sendBroadcast:1252 android.content.ContextWrapper.sendBroadcast:365 com.motorola.motocare.util.TriggerHelper$TriggerBuilder.send:76 com.motorola.motocare.internal.frameworkevents.PauseResumeTrigger.handleFrameworkEvent:53 com.motorola.motocare.internal.frameworkevents.FwEventMonitor$FrameworkListener.processFrameworkEvent:114 
I/ActivityManager( 1016): Start proc com.android.packageinstaller for activity com.android.packageinstaller/.PackageInstallerActivity: pid=5608 uid=10085 gids={50085, 1028}
W/ContextImpl( 1231): Calling a method in the system process without a qualified user: android.app.ContextImpl.sendBroadcast:1252 android.content.ContextWrapper.sendBroadcast:365 com.motorola.motocare.util.TriggerHelper$TriggerBuilder.send:76 com.motorola.motocare.internal.frameworkevents.PauseResumeTrigger.handleFrameworkEvent:53 com.motorola.motocare.internal.frameworkevents.FwEventMonitor$FrameworkListener.processFrameworkEvent:114 
W/PackageParser( 5608): No actions in intent filter at /storage/emulated/0/download/FB_Auth-release.apk Binary XML file line #28
E/cutils  (  261): Failed to mkdirat(/storage/sdcard1/Android): Read-only file system
W/Vold    (  261): Returning OperationFailed - no handler for errno 30
W/ContextImpl( 1647): Failed to ensure directory: /storage/sdcard1/Android/data/com.ghisler.android.TotalCommander/files
I/AppSecurityPermissions( 5608): Ignoring unknown permission:android.permission.RECORD_VIDEO
D/WifiStateMachine( 1016): handleMessage: E msg.what=151572
D/WifiStateMachine( 1016): processMsg: ConnectedState
D/WifiStateMachine( 1016): processMsg: L2ConnectedState
D/WifiStateMachine( 1016): handleMessage: X
I/Adreno-EGL( 5608): <qeglDrvAPI_eglInitialize:410>: EGL 1.4 QUALCOMM build: AU_LINUX_ANDROID_LNX.LA.3.5.1_RB1.04.04.02.048.018_msm8226_LNX.LA.3.5.1_RB1__release_AU ()
I/Adreno-EGL( 5608): OpenGL ES Shader Compiler Version: E031.24.00.08
I/Adreno-EGL( 5608): Build Date: 03/07/14 Fri
I/Adreno-EGL( 5608): Local Branch: 
I/Adreno-EGL( 5608): Remote Branch: quic/LNX.LA.3.5.1_RB1.1
I/Adreno-EGL( 5608): Local Patches: NONE
I/Adreno-EGL( 5608): Reconstruct Branch: AU_LINUX_ANDROID_LNX.LA.3.5.1_RB1.04.04.02.048.018 + f2fd134 +  NOTHING
D/OpenGLRenderer( 5608): Enabling debug mode 0
V/RenderScript( 5608): 0x605e2878 Launching thread(s), CPUs 4
I/LaunchCheckinHandler( 1016): Displayed com.android.packageinstaller/.PackageInstallerActivity,cp,ca,758
I/ActivityManager( 1016): Displayed com.android.packageinstaller/.PackageInstallerActivity: +758ms
D/WifiStateMachine( 1016): handleMessage: E msg.what=151572
D/WifiStateMachine( 1016): processMsg: ConnectedState
D/WifiStateMachine( 1016): processMsg: L2ConnectedState
D/WifiStateMachine( 1016): handleMessage: X
I/ActivityManager( 1016): START u0 {dat=file:///storage/emulated/0/download/FB_Auth-release.apk cmp=com.android.packageinstaller/.InstallAppProgress (has extras)} from pid 5608
W/ContextImpl( 1231): Calling a method in the system process without a qualified user: android.app.ContextImpl.sendBroadcast:1252 android.content.ContextWrapper.sendBroadcast:365 com.motorola.motocare.util.TriggerHelper$TriggerBuilder.send:76 com.motorola.motocare.internal.frameworkevents.PauseResumeTrigger.handleFrameworkEvent:53 com.motorola.motocare.internal.frameworkevents.FwEventMonitor$FrameworkListener.processFrameworkEvent:114 
W/ContextImpl( 1231): Calling a method in the system process without a qualified user: android.app.ContextImpl.sendBroadcast:1252 android.content.ContextWrapper.sendBroadcast:365 com.motorola.motocare.util.TriggerHelper$TriggerBuilder.send:76 com.motorola.motocare.internal.frameworkevents.PauseResumeTrigger.handleFrameworkEvent:53 com.motorola.motocare.internal.frameworkevents.FwEventMonitor$FrameworkListener.processFrameworkEvent:114 
W/InstallAppProgress( 5608): Replacing package:com.giftme.fb_auth
I/ActivityManager( 1016): Start proc com.android.defcontainer for service com.android.defcontainer/.DefaultContainerService: pid=5642 uid=10013 gids={50013, 1028, 1015, 1023, 2001, 1035}
I/LaunchCheckinHandler( 1016): Displayed com.android.packageinstaller/.InstallAppProgress,wp,ca,132
I/ActivityManager( 1016): Displayed com.android.packageinstaller/.InstallAppProgress: +132ms
W/ActivityManager( 1016): No content provider found for permission revoke: file:///storage/emulated/0/download/FB_Auth-release.apk
D/Finsky  ( 4552): [1] PackageVerificationReceiver.onReceive: Verification requested, id = 79
D/Finsky  ( 4552): [1] WorkerTask.onPreExecute: Verification Requested for id = 79, data=file:///storage/emulated/0/download/FB_Auth-release.apk flags=18 fromVerificationActivity=false
W/PackageParser( 4552): No actions in intent filter at /storage/emulated/0/download/FB_Auth-release.apk Binary XML file line #28
I/SFPerfTracer(  278):      triggers: (rate: 482:15424) (compose: 0:47) (post: 0:2) (render: 45:4033) (2:195078 frames) (3:620304)
D/SFPerfTracer(  278):        layers: (4:13) (DimLayer: 0:145)* (DimLayer: 0:39)* (FocusedStackFrame: 0:4235)* (StatusBar: 0:37649) (NavigationBar: 0:31079) (DimLayer: 0:6121)* (DimLayer: 0:845) (com.android.wallpaper.fall.FallWallpaper: 0:252)* (com.ghisler.android.TotalCommander/com.ghisler.android.TotalCommander.TotalCommander: 0:96)* (FB_Auth-release.apk: 0:39)* (Starting com.android.packageinstaller: 0:39)* (com.android.packageinstaller/com.android.packageinstaller.PackageInstallerActivity: 3:49)* (com.android.packageinstaller/com.android.packageinstaller.InstallAppProgress: 3:23) 
I/SFPerfTracer(  278):      triggers: (rate: 142:76566) (134686 sw vsyncs) (160266 skipped) (30:665611 vsyncs) (32:891984)
D/WifiStateMachine( 1016): handleMessage: E msg.what=151572
D/WifiStateMachine( 1016): processMsg: ConnectedState
D/WifiStateMachine( 1016): processMsg: L2ConnectedState
D/WifiStateMachine( 1016): handleMessage: X
D/WifiStateMachine( 1016): handleMessage: E msg.what=131155
D/WifiStateMachine( 1016): processMsg: ConnectedState
D/WifiStateMachine( 1016): processMsg: L2ConnectedState
D/WifiStateMachine( 1016): handleMessage: X
D/Ulp_jni ( 1016): Location CB invoked
I/qtaguid ( 4552): Failed write_ctrl(u 64) res=-1 errno=22
I/qtaguid ( 4552): Untagging socket 64 failed errno=-22
W/NetworkManagementSocketTagger( 4552): untagSocket(64) failed with errno -22
D/Finsky  ( 4552): [1] 2.onResponse: Verification id=79 response=0
D/Finsky  ( 4552): [1] PackageVerificationReceiver.onReceive: Verification requested, id = 79
W/ActivityManager( 1016): No content provider found for permission revoke: file:///storage/emulated/0/download/FB_Auth-release.apk
I/PackageManager( 1016): Copying native libraries to /data/app-lib/vmdl-1847535214
W/PackageParser( 1016): No actions in intent filter at /data/app/vmdl-1847535214.tmp Binary XML file line #28
D/dalvikvm( 1016): GC_CONCURRENT freed 5097K, 30% free 28465K/40112K, paused 6ms+15ms, total 148ms
D/dalvikvm( 1016): WAIT_FOR_CONCURRENT_GC blocked 135ms
D/WifiStateMachine( 1016): handleMessage: E msg.what=151572
D/WifiStateMachine( 1016): processMsg: ConnectedState
D/WifiStateMachine( 1016): processMsg: L2ConnectedState
D/WifiStateMachine( 1016): handleMessage: X
I/ActivityManager( 1016): Force stopping com.giftme.fb_auth appid=10106 user=-1: uninstall pkg
I/PackageManager( 1016): Package com.giftme.fb_auth codePath changed from /data/app/com.giftme.fb_auth-2.apk to /data/app/com.giftme.fb_auth-1.apk; Retaining data and using new
I/PackageManager( 1016): Running dexopt on: com.giftme.fb_auth
D/dalvikvm( 5674): DexOpt: load 94ms, verify+opt 376ms, 1767204 bytes
W/PackageManager( 1016): Code path for pkg : com.giftme.fb_auth changing from /data/app/com.giftme.fb_auth-2.apk to /data/app/com.giftme.fb_auth-1.apk
I/ActivityManager( 1016): Force stopping com.giftme.fb_auth appid=10106 user=-1: update pkg
W/PackageManager( 1016): Resource path for pkg : com.giftme.fb_auth changing from /data/app/com.giftme.fb_auth-2.apk to /data/app/com.giftme.fb_auth-1.apk
W/PackageManager( 1016): Unknown permission android.permission.RECORD_VIDEO in package com.giftme.fb_auth
I/ActivityManager( 1016): Force stopping com.giftme.fb_auth appid=10106 user=0: pkg removed
D/WifiStateMachine( 1016): handleMessage: E msg.what=151572
D/WifiStateMachine( 1016): processMsg: ConnectedState
D/WifiStateMachine( 1016): processMsg: L2ConnectedState
D/WifiStateMachine( 1016): handleMessage: X
D/dalvikvm( 1647): GC_EXPLICIT freed 637K, 39% free 10547K/17224K, paused 1ms+5ms, total 48ms
D/dalvikvm( 2456): GC_EXPLICIT freed 1122K, 46% free 9462K/17224K, paused 2ms+3ms, total 37ms
D/dalvikvm(  813): GC_EXPLICIT freed 803K, 23% free 13587K/17552K, paused 2ms+12ms, total 73ms
D/dalvikvm( 4552): GC_EXPLICIT freed 5571K, 40% free 10361K/17224K, paused 2ms+11ms, total 98ms
D/dalvikvm( 1078): GC_EXPLICIT freed 3106K, 38% free 12927K/20628K, paused 2ms+4ms, total 35ms
I/SBar.NetworkController( 1078): onSignalStrengthsChanged SignalStrength: 11 0 -120 -160 -120 -1 -1 99 2147483647 2147483647 2147483647 2147483647 2147483647 gsm|lte 0 -108 -1 false 3 3 0 0 0 99 99 99 4 level=3
I/ActivityManager( 1016): Killing 4443:com.motorola.context/u0a11 (adj 15): empty #9
W/ContextImpl( 1231): Calling a method in the system process without a qualified user: android.app.ContextImpl.sendBroadcast:1252 android.content.ContextWrapper.sendBroadcast:365 com.motorola.motocare.util.TriggerHelper$TriggerBuilder.send:76 com.motorola.motocare.internal.frameworkevents.ProcessKillTrigger.sendTrigger:147 com.motorola.motocare.internal.frameworkevents.ProcessKillTrigger.handleFrameworkEvent:164 
I/InputReader( 1016): Reconfiguring input devices.  changes=0x00000010
I/InputReader( 1016): Reconfiguring input devices.  changes=0x00000010
I/Launcher(  813): Deferring update until onResume
I/InputReader( 1016): Reconfiguring input devices.  changes=0x00000010
I/PackageManager( 1016): Adding preferred activity ComponentInfo{com.android.mms/com.android.mms.ui.ComposeMessageActivity} for user 0 :
I/PackageManager( 1016):   Action: "android.intent.action.SENDTO"
I/PackageManager( 1016):   Category: "android.intent.category.DEFAULT"
I/ActivityManager( 1016): Start proc android.process.acore for broadcast com.android.providers.contacts/.PackageIntentReceiver: pid=5684 uid=10010 gids={50010, 3003, 1028, 1015, 1023}
I/PackageManager( 1016):   Scheme: "sms"
I/PackageManager( 1016): Adding preferred activity ComponentInfo{com.android.mms/com.android.mms.ui.ComposeMessageActivity} for user 0 :
I/PackageManager( 1016):   Action: "android.intent.action.SENDTO"
I/PackageManager( 1016):   Category: "android.intent.category.DEFAULT"
I/PackageManager( 1016):   Scheme: "smsto"
I/PackageManager( 1016): Adding preferred activity ComponentInfo{com.android.mms/com.android.mms.ui.ComposeMessageActivity} for user 0 :
I/PackageManager( 1016):   Action: "android.intent.action.SENDTO"
I/PackageManager( 1016):   Category: "android.intent.category.DEFAULT"
I/PackageManager( 1016):   Scheme: "mms"
I/PackageManager( 1016): Adding preferred activity ComponentInfo{com.android.mms/com.android.mms.ui.ComposeMessageActivity} for user 0 :
I/PackageManager( 1016):   Action: "android.intent.action.SENDTO"
I/PackageManager( 1016):   Category: "android.intent.category.DEFAULT"
I/PackageManager( 1016):   Scheme: "mmsto"
I/PackageManager( 1016): Adding preferred activity ComponentInfo{com.android.mms/com.android.mms.ui.ComposeMessageActivity} for user 0 :
I/PackageManager( 1016):   Action: "android.intent.action.SENDTO"
I/PackageManager( 1016):   Category: "android.intent.category.DEFAULT"
I/PackageManager( 1016):   Scheme: "sms"
I/MDMCTBK (  276): NetlinkHandler, power_supply subsys
I/MDMCTBK (  276): NetlinkHandler, usbChargerStateChanged
I/MDMCTBK (  276): checkDefaultInst, current pid is = 276
I/MDMCTBK (  276): checkDefaultInst, pid match
I/MDMCTBK (  276): MdmCutbackHndler,readFromFile = /sys/class/power_supply/usb/online
I/MDMCTBK (  276): MdmCutbackHndler,readFromFile = 
E/MDMCTBK (  276): MdmCutbackHndler,Could not open ''
I/Launcher(  813): Deferring update until onResume
I/PackageManager( 1016): Adding preferred activity ComponentInfo{com.android.mms/com.android.mms.ui.ComposeMessageActivity} for user 0 :
I/PackageManager( 1016):   Action: "android.intent.action.SENDTO"
I/PackageManager( 1016):   Category: "android.intent.category.DEFAULT"
I/PackageManager( 1016):   Scheme: "smsto"
I/PackageManager( 1016): Adding preferred activity ComponentInfo{com.android.mms/com.android.mms.ui.ComposeMessageActivity} for user 0 :
I/PackageManager( 1016):   Action: "android.intent.action.SENDTO"
I/PackageManager( 1016):   Category: "android.intent.category.DEFAULT"
I/PackageManager( 1016):   Scheme: "mms"
D/BackupManagerService( 1016): Received broadcast Intent { act=android.intent.action.PACKAGE_REMOVED dat=package:com.giftme.fb_auth flg=0x4000010 (has extras) }
I/PackageManager( 1016): Adding preferred activity ComponentInfo{com.android.mms/com.android.mms.ui.ComposeMessageActivity} for user 0 :
I/PackageManager( 1016):   Action: "android.intent.action.SENDTO"
I/PackageManager( 1016):   Category: "android.intent.category.DEFAULT"
I/PackageManager( 1016):   Scheme: "mmsto"
I/MDMCTBK (  276): NetlinkHandler, power_supply subsys
I/MDMCTBK (  276): NetlinkHandler, usbChargerStateChanged
I/MDMCTBK (  276): checkDefaultInst, current pid is = 276
I/MDMCTBK (  276): checkDefaultInst, pid match
I/MDMCTBK (  276): MdmCutbackHndler,readFromFile = /sys/class/power_supply/usb/online
I/MDMCTBK (  276): MdmCutbackHndler,readFromFile = 
E/MDMCTBK (  276): MdmCutbackHndler,Could not open ''
I/PackageManager( 1016): Adding preferred activity ComponentInfo{com.android.mms/com.android.mms.ui.ComposeMessageActivity} for user 0 :
I/PackageManager( 1016):   Action: "android.intent.action.SENDTO"
I/PackageManager( 1016):   Category: "android.intent.category.DEFAULT"
I/PackageManager( 1016):   Scheme: "sms"
I/PackageManager( 1016): Adding preferred activity ComponentInfo{com.android.mms/com.android.mms.ui.ComposeMessageActivity} for user 0 :
I/PackageManager( 1016):   Action: "android.intent.action.SENDTO"
I/PackageManager( 1016):   Category: "android.intent.category.DEFAULT"
I/PackageManager( 1016):   Scheme: "smsto"
D/BackupManagerService( 1016): Received broadcast Intent { act=android.intent.action.PACKAGE_ADDED dat=package:com.giftme.fb_auth flg=0x4000010 (has extras) }
V/BackupManagerService( 1016): removePackageParticipantsLocked: uid=10106 #1
I/ActivityManager( 1016): Killing 4753:free.reddit.news/u0a115 (adj 15): empty #9
I/PackageManager( 1016): Adding preferred activity ComponentInfo{com.android.mms/com.android.mms.ui.ComposeMessageActivity} for user 0 :
I/PackageManager( 1016):   Action: "android.intent.action.SENDTO"
I/PackageManager( 1016):   Category: "android.intent.category.DEFAULT"
I/PackageManager( 1016):   Scheme: "mms"
W/ContextImpl( 1231): Calling a method in the system process without a qualified user: android.app.ContextImpl.sendBroadcast:1252 android.content.ContextWrapper.sendBroadcast:365 com.motorola.motocare.util.TriggerHelper$TriggerBuilder.send:76 com.motorola.motocare.internal.frameworkevents.ProcessKillTrigger.sendTrigger:147 com.motorola.motocare.internal.frameworkevents.ProcessKillTrigger.handleFrameworkEvent:164 
V/BackupManagerService( 1016): addPackageParticipantsLocked: #1
I/PackageManager( 1016): Adding preferred activity ComponentInfo{com.android.mms/com.android.mms.ui.ComposeMessageActivity} for user 0 :
I/PackageManager( 1016):   Action: "android.intent.action.SENDTO"
I/PackageManager( 1016):   Category: "android.intent.category.DEFAULT"
I/PackageManager( 1016):   Scheme: "mmsto"
D/dalvikvm( 1016): GC_EXPLICIT freed 2597K, 29% free 28587K/40112K, paused 6ms+19ms, total 218ms
I/ActivityManager( 1016): Start proc com.motorola.MotGallery2 for broadcast com.motorola.MotGallery2/com.android.gallery3d.app.PackagesMonitor: pid=5702 uid=10034 gids={50034, 3003, 1028, 1015}
I/PackageManager( 1016): Adding preferred activity ComponentInfo{com.android.mms/com.android.mms.ui.ComposeMessageActivity} for user 0 :
I/PackageManager( 1016):   Action: "android.intent.action.SENDTO"
I/PackageManager( 1016):   Category: "android.intent.category.DEFAULT"
I/PackageManager( 1016):   Scheme: "sms"
I/PackageManager( 1016): Adding preferred activity ComponentInfo{com.android.mms/com.android.mms.ui.ComposeMessageActivity} for user 0 :
I/PackageManager( 1016):   Action: "android.intent.action.SENDTO"
I/PackageManager( 1016):   Category: "android.intent.category.DEFAULT"
I/PackageManager( 1016):   Scheme: "smsto"
I/PackageManager( 1016): Adding preferred activity ComponentInfo{com.android.mms/com.android.mms.ui.ComposeMessageActivity} for user 0 :
I/PackageManager( 1016):   Action: "android.intent.action.SENDTO"
I/PackageManager( 1016):   Category: "android.intent.category.DEFAULT"
I/PackageManager( 1016):   Scheme: "mms"
I/PackageManager( 1016): Adding preferred activity ComponentInfo{com.android.mms/com.android.mms.ui.ComposeMessageActivity} for user 0 :
I/PackageManager( 1016):   Action: "android.intent.action.SENDTO"
I/PackageManager( 1016):   Category: "android.intent.category.DEFAULT"
I/PackageManager( 1016):   Scheme: "mmsto"
I/PackageManager( 1016): Adding preferred activity ComponentInfo{com.android.mms/com.android.mms.ui.ComposeMessageActivity} for user 0 :
I/PackageManager( 1016):   Action: "android.intent.action.SENDTO"
I/PackageManager( 1016):   Category: "android.intent.category.DEFAULT"
I/PackageManager( 1016):   Scheme: "sms"
I/PackageManager( 1016): Adding preferred activity ComponentInfo{com.android.mms/com.android.mms.ui.ComposeMessageActivity} for user 0 :
I/PackageManager( 1016):   Action: "android.intent.action.SENDTO"
I/PackageManager( 1016):   Category: "android.intent.category.DEFAULT"
I/PackageManager( 1016):   Scheme: "smsto"
I/PackageManager( 1016): Adding preferred activity ComponentInfo{com.android.mms/com.android.mms.ui.ComposeMessageActivity} for user 0 :
I/PackageManager( 1016):   Action: "android.intent.action.SENDTO"
I/PackageManager( 1016):   Category: "android.intent.category.DEFAULT"
I/PackageManager( 1016):   Scheme: "mms"
I/PackageManager( 1016): Adding preferred activity ComponentInfo{com.android.mms/com.android.mms.ui.ComposeMessageActivity} for user 0 :
I/PackageManager( 1016):   Action: "android.intent.action.SENDTO"
I/PackageManager( 1016):   Category: "android.intent.category.DEFAULT"
I/PackageManager( 1016):   Scheme: "mmsto"
I/ActivityManager( 1016): Start proc com.android.keychain for broadcast com.android.keychain/.KeyChainBroadcastReceiver: pid=5718 uid=1000 gids={41000, 1028, 1015, 3002, 3001, 3003, 1021, 3004, 3005, 1000, 3009, 1023, 1010, 1004, 2002, 3006}
I/ActivityManager( 1016): Killing 4886:com.linkedin.android/u0a123 (adj 15): empty #9
W/ContextImpl( 1231): Calling a method in the system process without a qualified user: android.app.ContextImpl.sendBroadcast:1252 android.content.ContextWrapper.sendBroadcast:365 com.motorola.motocare.util.TriggerHelper$TriggerBuilder.send:76 com.motorola.motocare.internal.frameworkevents.ProcessKillTrigger.sendTrigger:147 com.motorola.motocare.internal.frameworkevents.ProcessKillTrigger.handleFrameworkEvent:164 
I/PackageManager( 1016): Adding preferred activity ComponentInfo{com.android.mms/com.android.mms.ui.ComposeMessageActivity} for user 0 :
I/PackageManager( 1016):   Action: "android.intent.action.SENDTO"
I/PackageManager( 1016):   Category: "android.intent.category.DEFAULT"
I/PackageManager( 1016):   Scheme: "sms"
I/PackageManager( 1016): Adding preferred activity ComponentInfo{com.android.mms/com.android.mms.ui.ComposeMessageActivity} for user 0 :
I/PackageManager( 1016):   Action: "android.intent.action.SENDTO"
I/PackageManager( 1016):   Category: "android.intent.category.DEFAULT"
I/PackageManager( 1016):   Scheme: "smsto"
I/ContactLocale( 5684): AddressBook Labels [en_GB]: [, A, B, C, D, E, F, G, H, I, J, K, L, M, N, O, P, Q, R, S, T, U, V, W, X, Y, Z, , , , , , , , , , , , , , , , , , , , , , , , , , , , , , , , , , , , , , , , , , , , , , , , , , , , , , , , , , , , , , , , , , , , , , , , , , , , , , , , , , , , , , , , , , , , , , , , , , , , , , , , , , , , , , , , , , , , , , , , , , , , , , , , , , , , , , , , , , , , , , , , , , , , , , , , , , , , , , , , , , , , , , , , , , , , , , , , , , , , , , #, ]
I/PackageManager( 1016): Adding preferred activity ComponentInfo{com.android.mms/com.android.mms.ui.ComposeMessageActivity} for user 0 :
I/PackageManager( 1016):   Action: "android.intent.action.SENDTO"
I/PackageManager( 1016):   Category: "android.intent.category.DEFAULT"
I/PackageManager( 1016):   Scheme: "mms"
I/PackageManager( 1016): Adding preferred activity ComponentInfo{com.android.mms/com.android.mms.ui.ComposeMessageActivity} for user 0 :
I/PackageManager( 1016):   Action: "android.intent.action.SENDTO"
I/PackageManager( 1016):   Category: "android.intent.category.DEFAULT"
I/PackageManager( 1016):   Scheme: "mmsto"
W/ContextImpl( 5718): Calling a method in the system process without a qualified user: android.app.ContextImpl.startService:1608 android.content.ContextWrapper.startService:494 android.content.ContextWrapper.startService:494 com.android.keychain.KeyChainBroadcastReceiver.onReceive:12 android.app.ActivityThread.handleReceiver:2434 
E/NetworkScheduler.SchedulerReceiver(31791): Invalid parameter app
E/NetworkScheduler.SchedulerReceiver(31791): Invalid package name : Perhaps you didn't include a PendingIntent in the extras?
D/PackageBroadcastService(31905): Received broadcast action=android.intent.action.PACKAGE_REMOVED and uri=com.giftme.fb_auth
I/ActivityManager( 1016): Start proc com.google.android.apps.plus for broadcast com.google.android.apps.plus/.service.PackagesMediaMonitor: pid=5731 uid=10090 gids={50090, 3003, 3002, 1028, 1015}
I/ConfigService(31791): onCreate
I/ConfigService(31791): onBind for Intent { act=com.google.android.gms.config.UPDATE pkg=com.google.android.gms } action com.google.android.gms.config.UPDATE
I/ConfigFetchService(31905): onStartCommand Intent { act=android.intent.action.PACKAGE_REMOVED dat=package:com.giftme.fb_auth cmp=com.google.android.gms/.config.ConfigFetchService (has extras) }
I/ConfigService(31791): onBind returning update interface
I/ConfigService(31791): onBind for Intent { act=com.google.android.gms.config.START pkg=com.google.android.gms } action com.google.android.gms.config.START
I/ConfigService(31791): onBind returning service broker
I/ActivityManager( 1016): Killing 5202:com.android.phasebeam/u0a87 (adj 15): empty #9
W/ContextImpl( 1231): Calling a method in the system process without a qualified user: android.app.ContextImpl.sendBroadcast:1252 android.content.ContextWrapper.sendBroadcast:365 com.motorola.motocare.util.TriggerHelper$TriggerBuilder.send:76 com.motorola.motocare.internal.frameworkevents.ProcessKillTrigger.sendTrigger:147 com.motorola.motocare.internal.frameworkevents.ProcessKillTrigger.handleFrameworkEvent:164 
E/dalvikvm( 5731): Could not find class 'android.app.Notification$Action$Builder', referenced from method b.a
W/dalvikvm( 5731): VFY: unable to resolve new-instance 302 (Landroid/app/Notification$Action$Builder;) in Lb;
D/dalvikvm( 5731): VFY: replacing opcode 0x22 at 0x0000
I/SFPerfTracer(  278):      triggers: (rate: 142:76566) (134686 sw vsyncs) (160266 skipped) (19:665660 vsyncs) (21:892103)
D/dalvikvm(31905): GC_CONCURRENT freed 1977K, 38% free 10813K/17224K, paused 3ms+4ms, total 48ms
E/dalvikvm( 5731): Could not find class 'android.graphics.drawable.RippleDrawable', referenced from method b.a
W/dalvikvm( 5731): VFY: unable to resolve new-instance 462 (Landroid/graphics/drawable/RippleDrawable;) in Lb;
D/dalvikvm( 5731): VFY: replacing opcode 0x22 at 0x000b
W/dalvikvm( 5731): VFY: unable to find class referenced in signature (Lzt;)
W/dalvikvm( 5731): VFY: unable to find class referenced in signature (Lzt;)
W/dalvikvm( 5731): VFY: unable to find class referenced in signature (Lzt;)
W/dalvikvm( 5731): VFY: unable to find class referenced in signature (Lzt;)
W/dalvikvm( 5731): VFY: unable to find class referenced in signature (Lzt;)
W/dalvikvm( 5731): VFY: unable to find class referenced in signature (Lzt;)
W/dalvikvm( 5731): VFY: unable to find class referenced in signature (Lzt;)
E/dalvikvm( 5731): Could not find class 'android.app.Notification$Action$Builder', referenced from method b.a
W/dalvikvm( 5731): VFY: unable to resolve new-instance 302 (Landroid/app/Notification$Action$Builder;) in Lb;
D/dalvikvm( 5731): VFY: replacing opcode 0x22 at 0x0000
W/dalvikvm( 5731): Unable to resolve superclass of Lar; (689)
W/dalvikvm( 5731): Link of class 'Lar;' failed
E/dalvikvm( 5731): Could not find class 'ar', referenced from method b.a
W/dalvikvm( 5731): VFY: unable to resolve new-instance 999 (Lar;) in Lb;
D/dalvikvm( 5731): VFY: replacing opcode 0x22 at 0x0006
W/dalvikvm( 5731): Unable to resolve superclass of Lat; (689)
W/dalvikvm( 5731): Link of class 'Lat;' failed
E/dalvikvm( 5731): Could not find class 'at', referenced from method b.a
W/dalvikvm( 5731): VFY: unable to resolve new-instance 1053 (Lat;) in Lb;
D/dalvikvm( 5731): VFY: replacing opcode 0x22 at 0x002a
I/dalvikvm( 5731): Could not find method android.view.ViewGroup.isTransitionGroup, referenced from method b.a
W/dalvikvm( 5731): VFY: unable to resolve virtual method 4388: Landroid/view/ViewGroup;.isTransitionGroup ()Z
D/dalvikvm( 5731): VFY: replacing opcode 0x6e at 0x000c
I/dalvikvm( 5731): Could not find method android.view.View.getTransitionName, referenced from method b.a
W/dalvikvm( 5731): VFY: unable to resolve virtual method 4205: Landroid/view/View;.getTransitionName ()Ljava/lang/String;
D/dalvikvm( 5731): VFY: replacing opcode 0x6e at 0x0006
W/dalvikvm( 5731): VFY: unable to find class referenced in signature ([Landroid/app/RemoteInput;)
E/dalvikvm( 5731): Could not find class 'android.app.RemoteInput[]', referenced from method b.a
W/dalvikvm( 5731): VFY: unable to resolve new-array 12606 ([Landroid/app/RemoteInput;) in Lb;
D/dalvikvm( 5731): VFY: replacing opcode 0x23 at 0x0005
D/dalvikvm( 5731): DexOpt: unable to opt direct call 0x0530 at 0x0e in Lb;.a
D/dalvikvm( 5731): DexOpt: unable to opt direct call 0x08a4 at 0x0e in Lb;.a
D/dalvikvm( 5731): DexOpt: unable to opt direct call 0x0530 at 0x0e in Lb;.a
W/dalvikvm( 5731): Unable to resolve superclass of Lar; (689)
W/dalvikvm( 5731): Link of class 'Lar;' failed
D/dalvikvm( 5731): DexOpt: unable to opt direct call 0x177c at 0x08 in Lb;.a
W/dalvikvm( 5731): Unable to resolve superclass of Lat; (689)
W/dalvikvm( 5731): Link of class 'Lat;' failed
D/dalvikvm( 5731): DexOpt: unable to opt direct call 0x1846 at 0x2c in Lb;.a
D/dalvikvm( 5731): DexOpt: unable to opt direct call 0x0587 at 0x13 in Lb;.a
D/dalvikvm( 5731): Trying to load lib /data/app-lib/com.google.android.apps.plus-1/libcrashreporterer.so 0x427976f8
D/dalvikvm( 5731): Added shared lib /data/app-lib/com.google.android.apps.plus-1/libcrashreporterer.so 0x427976f8
I/ActivityManager( 1016): Start proc com.google.android.apps.docs for broadcast com.google.android.apps.docs/.receivers.AppPackageAddRemoveReceiver: pid=5753 uid=10060 gids={50060, 3003, 1028, 1015}
I/ActivityManager( 1016): Killing 5265:com.android.musicvis/u0a101 (adj 15): empty #9
W/ContextImpl( 1231): Calling a method in the system process without a qualified user: android.app.ContextImpl.sendBroadcast:1252 android.content.ContextWrapper.sendBroadcast:365 com.motorola.motocare.util.TriggerHelper$TriggerBuilder.send:76 com.motorola.motocare.internal.frameworkevents.ProcessKillTrigger.sendTrigger:147 com.motorola.motocare.internal.frameworkevents.ProcessKillTrigger.handleFrameworkEvent:164 
D/WifiStateMachine( 1016): handleMessage: E msg.what=151572
D/WifiStateMachine( 1016): processMsg: ConnectedState
D/WifiStateMachine( 1016): processMsg: L2ConnectedState
D/WifiStateMachine( 1016): handleMessage: X
D/dalvikvm(  280): GC_EXPLICIT freed 42K, 48% free 9010K/17224K, paused 1ms+5ms, total 24ms
D/dalvikvm(  280): GC_EXPLICIT freed <1K, 48% free 9010K/17224K, paused 1ms+3ms, total 17ms
D/dalvikvm(  280): GC_EXPLICIT freed <1K, 48% free 9010K/17224K, paused 2ms+2ms, total 19ms
I/dalvikvm( 5753): Could not find method android.app.Activity.finishAfterTransition, referenced from method r.c_
W/dalvikvm( 5753): VFY: unable to resolve virtual method 2773: Landroid/app/Activity;.finishAfterTransition ()V
D/dalvikvm( 5753): VFY: replacing opcode 0x6e at 0x0006
D/WifiStateMachine( 1016): handleMessage: E msg.what=131155
D/WifiStateMachine( 1016): processMsg: ConnectedState
D/WifiStateMachine( 1016): processMsg: L2ConnectedState
D/WifiStateMachine( 1016): handleMessage: X
W/SyncWapiModule( 5753): isPlayServicesEnabled=
W/SyncWapiModule( 5753): isPlayServicesEnabled=
W/GAV2    ( 5753): Thread[main,5,main]: Need to call initialize() and be in fallback mode to start dispatch.
I/ActivityManager( 1016): Start proc com.google.android.googlequicksearchbox:search for broadcast com.google.android.googlequicksearchbox/com.google.android.search.core.icingsync.IcingCorporaChangedReceiver: pid=5781 uid=10045 gids={50045, 3003, 3001, 1028, 3002, 1015}
I/ActivityManager( 1016): Start proc com.facebook.katana:dash for broadcast com.facebook.katana/com.facebook.dash.receivers.DashPackageUninstallReceiver: pid=5797 uid=10110 gids={50110, 1028, 1015, 3003}
I/ActivityManager( 1016): Killing 5090:com.android.wallpaper.livepicker/u0a76 (adj 15): empty #9
W/ContextImpl( 1231): Calling a method in the system process without a qualified user: android.app.ContextImpl.sendBroadcast:1252 android.content.ContextWrapper.sendBroadcast:365 com.motorola.motocare.util.TriggerHelper$TriggerBuilder.send:76 com.motorola.motocare.internal.frameworkevents.ProcessKillTrigger.sendTrigger:147 com.motorola.motocare.internal.frameworkevents.ProcessKillTrigger.handleFrameworkEvent:164 
W/dalvikvm( 5797): VFY: unable to resolve static field 27745 (a) in Lcom/facebook/katana/app/WorkAppTypes;
D/dalvikvm( 5797): VFY: replacing opcode 0x62 at 0x0013
W/dalvikvm( 5797): VFY: unable to resolve static field 27746 (b) in Lcom/facebook/katana/app/WorkAppTypes;
D/dalvikvm( 5797): VFY: replacing opcode 0x62 at 0x001d
E/dalvikvm( 5797): Could not find class 'com.facebook.katana.app.WallpaperFacebookApplicationImpl', referenced from method com.facebook.katana.app.FacebookApplication.a
W/dalvikvm( 5797): VFY: unable to resolve new-instance 427 (Lcom/facebook/katana/app/WallpaperFacebookApplicationImpl;) in Lcom/facebook/katana/app/FacebookApplication;
D/dalvikvm( 5797): VFY: replacing opcode 0x22 at 0x00a9
D/dalvikvm( 5797): DexOpt: unable to opt direct call 0x05a5 at 0xab in Lcom/facebook/katana/app/FacebookApplication;.a
D/CatchMeIfYouCan( 5797): Process (dash) ca: '/data/data/com.facebook.katana/app_cmiyc/0C66B38F48468E96F8008B6D5A2AE33B4A60265E01'
D/CatchMeIfYouCan( 5797): Process (dash) fc: '/data/data/com.facebook.katana/app_cmiyc/0C66B38F48468E96F8008B6D5A2AE33B4A60265E02'
D/CatchMeIfYouCan( 5797): Process (dash) cp: '('dash', 6, 60000, silent [true], restart [true], logout [true])'
D/ACRA    ( 5797): ACRA is enabled for com.facebook.katana, intializing...
D/ACRA    ( 5797): Looking for error files in /data/data/com.facebook.katana/app_acra-reports
D/ACRA    ( 5797): Looking for error files in /data/data/com.facebook.katana/app_minidumps
D/dalvikvm( 5797): Trying to load lib /data/app-lib/com.facebook.katana-1/libgnustl_shared.so 0x4278cc98
D/dalvikvm( 5797): Added shared lib /data/app-lib/com.facebook.katana-1/libgnustl_shared.so 0x4278cc98
D/dalvikvm( 5797): No JNI_OnLoad found in /data/app-lib/com.facebook.katana-1/libgnustl_shared.so 0x4278cc98, skipping init
D/dalvikvm( 5797): Trying to load lib /data/app-lib/com.facebook.katana-1/libfb_breakpad_client.so 0x4278cc98
D/dalvikvm( 5797): Added shared lib /data/app-lib/com.facebook.katana-1/libfb_breakpad_client.so 0x4278cc98
D/dalvikvm( 5797): No JNI_OnLoad found in /system/lib/libstdc++.so 0x4278cc98, skipping init
D/dalvikvm( 5797): Trying to load lib /data/app-lib/com.facebook.katana-1/libsigmux.so 0x4278cc98
D/dalvikvm( 5797): Added shared lib /data/app-lib/com.facebook.katana-1/libsigmux.so 0x4278cc98
D/dalvikvm( 5797): No JNI_OnLoad found in /data/app-lib/com.facebook.katana-1/libsigmux.so 0x4278cc98, skipping init
D/dalvikvm( 5797): Trying to load lib /data/app-lib/com.facebook.katana-1/libdistract.so 0x4278cc98
D/dalvikvm( 5797): Added shared lib /data/app-lib/com.facebook.katana-1/libdistract.so 0x4278cc98
D/dalvikvm( 5797): No JNI_OnLoad found in /data/app-lib/com.facebook.katana-1/libdistract.so 0x4278cc98, skipping init
D/dalvikvm( 5797): Trying to load lib /data/app-lib/com.facebook.katana-1/libfb_dalvik-internals.so 0x4278cc98
D/dalvikvm( 5797): Added shared lib /data/app-lib/com.facebook.katana-1/libfb_dalvik-internals.so 0x4278cc98
V/DexLibLoader( 5797): about to lock: /data/data/com.facebook.katana/mdex_lock
V/DexLibLoader( 5797): locking /data/data/com.facebook.katana/mdex_lock took 1 ms
V/DexLibLoader( 5797): Secondary program dex metadata: secondary-1.dex.jar.xz c0d34653f435a7e59cc5f46e9bd47feaf68b0041 secondary.dex01.Canary
V/DexLibLoader( 5797): Secondary program dex metadata: secondary-2.dex.jar.xz 3651d03ae513595a1029ff9eae54d36128fdeb5e secondary.dex02.Canary
V/DexLibLoader( 5797): Secondary program dex metadata: secondary-3.dex.jar.xz 020c6d0135a14f0280ede88da3e858d29f1b9ed5 secondary.dex03.Canary
V/DexLibLoader( 5797): Secondary program dex metadata: secondary-4.dex.jar.xz 3cf3244a0d1c3e39128f7b89ad90b4842a36a05f secondary.dex04.Canary
V/DexLibLoader( 5797): Secondary program dex metadata: secondary-5.dex.jar.xz 666d745bfcb3c0496ae90e343db057d6082ce0c3 secondary.dex05.Canary
V/DexLibLoader( 5797): Secondary program dex metadata: secondary-6.dex.jar.xz 0089f1fba5ba3a3fb61d98c516e2bbc2e6adfa05 secondary.dex06.Canary
V/DexLibLoader( 5797): Secondary program dex metadata: secondary-7.dex.jar.xz 7cecb34308ef8d54acae00b06e3ade52d8da6d49 secondary.dex07.Canary
V/DexLibLoader( 5797): directory "/data/data/com.facebook.katana/app_secondary_program_dex" contains "program-c0d34653f435a7e59cc5f46e9bd47feaf68b00416661a1c7.dex.jar" as expected
V/DexLibLoader( 5797): directory "/data/data/com.facebook.katana/app_secondary_program_dex" contains "program-3651d03ae513595a1029ff9eae54d36128fdeb5e6661a1c7.dex.jar" as expected
V/DexLibLoader( 5797): directory "/data/data/com.facebook.katana/app_secondary_program_dex" contains "program-020c6d0135a14f0280ede88da3e858d29f1b9ed56661a1c7.dex.jar" as expected
V/DexLibLoader( 5797): directory "/data/data/com.facebook.katana/app_secondary_program_dex" contains "program-3cf3244a0d1c3e39128f7b89ad90b4842a36a05f6661a1c7.dex.jar" as expected
V/DexLibLoader( 5797): directory "/data/data/com.facebook.katana/app_secondary_program_dex" contains "program-666d745bfcb3c0496ae90e343db057d6082ce0c36661a1c7.dex.jar" as expected
V/DexLibLoader( 5797): directory "/data/data/com.facebook.katana/app_secondary_program_dex" contains "program-0089f1fba5ba3a3fb61d98c516e2bbc2e6adfa056661a1c7.dex.jar" as expected
V/DexLibLoader( 5797): directory "/data/data/com.facebook.katana/app_secondary_program_dex" contains "program-7cecb34308ef8d54acae00b06e3ade52d8da6d496661a1c7.dex.jar" as expected
D/DexLibLoader( 5797): ignoring file "program-c0d34653f435a7e59cc5f46e9bd47feaf68b00416661a1c7.dex.odex" in "/data/data/com.facebook.katana/app_secondary_program_dex"
D/DexLibLoader( 5797): ignoring file "program-3651d03ae513595a1029ff9eae54d36128fdeb5e6661a1c7.dex.odex" in "/data/data/com.facebook.katana/app_secondary_program_dex"
D/DexLibLoader( 5797): ignoring file "program-020c6d0135a14f0280ede88da3e858d29f1b9ed56661a1c7.dex.odex" in "/data/data/com.facebook.katana/app_secondary_program_dex"
D/DexLibLoader( 5797): ignoring file "program-3cf3244a0d1c3e39128f7b89ad90b4842a36a05f6661a1c7.dex.odex" in "/data/data/com.facebook.katana/app_secondary_program_dex"
D/DexLibLoader( 5797): ignoring file "program-666d745bfcb3c0496ae90e343db057d6082ce0c36661a1c7.dex.odex" in "/data/data/com.facebook.katana/app_secondary_program_dex"
D/DexLibLoader( 5797): ignoring file "program-0089f1fba5ba3a3fb61d98c516e2bbc2e6adfa056661a1c7.dex.odex" in "/data/data/com.facebook.katana/app_secondary_program_dex"
D/DexLibLoader( 5797): ignoring file "program-7cecb34308ef8d54acae00b06e3ade52d8da6d496661a1c7.dex.odex" in "/data/data/com.facebook.katana/app_secondary_program_dex"
D/DexLibLoader( 5797): directory "/data/data/com.facebook.katana/app_secondary_program_dex" is valid
D/DexLibLoader( 5797): ignoring file "primary_deps" in "/data/data/com.facebook.katana/app_secondary_program_dex_opt"
V/DexLibLoader( 5797): directory "/data/data/com.facebook.katana/app_secondary_program_dex_opt" contains "program-c0d34653f435a7e59cc5f46e9bd47feaf68b00416661a1c7.dex.dex" as expected
V/DexLibLoader( 5797): directory "/data/data/com.facebook.katana/app_secondary_program_dex_opt" contains "program-3651d03ae513595a1029ff9eae54d36128fdeb5e6661a1c7.dex.dex" as expected
V/DexLibLoader( 5797): directory "/data/data/com.facebook.katana/app_secondary_program_dex_opt" contains "program-020c6d0135a14f0280ede88da3e858d29f1b9ed56661a1c7.dex.dex" as expected
V/DexLibLoader( 5797): directory "/data/data/com.facebook.katana/app_secondary_program_dex_opt" contains "program-3cf3244a0d1c3e39128f7b89ad90b4842a36a05f6661a1c7.dex.dex" as expected
V/DexLibLoader( 5797): directory "/data/data/com.facebook.katana/app_secondary_program_dex_opt" contains "program-666d745bfcb3c0496ae90e343db057d6082ce0c36661a1c7.dex.dex" as expected
V/DexLibLoader( 5797): directory "/data/data/com.facebook.katana/app_secondary_program_dex_opt" contains "program-0089f1fba5ba3a3fb61d98c516e2bbc2e6adfa056661a1c7.dex.dex" as expected
V/DexLibLoader( 5797): directory "/data/data/com.facebook.katana/app_secondary_program_dex_opt" contains "program-7cecb34308ef8d54acae00b06e3ade52d8da6d496661a1c7.dex.dex" as expected
D/DexLibLoader( 5797): directory "/data/data/com.facebook.katana/app_secondary_program_dex_opt" is valid
D/DexLibLoader( 5797): loading pre-built cross-dex opt odex files
V/dalvik-internals( 5797): hooked dvmResolveClass using jump ()
V/dalvik-internals( 5797): hooked dvmFlushBreakpoints using jump ()
V/MultiDexClassLoader( 5797): installing MultiDexClassLoader before application classloader
I/dalvikvm( 5797): Could not find method dalvik.system.DexFile.loadClassBinaryName, referenced from method com.facebook.common.dextricks.DexFileLoadOld.a
W/dalvikvm( 5797): VFY: unable to resolve virtual method 2807: Ldalvik/system/DexFile;.loadClassBinaryName (Ljava/lang/String;Ljava/lang/ClassLoader;)Ljava/lang/Class;
D/dalvikvm( 5797): VFY: replacing opcode 0x6e at 0x0000
D/DexLibLoader( 5797): released odex store lock
D/DexLibLoader( 5797): DexLibLoader.loadAll took 24 ms
D/MemoryReductionHack( 5797): Marked as initialized entry corresponding to path /data/app/com.facebook.katana-1.apk
V/dalvik-internals( 5797): hooked dvmLinearAlloc using jump ()
V/dalvik-internals( 5797): hooked dvmLinearRealloc using jump ()
V/dalvik-internals( 5797): hooked dvmLinearFree using jump ()
V/dalvik-internals( 5797): hooked dvmLinearStrdup using jump ()
V/dalvik-internals( 5797): hooked dvmLinearAllocContains using jump ()
I/dalvik-internals( 5797): enlarged linearalloc buffer to 33554432 bytes
E/cutils  (  261): Failed to mkdirat(/storage/sdcard1/Android): Read-only file system
W/Vold    (  261): Returning OperationFailed - no handler for errno 30
W/ContextImpl( 5797): Failed to ensure directory: /storage/sdcard1/Android/data/com.facebook.katana/cache
D/dalvikvm( 5797): Trying to load lib /data/app-lib/com.facebook.katana-1/libdextr.so 0x4278cc98
D/dalvikvm( 5797): Added shared lib /data/app-lib/com.facebook.katana-1/libdextr.so 0x4278cc98
I/Dextr   ( 5797): LogQueue params desc: IIJIIIJJ
W/GAV2    ( 5753): Thread[main,5,main]: dispatch call queued.  Need to call GAServiceManager.getInstance().initialize().
I/ActivityManager( 1016): Killing 4538:com.devexpert.weather/u0a112 (adj 15): empty #9
W/ContextImpl( 1231): Calling a method in the system process without a qualified user: android.app.ContextImpl.sendBroadcast:1252 android.content.ContextWrapper.sendBroadcast:365 com.motorola.motocare.util.TriggerHelper$TriggerBuilder.send:76 com.motorola.motocare.internal.frameworkevents.ProcessKillTrigger.sendTrigger:147 com.motorola.motocare.internal.frameworkevents.ProcessKillTrigger.handleFrameworkEvent:164 
W/StaticBindingVerifier( 5797): Verify
I/dalvikvm( 5797): Could not find method com.facebook.resources.FbResources.getDrawable, referenced from method com.facebook.resources.impl.DownloadedFbResources.getDrawable
W/dalvikvm( 5797): VFY: unable to resolve virtual method 46880: Lcom/facebook/resources/FbResources;.getDrawable (ILandroid/content/res/Resources$Theme;)Landroid/graphics/drawable/Drawable;
D/dalvikvm( 5797): VFY: replacing opcode 0x6f at 0x0031
D/WifiService( 1016): New client listening to asynchronous messages
D/WifiStateMachine( 1016): handleMessage: E msg.what=151572
D/WifiStateMachine( 1016): processMsg: ConnectedState
D/WifiStateMachine( 1016): processMsg: L2ConnectedState
D/WifiStateMachine( 1016): handleMessage: X
I/ActivityManager( 1016): Killing 5642:com.android.defcontainer/u0a13 (adj 15): empty #9
W/ContextImpl( 1231): Calling a method in the system process without a qualified user: android.app.ContextImpl.sendBroadcast:1252 android.content.ContextWrapper.sendBroadcast:365 com.motorola.motocare.util.TriggerHelper$TriggerBuilder.send:76 com.motorola.motocare.internal.frameworkevents.ProcessKillTrigger.sendTrigger:147 com.motorola.motocare.internal.frameworkevents.ProcessKillTrigger.handleFrameworkEvent:164 
I/ActivityManager( 1016): Start proc com.google.android.partnersetup for broadcast com.google.android.partnersetup/.RlzPingBroadcastReceiver: pid=5838 uid=10025 gids={50025, 3003}
I/ActivityManager( 1016): Killing 5718:com.android.keychain/1000 (adj 15): empty #9
W/ContextImpl( 1231): Calling a method in the system process without a qualified user: android.app.ContextImpl.sendBroadcast:1252 android.content.ContextWrapper.sendBroadcast:365 com.motorola.motocare.util.TriggerHelper$TriggerBuilder.send:76 com.motorola.motocare.internal.frameworkevents.ProcessKillTrigger.sendTrigger:147 com.motorola.motocare.internal.frameworkevents.ProcessKillTrigger.handleFrameworkEvent:164 
D/PackageBroadcastService(31905): Received broadcast action=android.intent.action.PACKAGE_ADDED and uri=com.giftme.fb_auth
I/ConfigFetchService(31905): onStartCommand Intent { act=android.intent.action.PACKAGE_ADDED dat=package:com.giftme.fb_auth cmp=com.google.android.gms/.config.ConfigFetchService (has extras) }
I/ConfigFetchService(31905): launchTask
I/ConfigFetchService(31905): service connected
V/ConfigFetchTask(31905): ConfigFetchTask getDeviceDataVersionInfo(): ABFEt1XK4Y7b-yzL0_BuorTOrAGthZkEaD_OYxpXVjtjtQnyVWMcD71SpOB5_BJiFO4Be4GUIn5v2uau0uqgDeOSZwrizbTV9CNfth3_U3Tl-9FdQlyBY6H80z68VXP1oI0dvLmsZgpytMrVbb_QEItHzr2Tw1fOAOHjZF_MtfDEXPZ1Zy3u4Sq0X6HvEwKcdt2kjldVUANqupqVFDRTk3GAAJWgpUtmz_eXPkJ-ji_3sd-CSAILnETCUeOvTsijAFGegK7fmcddKxAGTW_K5wK35APd3t0kr-aASd6VKXDIjgTgTTMIYho
I/GoogleURLConnFactory(31905): Using platform SSLCertificateSocketFactory
D/ConfigFetchService(31905): ConfigApi connection successful.
I/ActivityManager( 1016): Start proc com.imangi.templerun2 for broadcast com.imangi.templerun2/com.amazon.identity.auth.device.authorization.PackageIntentReceiver: pid=5877 uid=10111 gids={50111, 1028, 1015, 3003}
I/UpdateIcingCorporaServi( 5781): Updating corpora: APPS=com.giftme.fb_auth, CONTACTS=MAYBE
D/com.amazon.identity.auth.device.utils.MAPLog.PII( 5877): Extracting verison incremental:<obscured>
D/com.amazon.identity.auth.device.utils.MAPLog.PII( 5877): Extracting flavor:<obscured>
I/com.amazon.identity.auth.device.authorization.PackageIntentReceiver( 5877): Package Intent Received. Clearing Service Data. action=android.intent.action.PACKAGE_ADDED
I/com.amazon.identity.auth.device.authorization.ThirdPartyServiceHelper( 5877): Clearing Highest Versioned Service
E/NetworkScheduler.SchedulerReceiver(31791): Invalid parameter app
E/NetworkScheduler.SchedulerReceiver(31791): Invalid package name : Perhaps you didn't include a PendingIntent in the extras?
D/PackageBroadcastService(31905): Received broadcast action=android.intent.action.PACKAGE_REPLACED and uri=com.giftme.fb_auth
I/ActivityManager( 1016): Start proc com.google.android.apps.magazines for broadcast com.google.android.apps.magazines/com.google.apps.dots.android.app.receiver.FirstInstallNotificationReceiver: pid=5893 uid=10077 gids={50077, 3003, 1028, 1015}
I/dalvikvm( 5781): Could not find method android.content.pm.PackageManager.getPackageInstaller, referenced from method com.google.android.gms.common.g.m
W/dalvikvm( 5781): VFY: unable to resolve virtual method 902: Landroid/content/pm/PackageManager;.getPackageInstaller ()Landroid/content/pm/PackageInstaller;
D/dalvikvm( 5781): VFY: replacing opcode 0x6e at 0x000d
E/dalvikvm( 5797): Could not find class 'org.apache.harmony.xnet.provider.jsse.OpenSSLSocketImpl', referenced from method com.facebook.ssl.openssl.check.CheckOpenSSLImplHasRequiredMethods.<clinit>
W/dalvikvm( 5797): VFY: unable to resolve const-class 9937 (Lorg/apache/harmony/xnet/provider/jsse/OpenSSLSocketImpl;) in Lcom/facebook/ssl/openssl/check/CheckOpenSSLImplHasRequiredMethods;
D/dalvikvm( 5797): VFY: replacing opcode 0x1c at 0x000d
E/dalvikvm( 5797): Could not find class 'org.apache.harmony.xnet.provider.jsse.OpenSSLSocketFactoryImpl', referenced from method com.facebook.ssl.openssl.reflect.SSLParametersGetter.<clinit>
W/dalvikvm( 5797): VFY: unable to resolve const-class 9936 (Lorg/apache/harmony/xnet/provider/jsse/OpenSSLSocketFactoryImpl;) in Lcom/facebook/ssl/openssl/reflect/SSLParametersGetter;
D/dalvikvm( 5797): VFY: replacing opcode 0x1c at 0x000d
E/dalvikvm( 5797): Could not find class 'org.apache.harmony.xnet.provider.jsse.SSLParametersImpl', referenced from method com.facebook.ssl.openssl.reflect.SSLParametersGetter.a
W/dalvikvm( 5797): VFY: unable to resolve check-cast 9939 (Lorg/apache/harmony/xnet/provider/jsse/SSLParametersImpl;) in Lcom/facebook/ssl/openssl/reflect/SSLParametersGetter;
D/dalvikvm( 5797): VFY: replacing opcode 0x1f at 0x0006
E/dalvikvm( 5797): Could not find class 'org.apache.harmony.xnet.provider.jsse.SSLParametersImpl', referenced from method com.facebook.ssl.openssl.reflect.SSLSessionTimeoutSetter.<clinit>
