I/rmt_storage(  467): rmt_storage_client_thread: /boot/modem_fs2: clnt_h=0x2 About to block rmt_storage client thread (th_id: -1223089608) wakelock released: 1, error no: 0
I/rmt_storage(  467): 
I/rmt_storage(  467): rmt_storage_disconnect_cb: clnt_h=0x0x30 conn_h=0x0xb71921d0
D/GCM     (31791): GcmService start Intent { act=android.net.conn.CONNECTIVITY_CHANGE flg=0x4000010 cmp=com.google.android.gms/.gcm.GcmService (has extras) } android.net.conn.CONNECTIVITY_CHANGE
I/iu.Environment(20163): update connectivity state; isNetworkMetered? false, isRoaming? false, isBackgroundDataAllowed? true
I/ActivityManager( 1016): Start proc com.google.android.apps.plus for broadcast com.google.android.apps.plus/.service.ConnectivityReceiver: pid=3057 uid=10090 gids={50090, 3003, 3002, 1028, 1015}
E/dalvikvm( 3057): Could not find class 'android.app.Notification$Action$Builder', referenced from method b.a
W/dalvikvm( 3057): VFY: unable to resolve new-instance 302 (Landroid/app/Notification$Action$Builder;) in Lb;
D/dalvikvm( 3057): VFY: replacing opcode 0x22 at 0x0000
E/dalvikvm( 3057): Could not find class 'android.graphics.drawable.RippleDrawable', referenced from method b.a
W/dalvikvm( 3057): VFY: unable to resolve new-instance 462 (Landroid/graphics/drawable/RippleDrawable;) in Lb;
D/dalvikvm( 3057): VFY: replacing opcode 0x22 at 0x000b
I/CheckinTask(20163): Checkin success: https://android.clients.google.com/checkin (1 requests sent)
I/CheckinService(20163): Checking schedule, now: 1428177311439 next: 1428216911434
I/CheckinService(20163): active receiver: disabled
W/dalvikvm( 3057): VFY: unable to find class referenced in signature (Lzt;)
W/dalvikvm( 3057): VFY: unable to find class referenced in signature (Lzt;)
W/dalvikvm( 3057): VFY: unable to find class referenced in signature (Lzt;)
W/dalvikvm( 3057): VFY: unable to find class referenced in signature (Lzt;)
W/dalvikvm( 3057): VFY: unable to find class referenced in signature (Lzt;)
W/dalvikvm( 3057): VFY: unable to find class referenced in signature (Lzt;)
W/dalvikvm( 3057): VFY: unable to find class referenced in signature (Lzt;)
E/dalvikvm( 3057): Could not find class 'android.app.Notification$Action$Builder', referenced from method b.a
W/dalvikvm( 3057): VFY: unable to resolve new-instance 302 (Landroid/app/Notification$Action$Builder;) in Lb;
D/dalvikvm( 3057): VFY: replacing opcode 0x22 at 0x0000
W/InputMethodManagerService( 1016): Window already focused, ignoring focus gain of: com.android.internal.view.IInputMethodClient$Stub$Proxy@429a9ec0 attribute=null, token = android.os.BinderProxy@43beb0a0
W/dalvikvm( 3057): Unable to resolve superclass of Lar; (689)
W/dalvikvm( 3057): Link of class 'Lar;' failed
E/dalvikvm( 3057): Could not find class 'ar', referenced from method b.a
W/dalvikvm( 3057): VFY: unable to resolve new-instance 999 (Lar;) in Lb;
D/dalvikvm( 3057): VFY: replacing opcode 0x22 at 0x0006
W/dalvikvm( 3057): Unable to resolve superclass of Lat; (689)
W/dalvikvm( 3057): Link of class 'Lat;' failed
E/dalvikvm( 3057): Could not find class 'at', referenced from method b.a
W/dalvikvm( 3057): VFY: unable to resolve new-instance 1053 (Lat;) in Lb;
D/dalvikvm( 3057): VFY: replacing opcode 0x22 at 0x002a
I/dalvikvm( 3057): Could not find method android.view.ViewGroup.isTransitionGroup, referenced from method b.a
W/dalvikvm( 3057): VFY: unable to resolve virtual method 4388: Landroid/view/ViewGroup;.isTransitionGroup ()Z
D/dalvikvm( 3057): VFY: replacing opcode 0x6e at 0x000c
I/dalvikvm( 3057): Could not find method android.view.View.getTransitionName, referenced from method b.a
W/dalvikvm( 3057): VFY: unable to resolve virtual method 4205: Landroid/view/View;.getTransitionName ()Ljava/lang/String;
D/dalvikvm( 3057): VFY: replacing opcode 0x6e at 0x0006
W/dalvikvm( 3057): VFY: unable to find class referenced in signature ([Landroid/app/RemoteInput;)
E/dalvikvm( 3057): Could not find class 'android.app.RemoteInput[]', referenced from method b.a
W/dalvikvm( 3057): VFY: unable to resolve new-array 12606 ([Landroid/app/RemoteInput;) in Lb;
D/dalvikvm( 3057): VFY: replacing opcode 0x23 at 0x0005
I/ActivityManager( 1016): Process com.android.chrome (pid 2846) has died.
F/ProcessStats( 1016): Starting service ServiceState{43a506e8 com.tranzmate.services.LocationService pkg=com.tranzmate proc=43a506e8} without owner
D/dalvikvm( 3057): DexOpt: unable to opt direct call 0x0530 at 0x0e in Lb;.a
D/dalvikvm( 3057): DexOpt: unable to opt direct call 0x08a4 at 0x0e in Lb;.a
D/dalvikvm( 3057): DexOpt: unable to opt direct call 0x0530 at 0x0e in Lb;.a
W/dalvikvm( 3057): Unable to resolve superclass of Lar; (689)
W/dalvikvm( 3057): Link of class 'Lar;' failed
D/dalvikvm( 3057): DexOpt: unable to opt direct call 0x177c at 0x08 in Lb;.a
W/dalvikvm( 3057): Unable to resolve superclass of Lat; (689)
W/dalvikvm( 3057): Link of class 'Lat;' failed
D/dalvikvm( 3057): DexOpt: unable to opt direct call 0x1846 at 0x2c in Lb;.a
D/dalvikvm( 3057): DexOpt: unable to opt direct call 0x0587 at 0x13 in Lb;.a
D/dalvikvm( 3057): Trying to load lib /data/app-lib/com.google.android.apps.plus-1/libcrashreporterer.so 0x42793948
D/dalvikvm( 3057): Added shared lib /data/app-lib/com.google.android.apps.plus-1/libcrashreporterer.so 0x42793948
I/dalvikvm( 3057): Could not find method android.content.Context.getDrawable, referenced from method c.a
W/dalvikvm( 3057): VFY: unable to resolve virtual method 1545: Landroid/content/Context;.getDrawable (I)Landroid/graphics/drawable/Drawable;
D/dalvikvm( 3057): VFY: replacing opcode 0x6e at 0x0006
I/ActivityManager( 1016): Start proc com.google.android.talk for broadcast com.google.android.talk/com.google.android.apps.hangouts.service.NetworkStateReceiver: pid=3074 uid=10071 gids={50071, 3003, 1028, 1015, 3002}
F/ProcessStats( 1016): Starting service ServiceState{43a506e8 com.tranzmate.services.LocationService pkg=com.tranzmate proc=43a506e8} without owner
D/dalvikvm( 3074): Trying to load lib /data/app-lib/com.google.android.talk-1/libcrashreporterer.so 0x42791620
D/dalvikvm( 3074): Added shared lib /data/app-lib/com.google.android.talk-1/libcrashreporterer.so 0x42791620
E/dalvikvm( 3074): Could not find class 'android.app.Notification$Action$Builder', referenced from method f.a
W/dalvikvm( 3074): VFY: unable to resolve new-instance 402 (Landroid/app/Notification$Action$Builder;) in Lf;
D/dalvikvm( 3074): VFY: replacing opcode 0x22 at 0x0000
E/dalvikvm( 3074): Could not find class 'android.app.RemoteInput$Builder', referenced from method f.a
W/dalvikvm( 3074): VFY: unable to resolve new-instance 414 (Landroid/app/RemoteInput$Builder;) in Lf;
D/dalvikvm( 3074): VFY: replacing opcode 0x22 at 0x003d
E/dalvikvm( 3074): Could not find class 'android.app.Notification$Action$Builder', referenced from method f.a
W/dalvikvm( 3074): VFY: unable to resolve new-instance 402 (Landroid/app/Notification$Action$Builder;) in Lf;
D/dalvikvm( 3074): VFY: replacing opcode 0x22 at 0x0000
D/ConnectivityService( 1016): handleInetConditionHoldEnd: net=1, condition=100, published condition=100
I/ModemStatsDSDetect( 1279): onReceive() -Intent { act=android.net.conn.INET_CONDITION_ACTION flg=0x4000010 (has extras) }
I/SBar.NetworkController( 1078): onReceive: ConnectivityManager.INET_CONDITION_ACTION Received
I/SBar.NetworkController( 1078): updateConnectivity: NetworkInfo: NetworkInfo: type: WIFI[], state: CONNECTED/CONNECTED, reason: (unspecified), extra: "Moulin Rouge", roaming: false, failover: false, isAvailable: true, isConnectedToProvisioningNetwork: false, inetCondition= 1
I/ModemStatsDSDetect( 1279): INET_CONDITION=100 ,activeNet=NetworkInfo: type: WIFI[], state: CONNECTED/CONNECTED, reason: (unspecified), extra: "Moulin Rouge", roaming: false, failover: false, isAvailable: true, isConnectedToProvisioningNetwork: false
I/ModemStatsDSDetect( 1279): onReceive() - done, currentInetCondition=100
W/dalvikvm( 3074): Unable to resolve superclass of Law; (790)
W/dalvikvm( 3074): Link of class 'Law;' failed
E/dalvikvm( 3074): Could not find class 'aw', referenced from method f.a
W/dalvikvm( 3074): VFY: unable to resolve new-instance 1214 (Law;) in Lf;
D/dalvikvm( 3074): VFY: replacing opcode 0x22 at 0x0006
W/dalvikvm( 3074): Unable to resolve superclass of Lay; (790)
W/dalvikvm( 3074): Link of class 'Lay;' failed
E/dalvikvm( 3074): Could not find class 'ay', referenced from method f.a
W/dalvikvm( 3074): VFY: unable to resolve new-instance 1268 (Lay;) in Lf;
D/dalvikvm( 3074): VFY: replacing opcode 0x22 at 0x002a
I/dalvikvm( 3074): Could not find method android.view.ViewGroup.isTransitionGroup, referenced from method f.a
W/dalvikvm( 3074): VFY: unable to resolve virtual method 5345: Landroid/view/ViewGroup;.isTransitionGroup ()Z
D/dalvikvm( 3074): VFY: replacing opcode 0x6e at 0x000c
I/dalvikvm( 3074): Could not find method android.view.View.getTransitionName, referenced from method f.a
W/dalvikvm( 3074): VFY: unable to resolve virtual method 5199: Landroid/view/View;.getTransitionName ()Ljava/lang/String;
D/dalvikvm( 3074): VFY: replacing opcode 0x6e at 0x0006
W/dalvikvm( 3074): VFY: unable to find class referenced in signature ([Landroid/app/RemoteInput;)
E/dalvikvm( 3074): Could not find class 'android.app.RemoteInput[]', referenced from method f.a
W/dalvikvm( 3074): VFY: unable to resolve new-array 6957 ([Landroid/app/RemoteInput;) in Lf;
D/dalvikvm( 3074): VFY: replacing opcode 0x23 at 0x0005
D/dalvikvm( 3074): DexOpt: couldn't find static field Landroid/os/Build;.SUPPORTED_ABIS
W/dalvikvm( 3074): VFY: unable to resolve static field 1486 (SUPPORTED_ABIS) in Landroid/os/Build;
D/dalvikvm( 3074): VFY: replacing opcode 0x62 at 0x0006
D/WifiStateMachine( 1016): handleMessage: E msg.what=151572
D/WifiStateMachine( 1016): processMsg: ConnectedState
D/WifiStateMachine( 1016): processMsg: L2ConnectedState
D/dalvikvm( 3074): DexOpt: unable to opt direct call 0x0a62 at 0x0e in Lf;.a
D/dalvikvm( 3074): DexOpt: unable to opt direct call 0x0ab7 at 0x43 in Lf;.a
D/WifiStateMachine( 1016): handleMessage: X
D/dalvikvm( 3074): DexOpt: unable to opt direct call 0x0a62 at 0x0e in Lf;.a
W/dalvikvm( 3074): Unable to resolve superclass of Law; (790)
W/dalvikvm( 3074): Link of class 'Law;' failed
D/dalvikvm( 3074): DexOpt: unable to opt direct call 0x1d53 at 0x08 in Lf;.a
W/dalvikvm( 3074): Unable to resolve superclass of Lay; (790)
W/dalvikvm( 3074): Link of class 'Lay;' failed
D/dalvikvm( 3074): DexOpt: unable to opt direct call 0x1e94 at 0x2c in Lf;.a
D/dalvikvm( 3074): DexOpt: unable to opt direct call 0x0ab7 at 0x13 in Lf;.a
I/dalvikvm( 3074): Could not find method android.content.Context.getDrawable, referenced from method i.a
W/dalvikvm( 3074): VFY: unable to resolve virtual method 2839: Landroid/content/Context;.getDrawable (I)Landroid/graphics/drawable/Drawable;
D/dalvikvm( 3074): VFY: replacing opcode 0x6e at 0x0006
I/Babel   ( 3074): MmsConfig: mnc/mcc: 272/3
I/Babel   ( 3074): MmsConfig.loadMmsSettings
I/Babel   ( 3074): MmsConfig.loadDeviceMmsSettings from API: mUserAgent=motoxt1039, mUaProfUrl=http://uaprof.motorola.com/phoneconfig/motoxt1039/Profile/motoxt1039.rdf
I/Babel   ( 3074): MmsConfig.loadFromDatabase
E/SQLiteLog( 3074): (1) no such table: mmsconfig
I/Babel   ( 3074): MmsConfig: no mmsconfig table android.database.sqlite.SQLiteException: no such table: mmsconfig (code 1): , while compiling: SELECT key, value, type FROM mmsconfig WHERE numeric=?
I/Babel   ( 3074): MmsConfig.loadFromResources
E/Babel   ( 3074): canonicalizeMccMnc: invalid mccmnc nullnull
I/Babel   ( 3074): MmsConfig.loadMmsSettings: mUserAgent=motoxt1039, mUaProfUrl=http://uaprof.motorola.com/phoneconfig/motoxt1039/Profile/motoxt1039.rdf
W/Settings( 3074): Setting airplane_mode_on has moved from android.provider.Settings.System to android.provider.Settings.Global, returning read-only value.
I/Babel_StickerModule( 3074): App launched.
I/ActivityManager( 1016): Start proc com.google.android.apps.magazines for broadcast com.google.android.apps.magazines/com.google.apps.dots.android.newsstand.appwidget.NewsWidgetProvider: pid=3100 uid=10077 gids={50077, 3003, 1028, 1015}
W/AppOps  ( 1016): Bad call: specified package qcamera under uid 1013 but it is really -1
W/AppOps  ( 1016): Bad call: specified package qcamera under uid 1013 but it is really -1
I/dalvikvm( 3100): Could not find method android.accounts.AccountManager.getPreviousName, referenced from method com.google.apps.dots.android.newsstand.auth.AccountManagerDelegate.getPreviousName
W/dalvikvm( 3100): VFY: unable to resolve virtual method 7: Landroid/accounts/AccountManager;.getPreviousName (Landroid/accounts/Account;)Ljava/lang/String;
D/dalvikvm( 3100): VFY: replacing opcode 0x6e at 0x0002
E/cutils  (  261): Failed to mkdirat(/storage/sdcard1/Android): Read-only file system
W/Vold    (  261): Returning OperationFailed - no handler for errno 30
W/ContextImpl( 3100): Failed to ensure directory: /storage/sdcard1/Android/data/com.google.android.apps.magazines/cache
E/cutils  (  261): Failed to mkdirat(/storage/sdcard1/Android): Read-only file system
W/Vold    (  261): Returning OperationFailed - no handler for errno 30
W/ContextImpl( 3100): Failed to ensure directory: /storage/sdcard1/Android/data/com.google.android.apps.magazines/files
E/cutils  (  261): Failed to mkdirat(/storage/sdcard1/Android): Read-only file system
W/Vold    (  261): Returning OperationFailed - no handler for errno 30
W/ContextImpl( 3100): Failed to ensure directory: /storage/sdcard1/Android/data/com.google.android.apps.magazines/cache
E/cutils  (  261): Failed to mkdirat(/storage/sdcard1/Android): Read-only file system
W/Vold    (  261): Returning OperationFailed - no handler for errno 30
W/ContextImpl( 3100): Failed to ensure directory: /storage/sdcard1/Android/data/com.google.android.apps.magazines/files
D/dalvikvm( 1016): GC_EXPLICIT freed 961K, 27% free 29344K/40112K, paused 4ms+15ms, total 150ms
W/AppOps  ( 1016): Bad call: specified package qcamera under uid 1013 but it is really -1
W/AppOps  ( 1016): Bad call: specified package qcamera under uid 1013 but it is really -1
W/dalvikvm( 3074): Unable to resolve superclass of Lcom/google/android/libraries/hangouts/video/ScreenCaptureVideoSource$2; (596)
W/dalvikvm( 3074): Link of class 'Lcom/google/android/libraries/hangouts/video/ScreenCaptureVideoSource$2;' failed
E/dalvikvm( 3074): Could not find class 'com.google.android.libraries.hangouts.video.ScreenCaptureVideoSource$2', referenced from method com.google.android.libraries.hangouts.video.ScreenCaptureVideoSource.<init>
W/dalvikvm( 3074): VFY: unable to resolve new-instance 2878 (Lcom/google/android/libraries/hangouts/video/ScreenCaptureVideoSource$2;) in Lcom/google/android/libraries/hangouts/video/ScreenCaptureVideoSource;
D/dalvikvm( 3074): VFY: replacing opcode 0x22 at 0x0044
W/dalvikvm( 3074): VFY: unable to find class referenced in signature (Landroid/media/projection/MediaProjection;)
W/dalvikvm( 3074): VFY: unable to find class referenced in signature (Landroid/media/projection/MediaProjection;)
W/dalvikvm( 3074): VFY: unable to find class referenced in signature (Landroid/media/projection/MediaProjection;)
W/dalvikvm( 3074): VFY: unable to find class referenced in signature (Landroid/media/projection/MediaProjectionManager;)
I/dalvikvm( 3074): Could not find method android.media.projection.MediaProjection.createVirtualDisplay, referenced from method com.google.android.libraries.hangouts.video.ScreenCaptureVideoSource.createVirtualDisplay
W/dalvikvm( 3074): VFY: unable to resolve virtual method 3518: Landroid/media/projection/MediaProjection;.createVirtualDisplay (Ljava/lang/String;IIIILandroid/view/Surface;Landroid/hardware/display/VirtualDisplay$Callback;Landroid/os/Handler;)Landroid/hardware/display/VirtualDisplay;
D/dalvikvm( 3074): VFY: replacing opcode 0x74 at 0x0053
I/dalvikvm( 3074): Could not find method android.media.projection.MediaProjection.stop, referenced from method com.google.android.libraries.hangouts.video.ScreenCaptureVideoSource.release
W/dalvikvm( 3074): VFY: unable to resolve virtual method 3520: Landroid/media/projection/MediaProjection;.stop ()V
D/dalvikvm( 3074): VFY: replacing opcode 0x6e at 0x002d
I/dalvikvm( 3074): Could not find method android.media.projection.MediaProjectionManager.createScreenCaptureIntent, referenced from method com.google.android.libraries.hangouts.video.ScreenCaptureVideoSource.startCapture
W/dalvikvm( 3074): VFY: unable to resolve virtual method 3522: Landroid/media/projection/MediaProjectionManager;.createScreenCaptureIntent ()Landroid/content/Intent;
D/dalvikvm( 3074): VFY: replacing opcode 0x6e at 0x0023
W/dalvikvm( 3074): Unable to resolve superclass of Lcom/google/android/libraries/hangouts/video/ScreenCaptureVideoSource$2; (596)
W/dalvikvm( 3074): Link of class 'Lcom/google/android/libraries/hangouts/video/ScreenCaptureVideoSource$2;' failed
D/dalvikvm( 3074): DexOpt: unable to opt direct call 0x4a49 at 0x46 in Lcom/google/android/libraries/hangouts/video/ScreenCaptureVideoSource;.<init>
I/dalvikvm( 3074): Could not find method android.media.MediaCodecInfo$CodecCapabilities.getVideoCapabilities, referenced from method com.google.android.libraries.hangouts.video.EncoderManager.isHardwareAcceleratedCodec
W/dalvikvm( 3074): VFY: unable to resolve virtual method 3454: Landroid/media/MediaCodecInfo$CodecCapabilities;.getVideoCapabilities ()Landroid/media/MediaCodecInfo$VideoCapabilities;
D/dalvikvm( 3074): VFY: replacing opcode 0x6e at 0x001f
V/WebViewChromiumFactoryProvider( 3100): Binding Chromium to main looper Looper (main, tid 1) {4278cd88}
I/LibraryLoader( 3100): Expected native library version number "",actual native library version number ""
I/chromium( 3100): [INFO:library_loader_hooks.cc(116)] Chromium logging enabled: level = 0, default verbosity = 0
I/BrowserStartupController( 3100): Initializing chromium process, renderers=0
E/AudioManagerAndroid( 3100): BLUETOOTH permission is missing!
I/Adreno-EGL( 3100): <qeglDrvAPI_eglInitialize:410>: EGL 1.4 QUALCOMM build: AU_LINUX_ANDROID_LNX.LA.3.5.1_RB1.04.04.02.048.018_msm8226_LNX.LA.3.5.1_RB1__release_AU ()
I/Adreno-EGL( 3100): OpenGL ES Shader Compiler Version: E031.24.00.08
I/Adreno-EGL( 3100): Build Date: 03/07/14 Fri
I/Adreno-EGL( 3100): Local Branch: 
I/Adreno-EGL( 3100): Remote Branch: quic/LNX.LA.3.5.1_RB1.1
I/Adreno-EGL( 3100): Local Patches: NONE
I/Adreno-EGL( 3100): Reconstruct Branch: AU_LINUX_ANDROID_LNX.LA.3.5.1_RB1.04.04.02.048.018 + f2fd134 +  NOTHING
I/NSApplication( 3100): Starting up...
I/ActivityManager( 1016): Start proc com.android.chrome for broadcast com.android.chrome/com.google.android.apps.chrome.precache.PrecacheServiceLauncher: pid=3151 uid=10057 gids={50057, 3003, 1028, 1015}
I/ActivityManager( 1016): Process com.android.mms (pid 3035) has died.
D/AudioManagerAndroid( 3100): ==> onReceive: s=0, m=1, n=h2w, sb=true
D/AudioManagerAndroid( 3100): reportUpdate: state=0, devices=[Speakerphone, Headset earpiece]
E/cutils  (  261): Failed to mkdirat(/storage/sdcard1/Android): Read-only file system
W/Vold    (  261): Returning OperationFailed - no handler for errno 30
W/ContextImpl( 2859): Failed to ensure directory: /storage/sdcard1/Android/data/com.rhmsoft.fm/files
E/cutils  (  261): Failed to mkdirat(/storage/sdcard1/Android): Read-only file system
W/Vold    (  261): Returning OperationFailed - no handler for errno 30
W/ContextImpl( 2859): Failed to ensure directory: /storage/sdcard1/Android/data/com.rhmsoft.fm/files
D/DEBUG   (31852): Received intent : com.motorola.blur.service.blur.Actions.POLLINGMGR_CONNECTIVITY
W/ContextImpl(31852): Implicit intents with startService are not safe: Intent { act=com.motorola.blur.service.blur.Actions.BIND_WSPROXY_SVC } android.content.ContextWrapper.bindService:517 com.motorola.ccc.notification.GetNotificationsWS.bindWebServices:65 com.motorola.ccc.notification.SundryService.onCreate:1039 
D/GetNotificationsWS(31852): bindWebServices(): registering our AIDL callback...
I/SundryService(31852): onHandleIntent(): action=com.motorola.blur.service.blur.Actions.POLLINGMGR_CONNECTIVITY
D/EmailService.MarketingOptInSetter(31852): received com.motorola.blur.service.blur.Actions.POLLINGMGR_CONNECTIVITY
D/WaitableIntentService(31852): ServiceHandler.handleMessage: mWaitCount=0
D/GetNotificationsWS(31852): onServiceConnected()
D/GCM     (31791): GcmService start Intent { act=com.google.android.gms.INITIALIZE flg=0x10 pkg=com.google.android.gms cmp=com.google.android.gms/.gcm.GcmService } com.google.android.gms.INITIALIZE
D/GetNotificationsWS(31852): onServiceConnected(): Registered for remote service callbacks...
D/GetNotificationsWS(31852): unbindWebServices(): un-registering our AIDL callback...
D/AuthorizationBluetoothService(31791): Received GmsCore event: Intent { act=com.google.android.gms.INITIALIZE flg=0x10 pkg=com.google.android.gms cmp=com.google.android.gms/.auth.be.proximity.authorization.bt.AuthorizationBluetoothService$AutoStarter }.
E/AuthorizationBluetoothService(31791): Proximity feature is not enabled.
V/GmsCoreStatsServiceLauncher(20163): Received broadcast intent Intent { act=com.google.android.gms.INITIALIZE flg=0x10 pkg=com.google.android.gms cmp=com.google.android.gms/.common.stats.GmsCoreStatsServiceLauncher }
I/ActivityManager( 1016): Start proc com.devexpert.weather for broadcast com.devexpert.weather/.view.WidgetWeather2x1: pid=3169 uid=10112 gids={50112, 3003, 1028, 1015}
D/LocationInitializer(20163): Restart initialization of location
E/MDM     (31965): [14067] b.run: Couldn't connect to Google API client: ConnectionResult{statusCode=API_UNAVAILABLE, resolution=null}
I/ActivityManager( 1016): Process com.google.android.talk (pid 3074) has died.
W/ActivityManager( 1016): Service ServiceRecord{43c45bd0 u0 com.google.android.talk/com.google.android.libraries.hangouts.video.CallService} in process ProcessRecord{4387ef30 3074:com.google.android.talk/u0a71} not same as in map: null
D/Ulp_jni ( 1016): Location CB invoked
D/GCM     (31791): GcmService start Intent { act=com.google.android.checkin.CHECKIN_COMPLETE flg=0x10 cmp=com.google.android.gms/.gcm.GcmService (has extras) } com.google.android.checkin.CHECKIN_COMPLETE
I/GCM     (31791): GCM config loaded
D/WifiService( 1016): releaseWifiLockLocked: WifiLock{NlpWifiLock type=2 binder=android.os.BinderProxy@42ab52b8}
I/ActivityManager( 1016): Process com.google.android.apps.plus (pid 3057) has died.
D/WifiStateMachine( 1016): handleMessage: E msg.what=151572
D/WifiStateMachine( 1016): processMsg: ConnectedState
D/WifiStateMachine( 1016): processMsg: L2ConnectedState
D/WifiStateMachine( 1016): handleMessage: X
I/SFPerfTracer(  278):      triggers: (rate: 161:90632) (229580 sw vsyncs) (191097 skipped) (35:811918 vsyncs) (37:1142344)
D/AlarmManagerService( 1016): Kernel timezone updated to -60 minutes west of GMT
I/SBar.NetworkController( 1078): onServiceStateChanged state=0 0 home voice home data home Meteor  27203 Meteor  27203  UMTS UMTS CSS not supported -1 -1 RoamInd=-1 DefRoamInd=-1 EmergOnly=false VoiceState=0=STATE_IN_SERVICE DataState=0=STATE_IN_SERVICE
D/OtaApp  (31852): [debug] > PollingMangerService, phone state: 0 0 home voice home data home Meteor  27203 Meteor  27203  UMTS UMTS CSS not supported -1 -1 RoamInd=-1 DefRoamInd=-1 EmergOnly=false
D/PollingManager(31852): phone state: 0 0 home voice home data home Meteor  27203 Meteor  27203  UMTS UMTS CSS not supported -1 -1 RoamInd=-1 DefRoamInd=-1 EmergOnly=false
D/Checkin ( 1279): publish the event [tag = CALL_PERF_HO_SUCCESS event name = HO_STATS]
I/ActivityManager( 1016): Process com.google.android.apps.magazines (pid 3100) has died.
D/Checkin ( 1279): publish the event [tag = CALL_PERF_DEVICE_LOC event name = CALL_PERF_DEVICE_LOC]
D/WifiStateMachine( 1016): handleMessage: E msg.what=151572
D/WifiStateMachine( 1016): processMsg: ConnectedState
D/WifiStateMachine( 1016): processMsg: L2ConnectedState
D/WifiStateMachine( 1016): handleMessage: X
D/WifiStateMachine( 1016): handleMessage: E msg.what=131155
D/WifiStateMachine( 1016): processMsg: ConnectedState
D/WifiStateMachine( 1016): processMsg: L2ConnectedState
D/WifiStateMachine( 1016): handleMessage: X
D/WifiStateMachine( 1016): handleMessage: E msg.what=151572
D/WifiStateMachine( 1016): processMsg: ConnectedState
D/WifiStateMachine( 1016): processMsg: L2ConnectedState
D/WifiStateMachine( 1016): handleMessage: X
I/ActivityManager( 1016): Process com.android.chrome (pid 3151) has died.
D/WifiStateMachine( 1016): handleMessage: E msg.what=151572
D/WifiStateMachine( 1016): processMsg: ConnectedState
D/WifiStateMachine( 1016): processMsg: L2ConnectedState
D/WifiStateMachine( 1016): handleMessage: X
V/GAV3    ( 3018): Thread[GAThread,5,main]: connecting to Analytics service
V/GAV3    ( 3018): Thread[main,5,main]: service connected, binder: android.os.BinderProxy@427ba610
V/GAV3    ( 3018): Thread[main,5,main]: bound to service
V/GAV3    ( 3018): Thread[GAThread,5,main]: connect: bindService returned true for Intent { act=com.google.android.gms.analytics.service.START cmp=com.google.android.gms/.analytics.service.AnalyticsService (has extras) }
V/GAV3    ( 3018): Thread[main,5,main]: Connected to service
V/GAV3    ( 3018): Thread[GAThread,5,main]: Loaded clientId
I/GAV3    ( 3018): Thread[GAThread,5,main]: No campaign data found.
V/ConfigFetchTask(20163): ConfigFetchTask getDeviceDataVersionInfo(): ABFEt1WcQeCl4tO34ekFsjcxQ4i6H7B0q4ZBEJRQrYyfZZw9UUeWwlHq8v-rpq8Jlxtnywt7gyjj9wwf228LST5AqmF-N73GaYscXrnqDVWVbrr5SxgGcdz72Rbuj1A5sKlgIZUSnZXLzaNenSJAeJ1sAXtv0V6P2xc_Z1r77IW_3yseqUfKZ2fYSe5Q_kOdXdc3O9yVb78Mvi8UJaY1XU-CZSXSpYBo9OZEzxG-UX8BWkIyUjbJCeI91thJ2IpyS4eI3sPCm98hacccsKrpwDYLqgy_KXn9t-_nonf2j6VfI0MCMGyZR7I
I/GoogleURLConnFactory(20163): Using platform SSLCertificateSocketFactory
I/ConfigFetchService(20163): fetch service done; releasing wakelock
I/ConfigFetchService(20163): stopping self
D/WifiStateMachine( 1016): handleMessage: E msg.what=151572
D/WifiStateMachine( 1016): processMsg: ConnectedState
D/WifiStateMachine( 1016): processMsg: L2ConnectedState
D/WifiStateMachine( 1016): handleMessage: X
D/WifiStateMachine( 1016): handleMessage: E msg.what=131155
D/WifiStateMachine( 1016): processMsg: ConnectedState
D/WifiStateMachine( 1016): processMsg: L2ConnectedState
D/WifiStateMachine( 1016): handleMessage: X
I/SBar.NetworkController( 1078): onSignalStrengthsChanged SignalStrength: 7 0 -120 -160 -120 -1 -1 99 2147483647 2147483647 2147483647 2147483647 2147483647 gsm|lte 0 -108 -1 false 2 2 0 0 0 99 99 99 4 level=2
D/WifiStateMachine( 1016): handleMessage: E msg.what=151572
D/WifiStateMachine( 1016): processMsg: ConnectedState
D/WifiStateMachine( 1016): processMsg: L2ConnectedState
D/WifiStateMachine( 1016): handleMessage: X
I/InputReader( 1016): Reconfiguring input devices.  changes=0x00000010
I/PackageManager( 1016): Adding preferred activity ComponentInfo{com.android.mms/com.android.mms.ui.ComposeMessageActivity} for user 0 :
I/PackageManager( 1016):   Action: "android.intent.action.SENDTO"
I/PackageManager( 1016):   Category: "android.intent.category.DEFAULT"
I/PackageManager( 1016):   Scheme: "sms"
I/ActivityManager( 1016): Start proc com.google.android.talk for broadcast com.google.android.talk/com.google.android.apps.hangouts.phone.PackageReplacedReceiver: pid=3219 uid=10071 gids={50071, 3003, 1028, 1015, 3002}
D/dalvikvm(  280): GC_EXPLICIT freed 42K, 48% free 9010K/17224K, paused 1ms+2ms, total 30ms
I/PackageManager( 1016): Adding preferred activity ComponentInfo{com.android.mms/com.android.mms.ui.ComposeMessageActivity} for user 0 :
I/PackageManager( 1016):   Action: "android.intent.action.SENDTO"
I/PackageManager( 1016):   Category: "android.intent.category.DEFAULT"
I/PackageManager( 1016):   Scheme: "smsto"
I/ActivityManager( 1016): Process com.rhmsoft.fm:crash.feedback (pid 2859) has died.
F/ProcessStats( 1016): Starting service ServiceState{43a506e8 com.tranzmate.services.LocationService pkg=com.tranzmate proc=43a506e8} without owner
D/dalvikvm(  280): GC_EXPLICIT freed <1K, 48% free 9010K/17224K, paused 2ms+3ms, total 29ms
D/dalvikvm(  280): GC_EXPLICIT freed <1K, 48% free 9010K/17224K, paused 2ms+3ms, total 24ms
I/PackageManager( 1016): Adding preferred activity ComponentInfo{com.android.mms/com.android.mms.ui.ComposeMessageActivity} for user 0 :
I/PackageManager( 1016):   Action: "android.intent.action.SENDTO"
I/PackageManager( 1016):   Category: "android.intent.category.DEFAULT"
I/PackageManager( 1016):   Scheme: "mms"
I/Launcher(  813): Deferring update until onResume
I/PackageManager( 1016): Adding preferred activity ComponentInfo{com.android.mms/com.android.mms.ui.ComposeMessageActivity} for user 0 :
I/PackageManager( 1016):   Action: "android.intent.action.SENDTO"
I/PackageManager( 1016):   Category: "android.intent.category.DEFAULT"
I/PackageManager( 1016):   Scheme: "mmsto"
I/PackageManager( 1016): Adding preferred activity ComponentInfo{com.android.mms/com.android.mms.ui.ComposeMessageActivity} for user 0 :
I/PackageManager( 1016):   Action: "android.intent.action.SENDTO"
I/PackageManager( 1016):   Category: "android.intent.category.DEFAULT"
I/PackageManager( 1016):   Scheme: "sms"
I/Launcher(  813): Deferring update until onResume
I/PackageManager( 1016): Adding preferred activity ComponentInfo{com.android.mms/com.android.mms.ui.ComposeMessageActivity} for user 0 :
I/PackageManager( 1016):   Action: "android.intent.action.SENDTO"
I/PackageManager( 1016):   Category: "android.intent.category.DEFAULT"
I/PackageManager( 1016):   Scheme: "smsto"
D/dalvikvm( 3219): Trying to load lib /data/app-lib/com.google.android.talk-1/libcrashreporterer.so 0x42795468
D/dalvikvm( 3219): Added shared lib /data/app-lib/com.google.android.talk-1/libcrashreporterer.so 0x42795468
I/PackageManager( 1016): Adding preferred activity ComponentInfo{com.android.mms/com.android.mms.ui.ComposeMessageActivity} for user 0 :
I/PackageManager( 1016):   Action: "android.intent.action.SENDTO"
I/PackageManager( 1016):   Category: "android.intent.category.DEFAULT"
I/PackageManager( 1016):   Scheme: "mms"
I/PackageManager( 1016): Adding preferred activity ComponentInfo{com.android.mms/com.android.mms.ui.ComposeMessageActivity} for user 0 :
I/PackageManager( 1016):   Action: "android.intent.action.SENDTO"
I/PackageManager( 1016):   Category: "android.intent.category.DEFAULT"
I/PackageManager( 1016):   Scheme: "mmsto"
E/dalvikvm( 3219): Could not find class 'android.app.Notification$Action$Builder', referenced from method f.a
W/dalvikvm( 3219): VFY: unable to resolve new-instance 402 (Landroid/app/Notification$Action$Builder;) in Lf;
D/dalvikvm( 3219): VFY: replacing opcode 0x22 at 0x0000
E/dalvikvm( 3219): Could not find class 'android.app.RemoteInput$Builder', referenced from method f.a
W/dalvikvm( 3219): VFY: unable to resolve new-instance 414 (Landroid/app/RemoteInput$Builder;) in Lf;
D/dalvikvm( 3219): VFY: replacing opcode 0x22 at 0x003d
D/WifiStateMachine( 1016): handleMessage: E msg.what=151572
D/WifiStateMachine( 1016): processMsg: ConnectedState
D/WifiStateMachine( 1016): processMsg: L2ConnectedState
E/dalvikvm( 3219): Could not find class 'android.app.Notification$Action$Builder', referenced from method f.a
W/dalvikvm( 3219): VFY: unable to resolve new-instance 402 (Landroid/app/Notification$Action$Builder;) in Lf;
D/dalvikvm( 3219): VFY: replacing opcode 0x22 at 0x0000
W/dalvikvm( 3219): Unable to resolve superclass of Law; (790)
W/dalvikvm( 3219): Link of class 'Law;' failed
E/dalvikvm( 3219): Could not find class 'aw', referenced from method f.a
W/dalvikvm( 3219): VFY: unable to resolve new-instance 1214 (Law;) in Lf;
D/dalvikvm( 3219): VFY: replacing opcode 0x22 at 0x0006
W/dalvikvm( 3219): Unable to resolve superclass of Lay; (790)
W/dalvikvm( 3219): Link of class 'Lay;' failed
E/dalvikvm( 3219): Could not find class 'ay', referenced from method f.a
W/dalvikvm( 3219): VFY: unable to resolve new-instance 1268 (Lay;) in Lf;
D/dalvikvm( 3219): VFY: replacing opcode 0x22 at 0x002a
I/dalvikvm( 3219): Could not find method android.view.ViewGroup.isTransitionGroup, referenced from method f.a
W/dalvikvm( 3219): VFY: unable to resolve virtual method 5345: Landroid/view/ViewGroup;.isTransitionGroup ()Z
D/dalvikvm( 3219): VFY: replacing opcode 0x6e at 0x000c
I/dalvikvm( 3219): Could not find method android.view.View.getTransitionName, referenced from method f.a
W/dalvikvm( 3219): VFY: unable to resolve virtual method 5199: Landroid/view/View;.getTransitionName ()Ljava/lang/String;
D/dalvikvm( 3219): VFY: replacing opcode 0x6e at 0x0006
W/dalvikvm( 3219): VFY: unable to find class referenced in signature ([Landroid/app/RemoteInput;)
E/dalvikvm( 3219): Could not find class 'android.app.RemoteInput[]', referenced from method f.a
W/dalvikvm( 3219): VFY: unable to resolve new-array 6957 ([Landroid/app/RemoteInput;) in Lf;
D/dalvikvm( 3219): VFY: replacing opcode 0x23 at 0x0005
D/WifiStateMachine( 1016): handleMessage: X
D/dalvikvm( 3219): DexOpt: couldn't find static field Landroid/os/Build;.SUPPORTED_ABIS
W/dalvikvm( 3219): VFY: unable to resolve static field 1486 (SUPPORTED_ABIS) in Landroid/os/Build;
D/dalvikvm( 3219): VFY: replacing opcode 0x62 at 0x0006
D/dalvikvm( 3219): DexOpt: unable to opt direct call 0x0a62 at 0x0e in Lf;.a
D/dalvikvm( 3219): DexOpt: unable to opt direct call 0x0ab7 at 0x43 in Lf;.a
D/dalvikvm( 3219): DexOpt: unable to opt direct call 0x0a62 at 0x0e in Lf;.a
W/dalvikvm( 3219): Unable to resolve superclass of Law; (790)
W/dalvikvm( 3219): Link of class 'Law;' failed
D/dalvikvm( 3219): DexOpt: unable to opt direct call 0x1d53 at 0x08 in Lf;.a
W/dalvikvm( 3219): Unable to resolve superclass of Lay; (790)
W/dalvikvm( 3219): Link of class 'Lay;' failed
D/dalvikvm( 3219): DexOpt: unable to opt direct call 0x1e94 at 0x2c in Lf;.a
D/dalvikvm( 3219): DexOpt: unable to opt direct call 0x0ab7 at 0x13 in Lf;.a
I/dalvikvm( 3219): Could not find method android.content.Context.getDrawable, referenced from method i.a
W/dalvikvm( 3219): VFY: unable to resolve virtual method 2839: Landroid/content/Context;.getDrawable (I)Landroid/graphics/drawable/Drawable;
D/dalvikvm( 3219): VFY: replacing opcode 0x6e at 0x0006
I/Babel   ( 3219): MmsConfig: mnc/mcc: 272/3
I/Babel   ( 3219): MmsConfig.loadMmsSettings
I/Babel   ( 3219): MmsConfig.loadDeviceMmsSettings from API: mUserAgent=motoxt1039, mUaProfUrl=http://uaprof.motorola.com/phoneconfig/motoxt1039/Profile/motoxt1039.rdf
I/Babel   ( 3219): MmsConfig.loadFromDatabase
E/SQLiteLog( 3219): (1) no such table: mmsconfig
I/Babel   ( 3219): MmsConfig: no mmsconfig table android.database.sqlite.SQLiteException: no such table: mmsconfig (code 1): , while compiling: SELECT key, value, type FROM mmsconfig WHERE numeric=?
I/Babel   ( 3219): MmsConfig.loadFromResources
E/Babel   ( 3219): canonicalizeMccMnc: invalid mccmnc nullnull
I/Babel   ( 3219): MmsConfig.loadMmsSettings: mUserAgent=motoxt1039, mUaProfUrl=http://uaprof.motorola.com/phoneconfig/motoxt1039/Profile/motoxt1039.rdf
W/Settings( 3219): Setting airplane_mode_on has moved from android.provider.Settings.System to android.provider.Settings.Global, returning read-only value.
I/Babel_StickerModule( 3219): App launched.
W/AppOps  ( 1016): Bad call: specified package qcamera under uid 1013 but it is really -1
I/ActivityManager( 1016): Start proc com.motorola.MotGallery2 for broadcast com.motorola.MotGallery2/com.android.gallery3d.app.PackagesMonitor: pid=3257 uid=10034 gids={50034, 3003, 1028, 1015}
V/GmsNetworkLocationProvi(31965): DISABLE
W/AppOps  ( 1016): Bad call: specified package qcamera under uid 1013 but it is really -1
W/AppOps  ( 1016): Bad call: specified package qcamera under uid 1013 but it is really -1
V/GmsNetworkLocationProvi(31965): ENABLE
V/GmsNetworkLocationProvi(31965): onSetRequest: ProviderRequestUnbundled, reportLocation is true and interval is 14400000
V/GmsNetworkLocationProvi(31965): SET-REQUEST
V/GmsNetworkLocationProvi(31965): in Handler: ProviderRequestUnbundled, reportLocation is true and interval is 14400000
D/WifiService( 1016): acquireWifiLockLocked: WifiLock{NlpWifiLock type=2 binder=android.os.BinderProxy@42ab52b8}
D/WifiStateMachine( 1016): handleMessage: E msg.what=131143
D/WifiStateMachine( 1016): processMsg: ConnectedState
D/WifiStateMachine( 1016): processMsg: L2ConnectedState
D/WifiStateMachine( 1016): handleMessage: X
W/AppOps  ( 1016): Bad call: specified package qcamera under uid 1013 but it is really -1
W/dalvikvm( 3219): Unable to resolve superclass of Lcom/google/android/libraries/hangouts/video/ScreenCaptureVideoSource$2; (596)
W/dalvikvm( 3219): Link of class 'Lcom/google/android/libraries/hangouts/video/ScreenCaptureVideoSource$2;' failed
E/dalvikvm( 3219): Could not find class 'com.google.android.libraries.hangouts.video.ScreenCaptureVideoSource$2', referenced from method com.google.android.libraries.hangouts.video.ScreenCaptureVideoSource.<init>
W/dalvikvm( 3219): VFY: unable to resolve new-instance 2878 (Lcom/google/android/libraries/hangouts/video/ScreenCaptureVideoSource$2;) in Lcom/google/android/libraries/hangouts/video/ScreenCaptureVideoSource;
D/dalvikvm( 3219): VFY: replacing opcode 0x22 at 0x0044
W/dalvikvm( 3219): VFY: unable to find class referenced in signature (Landroid/media/projection/MediaProjection;)
F/ProcessStats( 1016): Starting service ServiceState{43a506e8 com.tranzmate.services.LocationService pkg=com.tranzmate proc=43a506e8} without owner
D/PackageBroadcastService(20163): Received broadcast action=android.intent.action.PACKAGE_CHANGED and uri=com.google.android.gms
W/dalvikvm( 3219): VFY: unable to find class referenced in signature (Landroid/media/projection/MediaProjection;)
W/dalvikvm( 3219): VFY: unable to find class referenced in signature (Landroid/media/projection/MediaProjection;)
I/PackageBroadcastService(20163): Null package name or gms related package.  Ignoreing.
W/dalvikvm( 3219): VFY: unable to find class referenced in signature (Landroid/media/projection/MediaProjectionManager;)
I/dalvikvm( 3219): Could not find method android.media.projection.MediaProjection.createVirtualDisplay, referenced from method com.google.android.libraries.hangouts.video.ScreenCaptureVideoSource.createVirtualDisplay
W/dalvikvm( 3219): VFY: unable to resolve virtual method 3518: Landroid/media/projection/MediaProjection;.createVirtualDisplay (Ljava/lang/String;IIIILandroid/view/Surface;Landroid/hardware/display/VirtualDisplay$Callback;Landroid/os/Handler;)Landroid/hardware/display/VirtualDisplay;
D/dalvikvm( 3219): VFY: replacing opcode 0x74 at 0x0053
I/dalvikvm( 3219): Could not find method android.media.projection.MediaProjection.stop, referenced from method com.google.android.libraries.hangouts.video.ScreenCaptureVideoSource.release
W/dalvikvm( 3219): VFY: unable to resolve virtual method 3520: Landroid/media/projection/MediaProjection;.stop ()V
D/dalvikvm( 3219): VFY: replacing opcode 0x6e at 0x002d
I/dalvikvm( 3219): Could not find method android.media.projection.MediaProjectionManager.createScreenCaptureIntent, referenced from method com.google.android.libraries.hangouts.video.ScreenCaptureVideoSource.startCapture
W/dalvikvm( 3219): VFY: unable to resolve virtual method 3522: Landroid/media/projection/MediaProjectionManager;.createScreenCaptureIntent ()Landroid/content/Intent;
D/dalvikvm( 3219): VFY: replacing opcode 0x6e at 0x0023
W/dalvikvm( 3219): Unable to resolve superclass of Lcom/google/android/libraries/hangouts/video/ScreenCaptureVideoSource$2; (596)
W/dalvikvm( 3219): Link of class 'Lcom/google/android/libraries/hangouts/video/ScreenCaptureVideoSource$2;' failed
D/dalvikvm( 3219): DexOpt: unable to opt direct call 0x4a49 at 0x46 in Lcom/google/android/libraries/hangouts/video/ScreenCaptureVideoSource;.<init>
I/Icing   (20163): updateResources: need to parse e{com.google.android.gms}
I/ActivityManager( 1016): Start proc com.google.android.apps.plus for broadcast com.google.android.apps.plus/.service.PackagesMediaMonitor: pid=3275 uid=10090 gids={50090, 3003, 3002, 1028, 1015}
I/dalvikvm( 3219): Could not find method android.media.MediaCodecInfo$CodecCapabilities.getVideoCapabilities, referenced from method com.google.android.libraries.hangouts.video.EncoderManager.isHardwareAcceleratedCodec
W/dalvikvm( 3219): VFY: unable to resolve virtual method 3454: Landroid/media/MediaCodecInfo$CodecCapabilities;.getVideoCapabilities ()Landroid/media/MediaCodecInfo$VideoCapabilities;
D/dalvikvm( 3219): VFY: replacing opcode 0x6e at 0x001f
I/Babel   ( 3219): Creating RTCS
I/Babel   ( 3219): Destroying RTCS
E/dalvikvm( 3275): Could not find class 'android.app.Notification$Action$Builder', referenced from method b.a
W/dalvikvm( 3275): VFY: unable to resolve new-instance 302 (Landroid/app/Notification$Action$Builder;) in Lb;
D/dalvikvm( 3275): VFY: replacing opcode 0x22 at 0x0000
E/dalvikvm( 3275): Could not find class 'android.graphics.drawable.RippleDrawable', referenced from method b.a
W/dalvikvm( 3275): VFY: unable to resolve new-instance 462 (Landroid/graphics/drawable/RippleDrawable;) in Lb;
D/dalvikvm( 3275): VFY: replacing opcode 0x22 at 0x000b
W/dalvikvm( 3275): VFY: unable to find class referenced in signature (Lzt;)
W/dalvikvm( 3275): VFY: unable to find class referenced in signature (Lzt;)
W/dalvikvm( 3275): VFY: unable to find class referenced in signature (Lzt;)
W/dalvikvm( 3275): VFY: unable to find class referenced in signature (Lzt;)
W/dalvikvm( 3275): VFY: unable to find class referenced in signature (Lzt;)
W/dalvikvm( 3275): VFY: unable to find class referenced in signature (Lzt;)
W/dalvikvm( 3275): VFY: unable to find class referenced in signature (Lzt;)
E/dalvikvm( 3275): Could not find class 'android.app.Notification$Action$Builder', referenced from method b.a
W/dalvikvm( 3275): VFY: unable to resolve new-instance 302 (Landroid/app/Notification$Action$Builder;) in Lb;
D/dalvikvm( 3275): VFY: replacing opcode 0x22 at 0x0000
W/dalvikvm( 3275): Unable to resolve superclass of Lar; (689)
W/dalvikvm( 3275): Link of class 'Lar;' failed
E/dalvikvm( 3275): Could not find class 'ar', referenced from method b.a
W/dalvikvm( 3275): VFY: unable to resolve new-instance 999 (Lar;) in Lb;
D/dalvikvm( 3275): VFY: replacing opcode 0x22 at 0x0006
W/dalvikvm( 3275): Unable to resolve superclass of Lat; (689)
W/dalvikvm( 3275): Link of class 'Lat;' failed
E/dalvikvm( 3275): Could not find class 'at', referenced from method b.a
W/dalvikvm( 3275): VFY: unable to resolve new-instance 1053 (Lat;) in Lb;
D/dalvikvm( 3275): VFY: replacing opcode 0x22 at 0x002a
I/dalvikvm( 3275): Could not find method android.view.ViewGroup.isTransitionGroup, referenced from method b.a
W/dalvikvm( 3275): VFY: unable to resolve virtual method 4388: Landroid/view/ViewGroup;.isTransitionGroup ()Z
D/dalvikvm( 3275): VFY: replacing opcode 0x6e at 0x000c
I/dalvikvm( 3275): Could not find method android.view.View.getTransitionName, referenced from method b.a
W/dalvikvm( 3275): VFY: unable to resolve virtual method 4205: Landroid/view/View;.getTransitionName ()Ljava/lang/String;
D/dalvikvm( 3275): VFY: replacing opcode 0x6e at 0x0006
W/dalvikvm( 3275): VFY: unable to find class referenced in signature ([Landroid/app/RemoteInput;)
E/dalvikvm( 3275): Could not find class 'android.app.RemoteInput[]', referenced from method b.a
W/dalvikvm( 3275): VFY: unable to resolve new-array 12606 ([Landroid/app/RemoteInput;) in Lb;
D/dalvikvm( 3275): VFY: replacing opcode 0x23 at 0x0005
D/dalvikvm( 3275): DexOpt: unable to opt direct call 0x0530 at 0x0e in Lb;.a
D/dalvikvm( 3275): DexOpt: unable to opt direct call 0x08a4 at 0x0e in Lb;.a
D/dalvikvm( 3275): DexOpt: unable to opt direct call 0x0530 at 0x0e in Lb;.a
W/dalvikvm( 3275): Unable to resolve superclass of Lar; (689)
W/dalvikvm( 3275): Link of class 'Lar;' failed
D/dalvikvm( 3275): DexOpt: unable to opt direct call 0x177c at 0x08 in Lb;.a
W/dalvikvm( 3275): Unable to resolve superclass of Lat; (689)
W/dalvikvm( 3275): Link of class 'Lat;' failed
D/dalvikvm( 3275): DexOpt: unable to opt direct call 0x1846 at 0x2c in Lb;.a
D/dalvikvm( 3275): DexOpt: unable to opt direct call 0x0587 at 0x13 in Lb;.a
D/dalvikvm( 3275): Trying to load lib /data/app-lib/com.google.android.apps.plus-1/libcrashreporterer.so 0x4278fc70
D/dalvikvm( 3275): Added shared lib /data/app-lib/com.google.android.apps.plus-1/libcrashreporterer.so 0x4278fc70
I/ActivityManager( 1016): Process com.devexpert.weather (pid 3169) has died.
I/ActivityManager( 1016): Start proc com.google.android.googlequicksearchbox:search for broadcast com.google.android.googlequicksearchbox/com.google.android.search.core.icingsync.IcingCorporaChangedReceiver: pid=3298 uid=10045 gids={50045, 3003, 3001, 1028, 3002, 1015}
I/UpdateIcingCorporaServi( 3298): Updating corpora: APPS=com.google.android.gms, CONTACTS=MAYBE
D/TCMD    ( 2001): NL - Read 56 bytes from update socket.
D/TCMD    ( 2001): NL - message type is RTM_NEWLINK
D/TCMD    ( 2001): Listening for incoming client connection request
D/MDMCTBK (  276): reply_len: 40 reply is = IFNAME=wlan0 <3>CTRL-EVENT-BSS-ADDED 215
D/MDMCTBK (  276): Event received = CTRL-EVENT-BSS-ADDED 215
D/MDMCTBK (  276): reply_len: 40 reply is = IFNAME=wlan0 <3>CTRL-EVENT-BSS-ADDED 215
D/MDMCTBK (  276): Event received = CTRL-EVENT-BSS-ADDED 215
D/MDMCTBK (  276): reply_len: 40 reply is = IFNAME=wlan0 <3>CTRL-EVENT-BSS-ADDED 215
D/MDMCTBK (  276): Event received = CTRL-EVENT-BSS-ADDED 215
D/MDMCTBK (  276): reply_len: 40 reply is = IFNAME=wlan0 <3>CTRL-EVENT-SCAN-RESULTS 
D/MDMCTBK (  276): Event received = CTRL-EVENT-SCAN-RESULTS 
D/WifiStateMachine( 1016): handleMessage: E msg.what=147461
D/WifiStateMachine( 1016): processMsg: ConnectedState
D/WifiStateMachine( 1016): processMsg: L2ConnectedState
D/WifiStateMachine( 1016): processMsg: ConnectModeState
D/WifiStateMachine( 1016): processMsg: DriverStartedState
D/WifiStateMachine( 1016): processMsg: SupplicantStartedState
D/WifiStateMachine( 1016): handleMessage: X
D/dalvikvm( 3219): GC_CONCURRENT freed 4289K, 26% free 12817K/17224K, paused 3ms+3ms, total 52ms
I/ActivityManager( 1016): Start proc com.google.android.partnersetup for content provider com.google.android.partnersetup/.RlzAppProvider: pid=3321 uid=10025 gids={50025, 3003}
I/dalvikvm( 3298): Could not find method android.content.pm.PackageManager.getPackageInstaller, referenced from method com.google.android.gms.common.g.m
W/dalvikvm( 3298): VFY: unable to resolve virtual method 902: Landroid/content/pm/PackageManager;.getPackageInstaller ()Landroid/content/pm/PackageInstaller;
D/dalvikvm( 3298): VFY: replacing opcode 0x6e at 0x000d
I/ActivityManager( 1016): Process com.google.android.gms.unstable (pid 2800) has died.
D/dalvikvm( 1016): GC_EXPLICIT freed 1433K, 27% free 29338K/40112K, paused 5ms+15ms, total 150ms
D/dalvikvm( 3219): GC_CONCURRENT freed 898K, 19% free 13967K/17224K, paused 1ms+2ms, total 41ms
D/dalvikvm( 3219): WAIT_FOR_CONCURRENT_GC blocked 27ms
D/WifiStateMachine( 1016): handleMessage: E msg.what=151572
D/WifiStateMachine( 1016): processMsg: ConnectedState
D/WifiStateMachine( 1016): processMsg: L2ConnectedState
I/ApplicationLogger( 3298): canRun() : Opted Out
I/UpdateIcingCorporaServi( 3298): UpdateCorporaTask done [took 149 ms] updated apps [took 148 ms] 
D/WifiStateMachine( 1016): handleMessage: X
D/WifiStateMachine( 1016): handleMessage: E msg.what=131155
D/WifiStateMachine( 1016): processMsg: ConnectedState
D/WifiStateMachine( 1016): processMsg: L2ConnectedState
D/WifiStateMachine( 1016): handleMessage: X
I/ActivityManager( 1016): Process com.google.android.talk (pid 3219) has died.
W/ActivityManager( 1016): Service ServiceRecord{429422d0 u0 com.google.android.talk/com.google.android.libraries.hangouts.video.CallService} in process ProcessRecord{42fdf678 3219:com.google.android.talk/u0a71} not same as in map: null
D/WifiStateMachine( 1016): handleMessage: E msg.what=151572
D/WifiStateMachine( 1016): processMsg: ConnectedState
D/WifiStateMachine( 1016): processMsg: L2ConnectedState
D/WifiStateMachine( 1016): handleMessage: X
I/SFPerfTracer(  278):      triggers: (rate: 161:90632) (229580 sw vsyncs) (191097 skipped) (5:812007 vsyncs) (7:1142450)
V/AlarmManager( 1016): sending alarm Alarm{434fc588 type 2 com.whatsapp}
V/AlarmManager( 1016): sending alarm Alarm{434da588 type 0 com.android.vending}
I/dalvikvm(  576): Total arena pages for JIT: 11
I/dalvikvm(  576): Total arena pages for JIT: 12
I/dalvikvm(  576): Total arena pages for JIT: 13
I/dalvikvm(  576): Total arena pages for JIT: 14
I/ConfigService(31791): onDestroy
D/Finsky  (  576): [1] 5.onFinished: Installation state replication succeeded.
D/WifiStateMachine( 1016): handleMessage: E msg.what=151572
D/WifiStateMachine( 1016): processMsg: ConnectedState
D/WifiStateMachine( 1016): processMsg: L2ConnectedState
D/WifiStateMachine( 1016): handleMessage: X
D/Ulp_jni ( 1016): Location CB invoked
D/WifiStateMachine( 1016): handleMessage: E msg.what=151572
D/WifiStateMachine( 1016): processMsg: ConnectedState
D/WifiStateMachine( 1016): processMsg: L2ConnectedState
D/WifiStateMachine( 1016): handleMessage: X
D/WifiStateMachine( 1016): handleMessage: E msg.what=131155
D/WifiStateMachine( 1016): processMsg: ConnectedState
D/WifiStateMachine( 1016): processMsg: L2ConnectedState
D/WifiStateMachine( 1016): handleMessage: X
D/WifiStateMachine( 1016): handleMessage: E msg.what=151572
D/WifiStateMachine( 1016): processMsg: ConnectedState
D/WifiStateMachine( 1016): processMsg: L2ConnectedState
D/WifiStateMachine( 1016): handleMessage: X
V/AlarmManager( 1016): sending alarm Alarm{443e87e0 type 2 com.google.android.gms}
D/WifiService( 1016): releaseWifiLockLocked: WifiLock{NlpWifiLock type=2 binder=android.os.BinderProxy@42ab52b8}
D/WifiStateMachine( 1016): handleMessage: E msg.what=151572
D/WifiStateMachine( 1016): processMsg: ConnectedState
D/WifiStateMachine( 1016): processMsg: L2ConnectedState
D/WifiStateMachine( 1016): handleMessage: X
D/WifiStateMachine( 1016): handleMessage: E msg.what=151572
D/WifiStateMachine( 1016): processMsg: ConnectedState
