V/DexLibLoader(12610): directory "/data/data/com.facebook.katana/app_secondary_program_dex" contains "program-7cecb34308ef8d54acae00b06e3ade52d8da6d496661a1c7.dex.jar" as expected
D/DexLibLoader(12610): ignoring file "program-c0d34653f435a7e59cc5f46e9bd47feaf68b00416661a1c7.dex.odex" in "/data/data/com.facebook.katana/app_secondary_program_dex"
D/DexLibLoader(12610): ignoring file "program-3651d03ae513595a1029ff9eae54d36128fdeb5e6661a1c7.dex.odex" in "/data/data/com.facebook.katana/app_secondary_program_dex"
D/DexLibLoader(12610): ignoring file "program-020c6d0135a14f0280ede88da3e858d29f1b9ed56661a1c7.dex.odex" in "/data/data/com.facebook.katana/app_secondary_program_dex"
D/DexLibLoader(12610): ignoring file "program-3cf3244a0d1c3e39128f7b89ad90b4842a36a05f6661a1c7.dex.odex" in "/data/data/com.facebook.katana/app_secondary_program_dex"
D/DexLibLoader(12610): ignoring file "program-666d745bfcb3c0496ae90e343db057d6082ce0c36661a1c7.dex.odex" in "/data/data/com.facebook.katana/app_secondary_program_dex"
D/DexLibLoader(12610): ignoring file "program-0089f1fba5ba3a3fb61d98c516e2bbc2e6adfa056661a1c7.dex.odex" in "/data/data/com.facebook.katana/app_secondary_program_dex"
D/DexLibLoader(12610): ignoring file "program-7cecb34308ef8d54acae00b06e3ade52d8da6d496661a1c7.dex.odex" in "/data/data/com.facebook.katana/app_secondary_program_dex"
D/DexLibLoader(12610): directory "/data/data/com.facebook.katana/app_secondary_program_dex" is valid
D/DexLibLoader(12610): ignoring file "primary_deps" in "/data/data/com.facebook.katana/app_secondary_program_dex_opt"
V/DexLibLoader(12610): directory "/data/data/com.facebook.katana/app_secondary_program_dex_opt" contains "program-c0d34653f435a7e59cc5f46e9bd47feaf68b00416661a1c7.dex.dex" as expected
V/DexLibLoader(12610): directory "/data/data/com.facebook.katana/app_secondary_program_dex_opt" contains "program-3651d03ae513595a1029ff9eae54d36128fdeb5e6661a1c7.dex.dex" as expected
V/DexLibLoader(12610): directory "/data/data/com.facebook.katana/app_secondary_program_dex_opt" contains "program-020c6d0135a14f0280ede88da3e858d29f1b9ed56661a1c7.dex.dex" as expected
V/DexLibLoader(12610): directory "/data/data/com.facebook.katana/app_secondary_program_dex_opt" contains "program-3cf3244a0d1c3e39128f7b89ad90b4842a36a05f6661a1c7.dex.dex" as expected
V/DexLibLoader(12610): directory "/data/data/com.facebook.katana/app_secondary_program_dex_opt" contains "program-666d745bfcb3c0496ae90e343db057d6082ce0c36661a1c7.dex.dex" as expected
V/DexLibLoader(12610): directory "/data/data/com.facebook.katana/app_secondary_program_dex_opt" contains "program-0089f1fba5ba3a3fb61d98c516e2bbc2e6adfa056661a1c7.dex.dex" as expected
V/DexLibLoader(12610): directory "/data/data/com.facebook.katana/app_secondary_program_dex_opt" contains "program-7cecb34308ef8d54acae00b06e3ade52d8da6d496661a1c7.dex.dex" as expected
D/DexLibLoader(12610): directory "/data/data/com.facebook.katana/app_secondary_program_dex_opt" is valid
D/DexLibLoader(12610): loading pre-built cross-dex opt odex files
V/dalvik-internals(12610): hooked dvmResolveClass using jump ()
V/dalvik-internals(12610): hooked dvmFlushBreakpoints using jump ()
D/CordovaWebViewClient(12547): onPageStarted(file:///android_asset/www/index.html)
D/CordovaActivity(12547): onMessage(onPageStarted,file:///android_asset/www/index.html)
V/MultiDexClassLoader(12610): installing MultiDexClassLoader before application classloader
I/dalvikvm(12610): Could not find method dalvik.system.DexFile.loadClassBinaryName, referenced from method com.facebook.common.dextricks.DexFileLoadOld.a
W/dalvikvm(12610): VFY: unable to resolve virtual method 2807: Ldalvik/system/DexFile;.loadClassBinaryName (Ljava/lang/String;Ljava/lang/ClassLoader;)Ljava/lang/Class;
D/dalvikvm(12610): VFY: replacing opcode 0x6e at 0x0000
I/ActivityManager( 1025): Process com.google.android.apps.plus (pid 12503) has died.
D/DexLibLoader(12610): released odex store lock
D/DexLibLoader(12610): DexLibLoader.loadAll took 163 ms
D/MemoryReductionHack(12610): Marked as initialized entry corresponding to path /data/app/com.facebook.katana-1.apk
V/dalvik-internals(12610): hooked dvmLinearAlloc using jump ()
V/dalvik-internals(12610): hooked dvmLinearRealloc using jump ()
V/dalvik-internals(12610): hooked dvmLinearFree using jump ()
V/dalvik-internals(12610): hooked dvmLinearStrdup using jump ()
V/dalvik-internals(12610): hooked dvmLinearAllocContains using jump ()
I/dalvik-internals(12610): enlarged linearalloc buffer to 33554432 bytes
E/rsC++   (12397): RS Message thread exiting.
D/JsMessageQueue(12547): Set native->JS mode to OnlineEventsBridgeMode
I/ActivityManager( 1025): Process com.google.android.apps.docs (pid 12528) has died.
D/WifiStateMachine( 1025): handleMessage: E msg.what=151572
D/WifiStateMachine( 1025): processMsg: ConnectedState
D/WifiStateMachine( 1025): processMsg: L2ConnectedState
D/WifiStateMachine( 1025): handleMessage: X
E/cutils  (  261): Failed to mkdirat(/storage/sdcard1/Android): Read-only file system
W/Vold    (  261): Returning OperationFailed - no handler for errno 30
W/ContextImpl(12610): Failed to ensure directory: /storage/sdcard1/Android/data/com.facebook.katana/cache
D/dalvikvm(12610): Trying to load lib /data/app-lib/com.facebook.katana-1/libdextr.so 0x41fafb78
D/dalvikvm(12610): Added shared lib /data/app-lib/com.facebook.katana-1/libdextr.so 0x41fafb78
I/Dextr   (12610): LogQueue params desc: IIJIIIJJ
V/AlarmManager( 1025): sending alarm Alarm{42a55188 type 2 com.facebook.katana}
V/AlarmManager( 1025): sending alarm Alarm{42a249e0 type 2 com.whatsapp}
D/WifiStateMachine( 1025): handleMessage: E msg.what=131155
D/WifiStateMachine( 1025): processMsg: ConnectedState
D/WifiStateMachine( 1025): processMsg: L2ConnectedState
D/WifiStateMachine( 1025): handleMessage: X
W/StaticBindingVerifier(12610): Verify
D/CordovaLog(12547): https://js.stripe.com/v2/: Line 2 : You are using Stripe.js in live mode over an insecure connection. This is considered unsafe. Please conduct live requests only on sites served over https. For more info, see https://stripe.com/help/ssl
I/chromium(12547): [INFO:CONSOLE(2)] "You are using Stripe.js in live mode over an insecure connection. This is considered unsafe. Please conduct live requests only on sites served over https. For more info, see https://stripe.com/help/ssl", source: https://js.stripe.com/v2/ (2)
I/dalvikvm(12610): Could not find method com.facebook.resources.FbResources.getDrawable, referenced from method com.facebook.resources.impl.DownloadedFbResources.getDrawable
W/dalvikvm(12610): VFY: unable to resolve virtual method 46880: Lcom/facebook/resources/FbResources;.getDrawable (ILandroid/content/res/Resources$Theme;)Landroid/graphics/drawable/Drawable;
D/dalvikvm(12610): VFY: replacing opcode 0x6f at 0x0031
D/CordovaLog(12547): file:///android_asset/www/js/app.js: Line 19 : Service initialized
I/chromium(12547): [INFO:CONSOLE(19)] "Service initialized", source: file:///android_asset/www/js/app.js (19)
D/CordovaLog(12547): file:///android_asset/www/js/app.js: Line 117 : facebookConnectPlugin not ready
I/chromium(12547): [INFO:CONSOLE(117)] "facebookConnectPlugin not ready", source: file:///android_asset/www/js/app.js (117)
D/WifiService( 1025): New client listening to asynchronous messages
D/CordovaActivity(12547): onMessage(spinner,stop)
D/CordovaLog(12547): file:///android_asset/www/js/app.js: Line 128 : Uncaught ReferenceError: StatusBar is not defined
I/chromium(12547): [INFO:CONSOLE(128)] "Uncaught ReferenceError: StatusBar is not defined", source: file:///android_asset/www/js/app.js (128)
D/CordovaWebViewClient(12547): onPageFinished(file:///android_asset/www/index.html)
D/CordovaActivity(12547): onMessage(onPageFinished,file:///android_asset/www/index.html)
I/ActivityManager( 1025): Start proc com.evernote.widget for broadcast com.evernote.widget/.WidgetStateReceiver: pid=12665 uid=10135 gids={50135, 3003, 1028, 1015}
I/ReleaseProperties(12665): Current app is: evernoteWidget
I/ReleaseProperties(12665): propFile: release is now loaded
I/ReleaseProperties(12665): propFile: play is now loaded
I/ReleaseProperties(12665): propFile: base is now loaded
I/ReleaseProperties(12665): propFile: override is now loaded
I/ReleaseProperties(12665): ReleaseProperties: 
I/ReleaseProperties(12665):   bundleName=none
I/ReleaseProperties(12665):   revision=unknown
I/ReleaseProperties(12665):   type=development
I/ReleaseProperties(12665):   gitHash=?
I/ReleaseProperties(12665):   baseSearchUri=market://search?q=
D/ReleaseProperties(12665): getReferralPersistencePath():: old=false:: path=/storage/emulated/0/.enref
I/ReleaseProperties(12665): From file referralCode=android
I/ActivityManager( 1025): Start proc com.google.android.partnersetup for broadcast com.google.android.partnersetup/.RlzPingBroadcastReceiver: pid=12681 uid=10025 gids={50025, 3003}
D/dalvikvm(  275): GC_EXPLICIT freed 43K, 48% free 9011K/17224K, paused 2ms+2ms, total 23ms
D/dalvikvm(  275): GC_EXPLICIT freed <1K, 48% free 9011K/17224K, paused 2ms+2ms, total 19ms
D/dalvikvm(  275): GC_EXPLICIT freed <1K, 48% free 9011K/17224K, paused 2ms+2ms, total 19ms
I/ActivityManager( 1025): Start proc com.motorola.MotGallery2 for broadcast com.motorola.MotGallery2/com.android.gallery3d.app.PackagesMonitor: pid=12696 uid=10034 gids={50034, 3003, 1028, 1015}
I/ActivityManager( 1025): Process com.facebook.katana:dash (pid 12610) has died.
D/WifiService( 1025): Client connection lost with reason: 4
D/WifiStateMachine( 1025): handleMessage: E msg.what=151572
D/WifiStateMachine( 1025): processMsg: ConnectedState
D/WifiStateMachine( 1025): processMsg: L2ConnectedState
D/WifiStateMachine( 1025): handleMessage: X
D/ConnectPlugin(12547): onSessionStateChange:OPENED
D/ConnectPlugin(12547): onSessionStateChange:OPENED
D/PackageBroadcastService( 1402): Received broadcast action=android.intent.action.PACKAGE_ADDED and uri=com.giftme.fb_auth
I/ActivityManager( 1025): Start proc com.google.android.apps.plus for broadcast com.google.android.apps.plus/.service.PackagesMediaMonitor: pid=12717 uid=10090 gids={50090, 3003, 3002, 1028, 1015}
I/ConfigFetchService( 1402): onStartCommand Intent { act=android.intent.action.PACKAGE_ADDED dat=package:com.giftme.fb_auth cmp=com.google.android.gms/.config.ConfigFetchService (has extras) }
I/ConfigFetchService( 1402): launchTask
I/ConfigFetchService( 1402): service connected
E/dalvikvm(12717): Could not find class 'android.app.Notification$Action$Builder', referenced from method b.a
W/dalvikvm(12717): VFY: unable to resolve new-instance 302 (Landroid/app/Notification$Action$Builder;) in Lb;
D/dalvikvm(12717): VFY: replacing opcode 0x22 at 0x0000
D/ConfigFetchService( 1402): ConfigApi connection successful.
I/ActivityManager( 1025): Process com.android.packageinstaller (pid 12397) has died.
E/dalvikvm(12717): Could not find class 'android.graphics.drawable.RippleDrawable', referenced from method b.a
W/dalvikvm(12717): VFY: unable to resolve new-instance 462 (Landroid/graphics/drawable/RippleDrawable;) in Lb;
D/dalvikvm(12717): VFY: replacing opcode 0x22 at 0x000b
I/ActivityManager( 1025): Process com.google.android.googlequicksearchbox:search (pid 12587) has died.
D/dalvikvm(10739): GC_CONCURRENT freed 7350K, 35% free 14225K/21676K, paused 13ms+12ms, total 107ms
I/dalvikvm(10739): Total arena pages for JIT: 11
I/dalvikvm(10739): Total arena pages for JIT: 12
W/dalvikvm(12717): VFY: unable to find class referenced in signature (Lzt;)
W/dalvikvm(12717): VFY: unable to find class referenced in signature (Lzt;)
W/dalvikvm(12717): VFY: unable to find class referenced in signature (Lzt;)
W/dalvikvm(12717): VFY: unable to find class referenced in signature (Lzt;)
W/dalvikvm(12717): VFY: unable to find class referenced in signature (Lzt;)
W/dalvikvm(12717): VFY: unable to find class referenced in signature (Lzt;)
W/dalvikvm(12717): VFY: unable to find class referenced in signature (Lzt;)
E/dalvikvm(12717): Could not find class 'android.app.Notification$Action$Builder', referenced from method b.a
W/dalvikvm(12717): VFY: unable to resolve new-instance 302 (Landroid/app/Notification$Action$Builder;) in Lb;
D/dalvikvm(12717): VFY: replacing opcode 0x22 at 0x0000
I/ActivityManager( 1025): Process com.evernote.widget (pid 12665) has died.
W/dalvikvm(12717): Unable to resolve superclass of Lar; (689)
W/dalvikvm(12717): Link of class 'Lar;' failed
E/dalvikvm(12717): Could not find class 'ar', referenced from method b.a
W/dalvikvm(12717): VFY: unable to resolve new-instance 999 (Lar;) in Lb;
D/dalvikvm(12717): VFY: replacing opcode 0x22 at 0x0006
W/dalvikvm(12717): Unable to resolve superclass of Lat; (689)
W/dalvikvm(12717): Link of class 'Lat;' failed
E/dalvikvm(12717): Could not find class 'at', referenced from method b.a
W/dalvikvm(12717): VFY: unable to resolve new-instance 1053 (Lat;) in Lb;
D/dalvikvm(12717): VFY: replacing opcode 0x22 at 0x002a
I/dalvikvm(12717): Could not find method android.view.ViewGroup.isTransitionGroup, referenced from method b.a
W/dalvikvm(12717): VFY: unable to resolve virtual method 4388: Landroid/view/ViewGroup;.isTransitionGroup ()Z
D/dalvikvm(12717): VFY: replacing opcode 0x6e at 0x000c
I/dalvikvm(12717): Could not find method android.view.View.getTransitionName, referenced from method b.a
W/dalvikvm(12717): VFY: unable to resolve virtual method 4205: Landroid/view/View;.getTransitionName ()Ljava/lang/String;
D/dalvikvm(12717): VFY: replacing opcode 0x6e at 0x0006
W/dalvikvm(12717): VFY: unable to find class referenced in signature ([Landroid/app/RemoteInput;)
E/dalvikvm(12717): Could not find class 'android.app.RemoteInput[]', referenced from method b.a
W/dalvikvm(12717): VFY: unable to resolve new-array 12606 ([Landroid/app/RemoteInput;) in Lb;
D/dalvikvm(12717): VFY: replacing opcode 0x23 at 0x0005
D/dalvikvm(12717): DexOpt: unable to opt direct call 0x0530 at 0x0e in Lb;.a
D/dalvikvm(12717): DexOpt: unable to opt direct call 0x08a4 at 0x0e in Lb;.a
D/dalvikvm(12717): DexOpt: unable to opt direct call 0x0530 at 0x0e in Lb;.a
W/dalvikvm(12717): Unable to resolve superclass of Lar; (689)
W/dalvikvm(12717): Link of class 'Lar;' failed
D/dalvikvm(12717): DexOpt: unable to opt direct call 0x177c at 0x08 in Lb;.a
W/dalvikvm(12717): Unable to resolve superclass of Lat; (689)
W/dalvikvm(12717): Link of class 'Lat;' failed
D/dalvikvm(12717): DexOpt: unable to opt direct call 0x1846 at 0x2c in Lb;.a
D/dalvikvm(12717): DexOpt: unable to opt direct call 0x0587 at 0x13 in Lb;.a
D/dalvikvm(12717): Trying to load lib /data/app-lib/com.google.android.apps.plus-1/libcrashreporterer.so 0x41fabbe8
D/dalvikvm(12717): Added shared lib /data/app-lib/com.google.android.apps.plus-1/libcrashreporterer.so 0x41fabbe8
I/dalvikvm(12717): Could not find method android.content.Context.getDrawable, referenced from method c.a
W/dalvikvm(12717): VFY: unable to resolve virtual method 1545: Landroid/content/Context;.getDrawable (I)Landroid/graphics/drawable/Drawable;
D/dalvikvm(12717): VFY: replacing opcode 0x6e at 0x0006
I/ActivityManager( 1025): Start proc com.google.android.apps.docs for broadcast com.google.android.apps.docs/.receivers.AppPackageAddRemoveReceiver: pid=12748 uid=10060 gids={50060, 3003, 1028, 1015}
I/ActivityManager( 1025): Process com.google.android.partnersetup (pid 12681) has died.
V/AlarmManager( 1025): sending alarm Alarm{42d36518 type 0 com.whatsapp}
I/dalvikvm(12748): Could not find method android.app.Activity.finishAfterTransition, referenced from method r.c_
W/dalvikvm(12748): VFY: unable to resolve virtual method 2773: Landroid/app/Activity;.finishAfterTransition ()V
D/dalvikvm(12748): VFY: replacing opcode 0x6e at 0x0006
I/SFPerfTracer(  274):      triggers: (rate: 51:26254) (7400 sw vsyncs) (55321 skipped) (0:81828 vsyncs) (2:100284)
D/WifiStateMachine( 1025): handleMessage: E msg.what=151572
D/WifiStateMachine( 1025): processMsg: ConnectedState
D/WifiStateMachine( 1025): processMsg: L2ConnectedState
D/WifiStateMachine( 1025): handleMessage: X
W/SyncWapiModule(12748): isPlayServicesEnabled=
W/SyncWapiModule(12748): isPlayServicesEnabled=
W/GAV2    (12748): Thread[main,5,main]: Need to call initialize() and be in fallback mode to start dispatch.
I/ActivityManager( 1025): Start proc com.google.android.googlequicksearchbox:search for broadcast com.google.android.googlequicksearchbox/com.google.android.search.core.icingsync.IcingCorporaChangedReceiver: pid=12780 uid=10045 gids={50045, 3003, 3001, 1028, 3002, 1015}
D/dalvikvm( 1025): GC_EXPLICIT freed 2132K, 25% free 27476K/36344K, paused 5ms+13ms, total 135ms
I/ActivityManager( 1025): Start proc com.evernote.widget for broadcast com.evernote.widget/.WidgetStateReceiver: pid=12795 uid=10135 gids={50135, 3003, 1028, 1015}
I/UpdateIcingCorporaServi(12780): Updating corpora: APPS=com.giftme.fb_auth, CONTACTS=MAYBE
I/ReleaseProperties(12795): Current app is: evernoteWidget
I/ReleaseProperties(12795): propFile: release is now loaded
I/ReleaseProperties(12795): propFile: play is now loaded
I/ReleaseProperties(12795): propFile: base is now loaded
I/ReleaseProperties(12795): propFile: override is now loaded
I/ReleaseProperties(12795): ReleaseProperties: 
I/ReleaseProperties(12795):   bundleName=none
I/ReleaseProperties(12795):   revision=unknown
I/ReleaseProperties(12795):   type=development
I/ReleaseProperties(12795):   gitHash=?
I/ReleaseProperties(12795):   baseSearchUri=market://search?q=
D/ReleaseProperties(12795): getReferralPersistencePath():: old=false:: path=/storage/emulated/0/.enref
I/ReleaseProperties(12795): From file referralCode=android
I/ActivityManager( 1025): Start proc com.google.android.partnersetup for content provider com.google.android.partnersetup/.RlzAppProvider: pid=12812 uid=10025 gids={50025, 3003}
E/NetworkScheduler.SchedulerReceiver( 1353): Invalid parameter app
E/NetworkScheduler.SchedulerReceiver( 1353): Invalid package name : Perhaps you didn't include a PendingIntent in the extras?
W/GAV2    (12748): Thread[main,5,main]: dispatch call queued.  Need to call GAServiceManager.getInstance().initialize().
D/PackageBroadcastService( 1402): Received broadcast action=android.intent.action.PACKAGE_REPLACED and uri=com.giftme.fb_auth
I/ActivityManager( 1025): Start proc com.google.android.apps.magazines for broadcast com.google.android.apps.magazines/com.google.apps.dots.android.app.receiver.FirstInstallNotificationReceiver: pid=12829 uid=10077 gids={50077, 3003, 1028, 1015}
I/dalvikvm(12780): Could not find method android.content.pm.PackageManager.getPackageInstaller, referenced from method com.google.android.gms.common.g.m
W/dalvikvm(12780): VFY: unable to resolve virtual method 902: Landroid/content/pm/PackageManager;.getPackageInstaller ()Landroid/content/pm/PackageInstaller;
D/dalvikvm(12780): VFY: replacing opcode 0x6e at 0x000d
I/ActivityManager( 1025): Process com.google.android.apps.plus (pid 12717) has died.
D/CordovaLog(12547): file:///android_asset/www/js/app.js: Line 103 : success...
I/chromium(12547): [INFO:CONSOLE(103)] "success...", source: file:///android_asset/www/js/app.js (103)
I/ActivityManager( 1025): Process com.google.android.apps.docs (pid 12748) has died.
D/dalvikvm(10739): Trying to load lib /data/app-lib/com.facebook.katana-1/libmemchunk.so 0x41fb67e0
D/dalvikvm(10739): Added shared lib /data/app-lib/com.facebook.katana-1/libmemchunk.so 0x41fb67e0
I/dalvikvm(12829): Could not find method android.accounts.AccountManager.getPreviousName, referenced from method com.google.apps.dots.android.newsstand.auth.AccountManagerDelegate.getPreviousName
W/dalvikvm(12829): VFY: unable to resolve virtual method 7: Landroid/accounts/AccountManager;.getPreviousName (Landroid/accounts/Account;)Ljava/lang/String;
D/dalvikvm(12829): VFY: replacing opcode 0x6e at 0x0002
I/dalvikvm(10739): Total arena pages for JIT: 13
I/dalvikvm(10739): Total arena pages for JIT: 14
I/dalvikvm(10739): Total arena pages for JIT: 15
E/cutils  (  261): Failed to mkdirat(/storage/sdcard1/Android): Read-only file system
W/Vold    (  261): Returning OperationFailed - no handler for errno 30
W/ContextImpl(12829): Failed to ensure directory: /storage/sdcard1/Android/data/com.google.android.apps.magazines/cache
E/cutils  (  261): Failed to mkdirat(/storage/sdcard1/Android): Read-only file system
W/Vold    (  261): Returning OperationFailed - no handler for errno 30
W/ContextImpl(12829): Failed to ensure directory: /storage/sdcard1/Android/data/com.google.android.apps.magazines/files
D/dalvikvm(10739): Trying to load lib /data/app-lib/com.facebook.katana-1/libfb_png.so 0x41fb67e0
E/cutils  (  261): Failed to mkdirat(/storage/sdcard1/Android): Read-only file system
W/Vold    (  261): Returning OperationFailed - no handler for errno 30
W/ContextImpl(12829): Failed to ensure directory: /storage/sdcard1/Android/data/com.google.android.apps.magazines/cache
E/cutils  (  261): Failed to mkdirat(/storage/sdcard1/Android): Read-only file system
W/Vold    (  261): Returning OperationFailed - no handler for errno 30
W/ContextImpl(12829): Failed to ensure directory: /storage/sdcard1/Android/data/com.google.android.apps.magazines/files
D/dalvikvm(10739): Added shared lib /data/app-lib/com.facebook.katana-1/libfb_png.so 0x41fb67e0
D/dalvikvm(10739): No JNI_OnLoad found in /data/app-lib/com.facebook.katana-1/libfb_png.so 0x41fb67e0, skipping init
D/dalvikvm(10739): Trying to load lib /data/app-lib/com.facebook.katana-1/libwebp.so 0x41fb67e0
D/dalvikvm(10739): Added shared lib /data/app-lib/com.facebook.katana-1/libwebp.so 0x41fb67e0
D/dalvikvm(10739): No JNI_OnLoad found in /data/app-lib/com.facebook.katana-1/libwebp.so 0x41fb67e0, skipping init
D/dalvikvm(10739): Trying to load lib /data/app-lib/com.facebook.katana-1/libfb_jpegturbo.so 0x41fb67e0
D/dalvikvm(10739): Added shared lib /data/app-lib/com.facebook.katana-1/libfb_jpegturbo.so 0x41fb67e0
D/dalvikvm(10739): No JNI_OnLoad found in /data/app-lib/com.facebook.katana-1/libfb_jpegturbo.so 0x41fb67e0, skipping init
D/dalvikvm(10739): Trying to load lib /data/app-lib/com.facebook.katana-1/libimagepipeline.so 0x41fb67e0
D/dalvikvm(10739): Added shared lib /data/app-lib/com.facebook.katana-1/libimagepipeline.so 0x41fb67e0
I/ActivityManager( 1025): Process com.motorola.MotGallery2 (pid 12696) has died.
I/ApplicationLogger(12780): canRun() : Opted Out
V/WebViewChromiumFactoryProvider(12829): Binding Chromium to main looper Looper (main, tid 1) {41fa7fb0}
I/UpdateIcingCorporaServi(12780): UpdateCorporaTask done [took 312 ms] updated apps [took 312 ms] 
I/LibraryLoader(12829): Expected native library version number "",actual native library version number ""
I/chromium(12829): [INFO:library_loader_hooks.cc(116)] Chromium logging enabled: level = 0, default verbosity = 0
I/BrowserStartupController(12829): Initializing chromium process, renderers=0
E/AudioManagerAndroid(12829): BLUETOOTH permission is missing!
I/Adreno-EGL(12829): <qeglDrvAPI_eglInitialize:410>: EGL 1.4 QUALCOMM build: AU_LINUX_ANDROID_LNX.LA.3.5.1_RB1.04.04.02.048.018_msm8226_LNX.LA.3.5.1_RB1__release_AU ()
I/Adreno-EGL(12829): OpenGL ES Shader Compiler Version: E031.24.00.08
I/Adreno-EGL(12829): Build Date: 03/07/14 Fri
I/Adreno-EGL(12829): Local Branch: 
I/Adreno-EGL(12829): Remote Branch: quic/LNX.LA.3.5.1_RB1.1
I/Adreno-EGL(12829): Local Patches: NONE
I/Adreno-EGL(12829): Reconstruct Branch: AU_LINUX_ANDROID_LNX.LA.3.5.1_RB1.04.04.02.048.018 + f2fd134 +  NOTHING
I/ActivityManager( 1025): Process com.google.android.googlequicksearchbox:search (pid 12780) has died.
D/WifiStateMachine( 1025): handleMessage: E msg.what=151572
D/WifiStateMachine( 1025): processMsg: ConnectedState
D/WifiStateMachine( 1025): processMsg: L2ConnectedState
I/NSApplication(12829): Starting up...
I/ActivityManager( 1025): Start proc com.google.android.apps.cloudprint for broadcast com.google.android.apps.cloudprint/.printdialog.receivers.UpgradeBroadcastReceiver: pid=12884 uid=10058 gids={50058, 3003, 1028}
D/WifiStateMachine( 1025): handleMessage: X
I/ActivityManager( 1025): Process com.evernote.widget (pid 12795) has died.
I/ActivityManager( 1025): Start proc com.google.android.googlequicksearchbox:search for broadcast com.google.android.googlequicksearchbox/.GelStubAppWatcher: pid=12897 uid=10045 gids={50045, 3003, 3001, 1028, 3002, 1015}
I/ActivityManager( 1025): Start proc com.motorola.context for broadcast com.motorola.context/.engine.mediator.MediatorReceiver: pid=12909 uid=10011 gids={50011, 3001, 3002, 3003}
D/WifiStateMachine( 1025): handleMessage: E msg.what=131155
D/WifiStateMachine( 1025): processMsg: ConnectedState
D/WifiStateMachine( 1025): processMsg: L2ConnectedState
D/WifiStateMachine( 1025): handleMessage: X
I/ActivityManager( 1025): Process com.google.android.apps.magazines (pid 12829) has died.
I/ActivityManager( 1025): Start proc uk.co.economist for broadcast uk.co.economist/com.urbanairship.push.GCMPushReceiver: pid=12922 uid=10130 gids={50130, 3003, 1028, 1015}
D/dalvikvm(  275): GC_EXPLICIT freed 43K, 48% free 9011K/17224K, paused 2ms+3ms, total 23ms
I/ActivityManager( 1025): Process com.google.android.apps.cloudprint (pid 12884) has died.
D/dalvikvm(  275): GC_EXPLICIT freed <1K, 48% free 9011K/17224K, paused 1ms+3ms, total 22ms
D/dalvikvm(  275): GC_EXPLICIT freed <1K, 48% free 9011K/17224K, paused 1ms+3ms, total 16ms
I/ActivityManager( 1025): Process com.google.android.partnersetup (pid 12812) has died.
I/Economist(12922): User is not logged in
I/com.newrelic.agent.android(12922): Loaded configuration: HarvestConfiguration{collect_network_errors=true, cross_process_id='UAUCV1NACgsEVlZRBA==', data_report_period=60, data_token=[2842733, 12037011], error_limit=50, report_max_transaction_age=600, report_max_transaction_count=1000, response_body_limit=2048, server_timestamp=1417568805, stack_trace_limit=100, activity_trace_max_size=65534, activity_trace_max_report_attempts=1, activity_trace_min_utilization=0.30000001192092896, at_capture=ActivityTraceConfiguration{maxTotalTraceCount=1}}
I/com.newrelic.agent.android(12922): Application state monitor has started
I/com.newrelic.agent.android(12922): Measurement Engine initialized.
I/com.newrelic.agent.android(12922): New Relic Agent v4.120.0
W/ContextImpl(12922): Implicit intents with startService are not safe: Intent { act=uk.co.economist.actions.CLEAN_OLD_ISSUES } android.content.ContextWrapper.startService:494 uk.co.economist.application.EconomistApplication.onCreate:91 android.app.Instrumentation.callApplicationOnCreate:1030 
I/com.newrelic.agent.android(12922): Harvester: connected
I/com.newrelic.agent.android(12922): Harvester: Sending 0 HTTP transactions.
I/com.newrelic.agent.android(12922): Harvester: Sending 0 HTTP errors.
I/com.newrelic.agent.android(12922): Harvester: Sending 0 activity traces.
D/The Economist APID(12922): 6855de6b-02a2-4126-88af-261db5a37b30
I/Icing   ( 1402): Indexing D11140B64A23ADCF9607D6E17FA4854A5443BF22 from com.google.android.googlequicksearchbox
D/WifiStateMachine( 1025): handleMessage: E msg.what=151572
D/WifiStateMachine( 1025): processMsg: ConnectedState
D/WifiStateMachine( 1025): processMsg: L2ConnectedState
D/WifiStateMachine( 1025): handleMessage: X
I/dalvikvm(12897): Could not find method android.content.pm.PackageManager.getPackageInstaller, referenced from method com.google.android.gms.common.g.m
W/dalvikvm(12897): VFY: unable to resolve virtual method 902: Landroid/content/pm/PackageManager;.getPackageInstaller ()Landroid/content/pm/PackageInstaller;
D/dalvikvm(12897): VFY: replacing opcode 0x6e at 0x000d
I/Icing   ( 1402): Indexing done D11140B64A23ADCF9607D6E17FA4854A5443BF22
D/WifiStateMachine( 1025): handleMessage: E msg.what=151572
D/WifiStateMachine( 1025): processMsg: ConnectedState
D/WifiStateMachine( 1025): processMsg: L2ConnectedState
D/WifiStateMachine( 1025): handleMessage: X
D/WifiStateMachine( 1025): handleMessage: E msg.what=151572
D/WifiStateMachine( 1025): processMsg: ConnectedState
D/WifiStateMachine( 1025): processMsg: L2ConnectedState
D/WifiStateMachine( 1025): handleMessage: X
D/WifiStateMachine( 1025): handleMessage: E msg.what=131155
D/WifiStateMachine( 1025): processMsg: ConnectedState
D/WifiStateMachine( 1025): processMsg: L2ConnectedState
D/WifiStateMachine( 1025): handleMessage: X
D/WifiStateMachine( 1025): handleMessage: E msg.what=151572
D/WifiStateMachine( 1025): processMsg: ConnectedState
D/WifiStateMachine( 1025): processMsg: L2ConnectedState
D/WifiStateMachine( 1025): handleMessage: X
D/CordovaLog(12547): file:///android_asset/www/js/ratchet.min.js: Line 10 : Uncaught SyntaxError: Failed to execute 'querySelector' on 'Document': '#wishlist/' is not a valid selector.
I/chromium(12547): [INFO:CONSOLE(10)] "Uncaught SyntaxError: Failed to execute 'querySelector' on 'Document': '#wishlist/' is not a valid selector.", source: file:///android_asset/www/js/ratchet.min.js (10)
I/SBar.NetworkController( 1119): onSignalStrengthsChanged SignalStrength: 11 0 -120 -160 -120 -1 -1 99 2147483647 2147483647 2147483647 2147483647 2147483647 gsm|lte 0 -108 -1 false 3 3 0 0 0 99 99 99 4 level=3
D/WifiStateMachine( 1025): handleMessage: E msg.what=151572
D/WifiStateMachine( 1025): processMsg: ConnectedState
D/WifiStateMachine( 1025): processMsg: L2ConnectedState
D/WifiStateMachine( 1025): handleMessage: X
D/Ulp_jni ( 1025): Location CB invoked
I/ActivityManager( 1025): Process com.motorola.context (pid 12909) has died.
D/WifiStateMachine( 1025): handleMessage: E msg.what=151572
D/WifiStateMachine( 1025): processMsg: ConnectedState
D/WifiStateMachine( 1025): processMsg: L2ConnectedState
D/WifiStateMachine( 1025): handleMessage: X
D/MDMCTBK (  273): reply_len: 40 reply is = IFNAME=wlan0 <3>CTRL-EVENT-STATE-CHANGE 
D/MDMCTBK (  273): Event received = CTRL-EVENT-STATE-CHANGE 
I/wpa_supplicant( 1113): wlan0: WPA: Group rekeying completed with 70:54:d2:ae:26:93 [GTK=TKIP]
D/MDMCTBK (  273): reply_len: 40 reply is = IFNAME=wlan0 <3>WPA: Group rekeying comp
D/MDMCTBK (  273): Event received = WPA: Group rekeying comp
D/MDMCTBK (  273): reply_len: 40 reply is = IFNAME=wlan0 <3>CTRL-EVENT-STATE-CHANGE 
D/MDMCTBK (  273): Event received = CTRL-EVENT-STATE-CHANGE 
D/WifiStateMachine( 1025): handleMessage: E msg.what=147462
D/WifiStateMachine( 1025): processMsg: ConnectedState
D/WifiStateMachine( 1025): processMsg: L2ConnectedState
D/WifiStateMachine( 1025): processMsg: ConnectModeState
D/WifiStateMachine( 1025): handleMessage: X
D/WifiStateMachine( 1025): handleMessage: E msg.what=147462
D/WifiStateMachine( 1025): processMsg: ConnectedState
D/WifiStateMachine( 1025): processMsg: L2ConnectedState
D/WifiStateMachine( 1025): processMsg: ConnectModeState
D/WifiStateMachine( 1025): handleMessage: X
D/WifiStateMachine( 1025): handleMessage: E msg.what=131155
D/WifiStateMachine( 1025): processMsg: ConnectedState
D/WifiStateMachine( 1025): processMsg: L2ConnectedState
D/WifiStateMachine( 1025): handleMessage: X
D/WifiStateMachine( 1025): handleMessage: E msg.what=151572
D/WifiStateMachine( 1025): processMsg: ConnectedState
D/WifiStateMachine( 1025): processMsg: L2ConnectedState
D/WifiStateMachine( 1025): handleMessage: X
V/AlarmManager( 1025): sending alarm Alarm{42b68a10 type 3 android}
D/WifiStateMachine( 1025): handleMessage: E msg.what=151572
D/WifiStateMachine( 1025): processMsg: ConnectedState
D/WifiStateMachine( 1025): processMsg: L2ConnectedState
D/WifiStateMachine( 1025): handleMessage: X
V/ConfigFetchTask( 1402): ConfigFetchTask getDeviceDataVersionInfo(): ABFEt1UpJzHU6oR8zB9_S0-ZovxFI-n0WO16cluINLxeAY06NBsLTzNxOlpq3gH_9wL3Uhaptb2A6Jt5rxBiWfH3v25vraGu6y1o8qfzYyQDViudg8-1zdS4YyoyzxQ_0AATyMkggHSVlgjASlyGEtivWADF7R5as321brQTaV6fa7QyYqaEadziFRBfhCA0uRrhs99xENM2BZA6xnMRyvI6mwcIxWasHZdpaGNB4htfxXA7bRJYVmfTn290fdB2UJW-0jlZuISb4ZAHTcM5mtthUA8qLeFEYuwB_KVB7ErQPG9wwQcJOGA
I/GoogleURLConnFactory( 1402): Using platform SSLCertificateSocketFactory
I/ConfigFetchService( 1402): fetch service done; releasing wakelock
I/ConfigFetchService( 1402): stopping self
D/WifiStateMachine( 1025): handleMessage: E msg.what=151572
D/WifiStateMachine( 1025): processMsg: ConnectedState
D/WifiStateMachine( 1025): processMsg: L2ConnectedState
D/WifiStateMachine( 1025): handleMessage: X
D/WifiStateMachine( 1025): handleMessage: E msg.what=131155
D/WifiStateMachine( 1025): processMsg: ConnectedState
D/WifiStateMachine( 1025): processMsg: L2ConnectedState
D/WifiStateMachine( 1025): handleMessage: X
D/WifiStateMachine( 1025): handleMessage: E msg.what=151572
D/WifiStateMachine( 1025): processMsg: ConnectedState
D/WifiStateMachine( 1025): processMsg: L2ConnectedState
D/WifiStateMachine( 1025): handleMessage: X
D/dalvikvm(10739): GC_CONCURRENT freed 7323K, 34% free 15066K/22508K, paused 5ms+5ms, total 67ms
D/dalvikvm(10739): WAIT_FOR_CONCURRENT_GC blocked 62ms
D/WifiStateMachine( 1025): handleMessage: E msg.what=151572
D/WifiStateMachine( 1025): processMsg: ConnectedState
D/WifiStateMachine( 1025): processMsg: L2ConnectedState
D/WifiStateMachine( 1025): handleMessage: X
I/SFPerfTracer(  274):      triggers: (rate: 51:26254) (7400 sw vsyncs) (55321 skipped) (17:81910 vsyncs) (19:100390)
D/WifiStateMachine( 1025): handleMessage: E msg.what=151572
D/WifiStateMachine( 1025): processMsg: ConnectedState
D/WifiStateMachine( 1025): processMsg: L2ConnectedState
D/WifiStateMachine( 1025): handleMessage: X
D/WifiStateMachine( 1025): handleMessage: E msg.what=131155
D/WifiStateMachine( 1025): processMsg: ConnectedState
D/WifiStateMachine( 1025): processMsg: L2ConnectedState
D/WifiStateMachine( 1025): handleMessage: X
D/WifiStateMachine( 1025): handleMessage: E msg.what=151572
D/WifiStateMachine( 1025): processMsg: ConnectedState
D/WifiStateMachine( 1025): processMsg: L2ConnectedState
D/WifiStateMachine( 1025): handleMessage: X
I/ConfigService( 1353): onDestroy
I/SBar.NetworkController( 1119): refreshSignalCluster: mobile: Signal=zz_moto_stat_sys_signal_3_fully_wide Roaming=(none) mSimIconId=(none) Accessibility="Phone three bars.","Not roaming.",""
D/WifiStateMachine( 1025): handleMessage: E msg.what=151572
D/WifiStateMachine( 1025): processMsg: ConnectedState
D/WifiStateMachine( 1025): processMsg: L2ConnectedState
D/WifiStateMachine( 1025): handleMessage: X
D/WifiStateMachine( 1025): handleMessage: E msg.what=151572
D/WifiStateMachine( 1025): processMsg: ConnectedState
D/WifiStateMachine( 1025): processMsg: L2ConnectedState
D/WifiStateMachine( 1025): handleMessage: X
D/WifiStateMachine( 1025): handleMessage: E msg.what=131155
D/WifiStateMachine( 1025): processMsg: ConnectedState
D/WifiStateMachine( 1025): processMsg: L2ConnectedState
D/WifiStateMachine( 1025): handleMessage: X
D/Ulp_jni ( 1025): Location CB invoked
D/WifiStateMachine( 1025): handleMessage: E msg.what=151572
D/WifiStateMachine( 1025): processMsg: ConnectedState
D/WifiStateMachine( 1025): processMsg: L2ConnectedState
D/WifiStateMachine( 1025): handleMessage: X
D/WifiStateMachine( 1025): handleMessage: E msg.what=151572
D/WifiStateMachine( 1025): processMsg: ConnectedState
D/WifiStateMachine( 1025): processMsg: L2ConnectedState
D/WifiStateMachine( 1025): handleMessage: X
D/WifiStateMachine( 1025): handleMessage: E msg.what=151572
D/WifiStateMachine( 1025): processMsg: ConnectedState
D/WifiStateMachine( 1025): processMsg: L2ConnectedState
D/WifiStateMachine( 1025): handleMessage: X
D/WifiStateMachine( 1025): handleMessage: E msg.what=131155
D/WifiStateMachine( 1025): processMsg: ConnectedState
D/WifiStateMachine( 1025): processMsg: L2ConnectedState
D/WifiStateMachine( 1025): handleMessage: X
I/SFPerfTracer(  274):      triggers: (rate: 51:26254) (7400 sw vsyncs) (55321 skipped) (17:82008 vsyncs) (19:100502)
D/WifiStateMachine( 1025): handleMessage: E msg.what=151572
D/WifiStateMachine( 1025): processMsg: ConnectedState
D/WifiStateMachine( 1025): processMsg: L2ConnectedState
D/WifiStateMachine( 1025): handleMessage: X
D/CordovaLog(12547): file:///android_asset/www/js/ratchet.min.js: Line 10 : Uncaught SyntaxError: Failed to execute 'querySelector' on 'Document': '#addGift/' is not a valid selector.
I/chromium(12547): [INFO:CONSOLE(10)] "Uncaught SyntaxError: Failed to execute 'querySelector' on 'Document': '#addGift/' is not a valid selector.", source: file:///android_asset/www/js/ratchet.min.js (10)
D/WifiStateMachine( 1025): handleMessage: E msg.what=151572
D/WifiStateMachine( 1025): processMsg: ConnectedState
D/WifiStateMachine( 1025): processMsg: L2ConnectedState
D/WifiStateMachine( 1025): handleMessage: X
I/LatinIME( 1243): Starting input. Cursor position = 0,0
D/dalvikvm( 1243): GC_CONCURRENT freed 3386K, 34% free 11389K/17224K, paused 3ms+4ms, total 52ms
D/dalvikvm( 1243): WAIT_FOR_CONCURRENT_GC blocked 18ms
I/LatinIME:LogUtils( 1243): Dictionary info: dictionary = ContextualDictionary.en_GB ; version = 1428342913 ; date = ?
D/SoftKeyboardDetect(12547): Ignore this event
E/AmanattoDataUpdaterHelper( 1243): Failed to get contextual suggestions.
E/AmanattoDataUpdaterHelper( 1243): package name: com.giftme.fb_auth
E/AmanattoDataUpdaterHelper( 1243): Error message: Disabled
D/WifiStateMachine( 1025): handleMessage: E msg.what=151572
D/WifiStateMachine( 1025): processMsg: ConnectedState
D/WifiStateMachine( 1025): processMsg: L2ConnectedState
D/WifiStateMachine( 1025): handleMessage: X
D/WifiStateMachine( 1025): handleMessage: E msg.what=131155
D/WifiStateMachine( 1025): processMsg: ConnectedState
D/WifiStateMachine( 1025): processMsg: L2ConnectedState
D/WifiStateMachine( 1025): handleMessage: X
I/SFPerfTracer(  274):      triggers: (rate: 46:1541) (compose: 0:10) (post: 0:1) (render: 1:180) (22:22011 frames) (23:70388)
D/SFPerfTracer(  274):        layers: (4:12) (DimLayer: 0:25)* (DimLayer: 0:6)* (FocusedStackFrame: 0:877)* (StatusBar: 0:7312) (NavigationBar: 0:7525) (com.android.wallpaper.fall.FallWallpaper: 0:18589)* (DimLayer: 0:850)* (DimLayer: 0:198)* (com.android.packageinstaller/com.android.packageinstaller.InstallAppProgress: 0:113)* (Starting com.giftme.fb_auth: 0:26)* (com.giftme.fb_auth/com.giftme.fb_auth.FB_Auth: 21:91) (InputMethod: 13:18) 
V/AlarmManager( 1025): sending alarm Alarm{42b618c8 type 3 com.devexpert.weather}
V/AlarmManager( 1025): sending alarm Alarm{42b5fd68 type 2 com.google.android.gms}
I/ActivityManager( 1025): Start proc com.devexpert.weather for broadcast com.devexpert.weather/.view.WidgetWeather2x1: pid=13017 uid=10112 gids={50112, 3003, 1028, 1015}
V/AlarmManager( 1025): sending alarm Alarm{42b58938 type 0 com.android.vending}
I/dalvikvm(11134): Total arena pages for JIT: 11
I/dalvikvm(11134): Total arena pages for JIT: 12
I/dalvikvm(11134): Total arena pages for JIT: 13
I/dalvikvm(11134): Total arena pages for JIT: 14
D/GCM     ( 1353): Message class com.google.f.a.a.i
D/WifiStateMachine( 1025): handleMessage: E msg.what=151572
D/WifiStateMachine( 1025): processMsg: ConnectedState
D/WifiStateMachine( 1025): processMsg: L2ConnectedState
D/WifiStateMachine( 1025): handleMessage: X
D/Finsky  (11134): [1] 5.onFinished: Installation state replication succeeded.
I/ActivityManager( 1025): Process uk.co.economist (pid 12922) has died.
W/ActivityManager( 1025): Service ServiceRecord{430655e8 u0 uk.co.economist/.service.APIService} in process ProcessRecord{42c9e9c8 12922:uk.co.economist/u0a130} not same as in map: null
D/ConnectivityService( 1025): handleInetConditionHoldEnd: net=1, condition=100, published condition=100
I/ModemStatsDSDetect( 1327): onReceive() -Intent { act=android.net.conn.INET_CONDITION_ACTION flg=0x4000010 (has extras) }
I/SBar.NetworkController( 1119): onReceive: ConnectivityManager.INET_CONDITION_ACTION Received
I/ModemStatsDSDetect( 1327): INET_CONDITION=100 ,activeNet=NetworkInfo: type: WIFI[], state: CONNECTED/CONNECTED, reason: (unspecified), extra: "Moulin Rouge", roaming: false, failover: false, isAvailable: true, isConnectedToProvisioningNetwork: false
I/ModemStatsDSDetect( 1327): onReceive() - done, currentInetCondition=100
I/SBar.NetworkController( 1119): updateConnectivity: NetworkInfo: NetworkInfo: type: WIFI[], state: CONNECTED/CONNECTED, reason: (unspecified), extra: "Moulin Rouge", roaming: false, failover: false, isAvailable: true, isConnectedToProvisioningNetwork: false, inetCondition= 1
I/SFPerfTracer(  274):      triggers: (rate: 51:26254) (7400 sw vsyncs) (55321 skipped) (38:82103 vsyncs) (40:100621)
D/WifiStateMachine( 1025): handleMessage: E msg.what=151572
D/WifiStateMachine( 1025): processMsg: ConnectedState
D/WifiStateMachine( 1025): processMsg: L2ConnectedState
D/WifiStateMachine( 1025): handleMessage: X
I/SFPerfTracer(  274):       trigger: frame rate (-27.068%)	(43.759 fps)	(22.852 ms) 	(10 drops)	(70 frames)
I/SFPerfTracer(  274):      triggers: (rate: 47:1551) (compose: 0:10) (post: 0:1) (render: 1:180) (70:22082 frames) (71:70463)
D/SFPerfTracer(  274):        layers: (4:10) (DimLayer: 0:25)* (DimLayer: 0:6)* (FocusedStackFrame: 0:877)* (StatusBar: 3:7316) (NavigationBar: 0:7525) (com.android.wallpaper.fall.FallWallpaper: 0:18589)* (DimLayer: 0:850)* (DimLayer: 0:198)* (com.giftme.fb_auth/com.giftme.fb_auth.FB_Auth: 4:96) (InputMethod: 70:90) 
D/WifiStateMachine( 1025): handleMessage: E msg.what=151572
D/WifiStateMachine( 1025): processMsg: ConnectedState
D/WifiStateMachine( 1025): processMsg: L2ConnectedState
D/WifiStateMachine( 1025): handleMessage: X
D/WifiStateMachine( 1025): handleMessage: E msg.what=131155
D/WifiStateMachine( 1025): processMsg: ConnectedState
D/WifiStateMachine( 1025): processMsg: L2ConnectedState
D/WifiStateMachine( 1025): handleMessage: X
D/dalvikvm( 1243): GC_CONCURRENT freed 546K, 26% free 12891K/17224K, paused 3ms+3ms, total 42ms
D/dalvikvm( 1243): WAIT_FOR_CONCURRENT_GC blocked 10ms
D/WifiStateMachine( 1025): handleMessage: E msg.what=151572
D/WifiStateMachine( 1025): processMsg: ConnectedState
D/WifiStateMachine( 1025): processMsg: L2ConnectedState
D/WifiStateMachine( 1025): handleMessage: X
D/Ulp_jni ( 1025): Location CB invoked
I/SBar.NetworkController( 1119): onSignalStrengthsChanged SignalStrength: 12 0 -120 -160 -120 -1 -1 99 2147483647 2147483647 2147483647 2147483647 2147483647 gsm|lte 0 -108 -1 false 4 4 0 0 0 99 99 99 4 level=4
I/SBar.NetworkController( 1119): refreshSignalCluster: mobile: Signal=zz_moto_stat_sys_signal_4_fully_wide Roaming=(none) mSimIconId=(none) Accessibility="Phone signal full.","Not roaming.",""
W/ProcessCpuTracker( 1025): Skipping unknown process pid 13042
W/ProcessCpuTracker( 1025): Skipping unknown process pid 13045
W/ProcessCpuTracker( 1025): Skipping unknown process pid 13052
W/ProcessCpuTracker( 1025): Skipping unknown process pid 13053
W/ProcessCpuTracker( 1025): Skipping unknown process pid 13055
D/WifiStateMachine( 1025): handleMessage: E msg.what=151572
D/WifiStateMachine( 1025): processMsg: ConnectedState
D/WifiStateMachine( 1025): processMsg: L2ConnectedState
D/WifiStateMachine( 1025): handleMessage: X
D/WifiStateMachine( 1025): handleMessage: E msg.what=151572
D/WifiStateMachine( 1025): processMsg: ConnectedState
D/WifiStateMachine( 1025): processMsg: L2ConnectedState
D/WifiStateMachine( 1025): handleMessage: X
D/WifiStateMachine( 1025): handleMessage: E msg.what=131155
D/WifiStateMachine( 1025): processMsg: ConnectedState
D/WifiStateMachine( 1025): processMsg: L2ConnectedState
D/WifiStateMachine( 1025): handleMessage: X
D/WifiStateMachine( 1025): handleMessage: E msg.what=151572
D/WifiStateMachine( 1025): processMsg: ConnectedState
D/WifiStateMachine( 1025): processMsg: L2ConnectedState
D/WifiStateMachine( 1025): handleMessage: X
D/WifiStateMachine( 1025): handleMessage: E msg.what=151572
D/WifiStateMachine( 1025): processMsg: ConnectedState
D/WifiStateMachine( 1025): processMsg: L2ConnectedState
D/WifiStateMachine( 1025): handleMessage: X
I/SFPerfTracer(  274):      triggers: (rate: 51:26254) (7400 sw vsyncs) (55321 skipped) (38:82175 vsyncs) (40:100753)
D/WifiStateMachine( 1025): handleMessage: E msg.what=151572
D/WifiStateMachine( 1025): processMsg: ConnectedState
D/WifiStateMachine( 1025): processMsg: L2ConnectedState
D/WifiStateMachine( 1025): handleMessage: X
D/WifiStateMachine( 1025): handleMessage: E msg.what=131155
D/WifiStateMachine( 1025): processMsg: ConnectedState
D/WifiStateMachine( 1025): processMsg: L2ConnectedState
D/WifiStateMachine( 1025): handleMessage: X
I/SFPerfTracer(  274):      triggers: (rate: 47:1570) (compose: 0:10) (post: 0:1) (render: 1:180) (102:22198 frames) (103:70595)
D/SFPerfTracer(  274):        layers: (4:10) (DimLayer: 0:25)* (DimLayer: 0:6)* (FocusedStackFrame: 0:877)* (StatusBar: 0:7319) (NavigationBar: 0:7525) (com.android.wallpaper.fall.FallWallpaper: 0:18589)* (DimLayer: 0:850)* (DimLayer: 0:198)* (com.giftme.fb_auth/com.giftme.fb_auth.FB_Auth: 5:113) (InputMethod: 102:208) 
D/WifiStateMachine( 1025): handleMessage: E msg.what=151572
D/WifiStateMachine( 1025): processMsg: ConnectedState
D/WifiStateMachine( 1025): processMsg: L2ConnectedState
D/WifiStateMachine( 1025): handleMessage: X
D/WifiStateMachine( 1025): handleMessage: E msg.what=151572
D/WifiStateMachine( 1025): processMsg: ConnectedState
D/WifiStateMachine( 1025): processMsg: L2ConnectedState
D/WifiStateMachine( 1025): handleMessage: X
I/SFPerfTracer(  274):      triggers: (rate: 51:26254) (7400 sw vsyncs) (55321 skipped) (26:82247 vsyncs) (28:100869)
D/WifiStateMachine( 1025): handleMessage: E msg.what=151572
D/WifiStateMachine( 1025): processMsg: ConnectedState
D/WifiStateMachine( 1025): processMsg: L2ConnectedState
D/WifiStateMachine( 1025): handleMessage: X
D/WifiStateMachine( 1025): handleMessage: E msg.what=131155
D/WifiStateMachine( 1025): processMsg: ConnectedState
D/WifiStateMachine( 1025): processMsg: L2ConnectedState
D/WifiStateMachine( 1025): handleMessage: X
I/SFPerfTracer(  274):       trigger: frame rate (-32.147%)	(40.712 fps)	(24.563 ms) 	(12 drops)	(57 frames)
I/SFPerfTracer(  274):      triggers: (rate: 48:1582) (compose: 0:10) (post: 0:1) (render: 1:180) (57:22260 frames) (58:70663)
D/SFPerfTracer(  274):        layers: (4:10) (DimLayer: 0:25)* (DimLayer: 0:6)* (FocusedStackFrame: 0:877)* (StatusBar: 0:7319) (NavigationBar: 0:7525) (com.android.wallpaper.fall.FallWallpaper: 0:18589)* (DimLayer: 0:850)* (DimLayer: 0:198)* (com.giftme.fb_auth/com.giftme.fb_auth.FB_Auth: 5:122) (InputMethod: 57:271) 
D/WifiStateMachine( 1025): handleMessage: E msg.what=151572
D/WifiStateMachine( 1025): processMsg: ConnectedState
D/WifiStateMachine( 1025): processMsg: L2ConnectedState
D/WifiStateMachine( 1025): handleMessage: X
I/LatinIME( 1243): Starting input. Cursor position = 0,0
I/LatinIME:LogUtils( 1243): Dictionary info: dictionary = ContextualDictionary.en_GB ; version = 1428342926 ; date = ?
D/dalvikvm( 1025): GC_EXPLICIT freed 1651K, 24% free 27758K/36344K, paused 4ms+17ms, total 134ms
E/AmanattoDataUpdaterHelper( 1243): Failed to get contextual suggestions.
E/AmanattoDataUpdaterHelper( 1243): package name: com.giftme.fb_auth
E/AmanattoDataUpdaterHelper( 1243): Error message: Disabled
D/WifiStateMachine( 1025): handleMessage: E msg.what=151572
D/WifiStateMachine( 1025): processMsg: ConnectedState
D/WifiStateMachine( 1025): processMsg: L2ConnectedState
D/WifiStateMachine( 1025): handleMessage: X
D/Ulp_jni ( 1025): Location CB invoked
D/WifiStateMachine( 1025): handleMessage: E msg.what=151572
D/WifiStateMachine( 1025): processMsg: ConnectedState
D/WifiStateMachine( 1025): processMsg: L2ConnectedState
D/WifiStateMachine( 1025): handleMessage: X
D/WifiStateMachine( 1025): handleMessage: E msg.what=131155
D/WifiStateMachine( 1025): processMsg: ConnectedState
D/WifiStateMachine( 1025): processMsg: L2ConnectedState
D/WifiStateMachine( 1025): handleMessage: X
D/WifiStateMachine( 1025): handleMessage: E msg.what=151572
D/WifiStateMachine( 1025): processMsg: ConnectedState
D/WifiStateMachine( 1025): processMsg: L2ConnectedState
D/WifiStateMachine( 1025): handleMessage: X
I/SFPerfTracer(  274):      triggers: (rate: 51:26254) (7400 sw vsyncs) (55321 skipped) (56:82326 vsyncs) (58:100996)
I/MDMCTBK (  273): NetlinkHandler, power_supply subsys
I/MDMCTBK (  273): NetlinkHandler, usbChargerStateChanged
I/MDMCTBK (  273): checkDefaultInst, current pid is = 273
I/MDMCTBK (  273): checkDefaultInst, pid match
I/MDMCTBK (  273): MdmCutbackHndler,readFromFile = /sys/class/power_supply/usb/online
I/MDMCTBK (  273): MdmCutbackHndler,readFromFile = 
E/MDMCTBK (  273): MdmCutbackHndler,Could not open ''
I/MDMCTBK (  273): NetlinkHandler, power_supply subsys
I/MDMCTBK (  273): NetlinkHandler, usbChargerStateChanged
I/MDMCTBK (  273): checkDefaultInst, current pid is = 273
I/MDMCTBK (  273): checkDefaultInst, pid match
I/MDMCTBK (  273): MdmCutbackHndler,readFromFile = /sys/class/power_supply/usb/online
I/MDMCTBK (  273): MdmCutbackHndler,readFromFile = 
E/MDMCTBK (  273): MdmCutbackHndler,Could not open ''
D/WifiStateMachine( 1025): handleMessage: E msg.what=151572
D/WifiStateMachine( 1025): processMsg: ConnectedState
D/WifiStateMachine( 1025): processMsg: L2ConnectedState
D/WifiStateMachine( 1025): handleMessage: X
D/WifiStateMachine( 1025): handleMessage: E msg.what=151572
D/WifiStateMachine( 1025): processMsg: ConnectedState
D/WifiStateMachine( 1025): processMsg: L2ConnectedState
D/WifiStateMachine( 1025): handleMessage: X
D/WifiStateMachine( 1025): handleMessage: E msg.what=131155
D/WifiStateMachine( 1025): processMsg: ConnectedState
D/WifiStateMachine( 1025): processMsg: L2ConnectedState
D/WifiStateMachine( 1025): handleMessage: X
I/SFPerfTracer(  274):      triggers: (rate: 48:1587) (compose: 0:10) (post: 0:1) (render: 1:180) (0:22286 frames) (1:70763)
D/SFPerfTracer(  274):        layers: (4:12) (DimLayer: 0:25)* (DimLayer: 0:6)* (FocusedStackFrame: 0:877)* (StatusBar: 0:7324) (NavigationBar: 0:7525) (com.android.wallpaper.fall.FallWallpaper: 0:18589)* (DimLayer: 0:850)* (DimLayer: 0:198)* (com.giftme.fb_auth/com.giftme.fb_auth.FB_Auth: 1:181) (InputMethod: 0:286) (PopupWindow:4224cbf8: 0:18)* (PopupWindow:4224cbf8: 0:23)* 
D/WifiStateMachine( 1025): handleMessage: E msg.what=151572
D/WifiStateMachine( 1025): processMsg: ConnectedState
D/WifiStateMachine( 1025): processMsg: L2ConnectedState
