--------- beginning of /dev/log/system
I/PackageManager( 1016): Adding preferred activity ComponentInfo{com.android.mms/com.android.mms.ui.ComposeMessageActivity} for user 0 :
I/PackageManager( 1016): Adding preferred activity ComponentInfo{com.android.mms/com.android.mms.ui.ComposeMessageActivity} for user 0 :
I/PackageManager( 1016): Adding preferred activity ComponentInfo{com.android.mms/com.android.mms.ui.ComposeMessageActivity} for user 0 :
I/PackageManager( 1016): Adding preferred activity ComponentInfo{com.android.mms/com.android.mms.ui.ComposeMessageActivity} for user 0 :
V/AlarmManager( 1016): sending alarm Alarm{43c92b28 type 1 com.android.chrome}
V/AlarmManager( 1016): sending alarm Alarm{43c633a8 type 0 com.google.android.googlequicksearchbox}
V/AlarmManager( 1016): sending alarm Alarm{43c54898 type 1 com.android.chrome}
I/SFPerfTracer(  278):      triggers: (rate: 478:15085) (compose: 0:46) (post: 0:2) (render: 44:4017) (18:192052 frames) (19:614457)
D/SFPerfTracer(  278):        layers: (4:9) (DimLayer: 0:145)* (DimLayer: 0:39)* (FocusedStackFrame: 0:4089)* (StatusBar: 19:36904) (NavigationBar: 0:30327) (DimLayer: 0:6019)* (DimLayer: 0:804)* (com.android.systemui.ImageWallpaper: 0:35) (com.android.launcher/com.android.launcher2.Launcher: 0:58) 
I/SFPerfTracer(  278):      triggers: (rate: 139:75902) (134554 sw vsyncs) (158901 skipped) (6:659309 vsyncs) (8:884536)
W/InputMethodManagerService( 1016): Window already focused, ignoring focus gain of: com.android.internal.view.IInputMethodClient$Stub$Proxy@43214bb8 attribute=null, token = android.os.BinderProxy@43c4ef98
I/SFPerfTracer(  278):      triggers: (rate: 139:75902) (134554 sw vsyncs) (158901 skipped) (59:659435 vsyncs) (61:884671)
I/SFPerfTracer(  278):      triggers: (rate: 139:75902) (134554 sw vsyncs) (158901 skipped) (133:659568 vsyncs) (135:884806)
I/SFPerfTracer(  278):      triggers: (rate: 478:15090) (compose: 0:46) (post: 0:2) (render: 44:4017) (279:192382 frames) (280:614814)
D/SFPerfTracer(  278):        layers: (4:9) (DimLayer: 0:145)* (DimLayer: 0:39)* (FocusedStackFrame: 0:4089)* (StatusBar: 1:36979) (NavigationBar: 0:30327) (DimLayer: 0:6019)* (DimLayer: 0:804)* (com.android.systemui.ImageWallpaper: 143:178) (com.android.launcher/com.android.launcher2.Launcher: 279:337) 
V/AlarmManager( 1016): sending alarm Alarm{43c523a0 type 2 com.google.android.talk}
V/AlarmManager( 1016): sending alarm Alarm{43c4f0a8 type 1 com.android.chrome}
V/AlarmManager( 1016): sending alarm Alarm{43c3db50 type 1 com.android.chrome}
V/AlarmManager( 1016): sending alarm Alarm{43c3dba0 type 1 com.android.chrome}
V/AlarmManager( 1016): sending alarm Alarm{43bf4010 type 0 com.google.android.gms}
V/AlarmManager( 1016): sending alarm Alarm{428aa040 type 2 com.whatsapp}
I/SFPerfTracer(  278):      triggers: (rate: 139:75902) (134554 sw vsyncs) (158901 skipped) (78:659726 vsyncs) (80:884968)
V/AlarmManager( 1016): sending alarm Alarm{4289c068 type 3 android}
I/SFPerfTracer(  278):      triggers: (rate: 478:15090) (compose: 0:47) (post: 0:2) (render: 44:4017) (78:192460 frames) (79:614894)
D/SFPerfTracer(  278):        layers: (4:9) (DimLayer: 0:145)* (DimLayer: 0:39)* (FocusedStackFrame: 0:4089)* (StatusBar: 0:36979) (NavigationBar: 0:30327) (DimLayer: 0:6019)* (DimLayer: 0:804)* (com.android.systemui.ImageWallpaper: 23:201) (com.android.launcher/com.android.launcher2.Launcher: 79:416) 
V/AlarmManager( 1016): sending alarm Alarm{42898218 type 3 com.devexpert.weather}
I/ActivityManager( 1016): Start proc com.devexpert.weather for broadcast com.devexpert.weather/.view.WidgetWeather2x1: pid=1623 uid=10112 gids={50112, 3003, 1028, 1015}
I/ActivityManager( 1016): Killing 907:com.google.android.apps.uploader/u0a79 (adj 15): empty #9
W/ContextImpl( 1231): Calling a method in the system process without a qualified user: android.app.ContextImpl.sendBroadcast:1252 android.content.ContextWrapper.sendBroadcast:365 com.motorola.motocare.util.TriggerHelper$TriggerBuilder.send:76 com.motorola.motocare.internal.frameworkevents.ProcessKillTrigger.sendTrigger:147 com.motorola.motocare.internal.frameworkevents.ProcessKillTrigger.handleFrameworkEvent:164 
I/ActivityManager( 1016): START u0 {act=android.intent.action.MAIN cat=[android.intent.category.LAUNCHER] flg=0x10200000 pkg=com.ghisler.android.TotalCommander cmp=com.ghisler.android.TotalCommander/.TotalCommander bnds=[520,185][680,385]} from pid 813
W/ContextImpl( 1231): Calling a method in the system process without a qualified user: android.app.ContextImpl.sendBroadcast:1252 android.content.ContextWrapper.sendBroadcast:365 com.motorola.motocare.util.TriggerHelper$TriggerBuilder.send:76 com.motorola.motocare.internal.frameworkevents.PauseResumeTrigger.handleFrameworkEvent:53 com.motorola.motocare.internal.frameworkevents.FwEventMonitor$FrameworkListener.processFrameworkEvent:114 
I/ActivityManager( 1016): Start proc com.ghisler.android.TotalCommander for activity com.ghisler.android.TotalCommander/.TotalCommander: pid=1647 uid=10121 gids={50121, 1028, 1015, 3001, 3002, 3003}
W/ContextImpl( 1231): Calling a method in the system process without a qualified user: android.app.ContextImpl.sendBroadcast:1252 android.content.ContextWrapper.sendBroadcast:365 com.motorola.motocare.util.TriggerHelper$TriggerBuilder.send:76 com.motorola.motocare.internal.frameworkevents.PauseResumeTrigger.handleFrameworkEvent:53 com.motorola.motocare.internal.frameworkevents.FwEventMonitor$FrameworkListener.processFrameworkEvent:114 
W/Vold    (  261): Returning OperationFailed - no handler for errno 30
W/Vold    (  261): Returning OperationFailed - no handler for errno 30
I/SFPerfTracer(  278):      triggers: (rate: 139:75902) (134554 sw vsyncs) (158901 skipped) (19:659803 vsyncs) (21:885072)
I/LaunchCheckinHandler( 1016): Displayed com.ghisler.android.TotalCommander/.TotalCommander,cp,ca,588
W/Vold    (  261): Returning OperationFailed - no handler for errno 30
W/Vold    (  261): Returning OperationFailed - no handler for errno 30
I/ActivityManager( 1016): Killing 984:com.motorola.genie/u0a26 (adj 15): empty #9
W/ContextImpl( 1231): Calling a method in the system process without a qualified user: android.app.ContextImpl.sendBroadcast:1252 android.content.ContextWrapper.sendBroadcast:365 com.motorola.motocare.util.TriggerHelper$TriggerBuilder.send:76 com.motorola.motocare.internal.frameworkevents.ProcessKillTrigger.sendTrigger:147 com.motorola.motocare.internal.frameworkevents.ProcessKillTrigger.handleFrameworkEvent:164 
W/PackageParser( 1647): No actions in intent filter at /storage/emulated/0/download/FB_Auth-release.apk Binary XML file line #28
I/SFPerfTracer(  278):      triggers: (rate: 478:15090) (compose: 0:47) (post: 0:2) (render: 44:4017) (0:192485 frames) (1:614994)
D/SFPerfTracer(  278):        layers: (3:11) (DimLayer: 0:145)* (DimLayer: 0:39)* (FocusedStackFrame: 0:4092)* (StatusBar: 0:37007) (NavigationBar: 0:30346) (DimLayer: 0:6019)* (DimLayer: 0:804)* (com.android.systemui.ImageWallpaper: 0:202)* (com.android.launcher/com.android.launcher2.Launcher: 0:419)* (Starting com.ghisler.android.TotalCommander: 0:29)* (com.ghisler.android.TotalCommander/com.ghisler.android.TotalCommander.TotalCommander: 1:58) 
W/PackageParser( 1647): No actions in intent filter at /storage/emulated/0/download/FB_Auth-release.apk Binary XML file line #28
I/SFPerfTracer(  278):      triggers: (rate: 139:75902) (134554 sw vsyncs) (158901 skipped) (16:659883 vsyncs) (18:885174)
I/ActivityManager( 1016): START u0 {act=android.intent.action.VIEW dat=file:///storage/emulated/0/download/FB_Auth-release.apk typ=application/vnd.android.package-archive flg=0x10000000 cmp=com.android.packageinstaller/.PackageInstallerActivity} from pid 1647
W/ActivityManager( 1016): Activity is launching as a new task, so cancelling activity result.
W/ContextImpl( 1231): Calling a method in the system process without a qualified user: android.app.ContextImpl.sendBroadcast:1252 android.content.ContextWrapper.sendBroadcast:365 com.motorola.motocare.util.TriggerHelper$TriggerBuilder.send:76 com.motorola.motocare.internal.frameworkevents.PauseResumeTrigger.handleFrameworkEvent:53 com.motorola.motocare.internal.frameworkevents.FwEventMonitor$FrameworkListener.processFrameworkEvent:114 
I/ActivityManager( 1016): Start proc com.android.packageinstaller for activity com.android.packageinstaller/.PackageInstallerActivity: pid=1722 uid=10085 gids={50085, 1028}
W/ContextImpl( 1231): Calling a method in the system process without a qualified user: android.app.ContextImpl.sendBroadcast:1252 android.content.ContextWrapper.sendBroadcast:365 com.motorola.motocare.util.TriggerHelper$TriggerBuilder.send:76 com.motorola.motocare.internal.frameworkevents.PauseResumeTrigger.handleFrameworkEvent:53 com.motorola.motocare.internal.frameworkevents.FwEventMonitor$FrameworkListener.processFrameworkEvent:114 
W/PackageParser( 1722): No actions in intent filter at /storage/emulated/0/download/FB_Auth-release.apk Binary XML file line #28
W/Vold    (  261): Returning OperationFailed - no handler for errno 30
I/LaunchCheckinHandler( 1016): Displayed com.android.packageinstaller/.PackageInstallerActivity,cp,ca,808
I/SFPerfTracer(  278):      triggers: (rate: 478:15090) (compose: 0:47) (post: 0:2) (render: 44:4017) (8:192563 frames) (9:615102)
D/SFPerfTracer(  278):        layers: (4:12) (DimLayer: 0:145)* (DimLayer: 0:39)* (FocusedStackFrame: 0:4100)* (StatusBar: 0:37013) (NavigationBar: 0:30346) (DimLayer: 0:6042)* (DimLayer: 0:806)* (com.android.systemui.ImageWallpaper: 0:202)* (com.ghisler.android.TotalCommander/com.ghisler.android.TotalCommander.TotalCommander: 0:81)* (FB_Auth-release.apk: 0:47)* (Starting com.android.packageinstaller: 9:36) (com.android.packageinstaller/com.android.packageinstaller.PackageInstallerActivity: 1:11) 
I/ActivityManager( 1016): START u0 {dat=file:///storage/emulated/0/download/FB_Auth-release.apk cmp=com.android.packageinstaller/.InstallAppProgress (has extras)} from pid 1722
W/ContextImpl( 1231): Calling a method in the system process without a qualified user: android.app.ContextImpl.sendBroadcast:1252 android.content.ContextWrapper.sendBroadcast:365 com.motorola.motocare.util.TriggerHelper$TriggerBuilder.send:76 com.motorola.motocare.internal.frameworkevents.PauseResumeTrigger.handleFrameworkEvent:53 com.motorola.motocare.internal.frameworkevents.FwEventMonitor$FrameworkListener.processFrameworkEvent:114 
W/ContextImpl( 1231): Calling a method in the system process without a qualified user: android.app.ContextImpl.sendBroadcast:1252 android.content.ContextWrapper.sendBroadcast:365 com.motorola.motocare.util.TriggerHelper$TriggerBuilder.send:76 com.motorola.motocare.internal.frameworkevents.PauseResumeTrigger.handleFrameworkEvent:53 com.motorola.motocare.internal.frameworkevents.FwEventMonitor$FrameworkListener.processFrameworkEvent:114 
I/SFPerfTracer(  278):      triggers: (rate: 139:75902) (134554 sw vsyncs) (158901 skipped) (16:659975 vsyncs) (18:885285)
I/ActivityManager( 1016): Start proc com.android.defcontainer for service com.android.defcontainer/.DefaultContainerService: pid=1757 uid=10013 gids={50013, 1028, 1015, 1023, 2001, 1035}
I/LaunchCheckinHandler( 1016): Displayed com.android.packageinstaller/.InstallAppProgress,wp,ca,151
W/ActivityManager( 1016): No content provider found for permission revoke: file:///storage/emulated/0/download/FB_Auth-release.apk
W/PackageParser( 1129): No actions in intent filter at /storage/emulated/0/download/FB_Auth-release.apk Binary XML file line #28
W/ActivityManager( 1016): No content provider found for permission revoke: file:///storage/emulated/0/download/FB_Auth-release.apk
I/PackageManager( 1016): Copying native libraries to /data/app-lib/vmdl-848717005
W/PackageParser( 1016): No actions in intent filter at /data/app/vmdl-848717005.tmp Binary XML file line #28
I/ActivityManager( 1016): Force stopping com.giftme.fb_auth appid=10106 user=-1: uninstall pkg
I/PackageManager( 1016): Package com.giftme.fb_auth codePath changed from /data/app/com.giftme.fb_auth-1.apk to /data/app/com.giftme.fb_auth-2.apk; Retaining data and using new
I/SFPerfTracer(  278):      triggers: (rate: 139:75902) (134554 sw vsyncs) (158901 skipped) (0:660023 vsyncs) (2:885387)
I/SFPerfTracer(  278):      triggers: (rate: 478:15090) (compose: 0:47) (post: 0:2) (render: 44:4017) (0:192582 frames) (1:615202)
D/SFPerfTracer(  278):        layers: (3:11) (DimLayer: 0:145)* (DimLayer: 0:39)* (FocusedStackFrame: 0:4105)* (StatusBar: 1:37017) (NavigationBar: 0:30346) (DimLayer: 0:6042)* (DimLayer: 0:808)* (com.android.systemui.ImageWallpaper: 0:202)* (Starting com.android.packageinstaller: 0:37)* (com.android.packageinstaller/com.android.packageinstaller.PackageInstallerActivity: 0:47)* (com.android.packageinstaller/com.android.packageinstaller.InstallAppProgress: 0:78) 
I/ActivityManager( 1016): Force stopping com.giftme.fb_auth appid=10106 user=-1: update pkg
W/PackageManager( 1016): Code path for pkg : com.giftme.fb_auth changing from /data/app/com.giftme.fb_auth-1.apk to /data/app/com.giftme.fb_auth-2.apk
W/PackageManager( 1016): Resource path for pkg : com.giftme.fb_auth changing from /data/app/com.giftme.fb_auth-1.apk to /data/app/com.giftme.fb_auth-2.apk
W/PackageManager( 1016): Unknown permission android.permission.RECORD_VIDEO in package com.giftme.fb_auth
I/ActivityManager( 1016): Killing 32187:com.google.android.apps.maps/u0a64 (adj 15): empty #9
W/ContextImpl( 1231): Calling a method in the system process without a qualified user: android.app.ContextImpl.sendBroadcast:1252 android.content.ContextWrapper.sendBroadcast:365 com.motorola.motocare.util.TriggerHelper$TriggerBuilder.send:76 com.motorola.motocare.internal.frameworkevents.ProcessKillTrigger.sendTrigger:147 com.motorola.motocare.internal.frameworkevents.ProcessKillTrigger.handleFrameworkEvent:164 
I/ActivityManager( 1016): Force stopping com.giftme.fb_auth appid=10106 user=0: pkg removed
I/ActivityManager( 1016): Start proc com.bambuna.podcastaddict for broadcast com.bambuna.podcastaddict/.receiver.PodcastAddictBroadcastReceiver: pid=1788 uid=10113 gids={50113, 3003, 1028, 1015, 3002}
I/PackageManager( 1016): Adding preferred activity ComponentInfo{com.android.mms/com.android.mms.ui.ComposeMessageActivity} for user 0 :
I/PackageManager( 1016): Adding preferred activity ComponentInfo{com.android.mms/com.android.mms.ui.ComposeMessageActivity} for user 0 :
I/PackageManager( 1016): Adding preferred activity ComponentInfo{com.android.mms/com.android.mms.ui.ComposeMessageActivity} for user 0 :
I/PackageManager( 1016): Adding preferred activity ComponentInfo{com.android.mms/com.android.mms.ui.ComposeMessageActivity} for user 0 :
I/PackageManager( 1016): Adding preferred activity ComponentInfo{com.android.mms/com.android.mms.ui.ComposeMessageActivity} for user 0 :
I/PackageManager( 1016): Adding preferred activity ComponentInfo{com.android.mms/com.android.mms.ui.ComposeMessageActivity} for user 0 :
I/PackageManager( 1016): Adding preferred activity ComponentInfo{com.android.mms/com.android.mms.ui.ComposeMessageActivity} for user 0 :
D/BackupManagerService( 1016): Received broadcast Intent { act=android.intent.action.PACKAGE_REMOVED dat=package:com.giftme.fb_auth flg=0x4000010 (has extras) }
I/PackageManager( 1016): Adding preferred activity ComponentInfo{com.android.mms/com.android.mms.ui.ComposeMessageActivity} for user 0 :
I/PackageManager( 1016): Adding preferred activity ComponentInfo{com.android.mms/com.android.mms.ui.ComposeMessageActivity} for user 0 :
D/BackupManagerService( 1016): Received broadcast Intent { act=android.intent.action.PACKAGE_ADDED dat=package:com.giftme.fb_auth flg=0x4000010 (has extras) }
V/BackupManagerService( 1016): removePackageParticipantsLocked: uid=10106 #1
V/BackupManagerService( 1016): addPackageParticipantsLocked: #1
I/PackageManager( 1016): Adding preferred activity ComponentInfo{com.android.mms/com.android.mms.ui.ComposeMessageActivity} for user 0 :
I/PackageManager( 1016): Adding preferred activity ComponentInfo{com.android.mms/com.android.mms.ui.ComposeMessageActivity} for user 0 :
I/PackageManager( 1016): Adding preferred activity ComponentInfo{com.android.mms/com.android.mms.ui.ComposeMessageActivity} for user 0 :
I/PackageManager( 1016): Adding preferred activity ComponentInfo{com.android.mms/com.android.mms.ui.ComposeMessageActivity} for user 0 :
I/PackageManager( 1016): Adding preferred activity ComponentInfo{com.android.mms/com.android.mms.ui.ComposeMessageActivity} for user 0 :
I/PackageManager( 1016): Adding preferred activity ComponentInfo{com.android.mms/com.android.mms.ui.ComposeMessageActivity} for user 0 :
I/PackageManager( 1016): Adding preferred activity ComponentInfo{com.android.mms/com.android.mms.ui.ComposeMessageActivity} for user 0 :
I/PackageManager( 1016): Adding preferred activity ComponentInfo{com.android.mms/com.android.mms.ui.ComposeMessageActivity} for user 0 :
I/PackageManager( 1016): Adding preferred activity ComponentInfo{com.android.mms/com.android.mms.ui.ComposeMessageActivity} for user 0 :
I/PackageManager( 1016): Adding preferred activity ComponentInfo{com.android.mms/com.android.mms.ui.ComposeMessageActivity} for user 0 :
I/PackageManager( 1016): Adding preferred activity ComponentInfo{com.android.mms/com.android.mms.ui.ComposeMessageActivity} for user 0 :
I/PackageManager( 1016): Adding preferred activity ComponentInfo{com.android.mms/com.android.mms.ui.ComposeMessageActivity} for user 0 :
I/PackageManager( 1016): Adding preferred activity ComponentInfo{com.android.mms/com.android.mms.ui.ComposeMessageActivity} for user 0 :
I/PackageManager( 1016): Adding preferred activity ComponentInfo{com.android.mms/com.android.mms.ui.ComposeMessageActivity} for user 0 :
W/Vold    (  261): Returning OperationFailed - no handler for errno 30
I/PackageManager( 1016): Adding preferred activity ComponentInfo{com.android.mms/com.android.mms.ui.ComposeMessageActivity} for user 0 :
I/ActivityManager( 1016): Start proc com.android.keychain for broadcast com.android.keychain/.KeyChainBroadcastReceiver: pid=1836 uid=1000 gids={41000, 1028, 1015, 3002, 3001, 3003, 1021, 3004, 3005, 1000, 3009, 1023, 1010, 1004, 2002, 3006}
W/ContextImpl( 1836): Calling a method in the system process without a qualified user: android.app.ContextImpl.startService:1608 android.content.ContextWrapper.startService:494 android.content.ContextWrapper.startService:494 com.android.keychain.KeyChainBroadcastReceiver.onReceive:12 android.app.ActivityThread.handleReceiver:2434 
I/ActivityManager( 1016): Start proc com.google.android.apps.docs for broadcast com.google.android.apps.docs/.receivers.AppPackageAddRemoveReceiver: pid=1865 uid=10060 gids={50060, 3003, 1028, 1015}
I/ActivityManager( 1016): Killing 32155:com.google.android.googlequicksearchbox:search/u0a45 (adj 15): empty #9
W/ContextImpl( 1231): Calling a method in the system process without a qualified user: android.app.ContextImpl.sendBroadcast:1252 android.content.ContextWrapper.sendBroadcast:365 com.motorola.motocare.util.TriggerHelper$TriggerBuilder.send:76 com.motorola.motocare.internal.frameworkevents.ProcessKillTrigger.sendTrigger:147 com.motorola.motocare.internal.frameworkevents.ProcessKillTrigger.handleFrameworkEvent:164 
I/ActivityManager( 1016): Start proc com.google.android.googlequicksearchbox:search for broadcast com.google.android.googlequicksearchbox/com.google.android.search.core.icingsync.IcingCorporaChangedReceiver: pid=1896 uid=10045 gids={50045, 3003, 3001, 1028, 3002, 1015}
I/ActivityManager( 1016): Start proc com.facebook.katana:dash for broadcast com.facebook.katana/com.facebook.dash.receivers.DashPackageUninstallReceiver: pid=1917 uid=10110 gids={50110, 1028, 1015, 3003}
I/ActivityManager( 1016): Killing 736:com.android.chrome/u0a57 (adj 15): empty #9
W/ContextImpl( 1231): Calling a method in the system process without a qualified user: android.app.ContextImpl.sendBroadcast:1252 android.content.ContextWrapper.sendBroadcast:365 com.motorola.motocare.util.TriggerHelper$TriggerBuilder.send:76 com.motorola.motocare.internal.frameworkevents.ProcessKillTrigger.sendTrigger:147 com.motorola.motocare.internal.frameworkevents.ProcessKillTrigger.handleFrameworkEvent:164 
I/ActivityManager( 1016): START u0 {act=android.intent.action.MAIN cat=[android.intent.category.LAUNCHER] flg=0x10000000 pkg=com.giftme.fb_auth cmp=com.giftme.fb_auth/.FB_Auth} from pid 1722
W/ContextImpl( 1231): Calling a method in the system process without a qualified user: android.app.ContextImpl.sendBroadcast:1252 android.content.ContextWrapper.sendBroadcast:365 com.motorola.motocare.util.TriggerHelper$TriggerBuilder.send:76 com.motorola.motocare.internal.frameworkevents.PauseResumeTrigger.handleFrameworkEvent:53 com.motorola.motocare.internal.frameworkevents.FwEventMonitor$FrameworkListener.processFrameworkEvent:114 
I/ActivityManager( 1016): Start proc com.giftme.fb_auth for activity com.giftme.fb_auth/.FB_Auth: pid=1929 uid=10106 gids={50106, 3003, 1028, 1015}
W/ContextImpl( 1231): Calling a method in the system process without a qualified user: android.app.ContextImpl.sendBroadcast:1252 android.content.ContextWrapper.sendBroadcast:365 com.motorola.motocare.util.TriggerHelper$TriggerBuilder.send:76 com.motorola.motocare.internal.frameworkevents.PauseResumeTrigger.handleFrameworkEvent:53 com.motorola.motocare.internal.frameworkevents.FwEventMonitor$FrameworkListener.processFrameworkEvent:114 
W/Vold    (  261): Returning OperationFailed - no handler for errno 30
I/LaunchCheckinHandler( 1016): Displayed com.giftme.fb_auth/.FB_Auth,cp,ca,575
D/WifiService( 1016): New client listening to asynchronous messages
I/ActivityManager( 1016): Killing 1623:com.devexpert.weather/u0a112 (adj 15): empty #9
W/ContextImpl( 1231): Calling a method in the system process without a qualified user: android.app.ContextImpl.sendBroadcast:1252 android.content.ContextWrapper.sendBroadcast:365 com.motorola.motocare.util.TriggerHelper$TriggerBuilder.send:76 com.motorola.motocare.internal.frameworkevents.ProcessKillTrigger.sendTrigger:147 com.motorola.motocare.internal.frameworkevents.ProcessKillTrigger.handleFrameworkEvent:164 
I/ActivityManager( 1016): Killing 1757:com.android.defcontainer/u0a13 (adj 15): empty #9
W/ContextImpl( 1231): Calling a method in the system process without a qualified user: android.app.ContextImpl.sendBroadcast:1252 android.content.ContextWrapper.sendBroadcast:365 com.motorola.motocare.util.TriggerHelper$TriggerBuilder.send:76 com.motorola.motocare.internal.frameworkevents.ProcessKillTrigger.sendTrigger:147 com.motorola.motocare.internal.frameworkevents.ProcessKillTrigger.handleFrameworkEvent:164 
I/ActivityManager( 1016): Start proc com.google.android.partnersetup for broadcast com.google.android.partnersetup/.RlzPingBroadcastReceiver: pid=1999 uid=10025 gids={50025, 3003}
I/ActivityManager( 1016): Killing 1506:com.motorola.MotGallery2/u0a34 (adj 15): empty #9
W/ContextImpl( 1231): Calling a method in the system process without a qualified user: android.app.ContextImpl.sendBroadcast:1252 android.content.ContextWrapper.sendBroadcast:365 com.motorola.motocare.util.TriggerHelper$TriggerBuilder.send:76 com.motorola.motocare.internal.frameworkevents.ProcessKillTrigger.sendTrigger:147 com.motorola.motocare.internal.frameworkevents.ProcessKillTrigger.handleFrameworkEvent:164 
I/SFPerfTracer(  278):      triggers: (rate: 139:75902) (134554 sw vsyncs) (158901 skipped) (42:660093 vsyncs) (44:885507)
I/ActivityManager( 1016): Killing 1836:com.android.keychain/1000 (adj 15): empty #9
W/ContextImpl( 1231): Calling a method in the system process without a qualified user: android.app.ContextImpl.sendBroadcast:1252 android.content.ContextWrapper.sendBroadcast:365 com.motorola.motocare.util.TriggerHelper$TriggerBuilder.send:76 com.motorola.motocare.internal.frameworkevents.ProcessKillTrigger.sendTrigger:147 com.motorola.motocare.internal.frameworkevents.ProcessKillTrigger.handleFrameworkEvent:164 
I/ActivityManager( 1016): Start proc com.imangi.templerun2 for broadcast com.imangi.templerun2/com.amazon.identity.auth.device.authorization.PackageIntentReceiver: pid=2032 uid=10111 gids={50111, 1028, 1015, 3003}
W/BroadcastQueue( 1016): Permission Denial: broadcasting Intent { act=android.net.conn.INET_CONDITION_ACTION flg=0x4000010 (has extras) } from null (pid=-1, uid=-1) requires com.facebook.permission.prod.FB_APP_COMMUNICATION due to registered receiver BroadcastFilter{43422478 u0 ReceiverList{4345d528 1917 com.facebook.katana:dash/10110/u0 remote:437b4b60}}
W/BroadcastQueue( 1016): Permission Denial: broadcasting Intent { act=android.net.conn.CONNECTIVITY_CHANGE flg=0x4000010 (has extras) } from null (pid=-1, uid=-1) requires com.facebook.permission.prod.FB_APP_COMMUNICATION due to registered receiver BroadcastFilter{43422478 u0 ReceiverList{4345d528 1917 com.facebook.katana:dash/10110/u0 remote:437b4b60}}
I/ActivityManager( 1016): Start proc com.google.android.apps.magazines for broadcast com.google.android.apps.magazines/com.google.apps.dots.android.app.receiver.FirstInstallNotificationReceiver: pid=2058 uid=10077 gids={50077, 3003, 1028, 1015}
W/ActivityThread(31905): ClassLoader.loadClass: The class loader returned by Thread.getContextClassLoader() may fail for processes that host multiple applications. You should explicitly specify a context class loader. For example: Thread.setContextClassLoader(getClass().getClassLoader());
W/Vold    (  261): Returning OperationFailed - no handler for errno 30
W/Vold    (  261): Returning OperationFailed - no handler for errno 30
W/Vold    (  261): Returning OperationFailed - no handler for errno 30
W/Vold    (  261): Returning OperationFailed - no handler for errno 30
I/ActivityManager( 1016): Killing 1917:com.facebook.katana:dash/u0a110 (adj 15): empty #9
W/ContextImpl( 1231): Calling a method in the system process without a qualified user: android.app.ContextImpl.sendBroadcast:1252 android.content.ContextWrapper.sendBroadcast:365 com.motorola.motocare.util.TriggerHelper$TriggerBuilder.send:76 com.motorola.motocare.internal.frameworkevents.ProcessKillTrigger.sendTrigger:147 com.motorola.motocare.internal.frameworkevents.ProcessKillTrigger.handleFrameworkEvent:164 
D/WifiService( 1016): Client connection lost with reason: 4
I/ActivityManager( 1016): Start proc com.google.android.apps.cloudprint for broadcast com.google.android.apps.cloudprint/.printdialog.receivers.UpgradeBroadcastReceiver: pid=2130 uid=10058 gids={50058, 3003, 1028}
I/ActivityManager( 1016): Killing 1722:com.android.packageinstaller/u0a85 (adj 15): empty #9
W/ContextImpl( 1231): Calling a method in the system process without a qualified user: android.app.ContextImpl.sendBroadcast:1252 android.content.ContextWrapper.sendBroadcast:365 com.motorola.motocare.util.TriggerHelper$TriggerBuilder.send:76 com.motorola.motocare.internal.frameworkevents.ProcessKillTrigger.sendTrigger:147 com.motorola.motocare.internal.frameworkevents.ProcessKillTrigger.handleFrameworkEvent:164 
I/ActivityManager( 1016): Start proc com.motorola.context for broadcast com.motorola.context/.engine.mediator.MediatorReceiver: pid=2144 uid=10011 gids={50011, 3001, 3002, 3003}
I/ActivityManager( 1016): Killing 1999:com.google.android.partnersetup/u0a25 (adj 15): empty #9
W/ContextImpl( 1231): Calling a method in the system process without a qualified user: android.app.ContextImpl.sendBroadcast:1252 android.content.ContextWrapper.sendBroadcast:365 com.motorola.motocare.util.TriggerHelper$TriggerBuilder.send:76 com.motorola.motocare.internal.frameworkevents.ProcessKillTrigger.sendTrigger:147 com.motorola.motocare.internal.frameworkevents.ProcessKillTrigger.handleFrameworkEvent:164 
I/ActivityManager( 1016): Killing 1129:com.android.vending/u0a39 (adj 15): empty #9
W/ContextImpl( 1231): Calling a method in the system process without a qualified user: android.app.ContextImpl.sendBroadcast:1252 android.content.ContextWrapper.sendBroadcast:365 com.motorola.motocare.util.TriggerHelper$TriggerBuilder.send:76 com.motorola.motocare.internal.frameworkevents.ProcessKillTrigger.sendTrigger:147 com.motorola.motocare.internal.frameworkevents.ProcessKillTrigger.handleFrameworkEvent:164 
I/SFPerfTracer(  278):      triggers: (rate: 478:15090) (compose: 0:47) (post: 0:2) (render: 44:4017) (0:192617 frames) (1:615302)
D/SFPerfTracer(  278):        layers: (3:11) (DimLayer: 0:145)* (DimLayer: 0:39)* (FocusedStackFrame: 0:4111)* (StatusBar: 1:37026) (NavigationBar: 0:30365) (DimLayer: 0:6042)* (DimLayer: 0:810)* (com.android.systemui.ImageWallpaper: 0:202)* (com.android.packageinstaller/com.android.packageinstaller.InstallAppProgress: 0:122)* (Starting com.giftme.fb_auth: 0:27)* (com.giftme.fb_auth/com.giftme.fb_auth.FB_Auth: 0:41) 
I/SFPerfTracer(  278):      triggers: (rate: 139:75902) (134554 sw vsyncs) (158901 skipped) (88:660240 vsyncs) (90:885672)
V/AlarmManager( 1016): sending alarm Alarm{443f6ef8 type 0 com.android.vending}
I/ActivityManager( 1016): Start proc com.android.vending for service com.android.vending/com.google.android.finsky.services.ContentSyncService: pid=2200 uid=10039 gids={50039, 3003, 1028, 1015}
I/ActivityManager( 1016): Killing 956:com.google.android.apps.plus/u0a90 (adj 15): empty #9
W/ContextImpl( 1231): Calling a method in the system process without a qualified user: android.app.ContextImpl.sendBroadcast:1252 android.content.ContextWrapper.sendBroadcast:365 com.motorola.motocare.util.TriggerHelper$TriggerBuilder.send:76 com.motorola.motocare.internal.frameworkevents.ProcessKillTrigger.sendTrigger:147 com.motorola.motocare.internal.frameworkevents.ProcessKillTrigger.handleFrameworkEvent:164 
W/ContextImpl( 1231): Calling a method in the system process without a qualified user: android.app.ContextImpl.sendBroadcast:1252 android.content.ContextWrapper.sendBroadcast:365 com.motorola.motocare.util.TriggerHelper$TriggerBuilder.send:76 com.motorola.motocare.internal.frameworkevents.PauseResumeTrigger.handleFrameworkEvent:53 com.motorola.motocare.internal.frameworkevents.FwEventMonitor$FrameworkListener.processFrameworkEvent:114 
W/ContextImpl( 1231): Calling a method in the system process without a qualified user: android.app.ContextImpl.sendBroadcast:1252 android.content.ContextWrapper.sendBroadcast:365 com.motorola.motocare.util.TriggerHelper$TriggerBuilder.send:76 com.motorola.motocare.internal.frameworkevents.PauseResumeTrigger.handleFrameworkEvent:53 com.motorola.motocare.internal.frameworkevents.FwEventMonitor$FrameworkListener.processFrameworkEvent:114 
W/Vold    (  261): Returning OperationFailed - no handler for errno 30
I/ActivityManager( 1016): Killing 1865:com.google.android.apps.docs/u0a60 (adj 15): empty #9
W/ContextImpl( 1231): Calling a method in the system process without a qualified user: android.app.ContextImpl.sendBroadcast:1252 android.content.ContextWrapper.sendBroadcast:365 com.motorola.motocare.util.TriggerHelper$TriggerBuilder.send:76 com.motorola.motocare.internal.frameworkevents.ProcessKillTrigger.sendTrigger:147 com.motorola.motocare.internal.frameworkevents.ProcessKillTrigger.handleFrameworkEvent:164 
I/SFPerfTracer(  278):      triggers: (rate: 478:15091) (compose: 0:47) (post: 0:2) (render: 44:4017) (0:192662 frames) (1:615402)
D/SFPerfTracer(  278):        layers: (3:10) (DimLayer: 0:145)* (DimLayer: 0:39)* (FocusedStackFrame: 0:4115)* (StatusBar: 0:37029) (NavigationBar: 0:30397) (DimLayer: 0:6042)* (DimLayer: 0:812)* (com.android.systemui.ImageWallpaper: 0:202)* (com.giftme.fb_auth/com.giftme.fb_auth.FB_Auth: 0:83)* (com.ghisler.android.TotalCommander/com.ghisler.android.TotalCommander.TotalCommander: 1:49) 
I/SFPerfTracer(  278):      triggers: (rate: 139:75902) (134554 sw vsyncs) (158901 skipped) (0:660331 vsyncs) (1:885773)
I/ActivityManager( 1016): START u0 {act=android.intent.action.MAIN cat=[android.intent.category.HOME] flg=0x10200000 cmp=com.android.launcher/com.android.launcher2.Launcher} from pid 1016
W/ContextImpl( 1231): Calling a method in the system process without a qualified user: android.app.ContextImpl.sendBroadcast:1252 android.content.ContextWrapper.sendBroadcast:365 com.motorola.motocare.util.TriggerHelper$TriggerBuilder.send:76 com.motorola.motocare.internal.frameworkevents.PauseResumeTrigger.handleFrameworkEvent:53 com.motorola.motocare.internal.frameworkevents.FwEventMonitor$FrameworkListener.processFrameworkEvent:114 
W/ContextImpl( 1231): Calling a method in the system process without a qualified user: android.app.ContextImpl.sendBroadcast:1252 android.content.ContextWrapper.sendBroadcast:365 com.motorola.motocare.util.TriggerHelper$TriggerBuilder.send:76 com.motorola.motocare.internal.frameworkevents.PauseResumeTrigger.handleFrameworkEvent:53 com.motorola.motocare.internal.frameworkevents.FwEventMonitor$FrameworkListener.processFrameworkEvent:114 
W/InputMethodManagerService( 1016): Starting input on non-focused client com.android.internal.view.IInputMethodClient$Stub$Proxy@43919840 (uid=10121 pid=1647)
I/LaunchCheckinHandler( 1016): Displayed com.android.launcher/com.android.launcher2.Launcher,wp,wa,146
I/SFPerfTracer(  278):      triggers: (rate: 139:75902) (134554 sw vsyncs) (158901 skipped) (112:660484 vsyncs) (114:885931)
I/SFPerfTracer(  278):      triggers: (rate: 478:15091) (compose: 0:47) (post: 0:2) (render: 44:4017) (84:192770 frames) (85:615554)
D/SFPerfTracer(  278):        layers: (4:10) (DimLayer: 0:145)* (DimLayer: 0:39)* (FocusedStackFrame: 0:4116)* (StatusBar: 0:37049) (NavigationBar: 0:30425) (DimLayer: 0:6042)* (DimLayer: 0:812)* (com.android.systemui.ImageWallpaper: 29:233) (com.ghisler.android.TotalCommander/com.ghisler.android.TotalCommander.TotalCommander: 0:74)* (com.android.launcher/com.android.launcher2.Launcher: 84:118) 
I/ActivityManager( 1016): START u0 {act=android.intent.action.MAIN cat=[android.intent.category.LAUNCHER] flg=0x10200000 cmp=com.giftme.fb_auth/.FB_Auth bnds=[360,385][520,585]} from pid 813
W/ContextImpl( 1231): Calling a method in the system process without a qualified user: android.app.ContextImpl.sendBroadcast:1252 android.content.ContextWrapper.sendBroadcast:365 com.motorola.motocare.util.TriggerHelper$TriggerBuilder.send:76 com.motorola.motocare.internal.frameworkevents.PauseResumeTrigger.handleFrameworkEvent:53 com.motorola.motocare.internal.frameworkevents.FwEventMonitor$FrameworkListener.processFrameworkEvent:114 
W/ContextImpl( 1231): Calling a method in the system process without a qualified user: android.app.ContextImpl.sendBroadcast:1252 android.content.ContextWrapper.sendBroadcast:365 com.motorola.motocare.util.TriggerHelper$TriggerBuilder.send:76 com.motorola.motocare.internal.frameworkevents.PauseResumeTrigger.handleFrameworkEvent:53 com.motorola.motocare.internal.frameworkevents.FwEventMonitor$FrameworkListener.processFrameworkEvent:114 
I/LaunchCheckinHandler( 1016): Displayed com.giftme.fb_auth/.FB_Auth,wp,ca,118
V/AlarmManager( 1016): sending alarm Alarm{443e8d18 type 3 android}
I/SFPerfTracer(  278):      triggers: (rate: 139:75902) (134554 sw vsyncs) (158901 skipped) (0:660567 vsyncs) (1:886032)
V/AlarmManager( 1016): sending alarm Alarm{443e87e0 type 3 com.devexpert.weather}
I/ActivityManager( 1016): Start proc com.devexpert.weather for broadcast com.devexpert.weather/.view.WidgetWeather2x1: pid=2358 uid=10112 gids={50112, 3003, 1028, 1015}
I/ActivityManager( 1016): START u0 {act=com.android.systemui.recent.action.TOGGLE_RECENTS flg=0x10800000 cmp=com.android.systemui/.recent.RecentsActivity (has extras)} from pid 1078
W/ContextImpl( 1231): Calling a method in the system process without a qualified user: android.app.ContextImpl.sendBroadcast:1252 android.content.ContextWrapper.sendBroadcast:365 com.motorola.motocare.util.TriggerHelper$TriggerBuilder.send:76 com.motorola.motocare.internal.frameworkevents.PauseResumeTrigger.handleFrameworkEvent:53 com.motorola.motocare.internal.frameworkevents.FwEventMonitor$FrameworkListener.processFrameworkEvent:114 
W/ContextImpl( 1231): Calling a method in the system process without a qualified user: android.app.ContextImpl.sendBroadcast:1252 android.content.ContextWrapper.sendBroadcast:365 com.motorola.motocare.util.TriggerHelper$TriggerBuilder.send:76 com.motorola.motocare.internal.frameworkevents.PauseResumeTrigger.handleFrameworkEvent:53 com.motorola.motocare.internal.frameworkevents.FwEventMonitor$FrameworkListener.processFrameworkEvent:114 
I/LaunchCheckinHandler( 1016): Displayed com.android.systemui/.recent.RecentsActivity,wp,wa,365
I/SFPerfTracer(  278):      triggers: (rate: 478:15093) (compose: 0:47) (post: 0:2) (render: 44:4017) (12:192801 frames) (13:615665)
D/SFPerfTracer(  278):        layers: (6:13) (DimLayer: 0:145)* (DimLayer: 0:39)* (FocusedStackFrame: 0:4120)* (StatusBar: 0:37087) (NavigationBar: 5:30472) (DimLayer: 0:6042)* (DimLayer: 0:812)* (com.android.systemui.ImageWallpaper: 0:236) (com.android.launcher/com.android.launcher2.Launcher: 0:120)* (Starting com.giftme.fb_auth: 0:17)* (com.giftme.fb_auth/com.giftme.fb_auth.FB_Auth: 13:54) (com.android.systemui/com.android.systemui.recent.RecentsActivity: 1:10) (thumbnail anim: 13:14) 
I/ActivityManager( 1016): Killing 2032:com.imangi.templerun2/u0a111 (adj 15): empty #9
W/ContextImpl( 1231): Calling a method in the system process without a qualified user: android.app.ContextImpl.sendBroadcast:1252 android.content.ContextWrapper.sendBroadcast:365 com.motorola.motocare.util.TriggerHelper$TriggerBuilder.send:76 com.motorola.motocare.internal.frameworkevents.ProcessKillTrigger.sendTrigger:147 com.motorola.motocare.internal.frameworkevents.ProcessKillTrigger.handleFrameworkEvent:164 
I/ActivityManager( 1016): Killing 1929:com.giftme.fb_auth/u0a106 (adj 9): remove task
W/ContextImpl( 1231): Calling a method in the system process without a qualified user: android.app.ContextImpl.sendBroadcast:1252 android.content.ContextWrapper.sendBroadcast:365 com.motorola.motocare.util.TriggerHelper$TriggerBuilder.send:76 com.motorola.motocare.internal.frameworkevents.ProcessKillTrigger.sendTrigger:147 com.motorola.motocare.internal.frameworkevents.ProcessKillTrigger.handleFrameworkEvent:164 
I/WindowState( 1016): WIN DEATH: Window{434d9030 u0 com.giftme.fb_auth/com.giftme.fb_auth.FB_Auth}
I/SFPerfTracer(  278):      triggers: (rate: 139:75902) (134554 sw vsyncs) (158901 skipped) (43:660669 vsyncs) (45:886158)
I/ActivityManager( 1016): START u0 {act=android.intent.action.MAIN cat=[android.intent.category.HOME] flg=0x10200000 cmp=com.android.launcher/com.android.launcher2.Launcher} from pid 1016
W/ContextImpl( 1231): Calling a method in the system process without a qualified user: android.app.ContextImpl.sendBroadcast:1252 android.content.ContextWrapper.sendBroadcast:365 com.motorola.motocare.util.TriggerHelper$TriggerBuilder.send:76 com.motorola.motocare.internal.frameworkevents.PauseResumeTrigger.handleFrameworkEvent:53 com.motorola.motocare.internal.frameworkevents.FwEventMonitor$FrameworkListener.processFrameworkEvent:114 
W/ContextImpl( 1231): Calling a method in the system process without a qualified user: android.app.ContextImpl.sendBroadcast:1252 android.content.ContextWrapper.sendBroadcast:365 com.motorola.motocare.util.TriggerHelper$TriggerBuilder.send:76 com.motorola.motocare.internal.frameworkevents.PauseResumeTrigger.handleFrameworkEvent:53 com.motorola.motocare.internal.frameworkevents.FwEventMonitor$FrameworkListener.processFrameworkEvent:114 
I/LaunchCheckinHandler( 1016): Displayed com.android.launcher/com.android.launcher2.Launcher,wp,wa,152
I/SFPerfTracer(  278):      triggers: (rate: 478:15093) (compose: 0:47) (post: 0:2) (render: 44:4019) (12:192818 frames) (13:615742)
D/SFPerfTracer(  278):        layers: (5:12) (DimLayer: 0:145)* (DimLayer: 0:39)* (FocusedStackFrame: 0:4120)* (StatusBar: 13:37101) (NavigationBar: 13:30495) (DimLayer: 0:6042)* (DimLayer: 0:812)* (com.android.systemui.ImageWallpaper: 0:237) (com.giftme.fb_auth/com.giftme.fb_auth.FB_Auth: 0:57)* (com.android.systemui/com.android.systemui.recent.RecentsActivity: 13:76) (thumbnail anim: 0:17)* (com.android.launcher/com.android.launcher2.Launcher: 13:18) 
I/ActivityManager( 1016): START u0 {act=android.intent.action.MAIN cat=[android.intent.category.LAUNCHER] flg=0x10200000 cmp=com.giftme.fb_auth/.FB_Auth bnds=[360,385][520,585]} from pid 813
W/ContextImpl( 1231): Calling a method in the system process without a qualified user: android.app.ContextImpl.sendBroadcast:1252 android.content.ContextWrapper.sendBroadcast:365 com.motorola.motocare.util.TriggerHelper$TriggerBuilder.send:76 com.motorola.motocare.internal.frameworkevents.PauseResumeTrigger.handleFrameworkEvent:53 com.motorola.motocare.internal.frameworkevents.FwEventMonitor$FrameworkListener.processFrameworkEvent:114 
I/ActivityManager( 1016): Start proc com.giftme.fb_auth for activity com.giftme.fb_auth/.FB_Auth: pid=2447 uid=10106 gids={50106, 3003, 1028, 1015}
W/ContextImpl( 1231): Calling a method in the system process without a qualified user: android.app.ContextImpl.sendBroadcast:1252 android.content.ContextWrapper.sendBroadcast:365 com.motorola.motocare.util.TriggerHelper$TriggerBuilder.send:76 com.motorola.motocare.internal.frameworkevents.PauseResumeTrigger.handleFrameworkEvent:53 com.motorola.motocare.internal.frameworkevents.FwEventMonitor$FrameworkListener.processFrameworkEvent:114 
I/LaunchCheckinHandler( 1016): Displayed com.giftme.fb_auth/.FB_Auth,cp,ca,385
I/SFPerfTracer(  278):      triggers: (rate: 139:75902) (134554 sw vsyncs) (158901 skipped) (38:660779 vsyncs) (40:886283)
I/SFPerfTracer(  278):      triggers: (rate: 478:15093) (compose: 0:47) (post: 0:2) (render: 44:4019) (0:192843 frames) (1:615842)
D/SFPerfTracer(  278):        layers: (3:12) (DimLayer: 0:145)* (DimLayer: 0:39)* (FocusedStackFrame: 0:4123)* (StatusBar: 0:37129) (NavigationBar: 0:30541) (DimLayer: 0:6042)* (DimLayer: 0:812)* (com.android.systemui.ImageWallpaper: 0:238)* (com.android.systemui/com.android.systemui.recent.RecentsActivity: 0:78)* (com.android.launcher/com.android.launcher2.Launcher: 0:64)* (Starting com.giftme.fb_auth: 0:30)* (com.giftme.fb_auth/com.giftme.fb_auth.FB_Auth: 1:11) 
I/SFPerfTracer(  278):      triggers: (rate: 139:75902) (134554 sw vsyncs) (158901 skipped) (18:660864 vsyncs) (20:886390)
V/AlarmManager( 1016): sending alarm Alarm{430b88b8 type 3 android}
V/AlarmManager( 1016): sending alarm Alarm{43c95d70 type 3 com.devexpert.weather}
V/AlarmManager( 1016): sending alarm Alarm{443cb5a8 type 2 android}
D/WifiP2pService( 1016): InactiveState{ when=-2ms what=143375 arg1=1 arg2=196615 obj=android.net.DhcpStateMachine@4290d258 target=com.android.internal.util.StateMachine$SmHandler }
D/WifiP2pService( 1016): P2pEnabledState{ when=-2ms what=143375 arg1=1 arg2=196615 obj=android.net.DhcpStateMachine@4290d258 target=com.android.internal.util.StateMachine$SmHandler }
D/WifiP2pService( 1016): InactiveState{ when=0 what=143375 target=com.android.internal.util.StateMachine$SmHandler }
D/WifiP2pService( 1016): P2pEnabledState{ when=0 what=143375 target=com.android.internal.util.StateMachine$SmHandler }
D/ConnectivityService( 1016): Captive portal check NetworkInfo: type: WIFI[], state: CONNECTING/CAPTIVE_PORTAL_CHECK, reason: (unspecified), extra: "Moulin Rouge", roaming: false, failover: false, isAvailable: true, isConnectedToProvisioningNetwork: false
D/ConnectivityService( 1016): handleCaptivePortalTrackerCheck: call captivePortalCheckComplete ni=NetworkInfo: type: WIFI[], state: CONNECTING/CAPTIVE_PORTAL_CHECK, reason: (unspecified), extra: "Moulin Rouge", roaming: false, failover: false, isAvailable: true, isConnectedToProvisioningNetwork: false
D/ConnectivityService( 1016): Captive portal check NetworkInfo: type: WIFI[], state: CONNECTING/CAPTIVE_PORTAL_CHECK, reason: (unspecified), extra: "Moulin Rouge", roaming: false, failover: false, isAvailable: true, isConnectedToProvisioningNetwork: false
D/ConnectivityService( 1016): handleCaptivePortalTrackerCheck: call captivePortalCheckComplete ni=NetworkInfo: type: WIFI[], state: CONNECTING/CAPTIVE_PORTAL_CHECK, reason: (unspecified), extra: "Moulin Rouge", roaming: false, failover: false, isAvailable: true, isConnectedToProvisioningNetwork: false
D/ConnectivityService( 1016): ConnectivityChange for WIFI: CONNECTED/CONNECTED
V/ConnectivityService( 1016): WiFi NOT Tethered!
E/ConnectivityService( 1016): Unexpected mtu value: android.net.wifi.WifiStateTracker@42f7b6f8
D/ConnectivityService( 1016): handleConnectivityChange: address are the same reset per doReset linkProperty[1]: resetMask=0
D/Nat464Xlat( 1016): requiresClat: netType=1, hasIPv4Address=true
D/ConnectivityService( 1016): ConnectivityChange for WIFI: CONNECTED/CONNECTED
V/ConnectivityService( 1016): WiFi NOT Tethered!
E/ConnectivityService( 1016): Unexpected mtu value: android.net.wifi.WifiStateTracker@42f7b6f8
D/ConnectivityService( 1016): handleConnectivityChange: address are the same reset per doReset linkProperty[1]: resetMask=0
D/Nat464Xlat( 1016): requiresClat: netType=1, hasIPv4Address=true
D/MobileDataStateTracker( 1016): default: setPolicyDataEnable(enabled=true)
D/MobileDataStateTracker( 1016): default: setPolicyDataEnable(enabled=true)
D/MobileDataStateTracker( 1016): default: setPolicyDataEnable(enabled=true)
D/MobileDataStateTracker( 1016): default: setPolicyDataEnable(enabled=true)
D/ConnectivityService( 1016): NetTransition Wakelock for ConnectedState released by timeout
I/ActivityManager( 1016): Start proc com.google.android.music:main for broadcast com.google.android.music/.homewidgets.IFLWidgetProvider: pid=2614 uid=10082 gids={50082, 3003, 1028, 1015}
E/ActivityThread(31852): Failed to find provider info for com.motorola.blur.setupprovider
E/ActivityThread(31852): Failed to find provider info for com.motorola.blur.setupprovider
W/Vold    (  261): Returning OperationFailed - no handler for errno 30
W/Vold    (  261): Returning OperationFailed - no handler for errno 30
W/Vold    (  261): Returning OperationFailed - no handler for errno 30
I/openssl (  944): Crypto mode not selected, openssl will run on its regular mode.
I/openssl (  944): Crypto mode 0 already enabled
I/ActivityManager( 1016): Start proc com.android.mms for broadcast com.android.mms/.transaction.MmsSystemEventReceiver: pid=2666 uid=10031 gids={50031, 3003, 1028, 1015}
I/ActivityManager( 1016): Start proc com.google.android.setupwizard for broadcast com.google.android.setupwizard/.MobileConnectivityChangeReceiver: pid=2699 uid=10042 gids={50042, 3003}
W/Vold    (  261): Returning OperationFailed - no handler for errno 30
W/Vold    (  261): Returning OperationFailed - no handler for errno 30
I/ActivityManager( 1016): Killing 636:android.process.acore/u0a10 (adj 15): empty #9
W/ContextImpl( 1231): Calling a method in the system process without a qualified user: android.app.ContextImpl.sendBroadcast:1252 android.content.ContextWrapper.sendBroadcast:365 com.motorola.motocare.util.TriggerHelper$TriggerBuilder.send:76 com.motorola.motocare.internal.frameworkevents.ProcessKillTrigger.sendTrigger:147 com.motorola.motocare.internal.frameworkevents.ProcessKillTrigger.handleFrameworkEvent:164 
I/ActivityManager( 1016): Start proc android.process.acore for content provider com.android.providers.contacts/.ContactsProvider2: pid=2722 uid=10010 gids={50010, 3003, 1028, 1015, 1023}
I/ActivityManager( 1016): Killing 2058:com.google.android.apps.magazines/u0a77 (adj 15): empty #9
W/ContextImpl( 1231): Calling a method in the system process without a qualified user: android.app.ContextImpl.sendBroadcast:1252 android.content.ContextWrapper.sendBroadcast:365 com.motorola.motocare.util.TriggerHelper$TriggerBuilder.send:76 com.motorola.motocare.internal.frameworkevents.ProcessKillTrigger.sendTrigger:147 com.motorola.motocare.internal.frameworkevents.ProcessKillTrigger.handleFrameworkEvent:164 
W/Vold    (  261): Returning OperationFailed - no handler for errno 30
W/Vold    (  261): Returning OperationFailed - no handler for errno 30
I/ActivityManager( 1016): Start proc com.google.android.apps.plus for broadcast com.google.android.apps.plus/.service.ConnectivityReceiver: pid=2736 uid=10090 gids={50090, 3003, 3002, 1028, 1015}
I/ActivityManager( 1016): Start proc com.google.android.talk for broadcast com.google.android.talk/com.google.android.apps.hangouts.service.NetworkStateReceiver: pid=2762 uid=10071 gids={50071, 3003, 1028, 1015, 3002}
I/ActivityManager( 1016): Killing 2130:com.google.android.apps.cloudprint/u0a58 (adj 15): empty #9
W/ContextImpl( 1231): Calling a method in the system process without a qualified user: android.app.ContextImpl.sendBroadcast:1252 android.content.ContextWrapper.sendBroadcast:365 com.motorola.motocare.util.TriggerHelper$TriggerBuilder.send:76 com.motorola.motocare.internal.frameworkevents.ProcessKillTrigger.sendTrigger:147 com.motorola.motocare.internal.frameworkevents.ProcessKillTrigger.handleFrameworkEvent:164 
I/ActivityManager( 1016): Start proc com.google.android.gms.unstable for service com.google.android.gms/.droidguard.DroidGuardService: pid=2776 uid=10022 gids={50022, 3003, 1007, 1028, 1015, 3002, 3001, 3007, 2001, 3006}
I/ActivityManager( 1016): Start proc com.google.android.apps.magazines for broadcast com.google.android.apps.magazines/com.google.apps.dots.android.newsstand.appwidget.NewsWidgetProvider: pid=2809 uid=10077 gids={50077, 3003, 1028, 1015}
W/AppOps  ( 1016): Bad call: specified package qcamera under uid 1013 but it is really -1
W/AppOps  ( 1016): Bad call: specified package qcamera under uid 1013 but it is really -1
W/AppOps  ( 1016): Bad call: specified package qcamera under uid 1013 but it is really -1
W/Vold    (  261): Returning OperationFailed - no handler for errno 30
W/Vold    (  261): Returning OperationFailed - no handler for errno 30
W/AppOps  ( 1016): Bad call: specified package qcamera under uid 1013 but it is really -1
W/Vold    (  261): Returning OperationFailed - no handler for errno 30
