W/ContextImpl( 1231): Calling a method in the system process without a qualified user: android.app.ContextImpl.sendBroadcast:1252 android.content.ContextWrapper.sendBroadcast:365 com.motorola.motocare.util.TriggerHelper$TriggerBuilder.send:76 com.motorola.motocare.internal.frameworkevents.PauseResumeTrigger.handleFrameworkEvent:53 com.motorola.motocare.internal.frameworkevents.FwEventMonitor$FrameworkListener.processFrameworkEvent:114 
W/ContextImpl( 1231): Calling a method in the system process without a qualified user: android.app.ContextImpl.sendBroadcast:1252 android.content.ContextWrapper.sendBroadcast:365 com.motorola.motocare.util.TriggerHelper$TriggerBuilder.send:76 com.motorola.motocare.internal.frameworkevents.PauseResumeTrigger.handleFrameworkEvent:53 com.motorola.motocare.internal.frameworkevents.FwEventMonitor$FrameworkListener.processFrameworkEvent:114 
D/UsbDeviceManager( 1016): MSG_USER_PRESENT
I/ActivityManager( 1016): Start proc com.devexpert.weather for broadcast com.devexpert.weather/.view.WidgetWeather2x1: pid=734 uid=10112 gids={50112, 3003, 1028, 1015}
D/ConnectivityService( 1016): stopUsingNetworkFeature: teardown net 0: enableSUPL
I/ActivityManager( 1016): Start proc com.linkedin.android for broadcast com.linkedin.android/.appwidget.ResponsiveWidgetService$ActiveUserListener: pid=779 uid=10123 gids={50123, 3003, 1028, 1015}
I/SFPerfTracer(  278):       trigger: vsync rate (-41.934%)	(34.840 vps)	(28.703 ms)* 	(187 drops)	(412 vsyncs)
I/SFPerfTracer(  278):      triggers: (rate: 161:90632) (229580 sw vsyncs) (191097 skipped) (412:810537 vsyncs) (414:1140535)
D/MobileDataStateTracker( 1016): supl: Broadcast received: android.intent.action.ANY_DATA_STATE apnType=supl
D/MobileDataStateTracker( 1016): supl: Received state=DISCONNECTED, old=CONNECTED, reason=dataDisabled
D/MobileDataStateTracker( 1016): supl: setDetailed state, old =CONNECTED and new state=DISCONNECTED
D/ConnectivityService( 1016): ConnectivityChange for mobile_supl: DISCONNECTED/DISCONNECTED
W/FrameworkListener(  274): Handler 'interface' error (No such device)
W/FrameworkListener(  274): Handler 'interface' error (No such device)
D/ConnectivityService( 1016): resetConnections(rmnet0, 3)
D/Nat464Xlat( 1016): requiresClat: netType=3, hasIPv4Address=true
D/MobileDataStateTracker( 1016): default: setPolicyDataEnable(enabled=true)
I/SFPerfTracer(  278):      triggers: (rate: 502:16442) (compose: 0:58) (post: 0:3) (render: 47:4356) (11:246055 frames) (12:732425)
D/SFPerfTracer(  278):        layers: (4:12) (DimLayer: 0:145)* (DimLayer: 0:163)* (FocusedStackFrame: 0:5435)* (StatusBar: 1:54137) (NavigationBar: 11:35261) (DimLayer: 0:10244)* (DimLayer: 0:1167) (com.android.wallpaper.fall.FallWallpaper: 0:10611)* (com.giftme.fb_auth/com.giftme.fb_auth.FB_Auth: 0:59)* (Keyguard: 0:131)* (Starting com.whatsapp: 11:28) (com.whatsapp/com.whatsapp.Conversation: 11:12)* 
D/MobileDataStateTracker( 1016): default: setPolicyDataEnable(enabled=true)
D/MobileDataStateTracker( 1016): default: setPolicyDataEnable(enabled=true)
D/MobileDataStateTracker( 1016): default: setPolicyDataEnable(enabled=true)
I/LaunchCheckinHandler( 1016): Displayed com.whatsapp/.Conversation,wp,ca,1186
I/ActivityManager( 1016): Start proc com.android.mms for broadcast com.android.mms/.transaction.MmsSystemEventReceiver: pid=937 uid=10031 gids={50031, 3003, 1028, 1015}
F/ProcessStats( 1016): Starting service ServiceState{43a506e8 com.tranzmate.services.LocationService pkg=com.tranzmate proc=43a506e8} without owner
I/ActivityManager( 1016): Process com.linkedin.android (pid 779) has died.
F/ProcessStats( 1016): Starting service ServiceState{43a506e8 com.tranzmate.services.LocationService pkg=com.tranzmate proc=43a506e8} without owner
I/ActivityManager( 1016): Process com.devexpert.weather (pid 734) has died.
I/SFPerfTracer(  278):      triggers: (rate: 161:90632) (229580 sw vsyncs) (191097 skipped) (15:810625 vsyncs) (17:1140636)
E/ActivityThread(31852): Failed to find provider info for com.motorola.blur.setupprovider
I/openssl (24728): Crypto mode not selected, openssl will run on its regular mode.
I/openssl (24728): Crypto mode 0 already enabled
E/ActivityThread(31852): Failed to find provider info for com.motorola.blur.setupprovider
I/ActivityManager( 1016): Start proc com.google.android.setupwizard for broadcast com.google.android.setupwizard/.MobileConnectivityChangeReceiver: pid=980 uid=10042 gids={50042, 3003}
I/ActivityManager( 1016): Process com.android.mms (pid 937) has died.
I/ActivityManager( 1016): Start proc com.google.android.apps.plus for broadcast com.google.android.apps.plus/.service.ConnectivityReceiver: pid=998 uid=10090 gids={50090, 3003, 3002, 1028, 1015}
I/ActivityManager( 1016): Start proc com.google.android.gms.unstable for service com.google.android.gms/.droidguard.DroidGuardService: pid=1010 uid=10022 gids={50022, 3003, 1007, 1028, 1015, 3002, 3001, 3007, 2001, 3006}
I/ActivityManager( 1016): Start proc com.google.android.talk for broadcast com.google.android.talk/com.google.android.apps.hangouts.service.NetworkStateReceiver: pid=1094 uid=10071 gids={50071, 3003, 1028, 1015, 3002}
W/AppOps  ( 1016): Bad call: specified package qcamera under uid 1013 but it is really -1
I/ActivityManager( 1016): Start proc com.google.android.apps.magazines for broadcast com.google.android.apps.magazines/com.google.apps.dots.android.newsstand.appwidget.NewsWidgetProvider: pid=1118 uid=10077 gids={50077, 3003, 1028, 1015}
W/AppOps  ( 1016): Bad call: specified package qcamera under uid 1013 but it is really -1
W/AppOps  ( 1016): Bad call: specified package qcamera under uid 1013 but it is really -1
W/Vold    (  261): Returning OperationFailed - no handler for errno 30
W/Vold    (  261): Returning OperationFailed - no handler for errno 30
W/AppOps  ( 1016): Bad call: specified package qcamera under uid 1013 but it is really -1
W/Vold    (  261): Returning OperationFailed - no handler for errno 30
W/Vold    (  261): Returning OperationFailed - no handler for errno 30
F/ProcessStats( 1016): Starting service ServiceState{43a506e8 com.tranzmate.services.LocationService pkg=com.tranzmate proc=43a506e8} without owner
I/ActivityManager( 1016): Start proc com.android.chrome for broadcast com.android.chrome/com.google.android.apps.chrome.precache.PrecacheServiceLauncher: pid=1183 uid=10057 gids={50057, 3003, 1028, 1015}
I/ActivityManager( 1016): Start proc com.rhmsoft.fm:crash.feedback for broadcast com.rhmsoft.fm/com.cleanmaster.fm.receiver.ConnectivityChangeBroadcastReceiver: pid=1199 uid=10105 gids={50105, 3003, 1028, 1015}
F/ProcessStats( 1016): Starting service ServiceState{43a506e8 com.tranzmate.services.LocationService pkg=com.tranzmate proc=43a506e8} without owner
I/ActivityManager( 1016): Process com.google.android.setupwizard (pid 980) has died.
F/ProcessStats( 1016): Starting service ServiceState{43a506e8 com.tranzmate.services.LocationService pkg=com.tranzmate proc=43a506e8} without owner
I/ActivityManager( 1016): Process com.google.android.apps.plus (pid 998) has died.
W/Vold    (  261): Returning OperationFailed - no handler for errno 30
W/Vold    (  261): Returning OperationFailed - no handler for errno 30
I/ActivityManager( 1016): Start proc com.mobisystems.ubreader_west for broadcast com.mobisystems.ubreader_west/com.mobisystems.ubreader.launcher.network.NetworkStateReceiver: pid=1227 uid=10117 gids={50117, 3003, 1028, 1015}
W/Vold    (  261): Returning OperationFailed - no handler for errno 30
W/Vold    (  261): Returning OperationFailed - no handler for errno 30
F/ProcessStats( 1016): Starting service ServiceState{43a506e8 com.tranzmate.services.LocationService pkg=com.tranzmate proc=43a506e8} without owner
I/openssl (24728): Crypto mode not selected, openssl will run on its regular mode.
I/openssl (24728): Crypto mode 0 already enabled
I/ActivityManager( 1016): Start proc com.android.mms for broadcast com.android.mms/.transaction.MmsSystemEventReceiver: pid=1268 uid=10031 gids={50031, 3003, 1028, 1015}
I/ActivityManager( 1016): Process com.google.android.talk (pid 1094) has died.
W/ActivityManager( 1016): Service ServiceRecord{4442f4e0 u0 com.google.android.talk/com.google.android.libraries.hangouts.video.CallService} in process ProcessRecord{43825a90 1094:com.google.android.talk/u0a71} not same as in map: null
F/ProcessStats( 1016): Starting service ServiceState{43a506e8 com.tranzmate.services.LocationService pkg=com.tranzmate proc=43a506e8} without owner
I/ActivityManager( 1016): Start proc com.google.android.setupwizard for broadcast com.google.android.setupwizard/.MobileConnectivityChangeReceiver: pid=1306 uid=10042 gids={50042, 3003}
F/ProcessStats( 1016): Starting service ServiceState{43a506e8 com.tranzmate.services.LocationService pkg=com.tranzmate proc=43a506e8} without owner
I/ActivityManager( 1016): Start proc com.google.android.apps.plus for broadcast com.google.android.apps.plus/.service.ConnectivityReceiver: pid=1322 uid=10090 gids={50090, 3003, 3002, 1028, 1015}
I/ActivityManager( 1016): Process com.google.android.apps.magazines (pid 1118) has died.
I/ActivityManager( 1016): Start proc com.google.android.talk for broadcast com.google.android.talk/com.google.android.apps.hangouts.service.NetworkStateReceiver: pid=1350 uid=10071 gids={50071, 3003, 1028, 1015, 3002}
I/ActivityManager( 1016): Process com.mobisystems.ubreader_west (pid 1227) has died.
I/ActivityManager( 1016): Start proc com.google.android.apps.magazines for broadcast com.google.android.apps.magazines/com.google.apps.dots.android.newsstand.appwidget.NewsWidgetProvider: pid=1383 uid=10077 gids={50077, 3003, 1028, 1015}
W/AppOps  ( 1016): Bad call: specified package qcamera under uid 1013 but it is really -1
W/AppOps  ( 1016): Bad call: specified package qcamera under uid 1013 but it is really -1
W/Vold    (  261): Returning OperationFailed - no handler for errno 30
W/Vold    (  261): Returning OperationFailed - no handler for errno 30
W/Vold    (  261): Returning OperationFailed - no handler for errno 30
W/Vold    (  261): Returning OperationFailed - no handler for errno 30
W/AppOps  ( 1016): Bad call: specified package qcamera under uid 1013 but it is really -1
I/ActivityManager( 1016): Process com.android.chrome (pid 1183) has died.
F/ProcessStats( 1016): Starting service ServiceState{43a506e8 com.tranzmate.services.LocationService pkg=com.tranzmate proc=43a506e8} without owner
W/AppOps  ( 1016): Bad call: specified package qcamera under uid 1013 but it is really -1
F/ProcessStats( 1016): Starting service ServiceState{43a506e8 com.tranzmate.services.LocationService pkg=com.tranzmate proc=43a506e8} without owner
I/ActivityManager( 1016): Start proc com.android.chrome for broadcast com.android.chrome/com.google.android.apps.chrome.precache.PrecacheServiceLauncher: pid=1444 uid=10057 gids={50057, 3003, 1028, 1015}
W/Vold    (  261): Returning OperationFailed - no handler for errno 30
W/Vold    (  261): Returning OperationFailed - no handler for errno 30
I/ActivityManager( 1016): Start proc com.mobisystems.ubreader_west for broadcast com.mobisystems.ubreader_west/com.mobisystems.ubreader.launcher.network.NetworkStateReceiver: pid=1459 uid=10117 gids={50117, 3003, 1028, 1015}
I/ActivityManager( 1016): Process com.google.android.talk (pid 1350) has died.
W/ActivityManager( 1016): Service ServiceRecord{43cdc1e8 u0 com.google.android.talk/com.google.android.libraries.hangouts.video.CallService} in process ProcessRecord{4354c578 1350:com.google.android.talk/u0a71} not same as in map: null
D/ConnectivityService( 1016): handleInetConditionHoldEnd: net=1, condition=100, published condition=100
I/SFPerfTracer(  278):      triggers: (rate: 502:16442) (compose: 0:58) (post: 0:3) (render: 47:4356) (0:246064 frames) (1:732525)
D/SFPerfTracer(  278):        layers: (3:10) (DimLayer: 0:145)* (DimLayer: 0:163)* (FocusedStackFrame: 0:5437)* (StatusBar: 1:54147) (NavigationBar: 0:35263) (DimLayer: 0:10244)* (DimLayer: 0:1168)* (com.android.wallpaper.fall.FallWallpaper: 0:10611)* (Starting com.whatsapp: 0:40)* (com.whatsapp/com.whatsapp.Conversation: 0:94) 
I/ActivityManager( 1016): Process com.google.android.apps.plus (pid 1322) has died.
I/ActivityManager( 1016): Process com.google.android.apps.magazines (pid 1383) has died.
I/ActivityManager( 1016): Process com.android.mms (pid 1268) has died.
F/ProcessStats( 1016): Starting service ServiceState{43a506e8 com.tranzmate.services.LocationService pkg=com.tranzmate proc=43a506e8} without owner
--------- beginning of /dev/log/main
D/WifiStateMachine( 1016): processMsg: L2ConnectedState
D/WifiStateMachine( 1016): handleMessage: X
D/WifiStateMachine( 1016): handleMessage: E msg.what=151572
D/WifiStateMachine( 1016): processMsg: ConnectedState
D/WifiStateMachine( 1016): processMsg: L2ConnectedState
D/WifiStateMachine( 1016): handleMessage: X
I/SBar.NetworkController( 1078): onSignalStrengthsChanged SignalStrength: 3 0 -120 -160 -120 -1 -1 99 2147483647 2147483647 2147483647 2147483647 2147483647 gsm|lte 0 -108 -1 false 1 1 0 0 0 99 99 99 4 level=1
I/SBar.NetworkController( 1078): refreshSignalCluster: mobile: Signal=zz_moto_stat_sys_signal_1_fully_wide Roaming=(none) mSimIconId=(none) Accessibility="Phone one bar.","Not roaming.",""
F/ProcessStats( 1016): Starting service ServiceState{43a506e8 com.tranzmate.services.LocationService pkg=com.tranzmate proc=43a506e8} without owner
D/WifiStateMachine( 1016): handleMessage: E msg.what=151572
D/WifiStateMachine( 1016): processMsg: ConnectedState
D/WifiStateMachine( 1016): processMsg: L2ConnectedState
D/WifiStateMachine( 1016): handleMessage: X
I/SFPerfTracer(  278):      triggers: (rate: 161:90632) (229580 sw vsyncs) (191097 skipped) (17:810719 vsyncs) (19:1140753)
D/WifiStateMachine( 1016): handleMessage: E msg.what=151572
D/WifiStateMachine( 1016): processMsg: ConnectedState
D/WifiStateMachine( 1016): processMsg: L2ConnectedState
D/WifiStateMachine( 1016): handleMessage: X
D/AlarmManagerService( 1016): Kernel timezone updated to -60 minutes west of GMT
I/SBar.NetworkController( 1078): onServiceStateChanged state=0 0 home voice home data home Meteor  27203 Meteor  27203  UMTS UMTS CSS not supported -1 -1 RoamInd=-1 DefRoamInd=-1 EmergOnly=false VoiceState=0=STATE_IN_SERVICE DataState=0=STATE_IN_SERVICE
D/OtaApp  (31852): [debug] > PollingMangerService, phone state: 0 0 home voice home data home Meteor  27203 Meteor  27203  UMTS UMTS CSS not supported -1 -1 RoamInd=-1 DefRoamInd=-1 EmergOnly=false
D/PollingManager(31852): phone state: 0 0 home voice home data home Meteor  27203 Meteor  27203  UMTS UMTS CSS not supported -1 -1 RoamInd=-1 DefRoamInd=-1 EmergOnly=false
D/Checkin ( 1279): publish the event [tag = CALL_PERF_HO_SUCCESS event name = HO_STATS]
D/WifiService( 1016): acquireWifiLockLocked: WifiLock{NlpWifiLock type=2 binder=android.os.BinderProxy@42a27638}
D/WifiStateMachine( 1016): handleMessage: E msg.what=131143
D/WifiStateMachine( 1016): processMsg: ConnectedState
D/WifiStateMachine( 1016): processMsg: L2ConnectedState
D/WifiStateMachine( 1016): handleMessage: X
V/GAV3    ( 1459): Thread[GAThread,5,main]: connecting to Analytics service
V/GAV3    ( 1459): Thread[GAThread,5,main]: connect: bindService returned true for Intent { act=com.google.android.gms.analytics.service.START cmp=com.google.android.gms/.analytics.service.AnalyticsService (has extras) }
V/GAV3    ( 1459): Thread[main,5,main]: service connected, binder: android.os.BinderProxy@427bc8b0
V/GAV3    ( 1459): Thread[main,5,main]: bound to service
V/GAV3    ( 1459): Thread[GAThread,5,main]: Loaded clientId
V/GAV3    ( 1459): Thread[main,5,main]: Connected to service
I/GAV3    ( 1459): Thread[GAThread,5,main]: No campaign data found.
D/MDMCTBK (  276): reply_len: 40 reply is = IFNAME=wlan0 <3>CTRL-EVENT-SCAN-RESULTS 
D/MDMCTBK (  276): Event received = CTRL-EVENT-SCAN-RESULTS 
D/TCMD    ( 2001): NL - Read 56 bytes from update socket.
D/TCMD    ( 2001): NL - message type is RTM_NEWLINK
D/TCMD    ( 2001): Listening for incoming client connection request
D/WifiStateMachine( 1016): handleMessage: E msg.what=147461
D/WifiStateMachine( 1016): processMsg: ConnectedState
D/WifiStateMachine( 1016): processMsg: L2ConnectedState
D/WifiStateMachine( 1016): processMsg: ConnectModeState
D/WifiStateMachine( 1016): processMsg: DriverStartedState
D/WifiStateMachine( 1016): processMsg: SupplicantStartedState
D/WifiStateMachine( 1016): handleMessage: X
D/Ulp_jni ( 1016): Location CB invoked
D/WifiStateMachine( 1016): handleMessage: E msg.what=131155
D/WifiStateMachine( 1016): processMsg: ConnectedState
D/WifiStateMachine( 1016): processMsg: L2ConnectedState
D/WifiStateMachine( 1016): handleMessage: X
D/WifiStateMachine( 1016): handleMessage: E msg.what=151572
D/WifiStateMachine( 1016): processMsg: ConnectedState
D/WifiStateMachine( 1016): processMsg: L2ConnectedState
D/WifiStateMachine( 1016): handleMessage: X
D/WifiStateMachine( 1016): handleMessage: E msg.what=151572
D/WifiStateMachine( 1016): processMsg: ConnectedState
D/WifiStateMachine( 1016): processMsg: L2ConnectedState
D/WifiStateMachine( 1016): handleMessage: X
I/SBar.NetworkController( 1078): onSignalStrengthsChanged SignalStrength: 7 0 -120 -160 -120 -1 -1 99 2147483647 2147483647 2147483647 2147483647 2147483647 gsm|lte 0 -108 -1 false 2 2 0 0 0 99 99 99 4 level=2
I/InputReader( 1016): Reconfiguring input devices.  changes=0x00000010
I/ActivityManager( 1016): Start proc com.google.android.talk for broadcast com.google.android.talk/com.google.android.apps.hangouts.phone.PackageReplacedReceiver: pid=1545 uid=10071 gids={50071, 3003, 1028, 1015, 3002}
I/SBar.NetworkController( 1078): refreshSignalCluster: mobile: Signal=zz_moto_stat_sys_signal_2_fully_wide Roaming=(none) mSimIconId=(none) Accessibility="Phone two bars.","Not roaming.",""
I/PackageManager( 1016): Adding preferred activity ComponentInfo{com.android.mms/com.android.mms.ui.ComposeMessageActivity} for user 0 :
I/PackageManager( 1016):   Action: "android.intent.action.SENDTO"
I/PackageManager( 1016):   Category: "android.intent.category.DEFAULT"
I/PackageManager( 1016):   Scheme: "sms"
I/PackageManager( 1016): Adding preferred activity ComponentInfo{com.android.mms/com.android.mms.ui.ComposeMessageActivity} for user 0 :
I/PackageManager( 1016):   Action: "android.intent.action.SENDTO"
I/PackageManager( 1016):   Category: "android.intent.category.DEFAULT"
I/PackageManager( 1016):   Scheme: "smsto"
I/PackageManager( 1016): Adding preferred activity ComponentInfo{com.android.mms/com.android.mms.ui.ComposeMessageActivity} for user 0 :
I/PackageManager( 1016):   Action: "android.intent.action.SENDTO"
I/PackageManager( 1016):   Category: "android.intent.category.DEFAULT"
I/PackageManager( 1016):   Scheme: "mms"
I/PackageManager( 1016): Adding preferred activity ComponentInfo{com.android.mms/com.android.mms.ui.ComposeMessageActivity} for user 0 :
I/PackageManager( 1016):   Action: "android.intent.action.SENDTO"
I/PackageManager( 1016):   Category: "android.intent.category.DEFAULT"
I/PackageManager( 1016):   Scheme: "mmsto"
D/dalvikvm( 1255): GC_CONCURRENT freed 1897K, 36% free 11091K/17224K, paused 5ms+10ms, total 93ms
I/Launcher(  813): Deferring update until onResume
I/PackageManager( 1016): Adding preferred activity ComponentInfo{com.android.mms/com.android.mms.ui.ComposeMessageActivity} for user 0 :
I/PackageManager( 1016):   Action: "android.intent.action.SENDTO"
I/PackageManager( 1016):   Category: "android.intent.category.DEFAULT"
I/PackageManager( 1016):   Scheme: "sms"
D/dalvikvm( 1545): Trying to load lib /data/app-lib/com.google.android.talk-1/libcrashreporterer.so 0x427925b0
D/dalvikvm( 1545): Added shared lib /data/app-lib/com.google.android.talk-1/libcrashreporterer.so 0x427925b0
I/PackageManager( 1016): Adding preferred activity ComponentInfo{com.android.mms/com.android.mms.ui.ComposeMessageActivity} for user 0 :
I/PackageManager( 1016):   Action: "android.intent.action.SENDTO"
I/PackageManager( 1016):   Category: "android.intent.category.DEFAULT"
I/PackageManager( 1016):   Scheme: "smsto"
E/dalvikvm( 1545): Could not find class 'android.app.Notification$Action$Builder', referenced from method f.a
W/dalvikvm( 1545): VFY: unable to resolve new-instance 402 (Landroid/app/Notification$Action$Builder;) in Lf;
D/dalvikvm( 1545): VFY: replacing opcode 0x22 at 0x0000
I/PackageManager( 1016): Adding preferred activity ComponentInfo{com.android.mms/com.android.mms.ui.ComposeMessageActivity} for user 0 :
I/PackageManager( 1016):   Action: "android.intent.action.SENDTO"
I/PackageManager( 1016):   Category: "android.intent.category.DEFAULT"
I/PackageManager( 1016):   Scheme: "mms"
E/dalvikvm( 1545): Could not find class 'android.app.RemoteInput$Builder', referenced from method f.a
W/dalvikvm( 1545): VFY: unable to resolve new-instance 414 (Landroid/app/RemoteInput$Builder;) in Lf;
D/dalvikvm( 1545): VFY: replacing opcode 0x22 at 0x003d
I/PackageManager( 1016): Adding preferred activity ComponentInfo{com.android.mms/com.android.mms.ui.ComposeMessageActivity} for user 0 :
I/PackageManager( 1016):   Action: "android.intent.action.SENDTO"
I/PackageManager( 1016):   Category: "android.intent.category.DEFAULT"
I/PackageManager( 1016):   Scheme: "mmsto"
E/dalvikvm( 1545): Could not find class 'android.app.Notification$Action$Builder', referenced from method f.a
W/dalvikvm( 1545): VFY: unable to resolve new-instance 402 (Landroid/app/Notification$Action$Builder;) in Lf;
D/dalvikvm( 1545): VFY: replacing opcode 0x22 at 0x0000
W/dalvikvm( 1545): Unable to resolve superclass of Law; (790)
W/dalvikvm( 1545): Link of class 'Law;' failed
E/dalvikvm( 1545): Could not find class 'aw', referenced from method f.a
W/dalvikvm( 1545): VFY: unable to resolve new-instance 1214 (Law;) in Lf;
D/dalvikvm( 1545): VFY: replacing opcode 0x22 at 0x0006
W/dalvikvm( 1545): Unable to resolve superclass of Lay; (790)
W/dalvikvm( 1545): Link of class 'Lay;' failed
E/dalvikvm( 1545): Could not find class 'ay', referenced from method f.a
W/dalvikvm( 1545): VFY: unable to resolve new-instance 1268 (Lay;) in Lf;
D/dalvikvm( 1545): VFY: replacing opcode 0x22 at 0x002a
I/dalvikvm( 1545): Could not find method android.view.ViewGroup.isTransitionGroup, referenced from method f.a
W/dalvikvm( 1545): VFY: unable to resolve virtual method 5345: Landroid/view/ViewGroup;.isTransitionGroup ()Z
D/dalvikvm( 1545): VFY: replacing opcode 0x6e at 0x000c
I/dalvikvm( 1545): Could not find method android.view.View.getTransitionName, referenced from method f.a
W/dalvikvm( 1545): VFY: unable to resolve virtual method 5199: Landroid/view/View;.getTransitionName ()Ljava/lang/String;
D/dalvikvm( 1545): VFY: replacing opcode 0x6e at 0x0006
W/dalvikvm( 1545): VFY: unable to find class referenced in signature ([Landroid/app/RemoteInput;)
E/dalvikvm( 1545): Could not find class 'android.app.RemoteInput[]', referenced from method f.a
W/dalvikvm( 1545): VFY: unable to resolve new-array 6957 ([Landroid/app/RemoteInput;) in Lf;
D/dalvikvm( 1545): VFY: replacing opcode 0x23 at 0x0005
D/dalvikvm( 1545): DexOpt: couldn't find static field Landroid/os/Build;.SUPPORTED_ABIS
W/dalvikvm( 1545): VFY: unable to resolve static field 1486 (SUPPORTED_ABIS) in Landroid/os/Build;
D/dalvikvm( 1545): VFY: replacing opcode 0x62 at 0x0006
D/dalvikvm( 1545): DexOpt: unable to opt direct call 0x0a62 at 0x0e in Lf;.a
D/dalvikvm( 1545): DexOpt: unable to opt direct call 0x0ab7 at 0x43 in Lf;.a
D/dalvikvm( 1545): DexOpt: unable to opt direct call 0x0a62 at 0x0e in Lf;.a
W/dalvikvm( 1545): Unable to resolve superclass of Law; (790)
W/dalvikvm( 1545): Link of class 'Law;' failed
D/dalvikvm( 1545): DexOpt: unable to opt direct call 0x1d53 at 0x08 in Lf;.a
W/dalvikvm( 1545): Unable to resolve superclass of Lay; (790)
W/dalvikvm( 1545): Link of class 'Lay;' failed
D/dalvikvm( 1545): DexOpt: unable to opt direct call 0x1e94 at 0x2c in Lf;.a
D/dalvikvm( 1545): DexOpt: unable to opt direct call 0x0ab7 at 0x13 in Lf;.a
I/dalvikvm( 1545): Could not find method android.content.Context.getDrawable, referenced from method i.a
W/dalvikvm( 1545): VFY: unable to resolve virtual method 2839: Landroid/content/Context;.getDrawable (I)Landroid/graphics/drawable/Drawable;
D/dalvikvm( 1545): VFY: replacing opcode 0x6e at 0x0006
I/Babel   ( 1545): MmsConfig: mnc/mcc: 272/3
I/Babel   ( 1545): MmsConfig.loadMmsSettings
I/Babel   ( 1545): MmsConfig.loadDeviceMmsSettings from API: mUserAgent=motoxt1039, mUaProfUrl=http://uaprof.motorola.com/phoneconfig/motoxt1039/Profile/motoxt1039.rdf
I/Babel   ( 1545): MmsConfig.loadFromDatabase
E/SQLiteLog( 1545): (1) no such table: mmsconfig
I/Babel   ( 1545): MmsConfig: no mmsconfig table android.database.sqlite.SQLiteException: no such table: mmsconfig (code 1): , while compiling: SELECT key, value, type FROM mmsconfig WHERE numeric=?
I/Babel   ( 1545): MmsConfig.loadFromResources
E/Babel   ( 1545): canonicalizeMccMnc: invalid mccmnc nullnull
I/Babel   ( 1545): MmsConfig.loadMmsSettings: mUserAgent=motoxt1039, mUaProfUrl=http://uaprof.motorola.com/phoneconfig/motoxt1039/Profile/motoxt1039.rdf
W/Settings( 1545): Setting airplane_mode_on has moved from android.provider.Settings.System to android.provider.Settings.Global, returning read-only value.
I/Babel_StickerModule( 1545): App launched.
W/AppOps  ( 1016): Bad call: specified package qcamera under uid 1013 but it is really -1
I/ActivityManager( 1016): Start proc com.motorola.MotGallery2 for broadcast com.motorola.MotGallery2/com.android.gallery3d.app.PackagesMonitor: pid=1583 uid=10034 gids={50034, 3003, 1028, 1015}
I/ActivityManager( 1016): Process com.android.chrome (pid 1444) has died.
F/ProcessStats( 1016): Starting service ServiceState{43a506e8 com.tranzmate.services.LocationService pkg=com.tranzmate proc=43a506e8} without owner
D/WifiStateMachine( 1016): handleMessage: E msg.what=151572
D/WifiStateMachine( 1016): processMsg: ConnectedState
D/WifiStateMachine( 1016): processMsg: L2ConnectedState
W/AppOps  ( 1016): Bad call: specified package qcamera under uid 1013 but it is really -1
W/AppOps  ( 1016): Bad call: specified package qcamera under uid 1013 but it is really -1
D/WifiStateMachine( 1016): handleMessage: X
V/GmsNetworkLocationProvi(31965): DISABLE
W/ManagedEGLContext(29584): doTerminate failed: EGL count is 2 but managed count is 1
I/Launcher(  813): Deferring update until onResume
I/ActivityManager( 1016): Process com.google.android.setupwizard (pid 1306) has died.
W/AppOps  ( 1016): Bad call: specified package qcamera under uid 1013 but it is really -1
W/dalvikvm( 1545): Unable to resolve superclass of Lcom/google/android/libraries/hangouts/video/ScreenCaptureVideoSource$2; (596)
W/dalvikvm( 1545): Link of class 'Lcom/google/android/libraries/hangouts/video/ScreenCaptureVideoSource$2;' failed
E/dalvikvm( 1545): Could not find class 'com.google.android.libraries.hangouts.video.ScreenCaptureVideoSource$2', referenced from method com.google.android.libraries.hangouts.video.ScreenCaptureVideoSource.<init>
W/dalvikvm( 1545): VFY: unable to resolve new-instance 2878 (Lcom/google/android/libraries/hangouts/video/ScreenCaptureVideoSource$2;) in Lcom/google/android/libraries/hangouts/video/ScreenCaptureVideoSource;
D/dalvikvm( 1545): VFY: replacing opcode 0x22 at 0x0044
W/dalvikvm( 1545): VFY: unable to find class referenced in signature (Landroid/media/projection/MediaProjection;)
W/dalvikvm( 1545): VFY: unable to find class referenced in signature (Landroid/media/projection/MediaProjection;)
W/dalvikvm( 1545): VFY: unable to find class referenced in signature (Landroid/media/projection/MediaProjection;)
W/dalvikvm( 1545): VFY: unable to find class referenced in signature (Landroid/media/projection/MediaProjectionManager;)
I/dalvikvm( 1545): Could not find method android.media.projection.MediaProjection.createVirtualDisplay, referenced from method com.google.android.libraries.hangouts.video.ScreenCaptureVideoSource.createVirtualDisplay
W/dalvikvm( 1545): VFY: unable to resolve virtual method 3518: Landroid/media/projection/MediaProjection;.createVirtualDisplay (Ljava/lang/String;IIIILandroid/view/Surface;Landroid/hardware/display/VirtualDisplay$Callback;Landroid/os/Handler;)Landroid/hardware/display/VirtualDisplay;
D/dalvikvm( 1545): VFY: replacing opcode 0x74 at 0x0053
V/GmsNetworkLocationProvi(31965): ENABLE
V/GmsNetworkLocationProvi(31965): onSetRequest: ProviderRequestUnbundled, reportLocation is true and interval is 14400000
V/GmsNetworkLocationProvi(31965): SET-REQUEST
V/GmsNetworkLocationProvi(31965): in Handler: ProviderRequestUnbundled, reportLocation is true and interval is 14400000
I/dalvikvm( 1545): Could not find method android.media.projection.MediaProjection.stop, referenced from method com.google.android.libraries.hangouts.video.ScreenCaptureVideoSource.release
W/dalvikvm( 1545): VFY: unable to resolve virtual method 3520: Landroid/media/projection/MediaProjection;.stop ()V
D/dalvikvm( 1545): VFY: replacing opcode 0x6e at 0x002d
I/dalvikvm( 1545): Could not find method android.media.projection.MediaProjectionManager.createScreenCaptureIntent, referenced from method com.google.android.libraries.hangouts.video.ScreenCaptureVideoSource.startCapture
W/dalvikvm( 1545): VFY: unable to resolve virtual method 3522: Landroid/media/projection/MediaProjectionManager;.createScreenCaptureIntent ()Landroid/content/Intent;
D/dalvikvm( 1545): VFY: replacing opcode 0x6e at 0x0023
W/dalvikvm( 1545): Unable to resolve superclass of Lcom/google/android/libraries/hangouts/video/ScreenCaptureVideoSource$2; (596)
W/dalvikvm( 1545): Link of class 'Lcom/google/android/libraries/hangouts/video/ScreenCaptureVideoSource$2;' failed
D/dalvikvm( 1545): DexOpt: unable to opt direct call 0x4a49 at 0x46 in Lcom/google/android/libraries/hangouts/video/ScreenCaptureVideoSource;.<init>
I/dalvikvm( 1545): Could not find method android.media.MediaCodecInfo$CodecCapabilities.getVideoCapabilities, referenced from method com.google.android.libraries.hangouts.video.EncoderManager.isHardwareAcceleratedCodec
W/dalvikvm( 1545): VFY: unable to resolve virtual method 3454: Landroid/media/MediaCodecInfo$CodecCapabilities;.getVideoCapabilities ()Landroid/media/MediaCodecInfo$VideoCapabilities;
D/dalvikvm( 1545): VFY: replacing opcode 0x6e at 0x001f
I/Babel   ( 1545): Creating RTCS
I/Babel   ( 1545): Destroying RTCS
D/PackageBroadcastService(20163): Received broadcast action=android.intent.action.PACKAGE_CHANGED and uri=com.google.android.gms
I/PackageBroadcastService(20163): Null package name or gms related package.  Ignoreing.
I/ActivityManager( 1016): Start proc com.google.android.apps.plus for broadcast com.google.android.apps.plus/.service.PackagesMediaMonitor: pid=1607 uid=10090 gids={50090, 3003, 3002, 1028, 1015}
I/ActivityManager( 1016): Process com.rhmsoft.fm:crash.feedback (pid 1199) has died.
I/Icing   (20163): updateResources: need to parse e{com.google.android.gms}
E/dalvikvm( 1607): Could not find class 'android.app.Notification$Action$Builder', referenced from method b.a
W/dalvikvm( 1607): VFY: unable to resolve new-instance 302 (Landroid/app/Notification$Action$Builder;) in Lb;
D/dalvikvm( 1607): VFY: replacing opcode 0x22 at 0x0000
E/dalvikvm( 1607): Could not find class 'android.graphics.drawable.RippleDrawable', referenced from method b.a
W/dalvikvm( 1607): VFY: unable to resolve new-instance 462 (Landroid/graphics/drawable/RippleDrawable;) in Lb;
D/dalvikvm( 1607): VFY: replacing opcode 0x22 at 0x000b
W/dalvikvm( 1607): VFY: unable to find class referenced in signature (Lzt;)
W/dalvikvm( 1607): VFY: unable to find class referenced in signature (Lzt;)
W/dalvikvm( 1607): VFY: unable to find class referenced in signature (Lzt;)
W/dalvikvm( 1607): VFY: unable to find class referenced in signature (Lzt;)
W/dalvikvm( 1607): VFY: unable to find class referenced in signature (Lzt;)
W/dalvikvm( 1607): VFY: unable to find class referenced in signature (Lzt;)
W/dalvikvm( 1607): VFY: unable to find class referenced in signature (Lzt;)
E/dalvikvm( 1607): Could not find class 'android.app.Notification$Action$Builder', referenced from method b.a
W/dalvikvm( 1607): VFY: unable to resolve new-instance 302 (Landroid/app/Notification$Action$Builder;) in Lb;
D/dalvikvm( 1607): VFY: replacing opcode 0x22 at 0x0000
I/ActivityManager( 1016): Process com.mobisystems.ubreader_west (pid 1459) has died.
W/dalvikvm( 1607): Unable to resolve superclass of Lar; (689)
W/dalvikvm( 1607): Link of class 'Lar;' failed
E/dalvikvm( 1607): Could not find class 'ar', referenced from method b.a
W/dalvikvm( 1607): VFY: unable to resolve new-instance 999 (Lar;) in Lb;
D/dalvikvm( 1607): VFY: replacing opcode 0x22 at 0x0006
W/dalvikvm( 1607): Unable to resolve superclass of Lat; (689)
W/dalvikvm( 1607): Link of class 'Lat;' failed
E/dalvikvm( 1607): Could not find class 'at', referenced from method b.a
W/dalvikvm( 1607): VFY: unable to resolve new-instance 1053 (Lat;) in Lb;
D/dalvikvm( 1607): VFY: replacing opcode 0x22 at 0x002a
I/dalvikvm( 1607): Could not find method android.view.ViewGroup.isTransitionGroup, referenced from method b.a
W/dalvikvm( 1607): VFY: unable to resolve virtual method 4388: Landroid/view/ViewGroup;.isTransitionGroup ()Z
D/dalvikvm( 1607): VFY: replacing opcode 0x6e at 0x000c
I/dalvikvm( 1607): Could not find method android.view.View.getTransitionName, referenced from method b.a
W/dalvikvm( 1607): VFY: unable to resolve virtual method 4205: Landroid/view/View;.getTransitionName ()Ljava/lang/String;
D/dalvikvm( 1607): VFY: replacing opcode 0x6e at 0x0006
W/dalvikvm( 1607): VFY: unable to find class referenced in signature ([Landroid/app/RemoteInput;)
E/dalvikvm( 1607): Could not find class 'android.app.RemoteInput[]', referenced from method b.a
W/dalvikvm( 1607): VFY: unable to resolve new-array 12606 ([Landroid/app/RemoteInput;) in Lb;
D/dalvikvm( 1607): VFY: replacing opcode 0x23 at 0x0005
D/dalvikvm( 1607): DexOpt: unable to opt direct call 0x0530 at 0x0e in Lb;.a
D/dalvikvm( 1607): DexOpt: unable to opt direct call 0x08a4 at 0x0e in Lb;.a
D/dalvikvm( 1607): DexOpt: unable to opt direct call 0x0530 at 0x0e in Lb;.a
W/dalvikvm( 1607): Unable to resolve superclass of Lar; (689)
W/dalvikvm( 1607): Link of class 'Lar;' failed
D/dalvikvm( 1607): DexOpt: unable to opt direct call 0x177c at 0x08 in Lb;.a
W/dalvikvm( 1607): Unable to resolve superclass of Lat; (689)
W/dalvikvm( 1607): Link of class 'Lat;' failed
D/dalvikvm( 1607): DexOpt: unable to opt direct call 0x1846 at 0x2c in Lb;.a
D/dalvikvm( 1607): DexOpt: unable to opt direct call 0x0587 at 0x13 in Lb;.a
I/ActivityManager( 1016): START u0 {cmp=com.whatsapp/.MediaView (has extras)} from pid 546
W/ContextImpl( 1231): Calling a method in the system process without a qualified user: android.app.ContextImpl.sendBroadcast:1252 android.content.ContextWrapper.sendBroadcast:365 com.motorola.motocare.util.TriggerHelper$TriggerBuilder.send:76 com.motorola.motocare.internal.frameworkevents.PauseResumeTrigger.handleFrameworkEvent:53 com.motorola.motocare.internal.frameworkevents.FwEventMonitor$FrameworkListener.processFrameworkEvent:114 
W/ContextImpl( 1231): Calling a method in the system process without a qualified user: android.app.ContextImpl.sendBroadcast:1252 android.content.ContextWrapper.sendBroadcast:365 com.motorola.motocare.util.TriggerHelper$TriggerBuilder.send:76 com.motorola.motocare.internal.frameworkevents.PauseResumeTrigger.handleFrameworkEvent:53 com.motorola.motocare.internal.frameworkevents.FwEventMonitor$FrameworkListener.processFrameworkEvent:114 
D/dalvikvm( 1607): Trying to load lib /data/app-lib/com.google.android.apps.plus-1/libcrashreporterer.so 0x427977d8
D/dalvikvm( 1607): Added shared lib /data/app-lib/com.google.android.apps.plus-1/libcrashreporterer.so 0x427977d8
I/ActivityManager( 1016): Start proc com.google.android.googlequicksearchbox:search for broadcast com.google.android.googlequicksearchbox/com.google.android.search.core.icingsync.IcingCorporaChangedReceiver: pid=1626 uid=10045 gids={50045, 3003, 3001, 1028, 3002, 1015}
I/dalvikvm( 1607): Could not find method android.content.Context.getDrawable, referenced from method c.a
W/dalvikvm( 1607): VFY: unable to resolve virtual method 1545: Landroid/content/Context;.getDrawable (I)Landroid/graphics/drawable/Drawable;
D/dalvikvm( 1607): VFY: replacing opcode 0x6e at 0x0006
D/dalvikvm(  280): GC_EXPLICIT freed 42K, 48% free 9010K/17224K, paused 2ms+3ms, total 22ms
D/dalvikvm(  280): GC_EXPLICIT freed <1K, 48% free 9010K/17224K, paused 2ms+3ms, total 19ms
D/dalvikvm(  280): GC_EXPLICIT freed <1K, 48% free 9010K/17224K, paused 1ms+2ms, total 18ms
D/dalvikvm( 1545): GC_CONCURRENT freed 4294K, 26% free 12849K/17224K, paused 4ms+4ms, total 87ms
D/dalvikvm(  546): GC_FOR_ALLOC freed 623K, 20% free 16844K/20828K, paused 26ms, total 26ms
I/dalvikvm-heap(  546): Grow heap (frag case) to 20.771MB for 2398384-byte allocation
I/ActivityManager( 1016): Process com.google.android.gms.unstable (pid 1010) has died.
I/LaunchCheckinHandler( 1016): Displayed com.whatsapp/.MediaView,wp,ca,273
I/ActivityManager( 1016): Displayed com.whatsapp/.MediaView: +273ms
I/UpdateIcingCorporaServi( 1626): Updating corpora: APPS=com.google.android.gms, CONTACTS=MAYBE
I/ActivityManager( 1016): Start proc com.google.android.partnersetup for content provider com.google.android.partnersetup/.RlzAppProvider: pid=1644 uid=10025 gids={50025, 3003}
I/dalvikvm( 1626): Could not find method android.content.pm.PackageManager.getPackageInstaller, referenced from method com.google.android.gms.common.g.m
W/dalvikvm( 1626): VFY: unable to resolve virtual method 902: Landroid/content/pm/PackageManager;.getPackageInstaller ()Landroid/content/pm/PackageInstaller;
D/dalvikvm( 1626): VFY: replacing opcode 0x6e at 0x000d
D/WifiStateMachine( 1016): handleMessage: E msg.what=131155
D/WifiStateMachine( 1016): processMsg: ConnectedState
D/WifiStateMachine( 1016): processMsg: L2ConnectedState
D/WifiStateMachine( 1016): handleMessage: X
D/dalvikvm( 1545): GC_CONCURRENT freed 896K, 19% free 14000K/17224K, paused 3ms+3ms, total 56ms
D/dalvikvm( 1545): WAIT_FOR_CONCURRENT_GC blocked 35ms
I/ActivityManager( 1016): Process com.google.android.talk (pid 1545) has died.
W/ActivityManager( 1016): Service ServiceRecord{4398ac80 u0 com.google.android.talk/com.google.android.libraries.hangouts.video.CallService} in process ProcessRecord{430ca340 1545:com.google.android.talk/u0a71} not same as in map: null
D/WifiStateMachine( 1016): handleMessage: E msg.what=151572
D/WifiStateMachine( 1016): processMsg: ConnectedState
D/WifiStateMachine( 1016): processMsg: L2ConnectedState
D/WifiStateMachine( 1016): handleMessage: X
V/RenderScript(  546): 0x6456e9d8 Launching thread(s), CPUs 4
I/ApplicationLogger( 1626): canRun() : Opted Out
I/UpdateIcingCorporaServi( 1626): UpdateCorporaTask done [took 150 ms] updated apps [took 150 ms] 
I/ActivityManager( 1016): Process com.motorola.MotGallery2 (pid 1583) has died.
D/WifiStateMachine( 1016): handleMessage: E msg.what=151572
D/WifiStateMachine( 1016): processMsg: ConnectedState
D/WifiStateMachine( 1016): processMsg: L2ConnectedState
D/WifiStateMachine( 1016): handleMessage: X
E/ModemStatsUtils( 1279): Exception in getLastKnownLocation - Timed out waiting for response from server
D/Checkin ( 1279): publish the event [tag = CALL_PERF_DEVICE_LOC event name = CALL_PERF_DEVICE_LOC]
D/WifiStateMachine( 1016): handleMessage: E msg.what=151572
D/WifiStateMachine( 1016): processMsg: ConnectedState
D/WifiStateMachine( 1016): processMsg: L2ConnectedState
D/WifiStateMachine( 1016): handleMessage: X
I/ActivityManager( 1016): Process com.google.android.apps.plus (pid 1607) has died.
F/ProcessStats( 1016): Starting service ServiceState{43a506e8 com.tranzmate.services.LocationService pkg=com.tranzmate proc=43a506e8} without owner
D/WifiStateMachine( 1016): handleMessage: E msg.what=131155
D/WifiStateMachine( 1016): processMsg: ConnectedState
D/WifiStateMachine( 1016): processMsg: L2ConnectedState
D/WifiStateMachine( 1016): handleMessage: X
D/WifiStateMachine( 1016): handleMessage: E msg.what=151572
D/WifiStateMachine( 1016): processMsg: ConnectedState
D/WifiStateMachine( 1016): processMsg: L2ConnectedState
D/WifiStateMachine( 1016): handleMessage: X
I/SBar.NetworkController( 1078): onSignalStrengthsChanged SignalStrength: 10 0 -120 -160 -120 -1 -1 99 2147483647 2147483647 2147483647 2147483647 2147483647 gsm|lte 0 -108 -1 false 3 3 0 0 0 99 99 99 4 level=3
I/SBar.NetworkController( 1078): refreshSignalCluster: mobile: Signal=zz_moto_stat_sys_signal_3_fully_wide Roaming=(none) mSimIconId=(none) Accessibility="Phone three bars.","Not roaming.",""
D/WifiStateMachine( 1016): handleMessage: E msg.what=151572
D/WifiStateMachine( 1016): processMsg: ConnectedState
D/WifiStateMachine( 1016): processMsg: L2ConnectedState
D/WifiStateMachine( 1016): handleMessage: X
V/AlarmManager( 1016): sending alarm Alarm{4395aad0 type 2 com.whatsapp}
V/AlarmManager( 1016): sending alarm Alarm{438208d8 type 2 com.google.android.gms}
D/WifiService( 1016): releaseWifiLockLocked: WifiLock{NlpWifiLock type=2 binder=android.os.BinderProxy@42a27638}
V/AlarmManager( 1016): sending alarm Alarm{4286ef10 type 3 android}
D/dalvikvm( 1016): GC_EXPLICIT freed 1689K, 28% free 28917K/40112K, paused 4ms+13ms, total 142ms
D/WifiStateMachine( 1016): handleMessage: E msg.what=151572
D/WifiStateMachine( 1016): processMsg: ConnectedState
D/WifiStateMachine( 1016): processMsg: L2ConnectedState
D/WifiStateMachine( 1016): handleMessage: X
D/WifiStateMachine( 1016): handleMessage: E msg.what=131155
D/WifiStateMachine( 1016): processMsg: ConnectedState
D/WifiStateMachine( 1016): processMsg: L2ConnectedState
D/WifiStateMachine( 1016): handleMessage: X
D/WifiStateMachine( 1016): handleMessage: E msg.what=151572
D/WifiStateMachine( 1016): processMsg: ConnectedState
D/WifiStateMachine( 1016): processMsg: L2ConnectedState
D/WifiStateMachine( 1016): handleMessage: X
I/SFPerfTracer(  278):      triggers: (rate: 161:90632) (229580 sw vsyncs) (191097 skipped) (5:810789 vsyncs) (7:1140854)
D/Ulp_jni ( 1016): Location CB invoked
D/WifiStateMachine( 1016): handleMessage: E msg.what=151572
D/WifiStateMachine( 1016): processMsg: ConnectedState
D/WifiStateMachine( 1016): processMsg: L2ConnectedState
D/WifiStateMachine( 1016): handleMessage: X
I/KInfoc  (30130): Auto Post
D/WifiStateMachine( 1016): handleMessage: E msg.what=151572
D/WifiStateMachine( 1016): processMsg: ConnectedState
D/WifiStateMachine( 1016): processMsg: L2ConnectedState
D/WifiStateMachine( 1016): handleMessage: X
D/Request (29584): Warning: Sessionless Request needs token but missing either application ID or client token.
D/WifiStateMachine( 1016): handleMessage: E msg.what=131155
D/WifiStateMachine( 1016): processMsg: ConnectedState
D/WifiStateMachine( 1016): processMsg: L2ConnectedState
D/WifiStateMachine( 1016): handleMessage: X
D/WifiStateMachine( 1016): handleMessage: E msg.what=151572
D/WifiStateMachine( 1016): processMsg: ConnectedState
D/WifiStateMachine( 1016): processMsg: L2ConnectedState
D/WifiStateMachine( 1016): handleMessage: X
D/dalvikvm( 1016): GC_EXPLICIT freed 190K, 29% free 28768K/40112K, paused 13ms+12ms, total 153ms
D/WifiStateMachine( 1016): handleMessage: E msg.what=151572
D/WifiStateMachine( 1016): processMsg: ConnectedState
D/WifiStateMachine( 1016): processMsg: L2ConnectedState
D/WifiStateMachine( 1016): handleMessage: X
I/iu.UploadsManager(20163): End new media; added: 0, uploading: 0, time: 32 ms
D/MtpServer(24728): path: /storage/emulated/0/Download/FB_Auth-release.apk parent: 8 storageID: 00010001
I/KInfoc  (30130): Auto Post
D/WifiStateMachine( 1016): handleMessage: E msg.what=151572
D/WifiStateMachine( 1016): processMsg: ConnectedState
D/WifiStateMachine( 1016): processMsg: L2ConnectedState
D/WifiStateMachine( 1016): handleMessage: X
I/KInfoc  (30130): Auto Post
D/WifiStateMachine( 1016): handleMessage: E msg.what=131155
D/WifiStateMachine( 1016): processMsg: ConnectedState
D/WifiStateMachine( 1016): processMsg: L2ConnectedState
D/WifiStateMachine( 1016): handleMessage: X
D/WifiStateMachine( 1016): handleMessage: E msg.what=151572
D/WifiStateMachine( 1016): processMsg: ConnectedState
D/WifiStateMachine( 1016): processMsg: L2ConnectedState
D/WifiStateMachine( 1016): handleMessage: X
V/AlarmManager( 1016): sending alarm Alarm{4286efe8 type 3 com.devexpert.weather}
V/AlarmManager( 1016): sending alarm Alarm{428c3e30 type 2 com.motorola.avatar}
I/ActivityManager( 1016): Start proc com.devexpert.weather for broadcast com.devexpert.weather/.view.WidgetWeather2x1: pid=1708 uid=10112 gids={50112, 3003, 1028, 1015}
I/ActivityManager( 1016): Start proc com.motorola.avatar for service com.motorola.avatar/.cloud.client.CloudService: pid=1712 uid=10003 gids={50003, 3003, 1028, 1015}
W/dalvikvm( 1712): Refusing to reopen boot DEX '/system/framework/pixelpipe.jar'
D/WifiStateMachine( 1016): handleMessage: E msg.what=151572
D/WifiStateMachine( 1016): processMsg: ConnectedState
D/WifiStateMachine( 1016): processMsg: L2ConnectedState
D/dalvikvm( 1712): Trying to load lib /data/app-lib/com.motorola.avatar-1/libluajit.so 0x4278cff8
D/dalvikvm( 1712): Added shared lib /data/app-lib/com.motorola.avatar-1/libluajit.so 0x4278cff8
D/dalvikvm( 1712): No JNI_OnLoad found in /data/app-lib/com.motorola.avatar-1/libluajit.so 0x4278cff8, skipping init
D/dalvikvm( 1712): Trying to load lib /data/app-lib/com.motorola.avatar-1/libmemory.so 0x4278cff8
D/WifiStateMachine( 1016): handleMessage: X
D/dalvikvm( 1712): Added shared lib /data/app-lib/com.motorola.avatar-1/libmemory.so 0x4278cff8
D/dalvikvm( 1712): No JNI_OnLoad found in /data/app-lib/com.motorola.avatar-1/libmemory.so 0x4278cff8, skipping init
D/dalvikvm( 1712): Trying to load lib /data/app-lib/com.motorola.avatar-1/libloader.so 0x4278cff8
D/dalvikvm( 1712): Added shared lib /data/app-lib/com.motorola.avatar-1/libloader.so 0x4278cff8
D/dalvikvm( 1712): No JNI_OnLoad found in /data/app-lib/com.motorola.avatar-1/libloader.so 0x4278cff8, skipping init
F/ProcessStats( 1016): Starting service ServiceState{43a506e8 com.tranzmate.services.LocationService pkg=com.tranzmate proc=43a506e8} without owner
D/WifiStateMachine( 1016): handleMessage: E msg.what=151572
D/WifiStateMachine( 1016): processMsg: ConnectedState
D/WifiStateMachine( 1016): processMsg: L2ConnectedState
D/WifiStateMachine( 1016): handleMessage: X
D/WifiStateMachine( 1016): handleMessage: E msg.what=131155
D/WifiStateMachine( 1016): processMsg: ConnectedState
D/WifiStateMachine( 1016): processMsg: L2ConnectedState
D/WifiStateMachine( 1016): handleMessage: X
D/WifiStateMachine( 1016): handleMessage: E msg.what=151572
D/WifiStateMachine( 1016): processMsg: ConnectedState
D/WifiStateMachine( 1016): processMsg: L2ConnectedState
D/WifiStateMachine( 1016): handleMessage: X
D/WifiStateMachine( 1016): handleMessage: E msg.what=151572
D/WifiStateMachine( 1016): processMsg: ConnectedState
D/WifiStateMachine( 1016): processMsg: L2ConnectedState
D/WifiStateMachine( 1016): handleMessage: X
I/SBar.NetworkController( 1078): onSignalStrengthsChanged SignalStrength: 12 0 -120 -160 -120 -1 -1 99 2147483647 2147483647 2147483647 2147483647 2147483647 gsm|lte 0 -108 -1 false 4 4 0 0 0 99 99 99 4 level=4
I/SBar.NetworkController( 1078): refreshSignalCluster: mobile: Signal=zz_moto_stat_sys_signal_4_fully_wide Roaming=(none) mSimIconId=(none) Accessibility="Phone signal full.","Not roaming.",""
D/Ulp_jni ( 1016): Location CB invoked
D/WifiStateMachine( 1016): handleMessage: E msg.what=151572
D/WifiStateMachine( 1016): processMsg: ConnectedState
D/WifiStateMachine( 1016): processMsg: L2ConnectedState
D/WifiStateMachine( 1016): handleMessage: X
V/AlarmManager( 1016): sending alarm Alarm{43525648 type 2 com.motorola.ccc.cce}
D/CCE     (31852): Registering with Alarm Manager to restart CCE
D/WifiStateMachine( 1016): handleMessage: E msg.what=131155
D/WifiStateMachine( 1016): processMsg: ConnectedState
D/WifiStateMachine( 1016): processMsg: L2ConnectedState
D/WifiStateMachine( 1016): handleMessage: X
D/WifiStateMachine( 1016): handleMessage: E msg.what=151572
D/WifiStateMachine( 1016): processMsg: ConnectedState
D/WifiStateMachine( 1016): processMsg: L2ConnectedState
D/WifiStateMachine( 1016): handleMessage: X
D/WifiStateMachine( 1016): handleMessage: E msg.what=151572
D/WifiStateMachine( 1016): processMsg: ConnectedState
D/WifiStateMachine( 1016): processMsg: L2ConnectedState
D/WifiStateMachine( 1016): handleMessage: X
I/SFPerfTracer(  278):      triggers: (rate: 161:90632) (229580 sw vsyncs) (191097 skipped) (17:810879 vsyncs) (19:1140960)
I/SFPerfTracer(  278):      triggers: (rate: 502:16442) (compose: 0:58) (post: 0:3) (render: 47:4356) (0:246066 frames) (1:732625)
D/SFPerfTracer(  278):        layers: (4:10) (DimLayer: 0:145)* (DimLayer: 0:163)* (FocusedStackFrame: 0:5439)* (StatusBar: 0:54174) (NavigationBar: 1:35273) (DimLayer: 0:10244)* (DimLayer: 0:1168)* (com.android.wallpaper.fall.FallWallpaper: 0:10611)* (com.whatsapp/com.whatsapp.Conversation: 0:112) (com.whatsapp/com.whatsapp.MediaView: 1:51) 
W/ContextImpl( 1231): Calling a method in the system process without a qualified user: android.app.ContextImpl.sendBroadcast:1252 android.content.ContextWrapper.sendBroadcast:365 com.motorola.motocare.util.TriggerHelper$TriggerBuilder.send:76 com.motorola.motocare.internal.frameworkevents.PauseResumeTrigger.handleFrameworkEvent:53 com.motorola.motocare.internal.frameworkevents.FwEventMonitor$FrameworkListener.processFrameworkEvent:114 
W/ContextImpl( 1231): Calling a method in the system process without a qualified user: android.app.ContextImpl.sendBroadcast:1252 android.content.ContextWrapper.sendBroadcast:365 com.motorola.motocare.util.TriggerHelper$TriggerBuilder.send:76 com.motorola.motocare.internal.frameworkevents.PauseResumeTrigger.handleFrameworkEvent:53 com.motorola.motocare.internal.frameworkevents.FwEventMonitor$FrameworkListener.processFrameworkEvent:114 
