D/SFPerfTracer(  278):        layers: (3:11) (DimLayer: 0:145)* (DimLayer: 0:163)* (FocusedStackFrame: 1:5416)* (StatusBar: 0:53975) (NavigationBar: 1:35101) (DimLayer: 0:10173)* (DimLayer: 0:1162)* (com.android.wallpaper.fall.FallWallpaper: 0:10332)* (com.giftme.fb_auth/com.giftme.fb_auth.FB_Auth: 0:38) (com.giftme.fb_auth/com.giftme.fb_auth.FB_Auth: 0:31)* (com.giftme.fb_auth/com.giftme.fb_auth.FB_Auth: 0:31)* 
W/InputMethodManagerService( 1016): Starting input on non-focused client com.android.internal.view.IInputMethodClient$Stub$Proxy@43bec220 (uid=10106 pid=29584)
W/Vold    (  261): Returning OperationFailed - no handler for errno 30
I/ActivityManager( 1016): Process com.google.android.music:main (pid 21115) has died.
W/ActivityManager( 1016): Scheduling restart of crashed service com.google.android.music/.playback.MusicPlaybackService in 1000ms
W/ActivityManager( 1016): Service ServiceRecord{43f18f80 u0 com.google.android.music/.net.NetworkMonitor} in process ProcessRecord{43739d10 21115:com.google.android.music:main/u0a82} not same as in map: null
W/ActivityManager( 1016): Service ServiceRecord{43f183e0 u0 com.google.android.music/.preferences.MusicPreferenceService$MusicPreferenceServiceBinder} in process ProcessRecord{43739d10 21115:com.google.android.music:main/u0a82} not same as in map: null
W/ActivityManager( 1016): Service ServiceRecord{43c92b28 u0 com.google.android.music/.download.artwork.ArtDownloadService} in process ProcessRecord{43739d10 21115:com.google.android.music:main/u0a82} not same as in map: null
W/ActivityManager( 1016): Service ServiceRecord{43c87f88 u0 com.google.android.music/.download.cache.TrackCacheService} in process ProcessRecord{43739d10 21115:com.google.android.music:main/u0a82} not same as in map: null
W/ActivityManager( 1016): Service ServiceRecord{43c57ce0 u0 com.google.android.music/.download.TrackDownloadQueueService} in process ProcessRecord{43739d10 21115:com.google.android.music:main/u0a82} not same as in map: null
I/SFPerfTracer(  278):      triggers: (rate: 159:90369) (229437 sw vsyncs) (190302 skipped) (57:809365 vsyncs) (59:1139098)
I/ActivityManager( 1016): Start proc com.google.android.music:main for service com.google.android.music/.playback.MusicPlaybackService: pid=30025 uid=10082 gids={50082, 3003, 1028, 1015}
W/Vold    (  261): Returning OperationFailed - no handler for errno 30
W/Vold    (  261): Returning OperationFailed - no handler for errno 30
W/Vold    (  261): Returning OperationFailed - no handler for errno 30
W/Vold    (  261): Returning OperationFailed - no handler for errno 30
W/Vold    (  261): Returning OperationFailed - no handler for errno 30
W/Vold    (  261): Returning OperationFailed - no handler for errno 30
W/Vold    (  261): Returning OperationFailed - no handler for errno 30
I/ActivityManager( 1016): Process com.android.vending (pid 29923) has died.
I/ActivityManager( 1016): START u0 {act=android.intent.action.MAIN cat=[android.intent.category.HOME] flg=0x10200000 cmp=com.android.launcher/com.android.launcher2.Launcher} from pid 1016
W/ContextImpl( 1231): Calling a method in the system process without a qualified user: android.app.ContextImpl.sendBroadcast:1252 android.content.ContextWrapper.sendBroadcast:365 com.motorola.motocare.util.TriggerHelper$TriggerBuilder.send:76 com.motorola.motocare.internal.frameworkevents.PauseResumeTrigger.handleFrameworkEvent:53 com.motorola.motocare.internal.frameworkevents.FwEventMonitor$FrameworkListener.processFrameworkEvent:114 
W/ContextImpl( 1231): Calling a method in the system process without a qualified user: android.app.ContextImpl.sendBroadcast:1252 android.content.ContextWrapper.sendBroadcast:365 com.motorola.motocare.util.TriggerHelper$TriggerBuilder.send:76 com.motorola.motocare.internal.frameworkevents.PauseResumeTrigger.handleFrameworkEvent:53 com.motorola.motocare.internal.frameworkevents.FwEventMonitor$FrameworkListener.processFrameworkEvent:114 
I/ActivityManager( 1016): Process com.rhmsoft.fm:service (pid 21418) has died.
W/ActivityManager( 1016): Scheduling restart of crashed service com.rhmsoft.fm/com.cleanmaster.fm.service.BackgroundService in 1000ms
I/LaunchCheckinHandler( 1016): Displayed com.android.launcher/com.android.launcher2.Launcher,wp,wa,354
I/SFPerfTracer(  278):      triggers: (rate: 501:16405) (compose: 0:57) (post: 0:3) (render: 47:4349) (11:245726 frames) (12:731640)
D/SFPerfTracer(  278):        layers: (5:11) (DimLayer: 0:145)* (DimLayer: 0:163)* (FocusedStackFrame: 0:5420)* (StatusBar: 12:53987) (NavigationBar: 12:35163) (DimLayer: 0:10173)* (DimLayer: 0:1164)* (com.android.wallpaper.fall.FallWallpaper: 4:10337) (com.giftme.fb_auth/com.giftme.fb_auth.FB_Auth: 0:57)* (com.ghisler.android.TotalCommander/com.ghisler.android.TotalCommander.TotalCommander: 12:66) (com.android.launcher/com.android.launcher2.Launcher: 1:10) 
I/ActivityManager( 1016): Start proc com.rhmsoft.fm:service for service com.rhmsoft.fm/com.cleanmaster.fm.service.BackgroundService: pid=30130 uid=10105 gids={50105, 3003, 1028, 1015}
W/Vold    (  261): Returning OperationFailed - no handler for errno 30
I/SFPerfTracer(  278):      triggers: (rate: 501:16405) (compose: 0:57) (post: 0:3) (render: 47:4349) (0:245737 frames) (1:731740)
D/SFPerfTracer(  278):        layers: (4:10) (DimLayer: 0:145)* (DimLayer: 0:163)* (FocusedStackFrame: 0:5420)* (StatusBar: 0:53995) (NavigationBar: 0:35171) (DimLayer: 0:10173)* (DimLayer: 0:1164)* (com.android.wallpaper.fall.FallWallpaper: 0:10370) (com.ghisler.android.TotalCommander/com.ghisler.android.TotalCommander.TotalCommander: 0:78)* (com.android.launcher/com.android.launcher2.Launcher: 1:86) 
W/ProcessCpuTracker( 1016): Skipping unknown process pid 30166
W/ProcessCpuTracker( 1016): Skipping unknown process pid 30167
W/ProcessCpuTracker( 1016): Skipping unknown process pid 30173
W/ProcessCpuTracker( 1016): Skipping unknown process pid 30177
V/AlarmManager( 1016): sending alarm Alarm{439a8420 type 3 android}
I/ActivityManager( 1016): START u0 {act=android.intent.action.MAIN cat=[android.intent.category.LAUNCHER] flg=0x10200000 cmp=com.giftme.fb_auth/.FB_Auth bnds=[360,385][520,585]} from pid 813
W/ContextImpl( 1231): Calling a method in the system process without a qualified user: android.app.ContextImpl.sendBroadcast:1252 android.content.ContextWrapper.sendBroadcast:365 com.motorola.motocare.util.TriggerHelper$TriggerBuilder.send:76 com.motorola.motocare.internal.frameworkevents.PauseResumeTrigger.handleFrameworkEvent:53 com.motorola.motocare.internal.frameworkevents.FwEventMonitor$FrameworkListener.processFrameworkEvent:114 
W/ContextImpl( 1231): Calling a method in the system process without a qualified user: android.app.ContextImpl.sendBroadcast:1252 android.content.ContextWrapper.sendBroadcast:365 com.motorola.motocare.util.TriggerHelper$TriggerBuilder.send:76 com.motorola.motocare.internal.frameworkevents.PauseResumeTrigger.handleFrameworkEvent:53 com.motorola.motocare.internal.frameworkevents.FwEventMonitor$FrameworkListener.processFrameworkEvent:114 
I/LaunchCheckinHandler( 1016): Displayed com.giftme.fb_auth/.FB_Auth,wp,ca,134
I/SFPerfTracer(  278):      triggers: (rate: 501:16406) (compose: 0:57) (post: 0:3) (render: 47:4349) (0:245747 frames) (1:731840)
D/SFPerfTracer(  278):        layers: (5:11) (DimLayer: 0:145)* (DimLayer: 0:163)* (FocusedStackFrame: 0:5423)* (StatusBar: 1:54011) (NavigationBar: 1:35181) (DimLayer: 0:10173)* (DimLayer: 0:1164)* (com.android.wallpaper.fall.FallWallpaper: 0:10422) (com.android.launcher/com.android.launcher2.Launcher: 0:130) (Starting com.giftme.fb_auth: 1:17)* (com.giftme.fb_auth/com.giftme.fb_auth.FB_Auth: 1:14) 
I/SFPerfTracer(  278):       trigger: vsync rate (-29.951%)	(42.030 vps)	(23.793 ms)* 	(76 drops)	(278 vsyncs)
I/SFPerfTracer(  278):      triggers: (rate: 160:90445) (229437 sw vsyncs) (190570 skipped) (278:809657 vsyncs) (280:1139399)
W/InputMethodManagerService( 1016): Window already focused, ignoring focus gain of: com.android.internal.view.IInputMethodClient$Stub$Proxy@43512280 attribute=null, token = android.os.BinderProxy@429aca78
W/InputMethodManagerService( 1016): Window already focused, ignoring focus gain of: com.android.internal.view.IInputMethodClient$Stub$Proxy@43080fa8 attribute=null, token = android.os.BinderProxy@429aca78
I/SFPerfTracer(  278):      triggers: (rate: 501:16406) (compose: 0:57) (post: 0:3) (render: 47:4349) (6:245805 frames) (7:731944)
D/SFPerfTracer(  278):        layers: (5:13) (DimLayer: 0:145)* (DimLayer: 0:163)* (FocusedStackFrame: 0:5428)* (StatusBar: 0:54020) (NavigationBar: 0:35205) (DimLayer: 7:10227) (DimLayer: 0:1164)* (com.android.wallpaper.fall.FallWallpaper: 0:10424)* (com.android.launcher/com.android.launcher2.Launcher: 0:130)* (com.giftme.fb_auth/com.giftme.fb_auth.FB_Auth: 0:38) (com.giftme.fb_auth/com.giftme.fb_auth.FB_Auth: 0:37)* (com.giftme.fb_auth/com.giftme.fb_auth.FB_Auth: 6:31)* (com.giftme.fb_auth/com.giftme.fb_auth.FB_Auth: 7:14) 
I/SFPerfTracer(  278):      triggers: (rate: 160:90445) (229437 sw vsyncs) (190570 skipped) (26:809756 vsyncs) (28:1139510)
W/InputMethodManagerService( 1016): Window already focused, ignoring focus gain of: com.android.internal.view.IInputMethodClient$Stub$Proxy@42aa30c0 attribute=null, token = android.os.BinderProxy@429aca78
W/ContextImpl( 1231): Calling a method in the system process without a qualified user: android.app.ContextImpl.sendBroadcast:1252 android.content.ContextWrapper.sendBroadcast:365 com.motorola.motocare.util.TriggerHelper$TriggerBuilder.send:76 com.motorola.motocare.internal.frameworkevents.ProcessKillTrigger.sendTrigger:147 com.motorola.motocare.internal.frameworkevents.ProcessKillTrigger.handleLmkKill:337 
W/ContextImpl( 1231): Calling a method in the system process without a qualified user: android.app.ContextImpl.sendBroadcast:1252 android.content.ContextWrapper.sendBroadcast:365 com.motorola.motocare.util.TriggerHelper$TriggerBuilder.send:76 com.motorola.motocare.internal.frameworkevents.ProcessKillTrigger.sendTrigger:147 com.motorola.motocare.internal.frameworkevents.ProcessKillTrigger.handleLmkKill:337 
W/ContextImpl( 1231): Calling a method in the system process without a qualified user: android.app.ContextImpl.sendBroadcast:1252 android.content.ContextWrapper.sendBroadcast:365 com.motorola.motocare.util.TriggerHelper$TriggerBuilder.send:76 com.motorola.motocare.internal.frameworkevents.ProcessKillTrigger.sendTrigger:147 com.motorola.motocare.internal.frameworkevents.ProcessKillTrigger.handleLmkKill:337 
W/ContextImpl( 1231): Calling a method in the system process without a qualified user: android.app.ContextImpl.sendBroadcast:1252 android.content.ContextWrapper.sendBroadcast:365 com.motorola.motocare.util.TriggerHelper$TriggerBuilder.send:76 com.motorola.motocare.internal.frameworkevents.ProcessKillTrigger.sendTrigger:147 com.motorola.motocare.internal.frameworkevents.ProcessKillTrigger.handleLmkKill:337 
W/ContextImpl( 1231): Calling a method in the system process without a qualified user: android.app.ContextImpl.sendBroadcast:1252 android.content.ContextWrapper.sendBroadcast:365 com.motorola.motocare.util.TriggerHelper$TriggerBuilder.send:76 com.motorola.motocare.internal.frameworkevents.ProcessKillTrigger.sendTrigger:147 com.motorola.motocare.internal.frameworkevents.ProcessKillTrigger.handleLmkKill:337 
W/ContextImpl( 1231): Calling a method in the system process without a qualified user: android.app.ContextImpl.sendBroadcast:1252 android.content.ContextWrapper.sendBroadcast:365 com.motorola.motocare.util.TriggerHelper$TriggerBuilder.send:76 com.motorola.motocare.internal.frameworkevents.ProcessKillTrigger.sendTrigger:147 com.motorola.motocare.internal.frameworkevents.ProcessKillTrigger.handleLmkKill:337 
V/AlarmManager( 1016): sending alarm Alarm{43998018 type 3 com.devexpert.weather}
V/AlarmManager( 1016): sending alarm Alarm{439908e0 type 0 com.rhmsoft.fm}
I/ActivityManager( 1016): Start proc com.devexpert.weather for broadcast com.devexpert.weather/.view.WidgetWeather2x1: pid=30271 uid=10112 gids={50112, 3003, 1028, 1015}
V/AlarmManager( 1016): sending alarm Alarm{439a8c68 type 1 com.rhmsoft.fm}
I/SFPerfTracer(  278):      triggers: (rate: 160:90445) (229437 sw vsyncs) (190570 skipped) (17:809843 vsyncs) (19:1139615)
V/AlarmManager( 1016): sending alarm Alarm{434c6dc0 type 3 android}
D/WifiService( 1016): acquireWifiLockLocked: WifiLock{NlpWifiLock type=2 binder=android.os.BinderProxy@42fbc700}
D/ConnectivityService( 1016): startUsingNetworkFeature reconnecting to 0: enableSUPL
D/ConnectivityService( 1016): startUsingNetworkFeature X: return APN_REQUEST_STARTED
D/MobileDataStateTracker( 1016): supl: Broadcast received: android.intent.action.ANY_DATA_STATE apnType=supl
D/MobileDataStateTracker( 1016): supl: Received state=CONNECTING, old=DISCONNECTED, reason=dataEnabled
D/MobileDataStateTracker( 1016): supl: setDetailed state, old =IDLE and new state=CONNECTING
I/ActivityManager( 1016): Start proc com.android.mms for broadcast com.android.mms/.transaction.MmsSystemEventReceiver: pid=30342 uid=10031 gids={50031, 3003, 1028, 1015}
D/MobileDataStateTracker( 1016): supl: Broadcast received: android.intent.action.ANY_DATA_STATE apnType=supl
D/MobileDataStateTracker( 1016): supl: Received state=CONNECTED, old=CONNECTING, reason=connected
D/MobileDataStateTracker( 1016): supl: Unexpected mtu value: 0
D/MobileDataStateTracker( 1016): supl: Using FW overlay value config_mobile_mtu
D/MobileDataStateTracker( 1016): supl: setDetailed state, old =CONNECTING and new state=CONNECTED
D/ConnectivityService( 1016): ConnectivityChange for mobile_supl: CONNECTED/CONNECTED
D/ConnectivityService( 1016): Setting MTU size: rmnet0, 1410
D/NetworkManagementService( 1016): Enter setMtu in NetworkManagementService
D/NetworkManagementService( 1016): interface rmnet0setmtu 1410
E/ConnectivityService( 1016): Exception trying to remove a route: java.lang.IllegalStateException: command '2912 interface route remove rmnet0 default 0.0.0.0 0 100.64.132.240' failed with '400 2912 Failed to remove route from default table (No such process)'
D/Nat464Xlat( 1016): requiresClat: netType=3, hasIPv4Address=true
D/MobileDataStateTracker( 1016): default: setPolicyDataEnable(enabled=true)
D/MobileDataStateTracker( 1016): default: setPolicyDataEnable(enabled=true)
V/AlarmManager( 1016): sending alarm Alarm{4311f010 type 2 free.reddit.news}
I/ActivityManager( 1016): Start proc free.reddit.news for service free.reddit.news/reddit.news.services.InboxServiceFree: pid=30437 uid=10115 gids={50115, 3003, 1028, 1015}
V/AlarmManager( 1016): sending alarm Alarm{430e94e8 type 2 com.google.android.talk}
V/AlarmManager( 1016): sending alarm Alarm{430e9538 type 2 com.google.android.talk}
V/AlarmManager( 1016): sending alarm Alarm{430e35a8 type 3 com.devexpert.weather}
V/AlarmManager( 1016): sending alarm Alarm{430d3ac0 type 2 com.google.android.talk}
V/AlarmManager( 1016): sending alarm Alarm{4319c4d8 type 2 com.google.android.gms}
D/WifiService( 1016): releaseWifiLockLocked: WifiLock{NlpWifiLock type=2 binder=android.os.BinderProxy@42fbc700}
W/Vold    (  261): Returning OperationFailed - no handler for errno 30
D/ConnectivityService( 1016): requestRouteToHostAddress ok=true
E/ActivityThread(31852): Failed to find provider info for com.motorola.blur.setupprovider
I/openssl (24728): Crypto mode not selected, openssl will run on its regular mode.
I/openssl (24728): Crypto mode 0 already enabled
I/ActivityManager( 1016): Start proc com.google.android.setupwizard for broadcast com.google.android.setupwizard/.MobileConnectivityChangeReceiver: pid=30483 uid=10042 gids={50042, 3003}
F/ProcessStats( 1016): Starting service ServiceState{43a506e8 com.tranzmate.services.LocationService pkg=com.tranzmate proc=43a506e8} without owner
I/ActivityManager( 1016): Process free.reddit.news (pid 30437) has died.
F/ProcessStats( 1016): Starting service ServiceState{43a506e8 com.tranzmate.services.LocationService pkg=com.tranzmate proc=43a506e8} without owner
I/ActivityManager( 1016): Start proc com.google.android.apps.plus for broadcast com.google.android.apps.plus/.service.ConnectivityReceiver: pid=30510 uid=10090 gids={50090, 3003, 3002, 1028, 1015}
I/ActivityManager( 1016): Process com.devexpert.weather (pid 30271) has died.
I/ActivityManager( 1016): Start proc com.google.android.gms.unstable for service com.google.android.gms/.droidguard.DroidGuardService: pid=30522 uid=10022 gids={50022, 3003, 1007, 1028, 1015, 3002, 3001, 3007, 2001, 3006}
I/ActivityManager( 1016): Start proc com.google.android.talk for broadcast com.google.android.talk/com.google.android.apps.hangouts.service.NetworkStateReceiver: pid=30545 uid=10071 gids={50071, 3003, 1028, 1015, 3002}
I/ActivityManager( 1016): Process com.android.mms (pid 30342) has died.
I/ActivityManager( 1016): Start proc com.google.android.apps.magazines for broadcast com.google.android.apps.magazines/com.google.apps.dots.android.newsstand.appwidget.NewsWidgetProvider: pid=30567 uid=10077 gids={50077, 3003, 1028, 1015}
W/AppOps  ( 1016): Bad call: specified package qcamera under uid 1013 but it is really -1
W/AppOps  ( 1016): Bad call: specified package qcamera under uid 1013 but it is really -1
W/AppOps  ( 1016): Bad call: specified package qcamera under uid 1013 but it is really -1
W/AppOps  ( 1016): Bad call: specified package qcamera under uid 1013 but it is really -1
W/Vold    (  261): Returning OperationFailed - no handler for errno 30
W/Vold    (  261): Returning OperationFailed - no handler for errno 30
W/Vold    (  261): Returning OperationFailed - no handler for errno 30
W/Vold    (  261): Returning OperationFailed - no handler for errno 30
D/ConnectivityService( 1016): stopUsingNetworkFeature: teardown net 0: enableSUPL
I/ActivityManager( 1016): Process com.google.android.setupwizard (pid 30483) has died.
I/ActivityManager( 1016): Start proc com.android.chrome for broadcast com.android.chrome/com.google.android.apps.chrome.precache.PrecacheServiceLauncher: pid=30621 uid=10057 gids={50057, 3003, 1028, 1015}
I/ActivityManager( 1016): Process com.google.android.apps.plus (pid 30510) has died.
I/SFPerfTracer(  278):      triggers: (rate: 160:90445) (229437 sw vsyncs) (190570 skipped) (0:809914 vsyncs) (1:1139716)
I/ActivityManager( 1016): Start proc com.rhmsoft.fm:crash.feedback for broadcast com.rhmsoft.fm/com.cleanmaster.fm.receiver.ConnectivityChangeBroadcastReceiver: pid=30636 uid=10105 gids={50105, 3003, 1028, 1015}
W/Vold    (  261): Returning OperationFailed - no handler for errno 30
I/ActivityManager( 1016): Start proc com.mobisystems.ubreader_west for broadcast com.mobisystems.ubreader_west/com.mobisystems.ubreader.launcher.network.NetworkStateReceiver: pid=30657 uid=10117 gids={50117, 3003, 1028, 1015}
W/Vold    (  261): Returning OperationFailed - no handler for errno 30
F/ProcessStats( 1016): Starting service ServiceState{43a506e8 com.tranzmate.services.LocationService pkg=com.tranzmate proc=43a506e8} without owner
W/Vold    (  261): Returning OperationFailed - no handler for errno 30
W/Vold    (  261): Returning OperationFailed - no handler for errno 30
F/ProcessStats( 1016): Starting service ServiceState{43a506e8 com.tranzmate.services.LocationService pkg=com.tranzmate proc=43a506e8} without owner
I/ActivityManager( 1016): Process com.google.android.talk (pid 30545) has died.
W/ActivityManager( 1016): Service ServiceRecord{443f43d0 u0 com.google.android.talk/com.google.android.libraries.hangouts.video.CallService} in process ProcessRecord{43091fa8 30545:com.google.android.talk/u0a71} not same as in map: null
F/ProcessStats( 1016): Starting service ServiceState{43a506e8 com.tranzmate.services.LocationService pkg=com.tranzmate proc=43a506e8} without owner
I/ActivityManager( 1016): Process com.google.android.apps.magazines (pid 30567) has died.
F/ProcessStats( 1016): Starting service ServiceState{43a506e8 com.tranzmate.services.LocationService pkg=com.tranzmate proc=43a506e8} without owner
D/ConnectivityService( 1016): handleInetConditionHoldEnd: net=1, condition=100, published condition=100
D/MobileDataStateTracker( 1016): supl: Broadcast received: android.intent.action.ANY_DATA_STATE apnType=supl
D/MobileDataStateTracker( 1016): supl: Received state=DISCONNECTED, old=CONNECTED, reason=dataDisabled
D/MobileDataStateTracker( 1016): supl: setDetailed state, old =CONNECTED and new state=DISCONNECTED
D/ConnectivityService( 1016): ConnectivityChange for mobile_supl: DISCONNECTED/DISCONNECTED
I/ActivityManager( 1016): Start proc com.android.mms for broadcast com.android.mms/.transaction.MmsSystemEventReceiver: pid=30716 uid=10031 gids={50031, 3003, 1028, 1015}
W/FrameworkListener(  274): Handler 'interface' error (No such device)
W/FrameworkListener(  274): Handler 'interface' error (No such device)
D/ConnectivityService( 1016): resetConnections(rmnet0, 3)
D/Nat464Xlat( 1016): requiresClat: netType=3, hasIPv4Address=true
D/MobileDataStateTracker( 1016): default: setPolicyDataEnable(enabled=true)
D/MobileDataStateTracker( 1016): default: setPolicyDataEnable(enabled=true)
D/MobileDataStateTracker( 1016): default: setPolicyDataEnable(enabled=true)
D/MobileDataStateTracker( 1016): default: setPolicyDataEnable(enabled=true)
F/ProcessStats( 1016): Starting service ServiceState{43a506e8 com.tranzmate.services.LocationService pkg=com.tranzmate proc=43a506e8} without owner
I/ActivityManager( 1016): Process com.android.chrome (pid 30621) has died.
F/ProcessStats( 1016): Starting service ServiceState{43a506e8 com.tranzmate.services.LocationService pkg=com.tranzmate proc=43a506e8} without owner
I/ActivityManager( 1016): Process com.rhmsoft.fm:crash.feedback (pid 30636) has died.
E/ActivityThread(31852): Failed to find provider info for com.motorola.blur.setupprovider
I/openssl (24728): Crypto mode not selected, openssl will run on its regular mode.
I/openssl (24728): Crypto mode 0 already enabled
E/ActivityThread(31852): Failed to find provider info for com.motorola.blur.setupprovider
I/ActivityManager( 1016): Start proc com.google.android.setupwizard for broadcast com.google.android.setupwizard/.MobileConnectivityChangeReceiver: pid=30812 uid=10042 gids={50042, 3003}
F/ProcessStats( 1016): Starting service ServiceState{43a506e8 com.tranzmate.services.LocationService pkg=com.tranzmate proc=43a506e8} without owner
I/ActivityManager( 1016): Start proc com.google.android.apps.plus for broadcast com.google.android.apps.plus/.service.ConnectivityReceiver: pid=30830 uid=10090 gids={50090, 3003, 3002, 1028, 1015}
I/ActivityManager( 1016): Start proc com.google.android.talk for broadcast com.google.android.talk/com.google.android.apps.hangouts.service.NetworkStateReceiver: pid=30853 uid=10071 gids={50071, 3003, 1028, 1015, 3002}
F/ProcessStats( 1016): Starting service ServiceState{43a506e8 com.tranzmate.services.LocationService pkg=com.tranzmate proc=43a506e8} without owner
I/ActivityManager( 1016): Start proc com.google.android.apps.magazines for broadcast com.google.android.apps.magazines/com.google.apps.dots.android.newsstand.appwidget.NewsWidgetProvider: pid=30875 uid=10077 gids={50077, 3003, 1028, 1015}
W/AppOps  ( 1016): Bad call: specified package qcamera under uid 1013 but it is really -1
W/Vold    (  261): Returning OperationFailed - no handler for errno 30
W/Vold    (  261): Returning OperationFailed - no handler for errno 30
W/AppOps  ( 1016): Bad call: specified package qcamera under uid 1013 but it is really -1
W/AppOps  ( 1016): Bad call: specified package qcamera under uid 1013 but it is really -1
W/Vold    (  261): Returning OperationFailed - no handler for errno 30
W/Vold    (  261): Returning OperationFailed - no handler for errno 30
I/ActivityManager( 1016): Process com.google.android.gms.unstable (pid 30522) has died.
F/ProcessStats( 1016): Starting service ServiceState{43a506e8 com.tranzmate.services.LocationService pkg=com.tranzmate proc=43a506e8} without owner
W/AppOps  ( 1016): Bad call: specified package qcamera under uid 1013 but it is really -1
F/ProcessStats( 1016): Starting service ServiceState{43a506e8 com.tranzmate.services.LocationService pkg=com.tranzmate proc=43a506e8} without owner
I/ActivityManager( 1016): Start proc com.android.chrome for broadcast com.android.chrome/com.google.android.apps.chrome.precache.PrecacheServiceLauncher: pid=30937 uid=10057 gids={50057, 3003, 1028, 1015}
I/ActivityManager( 1016): Start proc com.rhmsoft.fm:crash.feedback for broadcast com.rhmsoft.fm/com.cleanmaster.fm.receiver.ConnectivityChangeBroadcastReceiver: pid=30951 uid=10105 gids={50105, 3003, 1028, 1015}
W/Vold    (  261): Returning OperationFailed - no handler for errno 30
W/Vold    (  261): Returning OperationFailed - no handler for errno 30
W/Vold    (  261): Returning OperationFailed - no handler for errno 30
I/openssl (24728): Crypto mode not selected, openssl will run on its regular mode.
I/openssl (24728): Crypto mode 0 already enabled
W/Vold    (  261): Returning OperationFailed - no handler for errno 30
W/Vold    (  261): Returning OperationFailed - no handler for errno 30
W/Vold    (  261): Returning OperationFailed - no handler for errno 30
I/ActivityManager( 1016): Process com.google.android.talk (pid 30853) has died.
W/ActivityManager( 1016): Service ServiceRecord{44313c40 u0 com.google.android.talk/com.google.android.libraries.hangouts.video.CallService} in process ProcessRecord{44025540 30853:com.google.android.talk/u0a71} not same as in map: null
I/ActivityManager( 1016): Start proc com.google.android.talk for broadcast com.google.android.talk/com.google.android.apps.hangouts.phone.PackageReplacedReceiver: pid=30990 uid=10071 gids={50071, 3003, 1028, 1015, 3002}
I/PackageManager( 1016): Adding preferred activity ComponentInfo{com.android.mms/com.android.mms.ui.ComposeMessageActivity} for user 0 :
I/PackageManager( 1016): Adding preferred activity ComponentInfo{com.android.mms/com.android.mms.ui.ComposeMessageActivity} for user 0 :
I/PackageManager( 1016): Adding preferred activity ComponentInfo{com.android.mms/com.android.mms.ui.ComposeMessageActivity} for user 0 :
I/PackageManager( 1016): Adding preferred activity ComponentInfo{com.android.mms/com.android.mms.ui.ComposeMessageActivity} for user 0 :
I/PackageManager( 1016): Adding preferred activity ComponentInfo{com.android.mms/com.android.mms.ui.ComposeMessageActivity} for user 0 :
I/PackageManager( 1016): Adding preferred activity ComponentInfo{com.android.mms/com.android.mms.ui.ComposeMessageActivity} for user 0 :
I/PackageManager( 1016): Adding preferred activity ComponentInfo{com.android.mms/com.android.mms.ui.ComposeMessageActivity} for user 0 :
I/PackageManager( 1016): Adding preferred activity ComponentInfo{com.android.mms/com.android.mms.ui.ComposeMessageActivity} for user 0 :
I/ActivityManager( 1016): Process com.google.android.apps.plus (pid 30830) has died.
D/ConnectivityService( 1016): handleInetConditionHoldEnd: net=1, condition=100, published condition=100
W/AppOps  ( 1016): Bad call: specified package qcamera under uid 1013 but it is really -1
I/ActivityManager( 1016): Start proc com.motorola.MotGallery2 for broadcast com.motorola.MotGallery2/com.android.gallery3d.app.PackagesMonitor: pid=31028 uid=10034 gids={50034, 3003, 1028, 1015}
W/AppOps  ( 1016): Bad call: specified package qcamera under uid 1013 but it is really -1
W/AppOps  ( 1016): Bad call: specified package qcamera under uid 1013 but it is really -1
I/ActivityManager( 1016): Process com.google.android.apps.magazines (pid 30875) has died.
W/AppOps  ( 1016): Bad call: specified package qcamera under uid 1013 but it is really -1
I/ActivityManager( 1016): Start proc com.android.vending for broadcast com.android.vending/com.google.android.finsky.receivers.PackageMonitorReceiver$RegisteredReceiver: pid=31047 uid=10039 gids={50039, 3003, 1028, 1015}
D/WifiService( 1016): acquireWifiLockLocked: WifiLock{NlpWifiLock type=2 binder=android.os.BinderProxy@4353fa90}
I/ActivityManager( 1016): Process com.android.mms (pid 30716) has died.
I/ActivityManager( 1016): Start proc com.google.android.apps.plus for broadcast com.google.android.apps.plus/.service.PackagesMediaMonitor: pid=31087 uid=10090 gids={50090, 3003, 3002, 1028, 1015}
I/ActivityManager( 1016): Process com.mobisystems.ubreader_west (pid 30657) has died.
I/ActivityManager( 1016): Process com.google.android.talk (pid 30990) has died.
W/ActivityManager( 1016): Service ServiceRecord{429120a0 u0 com.google.android.talk/com.google.android.libraries.hangouts.video.CallService} in process ProcessRecord{443c5918 30990:com.google.android.talk/u0a71} not same as in map: null
I/ActivityManager( 1016): Start proc com.google.android.googlequicksearchbox:search for broadcast com.google.android.googlequicksearchbox/com.google.android.search.core.icingsync.IcingCorporaChangedReceiver: pid=31107 uid=10045 gids={50045, 3003, 3001, 1028, 3002, 1015}
I/ActivityManager( 1016): Process com.android.chrome (pid 30937) has died.
I/ActivityManager( 1016): Start proc com.google.android.partnersetup for content provider com.google.android.partnersetup/.RlzAppProvider: pid=31129 uid=10025 gids={50025, 3003}
I/ActivityManager( 1016): Process com.android.vending (pid 31047) has died.
I/ActivityManager( 1016): Process com.google.android.apps.plus (pid 31087) has died.
I/ActivityManager( 1016): Process com.rhmsoft.fm:crash.feedback (pid 30951) has died.
F/ProcessStats( 1016): Starting service ServiceState{43a506e8 com.tranzmate.services.LocationService pkg=com.tranzmate proc=43a506e8} without owner
I/ActivityManager( 1016): Process com.motorola.MotGallery2 (pid 31028) has died.
F/ProcessStats( 1016): Starting service ServiceState{43a506e8 com.tranzmate.services.LocationService pkg=com.tranzmate proc=43a506e8} without owner
V/AlarmManager( 1016): sending alarm Alarm{4433bc70 type 2 com.google.android.gms}
D/WifiService( 1016): releaseWifiLockLocked: WifiLock{NlpWifiLock type=2 binder=android.os.BinderProxy@4353fa90}
I/SFPerfTracer(  278):      triggers: (rate: 160:90445) (229437 sw vsyncs) (190570 skipped) (17:809997 vsyncs) (19:1139821)
V/AlarmManager( 1016): sending alarm Alarm{437fbda8 type 2 android}
V/AlarmManager( 1016): sending alarm Alarm{437ee820 type 2 com.google.android.gms}
V/AlarmManager( 1016): sending alarm Alarm{43241e90 type 2 com.google.android.gms}
I/SFPerfTracer(  278):      triggers: (rate: 160:90445) (229437 sw vsyncs) (190570 skipped) (24:810087 vsyncs) (26:1139930)
V/AlarmManager( 1016): sending alarm Alarm{437ec5b8 type 3 android}
V/AlarmManager( 1016): sending alarm Alarm{437eb4b0 type 3 com.devexpert.weather}
V/AlarmManager( 1016): sending alarm Alarm{437e65a0 type 0 com.google.android.gms}
I/ActivityManager( 1016): Start proc com.devexpert.weather for broadcast com.devexpert.weather/.view.WidgetWeather2x1: pid=31171 uid=10112 gids={50112, 3003, 1028, 1015}
F/ProcessStats( 1016): Starting service ServiceState{43a506e8 com.tranzmate.services.LocationService pkg=com.tranzmate proc=43a506e8} without owner
I/ActivityManager( 1016): Start proc com.google.android.gms.unstable for service com.google.android.gms/.droidguard.DroidGuardService: pid=31190 uid=10022 gids={50022, 3003, 1007, 1028, 1015, 3002, 3001, 3007, 2001, 3006}
I/ActivityManager( 1016): Process com.google.android.googlequicksearchbox:search (pid 31107) has died.
F/ProcessStats( 1016): Starting service ServiceState{43a506e8 com.tranzmate.services.LocationService pkg=com.tranzmate proc=43a506e8} without owner
I/ActivityManager( 1016): Process com.google.android.setupwizard (pid 30812) has died.
I/SFPerfTracer(  278):      triggers: (rate: 501:16407) (compose: 0:57) (post: 0:3) (render: 47:4349) (0:245820 frames) (1:732044)
D/SFPerfTracer(  278):        layers: (3:10) (DimLayer: 0:145)* (DimLayer: 0:163)* (FocusedStackFrame: 0:5430)* (StatusBar: 1:54083) (NavigationBar: 0:35205) (DimLayer: 0:10244)* (DimLayer: 0:1164)* (com.android.wallpaper.fall.FallWallpaper: 0:10424)* (com.giftme.fb_auth/com.giftme.fb_auth.FB_Auth: 0:40) (com.giftme.fb_auth/com.giftme.fb_auth.FB_Auth: 0:32)* 
I/PowerManagerService( 1016): Nap time...
I/PowerManagerService( 1016): Going to sleep due to screen timeout...
W/ContextImpl( 1231): Calling a method in the system process without a qualified user: android.app.ContextImpl.sendBroadcast:1252 android.content.ContextWrapper.sendBroadcast:365 com.motorola.motocare.util.TriggerHelper$TriggerBuilder.send:76 com.motorola.motocare.internal.frameworkevents.PauseResumeTrigger.handleFrameworkEvent:53 com.motorola.motocare.internal.frameworkevents.FwEventMonitor$FrameworkListener.processFrameworkEvent:114 
F/ProcessStats( 1016): Starting service ServiceState{43a506e8 com.tranzmate.services.LocationService pkg=com.tranzmate proc=43a506e8} without owner
W/ContextImpl( 1231): Calling a method in the system process without a qualified user: android.app.ContextImpl.startService:1608 android.content.ContextWrapper.startService:494 android.content.ContextWrapper.startService:494 com.motorola.motocare.internal.batterystats.BatteryStatsAction.onReceive:33 android.app.ActivityThread.handleReceiver:2434 
W/ContextImpl( 1231): Calling a method in the system process without a qualified user: android.app.ContextImpl.sendBroadcast:1252 android.content.ContextWrapper.sendBroadcast:365 com.motorola.motocare.util.TriggerHelper$TriggerBuilder.send:76 com.motorola.motocare.internal.frameworkevents.ProcessKillTrigger.sendTrigger:147 com.motorola.motocare.internal.frameworkevents.ProcessKillTrigger.handleLmkKill:337 
W/ContextImpl( 1231): Calling a method in the system process without a qualified user: android.app.ContextImpl.sendBroadcast:1252 android.content.ContextWrapper.sendBroadcast:365 com.motorola.motocare.util.TriggerHelper$TriggerBuilder.send:76 com.motorola.motocare.internal.frameworkevents.ProcessKillTrigger.sendTrigger:147 com.motorola.motocare.internal.frameworkevents.ProcessKillTrigger.handleLmkKill:337 
W/ContextImpl( 1231): Calling a method in the system process without a qualified user: android.app.ContextImpl.sendBroadcast:1252 android.content.ContextWrapper.sendBroadcast:365 com.motorola.motocare.util.TriggerHelper$TriggerBuilder.send:76 com.motorola.motocare.internal.frameworkevents.ProcessKillTrigger.sendTrigger:147 com.motorola.motocare.internal.frameworkevents.ProcessKillTrigger.handleLmkKill:337 
W/ContextImpl( 1231): Calling a method in the system process without a qualified user: android.app.ContextImpl.sendBroadcast:1252 android.content.ContextWrapper.sendBroadcast:365 com.motorola.motocare.util.TriggerHelper$TriggerBuilder.send:76 com.motorola.motocare.internal.frameworkevents.ProcessKillTrigger.sendTrigger:147 com.motorola.motocare.internal.frameworkevents.ProcessKillTrigger.handleLmkKill:337 
W/ContextImpl( 1231): Calling a method in the system process without a qualified user: android.app.ContextImpl.sendBroadcast:1252 android.content.ContextWrapper.sendBroadcast:365 com.motorola.motocare.util.TriggerHelper$TriggerBuilder.send:76 com.motorola.motocare.internal.frameworkevents.ProcessKillTrigger.sendTrigger:147 com.motorola.motocare.internal.frameworkevents.ProcessKillTrigger.handleLmkKill:337 
W/ContextImpl( 1231): Calling a method in the system process without a qualified user: android.app.ContextImpl.sendBroadcast:1252 android.content.ContextWrapper.sendBroadcast:365 com.motorola.motocare.util.TriggerHelper$TriggerBuilder.send:76 com.motorola.motocare.internal.frameworkevents.ProcessKillTrigger.sendTrigger:147 com.motorola.motocare.internal.frameworkevents.ProcessKillTrigger.handleLmkKill:337 
W/ContextImpl( 1231): Calling a method in the system process without a qualified user: android.app.ContextImpl.sendBroadcast:1252 android.content.ContextWrapper.sendBroadcast:365 com.motorola.motocare.util.TriggerHelper$TriggerBuilder.send:76 com.motorola.motocare.internal.frameworkevents.ProcessKillTrigger.sendTrigger:147 com.motorola.motocare.internal.frameworkevents.ProcessKillTrigger.handleLmkKill:337 
W/ContextImpl( 1231): Calling a method in the system process without a qualified user: android.app.ContextImpl.sendBroadcast:1252 android.content.ContextWrapper.sendBroadcast:365 com.motorola.motocare.util.TriggerHelper$TriggerBuilder.send:76 com.motorola.motocare.internal.frameworkevents.ProcessKillTrigger.sendTrigger:147 com.motorola.motocare.internal.frameworkevents.ProcessKillTrigger.handleLmkKill:337 
W/ContextImpl( 1231): Calling a method in the system process without a qualified user: android.app.ContextImpl.sendBroadcast:1252 android.content.ContextWrapper.sendBroadcast:365 com.motorola.motocare.util.TriggerHelper$TriggerBuilder.send:76 com.motorola.motocare.internal.frameworkevents.ProcessKillTrigger.sendTrigger:147 com.motorola.motocare.internal.frameworkevents.ProcessKillTrigger.handleLmkKill:337 
W/ContextImpl( 1231): Calling a method in the system process without a qualified user: android.app.ContextImpl.sendBroadcast:1252 android.content.ContextWrapper.sendBroadcast:365 com.motorola.motocare.util.TriggerHelper$TriggerBuilder.send:76 com.motorola.motocare.internal.frameworkevents.ProcessKillTrigger.sendTrigger:147 com.motorola.motocare.internal.frameworkevents.ProcessKillTrigger.handleLmkKill:337 
W/ContextImpl( 1231): Calling a method in the system process without a qualified user: android.app.ContextImpl.sendBroadcast:1252 android.content.ContextWrapper.sendBroadcast:365 com.motorola.motocare.util.TriggerHelper$TriggerBuilder.send:76 com.motorola.motocare.internal.frameworkevents.ProcessKillTrigger.sendTrigger:147 com.motorola.motocare.internal.frameworkevents.ProcessKillTrigger.handleLmkKill:337 
W/ContextImpl( 1231): Calling a method in the system process without a qualified user: android.app.ContextImpl.sendBroadcast:1252 android.content.ContextWrapper.sendBroadcast:365 com.motorola.motocare.util.TriggerHelper$TriggerBuilder.send:76 com.motorola.motocare.internal.frameworkevents.ProcessKillTrigger.sendTrigger:147 com.motorola.motocare.internal.frameworkevents.ProcessKillTrigger.handleLmkKill:337 
W/ContextImpl( 1231): Calling a method in the system process without a qualified user: android.app.ContextImpl.sendBroadcast:1252 android.content.ContextWrapper.sendBroadcast:365 com.motorola.motocare.util.TriggerHelper$TriggerBuilder.send:76 com.motorola.motocare.internal.frameworkevents.ProcessKillTrigger.sendTrigger:147 com.motorola.motocare.internal.frameworkevents.ProcessKillTrigger.handleLmkKill:337 
W/ContextImpl( 1231): Calling a method in the system process without a qualified user: android.app.ContextImpl.sendBroadcast:1252 android.content.ContextWrapper.sendBroadcast:365 com.motorola.motocare.util.TriggerHelper$TriggerBuilder.send:76 com.motorola.motocare.internal.frameworkevents.ProcessKillTrigger.sendTrigger:147 com.motorola.motocare.internal.frameworkevents.ProcessKillTrigger.handleLmkKill:337 
W/ContextImpl( 1231): Calling a method in the system process without a qualified user: android.app.ContextImpl.sendBroadcast:1252 android.content.ContextWrapper.sendBroadcast:365 com.motorola.motocare.util.TriggerHelper$TriggerBuilder.send:76 com.motorola.motocare.internal.frameworkevents.ProcessKillTrigger.sendTrigger:147 com.motorola.motocare.internal.frameworkevents.ProcessKillTrigger.handleLmkKill:337 
W/ContextImpl( 1231): Calling a method in the system process without a qualified user: android.app.ContextImpl.sendBroadcast:1252 android.content.ContextWrapper.sendBroadcast:365 com.motorola.motocare.util.TriggerHelper$TriggerBuilder.send:76 com.motorola.motocare.internal.frameworkevents.ProcessKillTrigger.sendTrigger:147 com.motorola.motocare.internal.frameworkevents.ProcessKillTrigger.handleLmkKill:337 
W/ContextImpl( 1231): Calling a method in the system process without a qualified user: android.app.ContextImpl.sendBroadcast:1252 android.content.ContextWrapper.sendBroadcast:365 com.motorola.motocare.util.TriggerHelper$TriggerBuilder.send:76 com.motorola.motocare.internal.frameworkevents.ProcessKillTrigger.sendTrigger:147 com.motorola.motocare.internal.frameworkevents.ProcessKillTrigger.handleLmkKill:337 
W/ContextImpl( 1231): Calling a method in the system process without a qualified user: android.app.ContextImpl.sendBroadcast:1252 android.content.ContextWrapper.sendBroadcast:365 com.motorola.motocare.util.TriggerHelper$TriggerBuilder.send:76 com.motorola.motocare.internal.frameworkevents.ProcessKillTrigger.sendTrigger:147 com.motorola.motocare.internal.frameworkevents.ProcessKillTrigger.handleLmkKill:337 
W/ContextImpl( 1231): Calling a method in the system process without a qualified user: android.app.ContextImpl.sendBroadcast:1252 android.content.ContextWrapper.sendBroadcast:365 com.motorola.motocare.util.TriggerHelper$TriggerBuilder.send:76 com.motorola.motocare.internal.frameworkevents.ProcessKillTrigger.sendTrigger:147 com.motorola.motocare.internal.frameworkevents.ProcessKillTrigger.handleLmkKill:337 
W/ContextImpl( 1231): Calling a method in the system process without a qualified user: android.app.ContextImpl.sendBroadcast:1252 android.content.ContextWrapper.sendBroadcast:365 com.motorola.motocare.util.TriggerHelper$TriggerBuilder.send:76 com.motorola.motocare.internal.frameworkevents.ProcessKillTrigger.sendTrigger:147 com.motorola.motocare.internal.frameworkevents.ProcessKillTrigger.handleLmkKill:337 
W/ContextImpl( 1231): Calling a method in the system process without a qualified user: android.app.ContextImpl.sendBroadcast:1252 android.content.ContextWrapper.sendBroadcast:365 com.motorola.motocare.util.TriggerHelper$TriggerBuilder.send:76 com.motorola.motocare.internal.frameworkevents.ProcessKillTrigger.sendTrigger:147 com.motorola.motocare.internal.frameworkevents.ProcessKillTrigger.handleLmkKill:337 
W/ContextImpl( 1231): Calling a method in the system process without a qualified user: android.app.ContextImpl.sendBroadcast:1252 android.content.ContextWrapper.sendBroadcast:365 com.motorola.motocare.util.TriggerHelper$TriggerBuilder.send:76 com.motorola.motocare.internal.frameworkevents.ProcessKillTrigger.sendTrigger:147 com.motorola.motocare.internal.frameworkevents.ProcessKillTrigger.handleLmkKill:337 
W/ContextImpl( 1231): Calling a method in the system process without a qualified user: android.app.ContextImpl.sendBroadcast:1252 android.content.ContextWrapper.sendBroadcast:365 com.motorola.motocare.util.TriggerHelper$TriggerBuilder.send:76 com.motorola.motocare.internal.frameworkevents.ProcessKillTrigger.sendTrigger:147 com.motorola.motocare.internal.frameworkevents.ProcessKillTrigger.handleLmkKill:337 
V/AlarmManager( 1016): sending alarm Alarm{430f7780 type 2 com.android.keyguard}
V/AlarmManager( 1016): sending alarm Alarm{430ef128 type 0 com.facebook.katana}
I/ActivityManager( 1016): Process com.google.android.partnersetup (pid 31129) has died.
I/ActivityManager( 1016): Start proc com.google.android.talk for broadcast com.google.android.talk/com.google.android.apps.hangouts.phone.PackageReplacedReceiver: pid=31288 uid=10071 gids={50071, 3003, 1028, 1015, 3002}
I/PackageManager( 1016): Adding preferred activity ComponentInfo{com.android.mms/com.android.mms.ui.ComposeMessageActivity} for user 0 :
I/PackageManager( 1016): Adding preferred activity ComponentInfo{com.android.mms/com.android.mms.ui.ComposeMessageActivity} for user 0 :
I/PackageManager( 1016): Adding preferred activity ComponentInfo{com.android.mms/com.android.mms.ui.ComposeMessageActivity} for user 0 :
I/PackageManager( 1016): Adding preferred activity ComponentInfo{com.android.mms/com.android.mms.ui.ComposeMessageActivity} for user 0 :
I/PackageManager( 1016): Adding preferred activity ComponentInfo{com.android.mms/com.android.mms.ui.ComposeMessageActivity} for user 0 :
I/PackageManager( 1016): Adding preferred activity ComponentInfo{com.android.mms/com.android.mms.ui.ComposeMessageActivity} for user 0 :
I/PackageManager( 1016): Adding preferred activity ComponentInfo{com.android.mms/com.android.mms.ui.ComposeMessageActivity} for user 0 :
I/PackageManager( 1016): Adding preferred activity ComponentInfo{com.android.mms/com.android.mms.ui.ComposeMessageActivity} for user 0 :
D/WifiService( 1016): acquireWifiLockLocked: WifiLock{NlpWifiLock type=2 binder=android.os.BinderProxy@43f05188}
W/AppOps  ( 1016): Bad call: specified package qcamera under uid 1013 but it is really -1
I/ActivityManager( 1016): Start proc com.motorola.MotGallery2 for broadcast com.motorola.MotGallery2/com.android.gallery3d.app.PackagesMonitor: pid=31321 uid=10034 gids={50034, 3003, 1028, 1015}
W/AppOps  ( 1016): Bad call: specified package qcamera under uid 1013 but it is really -1
W/AppOps  ( 1016): Bad call: specified package qcamera under uid 1013 but it is really -1
I/ActivityManager( 1016): Start proc com.android.vending for broadcast com.android.vending/com.google.android.finsky.receivers.PackageMonitorReceiver$RegisteredReceiver: pid=31337 uid=10039 gids={50039, 3003, 1028, 1015}
W/AppOps  ( 1016): Bad call: specified package qcamera under uid 1013 but it is really -1
F/ProcessStats( 1016): Starting service ServiceState{43a506e8 com.tranzmate.services.LocationService pkg=com.tranzmate proc=43a506e8} without owner
I/ActivityManager( 1016): Process com.google.android.gms.unstable (pid 31190) has died.
F/ProcessStats( 1016): Starting service ServiceState{43a506e8 com.tranzmate.services.LocationService pkg=com.tranzmate proc=43a506e8} without owner
D/WifiService( 1016): releaseWifiLockLocked: WifiLock{NlpWifiLock type=2 binder=android.os.BinderProxy@43f05188}
F/ProcessStats( 1016): Starting service ServiceState{43a506e8 com.tranzmate.services.LocationService pkg=com.tranzmate proc=43a506e8} without owner
I/ActivityManager( 1016): Start proc com.google.android.apps.plus for broadcast com.google.android.apps.plus/.service.PackagesMediaMonitor: pid=31384 uid=10090 gids={50090, 3003, 3002, 1028, 1015}
I/ActivityManager( 1016): Process com.google.android.talk (pid 31288) has died.
W/ActivityManager( 1016): Service ServiceRecord{440161d0 u0 com.google.android.talk/com.google.android.libraries.hangouts.video.CallService} in process ProcessRecord{4354c578 31288:com.google.android.talk/u0a71} not same as in map: null
F/ProcessStats( 1016): Starting service ServiceState{43a506e8 com.tranzmate.services.LocationService pkg=com.tranzmate proc=43a506e8} without owner
I/ActivityManager( 1016): Start proc com.google.android.googlequicksearchbox:search for broadcast com.google.android.googlequicksearchbox/com.google.android.search.core.icingsync.IcingCorporaChangedReceiver: pid=31409 uid=10045 gids={50045, 3003, 3001, 1028, 3002, 1015}
F/ProcessStats( 1016): Starting service ServiceState{43a506e8 com.tranzmate.services.LocationService pkg=com.tranzmate proc=43a506e8} without owner
I/ActivityManager( 1016): Start proc com.google.android.partnersetup for content provider com.google.android.partnersetup/.RlzAppProvider: pid=31425 uid=10025 gids={50025, 3003}
F/ProcessStats( 1016): Starting service ServiceState{43a506e8 com.tranzmate.services.LocationService pkg=com.tranzmate proc=43a506e8} without owner
I/ActivityManager( 1016): Process com.google.android.apps.plus (pid 31384) has died.
I/ActivityManager( 1016): Process com.android.vending (pid 31337) has died.
F/ProcessStats( 1016): Starting service ServiceState{43a506e8 com.tranzmate.services.LocationService pkg=com.tranzmate proc=43a506e8} without owner
V/AlarmManager( 1016): sending alarm Alarm{43d01e30 type 2 com.google.android.gms}
V/AlarmManager( 1016): sending alarm Alarm{43cf5e60 type 2 com.google.android.gsf}
V/AlarmManager( 1016): sending alarm Alarm{43517068 type 3 android}
D/WifiService( 1016): acquireWifiLockLocked: WifiLock{NlpWifiLock type=2 binder=android.os.BinderProxy@43027b80}
D/ConnectivityService( 1016): startUsingNetworkFeature reconnecting to 0: enableSUPL
D/ConnectivityService( 1016): startUsingNetworkFeature X: return APN_REQUEST_STARTED
D/MobileDataStateTracker( 1016): supl: Broadcast received: android.intent.action.ANY_DATA_STATE apnType=supl
D/MobileDataStateTracker( 1016): supl: Received state=CONNECTING, old=DISCONNECTED, reason=dataEnabled
D/MobileDataStateTracker( 1016): supl: setDetailed state, old =IDLE and new state=CONNECTING
I/ActivityManager( 1016): Start proc com.android.mms for broadcast com.android.mms/.transaction.MmsSystemEventReceiver: pid=31464 uid=10031 gids={50031, 3003, 1028, 1015}
F/ProcessStats( 1016): Starting service ServiceState{43a506e8 com.tranzmate.services.LocationService pkg=com.tranzmate proc=43a506e8} without owner
D/MobileDataStateTracker( 1016): supl: Broadcast received: android.intent.action.ANY_DATA_STATE apnType=supl
D/MobileDataStateTracker( 1016): supl: Received state=CONNECTED, old=CONNECTING, reason=connected
D/MobileDataStateTracker( 1016): supl: Unexpected mtu value: 0
D/MobileDataStateTracker( 1016): supl: Using FW overlay value config_mobile_mtu
D/MobileDataStateTracker( 1016): supl: setDetailed state, old =CONNECTING and new state=CONNECTED
D/ConnectivityService( 1016): ConnectivityChange for mobile_supl: CONNECTED/CONNECTED
D/ConnectivityService( 1016): Setting MTU size: rmnet0, 1410
D/NetworkManagementService( 1016): Enter setMtu in NetworkManagementService
D/NetworkManagementService( 1016): interface rmnet0setmtu 1410
E/ConnectivityService( 1016): Exception trying to remove a route: java.lang.IllegalStateException: command '2938 interface route remove rmnet0 default 0.0.0.0 0 100.69.123.253' failed with '400 2938 Failed to remove route from default table (No such process)'
D/Nat464Xlat( 1016): requiresClat: netType=3, hasIPv4Address=true
D/MobileDataStateTracker( 1016): default: setPolicyDataEnable(enabled=true)
D/MobileDataStateTracker( 1016): default: setPolicyDataEnable(enabled=true)
V/AlarmManager( 1016): sending alarm Alarm{435609a0 type 3 com.devexpert.weather}
V/AlarmManager( 1016): sending alarm Alarm{435617e8 type 2 com.google.android.gms}
D/WifiService( 1016): releaseWifiLockLocked: WifiLock{NlpWifiLock type=2 binder=android.os.BinderProxy@43027b80}
