I/dalvikvm(12736): Could not find method android.view.View.getTransitionName, referenced from method b.a
W/dalvikvm(12736): VFY: unable to resolve virtual method 4205: Landroid/view/View;.getTransitionName ()Ljava/lang/String;
D/dalvikvm(12736): VFY: replacing opcode 0x6e at 0x0006
W/dalvikvm(12736): VFY: unable to find class referenced in signature ([Landroid/app/RemoteInput;)
E/dalvikvm(12736): Could not find class 'android.app.RemoteInput[]', referenced from method b.a
W/dalvikvm(12736): VFY: unable to resolve new-array 12606 ([Landroid/app/RemoteInput;) in Lb;
D/dalvikvm(12736): VFY: replacing opcode 0x23 at 0x0005
D/dalvikvm(12736): DexOpt: unable to opt direct call 0x0530 at 0x0e in Lb;.a
D/dalvikvm(12736): DexOpt: unable to opt direct call 0x08a4 at 0x0e in Lb;.a
D/dalvikvm(12736): DexOpt: unable to opt direct call 0x0530 at 0x0e in Lb;.a
W/dalvikvm(12736): Unable to resolve superclass of Lar; (689)
W/dalvikvm(12736): Link of class 'Lar;' failed
D/dalvikvm(12736): DexOpt: unable to opt direct call 0x177c at 0x08 in Lb;.a
W/dalvikvm(12736): Unable to resolve superclass of Lat; (689)
W/dalvikvm(12736): Link of class 'Lat;' failed
D/dalvikvm(12736): DexOpt: unable to opt direct call 0x1846 at 0x2c in Lb;.a
D/dalvikvm(12736): DexOpt: unable to opt direct call 0x0587 at 0x13 in Lb;.a
D/dalvikvm(12736): Trying to load lib /data/app-lib/com.google.android.apps.plus-1/libcrashreporterer.so 0x42795798
D/dalvikvm(12736): Added shared lib /data/app-lib/com.google.android.apps.plus-1/libcrashreporterer.so 0x42795798
I/ActivityManager( 1016): Start proc com.google.android.talk for broadcast com.google.android.talk/com.google.android.apps.hangouts.service.NetworkStateReceiver: pid=12760 uid=10071 gids={50071, 3003, 1028, 1015, 3002}
I/dalvikvm(12736): Could not find method android.content.Context.getDrawable, referenced from method c.a
W/dalvikvm(12736): VFY: unable to resolve virtual method 1545: Landroid/content/Context;.getDrawable (I)Landroid/graphics/drawable/Drawable;
D/dalvikvm(12736): VFY: replacing opcode 0x6e at 0x0006
D/dalvikvm(12760): Trying to load lib /data/app-lib/com.google.android.talk-1/libcrashreporterer.so 0x42793470
D/dalvikvm(12760): Added shared lib /data/app-lib/com.google.android.talk-1/libcrashreporterer.so 0x42793470
E/dalvikvm(12760): Could not find class 'android.app.Notification$Action$Builder', referenced from method f.a
W/dalvikvm(12760): VFY: unable to resolve new-instance 402 (Landroid/app/Notification$Action$Builder;) in Lf;
D/dalvikvm(12760): VFY: replacing opcode 0x22 at 0x0000
E/dalvikvm(12760): Could not find class 'android.app.RemoteInput$Builder', referenced from method f.a
W/dalvikvm(12760): VFY: unable to resolve new-instance 414 (Landroid/app/RemoteInput$Builder;) in Lf;
D/dalvikvm(12760): VFY: replacing opcode 0x22 at 0x003d
E/dalvikvm(12760): Could not find class 'android.app.Notification$Action$Builder', referenced from method f.a
W/dalvikvm(12760): VFY: unable to resolve new-instance 402 (Landroid/app/Notification$Action$Builder;) in Lf;
D/dalvikvm(12760): VFY: replacing opcode 0x22 at 0x0000
W/dalvikvm(12760): Unable to resolve superclass of Law; (790)
W/dalvikvm(12760): Link of class 'Law;' failed
E/dalvikvm(12760): Could not find class 'aw', referenced from method f.a
W/dalvikvm(12760): VFY: unable to resolve new-instance 1214 (Law;) in Lf;
D/dalvikvm(12760): VFY: replacing opcode 0x22 at 0x0006
W/dalvikvm(12760): Unable to resolve superclass of Lay; (790)
W/dalvikvm(12760): Link of class 'Lay;' failed
E/dalvikvm(12760): Could not find class 'ay', referenced from method f.a
W/dalvikvm(12760): VFY: unable to resolve new-instance 1268 (Lay;) in Lf;
D/dalvikvm(12760): VFY: replacing opcode 0x22 at 0x002a
I/dalvikvm(12760): Could not find method android.view.ViewGroup.isTransitionGroup, referenced from method f.a
W/dalvikvm(12760): VFY: unable to resolve virtual method 5345: Landroid/view/ViewGroup;.isTransitionGroup ()Z
D/dalvikvm(12760): VFY: replacing opcode 0x6e at 0x000c
I/dalvikvm(12760): Could not find method android.view.View.getTransitionName, referenced from method f.a
W/dalvikvm(12760): VFY: unable to resolve virtual method 5199: Landroid/view/View;.getTransitionName ()Ljava/lang/String;
D/dalvikvm(12760): VFY: replacing opcode 0x6e at 0x0006
W/dalvikvm(12760): VFY: unable to find class referenced in signature ([Landroid/app/RemoteInput;)
E/dalvikvm(12760): Could not find class 'android.app.RemoteInput[]', referenced from method f.a
W/dalvikvm(12760): VFY: unable to resolve new-array 6957 ([Landroid/app/RemoteInput;) in Lf;
D/dalvikvm(12760): VFY: replacing opcode 0x23 at 0x0005
D/dalvikvm(12760): DexOpt: couldn't find static field Landroid/os/Build;.SUPPORTED_ABIS
W/dalvikvm(12760): VFY: unable to resolve static field 1486 (SUPPORTED_ABIS) in Landroid/os/Build;
D/dalvikvm(12760): VFY: replacing opcode 0x62 at 0x0006
D/dalvikvm(12760): DexOpt: unable to opt direct call 0x0a62 at 0x0e in Lf;.a
D/dalvikvm(12760): DexOpt: unable to opt direct call 0x0ab7 at 0x43 in Lf;.a
D/dalvikvm(12760): DexOpt: unable to opt direct call 0x0a62 at 0x0e in Lf;.a
W/dalvikvm(12760): Unable to resolve superclass of Law; (790)
W/dalvikvm(12760): Link of class 'Law;' failed
D/dalvikvm(12760): DexOpt: unable to opt direct call 0x1d53 at 0x08 in Lf;.a
W/dalvikvm(12760): Unable to resolve superclass of Lay; (790)
W/dalvikvm(12760): Link of class 'Lay;' failed
D/dalvikvm(12760): DexOpt: unable to opt direct call 0x1e94 at 0x2c in Lf;.a
D/dalvikvm(12760): DexOpt: unable to opt direct call 0x0ab7 at 0x13 in Lf;.a
I/dalvikvm(12760): Could not find method android.content.Context.getDrawable, referenced from method i.a
W/dalvikvm(12760): VFY: unable to resolve virtual method 2839: Landroid/content/Context;.getDrawable (I)Landroid/graphics/drawable/Drawable;
D/dalvikvm(12760): VFY: replacing opcode 0x6e at 0x0006
I/Babel   (12760): MmsConfig: mnc/mcc: 272/3
I/Babel   (12760): MmsConfig.loadMmsSettings
I/Babel   (12760): MmsConfig.loadDeviceMmsSettings from API: mUserAgent=motoxt1039, mUaProfUrl=http://uaprof.motorola.com/phoneconfig/motoxt1039/Profile/motoxt1039.rdf
I/Babel   (12760): MmsConfig.loadFromDatabase
E/SQLiteLog(12760): (1) no such table: mmsconfig
I/Babel   (12760): MmsConfig: no mmsconfig table android.database.sqlite.SQLiteException: no such table: mmsconfig (code 1): , while compiling: SELECT key, value, type FROM mmsconfig WHERE numeric=?
I/Babel   (12760): MmsConfig.loadFromResources
E/Babel   (12760): canonicalizeMccMnc: invalid mccmnc nullnull
W/Settings(12760): Setting airplane_mode_on has moved from android.provider.Settings.System to android.provider.Settings.Global, returning read-only value.
I/Babel   (12760): MmsConfig.loadMmsSettings: mUserAgent=motoxt1039, mUaProfUrl=http://uaprof.motorola.com/phoneconfig/motoxt1039/Profile/motoxt1039.rdf
I/Babel_StickerModule(12760): App launched.
I/ActivityManager( 1016): Start proc com.google.android.apps.magazines for broadcast com.google.android.apps.magazines/com.google.apps.dots.android.newsstand.appwidget.NewsWidgetProvider: pid=12783 uid=10077 gids={50077, 3003, 1028, 1015}
W/AppOps  ( 1016): Bad call: specified package qcamera under uid 1013 but it is really -1
W/AppOps  ( 1016): Bad call: specified package qcamera under uid 1013 but it is really -1
W/AppOps  ( 1016): Bad call: specified package qcamera under uid 1013 but it is really -1
I/dalvikvm(12783): Could not find method android.accounts.AccountManager.getPreviousName, referenced from method com.google.apps.dots.android.newsstand.auth.AccountManagerDelegate.getPreviousName
W/dalvikvm(12783): VFY: unable to resolve virtual method 7: Landroid/accounts/AccountManager;.getPreviousName (Landroid/accounts/Account;)Ljava/lang/String;
D/dalvikvm(12783): VFY: replacing opcode 0x6e at 0x0002
E/cutils  (  261): Failed to mkdirat(/storage/sdcard1/Android): Read-only file system
W/Vold    (  261): Returning OperationFailed - no handler for errno 30
W/ContextImpl(12783): Failed to ensure directory: /storage/sdcard1/Android/data/com.google.android.apps.magazines/cache
E/cutils  (  261): Failed to mkdirat(/storage/sdcard1/Android): Read-only file system
W/Vold    (  261): Returning OperationFailed - no handler for errno 30
W/ContextImpl(12783): Failed to ensure directory: /storage/sdcard1/Android/data/com.google.android.apps.magazines/files
E/cutils  (  261): Failed to mkdirat(/storage/sdcard1/Android): Read-only file system
W/Vold    (  261): Returning OperationFailed - no handler for errno 30
W/ContextImpl(12783): Failed to ensure directory: /storage/sdcard1/Android/data/com.google.android.apps.magazines/cache
E/cutils  (  261): Failed to mkdirat(/storage/sdcard1/Android): Read-only file system
W/Vold    (  261): Returning OperationFailed - no handler for errno 30
W/ContextImpl(12783): Failed to ensure directory: /storage/sdcard1/Android/data/com.google.android.apps.magazines/files
W/AppOps  ( 1016): Bad call: specified package qcamera under uid 1013 but it is really -1
W/dalvikvm(12760): Unable to resolve superclass of Lcom/google/android/libraries/hangouts/video/ScreenCaptureVideoSource$2; (596)
W/dalvikvm(12760): Link of class 'Lcom/google/android/libraries/hangouts/video/ScreenCaptureVideoSource$2;' failed
E/dalvikvm(12760): Could not find class 'com.google.android.libraries.hangouts.video.ScreenCaptureVideoSource$2', referenced from method com.google.android.libraries.hangouts.video.ScreenCaptureVideoSource.<init>
W/dalvikvm(12760): VFY: unable to resolve new-instance 2878 (Lcom/google/android/libraries/hangouts/video/ScreenCaptureVideoSource$2;) in Lcom/google/android/libraries/hangouts/video/ScreenCaptureVideoSource;
D/dalvikvm(12760): VFY: replacing opcode 0x22 at 0x0044
W/dalvikvm(12760): VFY: unable to find class referenced in signature (Landroid/media/projection/MediaProjection;)
W/dalvikvm(12760): VFY: unable to find class referenced in signature (Landroid/media/projection/MediaProjection;)
W/dalvikvm(12760): VFY: unable to find class referenced in signature (Landroid/media/projection/MediaProjection;)
W/dalvikvm(12760): VFY: unable to find class referenced in signature (Landroid/media/projection/MediaProjectionManager;)
I/dalvikvm(12760): Could not find method android.media.projection.MediaProjection.createVirtualDisplay, referenced from method com.google.android.libraries.hangouts.video.ScreenCaptureVideoSource.createVirtualDisplay
W/dalvikvm(12760): VFY: unable to resolve virtual method 3518: Landroid/media/projection/MediaProjection;.createVirtualDisplay (Ljava/lang/String;IIIILandroid/view/Surface;Landroid/hardware/display/VirtualDisplay$Callback;Landroid/os/Handler;)Landroid/hardware/display/VirtualDisplay;
D/dalvikvm(12760): VFY: replacing opcode 0x74 at 0x0053
I/dalvikvm(12760): Could not find method android.media.projection.MediaProjection.stop, referenced from method com.google.android.libraries.hangouts.video.ScreenCaptureVideoSource.release
W/dalvikvm(12760): VFY: unable to resolve virtual method 3520: Landroid/media/projection/MediaProjection;.stop ()V
D/dalvikvm(12760): VFY: replacing opcode 0x6e at 0x002d
I/dalvikvm(12760): Could not find method android.media.projection.MediaProjectionManager.createScreenCaptureIntent, referenced from method com.google.android.libraries.hangouts.video.ScreenCaptureVideoSource.startCapture
W/dalvikvm(12760): VFY: unable to resolve virtual method 3522: Landroid/media/projection/MediaProjectionManager;.createScreenCaptureIntent ()Landroid/content/Intent;
D/dalvikvm(12760): VFY: replacing opcode 0x6e at 0x0023
W/dalvikvm(12760): Unable to resolve superclass of Lcom/google/android/libraries/hangouts/video/ScreenCaptureVideoSource$2; (596)
W/dalvikvm(12760): Link of class 'Lcom/google/android/libraries/hangouts/video/ScreenCaptureVideoSource$2;' failed
D/dalvikvm(12760): DexOpt: unable to opt direct call 0x4a49 at 0x46 in Lcom/google/android/libraries/hangouts/video/ScreenCaptureVideoSource;.<init>
I/dalvikvm(12760): Could not find method android.media.MediaCodecInfo$CodecCapabilities.getVideoCapabilities, referenced from method com.google.android.libraries.hangouts.video.EncoderManager.isHardwareAcceleratedCodec
W/dalvikvm(12760): VFY: unable to resolve virtual method 3454: Landroid/media/MediaCodecInfo$CodecCapabilities;.getVideoCapabilities ()Landroid/media/MediaCodecInfo$VideoCapabilities;
D/dalvikvm(12760): VFY: replacing opcode 0x6e at 0x001f
V/WebViewChromiumFactoryProvider(12783): Binding Chromium to main looper Looper (main, tid 1) {4278ebd0}
I/LibraryLoader(12783): Expected native library version number "",actual native library version number ""
I/chromium(12783): [INFO:library_loader_hooks.cc(116)] Chromium logging enabled: level = 0, default verbosity = 0
I/BrowserStartupController(12783): Initializing chromium process, renderers=0
E/AudioManagerAndroid(12783): BLUETOOTH permission is missing!
I/Adreno-EGL(12783): <qeglDrvAPI_eglInitialize:410>: EGL 1.4 QUALCOMM build: AU_LINUX_ANDROID_LNX.LA.3.5.1_RB1.04.04.02.048.018_msm8226_LNX.LA.3.5.1_RB1__release_AU ()
I/Adreno-EGL(12783): OpenGL ES Shader Compiler Version: E031.24.00.08
I/Adreno-EGL(12783): Build Date: 03/07/14 Fri
I/Adreno-EGL(12783): Local Branch: 
I/Adreno-EGL(12783): Remote Branch: quic/LNX.LA.3.5.1_RB1.1
I/Adreno-EGL(12783): Local Patches: NONE
I/Adreno-EGL(12783): Reconstruct Branch: AU_LINUX_ANDROID_LNX.LA.3.5.1_RB1.04.04.02.048.018 + f2fd134 +  NOTHING
I/NSApplication(12783): Starting up...
I/ActivityManager( 1016): Start proc com.android.chrome for broadcast com.android.chrome/com.google.android.apps.chrome.precache.PrecacheServiceLauncher: pid=12834 uid=10057 gids={50057, 3003, 1028, 1015}
I/ActivityManager( 1016): Killing 12444:com.rhmsoft.fm:crash.feedback/u0a105 (adj 15): empty #9
W/ContextImpl( 1231): Calling a method in the system process without a qualified user: android.app.ContextImpl.sendBroadcast:1252 android.content.ContextWrapper.sendBroadcast:365 com.motorola.motocare.util.TriggerHelper$TriggerBuilder.send:76 com.motorola.motocare.internal.frameworkevents.ProcessKillTrigger.sendTrigger:147 com.motorola.motocare.internal.frameworkevents.ProcessKillTrigger.handleFrameworkEvent:164 
D/AudioManagerAndroid(12783): ==> onReceive: s=0, m=1, n=h2w, sb=true
D/AudioManagerAndroid(12783): reportUpdate: state=0, devices=[Speakerphone, Headset earpiece]
D/dalvikvm(  280): GC_EXPLICIT freed 42K, 48% free 9010K/17224K, paused 1ms+3ms, total 21ms
D/dalvikvm(  280): GC_EXPLICIT freed <1K, 48% free 9010K/17224K, paused 1ms+2ms, total 18ms
I/ActivityManager( 1016): Process com.google.android.googlequicksearchbox:search (pid 12637) has died.
D/dalvikvm(  280): GC_EXPLICIT freed <1K, 48% free 9010K/17224K, paused 1ms+2ms, total 19ms
I/ActivityManager( 1016): Start proc com.rhmsoft.fm:crash.feedback for broadcast com.rhmsoft.fm/com.cleanmaster.fm.receiver.ConnectivityChangeBroadcastReceiver: pid=12852 uid=10105 gids={50105, 3003, 1028, 1015}
W/Settings(12852): Setting android_id has moved from android.provider.Settings.System to android.provider.Settings.Secure, returning read-only value.
D/dalvikvm(12852): Trying to load lib /data/data/com.rhmsoft.fm/lib/libkcmutil.so 0x42789b60
W/linker  (12852): libkcmutil.so has text relocations. This is wasting memory and is a security risk. Please fix.
D/dalvikvm(12852): Added shared lib /data/data/com.rhmsoft.fm/lib/libkcmutil.so 0x42789b60
E/cutils  (  261): Failed to mkdirat(/storage/sdcard1/Android): Read-only file system
W/Vold    (  261): Returning OperationFailed - no handler for errno 30
W/ContextImpl(12852): Failed to ensure directory: /storage/sdcard1/Android/data/com.rhmsoft.fm/files
E/cutils  (  261): Failed to mkdirat(/storage/sdcard1/Android): Read-only file system
W/Vold    (  261): Returning OperationFailed - no handler for errno 30
W/ContextImpl(12852): Failed to ensure directory: /storage/sdcard1/Android/data/com.rhmsoft.fm/files
I/ActivityManager( 1016): Start proc com.mobisystems.ubreader_west for broadcast com.mobisystems.ubreader_west/com.mobisystems.ubreader.launcher.network.NetworkStateReceiver: pid=12874 uid=10117 gids={50117, 3003, 1028, 1015}
I/ActivityManager( 1016): Killing 12537:com.motorola.MotGallery2/u0a34 (adj 15): empty #9
E/cutils  (  261): Failed to mkdirat(/storage/sdcard1/Android): Read-only file system
W/Vold    (  261): Returning OperationFailed - no handler for errno 30
W/ContextImpl( 1231): Calling a method in the system process without a qualified user: android.app.ContextImpl.sendBroadcast:1252 android.content.ContextWrapper.sendBroadcast:365 com.motorola.motocare.util.TriggerHelper$TriggerBuilder.send:76 com.motorola.motocare.internal.frameworkevents.ProcessKillTrigger.sendTrigger:147 com.motorola.motocare.internal.frameworkevents.ProcessKillTrigger.handleFrameworkEvent:164 
W/ContextImpl(12852): Failed to ensure directory: /storage/sdcard1/Android/data/com.rhmsoft.fm/files
E/cutils  (  261): Failed to mkdirat(/storage/sdcard1/Android): Read-only file system
W/Vold    (  261): Returning OperationFailed - no handler for errno 30
W/ContextImpl(12852): Failed to ensure directory: /storage/sdcard1/Android/data/com.rhmsoft.fm/files
I/ActivityManager( 1016): Process com.google.android.talk (pid 12760) has died.
W/ActivityManager( 1016): Service ServiceRecord{442c5df0 u0 com.google.android.talk/com.google.android.libraries.hangouts.video.CallService} in process ProcessRecord{42fdf678 12760:com.google.android.talk/u0a71} not same as in map: null
D/PodcastAddictBroadcastReceiver( 8853): Connectivity changed... (android.net.conn.CONNECTIVITY_CHANGE)
D/PodcastAddictBroadcastReceiver( 8853): resumeService() - connected
D/PodcastAddictBroadcastReceiver( 8853): resumeService() - starting connection change process
I/openssl ( 8117): Crypto mode not selected, openssl will run on its regular mode.
I/openssl ( 8117): Crypto mode 0 already enabled
D/MobileConnectivityChangeReceiver(12719): onReceive Intent { act=android.net.conn.CONNECTIVITY_CHANGE flg=0x4000010 cmp=com.google.android.setupwizard/.MobileConnectivityChangeReceiver (has extras) }
D/MobileConnectivityChangeReceiver(12719): onReceive CONNECTIVITY_CHANGE networkType=1
W/PodcastAddictBroadcastReceiver( 8853): Network modification detected but ignored... (0)
D/PodcastAddictBroadcastReceiver( 8853): resumeService() - finishing connection change process
D/GCM     (31791): GcmService start Intent { act=android.net.conn.CONNECTIVITY_CHANGE flg=0x4000010 cmp=com.google.android.gms/.gcm.GcmService (has extras) } android.net.conn.CONNECTIVITY_CHANGE
I/iu.Environment(20163): update connectivity state; isNetworkMetered? false, isRoaming? false, isBackgroundDataAllowed? true
I/ActivityManager( 1016): Start proc com.google.android.talk for broadcast com.google.android.talk/com.google.android.apps.hangouts.service.NetworkStateReceiver: pid=12894 uid=10071 gids={50071, 3003, 1028, 1015, 3002}
D/dalvikvm(12894): Trying to load lib /data/app-lib/com.google.android.talk-1/libcrashreporterer.so 0x4278d870
D/dalvikvm(12894): Added shared lib /data/app-lib/com.google.android.talk-1/libcrashreporterer.so 0x4278d870
E/dalvikvm(12894): Could not find class 'android.app.Notification$Action$Builder', referenced from method f.a
W/dalvikvm(12894): VFY: unable to resolve new-instance 402 (Landroid/app/Notification$Action$Builder;) in Lf;
D/dalvikvm(12894): VFY: replacing opcode 0x22 at 0x0000
E/dalvikvm(12894): Could not find class 'android.app.RemoteInput$Builder', referenced from method f.a
W/dalvikvm(12894): VFY: unable to resolve new-instance 414 (Landroid/app/RemoteInput$Builder;) in Lf;
D/dalvikvm(12894): VFY: replacing opcode 0x22 at 0x003d
E/dalvikvm(12894): Could not find class 'android.app.Notification$Action$Builder', referenced from method f.a
W/dalvikvm(12894): VFY: unable to resolve new-instance 402 (Landroid/app/Notification$Action$Builder;) in Lf;
D/dalvikvm(12894): VFY: replacing opcode 0x22 at 0x0000
W/dalvikvm(12894): Unable to resolve superclass of Law; (790)
W/dalvikvm(12894): Link of class 'Law;' failed
E/dalvikvm(12894): Could not find class 'aw', referenced from method f.a
W/dalvikvm(12894): VFY: unable to resolve new-instance 1214 (Law;) in Lf;
D/dalvikvm(12894): VFY: replacing opcode 0x22 at 0x0006
W/dalvikvm(12894): Unable to resolve superclass of Lay; (790)
W/dalvikvm(12894): Link of class 'Lay;' failed
E/dalvikvm(12894): Could not find class 'ay', referenced from method f.a
W/dalvikvm(12894): VFY: unable to resolve new-instance 1268 (Lay;) in Lf;
D/dalvikvm(12894): VFY: replacing opcode 0x22 at 0x002a
I/dalvikvm(12894): Could not find method android.view.ViewGroup.isTransitionGroup, referenced from method f.a
W/dalvikvm(12894): VFY: unable to resolve virtual method 5345: Landroid/view/ViewGroup;.isTransitionGroup ()Z
D/dalvikvm(12894): VFY: replacing opcode 0x6e at 0x000c
I/dalvikvm(12894): Could not find method android.view.View.getTransitionName, referenced from method f.a
W/dalvikvm(12894): VFY: unable to resolve virtual method 5199: Landroid/view/View;.getTransitionName ()Ljava/lang/String;
D/dalvikvm(12894): VFY: replacing opcode 0x6e at 0x0006
W/dalvikvm(12894): VFY: unable to find class referenced in signature ([Landroid/app/RemoteInput;)
E/dalvikvm(12894): Could not find class 'android.app.RemoteInput[]', referenced from method f.a
W/dalvikvm(12894): VFY: unable to resolve new-array 6957 ([Landroid/app/RemoteInput;) in Lf;
D/dalvikvm(12894): VFY: replacing opcode 0x23 at 0x0005
D/dalvikvm(12894): DexOpt: couldn't find static field Landroid/os/Build;.SUPPORTED_ABIS
W/dalvikvm(12894): VFY: unable to resolve static field 1486 (SUPPORTED_ABIS) in Landroid/os/Build;
D/dalvikvm(12894): VFY: replacing opcode 0x62 at 0x0006
D/dalvikvm(12894): DexOpt: unable to opt direct call 0x0a62 at 0x0e in Lf;.a
D/dalvikvm(12894): DexOpt: unable to opt direct call 0x0ab7 at 0x43 in Lf;.a
D/dalvikvm(12894): DexOpt: unable to opt direct call 0x0a62 at 0x0e in Lf;.a
W/dalvikvm(12894): Unable to resolve superclass of Law; (790)
W/dalvikvm(12894): Link of class 'Law;' failed
D/dalvikvm(12894): DexOpt: unable to opt direct call 0x1d53 at 0x08 in Lf;.a
W/dalvikvm(12894): Unable to resolve superclass of Lay; (790)
W/dalvikvm(12894): Link of class 'Lay;' failed
D/dalvikvm(12894): DexOpt: unable to opt direct call 0x1e94 at 0x2c in Lf;.a
D/dalvikvm(12894): DexOpt: unable to opt direct call 0x0ab7 at 0x13 in Lf;.a
I/dalvikvm(12894): Could not find method android.content.Context.getDrawable, referenced from method i.a
W/dalvikvm(12894): VFY: unable to resolve virtual method 2839: Landroid/content/Context;.getDrawable (I)Landroid/graphics/drawable/Drawable;
D/dalvikvm(12894): VFY: replacing opcode 0x6e at 0x0006
I/Babel   (12894): MmsConfig: mnc/mcc: 272/3
I/Babel   (12894): MmsConfig.loadMmsSettings
I/Babel   (12894): MmsConfig.loadDeviceMmsSettings from API: mUserAgent=motoxt1039, mUaProfUrl=http://uaprof.motorola.com/phoneconfig/motoxt1039/Profile/motoxt1039.rdf
I/Babel   (12894): MmsConfig.loadFromDatabase
E/SQLiteLog(12894): (1) no such table: mmsconfig
I/Babel   (12894): MmsConfig: no mmsconfig table android.database.sqlite.SQLiteException: no such table: mmsconfig (code 1): , while compiling: SELECT key, value, type FROM mmsconfig WHERE numeric=?
I/Babel   (12894): MmsConfig.loadFromResources
E/Babel   (12894): canonicalizeMccMnc: invalid mccmnc nullnull
I/Babel   (12894): MmsConfig.loadMmsSettings: mUserAgent=motoxt1039, mUaProfUrl=http://uaprof.motorola.com/phoneconfig/motoxt1039/Profile/motoxt1039.rdf
W/Settings(12894): Setting airplane_mode_on has moved from android.provider.Settings.System to android.provider.Settings.Global, returning read-only value.
I/Babel_StickerModule(12894): App launched.
W/AppOps  ( 1016): Bad call: specified package qcamera under uid 1013 but it is really -1
D/DEBUG   (31852): Received intent : com.motorola.blur.service.blur.Actions.POLLINGMGR_CONNECTIVITY
E/cutils  (  261): Failed to mkdirat(/storage/sdcard1/Android): Read-only file system
W/Vold    (  261): Returning OperationFailed - no handler for errno 30
W/ContextImpl(31852): Implicit intents with startService are not safe: Intent { act=com.motorola.blur.service.blur.Actions.BIND_WSPROXY_SVC } android.content.ContextWrapper.bindService:517 com.motorola.ccc.notification.GetNotificationsWS.bindWebServices:65 com.motorola.ccc.notification.SundryService.onCreate:1039 
D/GetNotificationsWS(31852): bindWebServices(): registering our AIDL callback...
W/ContextImpl(12852): Failed to ensure directory: /storage/sdcard1/Android/data/com.rhmsoft.fm/files
E/cutils  (  261): Failed to mkdirat(/storage/sdcard1/Android): Read-only file system
W/Vold    (  261): Returning OperationFailed - no handler for errno 30
I/SundryService(31852): onHandleIntent(): action=com.motorola.blur.service.blur.Actions.POLLINGMGR_CONNECTIVITY
D/EmailService.MarketingOptInSetter(31852): received com.motorola.blur.service.blur.Actions.POLLINGMGR_CONNECTIVITY
D/GetNotificationsWS(31852): onServiceConnected()
D/GetNotificationsWS(31852): onServiceConnected(): Registered for remote service callbacks...
D/WaitableIntentService(31852): ServiceHandler.handleMessage: mWaitCount=0
W/ContextImpl(12852): Failed to ensure directory: /storage/sdcard1/Android/data/com.rhmsoft.fm/files
D/GetNotificationsWS(31852): unbindWebServices(): un-registering our AIDL callback...
D/GCM     (31791): GcmService start Intent { act=com.google.android.checkin.CHECKIN_COMPLETE flg=0x10 cmp=com.google.android.gms/.gcm.GcmService (has extras) } com.google.android.checkin.CHECKIN_COMPLETE
W/AppOps  ( 1016): Bad call: specified package qcamera under uid 1013 but it is really -1
W/AppOps  ( 1016): Bad call: specified package qcamera under uid 1013 but it is really -1
W/AppOps  ( 1016): Bad call: specified package qcamera under uid 1013 but it is really -1
W/dalvikvm(12894): Unable to resolve superclass of Lcom/google/android/libraries/hangouts/video/ScreenCaptureVideoSource$2; (596)
W/dalvikvm(12894): Link of class 'Lcom/google/android/libraries/hangouts/video/ScreenCaptureVideoSource$2;' failed
E/dalvikvm(12894): Could not find class 'com.google.android.libraries.hangouts.video.ScreenCaptureVideoSource$2', referenced from method com.google.android.libraries.hangouts.video.ScreenCaptureVideoSource.<init>
W/dalvikvm(12894): VFY: unable to resolve new-instance 2878 (Lcom/google/android/libraries/hangouts/video/ScreenCaptureVideoSource$2;) in Lcom/google/android/libraries/hangouts/video/ScreenCaptureVideoSource;
D/dalvikvm(12894): VFY: replacing opcode 0x22 at 0x0044
W/dalvikvm(12894): VFY: unable to find class referenced in signature (Landroid/media/projection/MediaProjection;)
W/dalvikvm(12894): VFY: unable to find class referenced in signature (Landroid/media/projection/MediaProjection;)
W/dalvikvm(12894): VFY: unable to find class referenced in signature (Landroid/media/projection/MediaProjection;)
W/dalvikvm(12894): VFY: unable to find class referenced in signature (Landroid/media/projection/MediaProjectionManager;)
I/dalvikvm(12894): Could not find method android.media.projection.MediaProjection.createVirtualDisplay, referenced from method com.google.android.libraries.hangouts.video.ScreenCaptureVideoSource.createVirtualDisplay
W/dalvikvm(12894): VFY: unable to resolve virtual method 3518: Landroid/media/projection/MediaProjection;.createVirtualDisplay (Ljava/lang/String;IIIILandroid/view/Surface;Landroid/hardware/display/VirtualDisplay$Callback;Landroid/os/Handler;)Landroid/hardware/display/VirtualDisplay;
D/dalvikvm(12894): VFY: replacing opcode 0x74 at 0x0053
I/dalvikvm(12894): Could not find method android.media.projection.MediaProjection.stop, referenced from method com.google.android.libraries.hangouts.video.ScreenCaptureVideoSource.release
W/dalvikvm(12894): VFY: unable to resolve virtual method 3520: Landroid/media/projection/MediaProjection;.stop ()V
D/dalvikvm(12894): VFY: replacing opcode 0x6e at 0x002d
I/dalvikvm(12894): Could not find method android.media.projection.MediaProjectionManager.createScreenCaptureIntent, referenced from method com.google.android.libraries.hangouts.video.ScreenCaptureVideoSource.startCapture
W/dalvikvm(12894): VFY: unable to resolve virtual method 3522: Landroid/media/projection/MediaProjectionManager;.createScreenCaptureIntent ()Landroid/content/Intent;
D/dalvikvm(12894): VFY: replacing opcode 0x6e at 0x0023
W/dalvikvm(12894): Unable to resolve superclass of Lcom/google/android/libraries/hangouts/video/ScreenCaptureVideoSource$2; (596)
W/dalvikvm(12894): Link of class 'Lcom/google/android/libraries/hangouts/video/ScreenCaptureVideoSource$2;' failed
D/dalvikvm(12894): DexOpt: unable to opt direct call 0x4a49 at 0x46 in Lcom/google/android/libraries/hangouts/video/ScreenCaptureVideoSource;.<init>
I/dalvikvm(12894): Could not find method android.media.MediaCodecInfo$CodecCapabilities.getVideoCapabilities, referenced from method com.google.android.libraries.hangouts.video.EncoderManager.isHardwareAcceleratedCodec
W/dalvikvm(12894): VFY: unable to resolve virtual method 3454: Landroid/media/MediaCodecInfo$CodecCapabilities;.getVideoCapabilities ()Landroid/media/MediaCodecInfo$VideoCapabilities;
D/dalvikvm(12894): VFY: replacing opcode 0x6e at 0x001f
I/ActivityManager( 1016): Killing 12675:com.google.android.partnersetup/u0a25 (adj 15): empty #9
W/ContextImpl( 1231): Calling a method in the system process without a qualified user: android.app.ContextImpl.sendBroadcast:1252 android.content.ContextWrapper.sendBroadcast:365 com.motorola.motocare.util.TriggerHelper$TriggerBuilder.send:76 com.motorola.motocare.internal.frameworkevents.ProcessKillTrigger.sendTrigger:147 com.motorola.motocare.internal.frameworkevents.ProcessKillTrigger.handleFrameworkEvent:164 
I/ActivityManager( 1016): Process com.google.android.apps.plus (pid 12736) has died.
V/AlarmManager( 1016): sending alarm Alarm{4306d170 type 2 com.google.android.gms}
W/ProcessCpuTracker( 1016): Skipping unknown process pid 12675
D/WifiService( 1016): releaseWifiLockLocked: WifiLock{NlpWifiLock type=2 binder=android.os.BinderProxy@43ad08c8}
I/ActivityManager( 1016): Process com.google.android.talk (pid 12894) has died.
W/ActivityManager( 1016): Service ServiceRecord{43c20bb0 u0 com.google.android.talk/com.google.android.libraries.hangouts.video.CallService} in process ProcessRecord{43a50b90 12894:com.google.android.talk/u0a71} not same as in map: null
V/AlarmManager( 1016): sending alarm Alarm{43061360 type 2 com.facebook.katana}
D/ConnectivityService( 1016): handleInetConditionHoldEnd: net=1, condition=100, published condition=100
I/ModemStatsDSDetect( 1279): onReceive() -Intent { act=android.net.conn.INET_CONDITION_ACTION flg=0x4000010 (has extras) }
I/SBar.NetworkController( 1078): onReceive: ConnectivityManager.INET_CONDITION_ACTION Received
I/SBar.NetworkController( 1078): updateConnectivity: NetworkInfo: NetworkInfo: type: WIFI[], state: CONNECTED/CONNECTED, reason: (unspecified), extra: "Moulin Rouge", roaming: false, failover: false, isAvailable: true, isConnectedToProvisioningNetwork: false, inetCondition= 1
I/ModemStatsDSDetect( 1279): INET_CONDITION=100 ,activeNet=NetworkInfo: type: WIFI[], state: CONNECTED/CONNECTED, reason: (unspecified), extra: "Moulin Rouge", roaming: false, failover: false, isAvailable: true, isConnectedToProvisioningNetwork: false
I/ModemStatsDSDetect( 1279): onReceive() - done, currentInetCondition=100
I/GAV4    (12783): Thread[GAThread,5,main]: No campaign data found.
V/GAV3    (12874): Thread[GAThread,5,main]: connecting to Analytics service
V/GAV3    (12874): Thread[main,5,main]: service connected, binder: android.os.BinderProxy@427b8000
V/GAV3    (12874): Thread[main,5,main]: bound to service
V/GAV3    (12874): Thread[GAThread,5,main]: connect: bindService returned true for Intent { act=com.google.android.gms.analytics.service.START cmp=com.google.android.gms/.analytics.service.AnalyticsService (has extras) }
V/GAV3    (12874): Thread[main,5,main]: Connected to service
V/GAV3    (12874): Thread[GAThread,5,main]: Loaded clientId
I/GAV3    (12874): Thread[GAThread,5,main]: No campaign data found.
D/Ulp_jni ( 1016): Location CB invoked
I/KInfoc  (30130): Auto Post
V/AlarmManager( 1016): sending alarm Alarm{429a0ed0 type 2 com.facebook.katana}
V/AlarmManager( 1016): sending alarm Alarm{42998a28 type 2 com.whatsapp}
V/AlarmManager( 1016): sending alarm Alarm{4297f0e8 type 2 com.google.android.gms}
V/AlarmManager( 1016): sending alarm Alarm{4297f138 type 2 android}
D/dalvikvm( 1016): GC_EXPLICIT freed 1132K, 27% free 29323K/40112K, paused 7ms+13ms, total 144ms
D/GCM     (31791): Message class com.google.f.a.a.i
D/ConnectivityService( 1016): handleInetConditionHoldEnd: net=1, condition=100, published condition=100
I/ModemStatsDSDetect( 1279): onReceive() -Intent { act=android.net.conn.INET_CONDITION_ACTION flg=0x4000010 (has extras) }
I/SBar.NetworkController( 1078): onReceive: ConnectivityManager.INET_CONDITION_ACTION Received
I/ModemStatsDSDetect( 1279): INET_CONDITION=100 ,activeNet=NetworkInfo: type: WIFI[], state: CONNECTED/CONNECTED, reason: (unspecified), extra: "Moulin Rouge", roaming: false, failover: false, isAvailable: true, isConnectedToProvisioningNetwork: false
I/ModemStatsDSDetect( 1279): onReceive() - done, currentInetCondition=100
I/SBar.NetworkController( 1078): updateConnectivity: NetworkInfo: NetworkInfo: type: WIFI[], state: CONNECTED/CONNECTED, reason: (unspecified), extra: "Moulin Rouge", roaming: false, failover: false, isAvailable: true, isConnectedToProvisioningNetwork: false, inetCondition= 1
I/AonLTInterfaceService( 1231): AodLT package version: 1000000
I/PowerManagerService( 1016): Waking up from sleep...
I/AonLTInterfaceService( 1231): AodLT package version: 1000000
V/KeyguardServiceDelegate( 1016): onScreenTurnedOn(showListener = com.android.internal.policy.impl.PhoneWindowManager$20@4344d238)
D/SurfaceFlinger(  278): Screen acquired, type=0 flinger=0xb7ca1450
D/qdhwcomposer(  278): hwc_blank: Unblanking display: 0
D/KeyguardHostView( 1078): showSecurityScreen(None)
D/KeyguardHostView( 1078): getSecurityView(None)
D/WifiStateMachine( 1016): handleScreenStateChanged: true
D/WifiStateMachine( 1016): handleMessage: E msg.what=131154
D/WifiStateMachine( 1016): processMsg: ConnectedState
D/WifiStateMachine( 1016): processMsg: L2ConnectedState
D/WifiStateMachine( 1016): handleMessage: X
D/WifiStateMachine( 1016): handleMessage: E msg.what=131163
D/WifiStateMachine( 1016): processMsg: ConnectedState
D/WifiStateMachine( 1016): processMsg: L2ConnectedState
D/WifiStateMachine( 1016): processMsg: ConnectModeState
D/WifiStateMachine( 1016): processMsg: DriverStartedState
D/WifiStateMachine( 1016): processMsg: SupplicantStartedState
D/WifiStateMachine( 1016): processMsg: DefaultState
D/WifiStateMachine( 1016): handleMessage: X
D/WifiStateMachine( 1016): handleMessage: E msg.what=131127
D/WifiStateMachine( 1016): processMsg: ConnectedState
D/WifiStateMachine( 1016): processMsg: L2ConnectedState
D/WifiStateMachine( 1016): processMsg: ConnectModeState
D/WifiStateMachine( 1016): handleMessage: X
D/WifiStateMachine( 1016): handleMessage: E msg.what=131158
D/WifiStateMachine( 1016): processMsg: ConnectedState
D/WifiStateMachine( 1016): processMsg: L2ConnectedState
D/WifiStateMachine( 1016): processMsg: ConnectModeState
D/WifiStateMachine( 1016): processMsg: DriverStartedState
D/WifiStateMachine( 1016): setSuspendOptimizationsNative: 4 false
V/KeyguardServiceDelegate( 1016): **** SHOWN CALLED ****
I/WindowManager( 1016): Lock screen displayed!
D/DisplayPowerController( 1016): Unblocked screen on after 118186769 ms
D/WifiStateMachine( 1016): handleMessage: X
D/WifiStateMachine( 1016): handleMessage: E msg.what=151572
D/WifiStateMachine( 1016): processMsg: ConnectedState
D/WifiStateMachine( 1016): processMsg: L2ConnectedState
I/SBar.NetworkController( 1078): refreshSignalCluster: wifi: mWifiConnected=true Wifi=zz_moto_stat_sys_wifi_signal_4_fully_wide Activity=zz_moto_stat_sys_wifi_inout_wide in=false out=false Accessibility="Wi-Fi signal full."
I/SBar.NetworkController( 1078): refreshSignalCluster: mobile: Signal=zz_moto_stat_sys_signal_3_fully_wide Roaming=(none) mSimIconId=(none) Accessibility="Phone three bars.","Not roaming.",""
D/WifiStateMachine( 1016): handleMessage: X
I/AonLTInterfaceService( 1231): AodLT package version: 1000000
D/qdhwcomposer(  278): hwc_blank: Done unblanking display: 0
D/SurfaceControl( 1016): Excessive delay in unblankDisplay() while turning screen on: 4498ms
D/Sensors ( 1016): AccelerationSensor: Set Sensors state 0x1
D/Sensors ( 1016): AccelerationSensor: set delay 20
D/Sensors ( 1016): AccelerationSensor: set delay 200
D/audio_hw_primary(  284): adev_set_parameters: enter: screen_state=on
V/msm8974_platform(  284): platform_set_parameters: enter: screen_state=on
V/msm8974_platform(  284): platform_set_parameters: exit with code(-2)
E/audio_a2dp_hw(  284): adev_set_parameters: ERROR: set param called even when stream out is null
I/SFPerfTracer(  278):      triggers: (rate: 167:94063) (230107 sw vsyncs) (197519 skipped) (0:823189 vsyncs) (135:1157101)
I/SFPerfTracer(  278):      triggers: (rate: 520:16861) (compose: 0:58) (post: 0:3) (render: 47:4387) (0:250726 frames) (1:743550)
D/SFPerfTracer(  278):        layers: (0:12) (DimLayer: 0:145)* (DimLayer: 0:163)* (FocusedStackFrame: 0:5665)* (StatusBar: 1:55672)* (NavigationBar: 1:36349)* (DimLayer: 0:10831)* (DimLayer: 0:1215)* (com.android.wallpaper.fall.FallWallpaper: 0:12787)* (com.whatsapp/com.whatsapp.Conversation: 1:391)* (InputMethod: 0:145)* (ElectronBeam: 0:27)* (Keyguard: 1:5)* 
D/Ulp_jni ( 1016): JNI:system_update. Event-0
D/WifiStateMachine( 1016): handleMessage: E msg.what=151572
D/WifiStateMachine( 1016): processMsg: ConnectedState
D/WifiStateMachine( 1016): processMsg: L2ConnectedState
D/WifiStateMachine( 1016): handleMessage: X
F/ProcessStats( 1016): Starting service ServiceState{43a506e8 com.tranzmate.services.LocationService pkg=com.tranzmate proc=43a506e8} without owner
W/ContextImpl( 1231): Calling a method in the system process without a qualified user: android.app.ContextImpl.sendBroadcast:1252 android.content.ContextWrapper.sendBroadcast:365 com.motorola.motocare.util.TriggerHelper$TriggerBuilder.send:76 com.motorola.motocare.internal.frameworkevents.PauseResumeTrigger.handleFrameworkEvent:53 com.motorola.motocare.internal.frameworkevents.FwEventMonitor$FrameworkListener.processFrameworkEvent:114 
D/3CDM.DeviceAdminPushReceiver(31852): Received an Intent - Action: android.intent.action.USER_PRESENT
D/3CDM.DeviceAdminPushReceiver(31852): Type: null
D/3CDM.DeviceAdminPushReceiver(31852): Data: null
D/PhoneStatusBar( 1078): disable: < expand icons alerts ticker system_info back* home* recent* clock* search >
D/3CDM.Service(31852): android.intent.action.USER_PRESENT
D/3CDM.Service(31852): Phone was locked and now it is unlocked now.
I/SFPerfTracer(  278):      triggers: (rate: 520:16865) (compose: 0:58) (post: 0:3) (render: 47:4389) (47:250775 frames) (48:743601)
D/SFPerfTracer(  278):        layers: (4:10) (DimLayer: 0:145)* (DimLayer: 0:163)* (FocusedStackFrame: 0:5665)* (StatusBar: 0:55673) (NavigationBar: 0:36350) (DimLayer: 0:10831)* (DimLayer: 0:1215)* (com.android.wallpaper.fall.FallWallpaper: 14:12801) (com.whatsapp/com.whatsapp.Conversation: 2:393)* (Keyguard: 45:51) 
I/ActivityManager( 1016): Start proc com.devexpert.weather for broadcast com.devexpert.weather/.view.WidgetWeather2x1: pid=12991 uid=10112 gids={50112, 3003, 1028, 1015}
D/UsbDeviceManager( 1016): MSG_USER_PRESENT
W/InputMethodManagerService( 1016): Window already focused, ignoring focus gain of: com.android.internal.view.IInputMethodClient$Stub$Proxy@42956c20 attribute=android.view.inputmethod.EditorInfo@42ac9d90, token = android.os.BinderProxy@43121830
I/ActivityManager( 1016): Start proc com.linkedin.android for broadcast com.linkedin.android/.appwidget.ResponsiveWidgetService$ActiveUserListener: pid=13013 uid=10123 gids={50123, 3003, 1028, 1015}
I/ActivityManager( 1016): Process com.google.android.apps.magazines (pid 12783) has died.
D/Ulp_jni ( 1016): Location CB invoked
D/perfTimingLib(13013): logTimeStamp for linkedin_android_app_oncreate_time
I/LiConfigParser(13013): Avail updated for feature [bluesteel_profile_easter] to:true
I/LiConfigParser(13013): Avail updated for feature [bluesteel_profile_caching] to:true
I/LiConfigParser(13013): Avail updated for feature [bluesteel_profile_background_animation] to:true
D/WifiStateMachine( 1016): handleMessage: E msg.what=151572
D/WifiStateMachine( 1016): processMsg: ConnectedState
D/WifiStateMachine( 1016): processMsg: L2ConnectedState
D/WifiStateMachine( 1016): handleMessage: X
I/ActivityManager( 1016): Process com.android.mms (pid 12650) has died.
I/DefaultLiHttpClient(13013): Current retry config is:UseLiExceptionRetry
I/PersistentCookieStore(13013): Get Persistent Cookie Store
I/PersistentCookieStore(13013): mInstance == null. init mInstance
I/PersistentCookieStore(13013): no migration
I/MobileClient(13013): Mobile server: https://touch.www.linkedin.com
V/WebViewChromiumFactoryProvider(13013): Binding Chromium to main looper Looper (main, tid 1) {42789630}
I/LibraryLoader(13013): Expected native library version number "",actual native library version number ""
I/chromium(13013): [INFO:library_loader_hooks.cc(116)] Chromium logging enabled: level = 0, default verbosity = 0
I/BrowserStartupController(13013): Initializing chromium process, renderers=0
E/AudioManagerAndroid(13013): BLUETOOTH permission is missing!
I/Adreno-EGL(13013): <qeglDrvAPI_eglInitialize:410>: EGL 1.4 QUALCOMM build: AU_LINUX_ANDROID_LNX.LA.3.5.1_RB1.04.04.02.048.018_msm8226_LNX.LA.3.5.1_RB1__release_AU ()
I/Adreno-EGL(13013): OpenGL ES Shader Compiler Version: E031.24.00.08
I/Adreno-EGL(13013): Build Date: 03/07/14 Fri
I/Adreno-EGL(13013): Local Branch: 
I/Adreno-EGL(13013): Remote Branch: quic/LNX.LA.3.5.1_RB1.1
I/Adreno-EGL(13013): Local Patches: NONE
I/Adreno-EGL(13013): Reconstruct Branch: AU_LINUX_ANDROID_LNX.LA.3.5.1_RB1.04.04.02.048.018 + f2fd134 +  NOTHING
I/ActivityManager( 1016): Process com.android.chrome (pid 12834) has died.
F/ProcessStats( 1016): Starting service ServiceState{43a506e8 com.tranzmate.services.LocationService pkg=com.tranzmate proc=43a506e8} without owner
W/ManagedEGLContext(10278): doTerminate failed: EGL count is 2 but managed count is 1
I/ActivityManager( 1016): Process com.google.android.setupwizard (pid 12719) has died.
W/chromium(13013): [WARNING:proxy_service.cc(890)] PAC support disabled because there is no system implementation
I/PersistentCookieStore(13013): Get Persistent Cookie Store
D/AudioManagerAndroid(13013): ==> onReceive: s=0, m=1, n=h2w, sb=true
D/AudioManagerAndroid(13013): reportUpdate: state=0, devices=[Speakerphone, Headset earpiece]
D/ACRA    (13013): ACRA is enabled for com.linkedin.android, intializing...
D/ACRA    (13013): Looking for error files in /data/data/com.linkedin.android/files
I/PersistentCookieStore(13013): Get Persistent Cookie Store
I/LiApplication(13013): Locale found in prefs: 
I/LiApplication(13013): Updated language/locale to: en_GB
W/ContextImpl( 1231): Calling a method in the system process without a qualified user: android.app.ContextImpl.startService:1608 android.content.ContextWrapper.startService:494 android.content.ContextWrapper.startService:494 com.motorola.motocare.internal.batterystats.BatteryStatsAction.onReceive:33 android.app.ActivityThread.handleReceiver:2434 
I/RequestQueue(13013): Init Network Client
I/RequestQueue(13013): Network dispatcher has started
D/LI_AUTH_LIB(13013): in init username=TimCallagy@gmail.com
I/PersistentCookieStore(13013): All cookies cleared
D/com.linkedin.android.liauthlib.NetworkDispatcher(13013): sending request https://www.linkedin.com/mob/sso/you
I/ActivityManager( 1016): Process com.rhmsoft.fm:crash.feedback (pid 12852) has died.
I/KInfoc  (30130): Auto Post
D/com.linkedin.android.liauthlib.NetworkDispatcher(13013): got response from https://www.linkedin.com/mob/sso/you
I/SFPerfTracer(  278):      triggers: (rate: 167:94063) (230107 sw vsyncs) (197573 skipped) (136:823325 vsyncs) (138:1157239)
D/WifiStateMachine( 1016): handleMessage: E msg.what=131155
D/WifiStateMachine( 1016): processMsg: ConnectedState
D/WifiStateMachine( 1016): processMsg: L2ConnectedState
D/WifiStateMachine( 1016): handleMessage: X
D/WifiStateMachine( 1016): handleMessage: E msg.what=151572
D/WifiStateMachine( 1016): processMsg: ConnectedState
D/WifiStateMachine( 1016): processMsg: L2ConnectedState
D/WifiStateMachine( 1016): handleMessage: X
D/WifiStateMachine( 1016): handleMessage: E msg.what=151572
D/WifiStateMachine( 1016): processMsg: ConnectedState
D/WifiStateMachine( 1016): processMsg: L2ConnectedState
D/WifiStateMachine( 1016): handleMessage: X
I/ActivityManager( 1016): START u0 {cmp=com.whatsapp/.HomeActivity} from pid 9772
W/ContextImpl( 1231): Calling a method in the system process without a qualified user: android.app.ContextImpl.sendBroadcast:1252 android.content.ContextWrapper.sendBroadcast:365 com.motorola.motocare.util.TriggerHelper$TriggerBuilder.send:76 com.motorola.motocare.internal.frameworkevents.PauseResumeTrigger.handleFrameworkEvent:53 com.motorola.motocare.internal.frameworkevents.FwEventMonitor$FrameworkListener.processFrameworkEvent:114 
W/ContextImpl( 1231): Calling a method in the system process without a qualified user: android.app.ContextImpl.sendBroadcast:1252 android.content.ContextWrapper.sendBroadcast:365 com.motorola.motocare.util.TriggerHelper$TriggerBuilder.send:76 com.motorola.motocare.internal.frameworkevents.PauseResumeTrigger.handleFrameworkEvent:53 com.motorola.motocare.internal.frameworkevents.FwEventMonitor$FrameworkListener.processFrameworkEvent:114 
D/dalvikvm( 9772): GC_CONCURRENT freed 1491K, 17% free 17364K/20828K, paused 6ms+5ms, total 51ms
D/dalvikvm( 9772): WAIT_FOR_CONCURRENT_GC blocked 23ms
I/LaunchCheckinHandler( 1016): Displayed com.whatsapp/.HomeActivity,wp,ca,440
I/ActivityManager( 1016): Displayed com.whatsapp/.HomeActivity: +440ms
W/View    ( 9772): requestLayout() improperly called by com.whatsapp.TextEmojiLabel{42afaec0 V.ED.... ......ID 0,0-226,48 #7f0b013d app:id/contactpicker_row_name} during layout: running second layout pass
W/View    ( 9772): requestLayout() improperly called by android.widget.TextView{42bde158 V.ED.... ......ID 426,7-504,40 #7f0b013e app:id/contactpicker_row_phone_type} during layout: running second layout pass
W/View    ( 9772): requestLayout() improperly called by com.whatsapp.TextEmojiLabel{427e8250 V.ED.... ......ID 24,48-146,90 #7f0b013f app:id/contactpicker_row_status} during layout: running second layout pass
W/View    ( 9772): requestLayout() improperly called by com.whatsapp.TextEmojiLabel{42bd41a8 V.ED.... ......ID 0,0-223,48 #7f0b013d app:id/contactpicker_row_name} during layout: running second layout pass
W/View    ( 9772): requestLayout() improperly called by android.widget.TextView{42c02e00 V.ED.... ......ID 417,7-504,40 #7f0b013e app:id/contactpicker_row_phone_type} during layout: running second layout pass
W/View    ( 9772): requestLayout() improperly called by com.whatsapp.TextEmojiLabel{42c140b0 V.ED.... ......ID 24,48-469,90 #7f0b013f app:id/contactpicker_row_status} during layout: running second layout pass
W/View    ( 9772): requestLayout() improperly called by com.whatsapp.TextEmojiLabel{427ad8c8 V.ED.... ......ID 0,0-229,48 #7f0b013d app:id/contactpicker_row_name} during layout: running second layout pass
W/View    ( 9772): requestLayout() improperly called by android.widget.TextView{42924968 V.ED.... ......ID 426,7-504,40 #7f0b013e app:id/contactpicker_row_phone_type} during layout: running second layout pass
W/View    ( 9772): requestLayout() improperly called by com.whatsapp.TextEmojiLabel{4292c6e0 V.ED.... ......ID 24,48-469,90 #7f0b013f app:id/contactpicker_row_status} during layout: running second layout pass
W/View    ( 9772): requestLayout() improperly called by com.whatsapp.TextEmojiLabel{42960ac0 V.ED.... ......ID 0,0-384,48 #7f0b013d app:id/contactpicker_row_name} during layout: running second layout pass
W/View    ( 9772): requestLayout() improperly called by android.widget.TextView{4296c6f0 V.ED.... ......ID 417,7-504,40 #7f0b013e app:id/contactpicker_row_phone_type} during layout: running second layout pass
W/View    ( 9772): requestLayout() improperly called by com.whatsapp.TextEmojiLabel{4298d798 V.ED.... ......ID 24,48-91,90 #7f0b013f app:id/contactpicker_row_status} during layout: running second layout pass
W/View    ( 9772): requestLayout() improperly called by com.whatsapp.TextEmojiLabel{42ba6378 V.ED.... ......ID 0,0-225,48 #7f0b013d app:id/contactpicker_row_name} during layout: running second layout pass
W/View    ( 9772): requestLayout() improperly called by android.widget.TextView{42bc34a0 V.ED.... ......ID 426,7-504,40 #7f0b013e app:id/contactpicker_row_phone_type} during layout: running second layout pass
W/View    ( 9772): requestLayout() improperly called by com.whatsapp.TextEmojiLabel{429c79e0 V.ED.... ......ID 24,48-160,90 #7f0b013f app:id/contactpicker_row_status} during layout: running second layout pass
W/View    ( 9772): requestLayout() improperly called by com.whatsapp.TextEmojiLabel{42c58128 V.ED.... ......ID 0,0-426,48 #7f0b013d app:id/contactpicker_row_name} during layout: running second layout pass
W/View    ( 9772): requestLayout() improperly called by android.widget.TextView{42cd0fe8 V.ED.... ......ID 426,7-504,40 #7f0b013e app:id/contactpicker_row_phone_type} during layout: running second layout pass
W/View    ( 9772): requestLayout() improperly called by com.whatsapp.TextEmojiLabel{42d4c718 V.ED.... ......ID 24,48-469,90 #7f0b013f app:id/contactpicker_row_status} during layout: running second layout pass
W/View    ( 9772): requestLayout() improperly called by com.whatsapp.TextEmojiLabel{42887660 V.ED.... ......ID 0,0-417,48 #7f0b013d app:id/contactpicker_row_name} during layout: running second layout pass
