--------- beginning of /dev/log/system
W/ActivityManager( 1016): Scheduling restart of crashed service com.google.android.gms/.deviceconnection.service.DeviceConnectionServiceBroker in 878528ms
W/ActivityManager( 1016): Scheduling restart of crashed service com.google.android.gms/com.google.android.location.geocode.GeocodeService in 13817344ms
W/ActivityManager( 1016): Scheduling restart of crashed service com.google.android.gms/com.google.android.location.internal.server.GoogleLocationService in 16377344ms
W/ActivityManager( 1016): Scheduling restart of crashed service com.google.android.backuptransport/com.google.android.backup.BackupTransportService in 18937088ms
I/ActivityManager( 1016): Start proc com.motorola.context for broadcast com.motorola.context/.ccc.UpdateModelReceiver: pid=29543 uid=10011 gids={50011, 3001, 3002, 3003}
I/ActivityManager( 1016): Start proc com.google.android.gms for broadcast com.google.android.gms/.subscribedfeeds.ConfigurationReceiver: pid=29567 uid=10022 gids={50022, 3003, 1007, 1028, 1015, 3002, 3001, 3007, 2001, 3006}
W/ActivityThread(29520): ClassLoader.loadClass: The class loader returned by Thread.getContextClassLoader() may fail for processes that host multiple applications. You should explicitly specify a context class loader. For example: Thread.setContextClassLoader(getClass().getClassLoader());
I/ActivityManager( 1016): Process com.motorola.context (pid 29543) has died.
I/ActivityManager( 1016): Process com.google.android.gms.wearable (pid 29407) has died.
W/ActivityManager( 1016): Scheduling restart of crashed service com.google.android.gms/.wearable.service.WearableService in 33242ms
I/ActivityManager( 1016): Start proc com.google.process.location for service com.google.android.gms/.common.stats.GmsCoreStatsService: pid=29602 uid=10022 gids={50022, 3003, 1007, 1028, 1015, 3002, 3001, 3007, 2001, 3006}
D/WifiService( 1016): New client listening to asynchronous messages
I/ActivityManager( 1016): Process com.motorola.ccc (pid 29491) has died.
W/ActivityManager( 1016): Scheduling restart of crashed service com.motorola.ccc.ota/.env.OtaService in 3533760002927886336ms
W/ActivityManager( 1016): Scheduling restart of crashed service com.motorola.ccc.notification/.SundryService in 1000ms
W/ActivityManager( 1016): Scheduling restart of crashed service com.motorola.ccc.devicemanagement/.DeviceManagementNotifierService in 3709664271186001920ms
W/ActivityManager( 1016): Scheduling restart of crashed service com.motorola.ccc.checkin/.CheckinService in 4094159089372758016ms
W/ActivityManager( 1016): Scheduling restart of crashed service com.motorola.ccc.cce/com.motorola.blur.service.blur.BlurServiceMother in 43092ms
I/ActivityManager( 1016): Start proc com.google.android.gms.wearable for service com.google.android.gms/.wearable.service.WearableService: pid=29625 uid=10022 gids={50022, 3003, 1007, 1028, 1015, 3002, 3001, 3007, 2001, 3006}
V/BackupManagerService( 1016): Connected to transport ComponentInfo{com.google.android.backuptransport/com.google.android.backup.BackupTransportService}
V/BackupManagerService( 1016): Registering transport com.google.android.backuptransport/com.google.android.backup.BackupTransportService::com.google.android.backup/.BackupTransportService = com.android.internal.backup.IBackupTransport$Stub$Proxy@434523b8
I/ActivityManager( 1016): Start proc com.motorola.ccc for broadcast com.motorola.ccc.notification/.clients.FFAHandler: pid=29666 uid=10000 gids={50000, 3003, 1028, 1015, 2001, 1007, 3001, 9004}
I/ActivityManager( 1016): Start proc com.motorola.ccc.sso for broadcast com.motorola.ccc.sso.app/.NotificationsReceiver: pid=29683 uid=10000 gids={50000, 3003, 1028, 1015, 2001, 1007, 3001, 9004}
I/ActivityManager( 1016): Process com.motorola.ccc.sso (pid 29683) has died.
I/ActivityManager( 1016): Process com.google.process.gapps (pid 29520) has died.
W/ActivityManager( 1016): Service ServiceRecord{4442cef0 u0 com.google.android.gms/.gcm.http.GoogleHttpService} in process ProcessRecord{4393c1f8 29520:com.google.process.gapps/u0a22} not same as in map: null
W/ActivityManager( 1016): Scheduling restart of crashed service com.google.android.gsf.login/com.google.android.gsf.loginservice.GoogleLoginService in 4000ms
W/ActivityManager( 1016): Scheduling restart of crashed service com.google.android.gms/.playlog.service.PlayLogBrokerService in 330137600ms
W/ActivityManager( 1016): Scheduling restart of crashed service com.google.android.gms/.icing.service.LightweightIndexService in 43996ms
W/ActivityManager( 1016): Service ServiceRecord{43c3c730 u0 com.google.android.gsf/.gtalkservice.service.GTalkService} in process ProcessRecord{4393c1f8 29520:com.google.process.gapps/u0a22} not same as in map: null
W/ActivityManager( 1016): Scheduling restart of crashed service com.google.android.gsf/.gtalkservice.service.GTalkServiceProxy in 887308288ms
W/ActivityManager( 1016): Scheduling restart of crashed service com.google.android.gms/.gcm.GcmService in 1311031296ms
I/ActivityManager( 1016): Start proc com.google.process.gapps for content provider com.google.android.gsf/.gservices.GservicesProvider: pid=29713 uid=10022 gids={50022, 3003, 1007, 1028, 1015, 3002, 3001, 3007, 2001, 3006}
E/ActivityThread(29666): Failed to find provider info for com.motorola.blur.setupprovider
E/ActivityThread(29666): Failed to find provider info for com.motorola.blur.setupprovider
W/ActivityManager( 1016): Unable to start service Intent { act=com.motorola.android.fota.FOTA_INITIALIZATION } U=0: not found
W/AlarmManager( 1016): Window length 9223372036854775807ms suspiciously long; limiting to 1 hour
I/ActivityManager( 1016): Start proc com.motorola.ccc.sso for broadcast com.motorola.ccc.sso.app/.NotificationsReceiver: pid=29737 uid=10000 gids={50000, 3003, 1028, 1015, 2001, 1007, 3001, 9004}
W/AlarmManager( 1016): Window length 9223372036854775807ms suspiciously long; limiting to 1 hour
V/AlarmManager( 1016): sending alarm Alarm{427eeeb0 type 2 com.google.android.gms}
I/SFPerfTracer(  278):      triggers: (rate: 139:75902) (134554 sw vsyncs) (158901 skipped) (163:654562 vsyncs) (165:879628)
D/WifiService( 1016): acquireWifiLockLocked: WifiLock{NlpWifiLock type=2 binder=android.os.BinderProxy@42b891a0}
I/ActivityManager( 1016): Process com.google.android.gms (pid 29567) has died.
W/ActivityManager( 1016): Scheduling restart of crashed service com.google.android.gms/.analytics.service.AnalyticsService in 40797995008ms
W/ActivityManager( 1016): Scheduling restart of crashed service com.google.android.gms/.icing.service.IndexService in 176000ms
I/ActivityManager( 1016): Start proc com.google.android.gms for broadcast com.google.android.gms/.subscribedfeeds.ConfigurationReceiver: pid=29759 uid=10022 gids={50022, 3003, 1007, 1028, 1015, 3002, 3001, 3007, 2001, 3006}
W/ActivityThread(29713): ClassLoader.loadClass: The class loader returned by Thread.getContextClassLoader() may fail for processes that host multiple applications. You should explicitly specify a context class loader. For example: Thread.setContextClassLoader(getClass().getClassLoader());
I/ActivityManager( 1016): Process com.motorola.ccc.sso (pid 29737) has died.
D/ConnectivityService( 1016): handleInetConditionHoldEnd: net=1, condition=0, published condition=100
I/ActivityManager( 1016): Process com.google.process.location (pid 29602) has died.
D/WifiService( 1016): releaseWifiLockLocked: WifiLock{NlpWifiLock type=2 binder=android.os.BinderProxy@42b891a0}
W/ActivityManager( 1016): Scheduling restart of crashed service com.google.android.gms/com.google.android.location.internal.GoogleLocationManagerService in 299352064ms
V/BackupManagerService( 1016): Disconnected from transport ComponentInfo{com.google.android.backuptransport/com.google.android.backup.BackupTransportService}
W/ActivityManager( 1016): Scheduling restart of crashed service com.google.android.gms/com.google.android.location.network.NetworkLocationService in 4000ms
V/BackupManagerService( 1016): Registering transport com.google.android.backuptransport/com.google.android.backup.BackupTransportService::null = null
W/ActivityManager( 1016): Scheduling restart of crashed service com.google.android.gms/com.google.android.location.internal.PendingIntentCallbackService in 16375808ms
W/ActivityManager( 1016): Scheduling restart of crashed service com.google.android.gms/com.google.android.location.geofencer.service.GeofenceProviderService in 45029376ms
W/ActivityManager( 1016): Scheduling restart of crashed service com.google.android.gms/.common.stats.GmsCoreStatsService in 30266ms
W/ActivityManager( 1016): Scheduling restart of crashed service com.google.android.gms/.deviceconnection.service.DeviceConnectionServiceBroker in 3514112ms
D/WifiService( 1016): Client connection lost with reason: 4
W/ActivityManager( 1016): Scheduling restart of crashed service com.google.android.gms/com.google.android.location.geocode.GeocodeService in 55269376ms
W/ActivityManager( 1016): Scheduling restart of crashed service com.google.android.gms/com.google.android.location.internal.server.GoogleLocationService in 65509376ms
W/ActivityManager( 1016): Scheduling restart of crashed service com.google.android.backuptransport/com.google.android.backup.BackupTransportService in 75748352ms
I/ActivityManager( 1016): Start proc com.google.process.location for service com.google.android.gms/.common.stats.GmsCoreStatsService: pid=29793 uid=10022 gids={50022, 3003, 1007, 1028, 1015, 3002, 3001, 3007, 2001, 3006}
D/WifiService( 1016): New client listening to asynchronous messages
I/ActivityManager( 1016): Process com.google.android.gms.wearable (pid 29625) has died.
W/ActivityManager( 1016): Scheduling restart of crashed service com.google.android.gms/.wearable.service.WearableService in 1000ms
D/ConnectivityService( 1016): handleInetConditionHoldEnd: net=1, condition=100, published condition=0
V/AlarmManager( 1016): sending alarm Alarm{42fcb6f0 type 2 com.motorola.ccc.cce}
V/AlarmManager( 1016): sending alarm Alarm{42fb8af8 type 0 com.rhmsoft.fm}
I/ActivityManager( 1016): Start proc com.rhmsoft.fm:service for service com.rhmsoft.fm/com.cleanmaster.cloudconfig.CloudCfgIntentService: pid=29812 uid=10105 gids={50105, 3003, 1028, 1015}
W/Vold    (  261): Returning OperationFailed - no handler for errno 30
I/ActivityManager( 1016): Start proc com.google.android.gms.wearable for service com.google.android.gms/.wearable.service.WearableService: pid=29836 uid=10022 gids={50022, 3003, 1007, 1028, 1015, 3002, 3001, 3007, 2001, 3006}
V/BackupManagerService( 1016): Connected to transport ComponentInfo{com.google.android.backuptransport/com.google.android.backup.BackupTransportService}
V/BackupManagerService( 1016): Registering transport com.google.android.backuptransport/com.google.android.backup.BackupTransportService::com.google.android.backup/.BackupTransportService = com.android.internal.backup.IBackupTransport$Stub$Proxy@43a5a0c0
I/ActivityManager( 1016): Start proc com.google.android.apps.maps for broadcast com.google.android.apps.maps/com.google.android.apps.gmm.iamhere.ble.StartBleServiceReceiver: pid=29879 uid=10064 gids={50064, 3003, 1028, 1015, 3002, 3001}
I/ActivityManager( 1016): Process com.rhmsoft.fm:service (pid 29812) has died.
W/ActivityManager( 1016): Scheduling restart of crashed service com.rhmsoft.fm/com.cleanmaster.fm.service.BackgroundService in 2119377382014976ms
I/ActivityManager( 1016): Process com.google.android.gms (pid 29759) has died.
W/ActivityManager( 1016): Scheduling restart of crashed service com.google.android.gms/.icing.service.IndexWorkerService in 1000ms
W/ActivityManager( 1016): Scheduling restart of crashed service com.google.android.gms/.analytics.service.AnalyticsService in 163191980032ms
W/ActivityManager( 1016): Scheduling restart of crashed service com.google.android.gms/.icing.service.IndexService in 704000ms
I/ActivityManager( 1016): Process com.motorola.ccc (pid 29666) has died.
W/ActivityManager( 1016): Scheduling restart of crashed service com.motorola.ccc.ota/.env.OtaService in 29225ms
W/ActivityManager( 1016): Scheduling restart of crashed service com.motorola.ccc.devicemanagement/.DeviceManagementNotifierService in 39225ms
W/ActivityManager( 1016): Scheduling restart of crashed service com.motorola.ccc.checkin/.CheckinService in 49225ms
W/ActivityManager( 1016): Scheduling restart of crashed service com.motorola.ccc.cce/com.motorola.blur.service.blur.BlurServiceMother in 172368ms
I/ActivityManager( 1016): Process com.google.process.gapps (pid 29713) has died.
W/ActivityManager( 1016): Service ServiceRecord{443f43d0 u0 com.google.android.gsf/.gtalkservice.service.GTalkService} in process ProcessRecord{430e7168 29713:com.google.process.gapps/u0a22} not same as in map: null
W/ActivityManager( 1016): Service ServiceRecord{443d8c10 u0 com.google.android.gms/.gcm.http.GoogleHttpService} in process ProcessRecord{430e7168 29713:com.google.process.gapps/u0a22} not same as in map: null
W/ActivityManager( 1016): Scheduling restart of crashed service com.google.android.gsf.login/com.google.android.gsf.loginservice.GoogleLoginService in 58811ms
W/ActivityManager( 1016): Scheduling restart of crashed service com.google.android.gms/.playlog.service.PlayLogBrokerService in 1320550400ms
W/ActivityManager( 1016): Scheduling restart of crashed service com.google.android.gms/.icing.service.LightweightIndexService in 181954ms
W/ActivityManager( 1016): Scheduling restart of crashed service com.google.android.gsf/.gtalkservice.service.GTalkServiceProxy in 3549233152ms
W/ActivityManager( 1016): Scheduling restart of crashed service com.google.android.gms/.gcm.GcmService in 5244125184ms
I/ActivityManager( 1016): Start proc com.google.process.gapps for content provider com.google.android.gsf/.settings.GoogleSettingsProvider: pid=29911 uid=10022 gids={50022, 3003, 1007, 1028, 1015, 3002, 3001, 3007, 2001, 3006}
I/ActivityThread(29793): Removing dead content provider:android.content.ContentProviderProxy@429e0598
W/ActivityThread(29879): ClassLoader.loadClass: The class loader returned by Thread.getContextClassLoader() may fail for processes that host multiple applications. You should explicitly specify a context class loader. For example: Thread.setContextClassLoader(getClass().getClassLoader());
I/SFPerfTracer(  278):      triggers: (rate: 139:75902) (134554 sw vsyncs) (158901 skipped) (148:654710 vsyncs) (150:879778)
I/ActivityManager( 1016): Start proc com.motorola.ccc for broadcast com.motorola.ccc.notification/.StartServiceReceiver: pid=29940 uid=10000 gids={50000, 3003, 1028, 1015, 2001, 1007, 3001, 9004}
I/ActivityManager( 1016): Process com.google.process.location (pid 29793) has died.
D/WifiService( 1016): Client connection lost with reason: 4
W/ActivityManager( 1016): Scheduling restart of crashed service com.google.android.gms/com.google.android.location.internal.GoogleLocationManagerService in 1197408256ms
V/BackupManagerService( 1016): Disconnected from transport ComponentInfo{com.google.android.backuptransport/com.google.android.backup.BackupTransportService}
V/BackupManagerService( 1016): Registering transport com.google.android.backuptransport/com.google.android.backup.BackupTransportService::null = null
W/ActivityManager( 1016): Scheduling restart of crashed service com.google.android.gms/com.google.android.location.network.NetworkLocationService in 58388ms
W/ActivityManager( 1016): Scheduling restart of crashed service com.google.android.gms/com.google.android.location.internal.PendingIntentCallbackService in 65503232ms
W/ActivityManager( 1016): Scheduling restart of crashed service com.google.android.gms/com.google.android.location.geofencer.service.GeofenceProviderService in 180117504ms
W/ActivityManager( 1016): Scheduling restart of crashed service com.google.android.gms/.common.stats.GmsCoreStatsService in 68387ms
W/ActivityManager( 1016): Scheduling restart of crashed service com.google.android.gms/.deviceconnection.service.DeviceConnectionServiceBroker in 14056448ms
W/ActivityManager( 1016): Scheduling restart of crashed service com.google.android.gms/com.google.android.location.geocode.GeocodeService in 221077504ms
W/ActivityManager( 1016): Scheduling restart of crashed service com.google.android.gms/com.google.android.location.internal.server.GoogleLocationService in 262037504ms
W/ActivityManager( 1016): Scheduling restart of crashed service com.google.android.backuptransport/com.google.android.backup.BackupTransportService in 302993408ms
V/AlarmManager( 1016): sending alarm Alarm{438ceb90 type 2 com.motorola.ccc.cce}
I/ActivityManager( 1016): Start proc com.google.android.gms for service com.google.android.gms/.icing.service.IndexWorkerService: pid=29959 uid=10022 gids={50022, 3003, 1007, 1028, 1015, 3002, 3001, 3007, 2001, 3006}
I/ActivityManager( 1016): Start proc com.google.process.location for service com.google.android.gms/com.google.android.location.internal.GoogleLocationManagerService: pid=29969 uid=10022 gids={50022, 3003, 1007, 1028, 1015, 3002, 3001, 3007, 2001, 3006}
W/ActivityThread(29911): ClassLoader.loadClass: The class loader returned by Thread.getContextClassLoader() may fail for processes that host multiple applications. You should explicitly specify a context class loader. For example: Thread.setContextClassLoader(getClass().getClassLoader());
I/ActivityManager( 1016): Process com.google.android.apps.maps (pid 29879) has died.
D/WifiService( 1016): New client listening to asynchronous messages
I/ActivityManager( 1016): Process com.google.android.gms.wearable (pid 29836) has died.
W/ActivityManager( 1016): Scheduling restart of crashed service com.google.android.gms/.wearable.service.WearableService in 1000ms
I/ActivityManager( 1016): Start proc com.google.android.gms.wearable for service com.google.android.gms/.wearable.service.WearableService: pid=30008 uid=10022 gids={50022, 3003, 1007, 1028, 1015, 3002, 3001, 3007, 2001, 3006}
I/ActivityManager( 1016): Process com.google.android.gms (pid 29959) has died.
W/ActivityManager( 1016): Scheduling restart of crashed service com.google.android.gms/.analytics.service.AnalyticsService in 652767920128ms
W/ActivityManager( 1016): Scheduling restart of crashed service com.google.android.gms/.icing.service.IndexService in 2816000ms
W/ActivityManager( 1016): Scheduling restart of crashed service com.google.android.gms/.icing.service.IndexWorkerService in 1000ms
I/ActivityManager( 1016): Process com.google.android.googlequicksearchbox:search (pid 29209) has died.
W/ActivityManager( 1016): Scheduling restart of crashed service com.google.android.googlequicksearchbox/com.google.android.ssb.service.SsbService in 43308ms
I/ActivityManager( 1016): Process com.google.android.gms.wearable (pid 30008) has died.
W/ActivityManager( 1016): Scheduling restart of crashed service com.google.android.gms/.wearable.service.WearableService in 27040ms
I/ActivityManager( 1016): Start proc com.google.android.gms for service com.google.android.gms/.icing.service.IndexService: pid=30042 uid=10022 gids={50022, 3003, 1007, 1028, 1015, 3002, 3001, 3007, 2001, 3006}
E/ActivityThread(29940): Failed to find provider info for com.motorola.blur.setupprovider
V/BackupManagerService( 1016): Connected to transport ComponentInfo{com.google.android.backuptransport/com.google.android.backup.BackupTransportService}
V/BackupManagerService( 1016): Registering transport com.google.android.backuptransport/com.google.android.backup.BackupTransportService::com.google.android.backup/.BackupTransportService = com.android.internal.backup.IBackupTransport$Stub$Proxy@434f4e68
W/BroadcastQueue( 1016): Failure sending broadcast Intent { act=com.google.android.gms.nlp.ALARM_WAKEUP_BURST_COLLECTION_TRIGGER flg=0x14 (has extras) }
W/BroadcastQueue( 1016): android.os.DeadObjectException
W/BroadcastQueue( 1016): 	at android.os.BinderProxy.transact(Native Method)
W/BroadcastQueue( 1016): 	at android.content.IIntentReceiver$Stub$Proxy.performReceive(IIntentReceiver.java:124)
W/BroadcastQueue( 1016): 	at com.android.server.am.BroadcastQueue.performReceiveLocked(BroadcastQueue.java:424)
W/BroadcastQueue( 1016): 	at com.android.server.am.BroadcastQueue.deliverToRegisteredReceiverLocked(BroadcastQueue.java:507)
W/BroadcastQueue( 1016): 	at com.android.server.am.BroadcastQueue.processNextBroadcast(BroadcastQueue.java:714)
W/BroadcastQueue( 1016): 	at com.android.server.am.ActivityManagerService.finishReceiver(ActivityManagerService.java:14032)
W/BroadcastQueue( 1016): 	at android.app.ActivityManagerNative.onTransact(ActivityManagerNative.java:394)
W/BroadcastQueue( 1016): 	at com.android.server.am.ActivityManagerService.onTransact(ActivityManagerService.java:2140)
W/BroadcastQueue( 1016): 	at android.os.Binder.execTransact(Binder.java:404)
W/BroadcastQueue( 1016): 	at dalvik.system.NativeStart.run(Native Method)
W/ActivityManager( 1016): Unable to start service Intent { act=com.motorola.android.fota.FOTA_INITIALIZATION } U=0: not found
E/ActivityThread(29940): Failed to find provider info for com.motorola.blur.setupprovider
I/ActivityManager( 1016): Start proc com.motorola.ccc.sso for broadcast com.motorola.ccc.sso.app/.AccountUpdateReceiver: pid=30078 uid=10000 gids={50000, 3003, 1028, 1015, 2001, 1007, 3001, 9004}
W/BroadcastQueue( 1016): Exception when sending broadcast to ComponentInfo{com.motorola.ccc.cce/com.motorola.ccc.cce.email.MarketingOptInSetterReceiver}
W/BroadcastQueue( 1016): android.os.DeadObjectException
W/BroadcastQueue( 1016): 	at android.os.BinderProxy.transact(Native Method)
W/BroadcastQueue( 1016): 	at android.app.ApplicationThreadProxy.scheduleReceiver(ApplicationThreadNative.java:822)
W/BroadcastQueue( 1016): 	at com.android.server.am.BroadcastQueue.processCurBroadcastLocked(BroadcastQueue.java:236)
W/BroadcastQueue( 1016): 	at com.android.server.am.BroadcastQueue.processNextBroadcast(BroadcastQueue.java:879)
W/BroadcastQueue( 1016): 	at com.android.server.am.ActivityManagerService.finishReceiver(ActivityManagerService.java:14032)
W/BroadcastQueue( 1016): 	at android.app.ActivityManagerNative.onTransact(ActivityManagerNative.java:394)
W/BroadcastQueue( 1016): 	at com.android.server.am.ActivityManagerService.onTransact(ActivityManagerService.java:2140)
W/BroadcastQueue( 1016): 	at android.os.Binder.execTransact(Binder.java:404)
W/BroadcastQueue( 1016): 	at dalvik.system.NativeStart.run(Native Method)
W/ActivityManager( 1016): Scheduling restart of crashed service com.motorola.ccc.ota/.env.OtaService in 116900ms
W/ActivityManager( 1016): Scheduling restart of crashed service com.motorola.ccc.notification/.SundryService in 1000ms
W/ActivityManager( 1016): Scheduling restart of crashed service com.motorola.ccc.devicemanagement/.DeviceManagementNotifierService in 156900ms
W/ActivityManager( 1016): Scheduling restart of crashed service com.motorola.ccc.checkin/.CheckinService in 196900ms
W/ActivityManager( 1016): Scheduling restart of crashed service com.motorola.ccc.cce/com.motorola.blur.service.blur.BlurServiceMother in 689472ms
I/ActivityManager( 1016): Start proc com.motorola.ccc for broadcast com.motorola.ccc.cce/.email.MarketingOptInSetterReceiver: pid=30099 uid=10000 gids={50000, 3003, 1028, 1015, 2001, 1007, 3001, 9004}
I/ActivityManager( 1016): Process com.motorola.ccc (pid 29940) has died and restarted (pid 30099).
I/SFPerfTracer(  278):      triggers: (rate: 139:75902) (134554 sw vsyncs) (158901 skipped) (114:654824 vsyncs) (116:879894)
W/ContextImpl( 1231): Calling a method in the system process without a qualified user: android.app.ContextImpl.startService:1608 android.content.ContextWrapper.startService:494 android.content.ContextWrapper.startService:494 com.motorola.ccc.main.StartUpReceiver.onReceive:22 android.app.ActivityThread.handleReceiver:2434 
W/ContextImpl( 1231): Calling a method in the system process without a qualified user: android.app.ContextImpl.bindService:1672 android.content.ContextWrapper.bindService:517 com.motorola.ccc.main.CCCMainService.doBindService:93 com.motorola.ccc.main.CCCMainService.onStartCommand:80 android.app.ActivityThread.handleServiceArgs:2715 
I/ActivityManager( 1016): Start proc com.motorola.context for broadcast com.motorola.context/.ccc.UpdateModelReceiver: pid=30122 uid=10011 gids={50011, 3001, 3002, 3003}
I/ActivityManager( 1016): Process com.motorola.ccc.sso (pid 30078) has died.
V/AlarmManager( 1016): sending alarm Alarm{428830d8 type 2 com.google.android.gms}
I/ActivityManager( 1016): Process com.motorola.context (pid 30122) has died.
W/AlarmManager( 1016): Window length 9223372036854775807ms suspiciously long; limiting to 1 hour
W/AlarmManager( 1016): Window length 9223372036854775807ms suspiciously long; limiting to 1 hour
V/AlarmManager( 1016): sending alarm Alarm{437deeb0 type 2 com.google.android.gms}
D/WifiService( 1016): acquireWifiLockLocked: WifiLock{NlpWifiLock type=2 binder=android.os.BinderProxy@42f969b0}
D/WifiService( 1016): releaseWifiLockLocked: WifiLock{NlpWifiLock type=2 binder=android.os.BinderProxy@42f969b0}
I/ActivityManager( 1016): Process com.google.process.gapps (pid 29911) has died.
W/ActivityManager( 1016): Scheduling restart of crashed service com.google.android.gms/.playlog.service.PlayLogIntentService in 1000ms
I/ActivityThread(30042): Removing dead content provider:android.content.ContentProviderProxy@429f9ad8
W/ActivityManager( 1016): Service ServiceRecord{4442cef0 u0 com.google.android.gsf/.gtalkservice.service.GTalkService} in process ProcessRecord{43fde240 29911:com.google.process.gapps/u0a22} not same as in map: null
W/ActivityManager( 1016): Scheduling restart of crashed service com.google.android.gms/.icing.service.LightweightIndexService in 1000ms
W/ActivityManager( 1016): Scheduling restart of crashed service com.google.android.gsf.login/com.google.android.gsf.loginservice.GoogleLoginService in 51536ms
W/ActivityManager( 1016): Service ServiceRecord{443618c8 u0 com.google.android.gms/.gcm.http.GoogleHttpService} in process ProcessRecord{43fde240 29911:com.google.process.gapps/u0a22} not same as in map: null
W/ActivityManager( 1016): Scheduling restart of crashed service com.google.android.gms/.playlog.service.PlayLogBrokerService in 5282201600ms
W/ActivityManager( 1016): Scheduling restart of crashed service com.google.android.gsf/.gtalkservice.service.GTalkServiceProxy in 14196932608ms
W/ActivityManager( 1016): Scheduling restart of crashed service com.google.android.gms/.gcm.GcmService in 20976500736ms
I/ActivityManager( 1016): Start proc com.google.process.gapps for content provider com.google.android.gsf/.gservices.GservicesProvider: pid=30149 uid=10022 gids={50022, 3003, 1007, 1028, 1015, 3002, 3001, 3007, 2001, 3006}
E/ActivityThread(30099): Failed to find provider info for com.motorola.blur.setupprovider
W/ActivityManager( 1016): Unable to start service Intent { act=com.motorola.android.fota.FOTA_INITIALIZATION } U=0: not found
E/ActivityThread(30099): Failed to find provider info for com.motorola.blur.setupprovider
D/WifiService( 1016): acquireWifiLockLocked: WifiLock{NlpWifiLock type=2 binder=android.os.BinderProxy@428bc0f8}
I/ActivityManager( 1016): Start proc com.motorola.ccc.sso for broadcast com.motorola.ccc.sso.app/.NotificationsReceiver: pid=30173 uid=10000 gids={50000, 3003, 1028, 1015, 2001, 1007, 3001, 9004}
I/ActivityManager( 1016): Process com.motorola.ccc.sso (pid 30173) has died.
V/AlarmManager( 1016): sending alarm Alarm{43cd9508 type 2 com.google.android.gms}
D/ConnectivityService( 1016): handleInetConditionHoldEnd: net=1, condition=0, published condition=100
W/ActivityThread(30149): ClassLoader.loadClass: The class loader returned by Thread.getContextClassLoader() may fail for processes that host multiple applications. You should explicitly specify a context class loader. For example: Thread.setContextClassLoader(getClass().getClassLoader());
I/ActivityManager( 1016): Start proc com.google.android.gms.wearable for service com.google.android.gms/.wearable.service.WearableService: pid=30206 uid=10022 gids={50022, 3003, 1007, 1028, 1015, 3002, 3001, 3007, 2001, 3006}
I/ActivityManager( 1016): Start proc com.google.android.talk for broadcast com.google.android.talk/com.google.android.apps.hangouts.service.NetworkStateReceiver: pid=30219 uid=10071 gids={50071, 3003, 1028, 1015, 3002}
I/ActivityManager( 1016): Process com.google.process.location (pid 29969) has died.
D/WifiService( 1016): releaseWifiLockLocked: WifiLock{NlpWifiLock type=2 binder=android.os.BinderProxy@428bc0f8}
D/WifiService( 1016): Client connection lost with reason: 4
V/BackupManagerService( 1016): Disconnected from transport ComponentInfo{com.google.android.backuptransport/com.google.android.backup.BackupTransportService}
V/BackupManagerService( 1016): Registering transport com.google.android.backuptransport/com.google.android.backup.BackupTransportService::null = null
W/ActivityManager( 1016): Scheduling restart of crashed service com.google.android.gms/com.google.android.location.internal.GoogleLocationManagerService in 1000ms
W/ActivityManager( 1016): Scheduling restart of crashed service com.google.android.gms/com.google.android.location.network.NetworkLocationService in 233552ms
W/ActivityManager( 1016): Scheduling restart of crashed service com.google.android.gms/com.google.android.location.internal.PendingIntentCallbackService in 262012928ms
W/ActivityManager( 1016): Scheduling restart of crashed service com.google.android.gms/com.google.android.location.geofencer.service.GeofenceProviderService in 720470016ms
W/ActivityManager( 1016): Scheduling restart of crashed service com.google.android.gms/.common.stats.GmsCoreStatsService in 273548ms
W/ActivityManager( 1016): Scheduling restart of crashed service com.google.android.gms/.deviceconnection.service.DeviceConnectionServiceBroker in 56225792ms
W/ActivityManager( 1016): Scheduling restart of crashed service com.google.android.gms/com.google.android.location.geocode.GeocodeService in 884310016ms
W/ActivityManager( 1016): Scheduling restart of crashed service com.google.android.gms/com.google.android.location.internal.server.GoogleLocationService in 1048150016ms
W/ActivityManager( 1016): Scheduling restart of crashed service com.google.android.backuptransport/com.google.android.backup.BackupTransportService in 1211973632ms
I/SFPerfTracer(  278):      triggers: (rate: 478:15081) (compose: 0:46) (post: 0:2) (render: 44:4013) (0:191738 frames) (1:612501)
D/SFPerfTracer(  278):        layers: (4:10) (DimLayer: 0:145)* (DimLayer: 0:39)* (FocusedStackFrame: 0:4088)* (StatusBar: 0:36579) (NavigationBar: 0:30264) (DimLayer: 0:6019)* (DimLayer: 0:804)* (com.android.chrome/com.google.android.apps.chrome.ChromeTabbedActivity: 0:370) (SurfaceView: 1:4127) (com.android.systemui.ImageWallpaper: 0:3)* 
I/ActivityManager( 1016): Process com.google.android.gms.wearable (pid 30206) has died.
W/ActivityManager( 1016): Scheduling restart of crashed service com.google.android.gms/.wearable.service.WearableService in 24372ms
W/AppOps  ( 1016): Bad call: specified package qcamera under uid 1013 but it is really -1
I/ActivityManager( 1016): Start proc com.google.process.location for service com.google.android.gms/.common.stats.GmsCoreStatsService: pid=30253 uid=10022 gids={50022, 3003, 1007, 1028, 1015, 3002, 3001, 3007, 2001, 3006}
V/AlarmManager( 1016): sending alarm Alarm{443be0e8 type 2 com.motorola.ccc.cce}
V/AlarmManager( 1016): sending alarm Alarm{443b61f8 type 0 com.rhmsoft.fm}
I/ActivityManager( 1016): Start proc com.rhmsoft.fm:service for service com.rhmsoft.fm/com.cleanmaster.cloudconfig.CloudCfgIntentService: pid=30263 uid=10105 gids={50105, 3003, 1028, 1015}
W/AppOps  ( 1016): Bad call: specified package qcamera under uid 1013 but it is really -1
W/AppOps  ( 1016): Bad call: specified package qcamera under uid 1013 but it is really -1
W/AppOps  ( 1016): Bad call: specified package qcamera under uid 1013 but it is really -1
V/AlarmManager( 1016): sending alarm Alarm{443529a8 type 2 com.motorola.ccc.cce}
W/Vold    (  261): Returning OperationFailed - no handler for errno 30
D/WifiService( 1016): New client listening to asynchronous messages
I/ActivityManager( 1016): Process com.google.android.talk (pid 30219) has died.
W/ActivityManager( 1016): Service ServiceRecord{4435f258 u0 com.google.android.talk/com.google.android.libraries.hangouts.video.CallService} in process ProcessRecord{43821450 30219:com.google.android.talk/u0a71} not same as in map: null
I/ActivityManager( 1016): Start proc com.google.android.gms.wearable for service com.google.android.gms/.wearable.service.WearableService: pid=30299 uid=10022 gids={50022, 3003, 1007, 1028, 1015, 3002, 3001, 3007, 2001, 3006}
V/BackupManagerService( 1016): Connected to transport ComponentInfo{com.google.android.backuptransport/com.google.android.backup.BackupTransportService}
V/BackupManagerService( 1016): Registering transport com.google.android.backuptransport/com.google.android.backup.BackupTransportService::com.google.android.backup/.BackupTransportService = com.android.internal.backup.IBackupTransport$Stub$Proxy@437e4fe8
I/ActivityManager( 1016): Process com.rhmsoft.fm:service (pid 30263) has died.
W/ActivityManager( 1016): Scheduling restart of crashed service com.rhmsoft.fm/com.cleanmaster.fm.service.BackgroundService in 8477509528059904ms
I/ActivityManager( 1016): Start proc com.motorola.ccc.sso for broadcast com.motorola.ccc.sso.app/.AccountUpdateReceiver: pid=30363 uid=10000 gids={50000, 3003, 1028, 1015, 2001, 1007, 3001, 9004}
I/ActivityManager( 1016): Process com.google.process.gapps (pid 30149) has died.
W/ActivityManager( 1016): Scheduling restart of crashed service com.google.android.gms/.icing.service.LightweightIndexService in 1000ms
W/ActivityManager( 1016): Service ServiceRecord{443d8c10 u0 com.google.android.gsf/.gtalkservice.service.GTalkService} in process ProcessRecord{439bb4d8 30149:com.google.process.gapps/u0a22} not same as in map: null
W/ActivityManager( 1016): Scheduling restart of crashed service com.google.android.gsf.login/com.google.android.gsf.loginservice.GoogleLoginService in 206144ms
W/ActivityManager( 1016): Scheduling restart of crashed service com.google.android.gms/.playlog.service.PlayLogBrokerService in 21128806400ms
W/ActivityManager( 1016): Service ServiceRecord{43788020 u0 com.google.android.gms/.gcm.http.GoogleHttpService} in process ProcessRecord{439bb4d8 30149:com.google.process.gapps/u0a22} not same as in map: null
W/ActivityManager( 1016): Scheduling restart of crashed service com.google.android.gsf/.gtalkservice.service.GTalkServiceProxy in 56787730432ms
W/ActivityManager( 1016): Scheduling restart of crashed service com.google.android.gms/.gcm.GcmService in 83906002944ms
W/ContextImpl( 1231): Calling a method in the system process without a qualified user: android.app.ContextImpl.startService:1608 android.content.ContextWrapper.startService:494 android.content.ContextWrapper.startService:494 com.motorola.ccc.main.StartUpReceiver.onReceive:22 android.app.ActivityThread.handleReceiver:2434 
I/ActivityManager( 1016): Start proc com.motorola.context for broadcast com.motorola.context/.ccc.UpdateModelReceiver: pid=30377 uid=10011 gids={50011, 3001, 3002, 3003}
I/ActivityManager( 1016): Start proc com.google.process.gapps for content provider com.google.android.gsf/.gservices.GservicesProvider: pid=30389 uid=10022 gids={50022, 3003, 1007, 1028, 1015, 3002, 3001, 3007, 2001, 3006}
I/ActivityManager( 1016): Process com.motorola.ccc.sso (pid 30363) has died.
I/ActivityManager( 1016): Process com.motorola.context (pid 30377) has died.
V/AlarmManager( 1016): sending alarm Alarm{42f798b8 type 2 com.motorola.ccc.cce}
I/ActivityManager( 1016): Process com.motorola.ccc (pid 30099) has died.
W/ActivityManager( 1016): Scheduling restart of crashed service com.motorola.ccc.ota/.env.OtaService in 467600ms
W/ActivityManager( 1016): Scheduling restart of crashed service com.motorola.ccc.notification/.SundryService in 1000ms
W/ActivityManager( 1016): Scheduling restart of crashed service com.motorola.ccc.devicemanagement/.DeviceManagementNotifierService in 645893ms
W/ActivityManager( 1016): Scheduling restart of crashed service com.motorola.ccc.checkin/.CheckinService in 787600ms
W/ActivityManager( 1016): Scheduling restart of crashed service com.motorola.ccc.cce/com.motorola.blur.service.blur.BlurServiceMother in 1000ms
I/SFPerfTracer(  278):      triggers: (rate: 139:75902) (134554 sw vsyncs) (158901 skipped) (175:655068 vsyncs) (177:880142)
D/ConnectivityService( 1016): handleInetConditionHoldEnd: net=1, condition=0, published condition=0
W/ActivityThread(30389): ClassLoader.loadClass: The class loader returned by Thread.getContextClassLoader() may fail for processes that host multiple applications. You should explicitly specify a context class loader. For example: Thread.setContextClassLoader(getClass().getClassLoader());
I/ActivityManager( 1016): Start proc com.motorola.context for broadcast com.motorola.context/.ccc.UpdateModelReceiver: pid=30426 uid=10011 gids={50011, 3001, 3002, 3003}
W/BroadcastQueue( 1016): Failure sending broadcast Intent { act=com.google.android.gms.nlp.ALARM_WAKEUP_BURST_COLLECTION_TRIGGER flg=0x14 (has extras) }
W/BroadcastQueue( 1016): android.os.DeadObjectException
W/BroadcastQueue( 1016): 	at android.os.BinderProxy.transact(Native Method)
W/BroadcastQueue( 1016): 	at android.content.IIntentReceiver$Stub$Proxy.performReceive(IIntentReceiver.java:124)
W/BroadcastQueue( 1016): 	at com.android.server.am.BroadcastQueue.performReceiveLocked(BroadcastQueue.java:424)
W/BroadcastQueue( 1016): 	at com.android.server.am.BroadcastQueue.deliverToRegisteredReceiverLocked(BroadcastQueue.java:507)
W/BroadcastQueue( 1016): 	at com.android.server.am.BroadcastQueue.processNextBroadcast(BroadcastQueue.java:714)
W/BroadcastQueue( 1016): 	at com.android.server.am.ActivityManagerService.finishReceiver(ActivityManagerService.java:14032)
W/BroadcastQueue( 1016): 	at android.app.ActivityManagerNative.onTransact(ActivityManagerNative.java:394)
W/BroadcastQueue( 1016): 	at com.android.server.am.ActivityManagerService.onTransact(ActivityManagerService.java:2140)
W/BroadcastQueue( 1016): 	at android.os.Binder.execTransact(Binder.java:404)
W/BroadcastQueue( 1016): 	at dalvik.system.NativeStart.run(Native Method)
W/AlarmManager( 1016): Window length 9223372036854775807ms suspiciously long; limiting to 1 hour
W/AlarmManager( 1016): Window length 9223372036854775807ms suspiciously long; limiting to 1 hour
I/ActivityManager( 1016): Start proc com.google.android.talk for broadcast com.google.android.talk/com.google.android.apps.hangouts.service.NetworkStateReceiver: pid=30448 uid=10071 gids={50071, 3003, 1028, 1015, 3002}
V/AlarmManager( 1016): sending alarm Alarm{42fffae0 type 2 com.google.android.gms}
I/SFPerfTracer(  278):      triggers: (rate: 478:15081) (compose: 0:46) (post: 0:2) (render: 44:4013) (0:191738 frames) (1:612601)
D/SFPerfTracer(  278):        layers: (4:10) (DimLayer: 0:145)* (DimLayer: 0:39)* (FocusedStackFrame: 0:4088)* (StatusBar: 0:36581) (NavigationBar: 0:30264) (DimLayer: 0:6019)* (DimLayer: 0:804)* (com.android.chrome/com.google.android.apps.chrome.ChromeTabbedActivity: 0:370) (SurfaceView: 1:4226) (com.android.systemui.ImageWallpaper: 0:3)* 
D/WifiService( 1016): acquireWifiLockLocked: WifiLock{NlpWifiLock type=2 binder=android.os.BinderProxy@42e00028}
I/ActivityManager( 1016): Start proc com.motorola.ccc for service com.motorola.ccc.cce/com.motorola.blur.service.blur.BlurServiceMother: pid=30465 uid=10000 gids={50000, 3003, 1028, 1015, 2001, 1007, 3001, 9004}
W/AppOps  ( 1016): Bad call: specified package qcamera under uid 1013 but it is really -1
W/AppOps  ( 1016): Bad call: specified package qcamera under uid 1013 but it is really -1
W/AppOps  ( 1016): Bad call: specified package qcamera under uid 1013 but it is really -1
W/AppOps  ( 1016): Bad call: specified package qcamera under uid 1013 but it is really -1
E/ActivityThread(30465): Failed to find provider info for com.motorola.blur.setupprovider
I/ActivityManager( 1016): Process com.motorola.context (pid 30426) has died.
I/ActivityManager( 1016): Process com.google.android.talk (pid 30448) has died.
W/ActivityManager( 1016): Service ServiceRecord{442bcd48 u0 com.google.android.talk/com.google.android.libraries.hangouts.video.CallService} in process ProcessRecord{42fdf678 30448:com.google.android.talk/u0a71} not same as in map: null
I/ActivityManager( 1016): Process com.google.android.gms (pid 30042) has died.
W/ActivityManager( 1016): Scheduling restart of crashed service com.google.android.gms/.analytics.service.AnalyticsService in 2611071680512ms
I/ActivityManager( 1016): Start proc com.google.android.gms for broadcast com.google.android.gms/.subscribedfeeds.ConfigurationReceiver: pid=30499 uid=10022 gids={50022, 3003, 1007, 1028, 1015, 3002, 3001, 3007, 2001, 3006}
I/SFPerfTracer(  278):      triggers: (rate: 478:15081) (compose: 0:46) (post: 0:2) (render: 44:4013) (0:191738 frames) (1:612701)
D/SFPerfTracer(  278):        layers: (4:10) (DimLayer: 0:145)* (DimLayer: 0:39)* (FocusedStackFrame: 0:4088)* (StatusBar: 0:36582) (NavigationBar: 0:30264) (DimLayer: 0:6019)* (DimLayer: 0:804)* (com.android.chrome/com.google.android.apps.chrome.ChromeTabbedActivity: 0:370) (SurfaceView: 1:4326) (com.android.systemui.ImageWallpaper: 0:3)* 
E/ActivityThread(30465): Failed to find provider info for com.motorola.blur.setupprovider
W/ActivityManager( 1016): Unable to start service Intent { act=com.motorola.android.fota.FOTA_INITIALIZATION } U=0: not found
I/ActivityManager( 1016): Process com.google.process.location (pid 30253) has died.
D/WifiService( 1016): releaseWifiLockLocked: WifiLock{NlpWifiLock type=2 binder=android.os.BinderProxy@42e00028}
V/BackupManagerService( 1016): Disconnected from transport ComponentInfo{com.google.android.backuptransport/com.google.android.backup.BackupTransportService}
V/BackupManagerService( 1016): Registering transport com.google.android.backuptransport/com.google.android.backup.BackupTransportService::null = null
W/ActivityManager( 1016): Scheduling restart of crashed service com.google.android.gms/com.google.android.location.internal.GoogleLocationManagerService in 19433ms
W/ActivityManager( 1016): Scheduling restart of crashed service com.google.android.gms/com.google.android.location.network.NetworkLocationService in 934208ms
W/ActivityManager( 1016): Scheduling restart of crashed service com.google.android.gms/com.google.android.location.internal.PendingIntentCallbackService in 1048051712ms
W/ActivityManager( 1016): Scheduling restart of crashed service com.google.android.gms/com.google.android.location.geofencer.service.GeofenceProviderService in 2881880064ms
W/ActivityManager( 1016): Scheduling restart of crashed service com.google.android.gms/.common.stats.GmsCoreStatsService in 45368ms
W/ActivityManager( 1016): Scheduling restart of crashed service com.google.android.gms/.deviceconnection.service.DeviceConnectionServiceBroker in 224903168ms
W/ActivityManager( 1016): Scheduling restart of crashed service com.google.android.gms/com.google.android.location.geocode.GeocodeService in 3537240064ms
W/ActivityManager( 1016): Scheduling restart of crashed service com.google.android.gms/com.google.android.location.internal.server.GoogleLocationService in 4192600064ms
W/ActivityManager( 1016): Scheduling restart of crashed service com.google.android.backuptransport/com.google.android.backup.BackupTransportService in 4847894528ms
D/WifiService( 1016): Client connection lost with reason: 4
V/AlarmManager( 1016): sending alarm Alarm{44421df8 type 2 com.google.android.talk}
V/AlarmManager( 1016): sending alarm Alarm{44405d78 type 0 com.google.android.googlequicksearchbox}
I/ActivityManager( 1016): Start proc com.google.android.googlequicksearchbox:search for service com.google.android.googlequicksearchbox/com.google.android.velvet.VelvetBackgroundTasksImpl$Service: pid=30518 uid=10045 gids={50045, 3003, 3001, 1028, 3002, 1015}
I/ActivityManager( 1016): Start proc com.google.process.location for service com.google.android.gms/.common.stats.GmsCoreStatsService: pid=30539 uid=10022 gids={50022, 3003, 1007, 1028, 1015, 3002, 3001, 3007, 2001, 3006}
I/ActivityManager( 1016): Start proc com.google.android.partnersetup for content provider com.google.android.partnersetup/.RlzAppProvider: pid=30552 uid=10025 gids={50025, 3003}
I/ActivityManager( 1016): Process com.google.android.gms.wearable (pid 30299) has died.
W/ActivityManager( 1016): Scheduling restart of crashed service com.google.android.gms/.wearable.service.WearableService in 18990ms
I/ActivityManager( 1016): Process com.google.android.gms (pid 30499) has died.
W/ActivityManager( 1016): Scheduling restart of crashed service com.google.android.gms/.analytics.service.AnalyticsService in 10444286722048ms
D/ConnectivityService( 1016): handleInetConditionHoldEnd: net=1, condition=100, published condition=0
I/ActivityManager( 1016): Process com.motorola.ccc (pid 30465) has died.
W/ActivityManager( 1016): Scheduling restart of crashed service com.motorola.ccc.ota/.env.OtaService in 1870400ms
W/ActivityManager( 1016): Scheduling restart of crashed service com.motorola.ccc.notification/.SundryService in 28888ms
W/ActivityManager( 1016): Scheduling restart of crashed service com.motorola.ccc.devicemanagement/.DeviceManagementNotifierService in 2583572ms
W/ActivityManager( 1016): Scheduling restart of crashed service com.motorola.ccc.checkin/.CheckinService in 3150400ms
W/ActivityManager( 1016): Scheduling restart of crashed service com.motorola.ccc.cce/com.motorola.blur.service.blur.BlurServiceMother in 28887ms
D/WifiService( 1016): New client listening to asynchronous messages
I/ActivityManager( 1016): Start proc com.google.android.gms.wearable for service com.google.android.gms/.wearable.service.WearableService: pid=30579 uid=10022 gids={50022, 3003, 1007, 1028, 1015, 3002, 3001, 3007, 2001, 3006}
I/ActivityManager( 1016): Process com.google.android.partnersetup (pid 30552) has died.
V/BackupManagerService( 1016): Connected to transport ComponentInfo{com.google.android.backuptransport/com.google.android.backup.BackupTransportService}
V/BackupManagerService( 1016): Registering transport com.google.android.backuptransport/com.google.android.backup.BackupTransportService::com.google.android.backup/.BackupTransportService = com.android.internal.backup.IBackupTransport$Stub$Proxy@42fa5e60
I/ActivityManager( 1016): Process com.google.android.gms.wearable (pid 30579) has died.
W/ActivityManager( 1016): Scheduling restart of crashed service com.google.android.gms/.wearable.service.WearableService in 38053ms
I/ActivityManager( 1016): Start proc com.google.android.gms for broadcast com.google.android.gms/.init.InitializeGmsReceiver: pid=30633 uid=10022 gids={50022, 3003, 1007, 1028, 1015, 3002, 3001, 3007, 2001, 3006}
I/ActivityManager( 1016): Start proc com.motorola.ccc for broadcast com.motorola.ccc.cce/com.motorola.blur.service.blur.StartupReceiver: pid=30656 uid=10000 gids={50000, 3003, 1028, 1015, 2001, 1007, 3001, 9004}
I/ActivityManager( 1016): Start proc com.google.android.gms.wearable for service com.google.android.gms/.wearable.service.WearableService: pid=30668 uid=10022 gids={50022, 3003, 1007, 1028, 1015, 3002, 3001, 3007, 2001, 3006}
I/ActivityManager( 1016): Process com.google.android.gms (pid 30633) has died.
W/ActivityManager( 1016): Scheduling restart of crashed service com.google.android.gms/.init.InitializeIntentService in 17586ms
W/ActivityManager( 1016): Scheduling restart of crashed service com.google.android.gms/.analytics.service.AnalyticsService in 41777146888192ms
I/ActivityManager( 1016): Start proc com.google.android.gms for broadcast com.google.android.gms/.subscribedfeeds.ConfigurationReceiver: pid=30687 uid=10022 gids={50022, 3003, 1007, 1028, 1015, 3002, 3001, 3007, 2001, 3006}
W/AlarmManager( 1016): Window length 9223372036854775807ms suspiciously long; limiting to 1 hour
W/AlarmManager( 1016): Window length 9223372036854775807ms suspiciously long; limiting to 1 hour
V/AlarmManager( 1016): sending alarm Alarm{4341c020 type 2 com.google.android.gms}
D/WifiService( 1016): acquireWifiLockLocked: WifiLock{NlpWifiLock type=2 binder=android.os.BinderProxy@428f60c8}
D/WifiService( 1016): releaseWifiLockLocked: WifiLock{NlpWifiLock type=2 binder=android.os.BinderProxy@428f60c8}
D/WifiService( 1016): acquireWifiLockLocked: WifiLock{NlpWifiLock type=2 binder=android.os.BinderProxy@428767b0}
I/ActivityManager( 1016): Start proc com.google.android.talk for broadcast com.google.android.talk/com.google.android.apps.hangouts.service.NetworkStateReceiver: pid=30719 uid=10071 gids={50071, 3003, 1028, 1015, 3002}
I/ActivityManager( 1016): Process com.google.android.gms (pid 30687) has died.
W/ActivityManager( 1016): Scheduling restart of crashed service com.google.android.gms/.analytics.service.AnalyticsService in 167108587552768ms
W/AppOps  ( 1016): Bad call: specified package qcamera under uid 1013 but it is really -1
I/ActivityManager( 1016): Start proc com.google.android.gms for broadcast com.google.android.gms/.subscribedfeeds.ConfigurationReceiver: pid=30747 uid=10022 gids={50022, 3003, 1007, 1028, 1015, 3002, 3001, 3007, 2001, 3006}
W/AppOps  ( 1016): Bad call: specified package qcamera under uid 1013 but it is really -1
W/AppOps  ( 1016): Bad call: specified package qcamera under uid 1013 but it is really -1
W/AppOps  ( 1016): Bad call: specified package qcamera under uid 1013 but it is really -1
E/ActivityThread(30656): Failed to find provider info for com.motorola.blur.setupprovider
V/AlarmManager( 1016): sending alarm Alarm{43450f88 type 2 com.motorola.ccc.cce}
V/AlarmManager( 1016): sending alarm Alarm{4344ad08 type 0 com.rhmsoft.fm}
