D/WifiStateMachine( 1016): processMsg: L2ConnectedState
D/WifiStateMachine( 1016): processMsg: ConnectModeState
D/WifiStateMachine( 1016): processMsg: DriverStartedState
D/WifiStateMachine( 1016): setSuspendOptimizationsNative: 4 true
D/Sensors ( 1016): AccelerationSensor: Set Sensors state 0x0
D/audio_hw_primary(  284): adev_set_parameters: enter: screen_state=off
V/msm8974_platform(  284): platform_set_parameters: enter: screen_state=off
V/msm8974_platform(  284): platform_set_parameters: exit with code(-2)
E/audio_a2dp_hw(  284): adev_set_parameters: ERROR: set param called even when stream out is null
V/AlarmManager( 1016): sending alarm Alarm{43c18fc0 type 3 com.devexpert.weather}
V/AlarmManager( 1016): sending alarm Alarm{43c16b58 type 2 android}
I/ActivityManager( 1016): Start proc com.devexpert.weather for broadcast com.devexpert.weather/.view.WidgetWeather2x1: pid=24718 uid=10112 gids={50112, 3003, 1028, 1015}
D/WifiStateMachine( 1016): handleMessage: X
D/ConnectivityService( 1016): Sampling interval elapsed, updating statistics ..
D/ConnectivityService( 1016): Done.
D/ConnectivityService( 1016): Setting timer for 720seconds
I/ActivityManager( 1016): Process com.devexpert.weather (pid 24718) has died.
W/IdleConnectionHandler(16279): Removing a connection that never existed!
D/WifiStateMachine( 1016): handleMessage: E msg.what=131155
D/WifiStateMachine( 1016): processMsg: ConnectedState
D/WifiStateMachine( 1016): processMsg: L2ConnectedState
D/WifiStateMachine( 1016): handleMessage: X
W/ContextImpl( 1231): Calling a method in the system process without a qualified user: android.app.ContextImpl.startService:1608 android.content.ContextWrapper.startService:494 android.content.ContextWrapper.startService:494 com.motorola.motocare.internal.batterystats.BatteryStatsAction.onReceive:33 android.app.ActivityThread.handleReceiver:2434 
D/dalvikvm( 1231): GC_CONCURRENT freed 1651K, 44% free 9666K/17224K, paused 3ms+3ms, total 22ms
I/AonLTInterfaceService( 1231): AodLT package version: 1000000
I/PowerManagerService( 1016): Waking up from sleep...
I/AonLTInterfaceService( 1231): AodLT package version: 1000000
V/KeyguardServiceDelegate( 1016): onScreenTurnedOn(showListener = com.android.internal.policy.impl.PhoneWindowManager$20@42807480)
V/KeyguardServiceDelegate( 1016): **** SHOWN CALLED ****
I/WindowManager( 1016): No lock screen! windowToken=null
D/DisplayPowerController( 1016): Unblocked screen on after 205820264 ms
F/ProcessStats( 1016): Starting service ServiceState{43a506e8 com.tranzmate.services.LocationService pkg=com.tranzmate proc=43a506e8} without owner
D/SurfaceFlinger(  278): Screen acquired, type=0 flinger=0xb7ca1450
D/qdhwcomposer(  278): hwc_blank: Unblanking display: 0
I/AonLTInterfaceService( 1231): AodLT package version: 1000000
D/qdhwcomposer(  278): hwc_blank: Done unblanking display: 0
D/SurfaceControl( 1016): Excessive delay in unblankDisplay() while turning screen on: 183ms
D/CordovaActivity(24527): Resuming the App
W/ContextImpl( 1231): Calling a method in the system process without a qualified user: android.app.ContextImpl.sendBroadcast:1252 android.content.ContextWrapper.sendBroadcast:365 com.motorola.motocare.util.TriggerHelper$TriggerBuilder.send:76 com.motorola.motocare.internal.frameworkevents.PauseResumeTrigger.handleFrameworkEvent:53 com.motorola.motocare.internal.frameworkevents.FwEventMonitor$FrameworkListener.processFrameworkEvent:114 
I/SFPerfTracer(  278):      triggers: (rate: 617:20955) (compose: 0:80) (post: 0:3) (render: 54:4876) (0:337646 frames) (1:1021266)
D/SFPerfTracer(  278):        layers: (0:11) (DimLayer: 0:200)* (DimLayer: 0:189)* (FocusedStackFrame: 0:7888)* (StatusBar: 0:78740)* (NavigationBar: 0:55533)* (DimLayer: 0:13480)* (DimLayer: 0:1568)* (com.android.wallpaper.fall.FallWallpaper: 0:87841)* (com.giftme.fb_auth/com.giftme.fb_auth.FB_Auth: 0:48)* (com.giftme.fb_auth/com.facebook.LoginActivity: 0:28)* (ElectronBeam: 0:27)* 
D/WifiStateMachine( 1016): handleScreenStateChanged: true
D/WifiStateMachine( 1016): handleMessage: E msg.what=131154
D/WifiStateMachine( 1016): processMsg: ConnectedState
D/WifiStateMachine( 1016): processMsg: L2ConnectedState
D/WifiStateMachine( 1016): handleMessage: X
D/WifiStateMachine( 1016): handleMessage: E msg.what=131163
D/WifiStateMachine( 1016): processMsg: ConnectedState
D/WifiStateMachine( 1016): processMsg: L2ConnectedState
D/WifiStateMachine( 1016): processMsg: ConnectModeState
D/WifiStateMachine( 1016): processMsg: DriverStartedState
D/WifiStateMachine( 1016): processMsg: SupplicantStartedState
D/WifiStateMachine( 1016): processMsg: DefaultState
D/WifiStateMachine( 1016): handleMessage: X
D/WifiStateMachine( 1016): handleMessage: E msg.what=131127
D/WifiStateMachine( 1016): processMsg: ConnectedState
D/WifiStateMachine( 1016): processMsg: L2ConnectedState
D/WifiStateMachine( 1016): processMsg: ConnectModeState
D/WifiStateMachine( 1016): handleMessage: X
D/WifiStateMachine( 1016): handleMessage: E msg.what=131158
D/WifiStateMachine( 1016): processMsg: ConnectedState
D/WifiStateMachine( 1016): processMsg: L2ConnectedState
D/WifiStateMachine( 1016): processMsg: ConnectModeState
D/WifiStateMachine( 1016): processMsg: DriverStartedState
D/WifiStateMachine( 1016): setSuspendOptimizationsNative: 4 false
D/Sensors ( 1016): AccelerationSensor: Set Sensors state 0x1
D/Sensors ( 1016): AccelerationSensor: set delay 200
D/Sensors ( 1016): AccelerationSensor: set delay 200
D/audio_hw_primary(  284): adev_set_parameters: enter: screen_state=on
V/msm8974_platform(  284): platform_set_parameters: enter: screen_state=on
V/msm8974_platform(  284): platform_set_parameters: exit with code(-2)
E/audio_a2dp_hw(  284): adev_set_parameters: ERROR: set param called even when stream out is null
D/WifiStateMachine( 1016): handleMessage: X
D/WifiStateMachine( 1016): handleMessage: E msg.what=151572
D/WifiStateMachine( 1016): processMsg: ConnectedState
D/WifiStateMachine( 1016): processMsg: L2ConnectedState
D/Ulp_jni ( 1016): JNI:system_update. Event-0
D/WifiStateMachine( 1016): handleMessage: X
D/WifiStateMachine( 1016): handleMessage: E msg.what=151572
D/WifiStateMachine( 1016): processMsg: ConnectedState
D/WifiStateMachine( 1016): processMsg: L2ConnectedState
D/WifiStateMachine( 1016): handleMessage: X
D/CordovaWebView(24527): The current URL is: file:///android_asset/www/index.html#friends/
D/CordovaWebView(24527): The URL at item 0 is: file:///android_asset/www/index.html
V/AlarmManager( 1016): sending alarm Alarm{43a86cd0 type 2 com.google.android.talk}
V/AlarmManager( 1016): sending alarm Alarm{43a64f70 type 2 com.android.keyguard}
D/WifiStateMachine( 1016): handleMessage: E msg.what=151572
D/WifiStateMachine( 1016): processMsg: ConnectedState
D/WifiStateMachine( 1016): processMsg: L2ConnectedState
D/dalvikvm( 1231): GC_CONCURRENT freed 2179K, 46% free 9415K/17224K, paused 1ms+2ms, total 17ms
D/WifiStateMachine( 1016): handleMessage: X
W/ContextImpl( 1231): Calling a method in the system process without a qualified user: android.app.ContextImpl.startService:1608 android.content.ContextWrapper.startService:494 android.content.ContextWrapper.startService:494 com.motorola.motocare.internal.batterystats.BatteryStatsAction.onReceive:33 android.app.ActivityThread.handleReceiver:2434 
D/dalvikvm( 1231): GC_CONCURRENT freed 1759K, 44% free 9704K/17224K, paused 2ms+3ms, total 21ms
D/dalvikvm( 1231): WAIT_FOR_CONCURRENT_GC blocked 12ms
D/dalvikvm( 1231): WAIT_FOR_CONCURRENT_GC blocked 12ms
D/dalvikvm( 2456): GC_CONCURRENT freed 1731K, 45% free 9612K/17224K, paused 1ms+3ms, total 17ms
W/ContextImpl( 1231): Calling a method in the system process without a qualified user: android.app.ContextImpl.sendBroadcast:1252 android.content.ContextWrapper.sendBroadcast:365 com.motorola.motocare.util.TriggerHelper$TriggerBuilder.send:76 com.motorola.motocare.internal.frameworkevents.ProcessKillTrigger.sendTrigger:147 com.motorola.motocare.internal.frameworkevents.ProcessKillTrigger.handleLmkKill:337 
W/ContextImpl( 1231): Calling a method in the system process without a qualified user: android.app.ContextImpl.sendBroadcast:1252 android.content.ContextWrapper.sendBroadcast:365 com.motorola.motocare.util.TriggerHelper$TriggerBuilder.send:76 com.motorola.motocare.internal.frameworkevents.ProcessKillTrigger.sendTrigger:147 com.motorola.motocare.internal.frameworkevents.ProcessKillTrigger.handleLmkKill:337 
D/dalvikvm( 1231): GC_EXPLICIT freed 1628K, 46% free 9390K/17224K, paused 2ms+3ms, total 31ms
D/WifiStateMachine( 1016): handleMessage: E msg.what=151572
D/WifiStateMachine( 1016): processMsg: ConnectedState
D/WifiStateMachine( 1016): processMsg: L2ConnectedState
D/WifiStateMachine( 1016): handleMessage: X
D/WifiStateMachine( 1016): handleMessage: E msg.what=131155
D/WifiStateMachine( 1016): processMsg: ConnectedState
D/WifiStateMachine( 1016): processMsg: L2ConnectedState
D/WifiStateMachine( 1016): handleMessage: X
D/Ulp_jni ( 1016): Location CB invoked
I/SFPerfTracer(  278):      triggers: (rate: 322:193314) (245084 sw vsyncs) (421293 skipped) (17:1123994 vsyncs) (19:1502717)
I/ActivityManager( 1016): START u0 {act=com.android.systemui.recent.action.TOGGLE_RECENTS flg=0x10800000 cmp=com.android.systemui/.recent.RecentsActivity (has extras)} from pid 1078
D/CordovaActivity(24527): Paused the application!
D/CordovaWebView(24527): Handle the pause
W/ContextImpl( 1231): Calling a method in the system process without a qualified user: android.app.ContextImpl.sendBroadcast:1252 android.content.ContextWrapper.sendBroadcast:365 com.motorola.motocare.util.TriggerHelper$TriggerBuilder.send:76 com.motorola.motocare.internal.frameworkevents.PauseResumeTrigger.handleFrameworkEvent:53 com.motorola.motocare.internal.frameworkevents.FwEventMonitor$FrameworkListener.processFrameworkEvent:114 
W/ContextImpl( 1231): Calling a method in the system process without a qualified user: android.app.ContextImpl.sendBroadcast:1252 android.content.ContextWrapper.sendBroadcast:365 com.motorola.motocare.util.TriggerHelper$TriggerBuilder.send:76 com.motorola.motocare.internal.frameworkevents.PauseResumeTrigger.handleFrameworkEvent:53 com.motorola.motocare.internal.frameworkevents.FwEventMonitor$FrameworkListener.processFrameworkEvent:114 
D/dalvikvm( 1078): GC_FOR_ALLOC freed 700K, 28% free 13867K/19088K, paused 26ms, total 26ms
D/dalvikvm( 1078): GC_FOR_ALLOC freed 72K, 26% free 14221K/19088K, paused 22ms, total 23ms
I/dalvikvm-heap( 1078): Grow heap (frag case) to 16.349MB for 380496-byte allocation
D/dalvikvm( 1078): GC_FOR_ALLOC freed 7K, 25% free 14628K/19460K, paused 20ms, total 20ms
I/dalvikvm-heap( 1078): Grow heap (frag case) to 16.747MB for 380496-byte allocation
D/dalvikvm( 1078): GC_FOR_ALLOC freed 9K, 25% free 15036K/19832K, paused 20ms, total 20ms
I/dalvikvm-heap( 1078): Grow heap (frag case) to 17.145MB for 380496-byte allocation
D/dalvikvm( 1078): GC_FOR_ALLOC freed 6K, 24% free 15442K/20204K, paused 20ms, total 20ms
I/dalvikvm-heap( 1078): Grow heap (frag case) to 17.541MB for 380496-byte allocation
I/LaunchCheckinHandler( 1016): Displayed com.android.systemui/.recent.RecentsActivity,wp,wa,215
D/dalvikvm( 1078): GC_FOR_ALLOC freed 2K, 23% free 15850K/20576K, paused 26ms, total 27ms
I/dalvikvm-heap( 1078): Grow heap (frag case) to 17.939MB for 380496-byte allocation
W/IInputConnectionWrapper(24527): showStatusIcon on inactive InputConnection
D/dalvikvm( 1078): GC_FOR_ALLOC freed 9K, 23% free 16259K/20948K, paused 22ms, total 22ms
I/dalvikvm-heap( 1078): Grow heap (frag case) to 18.339MB for 380496-byte allocation
D/WifiStateMachine( 1016): handleMessage: E msg.what=151572
D/WifiStateMachine( 1016): processMsg: ConnectedState
D/WifiStateMachine( 1016): processMsg: L2ConnectedState
D/WifiStateMachine( 1016): handleMessage: X
W/ManagedEGLContext(24527): doTerminate failed: EGL count is 2 but managed count is 1
I/SFPerfTracer(  278):      triggers: (rate: 617:20956) (compose: 0:80) (post: 0:3) (render: 54:4876) (0:337702 frames) (1:1021366)
D/SFPerfTracer(  278):        layers: (3:11) (DimLayer: 0:200)* (DimLayer: 0:189)* (FocusedStackFrame: 0:7889)* (StatusBar: 0:78744) (NavigationBar: 0:55585) (DimLayer: 0:13480)* (DimLayer: 0:1568)* (com.android.wallpaper.fall.FallWallpaper: 0:87841)* (com.giftme.fb_auth/com.giftme.fb_auth.FB_Auth: 0:65)* (com.android.systemui/com.android.systemui.recent.RecentsActivity: 1:42) (thumbnail anim: 0:18)* 
I/ActivityManager( 1016): Killing 24527:com.giftme.fb_auth/u0a106 (adj 9): remove task
W/ContextImpl( 1231): Calling a method in the system process without a qualified user: android.app.ContextImpl.sendBroadcast:1252 android.content.ContextWrapper.sendBroadcast:365 com.motorola.motocare.util.TriggerHelper$TriggerBuilder.send:76 com.motorola.motocare.internal.frameworkevents.ProcessKillTrigger.sendTrigger:147 com.motorola.motocare.internal.frameworkevents.ProcessKillTrigger.handleFrameworkEvent:164 
D/WifiStateMachine( 1016): handleMessage: E msg.what=151572
D/WifiStateMachine( 1016): processMsg: ConnectedState
D/WifiStateMachine( 1016): processMsg: L2ConnectedState
D/WifiStateMachine( 1016): handleMessage: X
I/WindowState( 1016): WIN DEATH: Window{442ce110 u0 com.giftme.fb_auth/com.giftme.fb_auth.FB_Auth}
I/SFPerfTracer(  278):      triggers: (rate: 322:193314) (245084 sw vsyncs) (421293 skipped) (50:1124093 vsyncs) (52:1502822)
D/WifiStateMachine( 1016): handleMessage: E msg.what=151572
D/WifiStateMachine( 1016): processMsg: ConnectedState
D/WifiStateMachine( 1016): processMsg: L2ConnectedState
D/WifiStateMachine( 1016): handleMessage: X
D/WifiStateMachine( 1016): handleMessage: E msg.what=131155
D/WifiStateMachine( 1016): processMsg: ConnectedState
D/WifiStateMachine( 1016): processMsg: L2ConnectedState
D/WifiStateMachine( 1016): handleMessage: X
I/ActivityManager( 1016): START u0 {act=android.intent.action.MAIN cat=[android.intent.category.HOME] flg=0x10200000 cmp=com.android.launcher/com.android.launcher2.Launcher} from pid 1016
W/ContextImpl( 1231): Calling a method in the system process without a qualified user: android.app.ContextImpl.sendBroadcast:1252 android.content.ContextWrapper.sendBroadcast:365 com.motorola.motocare.util.TriggerHelper$TriggerBuilder.send:76 com.motorola.motocare.internal.frameworkevents.PauseResumeTrigger.handleFrameworkEvent:53 com.motorola.motocare.internal.frameworkevents.FwEventMonitor$FrameworkListener.processFrameworkEvent:114 
W/ContextImpl( 1231): Calling a method in the system process without a qualified user: android.app.ContextImpl.sendBroadcast:1252 android.content.ContextWrapper.sendBroadcast:365 com.motorola.motocare.util.TriggerHelper$TriggerBuilder.send:76 com.motorola.motocare.internal.frameworkevents.PauseResumeTrigger.handleFrameworkEvent:53 com.motorola.motocare.internal.frameworkevents.FwEventMonitor$FrameworkListener.processFrameworkEvent:114 
I/Adreno-EGL(15991): <qeglDrvAPI_eglInitialize:410>: EGL 1.4 QUALCOMM build: AU_LINUX_ANDROID_LNX.LA.3.5.1_RB1.04.04.02.048.018_msm8226_LNX.LA.3.5.1_RB1__release_AU ()
I/Adreno-EGL(15991): OpenGL ES Shader Compiler Version: E031.24.00.08
I/Adreno-EGL(15991): Build Date: 03/07/14 Fri
I/Adreno-EGL(15991): Local Branch: 
I/Adreno-EGL(15991): Remote Branch: quic/LNX.LA.3.5.1_RB1.1
I/Adreno-EGL(15991): Local Patches: NONE
I/Adreno-EGL(15991): Reconstruct Branch: AU_LINUX_ANDROID_LNX.LA.3.5.1_RB1.04.04.02.048.018 + f2fd134 +  NOTHING
V/RenderScript(15991): 0x621ed1f0 Launching thread(s), CPUs 4
I/LaunchCheckinHandler( 1016): Displayed com.android.launcher/com.android.launcher2.Launcher,wp,wa,201
D/WifiStateMachine( 1016): handleMessage: E msg.what=151572
D/WifiStateMachine( 1016): processMsg: ConnectedState
D/WifiStateMachine( 1016): processMsg: L2ConnectedState
D/WifiStateMachine( 1016): handleMessage: X
I/SFPerfTracer(  278):      triggers: (rate: 617:20956) (compose: 0:80) (post: 0:3) (render: 54:4876) (0:337723 frames) (1:1021466)
D/SFPerfTracer(  278):        layers: (4:10) (DimLayer: 0:200)* (DimLayer: 0:189)* (FocusedStackFrame: 0:7889)* (StatusBar: 0:78767) (NavigationBar: 0:55619) (DimLayer: 0:13480)* (DimLayer: 0:1568)* (com.android.wallpaper.fall.FallWallpaper: 0:87852) (com.android.systemui/com.android.systemui.recent.RecentsActivity: 0:113)* (com.android.launcher/com.android.launcher2.Launcher: 1:32) 
D/WifiStateMachine( 1016): handleMessage: E msg.what=151572
D/WifiStateMachine( 1016): processMsg: ConnectedState
D/WifiStateMachine( 1016): processMsg: L2ConnectedState
D/WifiStateMachine( 1016): handleMessage: X
D/dalvikvm(15991): GC_FOR_ALLOC freed 2066K, 26% free 15452K/20636K, paused 37ms, total 37ms
I/ActivityManager( 1016): START u0 {act=android.intent.action.MAIN cat=[android.intent.category.LAUNCHER] flg=0x10200000 cmp=com.giftme.fb_auth/.FB_Auth bnds=[360,385][520,585]} from pid 15991
W/ContextImpl( 1231): Calling a method in the system process without a qualified user: android.app.ContextImpl.sendBroadcast:1252 android.content.ContextWrapper.sendBroadcast:365 com.motorola.motocare.util.TriggerHelper$TriggerBuilder.send:76 com.motorola.motocare.internal.frameworkevents.PauseResumeTrigger.handleFrameworkEvent:53 com.motorola.motocare.internal.frameworkevents.FwEventMonitor$FrameworkListener.processFrameworkEvent:114 
I/ActivityManager( 1016): Start proc com.giftme.fb_auth for activity com.giftme.fb_auth/.FB_Auth: pid=24874 uid=10106 gids={50106, 3003, 1028, 1015}
I/dalvikvm(24874): Enabling JNI app bug workarounds for target SDK version 7...
W/ContextImpl( 1231): Calling a method in the system process without a qualified user: android.app.ContextImpl.sendBroadcast:1252 android.content.ContextWrapper.sendBroadcast:365 com.motorola.motocare.util.TriggerHelper$TriggerBuilder.send:76 com.motorola.motocare.internal.frameworkevents.PauseResumeTrigger.handleFrameworkEvent:53 com.motorola.motocare.internal.frameworkevents.FwEventMonitor$FrameworkListener.processFrameworkEvent:114 
V/PhoneStatusBar( 1078): setLightsOn(true)
I/CordovaLog(24874): Changing log level to DEBUG(3)
D/CordovaActivity(24874): CordovaActivity.init()
I/dalvikvm(24874): Could not find method android.webkit.CookieManager.setAcceptThirdPartyCookies, referenced from method org.apache.cordova.CordovaWebView.initWebViewSettings
W/dalvikvm(24874): VFY: unable to resolve virtual method 6163: Landroid/webkit/CookieManager;.setAcceptThirdPartyCookies (Landroid/webkit/WebView;Z)V
D/dalvikvm(24874): VFY: replacing opcode 0x6e at 0x002a
V/WebViewChromiumFactoryProvider(24874): Binding Chromium to main looper Looper (main, tid 1) {427897f0}
I/LibraryLoader(24874): Expected native library version number "",actual native library version number ""
I/chromium(24874): [INFO:library_loader_hooks.cc(116)] Chromium logging enabled: level = 0, default verbosity = 0
I/BrowserStartupController(24874): Initializing chromium process, renderers=0
E/AudioManagerAndroid(24874): BLUETOOTH permission is missing!
I/Adreno-EGL(24874): <qeglDrvAPI_eglInitialize:410>: EGL 1.4 QUALCOMM build: AU_LINUX_ANDROID_LNX.LA.3.5.1_RB1.04.04.02.048.018_msm8226_LNX.LA.3.5.1_RB1__release_AU ()
I/Adreno-EGL(24874): OpenGL ES Shader Compiler Version: E031.24.00.08
I/Adreno-EGL(24874): Build Date: 03/07/14 Fri
I/Adreno-EGL(24874): Local Branch: 
I/Adreno-EGL(24874): Remote Branch: quic/LNX.LA.3.5.1_RB1.1
I/Adreno-EGL(24874): Local Patches: NONE
I/Adreno-EGL(24874): Reconstruct Branch: AU_LINUX_ANDROID_LNX.LA.3.5.1_RB1.04.04.02.048.018 + f2fd134 +  NOTHING
W/chromium(24874): [WARNING:proxy_service.cc(890)] PAC support disabled because there is no system implementation
D/CordovaActivity(24874): CordovaActivity.createViews()
W/dalvikvm(24874): VFY: unable to find class referenced in signature (Landroid/webkit/ClientCertRequest;)
W/dalvikvm(24874): VFY: unable to find class referenced in signature (Landroid/webkit/ClientCertRequest;)
I/dalvikvm(24874): Could not find method android.webkit.WebViewClient.onReceivedClientCertRequest, referenced from method org.apache.cordova.CordovaWebViewClient.onReceivedClientCertRequest
W/dalvikvm(24874): VFY: unable to resolve virtual method 6235: Landroid/webkit/WebViewClient;.onReceivedClientCertRequest (Landroid/webkit/WebView;Landroid/webkit/ClientCertRequest;)V
D/dalvikvm(24874): VFY: replacing opcode 0x6f at 0x001c
I/dalvikvm(24874): Could not find method android.webkit.WebChromeClient$FileChooserParams.createIntent, referenced from method org.apache.cordova.CordovaChromeClient.onShowFileChooser
W/dalvikvm(24874): VFY: unable to resolve virtual method 6182: Landroid/webkit/WebChromeClient$FileChooserParams;.createIntent ()Landroid/content/Intent;
D/dalvikvm(24874): VFY: replacing opcode 0x6e at 0x0000
D/PluginManager(24874): init()
D/CordovaWebView(24874): CordovaWebView is running on device made by: motorola
D/CordovaWebView(24874): >>> loadUrl(file:///android_asset/www/index.html)
D/CordovaWebView(24874): >>> loadUrlNow()
D/CordovaActivity(24874): Resuming the App
D/AudioManagerAndroid(24874): ==> onReceive: s=0, m=1, n=h2w, sb=true
D/AudioManagerAndroid(24874): reportUpdate: state=0, devices=[Speakerphone, Headset earpiece]
D/SoftKeyboardDetect(24874): Ignore this event
D/OpenGLRenderer(24874): Enabling debug mode 0
D/SoftKeyboardDetect(24874): Ignore this event
I/LaunchCheckinHandler( 1016): Displayed com.giftme.fb_auth/.FB_Auth,cp,ca,378
I/ActivityManager( 1016): Displayed com.giftme.fb_auth/.FB_Auth: +378ms
E/rsC++   (15991): RS Message thread exiting.
D/CordovaWebViewClient(24874): onPageStarted(file:///android_asset/www/index.html)
D/CordovaActivity(24874): onMessage(onPageStarted,file:///android_asset/www/index.html)
D/JsMessageQueue(24874): Set native->JS mode to OnlineEventsBridgeMode
D/WifiStateMachine( 1016): handleMessage: E msg.what=151572
D/WifiStateMachine( 1016): processMsg: ConnectedState
D/WifiStateMachine( 1016): processMsg: L2ConnectedState
D/WifiStateMachine( 1016): handleMessage: X
D/WifiStateMachine( 1016): handleMessage: E msg.what=131155
D/WifiStateMachine( 1016): processMsg: ConnectedState
D/WifiStateMachine( 1016): processMsg: L2ConnectedState
I/SFPerfTracer(  278):      triggers: (rate: 322:193326) (245084 sw vsyncs) (421383 skipped) (130:1124264 vsyncs) (132:1503000)
D/WifiStateMachine( 1016): handleMessage: X
D/CordovaLog(24874): file:///android_asset/www/js/app.js: Line 19 : Service initialized
I/chromium(24874): [INFO:CONSOLE(19)] "Service initialized", source: file:///android_asset/www/js/app.js (19)
D/CordovaLog(24874): file:///android_asset/www/js/app.js: Line 107 : facebookConnectPlugin not ready
I/chromium(24874): [INFO:CONSOLE(107)] "facebookConnectPlugin not ready", source: file:///android_asset/www/js/app.js (107)
D/CordovaLog(24874): https://js.stripe.com/v2/: Line 2 : You are using Stripe.js in live mode over an insecure connection. This is considered unsafe. Please conduct live requests only on sites served over https. For more info, see https://stripe.com/help/ssl
I/chromium(24874): [INFO:CONSOLE(2)] "You are using Stripe.js in live mode over an insecure connection. This is considered unsafe. Please conduct live requests only on sites served over https. For more info, see https://stripe.com/help/ssl", source: https://js.stripe.com/v2/ (2)
D/CordovaActivity(24874): onMessage(spinner,stop)
D/CordovaLog(24874): file:///android_asset/www/js/app.js: Line 118 : Uncaught ReferenceError: StatusBar is not defined
I/chromium(24874): [INFO:CONSOLE(118)] "Uncaught ReferenceError: StatusBar is not defined", source: file:///android_asset/www/js/app.js (118)
D/CordovaWebViewClient(24874): onPageFinished(file:///android_asset/www/index.html)
D/CordovaActivity(24874): onMessage(onPageFinished,file:///android_asset/www/index.html)
D/ConnectPlugin(24874): onSessionStateChange:OPENED
D/ConnectPlugin(24874): onSessionStateChange:OPENED
D/WifiStateMachine( 1016): handleMessage: E msg.what=151572
D/WifiStateMachine( 1016): processMsg: ConnectedState
D/WifiStateMachine( 1016): processMsg: L2ConnectedState
D/WifiStateMachine( 1016): handleMessage: X
I/SBar.NetworkController( 1078): onSignalStrengthsChanged SignalStrength: 6 0 -120 -160 -120 -1 -1 99 2147483647 2147483647 2147483647 2147483647 2147483647 gsm|lte 0 -108 -1 false 2 2 0 0 0 99 99 99 4 level=2
I/SBar.NetworkController( 1078): refreshSignalCluster: mobile: Signal=zz_moto_stat_sys_signal_2_fully_wide Roaming=(none) mSimIconId=(none) Accessibility="Phone two bars.","Not roaming.",""
D/WifiStateMachine( 1016): handleMessage: E msg.what=151572
D/WifiStateMachine( 1016): processMsg: ConnectedState
D/WifiStateMachine( 1016): processMsg: L2ConnectedState
D/WifiStateMachine( 1016): handleMessage: X
D/CordovaLog(24874): file:///android_asset/www/js/app.js: Line 93 : success...
I/chromium(24874): [INFO:CONSOLE(93)] "success...", source: file:///android_asset/www/js/app.js (93)
I/SFPerfTracer(  278):      triggers: (rate: 617:20958) (compose: 0:80) (post: 0:3) (render: 54:4876) (16:337767 frames) (17:1021576)
D/SFPerfTracer(  278):        layers: (3:11) (DimLayer: 0:200)* (DimLayer: 0:189)* (FocusedStackFrame: 0:7892)* (StatusBar: 0:78789) (NavigationBar: 0:55656) (DimLayer: 0:13480)* (DimLayer: 0:1568)* (com.android.wallpaper.fall.FallWallpaper: 0:87874)* (com.android.launcher/com.android.launcher2.Launcher: 0:69)* (Starting com.giftme.fb_auth: 0:31)* (com.giftme.fb_auth/com.giftme.fb_auth.FB_Auth: 17:30) 
D/CordovaLog(24874): file:///android_asset/www/js/ratchet.min.js: Line 10 : Uncaught SyntaxError: Failed to execute 'querySelector' on 'Document': '#wishlist/' is not a valid selector.
I/chromium(24874): [INFO:CONSOLE(10)] "Uncaught SyntaxError: Failed to execute 'querySelector' on 'Document': '#wishlist/' is not a valid selector.", source: file:///android_asset/www/js/ratchet.min.js (10)
D/WifiStateMachine( 1016): handleMessage: E msg.what=151572
D/WifiStateMachine( 1016): processMsg: ConnectedState
D/WifiStateMachine( 1016): processMsg: L2ConnectedState
D/WifiStateMachine( 1016): handleMessage: X
D/WifiStateMachine( 1016): handleMessage: E msg.what=131155
D/WifiStateMachine( 1016): processMsg: ConnectedState
D/WifiStateMachine( 1016): processMsg: L2ConnectedState
D/WifiStateMachine( 1016): handleMessage: X
I/ActivityManager( 1016): Process com.ghisler.android.TotalCommander (pid 23064) has died.
I/WindowState( 1016): WIN DEATH: Window{43c92b78 u0 com.ghisler.android.TotalCommander/com.ghisler.android.TotalCommander.TotalCommander}
D/WifiStateMachine( 1016): handleMessage: E msg.what=151572
D/WifiStateMachine( 1016): processMsg: ConnectedState
D/WifiStateMachine( 1016): processMsg: L2ConnectedState
D/WifiStateMachine( 1016): handleMessage: X
I/SBar.NetworkController( 1078): onSignalStrengthsChanged SignalStrength: 10 0 -120 -160 -120 -1 -1 99 2147483647 2147483647 2147483647 2147483647 2147483647 gsm|lte 0 -108 -1 false 3 3 0 0 0 99 99 99 4 level=3
D/Ulp_jni ( 1016): Location CB invoked
D/CordovaWebView(24874): The current URL is: file:///android_asset/www/index.html#wishlist/
D/CordovaWebView(24874): The URL at item 0 is: file:///android_asset/www/index.html
D/WifiStateMachine( 1016): handleMessage: E msg.what=151572
D/WifiStateMachine( 1016): processMsg: ConnectedState
D/WifiStateMachine( 1016): processMsg: L2ConnectedState
D/WifiStateMachine( 1016): handleMessage: X
I/SBar.NetworkController( 1078): refreshSignalCluster: mobile: Signal=zz_moto_stat_sys_signal_3_fully_wide Roaming=(none) mSimIconId=(none) Accessibility="Phone three bars.","Not roaming.",""
D/WifiStateMachine( 1016): handleMessage: E msg.what=151572
D/WifiStateMachine( 1016): processMsg: ConnectedState
D/WifiStateMachine( 1016): processMsg: L2ConnectedState
D/WifiStateMachine( 1016): handleMessage: X
D/WifiStateMachine( 1016): handleMessage: E msg.what=131155
D/WifiStateMachine( 1016): processMsg: ConnectedState
D/WifiStateMachine( 1016): processMsg: L2ConnectedState
D/WifiStateMachine( 1016): handleMessage: X
I/SFPerfTracer(  278):      triggers: (rate: 322:193326) (245084 sw vsyncs) (421383 skipped) (35:1124348 vsyncs) (37:1503109)
D/WifiStateMachine( 1016): handleMessage: E msg.what=151572
D/WifiStateMachine( 1016): processMsg: ConnectedState
D/WifiStateMachine( 1016): processMsg: L2ConnectedState
D/WifiStateMachine( 1016): handleMessage: X
D/WifiStateMachine( 1016): handleMessage: E msg.what=151572
D/WifiStateMachine( 1016): processMsg: ConnectedState
D/WifiStateMachine( 1016): processMsg: L2ConnectedState
D/WifiStateMachine( 1016): handleMessage: X
D/WifiStateMachine( 1016): handleMessage: E msg.what=151572
D/WifiStateMachine( 1016): processMsg: ConnectedState
D/WifiStateMachine( 1016): processMsg: L2ConnectedState
D/WifiStateMachine( 1016): handleMessage: X
D/WifiStateMachine( 1016): handleMessage: E msg.what=131155
D/WifiStateMachine( 1016): processMsg: ConnectedState
D/WifiStateMachine( 1016): processMsg: L2ConnectedState
D/WifiStateMachine( 1016): handleMessage: X
D/CordovaLog(24874): file:///android_asset/www/js/ratchet.min.js: Line 10 : Uncaught SyntaxError: Failed to execute 'querySelector' on 'Document': '#home/' is not a valid selector.
I/chromium(24874): [INFO:CONSOLE(10)] "Uncaught SyntaxError: Failed to execute 'querySelector' on 'Document': '#home/' is not a valid selector.", source: file:///android_asset/www/js/ratchet.min.js (10)
D/dalvikvm( 1016): GC_EXPLICIT freed 4463K, 35% free 27439K/41736K, paused 4ms+19ms, total 175ms
D/WifiStateMachine( 1016): handleMessage: E msg.what=151572
D/WifiStateMachine( 1016): processMsg: ConnectedState
D/WifiStateMachine( 1016): processMsg: L2ConnectedState
D/WifiStateMachine( 1016): handleMessage: X
D/CordovaLog(24874): file:///android_asset/www/js/ratchet.min.js: Line 10 : Uncaught SyntaxError: Failed to execute 'querySelector' on 'Document': '#friends/' is not a valid selector.
I/chromium(24874): [INFO:CONSOLE(10)] "Uncaught SyntaxError: Failed to execute 'querySelector' on 'Document': '#friends/' is not a valid selector.", source: file:///android_asset/www/js/ratchet.min.js (10)
D/ConnectPlugin(24874): activity result in plugin: requestCode(0), resultCode(0)
I/ActivityManager( 1016): START u0 {act=SSO_WITH_FALLBACK cmp=com.giftme.fb_auth/com.facebook.LoginActivity (has extras)} from pid 24874
D/CordovaActivity(24874): Paused the application!
D/CordovaWebView(24874): Handle the pause
W/ContextImpl( 1231): Calling a method in the system process without a qualified user: android.app.ContextImpl.sendBroadcast:1252 android.content.ContextWrapper.sendBroadcast:365 com.motorola.motocare.util.TriggerHelper$TriggerBuilder.send:76 com.motorola.motocare.internal.frameworkevents.PauseResumeTrigger.handleFrameworkEvent:53 com.motorola.motocare.internal.frameworkevents.FwEventMonitor$FrameworkListener.processFrameworkEvent:114 
W/ContextImpl( 1231): Calling a method in the system process without a qualified user: android.app.ContextImpl.sendBroadcast:1252 android.content.ContextWrapper.sendBroadcast:365 com.motorola.motocare.util.TriggerHelper$TriggerBuilder.send:76 com.motorola.motocare.internal.frameworkevents.PauseResumeTrigger.handleFrameworkEvent:53 com.motorola.motocare.internal.frameworkevents.FwEventMonitor$FrameworkListener.processFrameworkEvent:114 
W/PluginManager(24874): THREAD WARNING: exec() call to FacebookConnectPlugin.graphApi blocked the main thread for 87ms. Plugin should use CordovaInterface.getThreadPool().
V/PhoneStatusBar( 1078): setLightsOn(true)
I/LaunchCheckinHandler( 1016): Displayed com.giftme.fb_auth/com.facebook.LoginActivity,wp,ca,133
I/ActivityManager( 1016): Displayed com.giftme.fb_auth/com.facebook.LoginActivity: +133ms
D/WifiStateMachine( 1016): handleMessage: E msg.what=151572
D/WifiStateMachine( 1016): processMsg: ConnectedState
D/WifiStateMachine( 1016): processMsg: L2ConnectedState
D/WifiStateMachine( 1016): handleMessage: X
W/ContextImpl( 1231): Calling a method in the system process without a qualified user: android.app.ContextImpl.sendBroadcast:1252 android.content.ContextWrapper.sendBroadcast:365 com.motorola.motocare.util.TriggerHelper$TriggerBuilder.send:76 com.motorola.motocare.internal.frameworkevents.PauseResumeTrigger.handleFrameworkEvent:53 com.motorola.motocare.internal.frameworkevents.FwEventMonitor$FrameworkListener.processFrameworkEvent:114 
V/PhoneStatusBar( 1078): setLightsOn(true)
W/ContextImpl( 1231): Calling a method in the system process without a qualified user: android.app.ContextImpl.sendBroadcast:1252 android.content.ContextWrapper.sendBroadcast:365 com.motorola.motocare.util.TriggerHelper$TriggerBuilder.send:76 com.motorola.motocare.internal.frameworkevents.PauseResumeTrigger.handleFrameworkEvent:53 com.motorola.motocare.internal.frameworkevents.FwEventMonitor$FrameworkListener.processFrameworkEvent:114 
D/CordovaActivity(24874): Incoming Result. Request code = 64206
D/CordovaActivity(24874): We have a callback to send this result to
D/ConnectPlugin(24874): activity result in plugin: requestCode(64206), resultCode(-1)
D/CordovaActivity(24874): Resuming the App
I/SFPerfTracer(  278):      triggers: (rate: 617:20958) (compose: 0:80) (post: 0:3) (render: 54:4876) (2:337784 frames) (3:1021677)
D/SFPerfTracer(  278):        layers: (3:10) (DimLayer: 0:200)* (DimLayer: 0:189)* (FocusedStackFrame: 0:7896)* (StatusBar: 0:78798) (NavigationBar: 0:55691) (DimLayer: 0:13480)* (DimLayer: 0:1568)* (com.android.wallpaper.fall.FallWallpaper: 0:87874)* (com.giftme.fb_auth/com.giftme.fb_auth.FB_Auth: 0:63) (com.giftme.fb_auth/com.facebook.LoginActivity: 3:26)* 
D/WifiStateMachine( 1016): handleMessage: E msg.what=151572
D/WifiStateMachine( 1016): processMsg: ConnectedState
D/WifiStateMachine( 1016): processMsg: L2ConnectedState
D/WifiStateMachine( 1016): handleMessage: X
D/WifiStateMachine( 1016): handleMessage: E msg.what=131155
D/WifiStateMachine( 1016): processMsg: ConnectedState
D/WifiStateMachine( 1016): processMsg: L2ConnectedState
D/WifiStateMachine( 1016): handleMessage: X
D/CordovaWebView(24874): The current URL is: file:///android_asset/www/index.html#friends/
D/CordovaWebView(24874): The URL at item 0 is: file:///android_asset/www/index.html
I/SFPerfTracer(  278):      triggers: (rate: 322:193326) (245084 sw vsyncs) (421383 skipped) (15:1124439 vsyncs) (17:1503225)
D/WifiStateMachine( 1016): handleMessage: E msg.what=151572
D/WifiStateMachine( 1016): processMsg: ConnectedState
D/WifiStateMachine( 1016): processMsg: L2ConnectedState
D/WifiStateMachine( 1016): handleMessage: X
D/WifiStateMachine( 1016): handleMessage: E msg.what=151572
D/WifiStateMachine( 1016): processMsg: ConnectedState
D/WifiStateMachine( 1016): processMsg: L2ConnectedState
D/WifiStateMachine( 1016): handleMessage: X
D/Ulp_jni ( 1016): Location CB invoked
D/WifiStateMachine( 1016): handleMessage: E msg.what=151572
D/WifiStateMachine( 1016): processMsg: ConnectedState
D/WifiStateMachine( 1016): processMsg: L2ConnectedState
D/WifiStateMachine( 1016): handleMessage: X
D/WifiStateMachine( 1016): handleMessage: E msg.what=131155
D/WifiStateMachine( 1016): processMsg: ConnectedState
D/WifiStateMachine( 1016): processMsg: L2ConnectedState
D/WifiStateMachine( 1016): handleMessage: X
D/CordovaLog(24874): file:///android_asset/www/js/ratchet.min.js: Line 10 : Uncaught SyntaxError: Failed to execute 'querySelector' on 'Document': '#wishlist/' is not a valid selector.
I/chromium(24874): [INFO:CONSOLE(10)] "Uncaught SyntaxError: Failed to execute 'querySelector' on 'Document': '#wishlist/' is not a valid selector.", source: file:///android_asset/www/js/ratchet.min.js (10)
D/WifiStateMachine( 1016): handleMessage: E msg.what=151572
D/WifiStateMachine( 1016): processMsg: ConnectedState
D/WifiStateMachine( 1016): processMsg: L2ConnectedState
D/WifiStateMachine( 1016): handleMessage: X
D/CordovaWebView(24874): The current URL is: file:///android_asset/www/index.html#wishlist/
D/CordovaWebView(24874): The URL at item 0 is: file:///android_asset/www/index.html
D/WifiStateMachine( 1016): handleMessage: E msg.what=151572
D/WifiStateMachine( 1016): processMsg: ConnectedState
D/WifiStateMachine( 1016): processMsg: L2ConnectedState
D/WifiStateMachine( 1016): handleMessage: X
I/SFPerfTracer(  278):      triggers: (rate: 322:193326) (245084 sw vsyncs) (421383 skipped) (42:1124544 vsyncs) (44:1503344)
D/CordovaLog(24874): file:///android_asset/www/js/ratchet.min.js: Line 10 : Uncaught SyntaxError: Failed to execute 'querySelector' on 'Document': '#friends/' is not a valid selector.
I/chromium(24874): [INFO:CONSOLE(10)] "Uncaught SyntaxError: Failed to execute 'querySelector' on 'Document': '#friends/' is not a valid selector.", source: file:///android_asset/www/js/ratchet.min.js (10)
E/PluginManager(24874): Uncaught exception from plugin
E/PluginManager(24874): java.lang.UnsupportedOperationException: Session: an attempt was made to request new permissions for a session that has a pending request.
E/PluginManager(24874): 	at com.facebook.Session.requestNewPermissions(Session.java:1248)
E/PluginManager(24874): 	at com.facebook.Session.requestNewReadPermissions(Session.java:575)
E/PluginManager(24874): 	at org.apache.cordova.facebook.ConnectPlugin.execute(ConnectPlugin.java:508)
E/PluginManager(24874): 	at org.apache.cordova.CordovaPlugin.execute(CordovaPlugin.java:84)
E/PluginManager(24874): 	at org.apache.cordova.PluginManager.exec(PluginManager.java:151)
E/PluginManager(24874): 	at org.apache.cordova.CordovaBridge.jsExec(CordovaBridge.java:63)
E/PluginManager(24874): 	at org.apache.cordova.ExposedJsApi.exec(ExposedJsApi.java:40)
E/PluginManager(24874): 	at com.android.org.chromium.base.SystemMessageHandler.nativeDoRunLoopOnce(Native Method)
E/PluginManager(24874): 	at com.android.org.chromium.base.SystemMessageHandler.handleMessage(SystemMessageHandler.java:24)
E/PluginManager(24874): 	at android.os.Handler.dispatchMessage(Handler.java:102)
E/PluginManager(24874): 	at android.os.Looper.loop(Looper.java:136)
E/PluginManager(24874): 	at android.os.HandlerThread.run(HandlerThread.java:61)
D/CordovaLog(24874): file:///android_asset/www/js/FriendsView.js: Line 18 : Session: an attempt was made to request new permissions for a session that has a pending request.
I/chromium(24874): [INFO:CONSOLE(18)] "Session: an attempt was made to request new permissions for a session that has a pending request.", source: file:///android_asset/www/js/FriendsView.js (18)
D/dalvikvm( 1078): GC_EXPLICIT freed 3125K, 34% free 14188K/21320K, paused 13ms+8ms, total 73ms
D/WifiStateMachine( 1016): handleMessage: E msg.what=151572
D/WifiStateMachine( 1016): processMsg: ConnectedState
D/WifiStateMachine( 1016): processMsg: L2ConnectedState
D/WifiStateMachine( 1016): handleMessage: X
D/WifiStateMachine( 1016): handleMessage: E msg.what=131155
D/WifiStateMachine( 1016): processMsg: ConnectedState
D/WifiStateMachine( 1016): processMsg: L2ConnectedState
D/WifiStateMachine( 1016): handleMessage: X
I/SBar.NetworkController( 1078): refreshSignalCluster: wifi: mWifiConnected=true Wifi=zz_moto_stat_sys_wifi_signal_4_fully_wide Activity=(none) in=false out=false Accessibility="Wi-Fi signal full."
I/SBar.NetworkController( 1078): refreshSignalCluster: mobile: mHasMobileDataFeature=true DataTypeShown=(none) Activity=(none) in=false out=false Accessibility="3G"
V/AlarmManager( 1016): sending alarm Alarm{42882620 type 2 android}
D/WifiStateMachine( 1016): handleMessage: E msg.what=196612
D/WifiStateMachine( 1016): processMsg: ConnectedState
D/WifiStateMachine( 1016): processMsg: L2ConnectedState
D/WifiStateMachine( 1016): setSuspendOptimizationsNative: 1 false
E/WifiStateMachine( 1016): Unexpected BatchedScanResults :OK
D/WifiP2pService( 1016): InactiveState{ when=0 what=143375 arg1=1 arg2=196615 obj=android.net.DhcpStateMachine@4290d258 target=com.android.internal.util.StateMachine$SmHandler }
D/WifiP2pService( 1016): P2pEnabledState{ when=0 what=143375 arg1=1 arg2=196615 obj=android.net.DhcpStateMachine@4290d258 target=com.android.internal.util.StateMachine$SmHandler }
D/WifiStateMachine( 1016): handleMessage: X
D/WifiStateMachine( 1016): handleMessage: E msg.what=151572
D/WifiStateMachine( 1016): processMsg: ConnectedState
D/WifiStateMachine( 1016): processMsg: L2ConnectedState
D/WifiStateMachine( 1016): handleMessage: X
D/WifiStateMachine( 1016): handleMessage: E msg.what=196613
D/WifiStateMachine( 1016): processMsg: ConnectedState
D/WifiStateMachine( 1016): processMsg: L2ConnectedState
D/WifiStateMachine( 1016): setSuspendOptimizationsNative: 1 true
D/WifiP2pService( 1016): InactiveState{ when=0 what=143375 target=com.android.internal.util.StateMachine$SmHandler }
D/WifiP2pService( 1016): P2pEnabledState{ when=0 what=143375 target=com.android.internal.util.StateMachine$SmHandler }
D/WifiStateMachine( 1016): DHCP successful
D/WifiStateMachine( 1016): Calling ARP set with IP = 192.168.1.13
D/WifiStateMachine( 1016): transitionTo: destState=VerifyingLinkState
D/WifiStateMachine( 1016): handleMessage: new destination call exit/enter
D/WifiStateMachine( 1016): setupTempStateStackWithStatesToEnter: X mTempStateStackCount=1,curStateInfo: state=L2ConnectedState,active=true,parent=ConnectModeState
D/WifiStateMachine( 1016): invokeExitMethods: ConnectedState
D/WifiStateMachine( 1016): moveTempStackToStateStack: i=0,j=5
D/WifiStateMachine( 1016): moveTempStackToStateStack: X mStateStackTop=5,startingIndex=5,Top=VerifyingLinkState
D/WifiStateMachine( 1016): invokeEnterMethods: VerifyingLinkState
D/WifiStateMachine( 1016): VerifyingLinkState enter
D/WifiStateMachine( 1016): setDetailed state, old =CONNECTED and new state=VERIFYING_POOR_LINK
I/SBar.NetworkController( 1078): onReceive: WifiManager.NETWORK_STATE_CHANGED_ACTION Received
I/SBar.NetworkController( 1078): refreshSignalCluster: wifi: mWifiConnected=false Wifi=zz_moto_stat_sys_wifi_signal_null_wide Activity=(none) in=false out=false Accessibility="Wi-Fi disconnected."
D/WifiStateMachine( 1016): moveDeferredMessageAtFrontOfQueue; what=131152
D/WifiStateMachine( 1016): moveDeferredMessageAtFrontOfQueue; what=131152
D/WifiStateMachine( 1016): moveDeferredMessageAtFrontOfQueue; what=131152
D/WifiStateMachine( 1016): moveDeferredMessageAtFrontOfQueue; what=131152
D/WifiStateMachine( 1016): handleMessage: X
D/WifiStateMachine( 1016): handleMessage: E msg.what=131152
D/WifiStateMachine( 1016): processMsg: VerifyingLinkState
D/WifiStateMachine( 1016): VerifyingLinkState what=131152 NOT_HANDLED
D/WifiStateMachine( 1016): processMsg: L2ConnectedState
D/WifiStateMachine( 1016): deferMessage: msg=131152
D/WifiStateMachine( 1016): handleMessage: X
D/WifiStateMachine( 1016): handleMessage: E msg.what=131152
D/WifiStateMachine( 1016): processMsg: VerifyingLinkState
D/WifiStateMachine( 1016): VerifyingLinkState what=131152 NOT_HANDLED
D/WifiStateMachine( 1016): processMsg: L2ConnectedState
D/WifiStateMachine( 1016): deferMessage: msg=131152
D/WifiStateMachine( 1016): handleMessage: X
D/WifiStateMachine( 1016): handleMessage: E msg.what=131152
D/WifiStateMachine( 1016): processMsg: VerifyingLinkState
D/WifiStateMachine( 1016): VerifyingLinkState what=131152 NOT_HANDLED
D/WifiStateMachine( 1016): processMsg: L2ConnectedState
D/WifiStateMachine( 1016): deferMessage: msg=131152
D/WifiStateMachine( 1016): handleMessage: X
D/WifiStateMachine( 1016): handleMessage: E msg.what=131152
D/WifiStateMachine( 1016): processMsg: VerifyingLinkState
D/WifiStateMachine( 1016): VerifyingLinkState what=131152 NOT_HANDLED
D/WifiStateMachine( 1016): processMsg: L2ConnectedState
D/WifiStateMachine( 1016): deferMessage: msg=131152
D/WifiStateMachine( 1016): handleMessage: X
D/WifiStateMachine( 1016): handleMessage: E msg.what=151572
D/WifiStateMachine( 1016): processMsg: VerifyingLinkState
D/WifiStateMachine( 1016): VerifyingLinkState what=151572 NOT_HANDLED
D/WifiStateMachine( 1016): processMsg: L2ConnectedState
I/SBar.NetworkController( 1078): onReceive: WifiManager.RSSI_CHANGED_ACTION Received
D/WifiStateMachine( 1016): handleMessage: X
D/WifiStateMachine( 1016): handleMessage: E msg.what=135190
D/WifiStateMachine( 1016): processMsg: VerifyingLinkState
D/WifiStateMachine( 1016): VerifyingLinkState GOOD_LINK_DETECTED: transition to captive portal check
D/WifiStateMachine( 1016): transitionTo: destState=CaptivePortalCheckState
D/WifiStateMachine( 1016): handleMessage: new destination call exit/enter
D/WifiStateMachine( 1016): setupTempStateStackWithStatesToEnter: X mTempStateStackCount=1,curStateInfo: state=L2ConnectedState,active=true,parent=ConnectModeState
D/WifiStateMachine( 1016): invokeExitMethods: VerifyingLinkState
D/WifiStateMachine( 1016): moveTempStackToStateStack: i=0,j=5
D/WifiStateMachine( 1016): moveTempStackToStateStack: X mStateStackTop=5,startingIndex=5,Top=CaptivePortalCheckState
D/WifiStateMachine( 1016): invokeEnterMethods: CaptivePortalCheckState
D/WifiStateMachine( 1016): CaptivePortalCheckState enter
D/WifiStateMachine( 1016): setDetailed state, old =VERIFYING_POOR_LINK and new state=CAPTIVE_PORTAL_CHECK
D/ConnectivityService( 1016): Captive portal check NetworkInfo: type: WIFI[], state: CONNECTING/CAPTIVE_PORTAL_CHECK, reason: (unspecified), extra: "Moulin Rouge", roaming: false, failover: false, isAvailable: true, isConnectedToProvisioningNetwork: false
D/ConnectivityService( 1016): handleCaptivePortalTrackerCheck: call captivePortalCheckComplete ni=NetworkInfo: type: WIFI[], state: CONNECTING/CAPTIVE_PORTAL_CHECK, reason: (unspecified), extra: "Moulin Rouge", roaming: false, failover: false, isAvailable: true, isConnectedToProvisioningNetwork: false
D/ConnectivityService( 1016): Captive portal check NetworkInfo: type: WIFI[], state: CONNECTING/CAPTIVE_PORTAL_CHECK, reason: (unspecified), extra: "Moulin Rouge", roaming: false, failover: false, isAvailable: true, isConnectedToProvisioningNetwork: false
D/ConnectivityService( 1016): handleCaptivePortalTrackerCheck: call captivePortalCheckComplete ni=NetworkInfo: type: WIFI[], state: CONNECTING/CAPTIVE_PORTAL_CHECK, reason: (unspecified), extra: "Moulin Rouge", roaming: false, failover: false, isAvailable: true, isConnectedToProvisioningNetwork: false
D/WifiStateMachine( 1016): moveDeferredMessageAtFrontOfQueue; what=131152
D/WifiStateMachine( 1016): moveDeferredMessageAtFrontOfQueue; what=131152
D/WifiStateMachine( 1016): moveDeferredMessageAtFrontOfQueue; what=131152
D/WifiStateMachine( 1016): moveDeferredMessageAtFrontOfQueue; what=131152
D/WifiStateMachine( 1016): handleMessage: X
D/WifiStateMachine( 1016): handleMessage: E msg.what=131152
D/WifiStateMachine( 1016): processMsg: CaptivePortalCheckState
D/WifiStateMachine( 1016): processMsg: L2ConnectedState
D/WifiStateMachine( 1016): deferMessage: msg=131152
D/WifiStateMachine( 1016): handleMessage: X
D/WifiStateMachine( 1016): handleMessage: E msg.what=131152
D/WifiStateMachine( 1016): processMsg: CaptivePortalCheckState
D/WifiStateMachine( 1016): processMsg: L2ConnectedState
D/WifiStateMachine( 1016): deferMessage: msg=131152
D/WifiStateMachine( 1016): handleMessage: X
D/WifiStateMachine( 1016): handleMessage: E msg.what=131152
D/WifiStateMachine( 1016): processMsg: CaptivePortalCheckState
D/WifiStateMachine( 1016): processMsg: L2ConnectedState
D/WifiStateMachine( 1016): deferMessage: msg=131152
D/WifiStateMachine( 1016): handleMessage: X
D/WifiStateMachine( 1016): handleMessage: E msg.what=131152
D/WifiStateMachine( 1016): processMsg: CaptivePortalCheckState
D/WifiStateMachine( 1016): processMsg: L2ConnectedState
D/WifiStateMachine( 1016): deferMessage: msg=131152
D/WifiStateMachine( 1016): handleMessage: X
D/WifiStateMachine( 1016): handleMessage: E msg.what=131092
D/WifiStateMachine( 1016): processMsg: CaptivePortalCheckState
D/WifiStateMachine( 1016): CaptivePortalCheckState CMD_CAPTIVE_CHECK_COMPLETE
I/SBar.NetworkController( 1078): onReceive: WifiManager.NETWORK_STATE_CHANGED_ACTION Received
D/WifiStateMachine( 1016): setDetailed state, old =CAPTIVE_PORTAL_CHECK and new state=CONNECTED
D/ConnectivityService( 1016): ConnectivityChange for WIFI: CONNECTED/CONNECTED
I/SFPerfTracer(  278):      triggers: (rate: 617:20958) (compose: 0:80) (post: 0:3) (render: 54:4876) (0:337784 frames) (1:1021777)
D/SFPerfTracer(  278):        layers: (3:9) (DimLayer: 0:200)* (DimLayer: 0:189)* (FocusedStackFrame: 0:7896)* (StatusBar: 1:78804) (NavigationBar: 0:55759) (DimLayer: 0:13480)* (DimLayer: 0:1568)* (com.android.wallpaper.fall.FallWallpaper: 0:87874)* (com.giftme.fb_auth/com.giftme.fb_auth.FB_Auth: 0:117) 
V/ConnectivityService( 1016): WiFi NOT Tethered!
E/ConnectivityService( 1016): Unexpected mtu value: android.net.wifi.WifiStateTracker@42f7b6f8
I/GCoreUlr(31965): Wifi connected, attempting upload
I/GCoreUlr(31965): Starting service, intent=Intent { act=com.google.android.location.reporting.WIFI_TRIGGERED_UPLOAD cmp=com.google.android.gms/com.google.android.location.reporting.service.DispatchingService }, extras=null
D/WifiStateMachine( 1016): transitionTo: destState=ConnectedState
D/WifiStateMachine( 1016): handleMessage: new destination call exit/enter
D/WifiStateMachine( 1016): setupTempStateStackWithStatesToEnter: X mTempStateStackCount=1,curStateInfo: state=L2ConnectedState,active=true,parent=ConnectModeState
D/WifiStateMachine( 1016): invokeExitMethods: CaptivePortalCheckState
D/WifiStateMachine( 1016): moveTempStackToStateStack: i=0,j=5
D/WifiStateMachine( 1016): moveTempStackToStateStack: X mStateStackTop=5,startingIndex=5,Top=ConnectedState
I/SBar.NetworkController( 1078): onReceive: WifiManager.NETWORK_STATE_CHANGED_ACTION Received
D/WifiStateMachine( 1016): invokeEnterMethods: ConnectedState
D/WifiStateMachine( 1016): moveDeferredMessageAtFrontOfQueue; what=131152
D/WifiStateMachine( 1016): moveDeferredMessageAtFrontOfQueue; what=131152
D/WifiStateMachine( 1016): moveDeferredMessageAtFrontOfQueue; what=131152
D/WifiStateMachine( 1016): moveDeferredMessageAtFrontOfQueue; what=131152
D/WifiStateMachine( 1016): handleMessage: X
D/WifiStateMachine( 1016): handleMessage: E msg.what=131152
D/WifiStateMachine( 1016): processMsg: ConnectedState
D/WifiStateMachine( 1016): processMsg: L2ConnectedState
D/WifiStateMachine( 1016): deferMessage: msg=131152
D/WifiStateMachine( 1016): handleMessage: X
