D/WifiStateMachine( 1016): processMsg: L2ConnectedState
D/WifiStateMachine( 1016): handleMessage: X
I/GAV2    (24021): Thread[GAThread,5,main]: No campaign data found.
D/WifiStateMachine( 1016): handleMessage: E msg.what=151572
D/WifiStateMachine( 1016): processMsg: ConnectedState
D/WifiStateMachine( 1016): processMsg: L2ConnectedState
D/WifiStateMachine( 1016): handleMessage: X
D/WifiStateMachine( 1016): handleMessage: E msg.what=131155
D/WifiStateMachine( 1016): processMsg: ConnectedState
D/WifiStateMachine( 1016): processMsg: L2ConnectedState
D/WifiStateMachine( 1016): handleMessage: X
I/ConfigService(30376): onDestroy
I/GAV2    (24164): Thread[GAThread,5,main]: No campaign data found.
D/WifiStateMachine( 1016): handleMessage: E msg.what=151572
D/WifiStateMachine( 1016): processMsg: ConnectedState
D/WifiStateMachine( 1016): processMsg: L2ConnectedState
D/WifiStateMachine( 1016): handleMessage: X
D/WifiStateMachine( 1016): handleMessage: E msg.what=151572
D/WifiStateMachine( 1016): processMsg: ConnectedState
D/WifiStateMachine( 1016): processMsg: L2ConnectedState
D/WifiStateMachine( 1016): handleMessage: X
I/ActivityManager( 1016): START u0 {act=com.android.systemui.recent.action.TOGGLE_RECENTS flg=0x10800000 cmp=com.android.systemui/.recent.RecentsActivity (has extras)} from pid 1078
W/ContextImpl( 1231): Calling a method in the system process without a qualified user: android.app.ContextImpl.sendBroadcast:1252 android.content.ContextWrapper.sendBroadcast:365 com.motorola.motocare.util.TriggerHelper$TriggerBuilder.send:76 com.motorola.motocare.internal.frameworkevents.PauseResumeTrigger.handleFrameworkEvent:53 com.motorola.motocare.internal.frameworkevents.FwEventMonitor$FrameworkListener.processFrameworkEvent:114 
D/CordovaActivity(24094): Paused the application!
D/CordovaWebView(24094): Handle the pause
W/ContextImpl( 1231): Calling a method in the system process without a qualified user: android.app.ContextImpl.sendBroadcast:1252 android.content.ContextWrapper.sendBroadcast:365 com.motorola.motocare.util.TriggerHelper$TriggerBuilder.send:76 com.motorola.motocare.internal.frameworkevents.PauseResumeTrigger.handleFrameworkEvent:53 com.motorola.motocare.internal.frameworkevents.FwEventMonitor$FrameworkListener.processFrameworkEvent:114 
D/dalvikvm( 1078): GC_CONCURRENT freed 482K, 26% free 15058K/20252K, paused 5ms+3ms, total 30ms
D/dalvikvm( 1078): WAIT_FOR_CONCURRENT_GC blocked 8ms
D/dalvikvm( 1078): WAIT_FOR_CONCURRENT_GC blocked 7ms
D/dalvikvm( 1078): WAIT_FOR_CONCURRENT_GC blocked 22ms
W/InputMethodManagerService( 1016): Starting input on non-focused client com.android.internal.view.IInputMethodClient$Stub$Proxy@43453ab8 (uid=10106 pid=24094)
W/IInputConnectionWrapper(24094): showStatusIcon on inactive InputConnection
D/dalvikvm( 1078): GC_FOR_ALLOC freed 432K, 24% free 15540K/20252K, paused 20ms, total 20ms
I/LaunchCheckinHandler( 1016): Displayed com.android.systemui/.recent.RecentsActivity,wp,wa,111
D/dalvikvm( 1078): GC_FOR_ALLOC freed 9K, 22% free 15941K/20252K, paused 24ms, total 25ms
I/dalvikvm-heap( 1078): Grow heap (frag case) to 18.028MB for 380496-byte allocation
I/SFPerfTracer(  278):      triggers: (rate: 30:28037) (87723 sw vsyncs) (49244 skipped) (26:138848 vsyncs) (28:243586)
W/BroadcastQueue( 1016): Permission Denial: broadcasting Intent { act=android.net.conn.INET_CONDITION_ACTION flg=0x4000010 (has extras) } from null (pid=-1, uid=-1) requires com.facebook.permission.prod.FB_APP_COMMUNICATION due to registered receiver BroadcastFilter{42fccb30 u0 ReceiverList{42fb9138 24241 com.facebook.katana/10110/u0 remote:42965450}}
W/BroadcastQueue( 1016): Permission Denial: broadcasting Intent { act=android.net.conn.CONNECTIVITY_CHANGE flg=0x4000010 (has extras) } from null (pid=-1, uid=-1) requires com.facebook.permission.prod.FB_APP_COMMUNICATION due to registered receiver BroadcastFilter{42fccb30 u0 ReceiverList{42fb9138 24241 com.facebook.katana/10110/u0 remote:42965450}}
W/dalvikvm(24241): Unable to resolve superclass of Lcom/facebook/push/adm/ADMBroadcastReceiver; (403)
W/dalvikvm(24241): Link of class 'Lcom/facebook/push/adm/ADMBroadcastReceiver;' failed
E/dalvikvm(24241): Could not find class 'com.facebook.push.adm.ADMBroadcastReceiver', referenced from method com.facebook.push.adm.ADMPushManager.b
W/dalvikvm(24241): VFY: unable to resolve const-class 9460 (Lcom/facebook/push/adm/ADMBroadcastReceiver;) in Lcom/facebook/push/adm/ADMPushManager;
D/dalvikvm(24241): VFY: replacing opcode 0x1c at 0x000e
E/fb4a(:<default>):FbWallpaperService(24241): com.facebook.wallpaper.wallpaperprocess.FbWallpaperService
W/fb4a(:<default>):AbstractMqttPushService(24241): Attempt to start service that is already started
D/WifiStateMachine( 1016): handleMessage: E msg.what=151572
D/WifiStateMachine( 1016): processMsg: ConnectedState
D/WifiStateMachine( 1016): processMsg: L2ConnectedState
D/WifiStateMachine( 1016): handleMessage: X
D/WifiStateMachine( 1016): handleMessage: E msg.what=131155
D/WifiStateMachine( 1016): processMsg: ConnectedState
D/WifiStateMachine( 1016): processMsg: L2ConnectedState
D/WifiStateMachine( 1016): handleMessage: X
D/dalvikvm(24241): GC_CONCURRENT freed 4242K, 25% free 12945K/17224K, paused 5ms+5ms, total 52ms
D/dalvikvm(24241): WAIT_FOR_CONCURRENT_GC blocked 40ms
I/SFPerfTracer(  278):      triggers: (rate: 36:2700) (compose: 0:12) (post: 0:2) (render: 8:390) (0:52045 frames) (1:139946)
D/SFPerfTracer(  278):        layers: (3:12) (DimLayer: 0:65)* (DimLayer: 0:23)* (FocusedStackFrame: 0:1303)* (StatusBar: 0:7579) (NavigationBar: 0:9434) (DimLayer: 0:2011)* (DimLayer: 0:233)* (com.android.wallpaper.fall.FallWallpaper: 0:15915)* (com.giftme.fb_auth/com.giftme.fb_auth.FB_Auth: 0:75)* (com.giftme.fb_auth/com.giftme.fb_auth.FB_Auth: 0:32)* (com.android.systemui/com.android.systemui.recent.RecentsActivity: 1:23) (thumbnail anim: 0:16)* 
W/BroadcastQueue( 1016): Permission Denial: broadcasting Intent { act=android.net.conn.CONNECTIVITY_CHANGE flg=0x4000010 (has extras) } from null (pid=-1, uid=-1) requires com.facebook.permission.prod.FB_APP_COMMUNICATION due to registered receiver BroadcastFilter{42b56b70 u0 ReceiverList{42bf2718 24241 com.facebook.katana/10110/u0 remote:428ef8c8}}
D/GcOptimizer(24241): Configure for next cold start: enable
I/ActivityManager( 1016): Killing 24108:com.google.android.partnersetup/u0a25 (adj 15): empty #9
I/ActivityManager( 1016): Killing 24094:com.giftme.fb_auth/u0a106 (adj 9): remove task
W/ContextImpl( 1231): Calling a method in the system process without a qualified user: android.app.ContextImpl.sendBroadcast:1252 android.content.ContextWrapper.sendBroadcast:365 com.motorola.motocare.util.TriggerHelper$TriggerBuilder.send:76 com.motorola.motocare.internal.frameworkevents.ProcessKillTrigger.sendTrigger:147 com.motorola.motocare.internal.frameworkevents.ProcessKillTrigger.handleFrameworkEvent:164 
W/ContextImpl( 1231): Calling a method in the system process without a qualified user: android.app.ContextImpl.sendBroadcast:1252 android.content.ContextWrapper.sendBroadcast:365 com.motorola.motocare.util.TriggerHelper$TriggerBuilder.send:76 com.motorola.motocare.internal.frameworkevents.ProcessKillTrigger.sendTrigger:147 com.motorola.motocare.internal.frameworkevents.ProcessKillTrigger.handleFrameworkEvent:164 
I/WindowState( 1016): WIN DEATH: Window{4291bec0 u0 com.giftme.fb_auth/com.giftme.fb_auth.FB_Auth}
I/ActivityManager( 1016): START u0 {act=android.intent.action.MAIN cat=[android.intent.category.HOME] flg=0x10200000 cmp=com.android.launcher/com.android.launcher2.Launcher} from pid 1016
W/ContextImpl( 1231): Calling a method in the system process without a qualified user: android.app.ContextImpl.sendBroadcast:1252 android.content.ContextWrapper.sendBroadcast:365 com.motorola.motocare.util.TriggerHelper$TriggerBuilder.send:76 com.motorola.motocare.internal.frameworkevents.PauseResumeTrigger.handleFrameworkEvent:53 com.motorola.motocare.internal.frameworkevents.FwEventMonitor$FrameworkListener.processFrameworkEvent:114 
W/ContextImpl( 1231): Calling a method in the system process without a qualified user: android.app.ContextImpl.sendBroadcast:1252 android.content.ContextWrapper.sendBroadcast:365 com.motorola.motocare.util.TriggerHelper$TriggerBuilder.send:76 com.motorola.motocare.internal.frameworkevents.PauseResumeTrigger.handleFrameworkEvent:53 com.motorola.motocare.internal.frameworkevents.FwEventMonitor$FrameworkListener.processFrameworkEvent:114 
E/AppsCustomizePagedView(30757): Widget ComponentInfo{com.devexpert.weather/com.devexpert.weather.view.WidgetWeather5x1Cur} can not fit on this device (736, 80)
E/AppsCustomizePagedView(30757): Widget ComponentInfo{com.devexpert.weather/com.devexpert.weather.view.WidgetWeather5x1} can not fit on this device (736, 80)
E/AppsCustomizePagedView(30757): Widget ComponentInfo{com.devexpert.weather/com.devexpert.weather.view.WidgetWeather5x2LC} can not fit on this device (736, 220)
E/AppsCustomizePagedView(30757): Widget ComponentInfo{com.devexpert.weather/com.devexpert.weather.view.WidgetWeather5x2} can not fit on this device (736, 220)
E/AppsCustomizePagedView(30757): Widget ComponentInfo{com.devexpert.weather/com.devexpert.weather.view.WidgetWeather5x3} can not fit on this device (736, 330)
D/WifiStateMachine( 1016): handleMessage: E msg.what=151572
D/WifiStateMachine( 1016): processMsg: ConnectedState
D/WifiStateMachine( 1016): processMsg: L2ConnectedState
D/WifiStateMachine( 1016): handleMessage: X
I/LaunchCheckinHandler( 1016): Displayed com.android.launcher/com.android.launcher2.Launcher,wp,wa,249
I/SFPerfTracer(  278):      triggers: (rate: 36:2700) (compose: 0:12) (post: 0:2) (render: 8:390) (0:52061 frames) (1:140046)
D/SFPerfTracer(  278):        layers: (4:10) (DimLayer: 0:65)* (DimLayer: 0:23)* (FocusedStackFrame: 0:1303)* (StatusBar: 0:7598) (NavigationBar: 0:9473) (DimLayer: 0:2011)* (DimLayer: 0:233)* (com.android.wallpaper.fall.FallWallpaper: 0:15928) (com.android.systemui/com.android.systemui.recent.RecentsActivity: 0:81)* (com.android.launcher/com.android.launcher2.Launcher: 1:38) 
D/WifiStateMachine( 1016): handleMessage: E msg.what=151572
D/WifiStateMachine( 1016): processMsg: ConnectedState
D/WifiStateMachine( 1016): processMsg: L2ConnectedState
D/WifiStateMachine( 1016): handleMessage: X
D/WifiStateMachine( 1016): handleMessage: E msg.what=151572
D/WifiStateMachine( 1016): processMsg: ConnectedState
D/WifiStateMachine( 1016): processMsg: L2ConnectedState
D/WifiStateMachine( 1016): handleMessage: X
D/WifiStateMachine( 1016): handleMessage: E msg.what=131155
D/WifiStateMachine( 1016): processMsg: ConnectedState
D/WifiStateMachine( 1016): processMsg: L2ConnectedState
D/WifiStateMachine( 1016): handleMessage: X
D/WifiStateMachine( 1016): handleMessage: E msg.what=151572
D/WifiStateMachine( 1016): processMsg: ConnectedState
D/WifiStateMachine( 1016): processMsg: L2ConnectedState
D/WifiStateMachine( 1016): handleMessage: X
D/WifiStateMachine( 1016): handleMessage: E msg.what=151572
D/WifiStateMachine( 1016): processMsg: ConnectedState
D/WifiStateMachine( 1016): processMsg: L2ConnectedState
D/WifiStateMachine( 1016): handleMessage: X
D/WifiStateMachine( 1016): handleMessage: E msg.what=151572
D/WifiStateMachine( 1016): processMsg: ConnectedState
D/WifiStateMachine( 1016): processMsg: L2ConnectedState
D/WifiStateMachine( 1016): handleMessage: X
D/WifiStateMachine( 1016): handleMessage: E msg.what=131155
D/WifiStateMachine( 1016): processMsg: ConnectedState
D/WifiStateMachine( 1016): processMsg: L2ConnectedState
D/WifiStateMachine( 1016): handleMessage: X
D/WifiStateMachine( 1016): handleMessage: E msg.what=151572
D/WifiStateMachine( 1016): processMsg: ConnectedState
D/WifiStateMachine( 1016): processMsg: L2ConnectedState
D/WifiStateMachine( 1016): handleMessage: X
I/SFPerfTracer(  278):      triggers: (rate: 36:2700) (compose: 0:12) (post: 0:2) (render: 8:390) (0:52061 frames) (1:140146)
D/SFPerfTracer(  278):        layers: (4:9) (DimLayer: 0:65)* (DimLayer: 0:23)* (FocusedStackFrame: 0:1303)* (StatusBar: 0:7598) (NavigationBar: 0:9473) (DimLayer: 0:2011)* (DimLayer: 0:233)* (com.android.wallpaper.fall.FallWallpaper: 1:16011) (com.android.launcher/com.android.launcher2.Launcher: 0:61) 
V/AlarmManager( 1016): sending alarm Alarm{428773d8 type 2 com.facebook.katana}
V/AlarmManager( 1016): sending alarm Alarm{42876f38 type 3 com.devexpert.weather}
V/AlarmManager( 1016): sending alarm Alarm{42879a88 type 0 com.android.vending}
I/ActivityManager( 1016): Start proc com.devexpert.weather for broadcast com.devexpert.weather/.view.WidgetWeather2x1: pid=24419 uid=10112 gids={50112, 3003, 1028, 1015}
D/Finsky  (18319): [1] 5.onFinished: Installation state replication succeeded.
V/AlarmManager( 1016): sending alarm Alarm{4345c6d8 type 2 com.google.android.gms}
D/WifiService( 1016): acquireWifiLockLocked: WifiLock{NlpWifiLock type=2 binder=android.os.BinderProxy@4401b768}
D/WifiService( 1016): releaseWifiLockLocked: WifiLock{NlpWifiLock type=2 binder=android.os.BinderProxy@4401b768}
D/WifiStateMachine( 1016): handleMessage: E msg.what=151572
D/WifiStateMachine( 1016): processMsg: ConnectedState
D/WifiStateMachine( 1016): processMsg: L2ConnectedState
D/WifiStateMachine( 1016): handleMessage: X
D/WifiStateMachine( 1016): handleMessage: E msg.what=151572
D/WifiStateMachine( 1016): processMsg: ConnectedState
D/WifiStateMachine( 1016): processMsg: L2ConnectedState
D/WifiStateMachine( 1016): handleMessage: X
D/WifiStateMachine( 1016): handleMessage: E msg.what=131155
D/WifiStateMachine( 1016): processMsg: ConnectedState
D/WifiStateMachine( 1016): processMsg: L2ConnectedState
D/WifiStateMachine( 1016): handleMessage: X
I/ActivityManager( 1016): START u0 {act=android.intent.action.MAIN cat=[android.intent.category.LAUNCHER] flg=0x10200000 cmp=com.giftme.fb_auth/.FB_Auth bnds=[360,385][520,585]} from pid 30757
W/ContextImpl( 1231): Calling a method in the system process without a qualified user: android.app.ContextImpl.sendBroadcast:1252 android.content.ContextWrapper.sendBroadcast:365 com.motorola.motocare.util.TriggerHelper$TriggerBuilder.send:76 com.motorola.motocare.internal.frameworkevents.PauseResumeTrigger.handleFrameworkEvent:53 com.motorola.motocare.internal.frameworkevents.FwEventMonitor$FrameworkListener.processFrameworkEvent:114 
I/ActivityManager( 1016): Start proc com.giftme.fb_auth for activity com.giftme.fb_auth/.FB_Auth: pid=24464 uid=10106 gids={50106, 3003, 1028, 1015}
I/dalvikvm(24464): Enabling JNI app bug workarounds for target SDK version 7...
W/ContextImpl( 1231): Calling a method in the system process without a qualified user: android.app.ContextImpl.sendBroadcast:1252 android.content.ContextWrapper.sendBroadcast:365 com.motorola.motocare.util.TriggerHelper$TriggerBuilder.send:76 com.motorola.motocare.internal.frameworkevents.PauseResumeTrigger.handleFrameworkEvent:53 com.motorola.motocare.internal.frameworkevents.FwEventMonitor$FrameworkListener.processFrameworkEvent:114 
V/PhoneStatusBar( 1078): setLightsOn(true)
I/CordovaLog(24464): Changing log level to DEBUG(3)
D/CordovaActivity(24464): CordovaActivity.init()
I/dalvikvm(24464): Could not find method android.webkit.CookieManager.setAcceptThirdPartyCookies, referenced from method org.apache.cordova.CordovaWebView.initWebViewSettings
W/dalvikvm(24464): VFY: unable to resolve virtual method 6163: Landroid/webkit/CookieManager;.setAcceptThirdPartyCookies (Landroid/webkit/WebView;Z)V
D/dalvikvm(24464): VFY: replacing opcode 0x6e at 0x002a
V/WebViewChromiumFactoryProvider(24464): Binding Chromium to main looper Looper (main, tid 1) {42786ca8}
I/LibraryLoader(24464): Expected native library version number "",actual native library version number ""
I/chromium(24464): [INFO:library_loader_hooks.cc(116)] Chromium logging enabled: level = 0, default verbosity = 0
I/BrowserStartupController(24464): Initializing chromium process, renderers=0
E/AudioManagerAndroid(24464): BLUETOOTH permission is missing!
I/Adreno-EGL(24464): <qeglDrvAPI_eglInitialize:410>: EGL 1.4 QUALCOMM build: AU_LINUX_ANDROID_LNX.LA.3.5.1_RB1.04.04.02.048.018_msm8226_LNX.LA.3.5.1_RB1__release_AU ()
I/Adreno-EGL(24464): OpenGL ES Shader Compiler Version: E031.24.00.08
I/Adreno-EGL(24464): Build Date: 03/07/14 Fri
I/Adreno-EGL(24464): Local Branch: 
I/Adreno-EGL(24464): Remote Branch: quic/LNX.LA.3.5.1_RB1.1
I/Adreno-EGL(24464): Local Patches: NONE
I/Adreno-EGL(24464): Reconstruct Branch: AU_LINUX_ANDROID_LNX.LA.3.5.1_RB1.04.04.02.048.018 + f2fd134 +  NOTHING
W/chromium(24464): [WARNING:proxy_service.cc(890)] PAC support disabled because there is no system implementation
D/CordovaActivity(24464): CordovaActivity.createViews()
W/dalvikvm(24464): VFY: unable to find class referenced in signature (Landroid/webkit/ClientCertRequest;)
W/dalvikvm(24464): VFY: unable to find class referenced in signature (Landroid/webkit/ClientCertRequest;)
I/dalvikvm(24464): Could not find method android.webkit.WebViewClient.onReceivedClientCertRequest, referenced from method org.apache.cordova.CordovaWebViewClient.onReceivedClientCertRequest
W/dalvikvm(24464): VFY: unable to resolve virtual method 6235: Landroid/webkit/WebViewClient;.onReceivedClientCertRequest (Landroid/webkit/WebView;Landroid/webkit/ClientCertRequest;)V
D/dalvikvm(24464): VFY: replacing opcode 0x6f at 0x001c
I/dalvikvm(24464): Could not find method android.webkit.WebChromeClient$FileChooserParams.createIntent, referenced from method org.apache.cordova.CordovaChromeClient.onShowFileChooser
W/dalvikvm(24464): VFY: unable to resolve virtual method 6182: Landroid/webkit/WebChromeClient$FileChooserParams;.createIntent ()Landroid/content/Intent;
D/dalvikvm(24464): VFY: replacing opcode 0x6e at 0x0000
D/PluginManager(24464): init()
D/CordovaWebView(24464): CordovaWebView is running on device made by: motorola
D/CordovaWebView(24464): >>> loadUrl(file:///android_asset/www/index.html)
D/CordovaWebView(24464): >>> loadUrlNow()
D/CordovaActivity(24464): Resuming the App
D/SoftKeyboardDetect(24464): Ignore this event
D/OpenGLRenderer(24464): Enabling debug mode 0
I/LaunchCheckinHandler( 1016): Displayed com.giftme.fb_auth/.FB_Auth,cp,ca,338
I/ActivityManager( 1016): Displayed com.giftme.fb_auth/.FB_Auth: +339ms
D/SoftKeyboardDetect(24464): Ignore this event
D/CordovaWebViewClient(24464): onPageStarted(file:///android_asset/www/index.html)
D/CordovaActivity(24464): onMessage(onPageStarted,file:///android_asset/www/index.html)
D/WifiStateMachine( 1016): handleMessage: E msg.what=151572
D/WifiStateMachine( 1016): processMsg: ConnectedState
D/WifiStateMachine( 1016): processMsg: L2ConnectedState
D/WifiStateMachine( 1016): handleMessage: X
I/chromium(24464): [INFO:simple_index_file.cc(437)] Simple Cache Index is being restored from disk.
D/JsMessageQueue(24464): Set native->JS mode to OnlineEventsBridgeMode
I/SFPerfTracer(  278):       trigger: vsync rate (-49.348%)	(30.391 vps)	(32.904 ms)* 	(202 drops)	(317 vsyncs)
I/SFPerfTracer(  278):      triggers: (rate: 31:28239) (87723 sw vsyncs) (49640 skipped) (317:139165 vsyncs) (319:243906)
D/CordovaLog(24464): file:///android_asset/www/js/app.js: Line 44 : Service initialized
I/chromium(24464): [INFO:CONSOLE(44)] "Service initialized", source: file:///android_asset/www/js/app.js (44)
D/WifiStateMachine( 1016): handleMessage: E msg.what=151572
D/WifiStateMachine( 1016): processMsg: ConnectedState
D/WifiStateMachine( 1016): processMsg: L2ConnectedState
D/WifiStateMachine( 1016): handleMessage: X
D/WifiStateMachine( 1016): handleMessage: E msg.what=151572
D/WifiStateMachine( 1016): processMsg: ConnectedState
D/WifiStateMachine( 1016): processMsg: L2ConnectedState
D/WifiStateMachine( 1016): handleMessage: X
W/InputMethodManagerService( 1016): Window already focused, ignoring focus gain of: com.android.internal.view.IInputMethodClient$Stub$Proxy@42996140 attribute=null, token = android.os.BinderProxy@42fd0aa8
D/CordovaLog(24464): https://js.stripe.com/v2/: Line 2 : You are using Stripe.js in live mode over an insecure connection. This is considered unsafe. Please conduct live requests only on sites served over https. For more info, see https://stripe.com/help/ssl
I/chromium(24464): [INFO:CONSOLE(2)] "You are using Stripe.js in live mode over an insecure connection. This is considered unsafe. Please conduct live requests only on sites served over https. For more info, see https://stripe.com/help/ssl", source: https://js.stripe.com/v2/ (2)
D/WifiStateMachine( 1016): handleMessage: E msg.what=131155
D/WifiStateMachine( 1016): processMsg: ConnectedState
I/SFPerfTracer(  278):      triggers: (rate: 36:2700) (compose: 0:12) (post: 0:2) (render: 8:390) (10:52106 frames) (11:140253)
D/SFPerfTracer(  278):        layers: (5:12) (DimLayer: 0:65)* (DimLayer: 0:23)* (FocusedStackFrame: 0:1307)* (StatusBar: 0:7618) (NavigationBar: 0:9510) (DimLayer: 0:2024) (DimLayer: 0:233)* (com.android.wallpaper.fall.FallWallpaper: 0:16050)* (com.android.launcher/com.android.launcher2.Launcher: 0:63)* (Starting com.giftme.fb_auth: 0:30)* (com.giftme.fb_auth/com.giftme.fb_auth.FB_Auth: 0:7) (com.giftme.fb_auth/com.giftme.fb_auth.FB_Auth: 11:30) 
D/WifiStateMachine( 1016): processMsg: L2ConnectedState
D/WifiStateMachine( 1016): handleMessage: X
D/CordovaLog(24464): file:///android_asset/www/js/LoginView.js: Line 14 : Success
I/chromium(24464): [INFO:CONSOLE(14)] "Success", source: file:///android_asset/www/js/LoginView.js (14)
D/CordovaActivity(24464): onMessage(spinner,stop)
D/CordovaLog(24464): file:///android_asset/www/js/app.js: Line 8 : Uncaught ReferenceError: StatusBar is not defined
I/chromium(24464): [INFO:CONSOLE(8)] "Uncaught ReferenceError: StatusBar is not defined", source: file:///android_asset/www/js/app.js (8)
D/CordovaWebViewClient(24464): onPageFinished(file:///android_asset/www/index.html)
D/CordovaActivity(24464): onMessage(onPageFinished,file:///android_asset/www/index.html)
D/WifiStateMachine( 1016): handleMessage: E msg.what=151572
D/WifiStateMachine( 1016): processMsg: ConnectedState
D/WifiStateMachine( 1016): processMsg: L2ConnectedState
D/WifiStateMachine( 1016): handleMessage: X
D/WifiStateMachine( 1016): handleMessage: E msg.what=151572
D/WifiStateMachine( 1016): processMsg: ConnectedState
D/WifiStateMachine( 1016): processMsg: L2ConnectedState
D/WifiStateMachine( 1016): handleMessage: X
I/SFPerfTracer(  278):      triggers: (rate: 31:28239) (87723 sw vsyncs) (49640 skipped) (17:139264 vsyncs) (19:244023)
D/WifiStateMachine( 1016): handleMessage: E msg.what=151572
D/WifiStateMachine( 1016): processMsg: ConnectedState
D/WifiStateMachine( 1016): processMsg: L2ConnectedState
D/WifiStateMachine( 1016): handleMessage: X
D/WifiStateMachine( 1016): handleMessage: E msg.what=131155
D/WifiStateMachine( 1016): processMsg: ConnectedState
D/WifiStateMachine( 1016): processMsg: L2ConnectedState
D/WifiStateMachine( 1016): handleMessage: X
D/WifiStateMachine( 1016): handleMessage: E msg.what=151572
D/WifiStateMachine( 1016): processMsg: ConnectedState
D/WifiStateMachine( 1016): processMsg: L2ConnectedState
D/WifiStateMachine( 1016): handleMessage: X
