W/dalvikvm(11952): VFY: unable to find class referenced in signature (Lzt;)
W/dalvikvm(11952): VFY: unable to find class referenced in signature (Lzt;)
W/dalvikvm(11952): VFY: unable to find class referenced in signature (Lzt;)
W/dalvikvm(11952): VFY: unable to find class referenced in signature (Lzt;)
W/dalvikvm(11952): VFY: unable to find class referenced in signature (Lzt;)
W/dalvikvm(11952): VFY: unable to find class referenced in signature (Lzt;)
W/dalvikvm(11952): VFY: unable to find class referenced in signature (Lzt;)
E/dalvikvm(11952): Could not find class 'android.app.Notification$Action$Builder', referenced from method b.a
W/dalvikvm(11952): VFY: unable to resolve new-instance 302 (Landroid/app/Notification$Action$Builder;) in Lb;
D/dalvikvm(11952): VFY: replacing opcode 0x22 at 0x0000
W/dalvikvm(11952): Unable to resolve superclass of Lar; (689)
W/dalvikvm(11952): Link of class 'Lar;' failed
E/dalvikvm(11952): Could not find class 'ar', referenced from method b.a
W/dalvikvm(11952): VFY: unable to resolve new-instance 999 (Lar;) in Lb;
D/dalvikvm(11952): VFY: replacing opcode 0x22 at 0x0006
W/dalvikvm(11952): Unable to resolve superclass of Lat; (689)
W/dalvikvm(11952): Link of class 'Lat;' failed
E/dalvikvm(11952): Could not find class 'at', referenced from method b.a
W/dalvikvm(11952): VFY: unable to resolve new-instance 1053 (Lat;) in Lb;
D/dalvikvm(11952): VFY: replacing opcode 0x22 at 0x002a
I/dalvikvm(11952): Could not find method android.view.ViewGroup.isTransitionGroup, referenced from method b.a
W/dalvikvm(11952): VFY: unable to resolve virtual method 4388: Landroid/view/ViewGroup;.isTransitionGroup ()Z
D/dalvikvm(11952): VFY: replacing opcode 0x6e at 0x000c
I/dalvikvm(11952): Could not find method android.view.View.getTransitionName, referenced from method b.a
W/dalvikvm(11952): VFY: unable to resolve virtual method 4205: Landroid/view/View;.getTransitionName ()Ljava/lang/String;
D/dalvikvm(11952): VFY: replacing opcode 0x6e at 0x0006
W/dalvikvm(11952): VFY: unable to find class referenced in signature ([Landroid/app/RemoteInput;)
E/dalvikvm(11952): Could not find class 'android.app.RemoteInput[]', referenced from method b.a
W/dalvikvm(11952): VFY: unable to resolve new-array 12606 ([Landroid/app/RemoteInput;) in Lb;
D/dalvikvm(11952): VFY: replacing opcode 0x23 at 0x0005
D/dalvikvm(11952): DexOpt: unable to opt direct call 0x0530 at 0x0e in Lb;.a
D/dalvikvm(11952): DexOpt: unable to opt direct call 0x08a4 at 0x0e in Lb;.a
D/dalvikvm(11952): DexOpt: unable to opt direct call 0x0530 at 0x0e in Lb;.a
W/dalvikvm(11952): Unable to resolve superclass of Lar; (689)
W/dalvikvm(11952): Link of class 'Lar;' failed
D/dalvikvm(11952): DexOpt: unable to opt direct call 0x177c at 0x08 in Lb;.a
W/dalvikvm(11952): Unable to resolve superclass of Lat; (689)
W/dalvikvm(11952): Link of class 'Lat;' failed
D/dalvikvm(11952): DexOpt: unable to opt direct call 0x1846 at 0x2c in Lb;.a
D/dalvikvm(11952): DexOpt: unable to opt direct call 0x0587 at 0x13 in Lb;.a
D/dalvikvm(11952): Trying to load lib /data/app-lib/com.google.android.apps.plus-1/libcrashreporterer.so 0x41fb1a30
D/dalvikvm(11952): Added shared lib /data/app-lib/com.google.android.apps.plus-1/libcrashreporterer.so 0x41fb1a30
I/ActivityManager( 1025): Start proc com.google.android.googlequicksearchbox:search for broadcast com.google.android.googlequicksearchbox/com.google.android.search.core.icingsync.IcingCorporaChangedReceiver: pid=11974 uid=10045 gids={50045, 3003, 3001, 1028, 3002, 1015}
I/dalvikvm(11952): Could not find method android.content.Context.getDrawable, referenced from method c.a
W/dalvikvm(11952): VFY: unable to resolve virtual method 1545: Landroid/content/Context;.getDrawable (I)Landroid/graphics/drawable/Drawable;
D/dalvikvm(11952): VFY: replacing opcode 0x6e at 0x0006
I/UpdateIcingCorporaServi(11974): Updating corpora: APPS=com.motorola.genie, CONTACTS=MAYBE
I/ActivityManager( 1025): Process com.distilledmedia.thescore (pid 11865) has died.
D/dalvikvm( 1295): GC_CONCURRENT freed 1959K, 47% free 9243K/17224K, paused 1ms+1ms, total 16ms
I/ActivityManager( 1025): Start proc com.google.android.partnersetup for content provider com.google.android.partnersetup/.RlzAppProvider: pid=11991 uid=10025 gids={50025, 3003}
I/dalvikvm(11974): Could not find method android.content.pm.PackageManager.getPackageInstaller, referenced from method com.google.android.gms.common.g.m
W/dalvikvm(11974): VFY: unable to resolve virtual method 902: Landroid/content/pm/PackageManager;.getPackageInstaller ()Landroid/content/pm/PackageInstaller;
D/dalvikvm(11974): VFY: replacing opcode 0x6e at 0x000d
D/dalvikvm( 1353): GC_EXPLICIT freed 445K, 38% free 10766K/17224K, paused 1ms+5ms, total 41ms
D/WifiStateMachine( 1025): handleMessage: E msg.what=151572
D/WifiStateMachine( 1025): processMsg: ConnectedState
D/WifiStateMachine( 1025): processMsg: L2ConnectedState
D/WifiStateMachine( 1025): handleMessage: X
I/ActivityManager( 1025): Process com.devexpert.weather (pid 11782) has died.
I/ApplicationLogger(11974): canRun() : Opted Out
I/UpdateIcingCorporaServi(11974): UpdateCorporaTask done [took 139 ms] updated apps [took 139 ms] 
W/ContextImpl(11702): Implicit intents with startService are not safe: Intent { act=com.google.android.gms.analytics.service.START (has extras) } android.content.ContextWrapper.bindService:517 com.google.analytics.tracking.android.AnalyticsGmsCoreClient.b:82 com.google.analytics.tracking.android.GAServiceProxy.j:279 
I/GAV2    (11702): Thread[GAThread,1,main]: No campaign data found.
D/hardware_info(  277): hw_info_append_hw_type : device_name = speaker
D/dalvikvm( 1119): GC_FOR_ALLOC freed 3088K, 27% free 12593K/17228K, paused 28ms, total 28ms
I/dalvikvm-heap( 1119): Grow heap (frag case) to 14.759MB for 380496-byte allocation
D/dalvikvm( 1119): GC_FOR_ALLOC freed 624K, 30% free 12385K/17600K, paused 19ms, total 19ms
D/dalvikvm( 1119): GC_FOR_ALLOC freed 30K, 28% free 12799K/17600K, paused 22ms, total 22ms
I/dalvikvm-heap( 1119): Grow heap (frag case) to 14.959MB for 380496-byte allocation
D/dalvikvm( 1025): GC_FOR_ALLOC freed 1098K, 25% free 27620K/36344K, paused 97ms, total 97ms
I/ActivityManager( 1025): Process com.motorola.MotGallery2 (pid 11936) has died.
D/dalvikvm( 1119): GC_FOR_ALLOC freed 3K, 27% free 13210K/17972K, paused 20ms, total 20ms
I/dalvikvm-heap( 1119): Grow heap (frag case) to 15.361MB for 380496-byte allocation
D/dalvikvm( 1119): GC_FOR_ALLOC freed 2K, 26% free 13618K/18344K, paused 17ms, total 17ms
I/dalvikvm-heap( 1119): Grow heap (frag case) to 15.760MB for 380496-byte allocation
I/ActivityManager( 1025): START u0 {act=com.android.systemui.recent.action.TOGGLE_RECENTS flg=0x10800000 cmp=com.android.systemui/.recent.RecentsActivity (has extras)} from pid 1119
W/ContextImpl( 1295): Calling a method in the system process without a qualified user: android.app.ContextImpl.sendBroadcast:1252 android.content.ContextWrapper.sendBroadcast:365 com.motorola.motocare.util.TriggerHelper$TriggerBuilder.send:76 com.motorola.motocare.internal.frameworkevents.PauseResumeTrigger.handleFrameworkEvent:53 com.motorola.motocare.internal.frameworkevents.FwEventMonitor$FrameworkListener.processFrameworkEvent:114 
D/CordovaActivity( 3136): Paused the application!
D/CordovaWebView( 3136): Handle the pause
W/ContextImpl( 1295): Calling a method in the system process without a qualified user: android.app.ContextImpl.sendBroadcast:1252 android.content.ContextWrapper.sendBroadcast:365 com.motorola.motocare.util.TriggerHelper$TriggerBuilder.send:76 com.motorola.motocare.internal.frameworkevents.PauseResumeTrigger.handleFrameworkEvent:53 com.motorola.motocare.internal.frameworkevents.FwEventMonitor$FrameworkListener.processFrameworkEvent:114 
D/dalvikvm( 1119): GC_FOR_ALLOC freed 9K, 26% free 14028K/18716K, paused 36ms, total 36ms
I/dalvikvm-heap( 1119): Grow heap (frag case) to 16.160MB for 380496-byte allocation
D/dalvikvm( 1119): GC_FOR_ALLOC freed 7K, 25% free 14439K/19088K, paused 22ms, total 22ms
I/dalvikvm-heap( 1119): Grow heap (frag case) to 16.561MB for 380496-byte allocation
D/dalvikvm( 1119): GC_FOR_ALLOC freed 16K, 24% free 14849K/19460K, paused 23ms, total 23ms
I/dalvikvm-heap( 1119): Grow heap (frag case) to 16.961MB for 380496-byte allocation
D/WifiStateMachine( 1025): handleMessage: E msg.what=151572
D/WifiStateMachine( 1025): processMsg: ConnectedState
D/WifiStateMachine( 1025): processMsg: L2ConnectedState
D/WifiStateMachine( 1025): handleMessage: X
I/LaunchCheckinHandler( 1025): Displayed com.android.systemui/.recent.RecentsActivity,wp,wa,209
W/IInputConnectionWrapper( 3136): showStatusIcon on inactive InputConnection
D/dalvikvm( 1119): GC_FOR_ALLOC freed 23K, 24% free 15261K/19832K, paused 20ms, total 20ms
I/dalvikvm-heap( 1119): Grow heap (frag case) to 17.365MB for 380496-byte allocation
I/SBar.NetworkController( 1119): onSignalStrengthsChanged SignalStrength: 5 0 -120 -160 -120 -1 -1 99 2147483647 2147483647 2147483647 2147483647 2147483647 gsm|lte 0 -108 -1 false 2 2 0 0 0 99 99 99 4 level=2
D/dalvikvm( 1119): GC_FOR_ALLOC freed 20K, 23% free 15669K/20204K, paused 20ms, total 20ms
I/dalvikvm-heap( 1119): Grow heap (frag case) to 17.762MB for 380496-byte allocation
D/dalvikvm( 1119): GC_FOR_ALLOC freed 11K, 22% free 16073K/20576K, paused 21ms, total 21ms
I/dalvikvm-heap( 1119): Grow heap (frag case) to 18.157MB for 380496-byte allocation
W/ManagedEGLContext( 3136): doTerminate failed: EGL count is 2 but managed count is 1
D/CordovaActivity( 3136): CordovaActivity.onDestroy()
D/CordovaWebView( 3136): >>> loadUrlNow()
I/ActivityManager( 1025): Killing 3136:com.giftme.fb_auth/u0a106 (adj 9): remove task
W/ContextImpl( 1295): Calling a method in the system process without a qualified user: android.app.ContextImpl.sendBroadcast:1252 android.content.ContextWrapper.sendBroadcast:365 com.motorola.motocare.util.TriggerHelper$TriggerBuilder.send:76 com.motorola.motocare.internal.frameworkevents.ProcessKillTrigger.sendTrigger:147 com.motorola.motocare.internal.frameworkevents.ProcessKillTrigger.handleFrameworkEvent:164 
I/WindowState( 1025): WIN DEATH: Window{42afeb90 u0 com.giftme.fb_auth/com.giftme.fb_auth.FB_Auth}
I/WindowState( 1025): WIN DEATH: Window{43374ea0 u0 com.giftme.fb_auth/com.giftme.fb_auth.FB_Auth}
D/WifiStateMachine( 1025): handleMessage: E msg.what=151572
D/WifiStateMachine( 1025): processMsg: ConnectedState
D/WifiStateMachine( 1025): processMsg: L2ConnectedState
D/WifiStateMachine( 1025): handleMessage: X
D/WifiStateMachine( 1025): handleMessage: E msg.what=131155
D/WifiStateMachine( 1025): processMsg: ConnectedState
D/WifiStateMachine( 1025): processMsg: L2ConnectedState
D/WifiStateMachine( 1025): handleMessage: X
I/SFPerfTracer(  274):      triggers: (rate: 42:1467) (compose: 0:10) (post: 0:1) (render: 1:180) (0:21255 frames) (1:69061)
D/SFPerfTracer(  274):        layers: (3:12) (DimLayer: 0:25)* (DimLayer: 0:6)* (FocusedStackFrame: 0:850)* (StatusBar: 0:7260) (NavigationBar: 0:7492) (com.android.wallpaper.fall.FallWallpaper: 0:18589)* (DimLayer: 0:825)* (DimLayer: 0:190)* (com.giftme.fb_auth/com.giftme.fb_auth.FB_Auth: 0:3827)* (Keyguard: 0:143)* (com.android.systemui/com.android.systemui.recent.RecentsActivity: 1:34) (thumbnail anim: 0:18)* 
D/WifiStateMachine( 1025): handleMessage: E msg.what=151572
D/WifiStateMachine( 1025): processMsg: ConnectedState
D/WifiStateMachine( 1025): processMsg: L2ConnectedState
D/WifiStateMachine( 1025): handleMessage: X
I/SBar.NetworkController( 1119): onSignalStrengthsChanged SignalStrength: 9 0 -120 -160 -120 -1 -1 99 2147483647 2147483647 2147483647 2147483647 2147483647 gsm|lte 0 -108 -1 false 3 3 0 0 0 99 99 99 4 level=3
D/WifiStateMachine( 1025): handleMessage: E msg.what=151572
D/WifiStateMachine( 1025): processMsg: ConnectedState
D/WifiStateMachine( 1025): processMsg: L2ConnectedState
D/WifiStateMachine( 1025): handleMessage: X
I/SFPerfTracer(  274):      triggers: (rate: 51:26254) (7400 sw vsyncs) (55321 skipped) (58:80776 vsyncs) (60:98791)
I/SFPerfTracer(  274):      triggers: (rate: 42:1467) (compose: 0:10) (post: 0:1) (render: 1:180) (0:21255 frames) (1:69161)
D/SFPerfTracer(  274):        layers: (3:9) (DimLayer: 0:25)* (DimLayer: 0:6)* (FocusedStackFrame: 0:850)* (StatusBar: 0:7262) (NavigationBar: 0:7492) (com.android.wallpaper.fall.FallWallpaper: 0:18589)* (DimLayer: 0:825)* (DimLayer: 0:190)* (com.android.systemui/com.android.systemui.recent.RecentsActivity: 1:133) 
I/ActivityManager( 1025): START u0 {act=android.intent.action.MAIN cat=[android.intent.category.LAUNCHER] flg=0x10304000 pkg=com.whatsapp cmp=com.whatsapp/.Main} from pid 1119
D/dalvikvm( 1025): GC_FOR_ALLOC freed 1280K, 26% free 27216K/36344K, paused 99ms, total 101ms
D/WifiStateMachine( 1025): handleMessage: E msg.what=151572
D/WifiStateMachine( 1025): processMsg: ConnectedState
D/WifiStateMachine( 1025): processMsg: L2ConnectedState
D/WifiStateMachine( 1025): handleMessage: X
D/WifiStateMachine( 1025): handleMessage: E msg.what=131155
D/WifiStateMachine( 1025): processMsg: ConnectedState
D/WifiStateMachine( 1025): processMsg: L2ConnectedState
D/WifiStateMachine( 1025): handleMessage: X
W/ContextImpl( 1295): Calling a method in the system process without a qualified user: android.app.ContextImpl.sendBroadcast:1252 android.content.ContextWrapper.sendBroadcast:365 com.motorola.motocare.util.TriggerHelper$TriggerBuilder.send:76 com.motorola.motocare.internal.frameworkevents.PauseResumeTrigger.handleFrameworkEvent:53 com.motorola.motocare.internal.frameworkevents.FwEventMonitor$FrameworkListener.processFrameworkEvent:114 
W/ContextImpl( 1295): Calling a method in the system process without a qualified user: android.app.ContextImpl.sendBroadcast:1252 android.content.ContextWrapper.sendBroadcast:365 com.motorola.motocare.util.TriggerHelper$TriggerBuilder.send:76 com.motorola.motocare.internal.frameworkevents.PauseResumeTrigger.handleFrameworkEvent:53 com.motorola.motocare.internal.frameworkevents.FwEventMonitor$FrameworkListener.processFrameworkEvent:114 
I/ActivityManager( 1025): START u0 {cmp=com.whatsapp/.HomeActivity} from pid 11387
W/ContextImpl( 1295): Calling a method in the system process without a qualified user: android.app.ContextImpl.sendBroadcast:1252 android.content.ContextWrapper.sendBroadcast:365 com.motorola.motocare.util.TriggerHelper$TriggerBuilder.send:76 com.motorola.motocare.internal.frameworkevents.PauseResumeTrigger.handleFrameworkEvent:53 com.motorola.motocare.internal.frameworkevents.FwEventMonitor$FrameworkListener.processFrameworkEvent:114 
W/ContextImpl( 1295): Calling a method in the system process without a qualified user: android.app.ContextImpl.sendBroadcast:1252 android.content.ContextWrapper.sendBroadcast:365 com.motorola.motocare.util.TriggerHelper$TriggerBuilder.send:76 com.motorola.motocare.internal.frameworkevents.PauseResumeTrigger.handleFrameworkEvent:53 com.motorola.motocare.internal.frameworkevents.FwEventMonitor$FrameworkListener.processFrameworkEvent:114 
I/Adreno-EGL(11387): <qeglDrvAPI_eglInitialize:410>: EGL 1.4 QUALCOMM build: AU_LINUX_ANDROID_LNX.LA.3.5.1_RB1.04.04.02.048.018_msm8226_LNX.LA.3.5.1_RB1__release_AU ()
I/Adreno-EGL(11387): OpenGL ES Shader Compiler Version: E031.24.00.08
I/Adreno-EGL(11387): Build Date: 03/07/14 Fri
I/Adreno-EGL(11387): Local Branch: 
I/Adreno-EGL(11387): Remote Branch: quic/LNX.LA.3.5.1_RB1.1
I/Adreno-EGL(11387): Local Patches: NONE
I/Adreno-EGL(11387): Reconstruct Branch: AU_LINUX_ANDROID_LNX.LA.3.5.1_RB1.04.04.02.048.018 + f2fd134 +  NOTHING
D/OpenGLRenderer(11387): Enabling debug mode 0
I/LaunchCheckinHandler( 1025): Displayed com.whatsapp/.HomeActivity,wp,ca,538
I/LaunchCheckinHandler( 1025): Displayed com.whatsapp/.Main,wp,ca,717 (total)
I/ActivityManager( 1025): Displayed com.whatsapp/.HomeActivity: +538ms (total +717ms)
W/View    (11387): requestLayout() improperly called by com.whatsapp.TextEmojiLabel{4265d378 V.ED.... ......ID 0,0-226,48 #7f0b013d app:id/contactpicker_row_name} during layout: running second layout pass
W/View    (11387): requestLayout() improperly called by android.widget.TextView{4265d7d0 V.ED.... ......ID 426,7-504,40 #7f0b013e app:id/contactpicker_row_phone_type} during layout: running second layout pass
W/View    (11387): requestLayout() improperly called by com.whatsapp.TextEmojiLabel{4265dc88 V.ED.... ......ID 24,48-146,90 #7f0b013f app:id/contactpicker_row_status} during layout: running second layout pass
W/View    (11387): requestLayout() improperly called by com.whatsapp.TextEmojiLabel{4267f110 V.ED.... ......ID 0,0-223,48 #7f0b013d app:id/contactpicker_row_name} during layout: running second layout pass
W/View    (11387): requestLayout() improperly called by android.widget.TextView{4267f568 V.ED.... ......ID 417,7-504,40 #7f0b013e app:id/contactpicker_row_phone_type} during layout: running second layout pass
W/View    (11387): requestLayout() improperly called by com.whatsapp.TextEmojiLabel{4267f9d0 V.ED.... ......ID 24,48-469,90 #7f0b013f app:id/contactpicker_row_status} during layout: running second layout pass
W/View    (11387): requestLayout() improperly called by com.whatsapp.TextEmojiLabel{42685c68 V.ED.... ......ID 0,0-229,48 #7f0b013d app:id/contactpicker_row_name} during layout: running second layout pass
W/View    (11387): requestLayout() improperly called by android.widget.TextView{426860c0 V.ED.... ......ID 426,7-504,40 #7f0b013e app:id/contactpicker_row_phone_type} during layout: running second layout pass
W/View    (11387): requestLayout() improperly called by com.whatsapp.TextEmojiLabel{42686528 V.ED.... ......ID 24,48-469,90 #7f0b013f app:id/contactpicker_row_status} during layout: running second layout pass
W/View    (11387): requestLayout() improperly called by com.whatsapp.TextEmojiLabel{4268b610 V.ED.... ......ID 0,0-384,48 #7f0b013d app:id/contactpicker_row_name} during layout: running second layout pass
W/View    (11387): requestLayout() improperly called by android.widget.TextView{4268ba68 V.ED.... ......ID 417,7-504,40 #7f0b013e app:id/contactpicker_row_phone_type} during layout: running second layout pass
W/View    (11387): requestLayout() improperly called by com.whatsapp.TextEmojiLabel{4268bed0 V.ED.... ......ID 24,48-91,90 #7f0b013f app:id/contactpicker_row_status} during layout: running second layout pass
W/View    (11387): requestLayout() improperly called by com.whatsapp.TextEmojiLabel{42690030 V.ED.... ......ID 0,0-225,48 #7f0b013d app:id/contactpicker_row_name} during layout: running second layout pass
W/View    (11387): requestLayout() improperly called by android.widget.TextView{42690488 V.ED.... ......ID 426,7-504,40 #7f0b013e app:id/contactpicker_row_phone_type} during layout: running second layout pass
W/View    (11387): requestLayout() improperly called by com.whatsapp.TextEmojiLabel{426908f0 V.ED.... ......ID 24,48-160,90 #7f0b013f app:id/contactpicker_row_status} during layout: running second layout pass
W/View    (11387): requestLayout() improperly called by com.whatsapp.TextEmojiLabel{426987e8 V.ED.... ......ID 0,0-426,48 #7f0b013d app:id/contactpicker_row_name} during layout: running second layout pass
W/View    (11387): requestLayout() improperly called by android.widget.TextView{42698c40 V.ED.... ......ID 426,7-504,40 #7f0b013e app:id/contactpicker_row_phone_type} during layout: running second layout pass
W/View    (11387): requestLayout() improperly called by com.whatsapp.TextEmojiLabel{426990a8 V.ED.... ......ID 24,48-469,90 #7f0b013f app:id/contactpicker_row_status} during layout: running second layout pass
W/View    (11387): requestLayout() improperly called by com.whatsapp.TextEmojiLabel{426a0268 V.ED.... ......ID 0,0-417,48 #7f0b013d app:id/contactpicker_row_name} during layout: running second layout pass
W/View    (11387): requestLayout() improperly called by android.widget.TextView{426a48b0 V.ED.... ......ID 417,7-504,40 #7f0b013e app:id/contactpicker_row_phone_type} during layout: running second layout pass
W/View    (11387): requestLayout() improperly called by com.whatsapp.TextEmojiLabel{426a4e98 V.ED.... ......ID 24,48-160,90 #7f0b013f app:id/contactpicker_row_status} during layout: running second layout pass
D/WifiStateMachine( 1025): handleMessage: E msg.what=151572
D/WifiStateMachine( 1025): processMsg: ConnectedState
D/WifiStateMachine( 1025): processMsg: L2ConnectedState
D/WifiStateMachine( 1025): handleMessage: X
I/SFPerfTracer(  274):      triggers: (rate: 51:26254) (7400 sw vsyncs) (55321 skipped) (31:80887 vsyncs) (33:98909)
D/WifiStateMachine( 1025): handleMessage: E msg.what=151572
D/WifiStateMachine( 1025): processMsg: ConnectedState
D/WifiStateMachine( 1025): processMsg: L2ConnectedState
D/WifiStateMachine( 1025): handleMessage: X
I/ActivityManager( 1025): START u0 {flg=0x14000000 cmp=com.whatsapp/.Conversation (has extras)} from pid 11387
W/ContextImpl( 1295): Calling a method in the system process without a qualified user: android.app.ContextImpl.sendBroadcast:1252 android.content.ContextWrapper.sendBroadcast:365 com.motorola.motocare.util.TriggerHelper$TriggerBuilder.send:76 com.motorola.motocare.internal.frameworkevents.PauseResumeTrigger.handleFrameworkEvent:53 com.motorola.motocare.internal.frameworkevents.FwEventMonitor$FrameworkListener.processFrameworkEvent:114 
W/ContextImpl( 1295): Calling a method in the system process without a qualified user: android.app.ContextImpl.sendBroadcast:1252 android.content.ContextWrapper.sendBroadcast:365 com.motorola.motocare.util.TriggerHelper$TriggerBuilder.send:76 com.motorola.motocare.internal.frameworkevents.PauseResumeTrigger.handleFrameworkEvent:53 com.motorola.motocare.internal.frameworkevents.FwEventMonitor$FrameworkListener.processFrameworkEvent:114 
I/dalvikvm(11387): Could not find method android.widget.RelativeLayout.<init>, referenced from method com.whatsapp.ConversationContentLayout.<init>
W/dalvikvm(11387): VFY: unable to resolve direct method 5533: Landroid/widget/RelativeLayout;.<init> (Landroid/content/Context;Landroid/util/AttributeSet;II)V
D/dalvikvm(11387): VFY: replacing opcode 0x70 at 0x0000
D/dalvikvm(11387): GC_CONCURRENT freed 4304K, 26% free 12848K/17224K, paused 4ms+5ms, total 55ms
D/AwesomePlayer(  277): Before reset_l
I/AwesomePlayer(  277): setDataSource(FD URL suppressed)
D/dalvikvm(11387): GC_FOR_ALLOC freed 87K, 26% free 12785K/17224K, paused 39ms, total 40ms
I/dalvikvm-heap(11387): Grow heap (frag case) to 18.035MB for 3686416-byte allocation
D/QCUtils (  277): extended extractor not needed, return default
D/dalvikvm(11387): GC_CONCURRENT freed 82K, 22% free 16303K/20828K, paused 3ms+3ms, total 33ms
D/AwesomePlayer(  277): Before reset_l
I/AwesomePlayer(  277): setDataSource(FD URL suppressed)
D/QCUtils (  277): extended extractor not needed, return default
D/AwesomePlayer(  277): Before reset_l
I/AwesomePlayer(  277): setDataSource(FD URL suppressed)
D/QCUtils (  277): extended extractor not needed, return default
D/Ulp_jni ( 1025): Location CB invoked
V/WebViewChromiumFactoryProvider(11387): Binding Chromium to main looper Looper (main, tid 1) {41fa5a48}
I/LibraryLoader(11387): Expected native library version number "",actual native library version number ""
I/chromium(11387): [INFO:library_loader_hooks.cc(116)] Chromium logging enabled: level = 0, default verbosity = 0
I/BrowserStartupController(11387): Initializing chromium process, renderers=0
D/BluetoothManagerService( 1025): Message: 20
D/BluetoothManagerService( 1025): Added callback: android.bluetooth.IBluetoothManagerCallback$Stub$Proxy@422703d8:true
D/BluetoothAdapter(11387): 1109403520: getState() :  mService = null. Returning STATE_OFF
I/LaunchCheckinHandler( 1025): Displayed com.whatsapp/.Conversation,wp,ca,738
I/ActivityManager( 1025): Displayed com.whatsapp/.Conversation: +739ms
I/SFPerfTracer(  274):      triggers: (rate: 42:1467) (compose: 0:10) (post: 0:1) (render: 1:180) (20:21292 frames) (21:69265)
D/SFPerfTracer(  274):        layers: (3:13) (DimLayer: 0:25)* (DimLayer: 0:6)* (FocusedStackFrame: 1:855)* (StatusBar: 0:7263) (NavigationBar: 0:7492) (com.android.wallpaper.fall.FallWallpaper: 0:18589)* (DimLayer: 0:825)* (DimLayer: 0:190)* (com.android.systemui/com.android.systemui.recent.RecentsActivity: 0:145)* (Starting com.whatsapp: 0:23)* (thumbnail anim: 0:6)* (com.whatsapp/com.whatsapp.HomeActivity: 0:46) (com.whatsapp/com.whatsapp.Conversation: 21:22)* 
D/WifiStateMachine( 1025): handleMessage: E msg.what=151572
D/WifiStateMachine( 1025): processMsg: ConnectedState
D/WifiStateMachine( 1025): processMsg: L2ConnectedState
D/WifiStateMachine( 1025): handleMessage: X
D/WifiStateMachine( 1025): handleMessage: E msg.what=131155
D/WifiStateMachine( 1025): processMsg: ConnectedState
D/WifiStateMachine( 1025): processMsg: L2ConnectedState
D/WifiStateMachine( 1025): handleMessage: X
I/SFPerfTracer(  274):      triggers: (rate: 51:26254) (7400 sw vsyncs) (55321 skipped) (18:80985 vsyncs) (20:99015)
D/WifiStateMachine( 1025): handleMessage: E msg.what=151572
D/WifiStateMachine( 1025): processMsg: ConnectedState
D/WifiStateMachine( 1025): processMsg: L2ConnectedState
D/WifiStateMachine( 1025): handleMessage: X
V/AlarmManager( 1025): sending alarm Alarm{428793b8 type 3 android}
D/WifiStateMachine( 1025): handleMessage: E msg.what=151572
D/WifiStateMachine( 1025): processMsg: ConnectedState
D/WifiStateMachine( 1025): processMsg: L2ConnectedState
D/WifiStateMachine( 1025): handleMessage: X
I/LatinIME( 1243): Starting input. Cursor position = 0,0
I/LatinIME:LogUtils( 1243): Dictionary info: dictionary = ContextualDictionary.en_GB ; version = 1428342840 ; date = ?
D/dalvikvm( 1243): GC_FOR_ALLOC freed 2902K, 35% free 11304K/17224K, paused 28ms, total 28ms
E/AmanattoDataUpdaterHelper( 1243): Failed to get contextual suggestions.
E/AmanattoDataUpdaterHelper( 1243): package name: com.whatsapp
E/AmanattoDataUpdaterHelper( 1243): Error message: Disabled
D/WifiStateMachine( 1025): handleMessage: E msg.what=151572
D/WifiStateMachine( 1025): processMsg: ConnectedState
D/WifiStateMachine( 1025): processMsg: L2ConnectedState
D/WifiStateMachine( 1025): handleMessage: X
D/WifiStateMachine( 1025): handleMessage: E msg.what=131155
D/WifiStateMachine( 1025): processMsg: ConnectedState
D/WifiStateMachine( 1025): processMsg: L2ConnectedState
D/WifiStateMachine( 1025): handleMessage: X
I/SFPerfTracer(  274):      triggers: (rate: 42:1467) (compose: 0:10) (post: 0:1) (render: 1:180) (27:21344 frames) (28:69368)
D/SFPerfTracer(  274):        layers: (4:11) (DimLayer: 0:25)* (DimLayer: 0:6)* (FocusedStackFrame: 0:857)* (StatusBar: 1:7267) (NavigationBar: 0:7493) (com.android.wallpaper.fall.FallWallpaper: 0:18589)* (DimLayer: 0:825)* (DimLayer: 0:192)* (com.whatsapp/com.whatsapp.HomeActivity: 0:65)* (com.whatsapp/com.whatsapp.Conversation: 24:115) (InputMethod: 14:19) 
D/WifiStateMachine( 1025): handleMessage: E msg.what=151572
D/WifiStateMachine( 1025): processMsg: ConnectedState
D/WifiStateMachine( 1025): processMsg: L2ConnectedState
D/WifiStateMachine( 1025): handleMessage: X
D/dalvikvm( 1025): GC_EXPLICIT freed 1152K, 25% free 27315K/36344K, paused 4ms+11ms, total 127ms
D/dalvikvm(11515): GC_EXPLICIT freed 398K, 46% free 9399K/17224K, paused 2ms+8ms, total 34ms
D/dalvikvm( 1025): GC_EXPLICIT freed 208K, 26% free 27198K/36344K, paused 4ms+11ms, total 116ms
I/SFPerfTracer(  274):      triggers: (rate: 51:26254) (7400 sw vsyncs) (55321 skipped) (18:81069 vsyncs) (20:99119)
D/WifiStateMachine( 1025): handleMessage: E msg.what=151572
D/WifiStateMachine( 1025): processMsg: ConnectedState
D/WifiStateMachine( 1025): processMsg: L2ConnectedState
D/WifiStateMachine( 1025): handleMessage: X
D/WifiStateMachine( 1025): handleMessage: E msg.what=151572
D/WifiStateMachine( 1025): processMsg: ConnectedState
D/WifiStateMachine( 1025): processMsg: L2ConnectedState
D/WifiStateMachine( 1025): handleMessage: X
D/WifiStateMachine( 1025): handleMessage: E msg.what=131155
D/WifiStateMachine( 1025): processMsg: ConnectedState
D/WifiStateMachine( 1025): processMsg: L2ConnectedState
D/WifiStateMachine( 1025): handleMessage: X
D/WifiStateMachine( 1025): handleMessage: E msg.what=151572
D/WifiStateMachine( 1025): processMsg: ConnectedState
D/WifiStateMachine( 1025): processMsg: L2ConnectedState
D/WifiStateMachine( 1025): handleMessage: X
D/WifiStateMachine( 1025): handleMessage: E msg.what=151572
D/WifiStateMachine( 1025): processMsg: ConnectedState
D/WifiStateMachine( 1025): processMsg: L2ConnectedState
D/WifiStateMachine( 1025): handleMessage: X
D/WifiStateMachine( 1025): handleMessage: E msg.what=151572
D/WifiStateMachine( 1025): processMsg: ConnectedState
D/WifiStateMachine( 1025): processMsg: L2ConnectedState
D/WifiStateMachine( 1025): handleMessage: X
D/WifiStateMachine( 1025): handleMessage: E msg.what=131155
D/WifiStateMachine( 1025): processMsg: ConnectedState
D/WifiStateMachine( 1025): processMsg: L2ConnectedState
D/WifiStateMachine( 1025): handleMessage: X
I/iu.UploadsManager( 1402): End new media; added: 0, uploading: 0, time: 33 ms
D/dalvikvm(11952): GC_FOR_ALLOC freed 2784K, 25% free 12942K/17224K, paused 14ms, total 15ms
D/MtpServer(11515): path: /storage/emulated/0/Download/FB_Auth-release.apk parent: 8 storageID: 00010001
D/Ulp_jni ( 1025): Location CB invoked
D/dalvikvm( 1025): GC_EXPLICIT freed 162K, 26% free 27199K/36344K, paused 4ms+10ms, total 121ms
D/WifiStateMachine( 1025): handleMessage: E msg.what=151572
D/WifiStateMachine( 1025): processMsg: ConnectedState
D/WifiStateMachine( 1025): processMsg: L2ConnectedState
D/WifiStateMachine( 1025): handleMessage: X
D/WifiStateMachine( 1025): handleMessage: E msg.what=151572
D/WifiStateMachine( 1025): processMsg: ConnectedState
D/WifiStateMachine( 1025): processMsg: L2ConnectedState
D/WifiStateMachine( 1025): handleMessage: X
D/WifiStateMachine( 1025): handleMessage: E msg.what=151572
D/WifiStateMachine( 1025): processMsg: ConnectedState
D/WifiStateMachine( 1025): processMsg: L2ConnectedState
D/WifiStateMachine( 1025): handleMessage: X
D/WifiStateMachine( 1025): handleMessage: E msg.what=131155
D/WifiStateMachine( 1025): processMsg: ConnectedState
D/WifiStateMachine( 1025): processMsg: L2ConnectedState
D/WifiStateMachine( 1025): handleMessage: X
I/SFPerfTracer(  274):      triggers: (rate: 51:26254) (7400 sw vsyncs) (55321 skipped) (0:81124 vsyncs) (2:99220)
I/LatinIME:LogUtils( 1243): Dictionary info: dictionary = spellcheck_userunigram.en_GB ; version = 1428342851 ; date = ?
I/LatinIME:LogUtils( 1243): Dictionary info: dictionary = spellcheck_contacts.en_GB ; version = 1428172534 ; date = 1428172534
I/LatinIME:LogUtils( 1243): Dictionary info: dictionary = main:en_gb ; version = 52 ; date = 1412572953
I/LatinIME:LogUtils( 1243): Dictionary info: dictionary = main:en_gb ; version = 52 ; date = 1412572953
D/WifiStateMachine( 1025): handleMessage: E msg.what=151572
D/WifiStateMachine( 1025): processMsg: ConnectedState
D/WifiStateMachine( 1025): processMsg: L2ConnectedState
D/WifiStateMachine( 1025): handleMessage: X
I/SFPerfTracer(  274):       trigger: frame rate (-28.219%)	(43.069 fps)	(23.219 ms) 	(13 drops)	(56 frames)
I/SFPerfTracer(  274):      triggers: (rate: 43:1481) (compose: 0:10) (post: 0:1) (render: 1:180) (56:21403 frames) (57:69451)
D/SFPerfTracer(  274):        layers: (4:10) (DimLayer: 0:25)* (DimLayer: 0:6)* (FocusedStackFrame: 0:857)* (StatusBar: 0:7273) (NavigationBar: 0:7493) (com.android.wallpaper.fall.FallWallpaper: 0:18589)* (DimLayer: 0:825)* (DimLayer: 0:192)* (com.whatsapp/com.whatsapp.Conversation: 16:148) (InputMethod: 49:71) 
D/WifiStateMachine( 1025): handleMessage: E msg.what=151572
D/WifiStateMachine( 1025): processMsg: ConnectedState
D/WifiStateMachine( 1025): processMsg: L2ConnectedState
D/WifiStateMachine( 1025): handleMessage: X
I/SFPerfTracer(  274):       trigger: frame rate (-37.088%)	(37.747 fps)	(26.492 ms) 	(10 drops)	(39 frames)
I/SFPerfTracer(  274):      triggers: (rate: 44:1491) (compose: 0:10) (post: 0:1) (render: 1:180) (39:21444 frames) (40:69495)
D/SFPerfTracer(  274):        layers: (4:10) (DimLayer: 0:25)* (DimLayer: 0:6)* (FocusedStackFrame: 0:857)* (StatusBar: 0:7273) (NavigationBar: 0:7493) (com.android.wallpaper.fall.FallWallpaper: 0:18589)* (DimLayer: 0:825)* (DimLayer: 0:192)* (com.whatsapp/com.whatsapp.Conversation: 4:152) (InputMethod: 39:114) 
D/dalvikvm( 1243): GC_CONCURRENT freed 497K, 27% free 12728K/17224K, paused 3ms+3ms, total 32ms
D/WifiStateMachine( 1025): handleMessage: E msg.what=151572
D/WifiStateMachine( 1025): processMsg: ConnectedState
D/WifiStateMachine( 1025): processMsg: L2ConnectedState
D/WifiStateMachine( 1025): handleMessage: X
D/WifiStateMachine( 1025): handleMessage: E msg.what=131155
D/WifiStateMachine( 1025): processMsg: ConnectedState
D/WifiStateMachine( 1025): processMsg: L2ConnectedState
D/WifiStateMachine( 1025): handleMessage: X
I/SBar.NetworkController( 1119): onSignalStrengthsChanged SignalStrength: 12 0 -120 -160 -120 -1 -1 99 2147483647 2147483647 2147483647 2147483647 2147483647 gsm|lte 0 -108 -1 false 4 4 0 0 0 99 99 99 4 level=4
I/SBar.NetworkController( 1119): refreshSignalCluster: mobile: Signal=zz_moto_stat_sys_signal_4_fully_wide Roaming=(none) mSimIconId=(none) Accessibility="Phone signal full.","Not roaming.",""
I/SFPerfTracer(  274):      triggers: (rate: 51:26254) (7400 sw vsyncs) (55321 skipped) (40:81194 vsyncs) (42:99330)
D/WifiStateMachine( 1025): handleMessage: E msg.what=151572
D/WifiStateMachine( 1025): processMsg: ConnectedState
D/WifiStateMachine( 1025): processMsg: L2ConnectedState
D/WifiStateMachine( 1025): handleMessage: X
I/SFPerfTracer(  274):       trigger: frame rate (-27.700%)	(43.380 fps)	(23.052 ms) 	(12 drops)	(73 frames)
I/SFPerfTracer(  274):      triggers: (rate: 45:1503) (compose: 0:10) (post: 0:1) (render: 1:180) (73:21519 frames) (74:69572)
D/SFPerfTracer(  274):        layers: (4:10) (DimLayer: 0:25)* (DimLayer: 0:6)* (FocusedStackFrame: 0:857)* (StatusBar: 2:7275) (NavigationBar: 0:7493) (com.android.wallpaper.fall.FallWallpaper: 0:18589)* (DimLayer: 0:825)* (DimLayer: 0:192)* (com.whatsapp/com.whatsapp.Conversation: 4:156) (InputMethod: 72:189) 
D/WifiStateMachine( 1025): handleMessage: E msg.what=151572
D/WifiStateMachine( 1025): processMsg: ConnectedState
D/WifiStateMachine( 1025): processMsg: L2ConnectedState
D/WifiStateMachine( 1025): handleMessage: X
W/GestureStrokeRecognitionPoints( 1243): [0] drop stale event: 401,57|716 last: 394,45|732
W/GestureStrokeRecognitionPoints( 1243): [0] drop stale event: 401,65|724 last: 394,45|732
W/GestureStrokeRecognitionPoints( 1243): [0] drop stale event: 401,73|730 last: 394,45|732
D/WifiStateMachine( 1025): handleMessage: E msg.what=151572
D/WifiStateMachine( 1025): processMsg: ConnectedState
D/WifiStateMachine( 1025): processMsg: L2ConnectedState
D/WifiStateMachine( 1025): handleMessage: X
D/WifiStateMachine( 1025): handleMessage: E msg.what=131155
D/WifiStateMachine( 1025): processMsg: ConnectedState
D/WifiStateMachine( 1025): processMsg: L2ConnectedState
D/WifiStateMachine( 1025): handleMessage: X
I/SFPerfTracer(  274):      triggers: (rate: 51:26254) (7400 sw vsyncs) (55321 skipped) (27:81259 vsyncs) (29:99434)
D/WifiStateMachine( 1025): handleMessage: E msg.what=151572
D/WifiStateMachine( 1025): processMsg: ConnectedState
D/WifiStateMachine( 1025): processMsg: L2ConnectedState
D/WifiStateMachine( 1025): handleMessage: X
W/GestureStrokeRecognitionPoints( 1243): [0] drop stale event: 633,80|1858 last: 637,66|1871
W/GestureStrokeRecognitionPoints( 1243): [0] drop stale event: 631,82|1863 last: 637,66|1871
W/GestureStrokeRecognitionPoints( 1243): [0] drop stale event: 630,83|1865 last: 637,66|1871
V/AlarmManager( 1025): sending alarm Alarm{430a7ad0 type 2 com.whatsapp}
V/AlarmManager( 1025): sending alarm Alarm{42c9d948 type 3 com.devexpert.weather}
V/AlarmManager( 1025): sending alarm Alarm{431d5ab0 type 0 com.google.android.gms}
I/ActivityManager( 1025): Start proc com.devexpert.weather for broadcast com.devexpert.weather/.view.WidgetWeather2x1: pid=12197 uid=10112 gids={50112, 3003, 1028, 1015}
D/dalvikvm(  275): GC_EXPLICIT freed 43K, 48% free 9011K/17224K, paused 2ms+2ms, total 22ms
D/dalvikvm(  275): GC_EXPLICIT freed <1K, 48% free 9011K/17224K, paused 2ms+4ms, total 22ms
D/dalvikvm(  275): GC_EXPLICIT freed <1K, 48% free 9011K/17224K, paused 1ms+2ms, total 19ms
D/Ulp_jni ( 1025): Location CB invoked
D/dalvikvm( 1402): GC_EXPLICIT freed 1466K, 29% free 12360K/17224K, paused 26ms+11ms, total 155ms
I/iu.UploadsManager( 1402): End new media; added: 0, uploading: 0, time: 196 ms
D/WifiStateMachine( 1025): handleMessage: E msg.what=151572
D/WifiStateMachine( 1025): processMsg: ConnectedState
D/WifiStateMachine( 1025): processMsg: L2ConnectedState
D/WifiStateMachine( 1025): handleMessage: X
I/SFPerfTracer(  274):      triggers: (rate: 51:26254) (7400 sw vsyncs) (55321 skipped) (48:81356 vsyncs) (50:99545)
D/WifiStateMachine( 1025): handleMessage: E msg.what=151572
D/WifiStateMachine( 1025): processMsg: ConnectedState
D/WifiStateMachine( 1025): processMsg: L2ConnectedState
D/WifiStateMachine( 1025): handleMessage: X
D/WifiStateMachine( 1025): handleMessage: E msg.what=131155
D/WifiStateMachine( 1025): processMsg: ConnectedState
D/WifiStateMachine( 1025): processMsg: L2ConnectedState
D/WifiStateMachine( 1025): handleMessage: X
I/SFPerfTracer(  274):      triggers: (rate: 45:1524) (compose: 0:10) (post: 0:1) (render: 1:180) (192:21714 frames) (193:69773)
D/SFPerfTracer(  274):        layers: (4:10) (DimLayer: 0:25)* (DimLayer: 0:6)* (FocusedStackFrame: 0:857)* (StatusBar: 2:7277) (NavigationBar: 0:7493) (com.android.wallpaper.fall.FallWallpaper: 0:18589)* (DimLayer: 0:825)* (DimLayer: 0:192)* (com.whatsapp/com.whatsapp.Conversation: 9:169) (InputMethod: 190:384) 
D/WifiStateMachine( 1025): handleMessage: E msg.what=151572
D/WifiStateMachine( 1025): processMsg: ConnectedState
D/WifiStateMachine( 1025): processMsg: L2ConnectedState
D/WifiStateMachine( 1025): handleMessage: X
D/WifiStateMachine( 1025): handleMessage: E msg.what=151572
D/WifiStateMachine( 1025): processMsg: ConnectedState
D/WifiStateMachine( 1025): processMsg: L2ConnectedState
D/WifiStateMachine( 1025): handleMessage: X
D/WifiStateMachine( 1025): handleMessage: E msg.what=151572
D/WifiStateMachine( 1025): processMsg: ConnectedState
D/WifiStateMachine( 1025): processMsg: L2ConnectedState
D/WifiStateMachine( 1025): handleMessage: X
D/WifiStateMachine( 1025): handleMessage: E msg.what=131155
D/WifiStateMachine( 1025): processMsg: ConnectedState
D/WifiStateMachine( 1025): processMsg: L2ConnectedState
D/WifiStateMachine( 1025): handleMessage: X
I/SFPerfTracer(  274):      triggers: (rate: 51:26254) (7400 sw vsyncs) (55321 skipped) (41:81430 vsyncs) (43:99649)
D/WifiStateMachine( 1025): handleMessage: E msg.what=151572
D/WifiStateMachine( 1025): processMsg: ConnectedState
D/WifiStateMachine( 1025): processMsg: L2ConnectedState
D/WifiStateMachine( 1025): handleMessage: X
I/SFPerfTracer(  274):       trigger: frame rate (-26.166%)	(44.300 fps)	(22.573 ms) 	(12 drops)	(82 frames)
I/SFPerfTracer(  274):      triggers: (rate: 46:1536) (compose: 0:10) (post: 0:1) (render: 1:180) (82:21799 frames) (83:69866)
D/SFPerfTracer(  274):        layers: (4:10) (DimLayer: 0:25)* (DimLayer: 0:6)* (FocusedStackFrame: 0:857)* (StatusBar: 0:7277) (NavigationBar: 0:7493) (com.android.wallpaper.fall.FallWallpaper: 0:18589)* (DimLayer: 0:825)* (DimLayer: 0:192)* (com.whatsapp/com.whatsapp.Conversation: 4:178) (InputMethod: 82:472) 
D/WifiStateMachine( 1025): handleMessage: E msg.what=151572
D/WifiStateMachine( 1025): processMsg: ConnectedState
D/WifiStateMachine( 1025): processMsg: L2ConnectedState
D/WifiStateMachine( 1025): handleMessage: X
D/WifiStateMachine( 1025): handleMessage: E msg.what=151572
D/WifiStateMachine( 1025): processMsg: ConnectedState
D/WifiStateMachine( 1025): processMsg: L2ConnectedState
D/WifiStateMachine( 1025): handleMessage: X
D/WifiStateMachine( 1025): handleMessage: E msg.what=131155
D/WifiStateMachine( 1025): processMsg: ConnectedState
D/WifiStateMachine( 1025): processMsg: L2ConnectedState
D/WifiStateMachine( 1025): handleMessage: X
D/WifiStateMachine( 1025): handleMessage: E msg.what=151572
D/WifiStateMachine( 1025): processMsg: ConnectedState
D/WifiStateMachine( 1025): processMsg: L2ConnectedState
D/WifiStateMachine( 1025): handleMessage: X
D/WifiStateMachine( 1025): handleMessage: E msg.what=151572
D/WifiStateMachine( 1025): processMsg: ConnectedState
D/WifiStateMachine( 1025): processMsg: L2ConnectedState
D/WifiStateMachine( 1025): handleMessage: X
D/Ulp_jni ( 1025): Location CB invoked
D/WifiStateMachine( 1025): handleMessage: E msg.what=151572
D/WifiStateMachine( 1025): processMsg: ConnectedState
D/WifiStateMachine( 1025): processMsg: L2ConnectedState
D/WifiStateMachine( 1025): handleMessage: X
D/WifiStateMachine( 1025): handleMessage: E msg.what=131155
D/WifiStateMachine( 1025): processMsg: ConnectedState
D/WifiStateMachine( 1025): processMsg: L2ConnectedState
D/WifiStateMachine( 1025): handleMessage: X
D/WifiStateMachine( 1025): handleMessage: E msg.what=151572
D/WifiStateMachine( 1025): processMsg: ConnectedState
D/WifiStateMachine( 1025): processMsg: L2ConnectedState
D/WifiStateMachine( 1025): handleMessage: X
I/SFPerfTracer(  274):      triggers: (rate: 51:26254) (7400 sw vsyncs) (55321 skipped) (17:81476 vsyncs) (19:99750)
D/WifiStateMachine( 1025): handleMessage: E msg.what=151572
D/WifiStateMachine( 1025): processMsg: ConnectedState
D/WifiStateMachine( 1025): processMsg: L2ConnectedState
D/WifiStateMachine( 1025): handleMessage: X
D/WifiStateMachine( 1025): handleMessage: E msg.what=151572
D/WifiStateMachine( 1025): processMsg: ConnectedState
D/WifiStateMachine( 1025): processMsg: L2ConnectedState
D/WifiStateMachine( 1025): handleMessage: X
D/WifiStateMachine( 1025): handleMessage: E msg.what=131155
D/WifiStateMachine( 1025): processMsg: ConnectedState
D/WifiStateMachine( 1025): processMsg: L2ConnectedState
D/WifiStateMachine( 1025): handleMessage: X
I/LatinIME( 1243): Starting input. Cursor position = 25,25
I/LatinIME:LogUtils( 1243): Dictionary info: dictionary = ContextualDictionary.en_GB ; version = 1428342872 ; date = ?
E/AmanattoDataUpdaterHelper( 1243): Failed to get contextual suggestions.
E/AmanattoDataUpdaterHelper( 1243): package name: com.whatsapp
E/AmanattoDataUpdaterHelper( 1243): Error message: Disabled
D/AwesomePlayer(  277): Before reset_l
I/AwesomePlayer(  277): setDataSource(FD URL suppressed)
D/QCUtils (  277): extended extractor not needed, return default
D/MediaPlayerService(  277): sendMsgToAudioEffects, Success! isApply = true, audioSessionId = 104, streamType = 0x5
D/MediaPlayerService(  277): sendMsgToAudioEffects effect ready
E/MediaPlayer(11387): Should have subtitle controller already set
I/SoftAAC2(  277): Reconfiguring decoder: 0->44100 Hz, 0->1 channels
I/OMXNodeInstance(  277): OMX_FreeBuffer for buffer header 0xb72532e0 successful
I/OMXNodeInstance(  277): OMX_FreeBuffer for buffer header 0xb72534f0 successful
I/OMXNodeInstance(  277): OMX_FreeBuffer for buffer header 0xb7253630 successful
I/OMXNodeInstance(  277): OMX_FreeBuffer for buffer header 0xb7212038 successful
D/audio_hw_primary(  277): out_set_parameters: enter: usecase(0: deep-buffer-playback) kvpairs: routing=2
D/audio_hw_extn(  277): audio_extn_set_anc_parameters: anc_enabled:0
V/listen_hw(  277): listen_hw_set_parameters: Enter, kvpairs = routing=2 
V/listen_hw(  277): handle_set_parameters: Enter kvpairs=routing=2.
V/listen_hw(  277): handle_set_parameters: Exit
V/listen_hw(  277): listen_hw_set_parameters: Exit, ret=0
V/msm8974_platform(  277): platform_get_output_snd_device: enter: output devices(0x2)
V/msm8974_platform(  277): platform_get_output_snd_device: exit: snd_device(speaker)
D/audio_hw_primary(  277): select_devices: out_snd_device(2: speaker) in_snd_device(0: )
D/hardware_info(  277): hw_info_append_hw_type : device_name = speaker
V/msm8974_platform(  277): platform_send_audio_calibration: sending audio calibration for snd_device(2) acdb_id(14)
D/WifiStateMachine( 1025): handleMessage: E msg.what=151572
D/WifiStateMachine( 1025): processMsg: ConnectedState
D/WifiStateMachine( 1025): processMsg: L2ConnectedState
D/WifiStateMachine( 1025): handleMessage: X
E/MediaPlayer(11387): internal/external state mismatch corrected
W/ProcessCpuTracker( 1025): Skipping unknown process pid 12301
W/ProcessCpuTracker( 1025): Skipping unknown process pid 12302
W/ProcessCpuTracker( 1025): Skipping unknown process pid 12314
D/hardware_info(  277): hw_info_append_hw_type : device_name = speaker
V/AlarmManager( 1025): sending alarm Alarm{42ba1c58 type 2 com.facebook.katana}
V/AlarmManager( 1025): sending alarm Alarm{42afdaa8 type 2 com.facebook.katana}
D/WifiStateMachine( 1025): handleMessage: E msg.what=151572
D/WifiStateMachine( 1025): processMsg: ConnectedState
D/WifiStateMachine( 1025): processMsg: L2ConnectedState
D/WifiStateMachine( 1025): handleMessage: X
D/WifiStateMachine( 1025): handleMessage: E msg.what=151572
D/WifiStateMachine( 1025): processMsg: ConnectedState
D/WifiStateMachine( 1025): processMsg: L2ConnectedState
D/WifiStateMachine( 1025): handleMessage: X
W/ContextImpl( 1295): Calling a method in the system process without a qualified user: android.app.ContextImpl.sendBroadcast:1252 android.content.ContextWrapper.sendBroadcast:365 com.motorola.motocare.util.TriggerHelper$TriggerBuilder.send:76 com.motorola.motocare.internal.frameworkevents.ProcessKillTrigger.sendTrigger:147 com.motorola.motocare.internal.frameworkevents.ProcessKillTrigger.handleLmkKill:337 
W/ContextImpl( 1295): Calling a method in the system process without a qualified user: android.app.ContextImpl.sendBroadcast:1252 android.content.ContextWrapper.sendBroadcast:365 com.motorola.motocare.util.TriggerHelper$TriggerBuilder.send:76 com.motorola.motocare.internal.frameworkevents.ProcessKillTrigger.sendTrigger:147 com.motorola.motocare.internal.frameworkevents.ProcessKillTrigger.handleLmkKill:337 
W/ContextImpl( 1295): Calling a method in the system process without a qualified user: android.app.ContextImpl.sendBroadcast:1252 android.content.ContextWrapper.sendBroadcast:365 com.motorola.motocare.util.TriggerHelper$TriggerBuilder.send:76 com.motorola.motocare.internal.frameworkevents.ProcessKillTrigger.sendTrigger:147 com.motorola.motocare.internal.frameworkevents.ProcessKillTrigger.handleLmkKill:337 
W/ContextImpl( 1295): Calling a method in the system process without a qualified user: android.app.ContextImpl.sendBroadcast:1252 android.content.ContextWrapper.sendBroadcast:365 com.motorola.motocare.util.TriggerHelper$TriggerBuilder.send:76 com.motorola.motocare.internal.frameworkevents.ProcessKillTrigger.sendTrigger:147 com.motorola.motocare.internal.frameworkevents.ProcessKillTrigger.handleLmkKill:337 
W/ContextImpl( 1295): Calling a method in the system process without a qualified user: android.app.ContextImpl.sendBroadcast:1252 android.content.ContextWrapper.sendBroadcast:365 com.motorola.motocare.util.TriggerHelper$TriggerBuilder.send:76 com.motorola.motocare.internal.frameworkevents.ProcessKillTrigger.sendTrigger:147 com.motorola.motocare.internal.frameworkevents.ProcessKillTrigger.handleLmkKill:337 
D/WifiStateMachine( 1025): handleMessage: E msg.what=131155
D/WifiStateMachine( 1025): processMsg: ConnectedState
D/WifiStateMachine( 1025): processMsg: L2ConnectedState
W/ContextImpl( 1295): Calling a method in the system process without a qualified user: android.app.ContextImpl.sendBroadcast:1252 android.content.ContextWrapper.sendBroadcast:365 com.motorola.motocare.util.TriggerHelper$TriggerBuilder.send:76 com.motorola.motocare.internal.frameworkevents.ProcessKillTrigger.sendTrigger:147 com.motorola.motocare.internal.frameworkevents.ProcessKillTrigger.handleLmkKill:337 
W/ContextImpl( 1295): Calling a method in the system process without a qualified user: android.app.ContextImpl.sendBroadcast:1252 android.content.ContextWrapper.sendBroadcast:365 com.motorola.motocare.util.TriggerHelper$TriggerBuilder.send:76 com.motorola.motocare.internal.frameworkevents.ProcessKillTrigger.sendTrigger:147 com.motorola.motocare.internal.frameworkevents.ProcessKillTrigger.handleLmkKill:337 
W/ContextImpl( 1295): Calling a method in the system process without a qualified user: android.app.ContextImpl.sendBroadcast:1252 android.content.ContextWrapper.sendBroadcast:365 com.motorola.motocare.util.TriggerHelper$TriggerBuilder.send:76 com.motorola.motocare.internal.frameworkevents.ProcessKillTrigger.sendTrigger:147 com.motorola.motocare.internal.frameworkevents.ProcessKillTrigger.handleLmkKill:337 
W/ContextImpl( 1295): Calling a method in the system process without a qualified user: android.app.ContextImpl.sendBroadcast:1252 android.content.ContextWrapper.sendBroadcast:365 com.motorola.motocare.util.TriggerHelper$TriggerBuilder.send:76 com.motorola.motocare.internal.frameworkevents.ProcessKillTrigger.sendTrigger:147 com.motorola.motocare.internal.frameworkevents.ProcessKillTrigger.handleLmkKill:337 
D/WifiStateMachine( 1025): handleMessage: X
W/ContextImpl( 1295): Calling a method in the system process without a qualified user: android.app.ContextImpl.sendBroadcast:1252 android.content.ContextWrapper.sendBroadcast:365 com.motorola.motocare.util.TriggerHelper$TriggerBuilder.send:76 com.motorola.motocare.internal.frameworkevents.ProcessKillTrigger.sendTrigger:147 com.motorola.motocare.internal.frameworkevents.ProcessKillTrigger.handleLmkKill:337 
W/ContextImpl( 1295): Calling a method in the system process without a qualified user: android.app.ContextImpl.sendBroadcast:1252 android.content.ContextWrapper.sendBroadcast:365 com.motorola.motocare.util.TriggerHelper$TriggerBuilder.send:76 com.motorola.motocare.internal.frameworkevents.ProcessKillTrigger.sendTrigger:147 com.motorola.motocare.internal.frameworkevents.ProcessKillTrigger.handleLmkKill:337 
