D/WifiStateMachine( 1016): processMsg: L2ConnectedState
D/WifiStateMachine( 1016): handleMessage: X
V/AlarmManager( 1016): sending alarm Alarm{42942cb0 type 2 android}
D/ConnectivityService( 1016): Sampling interval elapsed, updating statistics ..
V/AlarmManager( 1016): sending alarm Alarm{4293e728 type 3 com.devexpert.weather}
V/AlarmManager( 1016): sending alarm Alarm{4293e4a0 type 2 com.google.android.gms}
D/ConnectivityService( 1016): Done.
D/ConnectivityService( 1016): Setting timer for 720seconds
D/GCM     (30376): Message class com.google.f.a.a.i
D/WifiStateMachine( 1016): handleMessage: E msg.what=151572
D/WifiStateMachine( 1016): processMsg: ConnectedState
D/WifiStateMachine( 1016): processMsg: L2ConnectedState
D/WifiStateMachine( 1016): handleMessage: X
D/ConnectivityService( 1016): handleInetConditionHoldEnd: net=1, condition=100, published condition=100
I/ModemStatsDSDetect( 1279): onReceive() -Intent { act=android.net.conn.INET_CONDITION_ACTION flg=0x4000010 (has extras) }
I/SBar.NetworkController( 1078): onReceive: ConnectivityManager.INET_CONDITION_ACTION Received
I/SBar.NetworkController( 1078): updateConnectivity: NetworkInfo: NetworkInfo: type: WIFI[], state: CONNECTED/CONNECTED, reason: (unspecified), extra: "Moulin Rouge", roaming: false, failover: false, isAvailable: true, isConnectedToProvisioningNetwork: false, inetCondition= 1
I/ModemStatsDSDetect( 1279): INET_CONDITION=100 ,activeNet=NetworkInfo: type: WIFI[], state: CONNECTED/CONNECTED, reason: (unspecified), extra: "Moulin Rouge", roaming: false, failover: false, isAvailable: true, isConnectedToProvisioningNetwork: false
I/ModemStatsDSDetect( 1279): onReceive() - done, currentInetCondition=100
D/WifiStateMachine( 1016): handleMessage: E msg.what=151572
D/WifiStateMachine( 1016): processMsg: ConnectedState
D/WifiStateMachine( 1016): processMsg: L2ConnectedState
D/WifiStateMachine( 1016): handleMessage: X
D/WifiStateMachine( 1016): handleMessage: E msg.what=131155
D/WifiStateMachine( 1016): processMsg: ConnectedState
D/WifiStateMachine( 1016): processMsg: L2ConnectedState
D/WifiStateMachine( 1016): handleMessage: X
I/SFPerfTracer(  278):      triggers: (rate: 37:29507) (88108 sw vsyncs) (53269 skipped) (5:152539 vsyncs) (7:259648)
D/WifiStateMachine( 1016): handleMessage: E msg.what=151572
D/WifiStateMachine( 1016): processMsg: ConnectedState
D/WifiStateMachine( 1016): processMsg: L2ConnectedState
D/WifiStateMachine( 1016): handleMessage: X
D/WifiStateMachine( 1016): handleMessage: E msg.what=151572
D/WifiStateMachine( 1016): processMsg: ConnectedState
D/WifiStateMachine( 1016): processMsg: L2ConnectedState
D/WifiStateMachine( 1016): handleMessage: X
D/WifiStateMachine( 1016): handleMessage: E msg.what=151572
D/WifiStateMachine( 1016): processMsg: ConnectedState
D/WifiStateMachine( 1016): processMsg: L2ConnectedState
D/WifiStateMachine( 1016): handleMessage: X
D/WifiStateMachine( 1016): handleMessage: E msg.what=131155
D/WifiStateMachine( 1016): processMsg: ConnectedState
D/WifiStateMachine( 1016): processMsg: L2ConnectedState
D/WifiStateMachine( 1016): handleMessage: X
D/WifiStateMachine( 1016): handleMessage: E msg.what=151572
D/WifiStateMachine( 1016): processMsg: ConnectedState
D/WifiStateMachine( 1016): processMsg: L2ConnectedState
D/WifiStateMachine( 1016): handleMessage: X
D/WifiStateMachine( 1016): handleMessage: E msg.what=151572
D/WifiStateMachine( 1016): processMsg: ConnectedState
D/WifiStateMachine( 1016): processMsg: L2ConnectedState
D/WifiStateMachine( 1016): handleMessage: X
D/WifiStateMachine( 1016): handleMessage: E msg.what=151572
D/WifiStateMachine( 1016): processMsg: ConnectedState
D/WifiStateMachine( 1016): processMsg: L2ConnectedState
D/WifiStateMachine( 1016): handleMessage: X
D/WifiStateMachine( 1016): handleMessage: E msg.what=131155
D/WifiStateMachine( 1016): processMsg: ConnectedState
D/WifiStateMachine( 1016): processMsg: L2ConnectedState
D/WifiStateMachine( 1016): handleMessage: X
D/WifiStateMachine( 1016): handleMessage: E msg.what=151572
D/WifiStateMachine( 1016): processMsg: ConnectedState
D/WifiStateMachine( 1016): processMsg: L2ConnectedState
D/WifiStateMachine( 1016): handleMessage: X
D/WifiStateMachine( 1016): handleMessage: E msg.what=151572
D/WifiStateMachine( 1016): processMsg: ConnectedState
D/WifiStateMachine( 1016): processMsg: L2ConnectedState
D/WifiStateMachine( 1016): handleMessage: X
D/WifiStateMachine( 1016): handleMessage: E msg.what=151572
D/WifiStateMachine( 1016): processMsg: ConnectedState
D/WifiStateMachine( 1016): processMsg: L2ConnectedState
D/WifiStateMachine( 1016): handleMessage: X
D/WifiStateMachine( 1016): handleMessage: E msg.what=131155
D/WifiStateMachine( 1016): processMsg: ConnectedState
D/WifiStateMachine( 1016): processMsg: L2ConnectedState
D/WifiStateMachine( 1016): handleMessage: X
D/WifiStateMachine( 1016): handleMessage: E msg.what=151572
D/WifiStateMachine( 1016): processMsg: ConnectedState
D/WifiStateMachine( 1016): processMsg: L2ConnectedState
D/WifiStateMachine( 1016): handleMessage: X
D/WifiStateMachine( 1016): handleMessage: E msg.what=151572
D/WifiStateMachine( 1016): processMsg: ConnectedState
D/WifiStateMachine( 1016): processMsg: L2ConnectedState
D/WifiStateMachine( 1016): handleMessage: X
D/WifiStateMachine( 1016): handleMessage: E msg.what=151572
D/WifiStateMachine( 1016): processMsg: ConnectedState
D/WifiStateMachine( 1016): processMsg: L2ConnectedState
D/WifiStateMachine( 1016): handleMessage: X
D/WifiStateMachine( 1016): handleMessage: E msg.what=131155
D/WifiStateMachine( 1016): processMsg: ConnectedState
D/WifiStateMachine( 1016): processMsg: L2ConnectedState
D/WifiStateMachine( 1016): handleMessage: X
D/dalvikvm(25168): GC_CONCURRENT freed 3182K, 16% free 17126K/20348K, paused 8ms+4ms, total 95ms
D/WifiStateMachine( 1016): handleMessage: E msg.what=151572
D/WifiStateMachine( 1016): processMsg: ConnectedState
D/WifiStateMachine( 1016): processMsg: L2ConnectedState
D/WifiStateMachine( 1016): handleMessage: X
D/WifiStateMachine( 1016): handleMessage: E msg.what=151572
D/WifiStateMachine( 1016): processMsg: ConnectedState
D/WifiStateMachine( 1016): processMsg: L2ConnectedState
D/WifiStateMachine( 1016): handleMessage: X
D/WifiStateMachine( 1016): handleMessage: E msg.what=151572
D/WifiStateMachine( 1016): processMsg: ConnectedState
D/WifiStateMachine( 1016): processMsg: L2ConnectedState
D/WifiStateMachine( 1016): handleMessage: X
D/WifiStateMachine( 1016): handleMessage: E msg.what=131155
D/WifiStateMachine( 1016): processMsg: ConnectedState
D/WifiStateMachine( 1016): processMsg: L2ConnectedState
D/WifiStateMachine( 1016): handleMessage: X
D/WifiStateMachine( 1016): handleMessage: E msg.what=151572
D/WifiStateMachine( 1016): processMsg: ConnectedState
D/WifiStateMachine( 1016): processMsg: L2ConnectedState
D/WifiStateMachine( 1016): handleMessage: X
D/WifiStateMachine( 1016): handleMessage: E msg.what=151572
D/WifiStateMachine( 1016): processMsg: ConnectedState
D/WifiStateMachine( 1016): processMsg: L2ConnectedState
D/WifiStateMachine( 1016): handleMessage: X
D/WifiStateMachine( 1016): handleMessage: E msg.what=151572
D/WifiStateMachine( 1016): processMsg: ConnectedState
D/WifiStateMachine( 1016): processMsg: L2ConnectedState
D/WifiStateMachine( 1016): handleMessage: X
D/WifiStateMachine( 1016): handleMessage: E msg.what=131155
D/WifiStateMachine( 1016): processMsg: ConnectedState
D/WifiStateMachine( 1016): processMsg: L2ConnectedState
D/WifiStateMachine( 1016): handleMessage: X
D/WifiStateMachine( 1016): handleMessage: E msg.what=151572
D/WifiStateMachine( 1016): processMsg: ConnectedState
D/WifiStateMachine( 1016): processMsg: L2ConnectedState
D/WifiStateMachine( 1016): handleMessage: X
D/WifiStateMachine( 1016): handleMessage: E msg.what=151572
D/WifiStateMachine( 1016): processMsg: ConnectedState
D/WifiStateMachine( 1016): processMsg: L2ConnectedState
D/WifiStateMachine( 1016): handleMessage: X
D/WifiStateMachine( 1016): handleMessage: E msg.what=151572
D/WifiStateMachine( 1016): processMsg: ConnectedState
D/WifiStateMachine( 1016): processMsg: L2ConnectedState
D/WifiStateMachine( 1016): handleMessage: X
D/WifiStateMachine( 1016): handleMessage: E msg.what=131155
D/WifiStateMachine( 1016): processMsg: ConnectedState
D/WifiStateMachine( 1016): processMsg: L2ConnectedState
D/WifiStateMachine( 1016): handleMessage: X
D/WifiStateMachine( 1016): handleMessage: E msg.what=151572
D/WifiStateMachine( 1016): processMsg: ConnectedState
D/WifiStateMachine( 1016): processMsg: L2ConnectedState
D/WifiStateMachine( 1016): handleMessage: X
D/WifiStateMachine( 1016): handleMessage: E msg.what=151572
D/WifiStateMachine( 1016): processMsg: ConnectedState
D/WifiStateMachine( 1016): processMsg: L2ConnectedState
D/WifiStateMachine( 1016): handleMessage: X
D/WifiStateMachine( 1016): handleMessage: E msg.what=151572
D/WifiStateMachine( 1016): processMsg: ConnectedState
D/WifiStateMachine( 1016): processMsg: L2ConnectedState
D/WifiStateMachine( 1016): handleMessage: X
D/WifiStateMachine( 1016): handleMessage: E msg.what=131155
D/WifiStateMachine( 1016): processMsg: ConnectedState
D/WifiStateMachine( 1016): processMsg: L2ConnectedState
D/WifiStateMachine( 1016): handleMessage: X
D/WifiStateMachine( 1016): handleMessage: E msg.what=151572
D/WifiStateMachine( 1016): processMsg: ConnectedState
D/WifiStateMachine( 1016): processMsg: L2ConnectedState
D/WifiStateMachine( 1016): handleMessage: X
D/WifiStateMachine( 1016): handleMessage: E msg.what=151572
D/WifiStateMachine( 1016): processMsg: ConnectedState
D/WifiStateMachine( 1016): processMsg: L2ConnectedState
D/WifiStateMachine( 1016): handleMessage: X
D/WifiStateMachine( 1016): handleMessage: E msg.what=151572
D/WifiStateMachine( 1016): processMsg: ConnectedState
D/WifiStateMachine( 1016): processMsg: L2ConnectedState
D/WifiStateMachine( 1016): handleMessage: X
D/WifiStateMachine( 1016): handleMessage: E msg.what=131155
D/WifiStateMachine( 1016): processMsg: ConnectedState
D/WifiStateMachine( 1016): processMsg: L2ConnectedState
D/WifiStateMachine( 1016): handleMessage: X
D/WifiStateMachine( 1016): handleMessage: E msg.what=151572
D/WifiStateMachine( 1016): processMsg: ConnectedState
D/WifiStateMachine( 1016): processMsg: L2ConnectedState
D/WifiStateMachine( 1016): handleMessage: X
D/WifiStateMachine( 1016): handleMessage: E msg.what=151572
D/WifiStateMachine( 1016): processMsg: ConnectedState
D/WifiStateMachine( 1016): processMsg: L2ConnectedState
D/WifiStateMachine( 1016): handleMessage: X
D/WifiStateMachine( 1016): handleMessage: E msg.what=151572
D/WifiStateMachine( 1016): processMsg: ConnectedState
D/WifiStateMachine( 1016): processMsg: L2ConnectedState
D/WifiStateMachine( 1016): handleMessage: X
D/WifiStateMachine( 1016): handleMessage: E msg.what=131155
D/WifiStateMachine( 1016): processMsg: ConnectedState
D/WifiStateMachine( 1016): processMsg: L2ConnectedState
D/WifiStateMachine( 1016): handleMessage: X
D/WifiStateMachine( 1016): handleMessage: E msg.what=151572
D/WifiStateMachine( 1016): processMsg: ConnectedState
D/WifiStateMachine( 1016): processMsg: L2ConnectedState
D/WifiStateMachine( 1016): handleMessage: X
D/WifiStateMachine( 1016): handleMessage: E msg.what=151572
D/WifiStateMachine( 1016): processMsg: ConnectedState
D/WifiStateMachine( 1016): processMsg: L2ConnectedState
D/WifiStateMachine( 1016): handleMessage: X
D/WifiStateMachine( 1016): handleMessage: E msg.what=151572
D/WifiStateMachine( 1016): processMsg: ConnectedState
D/WifiStateMachine( 1016): processMsg: L2ConnectedState
D/WifiStateMachine( 1016): handleMessage: X
D/WifiStateMachine( 1016): handleMessage: E msg.what=131155
D/WifiStateMachine( 1016): processMsg: ConnectedState
D/WifiStateMachine( 1016): processMsg: L2ConnectedState
D/WifiStateMachine( 1016): handleMessage: X
D/WifiStateMachine( 1016): handleMessage: E msg.what=151572
D/WifiStateMachine( 1016): processMsg: ConnectedState
D/WifiStateMachine( 1016): processMsg: L2ConnectedState
D/WifiStateMachine( 1016): handleMessage: X
D/WifiStateMachine( 1016): handleMessage: E msg.what=151572
D/WifiStateMachine( 1016): processMsg: ConnectedState
D/WifiStateMachine( 1016): processMsg: L2ConnectedState
D/WifiStateMachine( 1016): handleMessage: X
D/WifiStateMachine( 1016): handleMessage: E msg.what=151572
D/WifiStateMachine( 1016): processMsg: ConnectedState
D/WifiStateMachine( 1016): processMsg: L2ConnectedState
D/WifiStateMachine( 1016): handleMessage: X
D/WifiStateMachine( 1016): handleMessage: E msg.what=131155
D/WifiStateMachine( 1016): processMsg: ConnectedState
D/WifiStateMachine( 1016): processMsg: L2ConnectedState
D/WifiStateMachine( 1016): handleMessage: X
D/WifiStateMachine( 1016): handleMessage: E msg.what=151572
D/WifiStateMachine( 1016): processMsg: ConnectedState
D/WifiStateMachine( 1016): processMsg: L2ConnectedState
D/WifiStateMachine( 1016): handleMessage: X
D/WifiStateMachine( 1016): handleMessage: E msg.what=151572
D/WifiStateMachine( 1016): processMsg: ConnectedState
D/WifiStateMachine( 1016): processMsg: L2ConnectedState
D/WifiStateMachine( 1016): handleMessage: X
D/WifiStateMachine( 1016): handleMessage: E msg.what=151572
D/WifiStateMachine( 1016): processMsg: ConnectedState
D/WifiStateMachine( 1016): processMsg: L2ConnectedState
D/WifiStateMachine( 1016): handleMessage: X
D/WifiStateMachine( 1016): handleMessage: E msg.what=131155
D/WifiStateMachine( 1016): processMsg: ConnectedState
D/WifiStateMachine( 1016): processMsg: L2ConnectedState
D/WifiStateMachine( 1016): handleMessage: X
D/WifiStateMachine( 1016): handleMessage: E msg.what=151572
D/WifiStateMachine( 1016): processMsg: ConnectedState
D/WifiStateMachine( 1016): processMsg: L2ConnectedState
D/WifiStateMachine( 1016): handleMessage: X
D/WifiStateMachine( 1016): handleMessage: E msg.what=151572
D/WifiStateMachine( 1016): processMsg: ConnectedState
D/WifiStateMachine( 1016): processMsg: L2ConnectedState
D/WifiStateMachine( 1016): handleMessage: X
D/MDMCTBK (  276): reply_len: 40 reply is = IFNAME=wlan0 <3>CTRL-EVENT-BSS-REMOVED 1
D/MDMCTBK (  276): Event received = CTRL-EVENT-BSS-REMOVED 1
D/MDMCTBK (  276): reply_len: 40 reply is = IFNAME=wlan0 <3>CTRL-EVENT-BSS-REMOVED 1
D/MDMCTBK (  276): Event received = CTRL-EVENT-BSS-REMOVED 1
D/MDMCTBK (  276): reply_len: 40 reply is = IFNAME=wlan0 <3>CTRL-EVENT-BSS-REMOVED 1
D/MDMCTBK (  276): Event received = CTRL-EVENT-BSS-REMOVED 1
D/MDMCTBK (  276): reply_len: 40 reply is = IFNAME=wlan0 <3>CTRL-EVENT-BSS-REMOVED 1
D/MDMCTBK (  276): Event received = CTRL-EVENT-BSS-REMOVED 1
D/WifiStateMachine( 1016): handleMessage: E msg.what=151572
D/WifiStateMachine( 1016): processMsg: ConnectedState
D/WifiStateMachine( 1016): processMsg: L2ConnectedState
D/WifiStateMachine( 1016): handleMessage: X
I/PowerManagerService( 1016): Nap time...
I/PowerManagerService( 1016): Going to sleep due to screen timeout...
D/SurfaceFlinger(  278): Screen released, type=0 flinger=0xb7ca1450
D/qdhwcomposer(  278): hwc_blank: Blanking display: 0
D/WifiStateMachine( 1016): handleMessage: E msg.what=131155
D/WifiStateMachine( 1016): processMsg: ConnectedState
D/WifiStateMachine( 1016): processMsg: L2ConnectedState
D/WifiStateMachine( 1016): handleMessage: X
D/qdhwcomposer(  278): hwc_blank: Done blanking display: 0
D/SurfaceControl( 1016): Excessive delay in blankDisplay() while turning screen off: 193ms
I/AonLTInterfaceService( 1231): AodLT package version: 1000000
D/Sensors ( 1016): AccelerationSensor: Set Sensors state 0x1
D/Sensors ( 1016): AccelerationSensor: set delay 200
D/CordovaActivity(30957): Paused the application!
D/CordovaWebView(30957): Handle the pause
W/ContextImpl( 1231): Calling a method in the system process without a qualified user: android.app.ContextImpl.sendBroadcast:1252 android.content.ContextWrapper.sendBroadcast:365 com.motorola.motocare.util.TriggerHelper$TriggerBuilder.send:76 com.motorola.motocare.internal.frameworkevents.PauseResumeTrigger.handleFrameworkEvent:53 com.motorola.motocare.internal.frameworkevents.FwEventMonitor$FrameworkListener.processFrameworkEvent:114 
D/WifiStateMachine( 1016): handleScreenStateChanged: false
D/WifiStateMachine( 1016): handleMessage: E msg.what=131154
D/WifiStateMachine( 1016): processMsg: ConnectedState
D/WifiStateMachine( 1016): processMsg: L2ConnectedState
D/WifiStateMachine( 1016): handleMessage: X
D/WifiStateMachine( 1016): handleMessage: E msg.what=131163
D/WifiStateMachine( 1016): processMsg: ConnectedState
D/WifiStateMachine( 1016): processMsg: L2ConnectedState
D/WifiStateMachine( 1016): processMsg: ConnectModeState
D/WifiStateMachine( 1016): processMsg: DriverStartedState
D/WifiStateMachine( 1016): processMsg: SupplicantStartedState
D/WifiStateMachine( 1016): processMsg: DefaultState
D/WifiStateMachine( 1016): handleMessage: X
D/WifiStateMachine( 1016): handleMessage: E msg.what=131158
D/WifiStateMachine( 1016): processMsg: ConnectedState
D/WifiStateMachine( 1016): processMsg: L2ConnectedState
D/WifiStateMachine( 1016): processMsg: ConnectModeState
D/WifiStateMachine( 1016): processMsg: DriverStartedState
D/WifiStateMachine( 1016): setSuspendOptimizationsNative: 4 true
D/Sensors ( 1016): AccelerationSensor: Set Sensors state 0x0
D/audio_hw_primary(  284): adev_set_parameters: enter: screen_state=off
V/msm8974_platform(  284): platform_set_parameters: enter: screen_state=off
V/msm8974_platform(  284): platform_set_parameters: exit with code(-2)
E/audio_a2dp_hw(  284): adev_set_parameters: ERROR: set param called even when stream out is null
D/WifiStateMachine( 1016): handleMessage: X
W/IdleConnectionHandler(24241): Removing a connection that never existed!
W/ContextImpl( 1231): Calling a method in the system process without a qualified user: android.app.ContextImpl.startService:1608 android.content.ContextWrapper.startService:494 android.content.ContextWrapper.startService:494 com.motorola.motocare.internal.batterystats.BatteryStatsAction.onReceive:33 android.app.ActivityThread.handleReceiver:2434 
D/dalvikvm( 1231): GC_CONCURRENT freed 2032K, 46% free 9417K/17224K, paused 10ms+23ms, total 84ms
D/WifiStateMachine( 1016): handleMessage: E msg.what=131155
D/WifiStateMachine( 1016): processMsg: ConnectedState
D/WifiStateMachine( 1016): processMsg: L2ConnectedState
D/WifiStateMachine( 1016): handleMessage: X
V/AlarmManager( 1016): sending alarm Alarm{4289e3c0 type 2 com.android.keyguard}
V/AlarmManager( 1016): sending alarm Alarm{428a3340 type 0 com.facebook.katana}
V/KeyguardHostView( 1078): Initial transport state: 0, pbstate=0
D/KeyguardHostView( 1078): showSecurityScreen(None)
D/KeyguardHostView( 1078): getSecurityView(Invalid)
D/KeyguardHostView( 1078): getSecurityView(None)
D/dalvikvm( 1078): GC_FOR_ALLOC freed 4294K, 23% free 14264K/18396K, paused 21ms, total 23ms
V/KeyguardHostView( 1078): hide transport, gen:24
V/KeyguardHostView( 1078): music state changed: 0
D/KeyguardHostView( 1078): showSecurityScreen(None)
W/View    ( 1078): requestLayout() improperly called by android.widget.TextClock{4293e928 V.ED.... ......ID 104,0-484,213 #7f0a004b app:id/clock_view} during layout: running second layout pass
W/View    ( 1078): requestLayout() improperly called by android.widget.TextClock{42efba90 V.ED.... ......ID 145,0-270,38 #7f0a0050 app:id/date_view} during layout: running second layout pass
W/View    ( 1078): requestLayout() improperly called by android.widget.TextView{42c2dfd8 V.ED.... ......ID 286,0-442,38 #7f0a0051 app:id/alarm_status} during layout: running second layout pass
D/PhoneStatusBar( 1078): disable: < expand icons alerts ticker system_info BACK* HOME* RECENT* CLOCK* search >
V/AlarmManager( 1016): sending alarm Alarm{428a3390 type 3 android}
V/AlarmManager( 1016): sending alarm Alarm{428a3450 type 3 com.devexpert.weather}
V/AlarmManager( 1016): sending alarm Alarm{428b0cb0 type 2 com.google.android.gms}
V/AlarmManager( 1016): sending alarm Alarm{428b0d00 type 2 com.google.android.gsf}
D/KInfoc  (25740): clear batch timer
D/KInfoc  (25740): set batch timer
D/KInfoc  (25740):  BATCH REPORTER STARTED ........
V/AlarmManager( 1016): sending alarm Alarm{428ee048 type 3 android}
V/AlarmManager( 1016): sending alarm Alarm{428ee120 type 3 com.devexpert.weather}
V/AlarmManager( 1016): sending alarm Alarm{428f61c8 type 2 android}
D/WifiStateMachine( 1016): handleMessage: E msg.what=196612
D/WifiStateMachine( 1016): processMsg: ConnectedState
D/WifiStateMachine( 1016): processMsg: L2ConnectedState
D/WifiStateMachine( 1016): setSuspendOptimizationsNative: 1 false
E/WifiStateMachine( 1016): Unexpected BatchedScanResults :OK
D/WifiP2pService( 1016): InactiveState{ when=-3ms what=143375 arg1=1 arg2=196615 obj=android.net.DhcpStateMachine@4290d258 target=com.android.internal.util.StateMachine$SmHandler }
D/WifiP2pService( 1016): P2pEnabledState{ when=-3ms what=143375 arg1=1 arg2=196615 obj=android.net.DhcpStateMachine@4290d258 target=com.android.internal.util.StateMachine$SmHandler }
D/WifiStateMachine( 1016): handleMessage: X
D/WifiStateMachine( 1016): handleMessage: E msg.what=196613
D/WifiStateMachine( 1016): processMsg: ConnectedState
D/WifiStateMachine( 1016): processMsg: L2ConnectedState
D/WifiStateMachine( 1016): setSuspendOptimizationsNative: 1 true
D/WifiP2pService( 1016): InactiveState{ when=0 what=143375 target=com.android.internal.util.StateMachine$SmHandler }
D/WifiP2pService( 1016): P2pEnabledState{ when=0 what=143375 target=com.android.internal.util.StateMachine$SmHandler }
D/WifiStateMachine( 1016): DHCP successful
D/WifiStateMachine( 1016): Calling ARP set with IP = 192.168.1.13
D/WifiStateMachine( 1016): transitionTo: destState=VerifyingLinkState
D/WifiStateMachine( 1016): handleMessage: new destination call exit/enter
D/WifiStateMachine( 1016): setupTempStateStackWithStatesToEnter: X mTempStateStackCount=1,curStateInfo: state=L2ConnectedState,active=true,parent=ConnectModeState
D/WifiStateMachine( 1016): invokeExitMethods: ConnectedState
D/WifiStateMachine( 1016): moveTempStackToStateStack: i=0,j=5
D/WifiStateMachine( 1016): moveTempStackToStateStack: X mStateStackTop=5,startingIndex=5,Top=VerifyingLinkState
D/WifiStateMachine( 1016): invokeEnterMethods: VerifyingLinkState
D/WifiStateMachine( 1016): VerifyingLinkState enter
D/WifiStateMachine( 1016): setDetailed state, old =CONNECTED and new state=VERIFYING_POOR_LINK
I/SBar.NetworkController( 1078): onReceive: WifiManager.NETWORK_STATE_CHANGED_ACTION Received
I/ActivityManager( 1016): Start proc com.motorola.genie for broadcast com.motorola.genie/.prefetch.WiFiStatusReceiver: pid=31204 uid=10026 gids={50026, 3003, 1028, 1015}
I/SBar.NetworkController( 1078): refreshSignalCluster: wifi: mWifiConnected=false Wifi=zz_moto_stat_sys_wifi_signal_null_wide Activity=(none) in=false out=false Accessibility="Wi-Fi disconnected."
I/SBar.NetworkController( 1078): refreshSignalCluster: mobile: Signal=zz_moto_stat_sys_signal_emergency_only_wide Roaming=(none) mSimIconId=zz_moto_stat_sys_no_sim_wide Accessibility="Emergency calls only.","","No SIM card."
I/SBar.NetworkController( 1078): refreshSignalCluster: mobile: mHasMobileDataFeature=true DataTypeShown=(none) Activity=(none) in=false out=false Accessibility="No data."
D/WifiStateMachine( 1016): moveDeferredMessageAtFrontOfQueue; what=131152
D/WifiStateMachine( 1016): moveDeferredMessageAtFrontOfQueue; what=131152
D/WifiStateMachine( 1016): moveDeferredMessageAtFrontOfQueue; what=131152
D/WifiStateMachine( 1016): moveDeferredMessageAtFrontOfQueue; what=131152
D/WifiStateMachine( 1016): moveDeferredMessageAtFrontOfQueue; what=131152
D/WifiStateMachine( 1016): moveDeferredMessageAtFrontOfQueue; what=131152
D/WifiStateMachine( 1016): moveDeferredMessageAtFrontOfQueue; what=131152
D/WifiStateMachine( 1016): moveDeferredMessageAtFrontOfQueue; what=131152
D/WifiStateMachine( 1016): handleMessage: X
D/WifiStateMachine( 1016): handleMessage: E msg.what=131152
D/WifiStateMachine( 1016): processMsg: VerifyingLinkState
D/WifiStateMachine( 1016): VerifyingLinkState what=131152 NOT_HANDLED
D/WifiStateMachine( 1016): processMsg: L2ConnectedState
D/WifiStateMachine( 1016): deferMessage: msg=131152
D/WifiStateMachine( 1016): handleMessage: X
D/WifiStateMachine( 1016): handleMessage: E msg.what=131152
D/WifiStateMachine( 1016): processMsg: VerifyingLinkState
D/WifiStateMachine( 1016): VerifyingLinkState what=131152 NOT_HANDLED
D/WifiStateMachine( 1016): processMsg: L2ConnectedState
D/WifiStateMachine( 1016): deferMessage: msg=131152
D/WifiStateMachine( 1016): handleMessage: X
D/WifiStateMachine( 1016): handleMessage: E msg.what=131152
D/WifiStateMachine( 1016): processMsg: VerifyingLinkState
D/WifiStateMachine( 1016): VerifyingLinkState what=131152 NOT_HANDLED
D/WifiStateMachine( 1016): processMsg: L2ConnectedState
D/WifiStateMachine( 1016): deferMessage: msg=131152
D/WifiStateMachine( 1016): handleMessage: X
D/WifiStateMachine( 1016): handleMessage: E msg.what=131152
D/WifiStateMachine( 1016): processMsg: VerifyingLinkState
D/WifiStateMachine( 1016): VerifyingLinkState what=131152 NOT_HANDLED
D/WifiStateMachine( 1016): processMsg: L2ConnectedState
D/WifiStateMachine( 1016): deferMessage: msg=131152
D/WifiStateMachine( 1016): handleMessage: X
D/WifiStateMachine( 1016): handleMessage: E msg.what=131152
D/WifiStateMachine( 1016): processMsg: VerifyingLinkState
D/WifiStateMachine( 1016): VerifyingLinkState what=131152 NOT_HANDLED
D/WifiStateMachine( 1016): processMsg: L2ConnectedState
D/WifiStateMachine( 1016): deferMessage: msg=131152
D/WifiStateMachine( 1016): handleMessage: X
D/WifiStateMachine( 1016): handleMessage: E msg.what=131152
D/WifiStateMachine( 1016): processMsg: VerifyingLinkState
D/WifiStateMachine( 1016): VerifyingLinkState what=131152 NOT_HANDLED
D/WifiStateMachine( 1016): processMsg: L2ConnectedState
D/WifiStateMachine( 1016): deferMessage: msg=131152
D/WifiStateMachine( 1016): handleMessage: X
D/WifiStateMachine( 1016): handleMessage: E msg.what=131152
D/WifiStateMachine( 1016): processMsg: VerifyingLinkState
D/WifiStateMachine( 1016): VerifyingLinkState what=131152 NOT_HANDLED
D/WifiStateMachine( 1016): processMsg: L2ConnectedState
D/WifiStateMachine( 1016): deferMessage: msg=131152
D/WifiStateMachine( 1016): handleMessage: X
D/WifiStateMachine( 1016): handleMessage: E msg.what=131152
D/WifiStateMachine( 1016): processMsg: VerifyingLinkState
D/WifiStateMachine( 1016): VerifyingLinkState what=131152 NOT_HANDLED
D/WifiStateMachine( 1016): processMsg: L2ConnectedState
D/WifiStateMachine( 1016): deferMessage: msg=131152
D/WifiStateMachine( 1016): handleMessage: X
D/WifiStateMachine( 1016): handleMessage: E msg.what=151572
D/WifiStateMachine( 1016): processMsg: VerifyingLinkState
D/WifiStateMachine( 1016): VerifyingLinkState what=151572 NOT_HANDLED
D/WifiStateMachine( 1016): processMsg: L2ConnectedState
D/dalvikvm(  280): GC_EXPLICIT freed 43K, 48% free 9010K/17224K, paused 1ms+2ms, total 21ms
D/dalvikvm(  280): GC_EXPLICIT freed <1K, 48% free 9010K/17224K, paused 2ms+2ms, total 18ms
D/dalvikvm(  280): GC_EXPLICIT freed <1K, 48% free 9010K/17224K, paused 1ms+3ms, total 17ms
I/SBar.NetworkController( 1078): onReceive: WifiManager.RSSI_CHANGED_ACTION Received
D/WifiStateMachine( 1016): handleMessage: X
D/WifiStateMachine( 1016): handleMessage: E msg.what=135190
D/WifiStateMachine( 1016): processMsg: VerifyingLinkState
D/WifiStateMachine( 1016): VerifyingLinkState GOOD_LINK_DETECTED: transition to captive portal check
D/WifiStateMachine( 1016): transitionTo: destState=CaptivePortalCheckState
D/WifiStateMachine( 1016): handleMessage: new destination call exit/enter
D/WifiStateMachine( 1016): setupTempStateStackWithStatesToEnter: X mTempStateStackCount=1,curStateInfo: state=L2ConnectedState,active=true,parent=ConnectModeState
D/WifiStateMachine( 1016): invokeExitMethods: VerifyingLinkState
D/WifiStateMachine( 1016): moveTempStackToStateStack: i=0,j=5
D/WifiStateMachine( 1016): moveTempStackToStateStack: X mStateStackTop=5,startingIndex=5,Top=CaptivePortalCheckState
D/WifiStateMachine( 1016): invokeEnterMethods: CaptivePortalCheckState
D/WifiStateMachine( 1016): CaptivePortalCheckState enter
D/WifiStateMachine( 1016): setDetailed state, old =VERIFYING_POOR_LINK and new state=CAPTIVE_PORTAL_CHECK
D/WifiStateMachine( 1016): moveDeferredMessageAtFrontOfQueue; what=131152
D/WifiStateMachine( 1016): moveDeferredMessageAtFrontOfQueue; what=131152
D/WifiStateMachine( 1016): moveDeferredMessageAtFrontOfQueue; what=131152
D/WifiStateMachine( 1016): moveDeferredMessageAtFrontOfQueue; what=131152
D/WifiStateMachine( 1016): moveDeferredMessageAtFrontOfQueue; what=131152
D/WifiStateMachine( 1016): moveDeferredMessageAtFrontOfQueue; what=131152
D/WifiStateMachine( 1016): moveDeferredMessageAtFrontOfQueue; what=131152
D/WifiStateMachine( 1016): moveDeferredMessageAtFrontOfQueue; what=131152
D/WifiStateMachine( 1016): handleMessage: X
D/WifiStateMachine( 1016): handleMessage: E msg.what=131152
D/ConnectivityService( 1016): Captive portal check NetworkInfo: type: WIFI[], state: CONNECTING/CAPTIVE_PORTAL_CHECK, reason: (unspecified), extra: "Moulin Rouge", roaming: false, failover: false, isAvailable: true, isConnectedToProvisioningNetwork: false
D/ConnectivityService( 1016): handleCaptivePortalTrackerCheck: call captivePortalCheckComplete ni=NetworkInfo: type: WIFI[], state: CONNECTING/CAPTIVE_PORTAL_CHECK, reason: (unspecified), extra: "Moulin Rouge", roaming: false, failover: false, isAvailable: true, isConnectedToProvisioningNetwork: false
D/WifiStateMachine( 1016): processMsg: CaptivePortalCheckState
D/WifiStateMachine( 1016): processMsg: L2ConnectedState
D/WifiStateMachine( 1016): deferMessage: msg=131152
D/WifiStateMachine( 1016): handleMessage: X
D/WifiStateMachine( 1016): handleMessage: E msg.what=131152
D/WifiStateMachine( 1016): processMsg: CaptivePortalCheckState
D/WifiStateMachine( 1016): processMsg: L2ConnectedState
D/WifiStateMachine( 1016): deferMessage: msg=131152
D/WifiStateMachine( 1016): handleMessage: X
D/WifiStateMachine( 1016): handleMessage: E msg.what=131152
D/WifiStateMachine( 1016): processMsg: CaptivePortalCheckState
D/WifiStateMachine( 1016): processMsg: L2ConnectedState
I/SBar.NetworkController( 1078): onReceive: WifiManager.NETWORK_STATE_CHANGED_ACTION Received
D/WifiStateMachine( 1016): deferMessage: msg=131152
D/WifiStateMachine( 1016): handleMessage: X
D/WifiStateMachine( 1016): handleMessage: E msg.what=131152
D/WifiStateMachine( 1016): processMsg: CaptivePortalCheckState
D/WifiStateMachine( 1016): processMsg: L2ConnectedState
D/WifiStateMachine( 1016): deferMessage: msg=131152
D/WifiStateMachine( 1016): handleMessage: X
D/WifiStateMachine( 1016): handleMessage: E msg.what=131152
D/WifiStateMachine( 1016): processMsg: CaptivePortalCheckState
D/WifiStateMachine( 1016): processMsg: L2ConnectedState
D/WifiStateMachine( 1016): deferMessage: msg=131152
D/WifiStateMachine( 1016): handleMessage: X
D/WifiStateMachine( 1016): handleMessage: E msg.what=131152
D/WifiStateMachine( 1016): processMsg: CaptivePortalCheckState
D/WifiStateMachine( 1016): processMsg: L2ConnectedState
D/WifiStateMachine( 1016): deferMessage: msg=131152
D/WifiStateMachine( 1016): handleMessage: X
D/WifiStateMachine( 1016): handleMessage: E msg.what=131152
D/WifiStateMachine( 1016): processMsg: CaptivePortalCheckState
D/WifiStateMachine( 1016): processMsg: L2ConnectedState
D/WifiStateMachine( 1016): deferMessage: msg=131152
D/WifiStateMachine( 1016): handleMessage: X
D/WifiStateMachine( 1016): handleMessage: E msg.what=131152
D/WifiStateMachine( 1016): processMsg: CaptivePortalCheckState
D/WifiStateMachine( 1016): processMsg: L2ConnectedState
D/WifiStateMachine( 1016): deferMessage: msg=131152
D/WifiStateMachine( 1016): handleMessage: X
D/WifiStateMachine( 1016): handleMessage: E msg.what=131092
D/ConnectivityService( 1016): Captive portal check NetworkInfo: type: WIFI[], state: CONNECTING/CAPTIVE_PORTAL_CHECK, reason: (unspecified), extra: "Moulin Rouge", roaming: false, failover: false, isAvailable: true, isConnectedToProvisioningNetwork: false
D/ConnectivityService( 1016): handleCaptivePortalTrackerCheck: call captivePortalCheckComplete ni=NetworkInfo: type: WIFI[], state: CONNECTING/CAPTIVE_PORTAL_CHECK, reason: (unspecified), extra: "Moulin Rouge", roaming: false, failover: false, isAvailable: true, isConnectedToProvisioningNetwork: false
D/WifiStateMachine( 1016): processMsg: CaptivePortalCheckState
D/WifiStateMachine( 1016): CaptivePortalCheckState CMD_CAPTIVE_CHECK_COMPLETE
D/WifiStateMachine( 1016): setDetailed state, old =CAPTIVE_PORTAL_CHECK and new state=CONNECTED
D/Checkin ( 1016): publish the event [tag = MOT_WIFI_L1 event name = CONNECT]
D/ConnectivityService( 1016): ConnectivityChange for WIFI: CONNECTED/CONNECTED
I/SBar.NetworkController( 1078): onReceive: WifiManager.NETWORK_STATE_CHANGED_ACTION Received
D/WifiStateMachine( 1016): transitionTo: destState=ConnectedState
D/WifiStateMachine( 1016): handleMessage: new destination call exit/enter
D/WifiStateMachine( 1016): setupTempStateStackWithStatesToEnter: X mTempStateStackCount=1,curStateInfo: state=L2ConnectedState,active=true,parent=ConnectModeState
D/WifiStateMachine( 1016): invokeExitMethods: CaptivePortalCheckState
D/WifiStateMachine( 1016): moveTempStackToStateStack: i=0,j=5
D/WifiStateMachine( 1016): moveTempStackToStateStack: X mStateStackTop=5,startingIndex=5,Top=ConnectedState
D/WifiStateMachine( 1016): invokeEnterMethods: ConnectedState
D/WifiStateMachine( 1016): moveDeferredMessageAtFrontOfQueue; what=131152
D/WifiStateMachine( 1016): moveDeferredMessageAtFrontOfQueue; what=131152
D/WifiStateMachine( 1016): moveDeferredMessageAtFrontOfQueue; what=131152
D/WifiStateMachine( 1016): moveDeferredMessageAtFrontOfQueue; what=131152
D/WifiStateMachine( 1016): moveDeferredMessageAtFrontOfQueue; what=131152
D/WifiStateMachine( 1016): moveDeferredMessageAtFrontOfQueue; what=131152
D/WifiStateMachine( 1016): moveDeferredMessageAtFrontOfQueue; what=131152
D/WifiStateMachine( 1016): moveDeferredMessageAtFrontOfQueue; what=131152
D/WifiStateMachine( 1016): handleMessage: X
D/WifiStateMachine( 1016): handleMessage: E msg.what=131152
D/WifiStateMachine( 1016): processMsg: ConnectedState
D/WifiStateMachine( 1016): processMsg: L2ConnectedState
D/WifiStateMachine( 1016): deferMessage: msg=131152
D/WifiStateMachine( 1016): handleMessage: X
D/WifiStateMachine( 1016): handleMessage: E msg.what=131152
D/WifiStateMachine( 1016): processMsg: ConnectedState
D/WifiStateMachine( 1016): processMsg: L2ConnectedState
D/WifiStateMachine( 1016): deferMessage: msg=131152
D/WifiStateMachine( 1016): handleMessage: X
D/WifiStateMachine( 1016): handleMessage: E msg.what=131152
D/WifiStateMachine( 1016): processMsg: ConnectedState
D/WifiStateMachine( 1016): processMsg: L2ConnectedState
D/WifiStateMachine( 1016): deferMessage: msg=131152
D/WifiStateMachine( 1016): handleMessage: X
D/WifiStateMachine( 1016): handleMessage: E msg.what=131152
D/WifiStateMachine( 1016): processMsg: ConnectedState
D/WifiStateMachine( 1016): processMsg: L2ConnectedState
D/WifiStateMachine( 1016): deferMessage: msg=131152
D/WifiStateMachine( 1016): handleMessage: X
D/WifiStateMachine( 1016): handleMessage: E msg.what=131152
D/WifiStateMachine( 1016): processMsg: ConnectedState
D/WifiStateMachine( 1016): processMsg: L2ConnectedState
D/WifiStateMachine( 1016): deferMessage: msg=131152
D/WifiStateMachine( 1016): handleMessage: X
D/WifiStateMachine( 1016): handleMessage: E msg.what=131152
D/WifiStateMachine( 1016): processMsg: ConnectedState
D/WifiStateMachine( 1016): processMsg: L2ConnectedState
D/WifiStateMachine( 1016): deferMessage: msg=131152
D/WifiStateMachine( 1016): handleMessage: X
D/WifiStateMachine( 1016): handleMessage: E msg.what=131152
D/WifiStateMachine( 1016): processMsg: ConnectedState
D/WifiStateMachine( 1016): processMsg: L2ConnectedState
D/WifiStateMachine( 1016): deferMessage: msg=131152
D/WifiStateMachine( 1016): handleMessage: X
D/WifiStateMachine( 1016): handleMessage: E msg.what=131152
D/WifiStateMachine( 1016): processMsg: ConnectedState
D/WifiStateMachine( 1016): processMsg: L2ConnectedState
D/WifiStateMachine( 1016): deferMessage: msg=131152
D/WifiStateMachine( 1016): handleMessage: X
D/WifiStateMachine( 1016): handleMessage: E msg.what=131092
D/WifiStateMachine( 1016): processMsg: ConnectedState
D/WifiStateMachine( 1016): processMsg: L2ConnectedState
D/WifiStateMachine( 1016): processMsg: ConnectModeState
D/WifiStateMachine( 1016): processMsg: DriverStartedState
D/WifiStateMachine( 1016): processMsg: SupplicantStartedState
D/WifiStateMachine( 1016): processMsg: DefaultState
D/WifiStateMachine( 1016): handleMessage: X
V/ConnectivityService( 1016): WiFi NOT Tethered!
E/ConnectivityService( 1016): Unexpected mtu value: android.net.wifi.WifiStateTracker@42f7b6f8
D/ConnectivityService( 1016): handleConnectivityChange: address are the same reset per doReset linkProperty[1]: resetMask=0
D/Nat464Xlat( 1016): requiresClat: netType=1, hasIPv4Address=true
D/ConnectivityService( 1016): ConnectivityChange for WIFI: CONNECTED/CONNECTED
V/ConnectivityService( 1016): WiFi NOT Tethered!
E/ConnectivityService( 1016): Unexpected mtu value: android.net.wifi.WifiStateTracker@42f7b6f8
I/ModemStatsDSDetect( 1279): onReceive() -Intent { act=android.net.conn.CONNECTIVITY_CHANGE_IMMEDIATE flg=0x4000010 (has extras) }
I/ModemStatsDSDetect( 1279): INET_CONDITION=0 ,activeNet=NetworkInfo: type: WIFI[], state: CONNECTED/CONNECTED, reason: (unspecified), extra: "Moulin Rouge", roaming: false, failover: false, isAvailable: true, isConnectedToProvisioningNetwork: false
I/ModemStatsDSDetect( 1279): Inetcondition changed, blue->white
I/ModemStatsDSDetect( 1279): onReceive() - done, currentInetCondition=0
D/CCE     (30980): App motocare requested CCE to send settings
D/ConnectivityService( 1016): handleConnectivityChange: address are the same reset per doReset linkProperty[1]: resetMask=0
D/Nat464Xlat( 1016): requiresClat: netType=1, hasIPv4Address=true
I/ModemStatsDSDetect( 1279): onReceive() -Intent { act=android.net.conn.CONNECTIVITY_CHANGE_IMMEDIATE flg=0x4000010 (has extras) }
I/ModemStatsDSDetect( 1279): INET_CONDITION=0 ,activeNet=NetworkInfo: type: WIFI[], state: CONNECTED/CONNECTED, reason: (unspecified), extra: "Moulin Rouge", roaming: false, failover: false, isAvailable: true, isConnectedToProvisioningNetwork: false
I/ModemStatsDSDetect( 1279): onReceive() - done, currentInetCondition=0
I/SBar.NetworkController( 1078): refreshSignalCluster: wifi: mWifiConnected=true Wifi=zz_moto_stat_sys_wifi_signal_0_wide Activity=(none) in=false out=false Accessibility="Wi-Fi disconnected."
I/SBar.NetworkController( 1078): onReceive: WifiManager.RSSI_CHANGED_ACTION Received
I/SBar.NetworkController( 1078): refreshSignalCluster: wifi: mWifiConnected=true Wifi=zz_moto_stat_sys_wifi_signal_4_fully_wide Activity=(none) in=false out=false Accessibility="Wi-Fi signal full."
I/GCoreUlr(30429): Wifi connected, attempting upload
I/GCoreUlr(30429): Starting service, intent=Intent { act=com.google.android.location.reporting.WIFI_TRIGGERED_UPLOAD cmp=com.google.android.gms/com.google.android.location.reporting.service.DispatchingService }, extras=null
I/GCoreUlr(30429): DispatchingService.onCreate()
D/dalvikvm(30429): GC_CONCURRENT freed 1968K, 37% free 10876K/17224K, paused 2ms+5ms, total 79ms
D/dalvikvm(30429): WAIT_FOR_CONCURRENT_GC blocked 42ms
W/GCoreUlr(30429): DispatchingService ignoring Intent { act=com.google.android.location.reporting.WIFI_TRIGGERED_UPLOAD cmp=com.google.android.gms/com.google.android.location.reporting.service.DispatchingService } because ULR inactive
I/GCoreUlr(30429): DispatchingService.onDestroy()
I/GCoreUlr(30429): Unbound from all location providers
D/ConnectivityService( 1016): NetTransition Wakelock for ConnectedState released by timeout
D/Tethering( 1016): MasterInitialState.processMessage what=3
I/SBar.NetworkController( 1078): onReceive: ConnectivityManager.CONNECTIVITY_ACTION Received
I/SBar.NetworkController( 1078): the netConditon of netType 1 is updated as 0 by android.net.conn.CONNECTIVITY_CHANGE,icon color should be white.
I/SBar.NetworkController( 1078): updateConnectivity: NetworkInfo: NetworkInfo: type: WIFI[], state: CONNECTED/CONNECTED, reason: (unspecified), extra: "Moulin Rouge", roaming: false, failover: false, isAvailable: true, isConnectedToProvisioningNetwork: false, inetCondition= 0
W/XTWiFiOS( 1267): No entry in secure settings for enhanced location services: false
D/PollingManager(30980): connectivity_action: NetworkInfo: type: WIFI[], state: CONNECTED/CONNECTED, reason: (unspecified), extra: "Moulin Rouge", roaming: false, failover: false, isAvailable: true, isConnectedToProvisioningNetwork: false
D/TelephonyProvider( 1255): Column apn id key is 'apn_id'
W/XTWiFiOS( 1267): No entry in secure settings for enhanced location services: false
D/PollingManager(30980): now: 25998963 ,futureTime: 51904822
I/SBar.NetworkController( 1078): onReceive: ConnectivityManager.CONNECTIVITY_ACTION Received
D/PollingManager(30980): Polling alarm set to expire at: 51904822 Current Time: 25998963
I/SBar.NetworkController( 1078): updateConnectivity: NetworkInfo: NetworkInfo: type: WIFI[], state: CONNECTED/CONNECTED, reason: (unspecified), extra: "Moulin Rouge", roaming: false, failover: false, isAvailable: true, isConnectedToProvisioningNetwork: false, inetCondition= 0
D/Tethering( 1016): MasterInitialState.processMessage what=3
E/ActivityThread(30980): Failed to find provider info for com.motorola.blur.setupprovider
D/TelephonyProvider( 1255): Column apn id key is 'apn_id'
D/PollingManager(30980): connectivity_action: NetworkInfo: type: WIFI[], state: CONNECTED/CONNECTED, reason: (unspecified), extra: "Moulin Rouge", roaming: false, failover: false, isAvailable: true, isConnectedToProvisioningNetwork: false
D/PollingManager(30980): now: 25998977 ,futureTime: 51904822
D/PollingManager(30980): Polling alarm set to expire at: 51904822 Current Time: 25998977
E/ActivityThread(30980): Failed to find provider info for com.motorola.blur.setupprovider
I/openssl (25837): Crypto mode not selected, openssl will run on its regular mode.
I/openssl (25837): Crypto mode 0 already enabled
I/ActivityManager( 1016): Start proc com.android.mms for broadcast com.android.mms/.transaction.MmsSystemEventReceiver: pid=31284 uid=10031 gids={50031, 3003, 1028, 1015}
D/OtaApp  (30980): [debug] > AndroidClientUpgradeService.handleIntent: com.motorola.blur.service.blur.Actions.POLLINGMGR_CONNECTIVITY
D/OtaApp  (30980): [debug] > AndroidClientUpgradeService.handleIntent: com.motorola.blur.service.blur.Actions.POLLINGMGR_CONNECTIVITY
D/OtaApp  (30980): [debug] > CusSM.onRadioUp
D/OtaApp  (30980): [debug] > CusSM.sendUpgradeStatus: no unlogged events.
I/ActivityManager( 1016): Start proc com.google.android.apps.plus for service com.google.android.apps.plus/.service.EsSyncAdapterService: pid=31300 uid=10090 gids={50090, 3003, 3002, 1028, 1015}
D/OtaApp  (30980): [debug] > Description is null
D/OtaApp  (30980): [debug] > CusSM.runStateMachine: no versions found in database
D/OtaApp  (30980): [debug] > CusSM.onRadioUp
D/OtaApp  (30980): [debug] > CusSM.sendUpgradeStatus: no unlogged events.
D/OtaApp  (30980): [debug] > Description is null
D/OtaApp  (30980): [debug] > CusSM.runStateMachine: no versions found in database
D/TelephonyProvider( 1255): Column apn id key is 'apn_id'
D/TelephonyProvider( 1255): Column apn id key is 'apn_id'
I/ActivityManager( 1016): Process android.process.acore (pid 30344) has died.
V/MmsConfig(31284): mnc/mcc: 
V/MmsConfig(31284): tag: bool value: enabledMMS - true
V/MmsConfig(31284): tag: int value: maxMessageSize - 307200
V/MmsConfig(31284): tag: int value: maxImageHeight - 1944
V/MmsConfig(31284): tag: int value: maxImageWidth - 2592
V/MmsConfig(31284): tag: int value: defaultSMSMessagesPerThread - 500
V/MmsConfig(31284): tag: int value: defaultMMSMessagesPerThread - 50
V/MmsConfig(31284): tag: int value: minMessageCountPerThread - 10
V/MmsConfig(31284): tag: int value: maxMessageCountPerThread - 5000
V/MmsConfig(31284): tag: int value: recipientLimit - 20
D/dalvikvm(30980): GC_CONCURRENT freed 1992K, 39% free 10625K/17228K, paused 2ms+9ms, total 69ms
V/MmsConfig(31284): tag: bool value: enableMultipartSMS - true
V/MmsConfig(31284): tag: int value: smsToMmsTextThreshold - 6
V/MmsConfig(31284): tag: bool value: enableSlideDuration - true
V/MmsConfig(31284): tag: int value: maxMessageTextSize - -1
V/MmsConfig(31284): tag: int value: maxSubjectLength - 80
V/MmsConfig(31284): tag: bool value: smsForceShowEncodingMenu - true
V/MmsConfig(31284): tag: bool value: smsForce7BitEncoding - false
V/MmsConfig(31284): tag: bool value: enableGroupMms - false
E/MmsConfig(31284): MmsConfig.loadMmsSettings mms_config.xml missing uaProfUrl setting
I/ActivityManager( 1016): Start proc com.google.android.setupwizard for broadcast com.google.android.setupwizard/.MobileConnectivityChangeReceiver: pid=31322 uid=10042 gids={50042, 3003}
I/ActivityManager( 1016): Process com.motorola.MotGallery2 (pid 30368) has died.
I/ActivityManager( 1016): Start proc android.process.acore for content provider com.android.providers.contacts/.ContactsProvider2: pid=31337 uid=10010 gids={50010, 3003, 1028, 1015, 1023}
D/MobileConnectivityChangeReceiver(31322): onReceive Intent { act=android.net.conn.CONNECTIVITY_CHANGE flg=0x4000010 cmp=com.google.android.setupwizard/.MobileConnectivityChangeReceiver (has extras) }
D/MobileConnectivityChangeReceiver(31322): onReceive CONNECTIVITY_CHANGE networkType=1
E/PhoneMonitor(31322): onOtaspChanged old =0, new =3
V/PhoneMonitor(31322): mOtaspPhoneStateListener#onOtaspChanged, mOtaspMode=3
I/ActivityManager( 1016): Start proc com.android.chrome for broadcast com.android.chrome/com.google.android.apps.chrome.precache.PrecacheServiceLauncher: pid=31350 uid=10057 gids={50057, 3003, 1028, 1015}
I/CheckinService(30409): Checking schedule, now: 1428086650858 next: 1428084953219
I/CheckinService(30409): active receiver: enabled
I/CheckinService(30409): Preparing to send checkin request
I/EventLogService(30409): Accumulating logs since 1428086461880
D/dalvikvm( 1016): GC_EXPLICIT freed 3515K, 34% free 25920K/39124K, paused 4ms+15ms, total 133ms
I/iu.UploadsManager(31300): #reloadSettings(); account: null; pageID: none; IU: disabled; IS: disabled; photoWiFi: true; videoWiFi: true; roam: false; battery: true; size: FULL; maxMobile: 157286400
I/GoogleURLConnFactory(30409): Using platform SSLCertificateSocketFactory
I/CheckinRequestBuilder(30409): Checkin reason type: 8 attempt count: 1
I/ActivityManager( 1016): Start proc com.google.android.apps.magazines for broadcast com.google.android.apps.magazines/com.google.apps.dots.android.newsstand.appwidget.NewsWidgetProvider: pid=31369 uid=10077 gids={50077, 3003, 1028, 1015}
I/EsSyncAdapterService(31300): G+ sync (full, periodic) started.
I/iu.UploadsManager(31300): End new media; added: 0, uploading: 0, time: 86 ms
V/WebViewChromiumFactoryProvider(31369): Binding Chromium to main looper Looper (main, tid 1) {42789958}
I/LibraryLoader(31369): Expected native library version number "",actual native library version number ""
I/chromium(31369): [INFO:library_loader_hooks.cc(116)] Chromium logging enabled: level = 0, default verbosity = 0
I/BrowserStartupController(31369): Initializing chromium process, renderers=0
E/AudioManagerAndroid(31369): BLUETOOTH permission is missing!
I/ActivityManager( 1016): Process com.facebook.katana (pid 24241) has died.
D/WifiService( 1016): Client connection lost with reason: 4
W/ActivityManager( 1016): Scheduling restart of crashed service com.facebook.katana/com.facebook.push.mqtt.service.MqttPushService in 1000ms
W/ActivityManager( 1016): Service ServiceRecord{42965088 u0 com.facebook.katana/com.facebook.fbservice.service.DefaultBlueService} in process ProcessRecord{42fb67b0 24241:com.facebook.katana/u0a110} not same as in map: null
I/Adreno-EGL(31369): <qeglDrvAPI_eglInitialize:410>: EGL 1.4 QUALCOMM build: AU_LINUX_ANDROID_LNX.LA.3.5.1_RB1.04.04.02.048.018_msm8226_LNX.LA.3.5.1_RB1__release_AU ()
I/Adreno-EGL(31369): OpenGL ES Shader Compiler Version: E031.24.00.08
I/Adreno-EGL(31369): Build Date: 03/07/14 Fri
I/Adreno-EGL(31369): Local Branch: 
I/Adreno-EGL(31369): Remote Branch: quic/LNX.LA.3.5.1_RB1.1
I/Adreno-EGL(31369): Local Patches: NONE
I/Adreno-EGL(31369): Reconstruct Branch: AU_LINUX_ANDROID_LNX.LA.3.5.1_RB1.04.04.02.048.018 + f2fd134 +  NOTHING
I/ContactLocale(31337): AddressBook Labels [en_GB]: [, A, B, C, D, E, F, G, H, I, J, K, L, M, N, O, P, Q, R, S, T, U, V, W, X, Y, Z, , , , , , , , , , , , , , , , , , , , , , , , , , , , , , , , , , , , , , , , , , , , , , , , , , , , , , , , , , , , , , , , , , , , , , , , , , , , , , , , , , , , , , , , , , , , , , , , , , , , , , , , , , , , , , , , , , , , , , , , , , , , , , , , , , , , , , , , , , , , , , , , , , , , , , , , , , , , , , , , , , , , , , , , , , , , , , , , , , , , , , #, ]
I/iu.Environment(31300): update battery state; isPlugged? true*
I/iu.Environment(31300): update connectivity state; isNetworkMetered? false, isRoaming? false, isBackgroundDataAllowed? true*
I/iu.FingerprintManager(31300): Start processing all media
I/iu.FingerprintManager(31300): Start processing media store URI: content://media/external/images/media
I/iu.FingerprintManager(31300): Start processing media store URI: content://media/external/video/media
W/chromium(31369): [WARNING:proxy_service.cc(890)] PAC support disabled because there is no system implementation
I/iu.FingerprintManager(31300): Start processing media store URI: content://media/phoneStorage/images/media
I/iu.FingerprintManager(31300): Start processing media store URI: content://media/phoneStorage/video/media
I/iu.FingerprintManager(31300): Finished generating fingerprints; 0.018 seconds
I/iu.FingerprintManager(31300):   numSeen=0 numGenerated=0 numDeleted=0 numFailed=0
W/GAV2    (31369): Thread[main,5,main]: Need to call initialize() and be in fallback mode to start dispatch.
E/cutils  (  261): Failed to mkdirat(/storage/sdcard1/Android): Read-only file system
