W/ContextImpl( 1231): Calling a method in the system process without a qualified user: android.app.ContextImpl.sendBroadcast:1252 android.content.ContextWrapper.sendBroadcast:365 com.motorola.motocare.util.TriggerHelper$TriggerBuilder.send:76 com.motorola.motocare.internal.frameworkevents.ProcessKillTrigger.sendTrigger:147 com.motorola.motocare.internal.frameworkevents.ProcessKillTrigger.handleLmkKill:337 
W/ContextImpl( 1231): Calling a method in the system process without a qualified user: android.app.ContextImpl.sendBroadcast:1252 android.content.ContextWrapper.sendBroadcast:365 com.motorola.motocare.util.TriggerHelper$TriggerBuilder.send:76 com.motorola.motocare.internal.frameworkevents.ProcessKillTrigger.sendTrigger:147 com.motorola.motocare.internal.frameworkevents.ProcessKillTrigger.handleLmkKill:337 
W/ContextImpl( 1231): Calling a method in the system process without a qualified user: android.app.ContextImpl.sendBroadcast:1252 android.content.ContextWrapper.sendBroadcast:365 com.motorola.motocare.util.TriggerHelper$TriggerBuilder.send:76 com.motorola.motocare.internal.frameworkevents.ProcessKillTrigger.sendTrigger:147 com.motorola.motocare.internal.frameworkevents.ProcessKillTrigger.handleLmkKill:337 
W/ContextImpl( 1231): Calling a method in the system process without a qualified user: android.app.ContextImpl.sendBroadcast:1252 android.content.ContextWrapper.sendBroadcast:365 com.motorola.motocare.util.TriggerHelper$TriggerBuilder.send:76 com.motorola.motocare.internal.frameworkevents.ProcessKillTrigger.sendTrigger:147 com.motorola.motocare.internal.frameworkevents.ProcessKillTrigger.handleLmkKill:337 
W/ContextImpl( 1231): Calling a method in the system process without a qualified user: android.app.ContextImpl.sendBroadcast:1252 android.content.ContextWrapper.sendBroadcast:365 com.motorola.motocare.util.TriggerHelper$TriggerBuilder.send:76 com.motorola.motocare.internal.frameworkevents.ProcessKillTrigger.sendTrigger:147 com.motorola.motocare.internal.frameworkevents.ProcessKillTrigger.handleLmkKill:337 
W/ContextImpl( 1231): Calling a method in the system process without a qualified user: android.app.ContextImpl.sendBroadcast:1252 android.content.ContextWrapper.sendBroadcast:365 com.motorola.motocare.util.TriggerHelper$TriggerBuilder.send:76 com.motorola.motocare.internal.frameworkevents.ProcessKillTrigger.sendTrigger:147 com.motorola.motocare.internal.frameworkevents.ProcessKillTrigger.handleLmkKill:337 
W/ContextImpl( 1231): Calling a method in the system process without a qualified user: android.app.ContextImpl.sendBroadcast:1252 android.content.ContextWrapper.sendBroadcast:365 com.motorola.motocare.util.TriggerHelper$TriggerBuilder.send:76 com.motorola.motocare.internal.frameworkevents.ProcessKillTrigger.sendTrigger:147 com.motorola.motocare.internal.frameworkevents.ProcessKillTrigger.handleLmkKill:337 
W/ContextImpl( 1231): Calling a method in the system process without a qualified user: android.app.ContextImpl.sendBroadcast:1252 android.content.ContextWrapper.sendBroadcast:365 com.motorola.motocare.util.TriggerHelper$TriggerBuilder.send:76 com.motorola.motocare.internal.frameworkevents.ProcessKillTrigger.sendTrigger:147 com.motorola.motocare.internal.frameworkevents.ProcessKillTrigger.handleLmkKill:337 
I/SFPerfTracer(  278):      triggers: (rate: 39:2917) (compose: 0:14) (post: 0:2) (render: 9:449) (0:61801 frames) (1:168707)
D/SFPerfTracer(  278):        layers: (4:9) (DimLayer: 0:65)* (DimLayer: 0:25)* (FocusedStackFrame: 0:1921)* (StatusBar: 0:10201) (NavigationBar: 0:13157) (DimLayer: 0:3197)* (DimLayer: 0:349)* (com.android.wallpaper.fall.FallWallpaper: 1:20030) (com.android.launcher/com.android.launcher2.Launcher: 0:14) 
W/ContextImpl( 1231): Calling a method in the system process without a qualified user: android.app.ContextImpl.sendBroadcast:1252 android.content.ContextWrapper.sendBroadcast:365 com.motorola.motocare.util.TriggerHelper$TriggerBuilder.send:76 com.motorola.motocare.internal.frameworkevents.ProcessKillTrigger.sendTrigger:147 com.motorola.motocare.internal.frameworkevents.ProcessKillTrigger.handleLmkKill:337 
W/ContextImpl( 1231): Calling a method in the system process without a qualified user: android.app.ContextImpl.sendBroadcast:1252 android.content.ContextWrapper.sendBroadcast:365 com.motorola.motocare.util.TriggerHelper$TriggerBuilder.send:76 com.motorola.motocare.internal.frameworkevents.ProcessKillTrigger.sendTrigger:147 com.motorola.motocare.internal.frameworkevents.ProcessKillTrigger.handleLmkKill:337 
W/ContextImpl( 1231): Calling a method in the system process without a qualified user: android.app.ContextImpl.sendBroadcast:1252 android.content.ContextWrapper.sendBroadcast:365 com.motorola.motocare.util.TriggerHelper$TriggerBuilder.send:76 com.motorola.motocare.internal.frameworkevents.ProcessKillTrigger.sendTrigger:147 com.motorola.motocare.internal.frameworkevents.ProcessKillTrigger.handleLmkKill:337 
W/ContextImpl( 1231): Calling a method in the system process without a qualified user: android.app.ContextImpl.sendBroadcast:1252 android.content.ContextWrapper.sendBroadcast:365 com.motorola.motocare.util.TriggerHelper$TriggerBuilder.send:76 com.motorola.motocare.internal.frameworkevents.ProcessKillTrigger.sendTrigger:147 com.motorola.motocare.internal.frameworkevents.ProcessKillTrigger.handleLmkKill:337 
W/ContextImpl( 1231): Calling a method in the system process without a qualified user: android.app.ContextImpl.sendBroadcast:1252 android.content.ContextWrapper.sendBroadcast:365 com.motorola.motocare.util.TriggerHelper$TriggerBuilder.send:76 com.motorola.motocare.internal.frameworkevents.ProcessKillTrigger.sendTrigger:147 com.motorola.motocare.internal.frameworkevents.ProcessKillTrigger.handleLmkKill:337 
W/ContextImpl( 1231): Calling a method in the system process without a qualified user: android.app.ContextImpl.sendBroadcast:1252 android.content.ContextWrapper.sendBroadcast:365 com.motorola.motocare.util.TriggerHelper$TriggerBuilder.send:76 com.motorola.motocare.internal.frameworkevents.ProcessKillTrigger.sendTrigger:147 com.motorola.motocare.internal.frameworkevents.ProcessKillTrigger.handleLmkKill:337 
W/ContextImpl( 1231): Calling a method in the system process without a qualified user: android.app.ContextImpl.sendBroadcast:1252 android.content.ContextWrapper.sendBroadcast:365 com.motorola.motocare.util.TriggerHelper$TriggerBuilder.send:76 com.motorola.motocare.internal.frameworkevents.ProcessKillTrigger.sendTrigger:147 com.motorola.motocare.internal.frameworkevents.ProcessKillTrigger.handleLmkKill:337 
W/ContextImpl( 1231): Calling a method in the system process without a qualified user: android.app.ContextImpl.sendBroadcast:1252 android.content.ContextWrapper.sendBroadcast:365 com.motorola.motocare.util.TriggerHelper$TriggerBuilder.send:76 com.motorola.motocare.internal.frameworkevents.ProcessKillTrigger.sendTrigger:147 com.motorola.motocare.internal.frameworkevents.ProcessKillTrigger.handleLmkKill:337 
W/ContextImpl( 1231): Calling a method in the system process without a qualified user: android.app.ContextImpl.sendBroadcast:1252 android.content.ContextWrapper.sendBroadcast:365 com.motorola.motocare.util.TriggerHelper$TriggerBuilder.send:76 com.motorola.motocare.internal.frameworkevents.ProcessKillTrigger.sendTrigger:147 com.motorola.motocare.internal.frameworkevents.ProcessKillTrigger.handleLmkKill:337 
W/ContextImpl( 1231): Calling a method in the system process without a qualified user: android.app.ContextImpl.sendBroadcast:1252 android.content.ContextWrapper.sendBroadcast:365 com.motorola.motocare.util.TriggerHelper$TriggerBuilder.send:76 com.motorola.motocare.internal.frameworkevents.ProcessKillTrigger.sendTrigger:147 com.motorola.motocare.internal.frameworkevents.ProcessKillTrigger.handleLmkKill:337 
W/ContextImpl( 1231): Calling a method in the system process without a qualified user: android.app.ContextImpl.sendBroadcast:1252 android.content.ContextWrapper.sendBroadcast:365 com.motorola.motocare.util.TriggerHelper$TriggerBuilder.send:76 com.motorola.motocare.internal.frameworkevents.ProcessKillTrigger.sendTrigger:147 com.motorola.motocare.internal.frameworkevents.ProcessKillTrigger.handleLmkKill:337 
W/ContextImpl( 1231): Calling a method in the system process without a qualified user: android.app.ContextImpl.sendBroadcast:1252 android.content.ContextWrapper.sendBroadcast:365 com.motorola.motocare.util.TriggerHelper$TriggerBuilder.send:76 com.motorola.motocare.internal.frameworkevents.ProcessKillTrigger.sendTrigger:147 com.motorola.motocare.internal.frameworkevents.ProcessKillTrigger.handleLmkKill:337 
W/ContextImpl( 1231): Calling a method in the system process without a qualified user: android.app.ContextImpl.sendBroadcast:1252 android.content.ContextWrapper.sendBroadcast:365 com.motorola.motocare.util.TriggerHelper$TriggerBuilder.send:76 com.motorola.motocare.internal.frameworkevents.ProcessKillTrigger.sendTrigger:147 com.motorola.motocare.internal.frameworkevents.ProcessKillTrigger.handleLmkKill:337 
W/ContextImpl( 1231): Calling a method in the system process without a qualified user: android.app.ContextImpl.sendBroadcast:1252 android.content.ContextWrapper.sendBroadcast:365 com.motorola.motocare.util.TriggerHelper$TriggerBuilder.send:76 com.motorola.motocare.internal.frameworkevents.ProcessKillTrigger.sendTrigger:147 com.motorola.motocare.internal.frameworkevents.ProcessKillTrigger.handleLmkKill:337 
D/WifiStateMachine( 1016): handleMessage: E msg.what=151572
D/WifiStateMachine( 1016): processMsg: ConnectedState
D/WifiStateMachine( 1016): processMsg: L2ConnectedState
D/WifiStateMachine( 1016): handleMessage: X
D/dalvikvm( 6021): GC_EXPLICIT freed 1649K, 30% free 23067K/32900K, paused 10ms+14ms, total 324ms
V/AlarmManager( 1016): sending alarm Alarm{42adb6c0 type 3 android}
D/dalvikvm( 1016): GC_EXPLICIT freed 1680K, 33% free 26337K/39124K, paused 4ms+12ms, total 114ms
D/WifiStateMachine( 1016): handleMessage: E msg.what=131155
D/WifiStateMachine( 1016): processMsg: ConnectedState
D/WifiStateMachine( 1016): processMsg: L2ConnectedState
D/WifiStateMachine( 1016): handleMessage: X
D/WifiStateMachine( 1016): handleMessage: E msg.what=151572
D/WifiStateMachine( 1016): processMsg: ConnectedState
D/WifiStateMachine( 1016): processMsg: L2ConnectedState
D/WifiStateMachine( 1016): handleMessage: X
D/WifiStateMachine( 1016): handleMessage: E msg.what=151572
D/WifiStateMachine( 1016): processMsg: ConnectedState
D/WifiStateMachine( 1016): processMsg: L2ConnectedState
D/WifiStateMachine( 1016): handleMessage: X
D/WifiStateMachine( 1016): handleMessage: E msg.what=151572
D/WifiStateMachine( 1016): processMsg: ConnectedState
D/WifiStateMachine( 1016): processMsg: L2ConnectedState
D/WifiStateMachine( 1016): handleMessage: X
D/WifiStateMachine( 1016): handleMessage: E msg.what=131155
D/WifiStateMachine( 1016): processMsg: ConnectedState
D/WifiStateMachine( 1016): processMsg: L2ConnectedState
D/WifiStateMachine( 1016): handleMessage: X
D/WifiStateMachine( 1016): handleMessage: E msg.what=151572
D/WifiStateMachine( 1016): processMsg: ConnectedState
D/WifiStateMachine( 1016): processMsg: L2ConnectedState
D/WifiStateMachine( 1016): handleMessage: X
D/KInfoc  (14163): clear batch timer
D/KInfoc  (14163): set batch timer
D/KInfoc  (14163):  BATCH REPORTER STARTED ........
D/WifiStateMachine( 1016): handleMessage: E msg.what=151572
D/WifiStateMachine( 1016): processMsg: ConnectedState
D/WifiStateMachine( 1016): processMsg: L2ConnectedState
D/WifiStateMachine( 1016): handleMessage: X
D/WifiStateMachine( 1016): handleMessage: E msg.what=151572
D/WifiStateMachine( 1016): processMsg: ConnectedState
D/WifiStateMachine( 1016): processMsg: L2ConnectedState
D/WifiStateMachine( 1016): handleMessage: X
I/SFPerfTracer(  278):      triggers: (rate: 39:2917) (compose: 0:14) (post: 0:2) (render: 9:449) (0:61801 frames) (1:168807)
D/SFPerfTracer(  278):        layers: (4:9) (DimLayer: 0:65)* (DimLayer: 0:25)* (FocusedStackFrame: 0:1921)* (StatusBar: 0:10202) (NavigationBar: 0:13157) (DimLayer: 0:3197)* (DimLayer: 0:349)* (com.android.wallpaper.fall.FallWallpaper: 1:20129) (com.android.launcher/com.android.launcher2.Launcher: 0:14) 
D/WifiStateMachine( 1016): handleMessage: E msg.what=131155
D/WifiStateMachine( 1016): processMsg: ConnectedState
D/WifiStateMachine( 1016): processMsg: L2ConnectedState
D/WifiStateMachine( 1016): handleMessage: X
D/WifiStateMachine( 1016): handleMessage: E msg.what=151572
D/WifiStateMachine( 1016): processMsg: ConnectedState
D/WifiStateMachine( 1016): processMsg: L2ConnectedState
D/WifiStateMachine( 1016): handleMessage: X
D/WifiStateMachine( 1016): handleMessage: E msg.what=151572
D/WifiStateMachine( 1016): processMsg: ConnectedState
D/WifiStateMachine( 1016): processMsg: L2ConnectedState
D/WifiStateMachine( 1016): handleMessage: X
D/WifiStateMachine( 1016): handleMessage: E msg.what=151572
D/WifiStateMachine( 1016): processMsg: ConnectedState
D/WifiStateMachine( 1016): processMsg: L2ConnectedState
D/WifiStateMachine( 1016): handleMessage: X
D/WifiStateMachine( 1016): handleMessage: E msg.what=131155
D/WifiStateMachine( 1016): processMsg: ConnectedState
D/WifiStateMachine( 1016): processMsg: L2ConnectedState
D/WifiStateMachine( 1016): handleMessage: X
D/WifiStateMachine( 1016): handleMessage: E msg.what=151572
D/WifiStateMachine( 1016): processMsg: ConnectedState
D/WifiStateMachine( 1016): processMsg: L2ConnectedState
D/WifiStateMachine( 1016): handleMessage: X
D/WifiStateMachine( 1016): handleMessage: E msg.what=151572
D/WifiStateMachine( 1016): processMsg: ConnectedState
D/WifiStateMachine( 1016): processMsg: L2ConnectedState
D/WifiStateMachine( 1016): handleMessage: X
D/WifiStateMachine( 1016): handleMessage: E msg.what=151572
D/WifiStateMachine( 1016): processMsg: ConnectedState
D/WifiStateMachine( 1016): processMsg: L2ConnectedState
D/WifiStateMachine( 1016): handleMessage: X
D/WifiStateMachine( 1016): handleMessage: E msg.what=131155
D/WifiStateMachine( 1016): processMsg: ConnectedState
D/WifiStateMachine( 1016): processMsg: L2ConnectedState
D/WifiStateMachine( 1016): handleMessage: X
I/SFPerfTracer(  278):      triggers: (rate: 39:2917) (compose: 0:14) (post: 0:2) (render: 9:449) (0:61801 frames) (1:168907)
D/SFPerfTracer(  278):        layers: (4:9) (DimLayer: 0:65)* (DimLayer: 0:25)* (FocusedStackFrame: 0:1921)* (StatusBar: 0:10202) (NavigationBar: 0:13157) (DimLayer: 0:3197)* (DimLayer: 0:349)* (com.android.wallpaper.fall.FallWallpaper: 1:20229) (com.android.launcher/com.android.launcher2.Launcher: 0:14) 
D/WifiStateMachine( 1016): handleMessage: E msg.what=151572
D/WifiStateMachine( 1016): processMsg: ConnectedState
D/WifiStateMachine( 1016): processMsg: L2ConnectedState
D/WifiStateMachine( 1016): handleMessage: X
D/WifiStateMachine( 1016): handleMessage: E msg.what=151572
D/WifiStateMachine( 1016): processMsg: ConnectedState
D/WifiStateMachine( 1016): processMsg: L2ConnectedState
D/WifiStateMachine( 1016): handleMessage: X
D/WifiStateMachine( 1016): handleMessage: E msg.what=151572
D/WifiStateMachine( 1016): processMsg: ConnectedState
D/WifiStateMachine( 1016): processMsg: L2ConnectedState
D/WifiStateMachine( 1016): handleMessage: X
D/WifiStateMachine( 1016): handleMessage: E msg.what=131155
D/WifiStateMachine( 1016): processMsg: ConnectedState
D/WifiStateMachine( 1016): processMsg: L2ConnectedState
D/WifiStateMachine( 1016): handleMessage: X
D/WifiStateMachine( 1016): handleMessage: E msg.what=151572
D/WifiStateMachine( 1016): processMsg: ConnectedState
D/WifiStateMachine( 1016): processMsg: L2ConnectedState
D/WifiStateMachine( 1016): handleMessage: X
D/WifiStateMachine( 1016): handleMessage: E msg.what=151572
D/WifiStateMachine( 1016): processMsg: ConnectedState
D/WifiStateMachine( 1016): processMsg: L2ConnectedState
D/WifiStateMachine( 1016): handleMessage: X
D/WifiStateMachine( 1016): handleMessage: E msg.what=151572
D/WifiStateMachine( 1016): processMsg: ConnectedState
D/WifiStateMachine( 1016): processMsg: L2ConnectedState
D/WifiStateMachine( 1016): handleMessage: X
D/WifiStateMachine( 1016): handleMessage: E msg.what=131155
D/WifiStateMachine( 1016): processMsg: ConnectedState
D/WifiStateMachine( 1016): processMsg: L2ConnectedState
D/WifiStateMachine( 1016): handleMessage: X
D/WifiStateMachine( 1016): handleMessage: E msg.what=151572
D/WifiStateMachine( 1016): processMsg: ConnectedState
D/WifiStateMachine( 1016): processMsg: L2ConnectedState
D/WifiStateMachine( 1016): handleMessage: X
D/MDMCTBK (  276): reply_len: 40 reply is = IFNAME=wlan0 <3>CTRL-EVENT-BSS-REMOVED 2
D/MDMCTBK (  276): Event received = CTRL-EVENT-BSS-REMOVED 2
D/MDMCTBK (  276): reply_len: 40 reply is = IFNAME=wlan0 <3>CTRL-EVENT-BSS-REMOVED 2
D/MDMCTBK (  276): Event received = CTRL-EVENT-BSS-REMOVED 2
D/MDMCTBK (  276): reply_len: 40 reply is = IFNAME=wlan0 <3>CTRL-EVENT-BSS-REMOVED 2
D/MDMCTBK (  276): Event received = CTRL-EVENT-BSS-REMOVED 2
I/SFPerfTracer(  278):      triggers: (rate: 39:2917) (compose: 0:14) (post: 0:2) (render: 9:449) (0:61801 frames) (1:169007)
D/SFPerfTracer(  278):        layers: (4:9) (DimLayer: 0:65)* (DimLayer: 0:25)* (FocusedStackFrame: 0:1921)* (StatusBar: 0:10202) (NavigationBar: 0:13157) (DimLayer: 0:3197)* (DimLayer: 0:349)* (com.android.wallpaper.fall.FallWallpaper: 1:20329) (com.android.launcher/com.android.launcher2.Launcher: 0:14) 
D/WifiStateMachine( 1016): handleMessage: E msg.what=151572
D/WifiStateMachine( 1016): processMsg: ConnectedState
D/WifiStateMachine( 1016): processMsg: L2ConnectedState
D/WifiStateMachine( 1016): handleMessage: X
D/WifiStateMachine( 1016): handleMessage: E msg.what=151572
D/WifiStateMachine( 1016): processMsg: ConnectedState
D/WifiStateMachine( 1016): processMsg: L2ConnectedState
D/WifiStateMachine( 1016): handleMessage: X
D/WifiStateMachine( 1016): handleMessage: E msg.what=131155
D/WifiStateMachine( 1016): processMsg: ConnectedState
D/WifiStateMachine( 1016): processMsg: L2ConnectedState
D/WifiStateMachine( 1016): handleMessage: X
D/WifiStateMachine( 1016): handleMessage: E msg.what=151572
D/WifiStateMachine( 1016): processMsg: ConnectedState
D/WifiStateMachine( 1016): processMsg: L2ConnectedState
D/WifiStateMachine( 1016): handleMessage: X
D/WifiStateMachine( 1016): handleMessage: E msg.what=151572
D/WifiStateMachine( 1016): processMsg: ConnectedState
D/WifiStateMachine( 1016): processMsg: L2ConnectedState
D/WifiStateMachine( 1016): handleMessage: X
D/WifiStateMachine( 1016): handleMessage: E msg.what=151572
D/WifiStateMachine( 1016): processMsg: ConnectedState
D/WifiStateMachine( 1016): processMsg: L2ConnectedState
D/WifiStateMachine( 1016): handleMessage: X
D/WifiStateMachine( 1016): handleMessage: E msg.what=131155
D/WifiStateMachine( 1016): processMsg: ConnectedState
D/WifiStateMachine( 1016): processMsg: L2ConnectedState
D/WifiStateMachine( 1016): handleMessage: X
D/WifiStateMachine( 1016): handleMessage: E msg.what=151572
D/WifiStateMachine( 1016): processMsg: ConnectedState
D/WifiStateMachine( 1016): processMsg: L2ConnectedState
D/WifiStateMachine( 1016): handleMessage: X
D/WifiStateMachine( 1016): handleMessage: E msg.what=151572
D/WifiStateMachine( 1016): processMsg: ConnectedState
D/WifiStateMachine( 1016): processMsg: L2ConnectedState
D/WifiStateMachine( 1016): handleMessage: X
I/SFPerfTracer(  278):      triggers: (rate: 39:2917) (compose: 0:14) (post: 0:2) (render: 9:449) (0:61801 frames) (1:169107)
D/SFPerfTracer(  278):        layers: (4:9) (DimLayer: 0:65)* (DimLayer: 0:25)* (FocusedStackFrame: 0:1921)* (StatusBar: 0:10202) (NavigationBar: 0:13157) (DimLayer: 0:3197)* (DimLayer: 0:349)* (com.android.wallpaper.fall.FallWallpaper: 1:20429) (com.android.launcher/com.android.launcher2.Launcher: 0:14) 
D/WifiStateMachine( 1016): handleMessage: E msg.what=151572
D/WifiStateMachine( 1016): processMsg: ConnectedState
D/WifiStateMachine( 1016): processMsg: L2ConnectedState
D/WifiStateMachine( 1016): handleMessage: X
D/WifiStateMachine( 1016): handleMessage: E msg.what=131155
D/WifiStateMachine( 1016): processMsg: ConnectedState
D/WifiStateMachine( 1016): processMsg: L2ConnectedState
D/WifiStateMachine( 1016): handleMessage: X
D/WifiStateMachine( 1016): handleMessage: E msg.what=151572
D/WifiStateMachine( 1016): processMsg: ConnectedState
D/WifiStateMachine( 1016): processMsg: L2ConnectedState
D/WifiStateMachine( 1016): handleMessage: X
D/WifiStateMachine( 1016): handleMessage: E msg.what=151572
D/WifiStateMachine( 1016): processMsg: ConnectedState
D/WifiStateMachine( 1016): processMsg: L2ConnectedState
D/WifiStateMachine( 1016): handleMessage: X
D/WifiStateMachine( 1016): handleMessage: E msg.what=151572
D/WifiStateMachine( 1016): processMsg: ConnectedState
D/WifiStateMachine( 1016): processMsg: L2ConnectedState
D/WifiStateMachine( 1016): handleMessage: X
D/WifiStateMachine( 1016): handleMessage: E msg.what=131155
D/WifiStateMachine( 1016): processMsg: ConnectedState
D/WifiStateMachine( 1016): processMsg: L2ConnectedState
D/WifiStateMachine( 1016): handleMessage: X
D/WifiStateMachine( 1016): handleMessage: E msg.what=151572
D/WifiStateMachine( 1016): processMsg: ConnectedState
D/WifiStateMachine( 1016): processMsg: L2ConnectedState
D/WifiStateMachine( 1016): handleMessage: X
D/WifiStateMachine( 1016): handleMessage: E msg.what=151572
D/WifiStateMachine( 1016): processMsg: ConnectedState
D/WifiStateMachine( 1016): processMsg: L2ConnectedState
D/WifiStateMachine( 1016): handleMessage: X
I/SFPerfTracer(  278):      triggers: (rate: 39:2917) (compose: 0:14) (post: 0:2) (render: 9:449) (0:61801 frames) (1:169207)
D/SFPerfTracer(  278):        layers: (4:9) (DimLayer: 0:65)* (DimLayer: 0:25)* (FocusedStackFrame: 0:1921)* (StatusBar: 0:10202) (NavigationBar: 0:13157) (DimLayer: 0:3197)* (DimLayer: 0:349)* (com.android.wallpaper.fall.FallWallpaper: 1:20529) (com.android.launcher/com.android.launcher2.Launcher: 0:14) 
D/WifiStateMachine( 1016): handleMessage: E msg.what=151572
D/WifiStateMachine( 1016): processMsg: ConnectedState
D/WifiStateMachine( 1016): processMsg: L2ConnectedState
D/WifiStateMachine( 1016): handleMessage: X
D/WifiStateMachine( 1016): handleMessage: E msg.what=131155
D/WifiStateMachine( 1016): processMsg: ConnectedState
D/WifiStateMachine( 1016): processMsg: L2ConnectedState
D/WifiStateMachine( 1016): handleMessage: X
D/WifiStateMachine( 1016): handleMessage: E msg.what=151572
D/WifiStateMachine( 1016): processMsg: ConnectedState
D/WifiStateMachine( 1016): processMsg: L2ConnectedState
D/WifiStateMachine( 1016): handleMessage: X
V/AlarmManager( 1016): sending alarm Alarm{42b76018 type 3 com.devexpert.weather}
V/AlarmManager( 1016): sending alarm Alarm{42b760d8 type 2 android}
I/ActivityManager( 1016): Start proc com.devexpert.weather for broadcast com.devexpert.weather/.view.WidgetWeather2x1: pid=16541 uid=10112 gids={50112, 3003, 1028, 1015}
D/ConnectivityService( 1016): Sampling interval elapsed, updating statistics ..
D/ConnectivityService( 1016): Done.
D/ConnectivityService( 1016): Setting timer for 720seconds
D/WifiStateMachine( 1016): handleMessage: E msg.what=151572
D/WifiStateMachine( 1016): processMsg: ConnectedState
D/WifiStateMachine( 1016): processMsg: L2ConnectedState
D/WifiStateMachine( 1016): handleMessage: X
D/WifiStateMachine( 1016): handleMessage: E msg.what=151572
D/WifiStateMachine( 1016): processMsg: ConnectedState
D/WifiStateMachine( 1016): processMsg: L2ConnectedState
D/WifiStateMachine( 1016): handleMessage: X
D/WifiStateMachine( 1016): handleMessage: E msg.what=131155
D/WifiStateMachine( 1016): processMsg: ConnectedState
D/WifiStateMachine( 1016): processMsg: L2ConnectedState
D/WifiStateMachine( 1016): handleMessage: X
D/WifiStateMachine( 1016): handleMessage: E msg.what=151572
D/WifiStateMachine( 1016): processMsg: ConnectedState
D/WifiStateMachine( 1016): processMsg: L2ConnectedState
D/WifiStateMachine( 1016): handleMessage: X
D/WifiStateMachine( 1016): handleMessage: E msg.what=151572
D/WifiStateMachine( 1016): processMsg: ConnectedState
D/WifiStateMachine( 1016): processMsg: L2ConnectedState
D/WifiStateMachine( 1016): handleMessage: X
D/WifiStateMachine( 1016): handleMessage: E msg.what=151572
D/WifiStateMachine( 1016): processMsg: ConnectedState
D/WifiStateMachine( 1016): processMsg: L2ConnectedState
D/WifiStateMachine( 1016): handleMessage: X
I/SFPerfTracer(  278):      triggers: (rate: 39:2917) (compose: 0:14) (post: 0:2) (render: 9:449) (0:61801 frames) (1:169307)
D/SFPerfTracer(  278):        layers: (4:9) (DimLayer: 0:65)* (DimLayer: 0:25)* (FocusedStackFrame: 0:1921)* (StatusBar: 0:10202) (NavigationBar: 0:13157) (DimLayer: 0:3197)* (DimLayer: 0:349)* (com.android.wallpaper.fall.FallWallpaper: 1:20629) (com.android.launcher/com.android.launcher2.Launcher: 0:14) 
D/WifiStateMachine( 1016): handleMessage: E msg.what=131155
D/WifiStateMachine( 1016): processMsg: ConnectedState
D/WifiStateMachine( 1016): processMsg: L2ConnectedState
D/WifiStateMachine( 1016): handleMessage: X
D/WifiStateMachine( 1016): handleMessage: E msg.what=151572
D/WifiStateMachine( 1016): processMsg: ConnectedState
D/WifiStateMachine( 1016): processMsg: L2ConnectedState
D/WifiStateMachine( 1016): handleMessage: X
D/WifiStateMachine( 1016): handleMessage: E msg.what=151572
D/WifiStateMachine( 1016): processMsg: ConnectedState
D/WifiStateMachine( 1016): processMsg: L2ConnectedState
D/WifiStateMachine( 1016): handleMessage: X
D/WifiStateMachine( 1016): handleMessage: E msg.what=151572
D/WifiStateMachine( 1016): processMsg: ConnectedState
D/WifiStateMachine( 1016): processMsg: L2ConnectedState
D/WifiStateMachine( 1016): handleMessage: X
D/WifiStateMachine( 1016): handleMessage: E msg.what=131155
D/WifiStateMachine( 1016): processMsg: ConnectedState
D/WifiStateMachine( 1016): processMsg: L2ConnectedState
D/WifiStateMachine( 1016): handleMessage: X
D/WifiStateMachine( 1016): handleMessage: E msg.what=151572
D/WifiStateMachine( 1016): processMsg: ConnectedState
D/WifiStateMachine( 1016): processMsg: L2ConnectedState
D/WifiStateMachine( 1016): handleMessage: X
D/WifiStateMachine( 1016): handleMessage: E msg.what=151572
D/WifiStateMachine( 1016): processMsg: ConnectedState
D/WifiStateMachine( 1016): processMsg: L2ConnectedState
D/WifiStateMachine( 1016): handleMessage: X
D/WifiStateMachine( 1016): handleMessage: E msg.what=151572
D/WifiStateMachine( 1016): processMsg: ConnectedState
D/WifiStateMachine( 1016): processMsg: L2ConnectedState
D/WifiStateMachine( 1016): handleMessage: X
D/WifiStateMachine( 1016): handleMessage: E msg.what=131155
D/WifiStateMachine( 1016): processMsg: ConnectedState
D/WifiStateMachine( 1016): processMsg: L2ConnectedState
D/WifiStateMachine( 1016): handleMessage: X
D/WifiStateMachine( 1016): handleMessage: E msg.what=151572
D/WifiStateMachine( 1016): processMsg: ConnectedState
D/WifiStateMachine( 1016): processMsg: L2ConnectedState
D/WifiStateMachine( 1016): handleMessage: X
I/SFPerfTracer(  278):      triggers: (rate: 39:2917) (compose: 0:14) (post: 0:2) (render: 9:449) (0:61801 frames) (1:169407)
D/SFPerfTracer(  278):        layers: (4:9) (DimLayer: 0:65)* (DimLayer: 0:25)* (FocusedStackFrame: 0:1921)* (StatusBar: 0:10202) (NavigationBar: 0:13157) (DimLayer: 0:3197)* (DimLayer: 0:349)* (com.android.wallpaper.fall.FallWallpaper: 1:20729) (com.android.launcher/com.android.launcher2.Launcher: 0:14) 
D/WifiStateMachine( 1016): handleMessage: E msg.what=151572
D/WifiStateMachine( 1016): processMsg: ConnectedState
D/WifiStateMachine( 1016): processMsg: L2ConnectedState
D/WifiStateMachine( 1016): handleMessage: X
D/WifiStateMachine( 1016): handleMessage: E msg.what=151572
D/WifiStateMachine( 1016): processMsg: ConnectedState
D/WifiStateMachine( 1016): processMsg: L2ConnectedState
D/WifiStateMachine( 1016): handleMessage: X
D/WifiStateMachine( 1016): handleMessage: E msg.what=131155
D/WifiStateMachine( 1016): processMsg: ConnectedState
D/WifiStateMachine( 1016): processMsg: L2ConnectedState
D/WifiStateMachine( 1016): handleMessage: X
D/WifiStateMachine( 1016): handleMessage: E msg.what=151572
D/WifiStateMachine( 1016): processMsg: ConnectedState
D/WifiStateMachine( 1016): processMsg: L2ConnectedState
D/WifiStateMachine( 1016): handleMessage: X
D/WifiStateMachine( 1016): handleMessage: E msg.what=151572
D/WifiStateMachine( 1016): processMsg: ConnectedState
D/WifiStateMachine( 1016): processMsg: L2ConnectedState
D/WifiStateMachine( 1016): handleMessage: X
D/dalvikvm(30376): GC_EXPLICIT freed 915K, 39% free 10521K/17224K, paused 2ms+4ms, total 35ms
D/WifiStateMachine( 1016): handleMessage: E msg.what=151572
D/WifiStateMachine( 1016): processMsg: ConnectedState
D/WifiStateMachine( 1016): processMsg: L2ConnectedState
D/WifiStateMachine( 1016): handleMessage: X
D/WifiStateMachine( 1016): handleMessage: E msg.what=131155
D/WifiStateMachine( 1016): processMsg: ConnectedState
D/WifiStateMachine( 1016): processMsg: L2ConnectedState
D/WifiStateMachine( 1016): handleMessage: X
D/WifiStateMachine( 1016): handleMessage: E msg.what=151572
D/WifiStateMachine( 1016): processMsg: ConnectedState
D/WifiStateMachine( 1016): processMsg: L2ConnectedState
D/WifiStateMachine( 1016): handleMessage: X
I/SFPerfTracer(  278):      triggers: (rate: 39:2917) (compose: 0:14) (post: 0:2) (render: 9:449) (0:61801 frames) (1:169507)
D/SFPerfTracer(  278):        layers: (4:9) (DimLayer: 0:65)* (DimLayer: 0:25)* (FocusedStackFrame: 0:1921)* (StatusBar: 0:10202) (NavigationBar: 0:13157) (DimLayer: 0:3197)* (DimLayer: 0:349)* (com.android.wallpaper.fall.FallWallpaper: 1:20829) (com.android.launcher/com.android.launcher2.Launcher: 0:14) 
D/WifiStateMachine( 1016): handleMessage: E msg.what=151572
D/WifiStateMachine( 1016): processMsg: ConnectedState
D/WifiStateMachine( 1016): processMsg: L2ConnectedState
D/WifiStateMachine( 1016): handleMessage: X
D/WifiStateMachine( 1016): handleMessage: E msg.what=151572
D/WifiStateMachine( 1016): processMsg: ConnectedState
D/WifiStateMachine( 1016): processMsg: L2ConnectedState
D/WifiStateMachine( 1016): handleMessage: X
D/WifiStateMachine( 1016): handleMessage: E msg.what=131155
D/WifiStateMachine( 1016): processMsg: ConnectedState
D/WifiStateMachine( 1016): processMsg: L2ConnectedState
D/WifiStateMachine( 1016): handleMessage: X
D/WifiStateMachine( 1016): handleMessage: E msg.what=151572
D/WifiStateMachine( 1016): processMsg: ConnectedState
D/WifiStateMachine( 1016): processMsg: L2ConnectedState
D/WifiStateMachine( 1016): handleMessage: X
D/WifiStateMachine( 1016): handleMessage: E msg.what=151572
D/WifiStateMachine( 1016): processMsg: ConnectedState
D/WifiStateMachine( 1016): processMsg: L2ConnectedState
D/WifiStateMachine( 1016): handleMessage: X
D/WifiStateMachine( 1016): handleMessage: E msg.what=151572
D/WifiStateMachine( 1016): processMsg: ConnectedState
D/WifiStateMachine( 1016): processMsg: L2ConnectedState
D/WifiStateMachine( 1016): handleMessage: X
D/WifiStateMachine( 1016): handleMessage: E msg.what=131155
D/WifiStateMachine( 1016): processMsg: ConnectedState
D/WifiStateMachine( 1016): processMsg: L2ConnectedState
D/WifiStateMachine( 1016): handleMessage: X
D/WifiStateMachine( 1016): handleMessage: E msg.what=151572
D/WifiStateMachine( 1016): processMsg: ConnectedState
D/WifiStateMachine( 1016): processMsg: L2ConnectedState
D/WifiStateMachine( 1016): handleMessage: X
D/WifiStateMachine( 1016): handleMessage: E msg.what=151572
D/WifiStateMachine( 1016): processMsg: ConnectedState
D/WifiStateMachine( 1016): processMsg: L2ConnectedState
D/WifiStateMachine( 1016): handleMessage: X
I/SFPerfTracer(  278):      triggers: (rate: 39:2917) (compose: 0:14) (post: 0:2) (render: 9:449) (0:61801 frames) (1:169607)
D/SFPerfTracer(  278):        layers: (4:9) (DimLayer: 0:65)* (DimLayer: 0:25)* (FocusedStackFrame: 0:1921)* (StatusBar: 0:10202) (NavigationBar: 0:13157) (DimLayer: 0:3197)* (DimLayer: 0:349)* (com.android.wallpaper.fall.FallWallpaper: 1:20929) (com.android.launcher/com.android.launcher2.Launcher: 0:14) 
D/WifiStateMachine( 1016): handleMessage: E msg.what=151572
D/WifiStateMachine( 1016): processMsg: ConnectedState
D/WifiStateMachine( 1016): processMsg: L2ConnectedState
D/WifiStateMachine( 1016): handleMessage: X
V/AlarmManager( 1016): sending alarm Alarm{443a4d88 type 3 android}
D/dalvikvm(16451): GC_FOR_ALLOC freed 6333K, 46% free 9383K/17224K, paused 66ms, total 66ms
D/dalvikvm(16451): GC_FOR_ALLOC freed 1784K, 46% free 9377K/17224K, paused 12ms, total 13ms
D/WifiStateMachine( 1016): handleMessage: E msg.what=131155
D/WifiStateMachine( 1016): processMsg: ConnectedState
D/WifiStateMachine( 1016): processMsg: L2ConnectedState
D/WifiStateMachine( 1016): handleMessage: X
D/WifiStateMachine( 1016): handleMessage: E msg.what=151572
D/WifiStateMachine( 1016): processMsg: ConnectedState
D/WifiStateMachine( 1016): processMsg: L2ConnectedState
D/WifiStateMachine( 1016): handleMessage: X
V/AlarmManager( 1016): sending alarm Alarm{4375b5d0 type 3 com.devexpert.weather}
D/dalvikvm(16451): GC_FOR_ALLOC freed 1779K, 46% free 9377K/17224K, paused 23ms, total 39ms
D/WifiStateMachine( 1016): handleMessage: E msg.what=151572
D/WifiStateMachine( 1016): processMsg: ConnectedState
D/WifiStateMachine( 1016): processMsg: L2ConnectedState
D/WifiStateMachine( 1016): handleMessage: X
D/WifiStateMachine( 1016): handleMessage: E msg.what=151572
D/WifiStateMachine( 1016): processMsg: ConnectedState
D/WifiStateMachine( 1016): processMsg: L2ConnectedState
D/WifiStateMachine( 1016): handleMessage: X
D/WifiStateMachine( 1016): handleMessage: E msg.what=131155
D/WifiStateMachine( 1016): processMsg: ConnectedState
D/WifiStateMachine( 1016): processMsg: L2ConnectedState
D/WifiStateMachine( 1016): handleMessage: X
D/WifiStateMachine( 1016): handleMessage: E msg.what=151572
D/WifiStateMachine( 1016): processMsg: ConnectedState
D/WifiStateMachine( 1016): processMsg: L2ConnectedState
D/WifiStateMachine( 1016): handleMessage: X
D/WifiStateMachine( 1016): handleMessage: E msg.what=151572
D/WifiStateMachine( 1016): processMsg: ConnectedState
D/WifiStateMachine( 1016): processMsg: L2ConnectedState
D/WifiStateMachine( 1016): handleMessage: X
I/PowerManagerService( 1016): Nap time...
I/PowerManagerService( 1016): Going to sleep due to screen timeout...
I/SFPerfTracer(  278):      triggers: (rate: 39:2917) (compose: 0:14) (post: 0:2) (render: 9:449) (0:61801 frames) (1:169707)
D/SFPerfTracer(  278):        layers: (4:10) (DimLayer: 0:65)* (DimLayer: 0:25)* (FocusedStackFrame: 0:1921)* (StatusBar: 0:10203) (NavigationBar: 0:13157) (DimLayer: 0:3197)* (DimLayer: 0:349)* (com.android.wallpaper.fall.FallWallpaper: 0:21026) (com.android.launcher/com.android.launcher2.Launcher: 0:14) (ElectronBeam: 1:2)* 
D/WifiStateMachine( 1016): handleMessage: E msg.what=151572
D/WifiStateMachine( 1016): processMsg: ConnectedState
D/WifiStateMachine( 1016): processMsg: L2ConnectedState
D/WifiStateMachine( 1016): handleMessage: X
D/SurfaceFlinger(  278): Screen released, type=0 flinger=0xb7ca1450
D/qdhwcomposer(  278): hwc_blank: Blanking display: 0
I/SFPerfTracer(  278):       trigger: vsync rate (-70.017%)	(17.990 vps)	(55.587 ms)* 	(3355 drops)	(2166 vsyncs)
I/SFPerfTracer(  278):      triggers: (rate: 49:34913) (89428 sw vsyncs) (63986 skipped) (2166:179381 vsyncs) (2168:291341)
D/qdhwcomposer(  278): hwc_blank: Done blanking display: 0
D/SurfaceControl( 1016): Excessive delay in blankDisplay() while turning screen off: 196ms
I/AonLTInterfaceService( 1231): AodLT package version: 1000000
D/Sensors ( 1016): AccelerationSensor: Set Sensors state 0x1
D/Sensors ( 1016): AccelerationSensor: set delay 200
W/ContextImpl( 1231): Calling a method in the system process without a qualified user: android.app.ContextImpl.sendBroadcast:1252 android.content.ContextWrapper.sendBroadcast:365 com.motorola.motocare.util.TriggerHelper$TriggerBuilder.send:76 com.motorola.motocare.internal.frameworkevents.PauseResumeTrigger.handleFrameworkEvent:53 com.motorola.motocare.internal.frameworkevents.FwEventMonitor$FrameworkListener.processFrameworkEvent:114 
D/WifiStateMachine( 1016): handleScreenStateChanged: false
D/WifiStateMachine( 1016): handleMessage: E msg.what=131154
D/WifiStateMachine( 1016): processMsg: ConnectedState
D/WifiStateMachine( 1016): processMsg: L2ConnectedState
D/WifiStateMachine( 1016): handleMessage: X
D/WifiStateMachine( 1016): handleMessage: E msg.what=131163
D/WifiStateMachine( 1016): processMsg: ConnectedState
D/WifiStateMachine( 1016): processMsg: L2ConnectedState
D/WifiStateMachine( 1016): processMsg: ConnectModeState
D/WifiStateMachine( 1016): processMsg: DriverStartedState
D/WifiStateMachine( 1016): processMsg: SupplicantStartedState
D/WifiStateMachine( 1016): processMsg: DefaultState
D/WifiStateMachine( 1016): handleMessage: X
D/WifiStateMachine( 1016): handleMessage: E msg.what=131158
D/WifiStateMachine( 1016): processMsg: ConnectedState
D/WifiStateMachine( 1016): processMsg: L2ConnectedState
D/WifiStateMachine( 1016): processMsg: ConnectModeState
D/WifiStateMachine( 1016): processMsg: DriverStartedState
D/WifiStateMachine( 1016): setSuspendOptimizationsNative: 4 true
D/Sensors ( 1016): AccelerationSensor: Set Sensors state 0x0
D/audio_hw_primary(  284): adev_set_parameters: enter: screen_state=off
V/msm8974_platform(  284): platform_set_parameters: enter: screen_state=off
V/msm8974_platform(  284): platform_set_parameters: exit with code(-2)
E/audio_a2dp_hw(  284): adev_set_parameters: ERROR: set param called even when stream out is null
D/WifiStateMachine( 1016): handleMessage: X
D/WifiStateMachine( 1016): handleMessage: E msg.what=131155
D/WifiStateMachine( 1016): processMsg: ConnectedState
D/WifiStateMachine( 1016): processMsg: L2ConnectedState
D/WifiStateMachine( 1016): handleMessage: X
W/IdleConnectionHandler( 6021): Removing a connection that never existed!
W/IdleConnectionHandler( 6021): Removing a connection that never existed!
W/ContextImpl( 1231): Calling a method in the system process without a qualified user: android.app.ContextImpl.startService:1608 android.content.ContextWrapper.startService:494 android.content.ContextWrapper.startService:494 com.motorola.motocare.internal.batterystats.BatteryStatsAction.onReceive:33 android.app.ActivityThread.handleReceiver:2434 
D/dalvikvm( 2456): GC_CONCURRENT freed 1958K, 45% free 9511K/17224K, paused 3ms+3ms, total 20ms
D/dalvikvm( 1231): GC_CONCURRENT freed 1786K, 45% free 9529K/17224K, paused 2ms+16ms, total 32ms
V/AlarmManager( 1016): sending alarm Alarm{4290cfd8 type 2 com.android.keyguard}
V/KeyguardHostView( 1078): Initial transport state: 0, pbstate=0
D/KeyguardHostView( 1078): showSecurityScreen(None)
D/KeyguardHostView( 1078): getSecurityView(Invalid)
D/KeyguardHostView( 1078): getSecurityView(None)
D/dalvikvm( 1078): GC_CONCURRENT freed 4164K, 34% free 13821K/20816K, paused 3ms+2ms, total 28ms
D/dalvikvm( 1078): WAIT_FOR_CONCURRENT_GC blocked 19ms
V/KeyguardHostView( 1078): hide transport, gen:26
V/KeyguardHostView( 1078): music state changed: 0
D/KeyguardHostView( 1078): showSecurityScreen(None)
W/View    ( 1078): requestLayout() improperly called by android.widget.TextClock{42c2dbf8 V.ED.... ......ID 104,0-484,213 #7f0a004b app:id/clock_view} during layout: running second layout pass
W/View    ( 1078): requestLayout() improperly called by android.widget.TextClock{42d45e18 V.ED.... ......ID 145,0-270,38 #7f0a0050 app:id/date_view} during layout: running second layout pass
W/View    ( 1078): requestLayout() improperly called by android.widget.TextView{42d46218 V.ED.... ......ID 286,0-442,38 #7f0a0051 app:id/alarm_status} during layout: running second layout pass
D/PhoneStatusBar( 1078): disable: < expand icons alerts ticker system_info BACK* HOME* RECENT* CLOCK* search >
V/AlarmManager( 1016): sending alarm Alarm{429054f0 type 2 com.google.android.gms}
V/AlarmManager( 1016): sending alarm Alarm{428f61a8 type 2 com.google.android.gsf}
V/AlarmManager( 1016): sending alarm Alarm{428ea998 type 2 com.google.android.talk}
V/AlarmManager( 1016): sending alarm Alarm{42f87060 type 3 android}
V/AlarmManager( 1016): sending alarm Alarm{428ec3a8 type 3 com.devexpert.weather}
V/AlarmManager( 1016): sending alarm Alarm{428c9308 type 2 com.google.android.gms}
D/dalvikvm(16451): GC_CONCURRENT freed 1897K, 45% free 9496K/17224K, paused 17ms+2ms, total 55ms
D/GCM     (30376): Message class com.google.f.a.a.i
D/ConnectivityService( 1016): handleInetConditionHoldEnd: net=1, condition=100, published condition=100
I/ModemStatsDSDetect( 1279): onReceive() -Intent { act=android.net.conn.INET_CONDITION_ACTION flg=0x4000010 (has extras) }
I/SBar.NetworkController( 1078): onReceive: ConnectivityManager.INET_CONDITION_ACTION Received
I/SBar.NetworkController( 1078): updateConnectivity: NetworkInfo: NetworkInfo: type: WIFI[], state: CONNECTED/CONNECTED, reason: (unspecified), extra: "Moulin Rouge", roaming: false, failover: false, isAvailable: true, isConnectedToProvisioningNetwork: false, inetCondition= 1
I/ModemStatsDSDetect( 1279): INET_CONDITION=100 ,activeNet=NetworkInfo: type: WIFI[], state: CONNECTED/CONNECTED, reason: (unspecified), extra: "Moulin Rouge", roaming: false, failover: false, isAvailable: true, isConnectedToProvisioningNetwork: false
I/ModemStatsDSDetect( 1279): onReceive() - done, currentInetCondition=100
D/MDMCTBK (  276): reply_len: 40 reply is = IFNAME=wlan0 <3>CTRL-EVENT-BSS-REMOVED 2
D/MDMCTBK (  276): Event received = CTRL-EVENT-BSS-REMOVED 2
D/MDMCTBK (  276): reply_len: 40 reply is = IFNAME=wlan0 <3>CTRL-EVENT-BSS-REMOVED 2
D/MDMCTBK (  276): Event received = CTRL-EVENT-BSS-REMOVED 2
D/MDMCTBK (  276): reply_len: 40 reply is = IFNAME=wlan0 <3>CTRL-EVENT-BSS-REMOVED 2
D/MDMCTBK (  276): Event received = CTRL-EVENT-BSS-REMOVED 2
D/MDMCTBK (  276): reply_len: 40 reply is = IFNAME=wlan0 <3>CTRL-EVENT-BSS-REMOVED 2
D/MDMCTBK (  276): Event received = CTRL-EVENT-BSS-REMOVED 2
D/MDMCTBK (  276): reply_len: 40 reply is = IFNAME=wlan0 <3>CTRL-EVENT-BSS-REMOVED 2
D/MDMCTBK (  276): Event received = CTRL-EVENT-BSS-REMOVED 2
D/MDMCTBK (  276): reply_len: 40 reply is = IFNAME=wlan0 <3>CTRL-EVENT-BSS-REMOVED 2
D/MDMCTBK (  276): Event received = CTRL-EVENT-BSS-REMOVED 2
D/MDMCTBK (  276): reply_len: 40 reply is = IFNAME=wlan0 <3>CTRL-EVENT-BSS-REMOVED 2
D/MDMCTBK (  276): Event received = CTRL-EVENT-BSS-REMOVED 2
D/MDMCTBK (  276): reply_len: 40 reply is = IFNAME=wlan0 <3>CTRL-EVENT-BSS-REMOVED 2
D/MDMCTBK (  276): Event received = CTRL-EVENT-BSS-REMOVED 2
V/AlarmManager( 1016): sending alarm Alarm{42d405d0 type 3 android}
V/AlarmManager( 1016): sending alarm Alarm{4286d688 type 2 com.facebook.katana}
D/KInfoc  (14163): clear batch timer
D/KInfoc  (14163): set batch timer
D/KInfoc  (14163):  BATCH REPORTER STARTED ........
V/AlarmManager( 1016): sending alarm Alarm{42a687c8 type 3 com.devexpert.weather}
V/AlarmManager( 1016): sending alarm Alarm{42a09b98 type 1 com.facebook.katana}
W/IdleConnectionHandler( 6021): Removing a connection that never existed!
I/MDMCTBK (  276): NetlinkHandler, power_supply subsys
I/MDMCTBK (  276): NetlinkHandler, usbChargerStateChanged
I/MDMCTBK (  276): checkDefaultInst, current pid is = 276
I/MDMCTBK (  276): checkDefaultInst, pid match
I/MDMCTBK (  276): MdmCutbackHndler,readFromFile = /sys/class/power_supply/usb/online
I/MDMCTBK (  276): MdmCutbackHndler,usb, new_state =0
I/MDMCTBK (  276): MdmCutbackHndler Status: Qmi =1, cg=0, ep=0, vc=0, dc=0, cn=0, wf=1, mf=0, wfd=0, apm=0, usb=0, stopqmi=0
I/MDMCTBK (  276): set_property_value, Enter
I/MDMCTBK (  276): set_property_value, Values updated in the property=1,0,0,0,0,0,1,0,0,0,0,0
I/MDMCTBK (  276): set_property_value, Values updated in the property file Successfully
I/MDMCTBK (  276): set_property_value, Exit
E/UsbDebuggingManager( 1016): got -1 reading
V/UsbDeviceManager( 1016): USB UEVENT: {USB_STATE=DISCONNECTED, SUBSYSTEM=android_usb, DEVPATH=/devices/virtual/android_usb/android0, SEQNUM=14414, ACTION=change}
I/MDMCTBK (  276): setSarCtrl:set SAR over QMI, conn:0, ep:0,wf:1, mf:0, chrg:0
I/MDMCTBK (  276): send SAR ctrl over QMI
I/MDMCTBK (  276): MdmCutbackHndler,readFromFile = 
E/MDMCTBK (  276): MdmCutbackHndler,Could not open ''
E/MtpServer(13773): request read returned -1, errno: 5
E/UsbDebuggingManager( 1016): Communication error: 
E/UsbDebuggingManager( 1016): java.io.IOException: Permission denied
E/UsbDebuggingManager( 1016): 	at android.net.LocalSocketImpl.connectLocal(Native Method)
E/UsbDebuggingManager( 1016): 	at android.net.LocalSocketImpl.connect(LocalSocketImpl.java:287)
E/UsbDebuggingManager( 1016): 	at android.net.LocalSocket.connect(LocalSocket.java:130)
E/UsbDebuggingManager( 1016): 	at com.android.server.usb.UsbDebuggingManager.listenToSocket(UsbDebuggingManager.java:75)
E/UsbDebuggingManager( 1016): 	at com.android.server.usb.UsbDebuggingManager.run(UsbDebuggingManager.java:111)
E/UsbDebuggingManager( 1016): 	at java.lang.Thread.run(Thread.java:841)
I/MDMCTBK (  276): NetlinkHandler, power_supply subsys
I/MDMCTBK (  276): NetlinkHandler, usbChargerStateChanged
I/MDMCTBK (  276): checkDefaultInst, current pid is = 276
I/MDMCTBK (  276): checkDefaultInst, pid match
I/MDMCTBK (  276): MdmCutbackHndler,readFromFile = /sys/class/power_supply/usb/online
I/MDMCTBK (  276): MdmCutbackHndler,readFromFile = 
E/MDMCTBK (  276): MdmCutbackHndler,Could not open ''
I/MDMCTBK (  276): NetlinkHandler, power_supply subsys
I/MDMCTBK (  276): NetlinkHandler, usbChargerStateChanged
I/MDMCTBK (  276): checkDefaultInst, current pid is = 276
I/MDMCTBK (  276): checkDefaultInst, pid match
I/MDMCTBK (  276): MdmCutbackHndler,readFromFile = /sys/class/power_supply/usb/online
I/MDMCTBK (  276): MdmCutbackHndler,readFromFile = 
E/MDMCTBK (  276): MdmCutbackHndler,Could not open ''
I/MDMCTBK (  276): NetlinkHandler, power_supply subsys
I/MDMCTBK (  276): NetlinkHandler, usbChargerStateChanged
I/MDMCTBK (  276): checkDefaultInst, current pid is = 276
I/MDMCTBK (  276): checkDefaultInst, pid match
I/MDMCTBK (  276): MdmCutbackHndler,readFromFile = /sys/class/power_supply/usb/online
I/MDMCTBK (  276): MdmCutbackHndler,readFromFile = 
E/MDMCTBK (  276): MdmCutbackHndler,Could not open ''
I/MDMCTBK (  276): NetlinkHandler, power_supply subsys
I/MDMCTBK (  276): NetlinkHandler, usbChargerStateChanged
I/MDMCTBK (  276): checkDefaultInst, current pid is = 276
I/MDMCTBK (  276): checkDefaultInst, pid match
I/MDMCTBK (  276): MdmCutbackHndler,readFromFile = /sys/class/power_supply/usb/online
I/MDMCTBK (  276): MdmCutbackHndler,readFromFile = 
E/MDMCTBK (  276): MdmCutbackHndler,Could not open ''
I/MDMCTBK (  276): NetlinkHandler, power_supply subsys
I/MDMCTBK (  276): NetlinkHandler, usbChargerStateChanged
I/MDMCTBK (  276): checkDefaultInst, current pid is = 276
I/MDMCTBK (  276): checkDefaultInst, pid match
I/MDMCTBK (  276): MdmCutbackHndler,readFromFile = /sys/class/power_supply/usb/online
I/MDMCTBK (  276): MdmCutbackHndler,readFromFile = 
E/MDMCTBK (  276): MdmCutbackHndler,Could not open ''
I/AKMD2   (  313): Suspended.
I/AKMD2   (  313): Suspended.
I/PowerManagerService( 1016): Waking up from sleep...
D/SurfaceFlinger(  278): Screen acquired, type=0 flinger=0xb7ca1450
D/qdhwcomposer(  278): hwc_blank: Unblanking display: 0
I/ActivityManager( 1016): Start proc com.motorola.genie for broadcast com.motorola.genie/.prefetch.PowerStatusReceiver: pid=16686 uid=10026 gids={50026, 3003, 1028, 1015}
D/Sensors ( 1016): AccelerationSensor: Set Sensors state 0x2
D/Sensors ( 1016): AccelerationSensor: set delay 0
D/Sensors ( 1016): AccelerationSensor: set delay 0
I/AonLTInterfaceService( 1231): AodLT package version: 1000000
V/KeyguardServiceDelegate( 1016): onScreenTurnedOn(showListener = com.android.internal.policy.impl.PhoneWindowManager$20@42fc70d0)
D/LBSSystemMonitorService( 1016): handleMessage what - 8
D/Ulp_jni ( 1016): JNI:system_update. Event-3
D/DeviceContext( 1016): handleMessage what - 1
D/KeyguardHostView( 1078): showSecurityScreen(None)
D/KeyguardHostView( 1078): getSecurityView(None)
E/LocSvc_libulp( 1016): W/int ulp_brain_select_providers(), return when ulp_started = 0, phone context_type = 0x0
E/LocSvc_libulp( 1016): ,
D/WifiStateMachine( 1016): handleScreenStateChanged: true
D/WifiStateMachine( 1016): handleMessage: E msg.what=131154
D/WifiStateMachine( 1016): processMsg: ConnectedState
D/WifiStateMachine( 1016): processMsg: L2ConnectedState
D/WifiStateMachine( 1016): handleMessage: X
D/WifiStateMachine( 1016): handleMessage: E msg.what=131163
D/WifiStateMachine( 1016): processMsg: ConnectedState
D/WifiStateMachine( 1016): processMsg: L2ConnectedState
D/WifiStateMachine( 1016): processMsg: ConnectModeState
D/WifiStateMachine( 1016): processMsg: DriverStartedState
D/WifiStateMachine( 1016): processMsg: SupplicantStartedState
D/WifiStateMachine( 1016): processMsg: DefaultState
D/WifiStateMachine( 1016): handleMessage: X
D/WifiStateMachine( 1016): handleMessage: E msg.what=131127
D/WifiStateMachine( 1016): processMsg: ConnectedState
D/WifiStateMachine( 1016): processMsg: L2ConnectedState
D/WifiStateMachine( 1016): processMsg: ConnectModeState
D/WifiStateMachine( 1016): handleMessage: X
D/WifiStateMachine( 1016): handleMessage: E msg.what=131158
D/WifiStateMachine( 1016): processMsg: ConnectedState
D/WifiStateMachine( 1016): processMsg: L2ConnectedState
D/WifiStateMachine( 1016): processMsg: ConnectModeState
D/WifiStateMachine( 1016): processMsg: DriverStartedState
D/WifiStateMachine( 1016): setSuspendOptimizationsNative: 4 false
V/KeyguardServiceDelegate( 1016): **** SHOWN CALLED ****
I/WindowManager( 1016): Lock screen displayed!
D/DisplayPowerController( 1016): Unblocked screen on after 34886136 ms
D/WifiStateMachine( 1016): handleMessage: X
D/WifiStateMachine( 1016): handleMessage: E msg.what=151572
D/WifiStateMachine( 1016): processMsg: ConnectedState
D/WifiStateMachine( 1016): processMsg: L2ConnectedState
I/SBar.NetworkController( 1078): refreshSignalCluster: wifi: mWifiConnected=true Wifi=zz_moto_stat_sys_wifi_signal_4_fully_wide Activity=zz_moto_stat_sys_wifi_inout_wide in=false out=false Accessibility="Wi-Fi signal full."
