I/SBar.NetworkController( 1078): updateConnectivity: NetworkInfo: NetworkInfo: type: WIFI[], state: CONNECTED/CONNECTED, reason: (unspecified), extra: "Moulin Rouge", roaming: false, failover: false, isAvailable: true, isConnectedToProvisioningNetwork: false, inetCondition= 1
I/ModemStatsDSDetect( 1279): INET_CONDITION=100 ,activeNet=NetworkInfo: type: WIFI[], state: CONNECTED/CONNECTED, reason: (unspecified), extra: "Moulin Rouge", roaming: false, failover: false, isAvailable: true, isConnectedToProvisioningNetwork: false
I/ModemStatsDSDetect( 1279): onReceive() - done, currentInetCondition=100
V/AlarmManager( 1016): sending alarm Alarm{434b2b90 type 3 android}
I/MDMCTBK (  276): NetlinkHandler, power_supply subsys
I/MDMCTBK (  276): NetlinkHandler, usbChargerStateChanged
I/MDMCTBK (  276): checkDefaultInst, current pid is = 276
I/MDMCTBK (  276): checkDefaultInst, pid match
I/MDMCTBK (  276): MdmCutbackHndler,readFromFile = /sys/class/power_supply/usb/online
I/MDMCTBK (  276): MdmCutbackHndler,readFromFile = 
E/MDMCTBK (  276): MdmCutbackHndler,Could not open ''
I/MDMCTBK (  276): NetlinkHandler, power_supply subsys
I/MDMCTBK (  276): NetlinkHandler, usbChargerStateChanged
I/MDMCTBK (  276): checkDefaultInst, current pid is = 276
I/MDMCTBK (  276): checkDefaultInst, pid match
I/MDMCTBK (  276): MdmCutbackHndler,readFromFile = /sys/class/power_supply/usb/online
I/MDMCTBK (  276): MdmCutbackHndler,readFromFile = 
E/MDMCTBK (  276): MdmCutbackHndler,Could not open ''
V/AlarmManager( 1016): sending alarm Alarm{42973278 type 3 android}
I/ProcessStatsService( 1016): Prepared write state in 8ms
I/ProcessStatsService( 1016): Prepared write state in 11ms
D/KInfoc  (30608): clear batch timer
D/KInfoc  (30608): set batch timer
D/KInfoc  (30608):  BATCH REPORTER STARTED ........
V/AlarmManager( 1016): sending alarm Alarm{434ed6d8 type 3 android}
I/AonLTInterfaceService( 1231): AodLT package version: 1000000
I/PowerManagerService( 1016): Waking up from sleep...
D/Sensors ( 1016): AccelerationSensor: Set Sensors state 0x2
D/SurfaceFlinger(  278): Screen acquired, type=0 flinger=0xb7ca1450
D/qdhwcomposer(  278): hwc_blank: Unblanking display: 0
D/Sensors ( 1016): AccelerationSensor: set delay 0
D/Sensors ( 1016): AccelerationSensor: set delay 0
I/AonLTInterfaceService( 1231): AodLT package version: 1000000
V/KeyguardServiceDelegate( 1016): onScreenTurnedOn(showListener = com.android.internal.policy.impl.PhoneWindowManager$20@4429df08)
D/KeyguardHostView( 1078): showSecurityScreen(None)
D/KeyguardHostView( 1078): getSecurityView(None)
V/KeyguardServiceDelegate( 1016): **** SHOWN CALLED ****
I/WindowManager( 1016): Lock screen displayed!
D/DisplayPowerController( 1016): Unblocked screen on after 16609603 ms
D/WifiStateMachine( 1016): handleScreenStateChanged: true
D/WifiStateMachine( 1016): handleMessage: E msg.what=131154
D/WifiStateMachine( 1016): processMsg: ConnectedState
D/WifiStateMachine( 1016): processMsg: L2ConnectedState
D/WifiStateMachine( 1016): handleMessage: X
D/WifiStateMachine( 1016): handleMessage: E msg.what=131163
D/WifiStateMachine( 1016): processMsg: ConnectedState
D/WifiStateMachine( 1016): processMsg: L2ConnectedState
D/WifiStateMachine( 1016): processMsg: ConnectModeState
D/WifiStateMachine( 1016): processMsg: DriverStartedState
D/WifiStateMachine( 1016): processMsg: SupplicantStartedState
D/WifiStateMachine( 1016): processMsg: DefaultState
D/WifiStateMachine( 1016): handleMessage: X
D/WifiStateMachine( 1016): handleMessage: E msg.what=131127
D/WifiStateMachine( 1016): processMsg: ConnectedState
D/WifiStateMachine( 1016): processMsg: L2ConnectedState
D/WifiStateMachine( 1016): processMsg: ConnectModeState
D/WifiStateMachine( 1016): handleMessage: X
D/WifiStateMachine( 1016): handleMessage: E msg.what=131158
D/WifiStateMachine( 1016): processMsg: ConnectedState
D/WifiStateMachine( 1016): processMsg: L2ConnectedState
D/WifiStateMachine( 1016): processMsg: ConnectModeState
D/WifiStateMachine( 1016): processMsg: DriverStartedState
D/WifiStateMachine( 1016): setSuspendOptimizationsNative: 4 false
D/WifiStateMachine( 1016): handleMessage: X
D/WifiStateMachine( 1016): handleMessage: E msg.what=151572
D/WifiStateMachine( 1016): processMsg: ConnectedState
D/WifiStateMachine( 1016): processMsg: L2ConnectedState
D/WifiStateMachine( 1016): handleMessage: X
I/SBar.NetworkController( 1078): refreshSignalCluster: wifi: mWifiConnected=true Wifi=zz_moto_stat_sys_wifi_signal_4_fully_wide Activity=zz_moto_stat_sys_wifi_inout_wide in=false out=false Accessibility="Wi-Fi signal full."
I/SBar.NetworkController( 1078): refreshSignalCluster: mobile: Signal=zz_moto_stat_sys_signal_emergency_only_wide Roaming=(none) mSimIconId=zz_moto_stat_sys_no_sim_wide Accessibility="Emergency calls only.","","No SIM card."
I/SBar.NetworkController( 1078): refreshSignalCluster: mobile: mHasMobileDataFeature=true DataTypeShown=(none) Activity=(none) in=false out=false Accessibility="No data."
I/AonLTInterfaceService( 1231): AodLT package version: 1000000
D/dalvikvm( 1078): GC_CONCURRENT freed 2056K, 26% free 14367K/19268K, paused 6ms+3ms, total 29ms
D/qdhwcomposer(  278): hwc_blank: Done unblanking display: 0
D/SurfaceControl( 1016): Excessive delay in unblankDisplay() while turning screen on: 182ms
D/Sensors ( 1016): AccelerationSensor: Set Sensors state 0x3
D/Sensors ( 1016): AccelerationSensor: set delay 200
D/Sensors ( 1016): AccelerationSensor: set delay 200
D/audio_hw_primary(  284): adev_set_parameters: enter: screen_state=on
V/msm8974_platform(  284): platform_set_parameters: enter: screen_state=on
V/msm8974_platform(  284): platform_set_parameters: exit with code(-2)
E/audio_a2dp_hw(  284): adev_set_parameters: ERROR: set param called even when stream out is null
I/SFPerfTracer(  278):      triggers: (rate: 11:9938) (86093 sw vsyncs) (16679 skipped) (0:96346 vsyncs) (137:194768)
D/Ulp_jni ( 1016): JNI:system_update. Event-0
D/WifiService( 1016): acquireWifiLockLocked: WifiLock{NlpWifiLock type=2 binder=android.os.BinderProxy@443a8f00}
D/WifiService( 1016): acquireWifiLockLocked: WifiLock{NlpWifiLock type=2 binder=android.os.BinderProxy@42adc1b0}
D/WifiStateMachine( 1016): handleMessage: E msg.what=131143
D/WifiStateMachine( 1016): processMsg: ConnectedState
D/WifiStateMachine( 1016): processMsg: L2ConnectedState
D/WifiStateMachine( 1016): handleMessage: X
D/MDMCTBK (  276): reply_len: 40 reply is = IFNAME=wlan0 <3>CTRL-EVENT-BSS-ADDED 111
D/MDMCTBK (  276): Event received = CTRL-EVENT-BSS-ADDED 111
D/MDMCTBK (  276): reply_len: 40 reply is = IFNAME=wlan0 <3>CTRL-EVENT-BSS-ADDED 112
D/MDMCTBK (  276): Event received = CTRL-EVENT-BSS-ADDED 112
D/MDMCTBK (  276): reply_len: 40 reply is = IFNAME=wlan0 <3>CTRL-EVENT-BSS-ADDED 113
D/MDMCTBK (  276): Event received = CTRL-EVENT-BSS-ADDED 113
D/MDMCTBK (  276): reply_len: 40 reply is = IFNAME=wlan0 <3>CTRL-EVENT-BSS-ADDED 114
D/MDMCTBK (  276): Event received = CTRL-EVENT-BSS-ADDED 114
D/MDMCTBK (  276): reply_len: 40 reply is = IFNAME=wlan0 <3>CTRL-EVENT-BSS-ADDED 115
D/MDMCTBK (  276): Event received = CTRL-EVENT-BSS-ADDED 115
D/MDMCTBK (  276): reply_len: 40 reply is = IFNAME=wlan0 <3>CTRL-EVENT-BSS-ADDED 116
D/MDMCTBK (  276): Event received = CTRL-EVENT-BSS-ADDED 116
D/MDMCTBK (  276): reply_len: 40 reply is = IFNAME=wlan0 <3>CTRL-EVENT-BSS-ADDED 117
D/MDMCTBK (  276): Event received = CTRL-EVENT-BSS-ADDED 117
D/MDMCTBK (  276): reply_len: 40 reply is = IFNAME=wlan0 <3>CTRL-EVENT-SCAN-RESULTS 
D/MDMCTBK (  276): Event received = CTRL-EVENT-SCAN-RESULTS 
D/TCMD    ( 2001): NL - Read 56 bytes from update socket.
D/TCMD    ( 2001): NL - message type is RTM_NEWLINK
D/TCMD    ( 2001): Listening for incoming client connection request
D/WifiStateMachine( 1016): handleMessage: E msg.what=147461
D/WifiStateMachine( 1016): processMsg: ConnectedState
D/WifiStateMachine( 1016): processMsg: L2ConnectedState
D/WifiStateMachine( 1016): processMsg: ConnectModeState
D/WifiStateMachine( 1016): processMsg: DriverStartedState
D/WifiStateMachine( 1016): processMsg: SupplicantStartedState
D/WifiStateMachine( 1016): handleMessage: X
D/WifiService( 1016): releaseWifiLockLocked: WifiLock{NlpWifiLock type=2 binder=android.os.BinderProxy@42adc1b0}
D/Sensors ( 1016): AccelerationSensor: set delay 20
D/WifiService( 1016): releaseWifiLockLocked: WifiLock{NlpWifiLock type=2 binder=android.os.BinderProxy@443a8f00}
I/GoogleURLConnFactory(30376): Using platform SSLCertificateSocketFactory
W/Uploader(30376): No account for auth token provided
D/WifiStateMachine( 1016): handleMessage: E msg.what=151572
D/WifiStateMachine( 1016): processMsg: ConnectedState
D/WifiStateMachine( 1016): processMsg: L2ConnectedState
D/WifiStateMachine( 1016): handleMessage: X
W/Uploader(30376): No account for auth token provided
W/Uploader(30376): No account for auth token provided
I/SFPerfTracer(  278):      triggers: (rate: 29:2470) (compose: 0:8) (post: 0:2) (render: 7:328) (56:30948 frames) (57:93204)
D/SFPerfTracer(  278):        layers: (4:11) (DimLayer: 0:65)* (DimLayer: 0:21)* (FocusedStackFrame: 0:788)* (StatusBar: 0:5323) (NavigationBar: 0:5989) (DimLayer: 0:723)* (DimLayer: 0:139)* (com.android.wallpaper.fall.FallWallpaper: 16:4954) (com.android.launcher/com.android.launcher2.Launcher: 0:475)* (ElectronBeam: 0:21)* (Keyguard: 54:60) 
W/Uploader(30376): No account for auth token provided
D/audio_hw_primary(  284): out_set_parameters: enter: usecase(1: low-latency-playback) kvpairs: routing=2
W/ContextImpl( 1231): Calling a method in the system process without a qualified user: android.app.ContextImpl.sendBroadcast:1252 android.content.ContextWrapper.sendBroadcast:365 com.motorola.motocare.util.TriggerHelper$TriggerBuilder.send:76 com.motorola.motocare.internal.frameworkevents.PauseResumeTrigger.handleFrameworkEvent:53 com.motorola.motocare.internal.frameworkevents.FwEventMonitor$FrameworkListener.processFrameworkEvent:114 
V/msm8974_platform(  284): platform_get_output_snd_device: enter: output devices(0x2)
V/msm8974_platform(  284): platform_get_output_snd_device: exit: snd_device(speaker)
D/audio_hw_primary(  284): select_devices: out_snd_device(2: speaker) in_snd_device(0: )
D/hardware_info(  284): hw_info_append_hw_type : device_name = speaker
V/msm8974_platform(  284): platform_send_audio_calibration: sending audio calibration for snd_device(2) acdb_id(14)
D/3CDM.DeviceAdminPushReceiver(30980): Received an Intent - Action: android.intent.action.USER_PRESENT
D/3CDM.DeviceAdminPushReceiver(30980): Type: null
D/3CDM.DeviceAdminPushReceiver(30980): Data: null
D/UsbDeviceManager( 1016): MSG_USER_PRESENT
D/3CDM.Service(30980): android.intent.action.USER_PRESENT
D/PhoneStatusBar( 1078): disable: < expand icons alerts ticker system_info back* home* recent* clock* search >
D/3CDM.Service(30980): Phone was locked and now it is unlocked now.
W/InputMethodManagerService( 1016): Window already focused, ignoring focus gain of: com.android.internal.view.IInputMethodClient$Stub$Proxy@42d3d3a0 attribute=android.view.inputmethod.EditorInfo@43c37c68, token = android.os.BinderProxy@427cdda0
D/WifiStateMachine( 1016): handleMessage: E msg.what=151572
D/WifiStateMachine( 1016): processMsg: ConnectedState
D/WifiStateMachine( 1016): processMsg: L2ConnectedState
D/WifiStateMachine( 1016): handleMessage: X
W/ContextImpl( 1231): Calling a method in the system process without a qualified user: android.app.ContextImpl.startService:1608 android.content.ContextWrapper.startService:494 android.content.ContextWrapper.startService:494 com.motorola.motocare.internal.batterystats.BatteryStatsAction.onReceive:33 android.app.ActivityThread.handleReceiver:2434 
D/dalvikvm( 1231): GC_CONCURRENT freed 1831K, 46% free 9441K/17224K, paused 1ms+3ms, total 20ms
D/WifiStateMachine( 1016): handleMessage: E msg.what=151572
D/WifiStateMachine( 1016): processMsg: ConnectedState
D/WifiStateMachine( 1016): processMsg: L2ConnectedState
D/WifiStateMachine( 1016): handleMessage: X
D/WifiStateMachine( 1016): handleMessage: E msg.what=131155
D/WifiStateMachine( 1016): processMsg: ConnectedState
D/WifiStateMachine( 1016): processMsg: L2ConnectedState
D/WifiStateMachine( 1016): handleMessage: X
D/WifiStateMachine( 1016): handleMessage: E msg.what=151572
D/WifiStateMachine( 1016): processMsg: ConnectedState
D/WifiStateMachine( 1016): processMsg: L2ConnectedState
D/WifiStateMachine( 1016): handleMessage: X
D/Sensors ( 1016): AccelerationSensor: set delay 200
I/ActivityManager( 1016): START u0 {act=android.intent.action.MAIN cat=[android.intent.category.LAUNCHER] flg=0x10200000 pkg=co.giftmeapp.gift_me cmp=co.giftmeapp.gift_me/.GiftMe bnds=[40,185][200,385]} from pid 30757
W/ContextImpl( 1231): Calling a method in the system process without a qualified user: android.app.ContextImpl.sendBroadcast:1252 android.content.ContextWrapper.sendBroadcast:365 com.motorola.motocare.util.TriggerHelper$TriggerBuilder.send:76 com.motorola.motocare.internal.frameworkevents.PauseResumeTrigger.handleFrameworkEvent:53 com.motorola.motocare.internal.frameworkevents.FwEventMonitor$FrameworkListener.processFrameworkEvent:114 
I/ActivityManager( 1016): Start proc co.giftmeapp.gift_me for activity co.giftmeapp.gift_me/.GiftMe: pid=9149 uid=10104 gids={50104, 3003, 1028, 1015}
I/dalvikvm( 9149): Enabling JNI app bug workarounds for target SDK version 7...
W/ContextImpl( 1231): Calling a method in the system process without a qualified user: android.app.ContextImpl.sendBroadcast:1252 android.content.ContextWrapper.sendBroadcast:365 com.motorola.motocare.util.TriggerHelper$TriggerBuilder.send:76 com.motorola.motocare.internal.frameworkevents.PauseResumeTrigger.handleFrameworkEvent:53 com.motorola.motocare.internal.frameworkevents.FwEventMonitor$FrameworkListener.processFrameworkEvent:114 
V/PhoneStatusBar( 1078): setLightsOn(true)
I/CordovaLog( 9149): Changing log level to DEBUG(3)
D/CordovaActivity( 9149): CordovaActivity.init()
I/dalvikvm( 9149): Could not find method android.webkit.CookieManager.setAcceptThirdPartyCookies, referenced from method org.apache.cordova.CordovaWebView.initWebViewSettings
W/dalvikvm( 9149): VFY: unable to resolve virtual method 200: Landroid/webkit/CookieManager;.setAcceptThirdPartyCookies (Landroid/webkit/WebView;Z)V
D/dalvikvm( 9149): VFY: replacing opcode 0x6e at 0x002a
V/WebViewChromiumFactoryProvider( 9149): Binding Chromium to main looper Looper (main, tid 1) {4278e828}
I/LibraryLoader( 9149): Expected native library version number "",actual native library version number ""
I/chromium( 9149): [INFO:library_loader_hooks.cc(116)] Chromium logging enabled: level = 0, default verbosity = 0
I/BrowserStartupController( 9149): Initializing chromium process, renderers=0
E/AudioManagerAndroid( 9149): BLUETOOTH permission is missing!
I/Adreno-EGL( 9149): <qeglDrvAPI_eglInitialize:410>: EGL 1.4 QUALCOMM build: AU_LINUX_ANDROID_LNX.LA.3.5.1_RB1.04.04.02.048.018_msm8226_LNX.LA.3.5.1_RB1__release_AU ()
I/Adreno-EGL( 9149): OpenGL ES Shader Compiler Version: E031.24.00.08
I/Adreno-EGL( 9149): Build Date: 03/07/14 Fri
I/Adreno-EGL( 9149): Local Branch: 
I/Adreno-EGL( 9149): Remote Branch: quic/LNX.LA.3.5.1_RB1.1
I/Adreno-EGL( 9149): Local Patches: NONE
I/Adreno-EGL( 9149): Reconstruct Branch: AU_LINUX_ANDROID_LNX.LA.3.5.1_RB1.04.04.02.048.018 + f2fd134 +  NOTHING
D/hardware_info(  284): hw_info_append_hw_type : device_name = speaker
D/dalvikvm( 1016): GC_EXPLICIT freed 2709K, 36% free 25367K/39124K, paused 4ms+15ms, total 153ms
W/chromium( 9149): [WARNING:proxy_service.cc(890)] PAC support disabled because there is no system implementation
I/SFPerfTracer(  278):      triggers: (rate: 29:2471) (compose: 0:9) (post: 0:2) (render: 7:329) (15:31014 frames) (16:93312)
D/SFPerfTracer(  278):        layers: (5:11) (DimLayer: 0:65)* (DimLayer: 0:21)* (FocusedStackFrame: 0:791)* (StatusBar: 16:5341) (NavigationBar: 15:6042) (DimLayer: 0:723)* (DimLayer: 0:139)* (com.android.wallpaper.fall.FallWallpaper: 4:5009) (com.android.launcher/com.android.launcher2.Launcher: 0:492) (Keyguard: 0:83)* (Starting co.giftmeapp.gift_me: 16:21) 
D/CordovaActivity( 9149): CordovaActivity.createViews()
W/dalvikvm( 9149): VFY: unable to find class referenced in signature (Landroid/webkit/ClientCertRequest;)
W/dalvikvm( 9149): VFY: unable to find class referenced in signature (Landroid/webkit/ClientCertRequest;)
I/dalvikvm( 9149): Could not find method android.webkit.WebViewClient.onReceivedClientCertRequest, referenced from method org.apache.cordova.CordovaWebViewClient.onReceivedClientCertRequest
W/dalvikvm( 9149): VFY: unable to resolve virtual method 271: Landroid/webkit/WebViewClient;.onReceivedClientCertRequest (Landroid/webkit/WebView;Landroid/webkit/ClientCertRequest;)V
D/dalvikvm( 9149): VFY: replacing opcode 0x6f at 0x001c
I/dalvikvm( 9149): Could not find method android.webkit.WebChromeClient$FileChooserParams.createIntent, referenced from method org.apache.cordova.CordovaChromeClient.onShowFileChooser
W/dalvikvm( 9149): VFY: unable to resolve virtual method 215: Landroid/webkit/WebChromeClient$FileChooserParams;.createIntent ()Landroid/content/Intent;
D/dalvikvm( 9149): VFY: replacing opcode 0x6e at 0x0000
D/PluginManager( 9149): init()
D/CordovaWebView( 9149): CordovaWebView is running on device made by: motorola
D/CordovaWebView( 9149): >>> loadUrl(file:///android_asset/www/index.html)
D/CordovaWebView( 9149): >>> loadUrlNow()
D/WifiStateMachine( 1016): handleMessage: E msg.what=151572
D/WifiStateMachine( 1016): processMsg: ConnectedState
D/WifiStateMachine( 1016): processMsg: L2ConnectedState
D/CordovaActivity( 9149): Resuming the App
D/WifiStateMachine( 1016): handleMessage: X
D/SoftKeyboardDetect( 9149): Ignore this event
D/OpenGLRenderer( 9149): Enabling debug mode 0
D/SoftKeyboardDetect( 9149): Ignore this event
I/LaunchCheckinHandler( 1016): Displayed co.giftmeapp.gift_me/.GiftMe,cp,ca,567
I/ActivityManager( 1016): Displayed co.giftmeapp.gift_me/.GiftMe: +567ms
D/CordovaWebViewClient( 9149): onPageStarted(file:///android_asset/www/index.html)
D/CordovaActivity( 9149): onMessage(onPageStarted,file:///android_asset/www/index.html)
I/chromium( 9149): [INFO:simple_index_file.cc(437)] Simple Cache Index is being restored from disk.
D/JsMessageQueue( 9149): Set native->JS mode to OnlineEventsBridgeMode
D/CordovaLog( 9149): file:///android_asset/www/js/openfb.js: Line 38 : file:///android_asset/oauthcallback.html
I/chromium( 9149): [INFO:CONSOLE(38)] "file:///android_asset/oauthcallback.html", source: file:///android_asset/www/js/openfb.js (38)
D/CordovaLog( 9149): file:///android_asset/www/js/openfb.js: Line 39 : file:///android_asset/logoutcallback.html
I/chromium( 9149): [INFO:CONSOLE(39)] "file:///android_asset/logoutcallback.html", source: file:///android_asset/www/js/openfb.js (39)
D/CordovaLog( 9149): file:///android_asset/www/js/app.js: Line 19 : Service initialized
I/chromium( 9149): [INFO:CONSOLE(19)] "Service initialized", source: file:///android_asset/www/js/app.js (19)
D/CordovaLog( 9149): https://js.stripe.com/v2/: Line 2 : You are using Stripe.js in live mode over an insecure connection. This is considered unsafe. Please conduct live requests only on sites served over https. For more info, see https://stripe.com/help/ssl
I/chromium( 9149): [INFO:CONSOLE(2)] "You are using Stripe.js in live mode over an insecure connection. This is considered unsafe. Please conduct live requests only on sites served over https. For more info, see https://stripe.com/help/ssl", source: https://js.stripe.com/v2/ (2)
I/SFPerfTracer(  278):      triggers: (rate: 11:9974) (86093 sw vsyncs) (16895 skipped) (248:96594 vsyncs) (250:195018)
D/CordovaActivity( 9149): onMessage(spinner,stop)
D/WifiStateMachine( 1016): handleMessage: E msg.what=151572
D/WifiStateMachine( 1016): processMsg: ConnectedState
D/WifiStateMachine( 1016): processMsg: L2ConnectedState
D/WifiStateMachine( 1016): handleMessage: X
D/WifiStateMachine( 1016): handleMessage: E msg.what=131155
D/WifiStateMachine( 1016): processMsg: ConnectedState
D/WifiStateMachine( 1016): processMsg: L2ConnectedState
D/WifiStateMachine( 1016): handleMessage: X
D/CordovaLog( 9149): file:///android_asset/www/js/app.js: Line 72 : Uncaught ReferenceError: StatusBar is not defined
I/chromium( 9149): [INFO:CONSOLE(72)] "Uncaught ReferenceError: StatusBar is not defined", source: file:///android_asset/www/js/app.js (72)
D/CordovaWebViewClient( 9149): onPageFinished(file:///android_asset/www/index.html)
D/CordovaActivity( 9149): onMessage(onPageFinished,file:///android_asset/www/index.html)
D/WifiStateMachine( 1016): handleMessage: E msg.what=151572
D/WifiStateMachine( 1016): processMsg: ConnectedState
D/WifiStateMachine( 1016): processMsg: L2ConnectedState
D/WifiStateMachine( 1016): handleMessage: X
D/CordovaLog( 9149): file:///android_asset/www/js/ratchet.min.js: Line 10 : Uncaught SyntaxError: Failed to execute 'querySelector' on 'Document': '#home/' is not a valid selector.
I/chromium( 9149): [INFO:CONSOLE(10)] "Uncaught SyntaxError: Failed to execute 'querySelector' on 'Document': '#home/' is not a valid selector.", source: file:///android_asset/www/js/ratchet.min.js (10)
D/InAppBrowser( 9149): target = _blank
D/InAppBrowser( 9149): in blank
W/AwContents( 9149): nativeOnDraw failed; clearing to background color.
D/WifiStateMachine( 1016): handleMessage: E msg.what=151572
D/WifiStateMachine( 1016): processMsg: ConnectedState
D/WifiStateMachine( 1016): processMsg: L2ConnectedState
D/WifiStateMachine( 1016): handleMessage: X
W/chromium( 9149): [WARNING:spdy_session.cc(2388)] Received WINDOW_UPDATE for invalid stream 3
V/PhoneStatusBar( 1078): setLightsOn(true)
D/CordovaLog( 9149): file:///android_asset/www/js/openfb.js: Line 115 : exit and remove listeners
I/chromium( 9149): [INFO:CONSOLE(115)] "exit and remove listeners", source: file:///android_asset/www/js/openfb.js (115)
D/CordovaLog( 9149): file:///android_asset/www/cordova.js: Line 305 : Error in Success callbackId: InAppBrowser544806968 : ReferenceError: deferredLogin is not defined
I/chromium( 9149): [INFO:CONSOLE(305)] "Error in Success callbackId: InAppBrowser544806968 : ReferenceError: deferredLogin is not defined", source: file:///android_asset/www/cordova.js (305)
D/CordovaLog( 9149): file:///android_asset/www/cordova.js: Line 1075 : processMessage failed: Error: ReferenceError: deferredLogin is not defined
I/chromium( 9149): [INFO:CONSOLE(1075)] "processMessage failed: Error: ReferenceError: deferredLogin is not defined", source: file:///android_asset/www/cordova.js (1075)
D/CordovaLog( 9149): file:///android_asset/www/cordova.js: Line 1076 : processMessage failed: Stack: ReferenceError: deferredLogin is not defined
D/CordovaLog( 9149):     at loginWindow_exitHandler (file:///android_asset/www/js/openfb.js:117:13)
D/CordovaLog( 9149):     at Channel.fire (file:///android_asset/www/cordova.js:816:23)
D/CordovaLog( 9149):     at Object.InAppBrowser._eventHandler (file:///android_asset/www/plugins/org.apache.cordova.inappbrowser/www/inappbrowser.js:39:39)
D/CordovaLog( 9149):     at cb (file:///android_asset/www/plugins/org.apache.cordova.inappbrowser/www/inappbrowser.js:90:12)
D/CordovaLog( 9149):     at Object.cordova.callbackFromNative (file:///android_asset/www/cordova.js:286:58)
D/CordovaLog( 9149):     at processMessage (file:///android_asset/www/cordova.js:1070:21)
D/CordovaLog( 9149):     at androidExec.processMessages (file:///android_asset/www/cordova.js:1107:13)
I/chromium( 9149): [INFO:CONSOLE(1076)] "processMessage failed: Stack: ReferenceError: deferredLogin is not defined
I/chromium( 9149):     at loginWindow_exitHandler (file:///android_asset/www/js/openfb.js:117:13)
I/chromium( 9149):     at Channel.fire (file:///android_asset/www/cordova.js:816:23)
I/chromium( 9149):     at Object.InAppBrowser._eventHandler (file:///android_asset/www/plugins/org.apache.cordova.inappbrowser/www/inappbrowser.js:39:39)
I/chromium( 9149):     at cb (file:///android_asset/www/plugins/org.apache.cordova.inappbrowser/www/inappbrowser.js:90:12)
I/chromium( 9149):     at Object.cordova.callbackFromNative (file:///android_asset/www/cordova.js:286:58)
I/chromium( 9149):     at processMessage (file:///android_asset/www/cordova.js:1070:21)
I/chromium( 9149):     at androidExec.processMessages (file:///android_asset/www/cordova.js:1107:13)", source: file:///android_asset/www/cordova.js (1076)
D/CordovaLog( 9149): file:///android_asset/www/cordova.js: Line 1077 : processMessage failed: Message: S01 InAppBrowser544806968 {"type":"exit"}
I/chromium( 9149): [INFO:CONSOLE(1077)] "processMessage failed: Message: S01 InAppBrowser544806968 {"type":"exit"}", source: file:///android_asset/www/cordova.js (1077)
I/SFPerfTracer(  278):      triggers: (rate: 29:2475) (compose: 0:9) (post: 0:2) (render: 7:329) (0:31076 frames) (1:93412)
D/SFPerfTracer(  278):        layers: (3:11) (DimLayer: 0:65)* (DimLayer: 0:21)* (FocusedStackFrame: 0:795)* (StatusBar: 0:5343) (NavigationBar: 1:6073) (DimLayer: 0:723)* (DimLayer: 0:139)* (com.android.wallpaper.fall.FallWallpaper: 0:5010)* (Starting co.giftmeapp.gift_me: 0:34)* (co.giftmeapp.gift_me/co.giftmeapp.gift_me.GiftMe: 0:49) (: 0:30)* 
D/WifiStateMachine( 1016): handleMessage: E msg.what=151572
D/WifiStateMachine( 1016): processMsg: ConnectedState
D/WifiStateMachine( 1016): processMsg: L2ConnectedState
D/WifiStateMachine( 1016): handleMessage: X
D/WifiStateMachine( 1016): handleMessage: E msg.what=131155
D/WifiStateMachine( 1016): processMsg: ConnectedState
D/WifiStateMachine( 1016): processMsg: L2ConnectedState
D/WifiStateMachine( 1016): handleMessage: X
V/AlarmManager( 1016): sending alarm Alarm{43452dd8 type 2 com.google.android.gms}
D/Sensors ( 1016): AccelerationSensor: set delay 20
D/WifiStateMachine( 1016): handleMessage: E msg.what=151572
D/WifiStateMachine( 1016): processMsg: ConnectedState
D/WifiStateMachine( 1016): processMsg: L2ConnectedState
I/SFPerfTracer(  278):      triggers: (rate: 11:9974) (86093 sw vsyncs) (16895 skipped) (36:96684 vsyncs) (38:195120)
D/WifiStateMachine( 1016): handleMessage: X
D/WifiStateMachine( 1016): handleMessage: E msg.what=151572
D/WifiStateMachine( 1016): processMsg: ConnectedState
D/WifiStateMachine( 1016): processMsg: L2ConnectedState
D/WifiStateMachine( 1016): handleMessage: X
D/CordovaLog( 9149): file:///android_asset/www/js/ratchet.min.js: Line 10 : Uncaught SyntaxError: Failed to execute 'querySelector' on 'Document': '#friends/' is not a valid selector.
I/chromium( 9149): [INFO:CONSOLE(10)] "Uncaught SyntaxError: Failed to execute 'querySelector' on 'Document': '#friends/' is not a valid selector.", source: file:///android_asset/www/js/ratchet.min.js (10)
D/WifiStateMachine( 1016): handleMessage: E msg.what=151572
D/WifiStateMachine( 1016): processMsg: ConnectedState
D/WifiStateMachine( 1016): processMsg: L2ConnectedState
D/WifiStateMachine( 1016): handleMessage: X
D/WifiStateMachine( 1016): handleMessage: E msg.what=131155
D/WifiStateMachine( 1016): processMsg: ConnectedState
D/WifiStateMachine( 1016): processMsg: L2ConnectedState
D/WifiStateMachine( 1016): handleMessage: X
D/Sensors ( 1016): AccelerationSensor: set delay 200
D/WifiStateMachine( 1016): handleMessage: E msg.what=151572
D/WifiStateMachine( 1016): processMsg: ConnectedState
D/WifiStateMachine( 1016): processMsg: L2ConnectedState
D/WifiStateMachine( 1016): handleMessage: X
D/WifiStateMachine( 1016): handleMessage: E msg.what=151572
D/WifiStateMachine( 1016): processMsg: ConnectedState
D/WifiStateMachine( 1016): processMsg: L2ConnectedState
D/WifiStateMachine( 1016): handleMessage: X
D/WifiStateMachine( 1016): handleMessage: E msg.what=151572
D/WifiStateMachine( 1016): processMsg: ConnectedState
D/WifiStateMachine( 1016): processMsg: L2ConnectedState
D/WifiStateMachine( 1016): handleMessage: X
D/WifiStateMachine( 1016): handleMessage: E msg.what=131155
D/WifiStateMachine( 1016): processMsg: ConnectedState
D/WifiStateMachine( 1016): processMsg: L2ConnectedState
D/WifiStateMachine( 1016): handleMessage: X
D/CordovaLog( 9149): file:///android_asset/www/js/ratchet.min.js: Line 10 : Uncaught SyntaxError: Failed to execute 'querySelector' on 'Document': '#friend-wishlist/10205162835322984/' is not a valid selector.
I/chromium( 9149): [INFO:CONSOLE(10)] "Uncaught SyntaxError: Failed to execute 'querySelector' on 'Document': '#friend-wishlist/10205162835322984/' is not a valid selector.", source: file:///android_asset/www/js/ratchet.min.js (10)
I/SFPerfTracer(  278):      triggers: (rate: 11:9974) (86093 sw vsyncs) (16895 skipped) (57:96796 vsyncs) (59:195250)
D/WifiStateMachine( 1016): handleMessage: E msg.what=151572
D/WifiStateMachine( 1016): processMsg: ConnectedState
D/WifiStateMachine( 1016): processMsg: L2ConnectedState
D/WifiStateMachine( 1016): handleMessage: X
D/WifiStateMachine( 1016): handleMessage: E msg.what=151572
D/WifiStateMachine( 1016): processMsg: ConnectedState
D/WifiStateMachine( 1016): processMsg: L2ConnectedState
D/WifiStateMachine( 1016): handleMessage: X
V/AlarmManager( 1016): sending alarm Alarm{43f0b068 type 2 com.google.android.gms}
D/Sensors ( 1016): AccelerationSensor: set delay 20
D/WifiStateMachine( 1016): handleMessage: E msg.what=151572
D/WifiStateMachine( 1016): processMsg: ConnectedState
D/WifiStateMachine( 1016): processMsg: L2ConnectedState
D/WifiStateMachine( 1016): handleMessage: X
D/WifiStateMachine( 1016): handleMessage: E msg.what=131155
D/WifiStateMachine( 1016): processMsg: ConnectedState
D/WifiStateMachine( 1016): processMsg: L2ConnectedState
D/WifiStateMachine( 1016): handleMessage: X
V/AlarmManager( 1016): sending alarm Alarm{43562040 type 3 android}
D/WifiStateMachine( 1016): handleMessage: E msg.what=151572
D/WifiStateMachine( 1016): processMsg: ConnectedState
D/WifiStateMachine( 1016): processMsg: L2ConnectedState
D/WifiStateMachine( 1016): handleMessage: X
D/WifiStateMachine( 1016): handleMessage: E msg.what=151572
D/WifiStateMachine( 1016): processMsg: ConnectedState
D/WifiStateMachine( 1016): processMsg: L2ConnectedState
D/WifiStateMachine( 1016): handleMessage: X
D/WifiStateMachine( 1016): handleMessage: E msg.what=151572
D/WifiStateMachine( 1016): processMsg: ConnectedState
D/WifiStateMachine( 1016): processMsg: L2ConnectedState
D/WifiStateMachine( 1016): handleMessage: X
D/WifiStateMachine( 1016): handleMessage: E msg.what=131155
D/WifiStateMachine( 1016): processMsg: ConnectedState
D/WifiStateMachine( 1016): processMsg: L2ConnectedState
D/WifiStateMachine( 1016): handleMessage: X
D/Sensors ( 1016): AccelerationSensor: set delay 200
D/dalvikvm(30429): GC_CONCURRENT freed 2073K, 38% free 10791K/17224K, paused 3ms+4ms, total 34ms
D/dalvikvm(30429): WAIT_FOR_CONCURRENT_GC blocked 28ms
D/WifiStateMachine( 1016): handleMessage: E msg.what=151572
D/WifiStateMachine( 1016): processMsg: ConnectedState
D/WifiStateMachine( 1016): processMsg: L2ConnectedState
D/WifiStateMachine( 1016): handleMessage: X
D/WifiStateMachine( 1016): handleMessage: E msg.what=151572
D/WifiStateMachine( 1016): processMsg: ConnectedState
D/WifiStateMachine( 1016): processMsg: L2ConnectedState
D/WifiStateMachine( 1016): handleMessage: X
D/WifiStateMachine( 1016): handleMessage: E msg.what=151572
D/WifiStateMachine( 1016): processMsg: ConnectedState
D/WifiStateMachine( 1016): processMsg: L2ConnectedState
D/WifiStateMachine( 1016): handleMessage: X
D/WifiStateMachine( 1016): handleMessage: E msg.what=131155
D/WifiStateMachine( 1016): processMsg: ConnectedState
D/WifiStateMachine( 1016): processMsg: L2ConnectedState
D/WifiStateMachine( 1016): handleMessage: X
D/WifiStateMachine( 1016): handleMessage: E msg.what=151572
D/WifiStateMachine( 1016): processMsg: ConnectedState
D/WifiStateMachine( 1016): processMsg: L2ConnectedState
I/SBar.NetworkController( 1078): onReceive: WifiManager.RSSI_CHANGED_ACTION Received
I/SBar.NetworkController( 1078): refreshSignalCluster: wifi: mWifiConnected=true Wifi=zz_moto_stat_sys_wifi_signal_3_fully_wide Activity=(none) in=false out=false Accessibility="Wi-Fi three bars."
D/WifiStateMachine( 1016): handleMessage: X
D/CordovaLog( 9149): file:///android_asset/www/js/LoginView.js: Line 14 : Success
I/chromium( 9149): [INFO:CONSOLE(14)] "Success", source: file:///android_asset/www/js/LoginView.js (14)
D/WifiStateMachine( 1016): handleMessage: E msg.what=151572
D/WifiStateMachine( 1016): processMsg: ConnectedState
D/WifiStateMachine( 1016): processMsg: L2ConnectedState
D/WifiStateMachine( 1016): handleMessage: X
V/AlarmManager( 1016): sending alarm Alarm{43bfaa68 type 2 com.google.android.gms}
D/Sensors ( 1016): AccelerationSensor: set delay 20
D/WifiStateMachine( 1016): handleMessage: E msg.what=151572
D/WifiStateMachine( 1016): processMsg: ConnectedState
D/WifiStateMachine( 1016): processMsg: L2ConnectedState
D/WifiStateMachine( 1016): handleMessage: X
D/WifiStateMachine( 1016): handleMessage: E msg.what=131155
D/WifiStateMachine( 1016): processMsg: ConnectedState
D/WifiStateMachine( 1016): processMsg: L2ConnectedState
I/SBar.NetworkController( 1078): onReceive: WifiManager.RSSI_CHANGED_ACTION Received
I/SBar.NetworkController( 1078): refreshSignalCluster: wifi: mWifiConnected=true Wifi=zz_moto_stat_sys_wifi_signal_4_fully_wide Activity=zz_moto_stat_sys_wifi_inout_wide in=false out=false Accessibility="Wi-Fi signal full."
D/WifiStateMachine( 1016): handleMessage: X
D/WifiStateMachine( 1016): handleMessage: E msg.what=151572
D/WifiStateMachine( 1016): processMsg: ConnectedState
D/WifiStateMachine( 1016): processMsg: L2ConnectedState
D/WifiStateMachine( 1016): handleMessage: X
I/SFPerfTracer(  278):      triggers: (rate: 11:9974) (86093 sw vsyncs) (16895 skipped) (17:96878 vsyncs) (19:195351)
D/CordovaLog( 9149): file:///android_asset/www/js/ratchet.min.js: Line 10 : Uncaught SyntaxError: Failed to execute 'querySelector' on 'Document': '#pay-page/10205162835322984/109/' is not a valid selector.
I/chromium( 9149): [INFO:CONSOLE(10)] "Uncaught SyntaxError: Failed to execute 'querySelector' on 'Document': '#pay-page/10205162835322984/109/' is not a valid selector.", source: file:///android_asset/www/js/ratchet.min.js (10)
D/WifiStateMachine( 1016): handleMessage: E msg.what=151572
D/WifiStateMachine( 1016): processMsg: ConnectedState
D/WifiStateMachine( 1016): processMsg: L2ConnectedState
D/WifiStateMachine( 1016): handleMessage: X
I/SFPerfTracer(  278):      triggers: (rate: 29:2475) (compose: 0:9) (post: 0:2) (render: 7:329) (0:31076 frames) (1:93512)
D/SFPerfTracer(  278):        layers: (3:9) (DimLayer: 0:65)* (DimLayer: 0:21)* (FocusedStackFrame: 0:795)* (StatusBar: 0:5346) (NavigationBar: 0:6083) (DimLayer: 0:723)* (DimLayer: 0:139)* (com.android.wallpaper.fall.FallWallpaper: 0:5010)* (co.giftmeapp.gift_me/co.giftmeapp.gift_me.GiftMe: 1:132) 
D/WifiStateMachine( 1016): handleMessage: E msg.what=151572
D/WifiStateMachine( 1016): processMsg: ConnectedState
D/WifiStateMachine( 1016): processMsg: L2ConnectedState
D/WifiStateMachine( 1016): handleMessage: X
D/Sensors ( 1016): AccelerationSensor: set delay 200
D/WifiStateMachine( 1016): handleMessage: E msg.what=131155
D/WifiStateMachine( 1016): processMsg: ConnectedState
D/WifiStateMachine( 1016): processMsg: L2ConnectedState
D/WifiStateMachine( 1016): handleMessage: X
W/SubtypeSwitcher(30477): Can't find emoji subtype
W/SubtypeSwitcher(30477): No input method subtype found; returning dummy subtype: android.view.inputmethod.InputMethodSubtype@d78b2ed0
W/ViewPager(30477): Requested offscreen page limit 0 too small; defaulting to 1
I/LatinIME(30477): Starting input. Cursor position = 0,0
I/LatinIME:LogUtils(30477): Dictionary info: dictionary = UserHistoryDictionary.en_GB ; version = 1230901286 ; date = 1428077292
D/WifiStateMachine( 1016): handleMessage: E msg.what=151572
D/WifiStateMachine( 1016): processMsg: ConnectedState
D/WifiStateMachine( 1016): processMsg: L2ConnectedState
I/LatinIME:LogUtils(30477): Dictionary info: dictionary = PersonalizationDictionary.en_GB ; version = 1230901286 ; date = 1428077292
I/LatinIME:LogUtils(30477): Dictionary info: dictionary = PersonalizationDictionary.en_GB ; version = 1230901286 ; date = 1428077292
D/WifiStateMachine( 1016): handleMessage: X
I/Adreno-EGL(30477): <qeglDrvAPI_eglInitialize:410>: EGL 1.4 QUALCOMM build: AU_LINUX_ANDROID_LNX.LA.3.5.1_RB1.04.04.02.048.018_msm8226_LNX.LA.3.5.1_RB1__release_AU ()
I/Adreno-EGL(30477): OpenGL ES Shader Compiler Version: E031.24.00.08
I/Adreno-EGL(30477): Build Date: 03/07/14 Fri
I/Adreno-EGL(30477): Local Branch: 
I/Adreno-EGL(30477): Remote Branch: quic/LNX.LA.3.5.1_RB1.1
I/Adreno-EGL(30477): Local Patches: NONE
I/Adreno-EGL(30477): Reconstruct Branch: AU_LINUX_ANDROID_LNX.LA.3.5.1_RB1.04.04.02.048.018 + f2fd134 +  NOTHING
D/OpenGLRenderer(30477): Enabling debug mode 0
D/SoftKeyboardDetect( 9149): Ignore this event
I/LatinIME:LogUtils(30477): Dictionary info: dictionary = contacts.en_GB ; version = 1230901287 ; date = 1230901287
I/ActivityManager( 1016): Process com.mycelium.wallet (pid 8333) has died.
D/dalvikvm(30409): GC_FOR_ALLOC freed 1130K, 38% free 12071K/19388K, paused 24ms, total 24ms
D/dalvikvm(30409): GC_FOR_ALLOC freed 1055K, 38% free 12132K/19388K, paused 28ms, total 28ms
E/JavaBinder(30477): !!! FAILED BINDER TRANSACTION !!!
E/AppDataSearchClient(30477): GetIMEUpdates failed.
E/AppDataSearchClient(30477): android.os.TransactionTooLargeException
E/AppDataSearchClient(30477): 	at android.os.BinderProxy.transact(Native Method)
E/AppDataSearchClient(30477): 	at com.google.android.gms.internal.dh$a$a.a(Unknown Source)
E/AppDataSearchClient(30477): 	at com.google.android.gms.appdatasearch.AppDataSearchClient.getIMEUpdates(Unknown Source)
E/AppDataSearchClient(30477): 	at com.android.inputmethod.latin.amanatto.AmanattoDataUpdaterHelper.getAmanattoData(AmanattoDataUpdaterHelper.java:208)
E/AppDataSearchClient(30477): 	at com.android.inputmethod.latin.amanatto.AmanattoDataUpdaterHelper.access$700(AmanattoDataUpdaterHelper.java:44)
E/AppDataSearchClient(30477): 	at com.android.inputmethod.latin.amanatto.AmanattoDataUpdaterHelper$4.run(AmanattoDataUpdaterHelper.java:196)
E/AppDataSearchClient(30477): 	at java.util.concurrent.ThreadPoolExecutor.runWorker(ThreadPoolExecutor.java:1112)
E/AppDataSearchClient(30477): 	at java.util.concurrent.ThreadPoolExecutor$Worker.run(ThreadPoolExecutor.java:587)
E/AppDataSearchClient(30477): 	at java.lang.Thread.run(Thread.java:841)
E/AppDataSearchClient(30477): 	at com.android.inputmethod.latin.amanatto.AmanattoDataUpdaterHelper$BackgroundThreadFactory$1.run(AmanattoDataUpdaterHelper.java:68)
W/AmanattoDataUpdaterHelper(30477): --- failed to get response.
W/AmanattoDataUpdaterHelper(30477): --- PIMEUpdateResponse is null.
I/LatinIME:LogUtils(30477): Dictionary info: dictionary = PersonalizationDictionary.en_GB ; version = 1230901286 ; date = 1428077292
I/ActivityManager( 1016): Process com.google.android.gms.ui (pid 8718) has died.
D/WifiStateMachine( 1016): handleMessage: E msg.what=151572
D/WifiStateMachine( 1016): processMsg: ConnectedState
D/WifiStateMachine( 1016): processMsg: L2ConnectedState
D/WifiStateMachine( 1016): handleMessage: X
I/SFPerfTracer(  278):      triggers: (rate: 11:9974) (86093 sw vsyncs) (16895 skipped) (5:96956 vsyncs) (7:195455)
I/SFPerfTracer(  278):      triggers: (rate: 29:2479) (compose: 0:9) (post: 0:2) (render: 7:330) (36:31120 frames) (37:93561)
D/SFPerfTracer(  278):        layers: (4:10) (DimLayer: 0:65)* (DimLayer: 0:21)* (FocusedStackFrame: 0:795)* (StatusBar: 0:5346) (NavigationBar: 0:6084) (DimLayer: 0:723)* (DimLayer: 0:139)* (com.android.wallpaper.fall.FallWallpaper: 0:5010)* (co.giftmeapp.gift_me/co.giftmeapp.gift_me.GiftMe: 37:174) (InputMethod: 13:20) 
D/WifiStateMachine( 1016): handleMessage: E msg.what=151572
D/WifiStateMachine( 1016): processMsg: ConnectedState
D/WifiStateMachine( 1016): processMsg: L2ConnectedState
D/WifiStateMachine( 1016): handleMessage: X
D/WifiStateMachine( 1016): handleMessage: E msg.what=131155
D/WifiStateMachine( 1016): processMsg: ConnectedState
D/WifiStateMachine( 1016): processMsg: L2ConnectedState
D/WifiStateMachine( 1016): handleMessage: X
D/WifiStateMachine( 1016): handleMessage: E msg.what=151572
D/WifiStateMachine( 1016): processMsg: ConnectedState
D/WifiStateMachine( 1016): processMsg: L2ConnectedState
D/WifiStateMachine( 1016): handleMessage: X
D/WifiStateMachine( 1016): handleMessage: E msg.what=151572
D/WifiStateMachine( 1016): processMsg: ConnectedState
D/WifiStateMachine( 1016): processMsg: L2ConnectedState
D/WifiStateMachine( 1016): handleMessage: X
D/WifiStateMachine( 1016): handleMessage: E msg.what=151572
D/WifiStateMachine( 1016): processMsg: ConnectedState
D/WifiStateMachine( 1016): processMsg: L2ConnectedState
D/WifiStateMachine( 1016): handleMessage: X
D/WifiStateMachine( 1016): handleMessage: E msg.what=131155
D/WifiStateMachine( 1016): processMsg: ConnectedState
D/WifiStateMachine( 1016): processMsg: L2ConnectedState
D/WifiStateMachine( 1016): handleMessage: X
D/WifiStateMachine( 1016): handleMessage: E msg.what=151572
D/WifiStateMachine( 1016): processMsg: ConnectedState
D/WifiStateMachine( 1016): processMsg: L2ConnectedState
D/WifiStateMachine( 1016): handleMessage: X
D/WifiStateMachine( 1016): handleMessage: E msg.what=151572
D/WifiStateMachine( 1016): processMsg: ConnectedState
D/WifiStateMachine( 1016): processMsg: L2ConnectedState
D/WifiStateMachine( 1016): handleMessage: X
D/WifiStateMachine( 1016): handleMessage: E msg.what=151572
D/WifiStateMachine( 1016): processMsg: ConnectedState
D/WifiStateMachine( 1016): processMsg: L2ConnectedState
D/WifiStateMachine( 1016): handleMessage: X
D/WifiStateMachine( 1016): handleMessage: E msg.what=131155
D/WifiStateMachine( 1016): processMsg: ConnectedState
D/WifiStateMachine( 1016): processMsg: L2ConnectedState
D/WifiStateMachine( 1016): handleMessage: X
D/WifiStateMachine( 1016): handleMessage: E msg.what=151572
D/WifiStateMachine( 1016): processMsg: ConnectedState
D/WifiStateMachine( 1016): processMsg: L2ConnectedState
D/WifiStateMachine( 1016): handleMessage: X
D/WifiStateMachine( 1016): handleMessage: E msg.what=151572
D/WifiStateMachine( 1016): processMsg: ConnectedState
D/WifiStateMachine( 1016): processMsg: L2ConnectedState
D/WifiStateMachine( 1016): handleMessage: X
D/WifiStateMachine( 1016): handleMessage: E msg.what=151572
D/WifiStateMachine( 1016): processMsg: ConnectedState
D/WifiStateMachine( 1016): processMsg: L2ConnectedState
D/WifiStateMachine( 1016): handleMessage: X
D/WifiStateMachine( 1016): handleMessage: E msg.what=131155
D/WifiStateMachine( 1016): processMsg: ConnectedState
D/WifiStateMachine( 1016): processMsg: L2ConnectedState
D/WifiStateMachine( 1016): handleMessage: X
D/WifiStateMachine( 1016): handleMessage: E msg.what=151572
D/WifiStateMachine( 1016): processMsg: ConnectedState
D/WifiStateMachine( 1016): processMsg: L2ConnectedState
D/WifiStateMachine( 1016): handleMessage: X
D/WifiStateMachine( 1016): handleMessage: E msg.what=151572
D/WifiStateMachine( 1016): processMsg: ConnectedState
D/WifiStateMachine( 1016): processMsg: L2ConnectedState
D/WifiStateMachine( 1016): handleMessage: X
D/WifiStateMachine( 1016): handleMessage: E msg.what=151572
D/WifiStateMachine( 1016): processMsg: ConnectedState
D/WifiStateMachine( 1016): processMsg: L2ConnectedState
D/WifiStateMachine( 1016): handleMessage: X
D/WifiStateMachine( 1016): handleMessage: E msg.what=131155
D/WifiStateMachine( 1016): processMsg: ConnectedState
D/WifiStateMachine( 1016): processMsg: L2ConnectedState
D/WifiStateMachine( 1016): handleMessage: X
D/WifiStateMachine( 1016): handleMessage: E msg.what=151572
D/WifiStateMachine( 1016): processMsg: ConnectedState
D/WifiStateMachine( 1016): processMsg: L2ConnectedState
D/WifiStateMachine( 1016): handleMessage: X
D/WifiStateMachine( 1016): handleMessage: E msg.what=151572
D/WifiStateMachine( 1016): processMsg: ConnectedState
D/WifiStateMachine( 1016): processMsg: L2ConnectedState
D/WifiStateMachine( 1016): handleMessage: X
I/SFPerfTracer(  278):      triggers: (rate: 11:9974) (86093 sw vsyncs) (16895 skipped) (17:96995 vsyncs) (19:195560)
D/WifiStateMachine( 1016): handleMessage: E msg.what=151572
D/WifiStateMachine( 1016): processMsg: ConnectedState
D/WifiStateMachine( 1016): processMsg: L2ConnectedState
D/WifiStateMachine( 1016): handleMessage: X
D/WifiStateMachine( 1016): handleMessage: E msg.what=131155
D/WifiStateMachine( 1016): processMsg: ConnectedState
D/WifiStateMachine( 1016): processMsg: L2ConnectedState
D/WifiStateMachine( 1016): handleMessage: X
D/WifiStateMachine( 1016): handleMessage: E msg.what=151572
D/WifiStateMachine( 1016): processMsg: ConnectedState
D/WifiStateMachine( 1016): processMsg: L2ConnectedState
D/WifiStateMachine( 1016): handleMessage: X
D/WifiStateMachine( 1016): handleMessage: E msg.what=151572
D/WifiStateMachine( 1016): processMsg: ConnectedState
D/WifiStateMachine( 1016): processMsg: L2ConnectedState
D/WifiStateMachine( 1016): handleMessage: X
D/WifiStateMachine( 1016): handleMessage: E msg.what=151572
D/WifiStateMachine( 1016): processMsg: ConnectedState
D/WifiStateMachine( 1016): processMsg: L2ConnectedState
D/WifiStateMachine( 1016): handleMessage: X
D/WifiStateMachine( 1016): handleMessage: E msg.what=131155
D/WifiStateMachine( 1016): processMsg: ConnectedState
D/WifiStateMachine( 1016): processMsg: L2ConnectedState
D/WifiStateMachine( 1016): handleMessage: X
D/WifiStateMachine( 1016): handleMessage: E msg.what=151572
D/WifiStateMachine( 1016): processMsg: ConnectedState
D/WifiStateMachine( 1016): processMsg: L2ConnectedState
D/WifiStateMachine( 1016): handleMessage: X
D/WifiStateMachine( 1016): handleMessage: E msg.what=151572
D/WifiStateMachine( 1016): processMsg: ConnectedState
D/WifiStateMachine( 1016): processMsg: L2ConnectedState
D/WifiStateMachine( 1016): handleMessage: X
D/WifiStateMachine( 1016): handleMessage: E msg.what=151572
D/WifiStateMachine( 1016): processMsg: ConnectedState
D/WifiStateMachine( 1016): processMsg: L2ConnectedState
D/WifiStateMachine( 1016): handleMessage: X
D/WifiStateMachine( 1016): handleMessage: E msg.what=131155
D/WifiStateMachine( 1016): processMsg: ConnectedState
D/WifiStateMachine( 1016): processMsg: L2ConnectedState
D/WifiStateMachine( 1016): handleMessage: X
D/WifiStateMachine( 1016): handleMessage: E msg.what=151572
D/WifiStateMachine( 1016): processMsg: ConnectedState
D/WifiStateMachine( 1016): processMsg: L2ConnectedState
D/WifiStateMachine( 1016): handleMessage: X
D/WifiStateMachine( 1016): handleMessage: E msg.what=151572
D/WifiStateMachine( 1016): processMsg: ConnectedState
D/WifiStateMachine( 1016): processMsg: L2ConnectedState
D/WifiStateMachine( 1016): handleMessage: X
V/AlarmManager( 1016): sending alarm Alarm{43771d90 type 2 com.google.android.gms}
V/AlarmManager( 1016): sending alarm Alarm{43771e68 type 0 com.google.android.gms}
I/EventLogService(30409): Aggregate from 1428076274888 (log), 1428075377627 (data)
D/GCM     (30376): Message class com.google.f.a.a.i
D/WifiStateMachine( 1016): handleMessage: E msg.what=151572
D/WifiStateMachine( 1016): processMsg: ConnectedState
D/WifiStateMachine( 1016): processMsg: L2ConnectedState
D/WifiStateMachine( 1016): handleMessage: X
D/ConnectivityService( 1016): handleInetConditionHoldEnd: net=1, condition=100, published condition=100
I/ModemStatsDSDetect( 1279): onReceive() -Intent { act=android.net.conn.INET_CONDITION_ACTION flg=0x4000010 (has extras) }
I/ModemStatsDSDetect( 1279): INET_CONDITION=100 ,activeNet=NetworkInfo: type: WIFI[], state: CONNECTED/CONNECTED, reason: (unspecified), extra: "Moulin Rouge", roaming: false, failover: false, isAvailable: true, isConnectedToProvisioningNetwork: false
I/ModemStatsDSDetect( 1279): onReceive() - done, currentInetCondition=100
I/SBar.NetworkController( 1078): onReceive: ConnectivityManager.INET_CONDITION_ACTION Received
I/SBar.NetworkController( 1078): updateConnectivity: NetworkInfo: NetworkInfo: type: WIFI[], state: CONNECTED/CONNECTED, reason: (unspecified), extra: "Moulin Rouge", roaming: false, failover: false, isAvailable: true, isConnectedToProvisioningNetwork: false, inetCondition= 1
D/WifiStateMachine( 1016): handleMessage: E msg.what=131155
D/WifiStateMachine( 1016): processMsg: ConnectedState
D/WifiStateMachine( 1016): processMsg: L2ConnectedState
D/WifiStateMachine( 1016): handleMessage: X
D/WifiStateMachine( 1016): handleMessage: E msg.what=151572
D/WifiStateMachine( 1016): processMsg: ConnectedState
D/WifiStateMachine( 1016): processMsg: L2ConnectedState
D/WifiStateMachine( 1016): handleMessage: X
D/WifiStateMachine( 1016): handleMessage: E msg.what=151572
D/WifiStateMachine( 1016): processMsg: ConnectedState
D/WifiStateMachine( 1016): processMsg: L2ConnectedState
D/WifiStateMachine( 1016): handleMessage: X
I/SFPerfTracer(  278):      triggers: (rate: 11:9974) (86093 sw vsyncs) (16895 skipped) (18:97057 vsyncs) (20:195676)
D/WifiStateMachine( 1016): handleMessage: E msg.what=151572
D/WifiStateMachine( 1016): processMsg: ConnectedState
D/WifiStateMachine( 1016): processMsg: L2ConnectedState
D/WifiStateMachine( 1016): handleMessage: X
D/WifiStateMachine( 1016): handleMessage: E msg.what=131155
D/WifiStateMachine( 1016): processMsg: ConnectedState
D/WifiStateMachine( 1016): processMsg: L2ConnectedState
D/WifiStateMachine( 1016): handleMessage: X
D/WifiStateMachine( 1016): handleMessage: E msg.what=151572
D/WifiStateMachine( 1016): processMsg: ConnectedState
D/WifiStateMachine( 1016): processMsg: L2ConnectedState
D/WifiStateMachine( 1016): handleMessage: X
D/WifiStateMachine( 1016): handleMessage: E msg.what=151572
D/WifiStateMachine( 1016): processMsg: ConnectedState
D/WifiStateMachine( 1016): processMsg: L2ConnectedState
D/WifiStateMachine( 1016): handleMessage: X
D/WifiStateMachine( 1016): handleMessage: E msg.what=151572
D/WifiStateMachine( 1016): processMsg: ConnectedState
D/WifiStateMachine( 1016): processMsg: L2ConnectedState
D/WifiStateMachine( 1016): handleMessage: X
D/WifiStateMachine( 1016): handleMessage: E msg.what=131155
D/WifiStateMachine( 1016): processMsg: ConnectedState
D/WifiStateMachine( 1016): processMsg: L2ConnectedState
