D/WifiStateMachine( 1016): handleMessage: E msg.what=151572
D/WifiStateMachine( 1016): processMsg: ConnectedState
D/WifiStateMachine( 1016): processMsg: L2ConnectedState
D/WifiStateMachine( 1016): handleMessage: X
D/WifiStateMachine( 1016): handleMessage: E msg.what=151572
D/WifiStateMachine( 1016): processMsg: ConnectedState
D/WifiStateMachine( 1016): processMsg: L2ConnectedState
D/WifiStateMachine( 1016): handleMessage: X
D/WifiStateMachine( 1016): handleMessage: E msg.what=151572
D/WifiStateMachine( 1016): processMsg: ConnectedState
D/WifiStateMachine( 1016): processMsg: L2ConnectedState
D/WifiStateMachine( 1016): handleMessage: X
D/WifiStateMachine( 1016): handleMessage: E msg.what=131155
D/WifiStateMachine( 1016): processMsg: ConnectedState
D/WifiStateMachine( 1016): processMsg: L2ConnectedState
D/WifiStateMachine( 1016): handleMessage: X
D/WifiStateMachine( 1016): handleMessage: E msg.what=151572
D/WifiStateMachine( 1016): processMsg: ConnectedState
D/WifiStateMachine( 1016): processMsg: L2ConnectedState
D/WifiStateMachine( 1016): handleMessage: X
D/WifiStateMachine( 1016): handleMessage: E msg.what=151572
D/WifiStateMachine( 1016): processMsg: ConnectedState
D/WifiStateMachine( 1016): processMsg: L2ConnectedState
D/WifiStateMachine( 1016): handleMessage: X
D/WifiStateMachine( 1016): handleMessage: E msg.what=151572
D/WifiStateMachine( 1016): processMsg: ConnectedState
D/WifiStateMachine( 1016): processMsg: L2ConnectedState
D/WifiStateMachine( 1016): handleMessage: X
D/WifiStateMachine( 1016): handleMessage: E msg.what=131155
D/WifiStateMachine( 1016): processMsg: ConnectedState
D/WifiStateMachine( 1016): processMsg: L2ConnectedState
D/WifiStateMachine( 1016): handleMessage: X
D/WifiStateMachine( 1016): handleMessage: E msg.what=151572
D/WifiStateMachine( 1016): processMsg: ConnectedState
D/WifiStateMachine( 1016): processMsg: L2ConnectedState
D/WifiStateMachine( 1016): handleMessage: X
I/SFPerfTracer(  278):      triggers: (rate: 38:29641) (88615 sw vsyncs) (53726 skipped) (5:156511 vsyncs) (7:264847)
D/WifiStateMachine( 1016): handleMessage: E msg.what=151572
D/WifiStateMachine( 1016): processMsg: ConnectedState
D/WifiStateMachine( 1016): processMsg: L2ConnectedState
D/WifiStateMachine( 1016): handleMessage: X
D/WifiStateMachine( 1016): handleMessage: E msg.what=151572
D/WifiStateMachine( 1016): processMsg: ConnectedState
D/WifiStateMachine( 1016): processMsg: L2ConnectedState
D/WifiStateMachine( 1016): handleMessage: X
D/WifiStateMachine( 1016): handleMessage: E msg.what=131155
D/WifiStateMachine( 1016): processMsg: ConnectedState
D/WifiStateMachine( 1016): processMsg: L2ConnectedState
D/WifiStateMachine( 1016): handleMessage: X
D/WifiStateMachine( 1016): handleMessage: E msg.what=151572
D/WifiStateMachine( 1016): processMsg: ConnectedState
D/WifiStateMachine( 1016): processMsg: L2ConnectedState
D/WifiStateMachine( 1016): handleMessage: X
V/AlarmManager( 1016): sending alarm Alarm{42bf9660 type 3 android}
D/WifiStateMachine( 1016): handleMessage: E msg.what=151572
D/WifiStateMachine( 1016): processMsg: ConnectedState
D/WifiStateMachine( 1016): processMsg: L2ConnectedState
D/WifiStateMachine( 1016): handleMessage: X
D/WifiStateMachine( 1016): handleMessage: E msg.what=151572
D/WifiStateMachine( 1016): processMsg: ConnectedState
D/WifiStateMachine( 1016): processMsg: L2ConnectedState
D/WifiStateMachine( 1016): handleMessage: X
D/WifiStateMachine( 1016): handleMessage: E msg.what=131155
D/WifiStateMachine( 1016): processMsg: ConnectedState
D/WifiStateMachine( 1016): processMsg: L2ConnectedState
D/WifiStateMachine( 1016): handleMessage: X
D/WifiStateMachine( 1016): handleMessage: E msg.what=151572
D/WifiStateMachine( 1016): processMsg: ConnectedState
D/WifiStateMachine( 1016): processMsg: L2ConnectedState
D/WifiStateMachine( 1016): handleMessage: X
D/WifiStateMachine( 1016): handleMessage: E msg.what=151572
D/WifiStateMachine( 1016): processMsg: ConnectedState
D/WifiStateMachine( 1016): processMsg: L2ConnectedState
D/WifiStateMachine( 1016): handleMessage: X
D/WifiStateMachine( 1016): handleMessage: E msg.what=151572
D/WifiStateMachine( 1016): processMsg: ConnectedState
D/WifiStateMachine( 1016): processMsg: L2ConnectedState
D/WifiStateMachine( 1016): handleMessage: X
D/WifiStateMachine( 1016): handleMessage: E msg.what=131155
D/WifiStateMachine( 1016): processMsg: ConnectedState
D/WifiStateMachine( 1016): processMsg: L2ConnectedState
D/WifiStateMachine( 1016): handleMessage: X
D/WifiStateMachine( 1016): handleMessage: E msg.what=151572
D/WifiStateMachine( 1016): processMsg: ConnectedState
D/WifiStateMachine( 1016): processMsg: L2ConnectedState
D/WifiStateMachine( 1016): handleMessage: X
D/WifiStateMachine( 1016): handleMessage: E msg.what=151572
D/WifiStateMachine( 1016): processMsg: ConnectedState
D/WifiStateMachine( 1016): processMsg: L2ConnectedState
D/WifiStateMachine( 1016): handleMessage: X
D/WifiStateMachine( 1016): handleMessage: E msg.what=151572
D/WifiStateMachine( 1016): processMsg: ConnectedState
D/WifiStateMachine( 1016): processMsg: L2ConnectedState
D/WifiStateMachine( 1016): handleMessage: X
D/WifiStateMachine( 1016): handleMessage: E msg.what=131155
D/WifiStateMachine( 1016): processMsg: ConnectedState
D/WifiStateMachine( 1016): processMsg: L2ConnectedState
D/WifiStateMachine( 1016): handleMessage: X
D/WifiStateMachine( 1016): handleMessage: E msg.what=151572
D/WifiStateMachine( 1016): processMsg: ConnectedState
D/WifiStateMachine( 1016): processMsg: L2ConnectedState
D/WifiStateMachine( 1016): handleMessage: X
D/WifiStateMachine( 1016): handleMessage: E msg.what=151572
D/WifiStateMachine( 1016): processMsg: ConnectedState
D/WifiStateMachine( 1016): processMsg: L2ConnectedState
D/WifiStateMachine( 1016): handleMessage: X
D/WifiStateMachine( 1016): handleMessage: E msg.what=151572
D/WifiStateMachine( 1016): processMsg: ConnectedState
D/WifiStateMachine( 1016): processMsg: L2ConnectedState
D/WifiStateMachine( 1016): handleMessage: X
D/WifiStateMachine( 1016): handleMessage: E msg.what=131155
D/WifiStateMachine( 1016): processMsg: ConnectedState
D/WifiStateMachine( 1016): processMsg: L2ConnectedState
D/WifiStateMachine( 1016): handleMessage: X
D/WifiStateMachine( 1016): handleMessage: E msg.what=151572
D/WifiStateMachine( 1016): processMsg: ConnectedState
D/WifiStateMachine( 1016): processMsg: L2ConnectedState
D/WifiStateMachine( 1016): handleMessage: X
D/WifiStateMachine( 1016): handleMessage: E msg.what=151572
D/WifiStateMachine( 1016): processMsg: ConnectedState
D/WifiStateMachine( 1016): processMsg: L2ConnectedState
D/WifiStateMachine( 1016): handleMessage: X
D/WifiStateMachine( 1016): handleMessage: E msg.what=151572
D/WifiStateMachine( 1016): processMsg: ConnectedState
D/WifiStateMachine( 1016): processMsg: L2ConnectedState
D/WifiStateMachine( 1016): handleMessage: X
D/WifiStateMachine( 1016): handleMessage: E msg.what=131155
D/WifiStateMachine( 1016): processMsg: ConnectedState
D/WifiStateMachine( 1016): processMsg: L2ConnectedState
D/WifiStateMachine( 1016): handleMessage: X
D/WifiStateMachine( 1016): handleMessage: E msg.what=151572
D/WifiStateMachine( 1016): processMsg: ConnectedState
D/WifiStateMachine( 1016): processMsg: L2ConnectedState
D/WifiStateMachine( 1016): handleMessage: X
D/WifiStateMachine( 1016): handleMessage: E msg.what=151572
D/WifiStateMachine( 1016): processMsg: ConnectedState
D/WifiStateMachine( 1016): processMsg: L2ConnectedState
D/WifiStateMachine( 1016): handleMessage: X
D/WifiStateMachine( 1016): handleMessage: E msg.what=151572
D/WifiStateMachine( 1016): processMsg: ConnectedState
D/WifiStateMachine( 1016): processMsg: L2ConnectedState
D/WifiStateMachine( 1016): handleMessage: X
D/WifiStateMachine( 1016): handleMessage: E msg.what=131155
D/WifiStateMachine( 1016): processMsg: ConnectedState
D/WifiStateMachine( 1016): processMsg: L2ConnectedState
D/WifiStateMachine( 1016): handleMessage: X
D/WifiStateMachine( 1016): handleMessage: E msg.what=151572
D/WifiStateMachine( 1016): processMsg: ConnectedState
D/WifiStateMachine( 1016): processMsg: L2ConnectedState
D/WifiStateMachine( 1016): handleMessage: X
V/AlarmManager( 1016): sending alarm Alarm{42b6ad60 type 3 com.devexpert.weather}
V/AlarmManager( 1016): sending alarm Alarm{42aad6c0 type 2 com.google.android.apps.maps}
I/ActivityManager( 1016): Start proc com.google.android.apps.maps for service com.google.android.apps.maps/com.google.android.apps.gmm.prefetch.PrefetcherService: pid=2607 uid=10064 gids={50064, 3003, 1028, 1015}
V/AlarmManager( 1016): sending alarm Alarm{42aad710 type 2 com.google.android.gms}
D/GCM     (30376): Message class com.google.f.a.a.i
I/Adreno-EGL( 2607): <qeglDrvAPI_eglInitialize:410>: EGL 1.4 QUALCOMM build: AU_LINUX_ANDROID_LNX.LA.3.5.1_RB1.04.04.02.048.018_msm8226_LNX.LA.3.5.1_RB1__release_AU ()
I/Adreno-EGL( 2607): OpenGL ES Shader Compiler Version: E031.24.00.08
I/Adreno-EGL( 2607): Build Date: 03/07/14 Fri
I/Adreno-EGL( 2607): Local Branch: 
I/Adreno-EGL( 2607): Remote Branch: quic/LNX.LA.3.5.1_RB1.1
I/Adreno-EGL( 2607): Local Patches: NONE
I/Adreno-EGL( 2607): Reconstruct Branch: AU_LINUX_ANDROID_LNX.LA.3.5.1_RB1.04.04.02.048.018 + f2fd134 +  NOTHING
W/ActivityThread( 2607): ClassLoader.loadClass: The class loader returned by Thread.getContextClassLoader() may fail for processes that host multiple applications. You should explicitly specify a context class loader. For example: Thread.setContextClassLoader(getClass().getClassLoader());
I/ActivityManager( 1016): Start proc com.google.android.tts for service com.google.android.tts/.service.GoogleTTSService: pid=2640 uid=10068 gids={50068, 3003, 1028, 1015}
I/TextToSpeech( 2607): Sucessfully bound to com.google.android.tts
D/StrictMode( 2607): StrictMode policy violation; ~duration=94 ms: android.os.StrictMode$StrictModeDiskReadViolation: policy=287 violation=2
D/StrictMode( 2607): 	at android.os.StrictMode$AndroidBlockGuardPolicy.onReadFromDisk(StrictMode.java:1135)
D/StrictMode( 2607): 	at android.database.sqlite.SQLiteConnection.applyBlockGuardPolicy(SQLiteConnection.java:1041)
D/StrictMode( 2607): 	at android.database.sqlite.SQLiteConnection.executeForCursorWindow(SQLiteConnection.java:842)
D/StrictMode( 2607): 	at android.database.sqlite.SQLiteSession.executeForCursorWindow(SQLiteSession.java:836)
D/StrictMode( 2607): 	at android.database.sqlite.SQLiteQuery.fillWindow(SQLiteQuery.java:62)
D/StrictMode( 2607): 	at android.database.sqlite.SQLiteCursor.fillWindow(SQLiteCursor.java:144)
D/StrictMode( 2607): 	at android.database.sqlite.SQLiteCursor.getCount(SQLiteCursor.java:133)
D/StrictMode( 2607): 	at android.database.CursorToBulkCursorAdaptor.getBulkCursorDescriptor(CursorToBulkCursorAdaptor.java:148)
D/StrictMode( 2607): 	at android.content.ContentProviderNative.onTransact(ContentProviderNative.java:118)
D/StrictMode( 2607): 	at android.os.Binder.execTransact(Binder.java:404)
D/StrictMode( 2607): 	at dalvik.system.NativeStart.run(Native Method)
D/StrictMode( 2607): # via Binder call with stack:
D/StrictMode( 2607): android.os.StrictMode$LogStackTrace
D/StrictMode( 2607): 	at android.os.StrictMode.readAndHandleBinderCallViolations(StrictMode.java:1705)
D/StrictMode( 2607): 	at android.os.Parcel.readExceptionCode(Parcel.java:1447)
D/StrictMode( 2607): 	at android.database.DatabaseUtils.readExceptionFromParcel(DatabaseUtils.java:134)
D/StrictMode( 2607): 	at android.content.ContentProviderProxy.query(ContentProviderNative.java:413)
D/StrictMode( 2607): 	at android.content.ContentResolver.query(ContentResolver.java:461)
D/StrictMode( 2607): 	at android.content.ContentResolver.query(ContentResolver.java:404)
D/StrictMode( 2607): 	at com.google.android.apps.gmm.map.n.b.j.b(SourceFile:67)
D/StrictMode( 2607): 	at com.google.android.apps.gmm.map.n.b.j.a(SourceFile:100)
D/StrictMode( 2607): 	at com.google.android.apps.gmm.map.n.b.d.a(SourceFile:197)
D/StrictMode( 2607): 	at com.google.android.apps.gmm.map.n.b.d.<init>(SourceFile:178)
D/StrictMode( 2607): 	at com.google.android.apps.gmm.base.app.GoogleMapsApplication.onCreate(SourceFile:226)
D/StrictMode( 2607): 	at android.app.Instrumentation.callApplicationOnCreate(Instrumentation.java:1030)
D/StrictMode( 2607): 	at android.app.ActivityThread.handleBindApplication(ActivityThread.java:4409)
D/StrictMode( 2607): 	at android.app.ActivityThread.access$1500(ActivityThread.java:139)
D/StrictMode( 2607): 	at android.app.ActivityThread$H.handleMessage(ActivityThread.java:1270)
D/StrictMode( 2607): 	at android.os.Handler.dispatchMessage(Handler.java:102)
D/StrictMode( 2607): 	at android.os.Looper.loop(Looper.java:136)
D/StrictMode( 2607): 	at android.app.ActivityThread.main(ActivityThread.java:5086)
D/StrictMode( 2607): 	at java.lang.reflect.Method.invokeNative(Native Method)
D/StrictMode( 2607): 	at java.lang.reflect.Method.invoke(Method.java:515)
D/StrictMode( 2607): 	at com.android.internal.os.ZygoteInit$MethodAndArgsCaller.run(ZygoteInit.java:785)
D/StrictMode( 2607): 	at com.android.internal.os.ZygoteInit.main(ZygoteInit.java:601)
D/StrictMode( 2607): 	at dalvik.system.NativeStart.main(Native Method)
D/StrictMode( 2607): StrictMode policy violation; ~duration=80 ms: android.os.StrictMode$StrictModeDiskReadViolation: policy=287 violation=2
D/StrictMode( 2607): 	at android.os.StrictMode$AndroidBlockGuardPolicy.onReadFromDisk(StrictMode.java:1135)
D/StrictMode( 2607): 	at android.database.sqlite.SQLiteConnection.applyBlockGuardPolicy(SQLiteConnection.java:1041)
D/StrictMode( 2607): 	at android.database.sqlite.SQLiteConnection.executeForCursorWindow(SQLiteConnection.java:842)
D/StrictMode( 2607): 	at android.database.sqlite.SQLiteSession.executeForCursorWindow(SQLiteSession.java:836)
D/StrictMode( 2607): 	at android.database.sqlite.SQLiteQuery.fillWindow(SQLiteQuery.java:62)
D/StrictMode( 2607): 	at android.database.sqlite.SQLiteCursor.fillWindow(SQLiteCursor.java:144)
D/StrictMode( 2607): 	at android.database.sqlite.SQLiteCursor.getCount(SQLiteCursor.java:133)
D/StrictMode( 2607): 	at android.database.CursorToBulkCursorAdaptor.getBulkCursorDescriptor(CursorToBulkCursorAdaptor.java:148)
D/StrictMode( 2607): 	at android.content.ContentProviderNative.onTransact(ContentProviderNative.java:118)
D/StrictMode( 2607): 	at android.os.Binder.execTransact(Binder.java:404)
D/StrictMode( 2607): 	at dalvik.system.NativeStart.run(Native Method)
D/StrictMode( 2607): # via Binder call with stack:
D/StrictMode( 2607): android.os.StrictMode$LogStackTrace
D/StrictMode( 2607): 	at android.os.StrictMode.readAndHandleBinderCallViolations(StrictMode.java:1705)
D/StrictMode( 2607): 	at android.os.Parcel.readExceptionCode(Parcel.java:1447)
D/StrictMode( 2607): 	at android.database.DatabaseUtils.readExceptionFromParcel(DatabaseUtils.java:134)
D/StrictMode( 2607): 	at android.content.ContentProviderProxy.query(ContentProviderNative.java:413)
D/StrictMode( 2607): 	at android.content.ContentResolver.query(ContentResolver.java:461)
D/StrictMode( 2607): 	at android.content.ContentResolver.query(ContentResolver.java:404)
D/StrictMode( 2607): 	at com.google.android.apps.gmm.map.n.b.j.b(SourceFile:67)
D/StrictMode( 2607): 	at com.google.android.apps.gmm.map.n.b.j.a(SourceFile:100)
D/StrictMode( 2607): 	at com.google.android.apps.gmm.location.a.m.a(SourceFile:193)
D/StrictMode( 2607): 	at com.google.android.apps.gmm.location.a.m.<init>(SourceFile:174)
D/StrictMode( 2607): 	at com.google.android.apps.gmm.base.app.GoogleMapsApplication.onCreate(SourceFile:226)
D/StrictMode( 2607): 	at android.app.Instrumentation.callApplicationOnCreate(Instrumentation.java:1030)
D/StrictMode( 2607): 	at android.app.ActivityThread.handleBindApplication(ActivityThread.java:4409)
D/StrictMode( 2607): 	at android.app.ActivityThread.access$1500(ActivityThread.java:139)
D/StrictMode( 2607): 	at android.app.ActivityThread$H.handleMessage(ActivityThread.java:1270)
D/StrictMode( 2607): 	at android.os.Handler.dispatchMessage(Handler.java:102)
D/StrictMode( 2607): 	at android.os.Looper.loop(Looper.java:136)
D/StrictMode( 2607): 	at android.app.ActivityThread.main(ActivityThread.java:5086)
D/StrictMode( 2607): 	at java.lang.reflect.Method.invokeNative(Native Method)
D/StrictMode( 2607): 	at java.lang.reflect.Method.invoke(Method.java:515)
D/StrictMode( 2607): 	at com.android.internal.os.ZygoteInit$MethodAndArgsCaller.run(ZygoteInit.java:785)
D/StrictMode( 2607): 	at com.android.internal.os.ZygoteInit.main(ZygoteInit.java:601)
D/StrictMode( 2607): 	at dalvik.system.NativeStart.main(Native Method)
D/StrictMode( 2607): StrictMode policy violation; ~duration=48 ms: android.os.StrictMode$StrictModeDiskReadViolation: policy=31 violation=2
D/StrictMode( 2607): 	at android.os.StrictMode$AndroidBlockGuardPolicy.onReadFromDisk(StrictMode.java:1135)
D/StrictMode( 2607): 	at android.app.SharedPreferencesImpl.awaitLoadedLocked(SharedPreferencesImpl.java:203)
D/StrictMode( 2607): 	at android.app.SharedPreferencesImpl.getString(SharedPreferencesImpl.java:223)
D/StrictMode( 2607): 	at com.google.android.apps.gmm.navigation.a.O.b(SourceFile:252)
D/StrictMode( 2607): 	at com.google.android.apps.gmm.navigation.a.O.<init>(SourceFile:242)
D/StrictMode( 2607): 	at com.google.android.apps.gmm.base.app.GoogleMapsApplication.onCreate(SourceFile:242)
D/StrictMode( 2607): 	at android.app.Instrumentation.callApplicationOnCreate(Instrumentation.java:1030)
D/StrictMode( 2607): 	at android.app.ActivityThread.handleBindApplication(ActivityThread.java:4409)
D/StrictMode( 2607): 	at android.app.ActivityThread.access$1500(ActivityThread.java:139)
D/StrictMode( 2607): 	at android.app.ActivityThread$H.handleMessage(ActivityThread.java:1270)
D/StrictMode( 2607): 	at android.os.Handler.dispatchMessage(Handler.java:102)
D/StrictMode( 2607): 	at android.os.Looper.loop(Looper.java:136)
D/StrictMode( 2607): 	at android.app.ActivityThread.main(ActivityThread.java:5086)
D/StrictMode( 2607): 	at java.lang.reflect.Method.invokeNative(Native Method)
D/StrictMode( 2607): 	at java.lang.reflect.Method.invoke(Method.java:515)
D/StrictMode( 2607): 	at com.android.internal.os.ZygoteInit$MethodAndArgsCaller.run(ZygoteInit.java:785)
D/StrictMode( 2607): 	at com.android.internal.os.ZygoteInit.main(ZygoteInit.java:601)
D/StrictMode( 2607): 	at dalvik.system.NativeStart.main(Native Method)
D/WifiService( 1016): New client listening to asynchronous messages
D/ConnectivityService( 1016): handleInetConditionHoldEnd: net=1, condition=100, published condition=100
I/ModemStatsDSDetect( 1279): onReceive() -Intent { act=android.net.conn.INET_CONDITION_ACTION flg=0x4000010 (has extras) }
I/ModemStatsDSDetect( 1279): INET_CONDITION=100 ,activeNet=NetworkInfo: type: WIFI[], state: CONNECTED/CONNECTED, reason: (unspecified), extra: "Moulin Rouge", roaming: false, failover: false, isAvailable: true, isConnectedToProvisioningNetwork: false
I/ModemStatsDSDetect( 1279): onReceive() - done, currentInetCondition=100
I/SBar.NetworkController( 1078): onReceive: ConnectivityManager.INET_CONDITION_ACTION Received
I/SBar.NetworkController( 1078): updateConnectivity: NetworkInfo: NetworkInfo: type: WIFI[], state: CONNECTED/CONNECTED, reason: (unspecified), extra: "Moulin Rouge", roaming: false, failover: false, isAvailable: true, isConnectedToProvisioningNetwork: false, inetCondition= 1
I/GoogleTTSService( 2640): Creating Google TTS service, version 3.0.11.1070024
I/patts   ( 2640): [embedded_hmm_synthesizer.cc:21] Embedded HMM synthesizer initialized.
I/patts   ( 2640): [jni_loader.cc:74] Patts JNI loaded successfully.
I/patts   ( 2640): Loading project file (apk mode is true,assets from com.google.android.tts) ...
I/patts   ( 2640): [android_project_file.cc:36] Loading "voices/en-gb-x-fis-phone-hmm/phonology.cfg" ...
V/Herrevad(30409): NQAS connected
I/patts   ( 2640): [android_project_file.cc:36] Loading "voices/en-gb-x-fis-phone-hmm/textnorm_kestrel.cfg" ...
I/patts   ( 2640): [android_project_file.cc:36] Loading "voices/en-gb-x-fis-phone-hmm/compressed_lexicon_en_gb.blex" ...
I/patts   ( 2640): [android_project_file.cc:36] Loading "voices/en-gb-x-fis-phone-hmm/phonology.pb" ...
I/patts   ( 2640): [android_project_file.cc:36] Loading "voices/en-gb-x-fis-phone-hmm/rewrite_android.far" ...
I/patts   ( 2640): [grm-manager.h:57] Loading FST archive from "voices/en-gb-x-fis-phone-hmm/rewrite_android.far" ...
I/patts   ( 2640): [android_project_file.cc:36] Loading "voices/en-gb-x-fis-phone-hmm/tokenize_and_classify_embedded_android.far" ...
I/patts   ( 2640): [grm-manager.h:57] Loading FST archive from "voices/en-gb-x-fis-phone-hmm/tokenize_and_classify_embedded_android.far" ...
D/WifiStateMachine( 1016): handleMessage: E msg.what=151572
D/WifiStateMachine( 1016): processMsg: ConnectedState
D/WifiStateMachine( 1016): processMsg: L2ConnectedState
D/WifiStateMachine( 1016): handleMessage: X
D/dalvikvm(30409): GC_CONCURRENT freed 1912K, 30% free 12563K/17936K, paused 6ms+5ms, total 44ms
I/patts   ( 2640): [android_project_file.cc:36] Loading "voices/en-gb-x-fis-phone-hmm/textnorm_params_embedded.pb" ...
I/patts   ( 2640): [android_project_file.cc:36] Loading "voices/en-gb-x-fis-phone-hmm/roman_numeral_contexts.pb" ...
I/patts   ( 2640): [android_project_file.cc:36] Loading "voices/en-gb-x-fis-phone-hmm/roman_numeral_android.far" ...
I/patts   ( 2640): [grm-manager.h:57] Loading FST archive from "voices/en-gb-x-fis-phone-hmm/roman_numeral_android.far" ...
I/patts   ( 2640): [android_project_file.cc:36] Loading "voices/en-gb-x-fis-phone-hmm/verbalize_android.far" ...
I/patts   ( 2640): [grm-manager.h:57] Loading FST archive from "voices/en-gb-x-fis-phone-hmm/verbalize_android.far" ...
I/patts   ( 2640): [android_project_file.cc:36] Loading "voices/en-gb-x-fis-phone-hmm/textnorm_params_embedded.pb" ...
I/patts   ( 2640): [android_project_file.cc:36] Loading "voices/en-gb-x-fis-phone-hmm/resolve_homographs_simple_gb.pb" ...
I/patts   ( 2640): [android_project_file.cc:36] Loading "voices/en-gb-x-fis-phone-hmm/g2p_m3_syls0_stress0_en-GB.fst" ...
I/patts   ( 2640): [compact_fst.cc:31] Loading FST from "voices/en-gb-x-fis-phone-hmm/g2p_m3_syls0_stress0_en-GB.fst" ...
D/WifiStateMachine( 1016): handleMessage: E msg.what=151572
D/WifiStateMachine( 1016): processMsg: ConnectedState
D/WifiStateMachine( 1016): processMsg: L2ConnectedState
D/WifiStateMachine( 1016): handleMessage: X
D/WifiStateMachine( 1016): handleMessage: E msg.what=131155
D/WifiStateMachine( 1016): processMsg: ConnectedState
D/WifiStateMachine( 1016): processMsg: L2ConnectedState
D/WifiStateMachine( 1016): handleMessage: X
I/patts   ( 2640): [decoder_impl.cc:79] g2p FST: 55 graphemes, 45 phonemes (with special symbols)
I/patts   ( 2640): [android_project_file.cc:36] Loading "voices/en-gb-x-fis-phone-hmm/engine_hmm_22050_ap-embedded_lsp.cfg" ...
I/patts   ( 2640): [embedded_hmm_synthesizer.cc:21] Embedded HMM synthesizer initialized.
I/patts   ( 2640): [android_project_file.cc:36] Loading "voices/en-gb-x-fis-phone-hmm/phonology.cfg" ...
I/patts   ( 2640): [android_project_file.cc:36] Loading "voices/en-gb-x-fis-phone-hmm/compile_hmm_22050_ph_lsp_swop_ap_msd.cfg" ...
I/patts   ( 2640): [android_project_file.cc:36] Loading "voices/en-gb-x-fis-phone-hmm/engine_hmm_22050_ap-embedded_lsp.cfg" ...
I/patts   ( 2640): [android_project_file.cc:36] Loading "voices/en-gb-x-fis-phone-hmm/hmm_voice_en_gb_fis_hq_22050_ph_lsp_swop_ap_msd_bin_8bit.voice" ...
I/TextToSpeech( 2607): Connected to ComponentInfo{com.google.android.tts/com.google.android.tts.service.GoogleTTSService}
I/SBar.NetworkController( 1078): refreshSignalCluster: wifi: mWifiConnected=true Wifi=zz_moto_stat_sys_wifi_signal_4_fully_wide Activity=(none) in=false out=false Accessibility="Wi-Fi signal full."
I/SBar.NetworkController( 1078): refreshSignalCluster: mobile: Signal=zz_moto_stat_sys_signal_emergency_only_wide Roaming=(none) mSimIconId=zz_moto_stat_sys_no_sim_wide Accessibility="Emergency calls only.","","No SIM card."
I/SBar.NetworkController( 1078): refreshSignalCluster: mobile: mHasMobileDataFeature=true DataTypeShown=(none) Activity=(none) in=false out=false Accessibility="No data."
I/TextToSpeech( 2607): Set up connection to ComponentInfo{com.google.android.tts/com.google.android.tts.service.GoogleTTSService}
D/WifiStateMachine( 1016): handleMessage: E msg.what=151572
D/WifiStateMachine( 1016): processMsg: ConnectedState
D/WifiStateMachine( 1016): processMsg: L2ConnectedState
D/WifiStateMachine( 1016): handleMessage: X
D/WifiStateMachine( 1016): handleMessage: E msg.what=151572
D/WifiStateMachine( 1016): processMsg: ConnectedState
D/WifiStateMachine( 1016): processMsg: L2ConnectedState
D/WifiStateMachine( 1016): handleMessage: X
I/SFPerfTracer(  278):      triggers: (rate: 38:29641) (88615 sw vsyncs) (53726 skipped) (31:156604 vsyncs) (33:264953)
D/WifiStateMachine( 1016): handleMessage: E msg.what=151572
D/WifiStateMachine( 1016): processMsg: ConnectedState
D/WifiStateMachine( 1016): processMsg: L2ConnectedState
D/WifiStateMachine( 1016): handleMessage: X
D/WifiStateMachine( 1016): handleMessage: E msg.what=131155
D/WifiStateMachine( 1016): processMsg: ConnectedState
D/WifiStateMachine( 1016): processMsg: L2ConnectedState
D/WifiStateMachine( 1016): handleMessage: X
I/ActivityManager( 1016): Process com.google.android.apps.magazines (pid 2341) has died.
D/WifiStateMachine( 1016): handleMessage: E msg.what=151572
D/WifiStateMachine( 1016): processMsg: ConnectedState
D/WifiStateMachine( 1016): processMsg: L2ConnectedState
D/WifiStateMachine( 1016): handleMessage: X
I/ActivityManager( 1016): Process com.google.android.partnersetup (pid 2257) has died.
D/WifiStateMachine( 1016): handleMessage: E msg.what=151572
D/WifiStateMachine( 1016): processMsg: ConnectedState
D/WifiStateMachine( 1016): processMsg: L2ConnectedState
D/WifiStateMachine( 1016): handleMessage: X
D/WifiStateMachine( 1016): handleMessage: E msg.what=151572
D/WifiStateMachine( 1016): processMsg: ConnectedState
D/WifiStateMachine( 1016): processMsg: L2ConnectedState
D/WifiStateMachine( 1016): handleMessage: X
D/WifiStateMachine( 1016): handleMessage: E msg.what=131155
D/WifiStateMachine( 1016): processMsg: ConnectedState
D/WifiStateMachine( 1016): processMsg: L2ConnectedState
D/WifiStateMachine( 1016): handleMessage: X
D/WifiStateMachine( 1016): handleMessage: E msg.what=151572
D/WifiStateMachine( 1016): processMsg: ConnectedState
D/WifiStateMachine( 1016): processMsg: L2ConnectedState
D/WifiStateMachine( 1016): handleMessage: X
D/WifiStateMachine( 1016): handleMessage: E msg.what=151572
D/WifiStateMachine( 1016): processMsg: ConnectedState
D/WifiStateMachine( 1016): processMsg: L2ConnectedState
D/WifiStateMachine( 1016): handleMessage: X
I/PowerManagerService( 1016): Nap time...
I/PowerManagerService( 1016): Going to sleep due to screen timeout...
D/SurfaceFlinger(  278): Screen released, type=0 flinger=0xb7ca1450
D/qdhwcomposer(  278): hwc_blank: Blanking display: 0
D/qdhwcomposer(  278): hwc_blank: Done blanking display: 0
D/SurfaceControl( 1016): Excessive delay in blankDisplay() while turning screen off: 204ms
I/SFPerfTracer(  278):      triggers: (rate: 38:2831) (compose: 0:14) (post: 0:2) (render: 9:428) (23:56686 frames) (24:152167)
D/SFPerfTracer(  278):        layers: (4:12) (DimLayer: 0:65)* (DimLayer: 0:25)* (FocusedStackFrame: 0:1626)* (StatusBar: 0:8953) (NavigationBar: 0:11264) (DimLayer: 0:2769)* (DimLayer: 0:291)* (com.android.wallpaper.fall.FallWallpaper: 0:17570)* (com.giftme.fb_auth/com.giftme.fb_auth.FB_Auth: 0:74) (com.giftme.fb_auth/com.giftme.fb_auth.FB_Auth: 0:36)* (com.giftme.fb_auth/com.giftme.fb_auth.FB_Auth: 0:39)* (ElectronBeam: 24:26) 
I/AonLTInterfaceService( 1231): AodLT package version: 1000000
D/Sensors ( 1016): AccelerationSensor: Set Sensors state 0x1
D/Sensors ( 1016): AccelerationSensor: set delay 200
D/CordovaActivity( 2387): Paused the application!
D/CordovaWebView( 2387): Handle the pause
W/ContextImpl( 1231): Calling a method in the system process without a qualified user: android.app.ContextImpl.sendBroadcast:1252 android.content.ContextWrapper.sendBroadcast:365 com.motorola.motocare.util.TriggerHelper$TriggerBuilder.send:76 com.motorola.motocare.internal.frameworkevents.PauseResumeTrigger.handleFrameworkEvent:53 com.motorola.motocare.internal.frameworkevents.FwEventMonitor$FrameworkListener.processFrameworkEvent:114 
D/WifiStateMachine( 1016): handleScreenStateChanged: false
D/WifiStateMachine( 1016): handleMessage: E msg.what=131154
D/WifiStateMachine( 1016): processMsg: ConnectedState
D/WifiStateMachine( 1016): processMsg: L2ConnectedState
D/WifiStateMachine( 1016): handleMessage: X
D/WifiStateMachine( 1016): handleMessage: E msg.what=131163
D/WifiStateMachine( 1016): processMsg: ConnectedState
D/WifiStateMachine( 1016): processMsg: L2ConnectedState
D/WifiStateMachine( 1016): processMsg: ConnectModeState
D/WifiStateMachine( 1016): processMsg: DriverStartedState
D/WifiStateMachine( 1016): processMsg: SupplicantStartedState
D/WifiStateMachine( 1016): processMsg: DefaultState
D/WifiStateMachine( 1016): handleMessage: X
D/WifiStateMachine( 1016): handleMessage: E msg.what=131158
D/WifiStateMachine( 1016): processMsg: ConnectedState
D/WifiStateMachine( 1016): processMsg: L2ConnectedState
D/WifiStateMachine( 1016): processMsg: ConnectModeState
D/WifiStateMachine( 1016): processMsg: DriverStartedState
D/WifiStateMachine( 1016): setSuspendOptimizationsNative: 4 true
D/Sensors ( 1016): AccelerationSensor: Set Sensors state 0x0
D/audio_hw_primary(  284): adev_set_parameters: enter: screen_state=off
V/msm8974_platform(  284): platform_set_parameters: enter: screen_state=off
V/msm8974_platform(  284): platform_set_parameters: exit with code(-2)
E/audio_a2dp_hw(  284): adev_set_parameters: ERROR: set param called even when stream out is null
D/WifiStateMachine( 1016): handleMessage: X
D/WifiStateMachine( 1016): handleMessage: E msg.what=131155
D/WifiStateMachine( 1016): processMsg: ConnectedState
D/WifiStateMachine( 1016): processMsg: L2ConnectedState
D/WifiStateMachine( 1016): handleMessage: X
W/IdleConnectionHandler( 1558): Removing a connection that never existed!
W/ContextImpl( 1231): Calling a method in the system process without a qualified user: android.app.ContextImpl.startService:1608 android.content.ContextWrapper.startService:494 android.content.ContextWrapper.startService:494 com.motorola.motocare.internal.batterystats.BatteryStatsAction.onReceive:33 android.app.ActivityThread.handleReceiver:2434 
V/AlarmManager( 1016): sending alarm Alarm{43468210 type 2 com.android.keyguard}
V/AlarmManager( 1016): sending alarm Alarm{434f80c8 type 0 com.facebook.katana}
V/KeyguardHostView( 1078): Initial transport state: 0, pbstate=0
D/KeyguardHostView( 1078): showSecurityScreen(None)
D/KeyguardHostView( 1078): getSecurityView(Invalid)
D/KeyguardHostView( 1078): getSecurityView(None)
D/dalvikvm( 1078): GC_CONCURRENT freed 522K, 31% free 14891K/21372K, paused 10ms+2ms, total 39ms
V/KeyguardHostView( 1078): hide transport, gen:24
V/KeyguardHostView( 1078): music state changed: 0
D/KeyguardHostView( 1078): showSecurityScreen(None)
V/KeyguardHostView( 1078): Initial transport state: 0, pbstate=0
D/KeyguardHostView( 1078): showSecurityScreen(None)
D/KeyguardHostView( 1078): getSecurityView(Invalid)
D/KeyguardHostView( 1078): getSecurityView(None)
V/KeyguardHostView( 1078): hide transport, gen:24
V/KeyguardHostView( 1078): music state changed: 0
D/PhoneStatusBar( 1078): disable: < expand icons alerts ticker system_info BACK* HOME* RECENT* CLOCK* search >
W/View    ( 1078): requestLayout() improperly called by android.widget.TextClock{4279c7a0 V.ED.... ......ID 104,0-484,213 #7f0a004b app:id/clock_view} during layout: running second layout pass
W/View    ( 1078): requestLayout() improperly called by android.widget.TextClock{42951108 V.ED.... ......ID 145,0-270,38 #7f0a0050 app:id/date_view} during layout: running second layout pass
W/View    ( 1078): requestLayout() improperly called by android.widget.TextView{42907468 V.ED.... ......ID 286,0-442,38 #7f0a0051 app:id/alarm_status} during layout: running second layout pass
V/AlarmManager( 1016): sending alarm Alarm{44348fc8 type 2 com.google.android.gms}
V/AlarmManager( 1016): sending alarm Alarm{443490a0 type 2 com.google.android.gsf}
I/ProcessStatsService( 1016): Prepared write state in 30ms
V/AlarmManager( 1016): sending alarm Alarm{4344c9f8 type 3 android}
V/AlarmManager( 1016): sending alarm Alarm{4344cad0 type 3 com.devexpert.weather}
W/ContextImpl( 1231): Calling a method in the system process without a qualified user: android.app.ContextImpl.sendBroadcast:1252 android.content.ContextWrapper.sendBroadcast:365 com.motorola.motocare.util.TriggerHelper$TriggerBuilder.send:76 com.motorola.motocare.internal.frameworkevents.ProcessKillTrigger.sendTrigger:147 com.motorola.motocare.internal.frameworkevents.ProcessKillTrigger.handleLmkKill:337 
W/ContextImpl( 1231): Calling a method in the system process without a qualified user: android.app.ContextImpl.sendBroadcast:1252 android.content.ContextWrapper.sendBroadcast:365 com.motorola.motocare.util.TriggerHelper$TriggerBuilder.send:76 com.motorola.motocare.internal.frameworkevents.ProcessKillTrigger.sendTrigger:147 com.motorola.motocare.internal.frameworkevents.ProcessKillTrigger.handleLmkKill:337 
V/AlarmManager( 1016): sending alarm Alarm{43930d98 type 3 android}
V/AlarmManager( 1016): sending alarm Alarm{42fd7d58 type 2 com.facebook.katana}
D/KInfoc  (32271): clear batch timer
D/KInfoc  (32271): set batch timer
D/KInfoc  (32271):  BATCH REPORTER STARTED ........
V/AlarmManager( 1016): sending alarm Alarm{430c4dc0 type 3 com.devexpert.weather}
V/AlarmManager( 1016): sending alarm Alarm{430c4e98 type 1 android}
V/AlarmManager( 1016): sending alarm Alarm{430c4ee8 type 3 android}
V/AlarmManager( 1016): sending alarm Alarm{4309f078 type 3 com.devexpert.weather}
V/AlarmManager( 1016): sending alarm Alarm{43cba718 type 3 android}
I/AonLTInterfaceService( 1231): AodLT package version: 1000000
I/PowerManagerService( 1016): Waking up from sleep...
D/Sensors ( 1016): AccelerationSensor: Set Sensors state 0x2
D/SurfaceFlinger(  278): Screen acquired, type=0 flinger=0xb7ca1450
D/qdhwcomposer(  278): hwc_blank: Unblanking display: 0
D/Sensors ( 1016): AccelerationSensor: set delay 0
D/Sensors ( 1016): AccelerationSensor: set delay 0
I/AonLTInterfaceService( 1231): AodLT package version: 1000000
V/KeyguardServiceDelegate( 1016): onScreenTurnedOn(showListener = com.android.internal.policy.impl.PhoneWindowManager$20@4392de08)
D/KeyguardHostView( 1078): showSecurityScreen(None)
D/KeyguardHostView( 1078): getSecurityView(None)
V/AlarmManager( 1016): sending alarm Alarm{43577840 type 3 com.devexpert.weather}
V/AlarmManager( 1016): sending alarm Alarm{43577918 type 2 com.google.android.gms}
V/AlarmManager( 1016): sending alarm Alarm{43577968 type 2 com.google.android.gms}
V/KeyguardServiceDelegate( 1016): **** SHOWN CALLED ****
I/WindowManager( 1016): Lock screen displayed!
D/WifiStateMachine( 1016): handleScreenStateChanged: true
D/WifiStateMachine( 1016): handleMessage: E msg.what=131154
D/WifiStateMachine( 1016): processMsg: ConnectedState
D/WifiStateMachine( 1016): processMsg: L2ConnectedState
D/DisplayPowerController( 1016): Unblocked screen on after 29426880 ms
D/WifiStateMachine( 1016): handleMessage: X
D/WifiStateMachine( 1016): handleMessage: E msg.what=131163
D/WifiStateMachine( 1016): processMsg: ConnectedState
D/WifiStateMachine( 1016): processMsg: L2ConnectedState
D/WifiStateMachine( 1016): processMsg: ConnectModeState
D/WifiStateMachine( 1016): processMsg: DriverStartedState
D/WifiStateMachine( 1016): processMsg: SupplicantStartedState
D/WifiStateMachine( 1016): processMsg: DefaultState
D/WifiStateMachine( 1016): handleMessage: X
D/WifiStateMachine( 1016): handleMessage: E msg.what=131127
D/WifiStateMachine( 1016): processMsg: ConnectedState
D/WifiStateMachine( 1016): processMsg: L2ConnectedState
D/WifiStateMachine( 1016): processMsg: ConnectModeState
D/WifiStateMachine( 1016): handleMessage: X
D/WifiStateMachine( 1016): handleMessage: E msg.what=131158
D/WifiStateMachine( 1016): processMsg: ConnectedState
D/WifiStateMachine( 1016): processMsg: L2ConnectedState
D/WifiStateMachine( 1016): processMsg: ConnectModeState
D/WifiStateMachine( 1016): processMsg: DriverStartedState
D/WifiStateMachine( 1016): setSuspendOptimizationsNative: 4 false
D/WifiStateMachine( 1016): handleMessage: X
D/WifiStateMachine( 1016): handleMessage: E msg.what=151572
D/WifiStateMachine( 1016): processMsg: ConnectedState
D/WifiStateMachine( 1016): processMsg: L2ConnectedState
I/SBar.NetworkController( 1078): refreshSignalCluster: wifi: mWifiConnected=true Wifi=zz_moto_stat_sys_wifi_signal_4_fully_wide Activity=zz_moto_stat_sys_wifi_inout_wide in=false out=false Accessibility="Wi-Fi signal full."
I/SBar.NetworkController( 1078): refreshSignalCluster: mobile: Signal=zz_moto_stat_sys_signal_emergency_only_wide Roaming=(none) mSimIconId=zz_moto_stat_sys_no_sim_wide Accessibility="Emergency calls only.","","No SIM card."
I/SBar.NetworkController( 1078): refreshSignalCluster: mobile: mHasMobileDataFeature=true DataTypeShown=(none) Activity=(none) in=false out=false Accessibility="No data."
D/WifiStateMachine( 1016): handleMessage: X
D/WifiService( 1016): acquireWifiLockLocked: WifiLock{NlpWifiLock type=2 binder=android.os.BinderProxy@43c17820}
I/AonLTInterfaceService( 1231): AodLT package version: 1000000
D/WifiService( 1016): releaseWifiLockLocked: WifiLock{NlpWifiLock type=2 binder=android.os.BinderProxy@43c17820}
D/qdhwcomposer(  278): hwc_blank: Done unblanking display: 0
D/SurfaceControl( 1016): Excessive delay in unblankDisplay() while turning screen on: 191ms
I/SFPerfTracer(  278):      triggers: (rate: 38:29641) (88753 sw vsyncs) (53726 skipped) (0:156645 vsyncs) (138:265137)
D/Sensors ( 1016): AccelerationSensor: Set Sensors state 0x3
D/Sensors ( 1016): AccelerationSensor: set delay 200
D/Sensors ( 1016): AccelerationSensor: set delay 200
D/audio_hw_primary(  284): adev_set_parameters: enter: screen_state=on
V/msm8974_platform(  284): platform_set_parameters: enter: screen_state=on
V/msm8974_platform(  284): platform_set_parameters: exit with code(-2)
E/audio_a2dp_hw(  284): adev_set_parameters: ERROR: set param called even when stream out is null
D/dalvikvm( 1016): GC_EXPLICIT freed 1885K, 34% free 25875K/39124K, paused 5ms+11ms, total 117ms
D/Ulp_jni ( 1016): JNI:system_update. Event-0
D/GCM     (30376): Message class com.google.f.a.a.i
D/ConnectivityService( 1016): handleInetConditionHoldEnd: net=1, condition=100, published condition=100
I/ModemStatsDSDetect( 1279): onReceive() -Intent { act=android.net.conn.INET_CONDITION_ACTION flg=0x4000010 (has extras) }
I/ModemStatsDSDetect( 1279): INET_CONDITION=100 ,activeNet=NetworkInfo: type: WIFI[], state: CONNECTED/CONNECTED, reason: (unspecified), extra: "Moulin Rouge", roaming: false, failover: false, isAvailable: true, isConnectedToProvisioningNetwork: false
I/ModemStatsDSDetect( 1279): onReceive() - done, currentInetCondition=100
I/SBar.NetworkController( 1078): onReceive: ConnectivityManager.INET_CONDITION_ACTION Received
I/SBar.NetworkController( 1078): updateConnectivity: NetworkInfo: NetworkInfo: type: WIFI[], state: CONNECTED/CONNECTED, reason: (unspecified), extra: "Moulin Rouge", roaming: false, failover: false, isAvailable: true, isConnectedToProvisioningNetwork: false, inetCondition= 1
D/WifiStateMachine( 1016): handleMessage: E msg.what=151572
D/WifiStateMachine( 1016): processMsg: ConnectedState
D/WifiStateMachine( 1016): processMsg: L2ConnectedState
D/WifiStateMachine( 1016): handleMessage: X
D/audio_hw_primary(  284): out_set_parameters: enter: usecase(1: low-latency-playback) kvpairs: routing=2
D/CordovaActivity( 2387): Resuming the App
W/ContextImpl( 1231): Calling a method in the system process without a qualified user: android.app.ContextImpl.sendBroadcast:1252 android.content.ContextWrapper.sendBroadcast:365 com.motorola.motocare.util.TriggerHelper$TriggerBuilder.send:76 com.motorola.motocare.internal.frameworkevents.PauseResumeTrigger.handleFrameworkEvent:53 com.motorola.motocare.internal.frameworkevents.FwEventMonitor$FrameworkListener.processFrameworkEvent:114 
V/msm8974_platform(  284): platform_get_output_snd_device: enter: output devices(0x2)
V/msm8974_platform(  284): platform_get_output_snd_device: exit: snd_device(speaker)
D/audio_hw_primary(  284): select_devices: out_snd_device(2: speaker) in_snd_device(0: )
D/hardware_info(  284): hw_info_append_hw_type : device_name = speaker
V/msm8974_platform(  284): platform_send_audio_calibration: sending audio calibration for snd_device(2) acdb_id(14)
D/3CDM.DeviceAdminPushReceiver(30980): Received an Intent - Action: android.intent.action.USER_PRESENT
D/3CDM.DeviceAdminPushReceiver(30980): Type: null
D/3CDM.DeviceAdminPushReceiver(30980): Data: null
D/UsbDeviceManager( 1016): MSG_USER_PRESENT
D/3CDM.Service(30980): android.intent.action.USER_PRESENT
D/3CDM.Service(30980): Phone was locked and now it is unlocked now.
I/ActivityManager( 1016): Process com.imangi.templerun2 (pid 2315) has died.
W/InputMethodManagerService( 1016): Window already focused, ignoring focus gain of: com.android.internal.view.IInputMethodClient$Stub$Proxy@4343ac58 attribute=android.view.inputmethod.EditorInfo@42fccb30, token = android.os.BinderProxy@4442e190
D/PhoneStatusBar( 1078): disable: < expand icons alerts ticker system_info back* home* recent* clock* search >
V/PhoneStatusBar( 1078): setLightsOn(true)
D/WifiStateMachine( 1016): handleMessage: E msg.what=151572
D/WifiStateMachine( 1016): processMsg: ConnectedState
D/WifiStateMachine( 1016): processMsg: L2ConnectedState
D/WifiStateMachine( 1016): handleMessage: X
W/ContextImpl( 1231): Calling a method in the system process without a qualified user: android.app.ContextImpl.startService:1608 android.content.ContextWrapper.startService:494 android.content.ContextWrapper.startService:494 com.motorola.motocare.internal.batterystats.BatteryStatsAction.onReceive:33 android.app.ActivityThread.handleReceiver:2434 
D/dalvikvm( 1231): GC_CONCURRENT freed 1918K, 46% free 9370K/17224K, paused 5ms+3ms, total 36ms
D/dalvikvm( 2456): GC_CONCURRENT freed 2024K, 45% free 9568K/17224K, paused 2ms+3ms, total 24ms
I/SFPerfTracer(  278):      triggers: (rate: 38:29641) (88753 sw vsyncs) (53784 skipped) (136:156782 vsyncs) (138:265278)
D/WifiStateMachine( 1016): handleMessage: E msg.what=151572
D/WifiStateMachine( 1016): processMsg: ConnectedState
D/WifiStateMachine( 1016): processMsg: L2ConnectedState
I/SFPerfTracer(  278):      triggers: (rate: 38:2835) (compose: 0:14) (post: 0:2) (render: 9:428) (13:56774 frames) (14:152270)
D/SFPerfTracer(  278):        layers: (3:11) (DimLayer: 0:65)* (DimLayer: 0:25)* (FocusedStackFrame: 0:1629)* (StatusBar: 0:8973) (NavigationBar: 14:11303) (DimLayer: 0:2769)* (DimLayer: 1:295)* (com.android.wallpaper.fall.FallWallpaper: 0:17592)* (com.giftme.fb_auth/com.giftme.fb_auth.FB_Auth: 1:91) (ElectronBeam: 0:27)* (Keyguard: 0:69)* 
D/WifiStateMachine( 1016): handleMessage: X
D/WifiStateMachine( 1016): handleMessage: E msg.what=131155
D/WifiStateMachine( 1016): processMsg: ConnectedState
D/WifiStateMachine( 1016): processMsg: L2ConnectedState
D/WifiStateMachine( 1016): handleMessage: X
D/dalvikvm( 1078): GC_FOR_ALLOC freed 2853K, 31% free 13865K/19880K, paused 20ms, total 21ms
I/ActivityManager( 1016): START u0 {act=com.android.systemui.recent.action.TOGGLE_RECENTS flg=0x10800000 cmp=com.android.systemui/.recent.RecentsActivity (has extras)} from pid 1078
D/CordovaActivity( 2387): Paused the application!
D/CordovaWebView( 2387): Handle the pause
W/ContextImpl( 1231): Calling a method in the system process without a qualified user: android.app.ContextImpl.sendBroadcast:1252 android.content.ContextWrapper.sendBroadcast:365 com.motorola.motocare.util.TriggerHelper$TriggerBuilder.send:76 com.motorola.motocare.internal.frameworkevents.PauseResumeTrigger.handleFrameworkEvent:53 com.motorola.motocare.internal.frameworkevents.FwEventMonitor$FrameworkListener.processFrameworkEvent:114 
W/ContextImpl( 1231): Calling a method in the system process without a qualified user: android.app.ContextImpl.sendBroadcast:1252 android.content.ContextWrapper.sendBroadcast:365 com.motorola.motocare.util.TriggerHelper$TriggerBuilder.send:76 com.motorola.motocare.internal.frameworkevents.PauseResumeTrigger.handleFrameworkEvent:53 com.motorola.motocare.internal.frameworkevents.FwEventMonitor$FrameworkListener.processFrameworkEvent:114 
D/dalvikvm( 1078): GC_FOR_ALLOC freed 504K, 25% free 15024K/19880K, paused 19ms, total 19ms
I/dalvikvm-heap( 1078): Grow heap (frag case) to 17.132MB for 380496-byte allocation
D/dalvikvm( 1078): GC_FOR_ALLOC freed 13K, 24% free 15440K/20252K, paused 21ms, total 21ms
I/dalvikvm-heap( 1078): Grow heap (frag case) to 17.540MB for 380496-byte allocation
D/dalvikvm( 1078): GC_FOR_ALLOC freed 3K, 24% free 15862K/20624K, paused 19ms, total 19ms
I/dalvikvm-heap( 1078): Grow heap (frag case) to 17.952MB for 380496-byte allocation
D/dalvikvm( 1078): GC_FOR_ALLOC freed 4K, 23% free 16338K/20996K, paused 19ms, total 19ms
I/dalvikvm-heap( 1078): Grow heap (frag case) to 18.416MB for 380496-byte allocation
D/dalvikvm( 1078): GC_FOR_ALLOC freed 6K, 22% free 16749K/21368K, paused 19ms, total 19ms
I/dalvikvm-heap( 1078): Grow heap (frag case) to 18.817MB for 380496-byte allocation
I/LaunchCheckinHandler( 1016): Displayed com.android.systemui/.recent.RecentsActivity,wp,wa,228
W/IInputConnectionWrapper( 2387): showStatusIcon on inactive InputConnection
W/ManagedEGLContext( 2387): doTerminate failed: EGL count is 2 but managed count is 1
D/WifiStateMachine( 1016): handleMessage: E msg.what=151572
D/WifiStateMachine( 1016): processMsg: ConnectedState
D/WifiStateMachine( 1016): processMsg: L2ConnectedState
D/WifiStateMachine( 1016): handleMessage: X
D/CordovaActivity( 2387): CordovaActivity.onDestroy()
D/CordovaWebView( 2387): >>> loadUrlNow()
I/ActivityManager( 1016): Killing 2387:com.giftme.fb_auth/u0a106 (adj 9): remove task
W/ContextImpl( 1231): Calling a method in the system process without a qualified user: android.app.ContextImpl.sendBroadcast:1252 android.content.ContextWrapper.sendBroadcast:365 com.motorola.motocare.util.TriggerHelper$TriggerBuilder.send:76 com.motorola.motocare.internal.frameworkevents.ProcessKillTrigger.sendTrigger:147 com.motorola.motocare.internal.frameworkevents.ProcessKillTrigger.handleFrameworkEvent:164 
I/WindowState( 1016): WIN DEATH: Window{428938e8 u0 com.giftme.fb_auth/com.giftme.fb_auth.FB_Auth}
D/hardware_info(  284): hw_info_append_hw_type : device_name = speaker
D/WifiStateMachine( 1016): handleMessage: E msg.what=151572
D/WifiStateMachine( 1016): processMsg: ConnectedState
D/WifiStateMachine( 1016): processMsg: L2ConnectedState
D/WifiStateMachine( 1016): handleMessage: X
D/WifiStateMachine( 1016): handleMessage: E msg.what=151572
D/WifiStateMachine( 1016): processMsg: ConnectedState
D/WifiStateMachine( 1016): processMsg: L2ConnectedState
D/WifiStateMachine( 1016): handleMessage: X
D/WifiStateMachine( 1016): handleMessage: E msg.what=131155
D/WifiStateMachine( 1016): processMsg: ConnectedState
D/WifiStateMachine( 1016): processMsg: L2ConnectedState
D/WifiStateMachine( 1016): handleMessage: X
D/WifiStateMachine( 1016): handleMessage: E msg.what=151572
D/WifiStateMachine( 1016): processMsg: ConnectedState
D/WifiStateMachine( 1016): processMsg: L2ConnectedState
D/WifiStateMachine( 1016): handleMessage: X
I/iu.UploadsManager(30409): End new media; added: 0, uploading: 0, time: 27 ms
D/MtpServer(32214): path: /storage/emulated/0/Download/FB_Auth-release.apk parent: 8 storageID: 00010001
D/WifiStateMachine( 1016): handleMessage: E msg.what=151572
D/WifiStateMachine( 1016): processMsg: ConnectedState
D/WifiStateMachine( 1016): processMsg: L2ConnectedState
D/WifiStateMachine( 1016): handleMessage: X
D/WifiStateMachine( 1016): handleMessage: E msg.what=151572
D/WifiStateMachine( 1016): processMsg: ConnectedState
D/WifiStateMachine( 1016): processMsg: L2ConnectedState
D/WifiStateMachine( 1016): handleMessage: X
D/WifiStateMachine( 1016): handleMessage: E msg.what=131155
D/WifiStateMachine( 1016): processMsg: ConnectedState
D/WifiStateMachine( 1016): processMsg: L2ConnectedState
D/WifiStateMachine( 1016): handleMessage: X
I/SFPerfTracer(  278):      triggers: (rate: 38:29641) (88753 sw vsyncs) (53784 skipped) (17:156888 vsyncs) (19:265396)
D/dalvikvm( 1016): GC_FOR_ALLOC freed 1799K, 34% free 26042K/39124K, paused 92ms, total 95ms
W/ContextImpl( 1231): Calling a method in the system process without a qualified user: android.app.ContextImpl.sendBroadcast:1252 android.content.ContextWrapper.sendBroadcast:365 com.motorola.motocare.util.TriggerHelper$TriggerBuilder.send:76 com.motorola.motocare.internal.frameworkevents.PauseResumeTrigger.handleFrameworkEvent:53 com.motorola.motocare.internal.frameworkevents.FwEventMonitor$FrameworkListener.processFrameworkEvent:114 
W/ContextImpl( 1231): Calling a method in the system process without a qualified user: android.app.ContextImpl.sendBroadcast:1252 android.content.ContextWrapper.sendBroadcast:365 com.motorola.motocare.util.TriggerHelper$TriggerBuilder.send:76 com.motorola.motocare.internal.frameworkevents.PauseResumeTrigger.handleFrameworkEvent:53 com.motorola.motocare.internal.frameworkevents.FwEventMonitor$FrameworkListener.processFrameworkEvent:114 
D/NativeAdManager(19319): start worker
D/WifiStateMachine( 1016): handleMessage: E msg.what=151572
D/WifiStateMachine( 1016): processMsg: ConnectedState
D/WifiStateMachine( 1016): processMsg: L2ConnectedState
D/WifiStateMachine( 1016): handleMessage: X
I/Adreno-EGL(19319): <qeglDrvAPI_eglInitialize:410>: EGL 1.4 QUALCOMM build: AU_LINUX_ANDROID_LNX.LA.3.5.1_RB1.04.04.02.048.018_msm8226_LNX.LA.3.5.1_RB1__release_AU ()
I/Adreno-EGL(19319): OpenGL ES Shader Compiler Version: E031.24.00.08
I/Adreno-EGL(19319): Build Date: 03/07/14 Fri
I/Adreno-EGL(19319): Local Branch: 
I/Adreno-EGL(19319): Remote Branch: quic/LNX.LA.3.5.1_RB1.1
