W/ContextImpl( 1231): Calling a method in the system process without a qualified user: android.app.ContextImpl.sendBroadcast:1252 android.content.ContextWrapper.sendBroadcast:365 com.motorola.motocare.util.TriggerHelper$TriggerBuilder.send:76 com.motorola.motocare.internal.frameworkevents.ProcessKillTrigger.sendTrigger:147 com.motorola.motocare.internal.frameworkevents.ProcessKillTrigger.handleLmkKill:337 
W/ContextImpl( 1231): Calling a method in the system process without a qualified user: android.app.ContextImpl.sendBroadcast:1252 android.content.ContextWrapper.sendBroadcast:365 com.motorola.motocare.util.TriggerHelper$TriggerBuilder.send:76 com.motorola.motocare.internal.frameworkevents.ProcessKillTrigger.sendTrigger:147 com.motorola.motocare.internal.frameworkevents.ProcessKillTrigger.handleLmkKill:337 
W/ContextImpl( 1231): Calling a method in the system process without a qualified user: android.app.ContextImpl.sendBroadcast:1252 android.content.ContextWrapper.sendBroadcast:365 com.motorola.motocare.util.TriggerHelper$TriggerBuilder.send:76 com.motorola.motocare.internal.frameworkevents.ProcessKillTrigger.sendTrigger:147 com.motorola.motocare.internal.frameworkevents.ProcessKillTrigger.handleLmkKill:337 
W/ContextImpl( 1231): Calling a method in the system process without a qualified user: android.app.ContextImpl.sendBroadcast:1252 android.content.ContextWrapper.sendBroadcast:365 com.motorola.motocare.util.TriggerHelper$TriggerBuilder.send:76 com.motorola.motocare.internal.frameworkevents.ProcessKillTrigger.sendTrigger:147 com.motorola.motocare.internal.frameworkevents.ProcessKillTrigger.handleLmkKill:337 
W/ContextImpl( 1231): Calling a method in the system process without a qualified user: android.app.ContextImpl.sendBroadcast:1252 android.content.ContextWrapper.sendBroadcast:365 com.motorola.motocare.util.TriggerHelper$TriggerBuilder.send:76 com.motorola.motocare.internal.frameworkevents.ProcessKillTrigger.sendTrigger:147 com.motorola.motocare.internal.frameworkevents.ProcessKillTrigger.handleLmkKill:337 
W/ContextImpl( 1231): Calling a method in the system process without a qualified user: android.app.ContextImpl.sendBroadcast:1252 android.content.ContextWrapper.sendBroadcast:365 com.motorola.motocare.util.TriggerHelper$TriggerBuilder.send:76 com.motorola.motocare.internal.frameworkevents.ProcessKillTrigger.sendTrigger:147 com.motorola.motocare.internal.frameworkevents.ProcessKillTrigger.handleLmkKill:337 
W/ContextImpl( 1231): Calling a method in the system process without a qualified user: android.app.ContextImpl.sendBroadcast:1252 android.content.ContextWrapper.sendBroadcast:365 com.motorola.motocare.util.TriggerHelper$TriggerBuilder.send:76 com.motorola.motocare.internal.frameworkevents.ProcessKillTrigger.sendTrigger:147 com.motorola.motocare.internal.frameworkevents.ProcessKillTrigger.handleLmkKill:337 
W/ContextImpl( 1231): Calling a method in the system process without a qualified user: android.app.ContextImpl.sendBroadcast:1252 android.content.ContextWrapper.sendBroadcast:365 com.motorola.motocare.util.TriggerHelper$TriggerBuilder.send:76 com.motorola.motocare.internal.frameworkevents.ProcessKillTrigger.sendTrigger:147 com.motorola.motocare.internal.frameworkevents.ProcessKillTrigger.handleLmkKill:337 
W/ContextImpl( 1231): Calling a method in the system process without a qualified user: android.app.ContextImpl.sendBroadcast:1252 android.content.ContextWrapper.sendBroadcast:365 com.motorola.motocare.util.TriggerHelper$TriggerBuilder.send:76 com.motorola.motocare.internal.frameworkevents.ProcessKillTrigger.sendTrigger:147 com.motorola.motocare.internal.frameworkevents.ProcessKillTrigger.handleLmkKill:337 
W/ContextImpl( 1231): Calling a method in the system process without a qualified user: android.app.ContextImpl.sendBroadcast:1252 android.content.ContextWrapper.sendBroadcast:365 com.motorola.motocare.util.TriggerHelper$TriggerBuilder.send:76 com.motorola.motocare.internal.frameworkevents.ProcessKillTrigger.sendTrigger:147 com.motorola.motocare.internal.frameworkevents.ProcessKillTrigger.handleLmkKill:337 
W/ContextImpl( 1231): Calling a method in the system process without a qualified user: android.app.ContextImpl.sendBroadcast:1252 android.content.ContextWrapper.sendBroadcast:365 com.motorola.motocare.util.TriggerHelper$TriggerBuilder.send:76 com.motorola.motocare.internal.frameworkevents.ProcessKillTrigger.sendTrigger:147 com.motorola.motocare.internal.frameworkevents.ProcessKillTrigger.handleLmkKill:337 
W/ContextImpl( 1231): Calling a method in the system process without a qualified user: android.app.ContextImpl.sendBroadcast:1252 android.content.ContextWrapper.sendBroadcast:365 com.motorola.motocare.util.TriggerHelper$TriggerBuilder.send:76 com.motorola.motocare.internal.frameworkevents.ProcessKillTrigger.sendTrigger:147 com.motorola.motocare.internal.frameworkevents.ProcessKillTrigger.handleLmkKill:337 
W/ContextImpl( 1231): Calling a method in the system process without a qualified user: android.app.ContextImpl.sendBroadcast:1252 android.content.ContextWrapper.sendBroadcast:365 com.motorola.motocare.util.TriggerHelper$TriggerBuilder.send:76 com.motorola.motocare.internal.frameworkevents.ProcessKillTrigger.sendTrigger:147 com.motorola.motocare.internal.frameworkevents.ProcessKillTrigger.handleLmkKill:337 
W/ContextImpl( 1231): Calling a method in the system process without a qualified user: android.app.ContextImpl.sendBroadcast:1252 android.content.ContextWrapper.sendBroadcast:365 com.motorola.motocare.util.TriggerHelper$TriggerBuilder.send:76 com.motorola.motocare.internal.frameworkevents.ProcessKillTrigger.sendTrigger:147 com.motorola.motocare.internal.frameworkevents.ProcessKillTrigger.handleLmkKill:337 
W/ContextImpl( 1231): Calling a method in the system process without a qualified user: android.app.ContextImpl.sendBroadcast:1252 android.content.ContextWrapper.sendBroadcast:365 com.motorola.motocare.util.TriggerHelper$TriggerBuilder.send:76 com.motorola.motocare.internal.frameworkevents.ProcessKillTrigger.sendTrigger:147 com.motorola.motocare.internal.frameworkevents.ProcessKillTrigger.handleLmkKill:337 
W/ContextImpl( 1231): Calling a method in the system process without a qualified user: android.app.ContextImpl.sendBroadcast:1252 android.content.ContextWrapper.sendBroadcast:365 com.motorola.motocare.util.TriggerHelper$TriggerBuilder.send:76 com.motorola.motocare.internal.frameworkevents.ProcessKillTrigger.sendTrigger:147 com.motorola.motocare.internal.frameworkevents.ProcessKillTrigger.handleLmkKill:337 
W/ContextImpl( 1231): Calling a method in the system process without a qualified user: android.app.ContextImpl.sendBroadcast:1252 android.content.ContextWrapper.sendBroadcast:365 com.motorola.motocare.util.TriggerHelper$TriggerBuilder.send:76 com.motorola.motocare.internal.frameworkevents.ProcessKillTrigger.sendTrigger:147 com.motorola.motocare.internal.frameworkevents.ProcessKillTrigger.handleLmkKill:337 
W/ContextImpl( 1231): Calling a method in the system process without a qualified user: android.app.ContextImpl.sendBroadcast:1252 android.content.ContextWrapper.sendBroadcast:365 com.motorola.motocare.util.TriggerHelper$TriggerBuilder.send:76 com.motorola.motocare.internal.frameworkevents.ProcessKillTrigger.sendTrigger:147 com.motorola.motocare.internal.frameworkevents.ProcessKillTrigger.handleLmkKill:337 
I/SFPerfTracer(  278):      triggers: (rate: 38:29641) (88753 sw vsyncs) (53784 skipped) (17:157461 vsyncs) (19:266160)
I/ActivityManager( 1016): START u0 {act=com.android.systemui.recent.action.TOGGLE_RECENTS flg=0x10800000 cmp=com.android.systemui/.recent.RecentsActivity (has extras)} from pid 1078
W/ContextImpl( 1231): Calling a method in the system process without a qualified user: android.app.ContextImpl.sendBroadcast:1252 android.content.ContextWrapper.sendBroadcast:365 com.motorola.motocare.util.TriggerHelper$TriggerBuilder.send:76 com.motorola.motocare.internal.frameworkevents.PauseResumeTrigger.handleFrameworkEvent:53 com.motorola.motocare.internal.frameworkevents.FwEventMonitor$FrameworkListener.processFrameworkEvent:114 
W/ContextImpl( 1231): Calling a method in the system process without a qualified user: android.app.ContextImpl.sendBroadcast:1252 android.content.ContextWrapper.sendBroadcast:365 com.motorola.motocare.util.TriggerHelper$TriggerBuilder.send:76 com.motorola.motocare.internal.frameworkevents.PauseResumeTrigger.handleFrameworkEvent:53 com.motorola.motocare.internal.frameworkevents.FwEventMonitor$FrameworkListener.processFrameworkEvent:114 
W/InputMethodManagerService( 1016): Starting input on non-focused client com.android.internal.view.IInputMethodClient$Stub$Proxy@43225c60 (uid=10106 pid=3164)
I/LaunchCheckinHandler( 1016): Displayed com.android.systemui/.recent.RecentsActivity,wp,wa,175
I/ActivityManager( 1016): Killing 3164:com.giftme.fb_auth/u0a106 (adj 9): remove task
W/ContextImpl( 1231): Calling a method in the system process without a qualified user: android.app.ContextImpl.sendBroadcast:1252 android.content.ContextWrapper.sendBroadcast:365 com.motorola.motocare.util.TriggerHelper$TriggerBuilder.send:76 com.motorola.motocare.internal.frameworkevents.ProcessKillTrigger.sendTrigger:147 com.motorola.motocare.internal.frameworkevents.ProcessKillTrigger.handleFrameworkEvent:164 
I/WindowState( 1016): WIN DEATH: Window{42aa28b8 u0 com.giftme.fb_auth/com.giftme.fb_auth.FB_Auth}
I/ActivityManager( 1016): START u0 {act=android.intent.action.MAIN cat=[android.intent.category.HOME] flg=0x10200000 cmp=com.android.launcher/com.android.launcher2.Launcher} from pid 1016
W/ContextImpl( 1231): Calling a method in the system process without a qualified user: android.app.ContextImpl.sendBroadcast:1252 android.content.ContextWrapper.sendBroadcast:365 com.motorola.motocare.util.TriggerHelper$TriggerBuilder.send:76 com.motorola.motocare.internal.frameworkevents.PauseResumeTrigger.handleFrameworkEvent:53 com.motorola.motocare.internal.frameworkevents.FwEventMonitor$FrameworkListener.processFrameworkEvent:114 
W/ContextImpl( 1231): Calling a method in the system process without a qualified user: android.app.ContextImpl.sendBroadcast:1252 android.content.ContextWrapper.sendBroadcast:365 com.motorola.motocare.util.TriggerHelper$TriggerBuilder.send:76 com.motorola.motocare.internal.frameworkevents.PauseResumeTrigger.handleFrameworkEvent:53 com.motorola.motocare.internal.frameworkevents.FwEventMonitor$FrameworkListener.processFrameworkEvent:114 
W/InputMethodManagerService( 1016): Starting input on non-focused client com.android.internal.view.IInputMethodClient$Stub$Proxy@42c6f998 (uid=10027 pid=1078)
I/LaunchCheckinHandler( 1016): Displayed com.android.launcher/com.android.launcher2.Launcher,wp,wa,357
I/SFPerfTracer(  278):      triggers: (rate: 38:2835) (compose: 0:14) (post: 0:2) (render: 9:428) (7:56919 frames) (8:152786)
D/SFPerfTracer(  278):        layers: (3:12) (DimLayer: 0:65)* (DimLayer: 0:25)* (FocusedStackFrame: 0:1648)* (StatusBar: 0:8977) (NavigationBar: 8:11377) (DimLayer: 0:2795)* (DimLayer: 0:299)* (com.android.wallpaper.fall.FallWallpaper: 1:17593)* (com.giftme.fb_auth/com.giftme.fb_auth.FB_Auth: 0:79)* (com.android.systemui/com.android.systemui.recent.RecentsActivity: 0:57) (thumbnail anim: 0:17)* (com.android.launcher/com.android.launcher2.Launcher: 8:8)* 
I/SFPerfTracer(  278):      triggers: (rate: 38:2835) (compose: 0:14) (post: 0:2) (render: 9:428) (0:56933 frames) (1:152886)
D/SFPerfTracer(  278):        layers: (4:10) (DimLayer: 0:65)* (DimLayer: 0:25)* (FocusedStackFrame: 0:1648)* (StatusBar: 0:8996) (NavigationBar: 0:11397) (DimLayer: 0:2795)* (DimLayer: 0:299)* (com.android.wallpaper.fall.FallWallpaper: 1:17647) (com.android.systemui/com.android.systemui.recent.RecentsActivity: 0:74)* (com.android.launcher/com.android.launcher2.Launcher: 0:66) 
I/ActivityManager( 1016): START u0 {act=android.intent.action.MAIN cat=[android.intent.category.LAUNCHER] flg=0x10200000 cmp=com.giftme.fb_auth/.FB_Auth bnds=[360,385][520,585]} from pid 30757
W/ContextImpl( 1231): Calling a method in the system process without a qualified user: android.app.ContextImpl.sendBroadcast:1252 android.content.ContextWrapper.sendBroadcast:365 com.motorola.motocare.util.TriggerHelper$TriggerBuilder.send:76 com.motorola.motocare.internal.frameworkevents.PauseResumeTrigger.handleFrameworkEvent:53 com.motorola.motocare.internal.frameworkevents.FwEventMonitor$FrameworkListener.processFrameworkEvent:114 
I/ActivityManager( 1016): Start proc com.giftme.fb_auth for activity com.giftme.fb_auth/.FB_Auth: pid=3817 uid=10106 gids={50106, 3003, 1028, 1015}
W/ContextImpl( 1231): Calling a method in the system process without a qualified user: android.app.ContextImpl.sendBroadcast:1252 android.content.ContextWrapper.sendBroadcast:365 com.motorola.motocare.util.TriggerHelper$TriggerBuilder.send:76 com.motorola.motocare.internal.frameworkevents.PauseResumeTrigger.handleFrameworkEvent:53 com.motorola.motocare.internal.frameworkevents.FwEventMonitor$FrameworkListener.processFrameworkEvent:114 
I/LaunchCheckinHandler( 1016): Displayed com.giftme.fb_auth/.FB_Auth,cp,ca,427
I/SFPerfTracer(  278):       trigger: vsync rate (-41.245%)	(35.253 vps)	(28.366 ms)* 	(92 drops)	(205 vsyncs)
I/SFPerfTracer(  278):      triggers: (rate: 39:29733) (88753 sw vsyncs) (54015 skipped) (205:157754 vsyncs) (207:266461)
I/ActivityManager( 1016): START u0 {act=SSO_WITH_FALLBACK cmp=com.giftme.fb_auth/com.facebook.LoginActivity (has extras)} from pid 3817
W/ContextImpl( 1231): Calling a method in the system process without a qualified user: android.app.ContextImpl.sendBroadcast:1252 android.content.ContextWrapper.sendBroadcast:365 com.motorola.motocare.util.TriggerHelper$TriggerBuilder.send:76 com.motorola.motocare.internal.frameworkevents.PauseResumeTrigger.handleFrameworkEvent:53 com.motorola.motocare.internal.frameworkevents.FwEventMonitor$FrameworkListener.processFrameworkEvent:114 
W/ContextImpl( 1231): Calling a method in the system process without a qualified user: android.app.ContextImpl.sendBroadcast:1252 android.content.ContextWrapper.sendBroadcast:365 com.motorola.motocare.util.TriggerHelper$TriggerBuilder.send:76 com.motorola.motocare.internal.frameworkevents.PauseResumeTrigger.handleFrameworkEvent:53 com.motorola.motocare.internal.frameworkevents.FwEventMonitor$FrameworkListener.processFrameworkEvent:114 
I/ActivityManager( 1016): START u0 {act=com.android.systemui.recent.action.TOGGLE_RECENTS flg=0x10800000 cmp=com.android.systemui/.recent.RecentsActivity (has extras)} from pid 1078
W/ContextImpl( 1231): Calling a method in the system process without a qualified user: android.app.ContextImpl.sendBroadcast:1252 android.content.ContextWrapper.sendBroadcast:365 com.motorola.motocare.util.TriggerHelper$TriggerBuilder.send:76 com.motorola.motocare.internal.frameworkevents.PauseResumeTrigger.handleFrameworkEvent:53 com.motorola.motocare.internal.frameworkevents.FwEventMonitor$FrameworkListener.processFrameworkEvent:114 
W/ContextImpl( 1231): Calling a method in the system process without a qualified user: android.app.ContextImpl.sendBroadcast:1252 android.content.ContextWrapper.sendBroadcast:365 com.motorola.motocare.util.TriggerHelper$TriggerBuilder.send:76 com.motorola.motocare.internal.frameworkevents.PauseResumeTrigger.handleFrameworkEvent:53 com.motorola.motocare.internal.frameworkevents.FwEventMonitor$FrameworkListener.processFrameworkEvent:114 
I/LaunchCheckinHandler( 1016): Displayed com.giftme.fb_auth/com.facebook.LoginActivity,wp,ca,196
I/SFPerfTracer(  278):      triggers: (rate: 38:2836) (compose: 0:14) (post: 0:2) (render: 9:428) (9:56994 frames) (10:152986)
D/SFPerfTracer(  278):        layers: (4:13) (DimLayer: 0:65)* (DimLayer: 0:25)* (FocusedStackFrame: 0:1654)* (StatusBar: 0:9015) (NavigationBar: 0:11439) (DimLayer: 0:2795)* (DimLayer: 0:299)* (com.android.wallpaper.fall.FallWallpaper: 0:17671)* (com.android.launcher/com.android.launcher2.Launcher: 0:68)* (Starting com.giftme.fb_auth: 0:32)* (com.giftme.fb_auth/com.giftme.fb_auth.FB_Auth: 10:40) (com.giftme.fb_auth/com.facebook.LoginActivity: 0:3)* (thumbnail anim: 10:11) 
I/LaunchCheckinHandler( 1016): Displayed com.android.systemui/.recent.RecentsActivity,wp,wa,430
I/LaunchCheckinHandler( 1016): Displayed com.giftme.fb_auth/com.facebook.LoginActivity,wp,ca,439 (total)
I/ActivityManager( 1016): Process android.process.acore (pid 3644) has died.
I/ActivityManager( 1016): Killing 3817:com.giftme.fb_auth/u0a106 (adj 9): remove task
W/ContextImpl( 1231): Calling a method in the system process without a qualified user: android.app.ContextImpl.sendBroadcast:1252 android.content.ContextWrapper.sendBroadcast:365 com.motorola.motocare.util.TriggerHelper$TriggerBuilder.send:76 com.motorola.motocare.internal.frameworkevents.ProcessKillTrigger.sendTrigger:147 com.motorola.motocare.internal.frameworkevents.ProcessKillTrigger.handleFrameworkEvent:164 
I/WindowState( 1016): WIN DEATH: Window{4291bec0 u0 com.giftme.fb_auth/com.giftme.fb_auth.FB_Auth}
I/WindowState( 1016): WIN DEATH: Window{42974ce8 u0 com.giftme.fb_auth/com.facebook.LoginActivity}
I/SFPerfTracer(  278):      triggers: (rate: 39:29733) (88753 sw vsyncs) (54015 skipped) (79:157855 vsyncs) (81:266570)
I/ActivityManager( 1016): START u0 {act=android.intent.action.MAIN cat=[android.intent.category.HOME] flg=0x10200000 cmp=com.android.launcher/com.android.launcher2.Launcher} from pid 1016
W/ContextImpl( 1231): Calling a method in the system process without a qualified user: android.app.ContextImpl.sendBroadcast:1252 android.content.ContextWrapper.sendBroadcast:365 com.motorola.motocare.util.TriggerHelper$TriggerBuilder.send:76 com.motorola.motocare.internal.frameworkevents.PauseResumeTrigger.handleFrameworkEvent:53 com.motorola.motocare.internal.frameworkevents.FwEventMonitor$FrameworkListener.processFrameworkEvent:114 
W/ContextImpl( 1231): Calling a method in the system process without a qualified user: android.app.ContextImpl.sendBroadcast:1252 android.content.ContextWrapper.sendBroadcast:365 com.motorola.motocare.util.TriggerHelper$TriggerBuilder.send:76 com.motorola.motocare.internal.frameworkevents.PauseResumeTrigger.handleFrameworkEvent:53 com.motorola.motocare.internal.frameworkevents.FwEventMonitor$FrameworkListener.processFrameworkEvent:114 
W/InputMethodManagerService( 1016): Starting input on non-focused client com.android.internal.view.IInputMethodClient$Stub$Proxy@42c6f998 (uid=10027 pid=1078)
I/LaunchCheckinHandler( 1016): Displayed com.android.launcher/com.android.launcher2.Launcher,wp,wa,141
I/SFPerfTracer(  278):      triggers: (rate: 38:2836) (compose: 0:14) (post: 0:2) (render: 9:428) (0:57012 frames) (1:153086)
D/SFPerfTracer(  278):        layers: (4:12) (DimLayer: 0:65)* (DimLayer: 0:25)* (FocusedStackFrame: 0:1654)* (StatusBar: 0:9034) (NavigationBar: 0:11470) (DimLayer: 0:2795)* (DimLayer: 0:299)* (com.android.wallpaper.fall.FallWallpaper: 0:17684) (com.giftme.fb_auth/com.giftme.fb_auth.FB_Auth: 0:43)* (thumbnail anim: 0:14)* (com.android.systemui/com.android.systemui.recent.RecentsActivity: 0:69)* (com.android.launcher/com.android.launcher2.Launcher: 1:36) 
I/ActivityManager( 1016): START u0 {act=android.intent.action.MAIN cat=[android.intent.category.LAUNCHER] flg=0x10200000 cmp=com.giftme.fb_auth/.FB_Auth bnds=[360,385][520,585]} from pid 30757
W/ContextImpl( 1231): Calling a method in the system process without a qualified user: android.app.ContextImpl.sendBroadcast:1252 android.content.ContextWrapper.sendBroadcast:365 com.motorola.motocare.util.TriggerHelper$TriggerBuilder.send:76 com.motorola.motocare.internal.frameworkevents.PauseResumeTrigger.handleFrameworkEvent:53 com.motorola.motocare.internal.frameworkevents.FwEventMonitor$FrameworkListener.processFrameworkEvent:114 
I/ActivityManager( 1016): Start proc com.giftme.fb_auth for activity com.giftme.fb_auth/.FB_Auth: pid=3953 uid=10106 gids={50106, 3003, 1028, 1015}
W/ContextImpl( 1231): Calling a method in the system process without a qualified user: android.app.ContextImpl.sendBroadcast:1252 android.content.ContextWrapper.sendBroadcast:365 com.motorola.motocare.util.TriggerHelper$TriggerBuilder.send:76 com.motorola.motocare.internal.frameworkevents.PauseResumeTrigger.handleFrameworkEvent:53 com.motorola.motocare.internal.frameworkevents.FwEventMonitor$FrameworkListener.processFrameworkEvent:114 
I/LaunchCheckinHandler( 1016): Displayed com.giftme.fb_auth/.FB_Auth,cp,ca,347
I/SFPerfTracer(  278):       trigger: vsync rate (-27.392%)	(43.565 vps)	(22.954 ms)* 	(32 drops)	(143 vsyncs)
I/SFPerfTracer(  278):      triggers: (rate: 40:29765) (88753 sw vsyncs) (54141 skipped) (143:157998 vsyncs) (145:266715)
I/ActivityManager( 1016): START u0 {act=SSO_WITH_FALLBACK cmp=com.giftme.fb_auth/com.facebook.LoginActivity (has extras)} from pid 3953
W/ContextImpl( 1231): Calling a method in the system process without a qualified user: android.app.ContextImpl.sendBroadcast:1252 android.content.ContextWrapper.sendBroadcast:365 com.motorola.motocare.util.TriggerHelper$TriggerBuilder.send:76 com.motorola.motocare.internal.frameworkevents.PauseResumeTrigger.handleFrameworkEvent:53 com.motorola.motocare.internal.frameworkevents.FwEventMonitor$FrameworkListener.processFrameworkEvent:114 
W/ContextImpl( 1231): Calling a method in the system process without a qualified user: android.app.ContextImpl.sendBroadcast:1252 android.content.ContextWrapper.sendBroadcast:365 com.motorola.motocare.util.TriggerHelper$TriggerBuilder.send:76 com.motorola.motocare.internal.frameworkevents.PauseResumeTrigger.handleFrameworkEvent:53 com.motorola.motocare.internal.frameworkevents.FwEventMonitor$FrameworkListener.processFrameworkEvent:114 
I/SFPerfTracer(  278):      triggers: (rate: 38:2839) (compose: 0:14) (post: 0:2) (render: 9:428) (17:57050 frames) (18:153191)
D/SFPerfTracer(  278):        layers: (3:11) (DimLayer: 0:65)* (DimLayer: 0:25)* (FocusedStackFrame: 0:1657)* (StatusBar: 0:9053) (NavigationBar: 0:11507) (DimLayer: 0:2795)* (DimLayer: 0:299)* (com.android.wallpaper.fall.FallWallpaper: 0:17715)* (com.android.launcher/com.android.launcher2.Launcher: 0:65)* (Starting com.giftme.fb_auth: 0:30)* (com.giftme.fb_auth/com.giftme.fb_auth.FB_Auth: 18:25) 
I/LaunchCheckinHandler( 1016): Displayed com.giftme.fb_auth/com.facebook.LoginActivity,wp,ca,98
W/ContextImpl( 1231): Calling a method in the system process without a qualified user: android.app.ContextImpl.sendBroadcast:1252 android.content.ContextWrapper.sendBroadcast:365 com.motorola.motocare.util.TriggerHelper$TriggerBuilder.send:76 com.motorola.motocare.internal.frameworkevents.PauseResumeTrigger.handleFrameworkEvent:53 com.motorola.motocare.internal.frameworkevents.FwEventMonitor$FrameworkListener.processFrameworkEvent:114 
W/ContextImpl( 1231): Calling a method in the system process without a qualified user: android.app.ContextImpl.sendBroadcast:1252 android.content.ContextWrapper.sendBroadcast:365 com.motorola.motocare.util.TriggerHelper$TriggerBuilder.send:76 com.motorola.motocare.internal.frameworkevents.PauseResumeTrigger.handleFrameworkEvent:53 com.motorola.motocare.internal.frameworkevents.FwEventMonitor$FrameworkListener.processFrameworkEvent:114 
I/ActivityManager( 1016): START u0 {act=SSO_WITH_FALLBACK cmp=com.giftme.fb_auth/com.facebook.LoginActivity (has extras)} from pid 3953
W/ContextImpl( 1231): Calling a method in the system process without a qualified user: android.app.ContextImpl.sendBroadcast:1252 android.content.ContextWrapper.sendBroadcast:365 com.motorola.motocare.util.TriggerHelper$TriggerBuilder.send:76 com.motorola.motocare.internal.frameworkevents.PauseResumeTrigger.handleFrameworkEvent:53 com.motorola.motocare.internal.frameworkevents.FwEventMonitor$FrameworkListener.processFrameworkEvent:114 
W/ContextImpl( 1231): Calling a method in the system process without a qualified user: android.app.ContextImpl.sendBroadcast:1252 android.content.ContextWrapper.sendBroadcast:365 com.motorola.motocare.util.TriggerHelper$TriggerBuilder.send:76 com.motorola.motocare.internal.frameworkevents.PauseResumeTrigger.handleFrameworkEvent:53 com.motorola.motocare.internal.frameworkevents.FwEventMonitor$FrameworkListener.processFrameworkEvent:114 
I/LaunchCheckinHandler( 1016): Displayed com.giftme.fb_auth/com.facebook.LoginActivity,wp,ca,87
I/ActivityManager( 1016): START u0 {cmp=com.facebook.katana/.ProxyAuth (has extras)} from pid 3953
W/ContextImpl( 1231): Calling a method in the system process without a qualified user: android.app.ContextImpl.sendBroadcast:1252 android.content.ContextWrapper.sendBroadcast:365 com.motorola.motocare.util.TriggerHelper$TriggerBuilder.send:76 com.motorola.motocare.internal.frameworkevents.PauseResumeTrigger.handleFrameworkEvent:53 com.motorola.motocare.internal.frameworkevents.FwEventMonitor$FrameworkListener.processFrameworkEvent:114 
W/ContextImpl( 1231): Calling a method in the system process without a qualified user: android.app.ContextImpl.sendBroadcast:1252 android.content.ContextWrapper.sendBroadcast:365 com.motorola.motocare.util.TriggerHelper$TriggerBuilder.send:76 com.motorola.motocare.internal.frameworkevents.PauseResumeTrigger.handleFrameworkEvent:53 com.motorola.motocare.internal.frameworkevents.FwEventMonitor$FrameworkListener.processFrameworkEvent:114 
I/ActivityManager( 1016): Process com.rhmsoft.fm:crash.feedback (pid 3530) has died.
I/ActivityManager( 1016): START u0 {cmp=com.facebook.katana/.ProxyAuthDialog (has extras)} from pid 1558
W/ContextImpl( 1231): Calling a method in the system process without a qualified user: android.app.ContextImpl.sendBroadcast:1252 android.content.ContextWrapper.sendBroadcast:365 com.motorola.motocare.util.TriggerHelper$TriggerBuilder.send:76 com.motorola.motocare.internal.frameworkevents.PauseResumeTrigger.handleFrameworkEvent:53 com.motorola.motocare.internal.frameworkevents.FwEventMonitor$FrameworkListener.processFrameworkEvent:114 
W/ContextImpl( 1231): Calling a method in the system process without a qualified user: android.app.ContextImpl.sendBroadcast:1252 android.content.ContextWrapper.sendBroadcast:365 com.motorola.motocare.util.TriggerHelper$TriggerBuilder.send:76 com.motorola.motocare.internal.frameworkevents.PauseResumeTrigger.handleFrameworkEvent:53 com.motorola.motocare.internal.frameworkevents.FwEventMonitor$FrameworkListener.processFrameworkEvent:114 
I/ActivityManager( 1016): Process com.imangi.templerun2 (pid 3198) has died.
I/ActivityManager( 1016): Process com.qualcomm.atfwd (pid 26312) has died.
W/ActivityManager( 1016): Scheduling restart of crashed service com.qualcomm.atfwd/.AtFwdService in 1000ms
I/ActivityManager( 1016): Process com.motorola.audioeffects (pid 17622) has died.
W/ActivityManager( 1016): Scheduling restart of crashed service com.motorola.audioeffects/.AudioEffectsService in 10825ms
I/LaunchCheckinHandler( 1016): Displayed com.facebook.katana/.ProxyAuthDialog,wp,ca,647
I/LaunchCheckinHandler( 1016): Displayed com.facebook.katana/.ProxyAuth,wp,ca,716 (total)
I/SFPerfTracer(  278):      triggers: (rate: 40:29765) (88753 sw vsyncs) (54141 skipped) (61:158105 vsyncs) (63:266853)
I/ActivityManager( 1016): Start proc com.qualcomm.atfwd for service com.qualcomm.atfwd/.AtFwdService: pid=4100 uid=1000 gids={41000, 1028, 1015, 3002, 3001, 3003, 1021, 3004, 3005, 1000, 3009, 1023, 1010, 1004, 2002, 3006}
I/SFPerfTracer(  278):      triggers: (rate: 38:2839) (compose: 0:14) (post: 0:2) (render: 9:429) (0:57085 frames) (1:153291)
D/SFPerfTracer(  278):        layers: (5:13) (DimLayer: 0:65)* (DimLayer: 0:25)* (FocusedStackFrame: 0:1666)* (StatusBar: 0:9053) (NavigationBar: 0:11508) (DimLayer: 0:2811) (DimLayer: 0:301)* (com.android.wallpaper.fall.FallWallpaper: 0:17715)* (com.giftme.fb_auth/com.giftme.fb_auth.FB_Auth: 0:66)* (com.giftme.fb_auth/com.facebook.LoginActivity: 0:29)* (com.giftme.fb_auth/com.facebook.LoginActivity: 0:24)* (com.facebook.katana/com.facebook.katana.ProxyAuthDialog: 1:55) (com.facebook.katana/com.facebook.katana.ProxyAuthDialog: 0:29) 
V/AlarmManager( 1016): sending alarm Alarm{430caa60 type 1 com.facebook.katana}
V/AlarmManager( 1016): sending alarm Alarm{42fa4258 type 1 com.facebook.katana}
V/AlarmManager( 1016): sending alarm Alarm{429a9c58 type 1 com.facebook.katana}
I/SFPerfTracer(  278):      triggers: (rate: 40:29765) (88753 sw vsyncs) (54141 skipped) (88:158200 vsyncs) (90:266954)
W/ContextImpl( 1231): Calling a method in the system process without a qualified user: android.app.ContextImpl.sendBroadcast:1252 android.content.ContextWrapper.sendBroadcast:365 com.motorola.motocare.util.TriggerHelper$TriggerBuilder.send:76 com.motorola.motocare.internal.frameworkevents.PauseResumeTrigger.handleFrameworkEvent:53 com.motorola.motocare.internal.frameworkevents.FwEventMonitor$FrameworkListener.processFrameworkEvent:114 
W/ContextImpl( 1231): Calling a method in the system process without a qualified user: android.app.ContextImpl.sendBroadcast:1252 android.content.ContextWrapper.sendBroadcast:365 com.motorola.motocare.util.TriggerHelper$TriggerBuilder.send:76 com.motorola.motocare.internal.frameworkevents.PauseResumeTrigger.handleFrameworkEvent:53 com.motorola.motocare.internal.frameworkevents.FwEventMonitor$FrameworkListener.processFrameworkEvent:114 
W/ContextImpl( 1231): Calling a method in the system process without a qualified user: android.app.ContextImpl.sendBroadcast:1252 android.content.ContextWrapper.sendBroadcast:365 com.motorola.motocare.util.TriggerHelper$TriggerBuilder.send:76 com.motorola.motocare.internal.frameworkevents.PauseResumeTrigger.handleFrameworkEvent:53 com.motorola.motocare.internal.frameworkevents.FwEventMonitor$FrameworkListener.processFrameworkEvent:114 
W/ContextImpl( 1231): Calling a method in the system process without a qualified user: android.app.ContextImpl.sendBroadcast:1252 android.content.ContextWrapper.sendBroadcast:365 com.motorola.motocare.util.TriggerHelper$TriggerBuilder.send:76 com.motorola.motocare.internal.frameworkevents.PauseResumeTrigger.handleFrameworkEvent:53 com.motorola.motocare.internal.frameworkevents.FwEventMonitor$FrameworkListener.processFrameworkEvent:114 
W/ContextImpl( 1231): Calling a method in the system process without a qualified user: android.app.ContextImpl.sendBroadcast:1252 android.content.ContextWrapper.sendBroadcast:365 com.motorola.motocare.util.TriggerHelper$TriggerBuilder.send:76 com.motorola.motocare.internal.frameworkevents.PauseResumeTrigger.handleFrameworkEvent:53 com.motorola.motocare.internal.frameworkevents.FwEventMonitor$FrameworkListener.processFrameworkEvent:114 
W/ContextImpl( 1231): Calling a method in the system process without a qualified user: android.app.ContextImpl.sendBroadcast:1252 android.content.ContextWrapper.sendBroadcast:365 com.motorola.motocare.util.TriggerHelper$TriggerBuilder.send:76 com.motorola.motocare.internal.frameworkevents.PauseResumeTrigger.handleFrameworkEvent:53 com.motorola.motocare.internal.frameworkevents.FwEventMonitor$FrameworkListener.processFrameworkEvent:114 
I/SFPerfTracer(  278):      triggers: (rate: 38:2839) (compose: 0:14) (post: 0:2) (render: 9:429) (13:57111 frames) (14:153402)
D/SFPerfTracer(  278):        layers: (4:11) (DimLayer: 0:65)* (DimLayer: 0:25)* (FocusedStackFrame: 0:1669)* (StatusBar: 0:9053) (NavigationBar: 0:11509) (DimLayer: 0:2823)* (DimLayer: 0:301)* (com.android.wallpaper.fall.FallWallpaper: 0:17715)* (com.facebook.katana/com.facebook.katana.ProxyAuthDialog: 0:142)* (com.facebook.katana/com.facebook.katana.ProxyAuthDialog: 14:48) (com.giftme.fb_auth/com.giftme.fb_auth.FB_Auth: 0:4) 
I/SFPerfTracer(  278):      triggers: (rate: 40:29765) (88753 sw vsyncs) (54141 skipped) (15:158292 vsyncs) (17:267056)
I/ActivityManager( 1016): Start proc com.motorola.audioeffects for service com.motorola.audioeffects/.AudioEffectsService: pid=4192 uid=10002 gids={50002}
V/AlarmManager( 1016): sending alarm Alarm{43d248c8 type 3 android}
I/SFPerfTracer(  278):      triggers: (rate: 40:29765) (88753 sw vsyncs) (54141 skipped) (5:158380 vsyncs) (7:267161)
V/AlarmManager( 1016): sending alarm Alarm{44296300 type 3 com.devexpert.weather}
V/AlarmManager( 1016): sending alarm Alarm{442963d8 type 2 android}
V/AlarmManager( 1016): sending alarm Alarm{442d4ae8 type 0 com.google.android.gms}
D/ConnectivityService( 1016): Sampling interval elapsed, updating statistics ..
D/ConnectivityService( 1016): Done.
D/ConnectivityService( 1016): Setting timer for 720seconds
W/ContextImpl( 1231): Calling a method in the system process without a qualified user: android.app.ContextImpl.sendBroadcast:1252 android.content.ContextWrapper.sendBroadcast:365 com.motorola.motocare.util.TriggerHelper$TriggerBuilder.send:76 com.motorola.motocare.internal.frameworkevents.ProcessKillTrigger.sendTrigger:147 com.motorola.motocare.internal.frameworkevents.ProcessKillTrigger.handleLmkKill:337 
W/ContextImpl( 1231): Calling a method in the system process without a qualified user: android.app.ContextImpl.sendBroadcast:1252 android.content.ContextWrapper.sendBroadcast:365 com.motorola.motocare.util.TriggerHelper$TriggerBuilder.send:76 com.motorola.motocare.internal.frameworkevents.ProcessKillTrigger.sendTrigger:147 com.motorola.motocare.internal.frameworkevents.ProcessKillTrigger.handleLmkKill:337 
W/ContextImpl( 1231): Calling a method in the system process without a qualified user: android.app.ContextImpl.sendBroadcast:1252 android.content.ContextWrapper.sendBroadcast:365 com.motorola.motocare.util.TriggerHelper$TriggerBuilder.send:76 com.motorola.motocare.internal.frameworkevents.ProcessKillTrigger.sendTrigger:147 com.motorola.motocare.internal.frameworkevents.ProcessKillTrigger.handleLmkKill:337 
W/ContextImpl( 1231): Calling a method in the system process without a qualified user: android.app.ContextImpl.sendBroadcast:1252 android.content.ContextWrapper.sendBroadcast:365 com.motorola.motocare.util.TriggerHelper$TriggerBuilder.send:76 com.motorola.motocare.internal.frameworkevents.ProcessKillTrigger.sendTrigger:147 com.motorola.motocare.internal.frameworkevents.ProcessKillTrigger.handleLmkKill:337 
W/ContextImpl( 1231): Calling a method in the system process without a qualified user: android.app.ContextImpl.sendBroadcast:1252 android.content.ContextWrapper.sendBroadcast:365 com.motorola.motocare.util.TriggerHelper$TriggerBuilder.send:76 com.motorola.motocare.internal.frameworkevents.ProcessKillTrigger.sendTrigger:147 com.motorola.motocare.internal.frameworkevents.ProcessKillTrigger.handleLmkKill:337 
V/AlarmManager( 1016): sending alarm Alarm{4431b868 type 2 com.facebook.katana}
I/SFPerfTracer(  278):      triggers: (rate: 40:29765) (88753 sw vsyncs) (54141 skipped) (5:158468 vsyncs) (7:267265)
V/AlarmManager( 1016): sending alarm Alarm{437f9e58 type 3 android}
I/SFPerfTracer(  278):      triggers: (rate: 40:29765) (88753 sw vsyncs) (54141 skipped) (5:158556 vsyncs) (7:267370)
V/AlarmManager( 1016): sending alarm Alarm{43be85d0 type 3 com.devexpert.weather}
V/AlarmManager( 1016): sending alarm Alarm{43be8690 type 2 com.google.android.talk}
I/ActivityManager( 1016): START u0 {act=com.android.systemui.recent.action.TOGGLE_RECENTS flg=0x10800000 cmp=com.android.systemui/.recent.RecentsActivity (has extras)} from pid 1078
W/ContextImpl( 1231): Calling a method in the system process without a qualified user: android.app.ContextImpl.sendBroadcast:1252 android.content.ContextWrapper.sendBroadcast:365 com.motorola.motocare.util.TriggerHelper$TriggerBuilder.send:76 com.motorola.motocare.internal.frameworkevents.PauseResumeTrigger.handleFrameworkEvent:53 com.motorola.motocare.internal.frameworkevents.FwEventMonitor$FrameworkListener.processFrameworkEvent:114 
W/ContextImpl( 1231): Calling a method in the system process without a qualified user: android.app.ContextImpl.sendBroadcast:1252 android.content.ContextWrapper.sendBroadcast:365 com.motorola.motocare.util.TriggerHelper$TriggerBuilder.send:76 com.motorola.motocare.internal.frameworkevents.PauseResumeTrigger.handleFrameworkEvent:53 com.motorola.motocare.internal.frameworkevents.FwEventMonitor$FrameworkListener.processFrameworkEvent:114 
I/LaunchCheckinHandler( 1016): Displayed com.android.systemui/.recent.RecentsActivity,wp,wa,318
I/SFPerfTracer(  278):      triggers: (rate: 38:2839) (compose: 0:14) (post: 0:2) (render: 9:429) (0:57139 frames) (1:153502)
D/SFPerfTracer(  278):        layers: (3:12) (DimLayer: 0:65)* (DimLayer: 0:25)* (FocusedStackFrame: 0:1670)* (StatusBar: 0:9055) (NavigationBar: 0:11537) (DimLayer: 0:2823)* (DimLayer: 0:301)* (com.android.wallpaper.fall.FallWallpaper: 0:17715)* (com.facebook.katana/com.facebook.katana.ProxyAuthDialog: 0:51)* (com.giftme.fb_auth/com.giftme.fb_auth.FB_Auth: 0:39)* (com.android.systemui/com.android.systemui.recent.RecentsActivity: 1:45) (thumbnail anim: 0:18)* 
I/ActivityManager( 1016): Killing 3953:com.giftme.fb_auth/u0a106 (adj 9): remove task
W/ContextImpl( 1231): Calling a method in the system process without a qualified user: android.app.ContextImpl.sendBroadcast:1252 android.content.ContextWrapper.sendBroadcast:365 com.motorola.motocare.util.TriggerHelper$TriggerBuilder.send:76 com.motorola.motocare.internal.frameworkevents.ProcessKillTrigger.sendTrigger:147 com.motorola.motocare.internal.frameworkevents.ProcessKillTrigger.handleFrameworkEvent:164 
I/WindowState( 1016): WIN DEATH: Window{431a7920 u0 com.giftme.fb_auth/com.giftme.fb_auth.FB_Auth}
I/SFPerfTracer(  278):      triggers: (rate: 40:29765) (88753 sw vsyncs) (54141 skipped) (37:158680 vsyncs) (39:267507)
W/ContextImpl( 1231): Calling a method in the system process without a qualified user: android.app.ContextImpl.sendBroadcast:1252 android.content.ContextWrapper.sendBroadcast:365 com.motorola.motocare.util.TriggerHelper$TriggerBuilder.send:76 com.motorola.motocare.internal.frameworkevents.PauseResumeTrigger.handleFrameworkEvent:53 com.motorola.motocare.internal.frameworkevents.FwEventMonitor$FrameworkListener.processFrameworkEvent:114 
W/ContextImpl( 1231): Calling a method in the system process without a qualified user: android.app.ContextImpl.sendBroadcast:1252 android.content.ContextWrapper.sendBroadcast:365 com.motorola.motocare.util.TriggerHelper$TriggerBuilder.send:76 com.motorola.motocare.internal.frameworkevents.PauseResumeTrigger.handleFrameworkEvent:53 com.motorola.motocare.internal.frameworkevents.FwEventMonitor$FrameworkListener.processFrameworkEvent:114 
V/AlarmManager( 1016): sending alarm Alarm{4294c0f8 type 0 com.google.android.gms}
I/SFPerfTracer(  278):      triggers: (rate: 40:29765) (88753 sw vsyncs) (54141 skipped) (30:158783 vsyncs) (32:267625)
W/PackageParser(19319): No actions in intent filter at /storage/emulated/0/Download/FB_Auth-release.apk Binary XML file line #28
I/SFPerfTracer(  278):      triggers: (rate: 38:2839) (compose: 0:14) (post: 0:2) (render: 9:429) (0:57157 frames) (1:153602)
D/SFPerfTracer(  278):        layers: (3:11) (DimLayer: 0:65)* (DimLayer: 0:25)* (FocusedStackFrame: 0:1670)* (StatusBar: 0:9055) (NavigationBar: 0:11537) (DimLayer: 0:2823)* (DimLayer: 0:301)* (com.android.wallpaper.fall.FallWallpaper: 0:17715)* (com.android.systemui/com.android.systemui.recent.RecentsActivity: 0:66)* (com.rhmsoft.fm/com.rhmsoft.fm.FileManager: 1:78) (thumbnail anim: 0:17)* 
I/ActivityManager( 1016): START u0 {act=android.intent.action.VIEW cat=[android.intent.category.DEFAULT] dat=file:///storage/emulated/0/Download/FB_Auth-release.apk typ=application/vnd.android.package-archive flg=0x10000 cmp=com.android.packageinstaller/.PackageInstallerActivity} from pid 19319
W/ContextImpl( 1231): Calling a method in the system process without a qualified user: android.app.ContextImpl.sendBroadcast:1252 android.content.ContextWrapper.sendBroadcast:365 com.motorola.motocare.util.TriggerHelper$TriggerBuilder.send:76 com.motorola.motocare.internal.frameworkevents.PauseResumeTrigger.handleFrameworkEvent:53 com.motorola.motocare.internal.frameworkevents.FwEventMonitor$FrameworkListener.processFrameworkEvent:114 
I/ActivityManager( 1016): Start proc com.android.packageinstaller for activity com.android.packageinstaller/.PackageInstallerActivity: pid=4316 uid=10085 gids={50085, 1028}
W/ContextImpl( 1231): Calling a method in the system process without a qualified user: android.app.ContextImpl.sendBroadcast:1252 android.content.ContextWrapper.sendBroadcast:365 com.motorola.motocare.util.TriggerHelper$TriggerBuilder.send:76 com.motorola.motocare.internal.frameworkevents.PauseResumeTrigger.handleFrameworkEvent:53 com.motorola.motocare.internal.frameworkevents.FwEventMonitor$FrameworkListener.processFrameworkEvent:114 
W/PackageParser( 4316): No actions in intent filter at /storage/emulated/0/Download/FB_Auth-release.apk Binary XML file line #28
I/LaunchCheckinHandler( 1016): Displayed com.android.packageinstaller/.PackageInstallerActivity,cp,ca,591
I/ActivityManager( 1016): START u0 {dat=file:///storage/emulated/0/Download/FB_Auth-release.apk cmp=com.android.packageinstaller/.InstallAppProgress (has extras)} from pid 4316
W/ContextImpl( 1231): Calling a method in the system process without a qualified user: android.app.ContextImpl.sendBroadcast:1252 android.content.ContextWrapper.sendBroadcast:365 com.motorola.motocare.util.TriggerHelper$TriggerBuilder.send:76 com.motorola.motocare.internal.frameworkevents.PauseResumeTrigger.handleFrameworkEvent:53 com.motorola.motocare.internal.frameworkevents.FwEventMonitor$FrameworkListener.processFrameworkEvent:114 
W/ContextImpl( 1231): Calling a method in the system process without a qualified user: android.app.ContextImpl.sendBroadcast:1252 android.content.ContextWrapper.sendBroadcast:365 com.motorola.motocare.util.TriggerHelper$TriggerBuilder.send:76 com.motorola.motocare.internal.frameworkevents.PauseResumeTrigger.handleFrameworkEvent:53 com.motorola.motocare.internal.frameworkevents.FwEventMonitor$FrameworkListener.processFrameworkEvent:114 
I/SFPerfTracer(  278):      triggers: (rate: 40:29765) (88753 sw vsyncs) (54141 skipped) (2:158856 vsyncs) (4:267729)
I/ActivityManager( 1016): Start proc com.android.defcontainer for service com.android.defcontainer/.DefaultContainerService: pid=4342 uid=10013 gids={50013, 1028, 1015, 1023, 2001, 1035}
W/ActivityManager( 1016): No content provider found for permission revoke: file:///storage/emulated/0/Download/FB_Auth-release.apk
I/LaunchCheckinHandler( 1016): Displayed com.android.packageinstaller/.InstallAppProgress,wp,ca,175
W/PackageParser(18319): No actions in intent filter at /storage/emulated/0/Download/FB_Auth-release.apk Binary XML file line #28
W/ActivityManager( 1016): No content provider found for permission revoke: file:///storage/emulated/0/Download/FB_Auth-release.apk
I/PackageManager( 1016): Copying native libraries to /data/app-lib/vmdl-1143838851
W/PackageParser( 1016): No actions in intent filter at /data/app/vmdl-1143838851.tmp Binary XML file line #28
I/ActivityManager( 1016): Force stopping com.giftme.fb_auth appid=10106 user=-1: uninstall pkg
I/PackageManager( 1016): Package com.giftme.fb_auth codePath changed from /data/app/com.giftme.fb_auth-2.apk to /data/app/com.giftme.fb_auth-1.apk; Retaining data and using new
I/SFPerfTracer(  278):      triggers: (rate: 38:2839) (compose: 0:14) (post: 0:2) (render: 9:429) (0:57183 frames) (1:153702)
D/SFPerfTracer(  278):        layers: (3:12) (DimLayer: 0:65)* (DimLayer: 0:25)* (FocusedStackFrame: 0:1678)* (StatusBar: 0:9055) (NavigationBar: 0:11537) (DimLayer: 0:2823)* (DimLayer: 0:303)* (com.android.wallpaper.fall.FallWallpaper: 0:17715)* (com.rhmsoft.fm/com.rhmsoft.fm.FileManager: 0:85)* (Starting com.android.packageinstaller: 0:14)* (com.android.packageinstaller/com.android.packageinstaller.PackageInstallerActivity: 0:40)* (com.android.packageinstaller/com.android.packageinstaller.InstallAppProgress: 1:59) 
I/ActivityManager( 1016): Force stopping com.giftme.fb_auth appid=10106 user=-1: update pkg
W/PackageManager( 1016): Code path for pkg : com.giftme.fb_auth changing from /data/app/com.giftme.fb_auth-2.apk to /data/app/com.giftme.fb_auth-1.apk
W/PackageManager( 1016): Resource path for pkg : com.giftme.fb_auth changing from /data/app/com.giftme.fb_auth-2.apk to /data/app/com.giftme.fb_auth-1.apk
I/SFPerfTracer(  278):      triggers: (rate: 40:29765) (88753 sw vsyncs) (54141 skipped) (0:158909 vsyncs) (2:267830)
W/PackageManager( 1016): Unknown permission android.permission.RECORD_VIDEO in package com.giftme.fb_auth
I/ActivityManager( 1016): Force stopping com.giftme.fb_auth appid=10106 user=0: pkg removed
I/PackageManager( 1016): Adding preferred activity ComponentInfo{com.android.mms/com.android.mms.ui.ComposeMessageActivity} for user 0 :
I/ActivityManager( 1016): Start proc android.process.acore for broadcast com.android.providers.contacts/.PackageIntentReceiver: pid=4379 uid=10010 gids={50010, 3003, 1028, 1015, 1023}
I/PackageManager( 1016): Adding preferred activity ComponentInfo{com.android.mms/com.android.mms.ui.ComposeMessageActivity} for user 0 :
I/PackageManager( 1016): Adding preferred activity ComponentInfo{com.android.mms/com.android.mms.ui.ComposeMessageActivity} for user 0 :
I/PackageManager( 1016): Adding preferred activity ComponentInfo{com.android.mms/com.android.mms.ui.ComposeMessageActivity} for user 0 :
I/PackageManager( 1016): Adding preferred activity ComponentInfo{com.android.mms/com.android.mms.ui.ComposeMessageActivity} for user 0 :
D/BackupManagerService( 1016): Received broadcast Intent { act=android.intent.action.PACKAGE_REMOVED dat=package:com.giftme.fb_auth flg=0x4000010 (has extras) }
I/PackageManager( 1016): Adding preferred activity ComponentInfo{com.android.mms/com.android.mms.ui.ComposeMessageActivity} for user 0 :
V/AlarmManager( 1016): sending alarm Alarm{42df8230 type 2 com.facebook.katana}
I/PackageManager( 1016): Adding preferred activity ComponentInfo{com.android.mms/com.android.mms.ui.ComposeMessageActivity} for user 0 :
I/PackageManager( 1016): Adding preferred activity ComponentInfo{com.android.mms/com.android.mms.ui.ComposeMessageActivity} for user 0 :
I/PackageManager( 1016): Adding preferred activity ComponentInfo{com.android.mms/com.android.mms.ui.ComposeMessageActivity} for user 0 :
D/BackupManagerService( 1016): Received broadcast Intent { act=android.intent.action.PACKAGE_ADDED dat=package:com.giftme.fb_auth flg=0x4000010 (has extras) }
V/BackupManagerService( 1016): removePackageParticipantsLocked: uid=10106 #1
V/BackupManagerService( 1016): addPackageParticipantsLocked: #1
I/PackageManager( 1016): Adding preferred activity ComponentInfo{com.android.mms/com.android.mms.ui.ComposeMessageActivity} for user 0 :
I/PackageManager( 1016): Adding preferred activity ComponentInfo{com.android.mms/com.android.mms.ui.ComposeMessageActivity} for user 0 :
I/PackageManager( 1016): Adding preferred activity ComponentInfo{com.android.mms/com.android.mms.ui.ComposeMessageActivity} for user 0 :
I/PackageManager( 1016): Adding preferred activity ComponentInfo{com.android.mms/com.android.mms.ui.ComposeMessageActivity} for user 0 :
I/PackageManager( 1016): Adding preferred activity ComponentInfo{com.android.mms/com.android.mms.ui.ComposeMessageActivity} for user 0 :
I/ActivityManager( 1016): Start proc com.google.android.apps.docs for broadcast com.google.android.apps.docs/.receivers.AppPackageAddRemoveReceiver: pid=4404 uid=10060 gids={50060, 3003, 1028, 1015}
I/PackageManager( 1016): Adding preferred activity ComponentInfo{com.android.mms/com.android.mms.ui.ComposeMessageActivity} for user 0 :
I/PackageManager( 1016): Adding preferred activity ComponentInfo{com.android.mms/com.android.mms.ui.ComposeMessageActivity} for user 0 :
I/PackageManager( 1016): Adding preferred activity ComponentInfo{com.android.mms/com.android.mms.ui.ComposeMessageActivity} for user 0 :
I/PackageManager( 1016): Adding preferred activity ComponentInfo{com.android.mms/com.android.mms.ui.ComposeMessageActivity} for user 0 :
I/PackageManager( 1016): Adding preferred activity ComponentInfo{com.android.mms/com.android.mms.ui.ComposeMessageActivity} for user 0 :
I/PackageManager( 1016): Adding preferred activity ComponentInfo{com.android.mms/com.android.mms.ui.ComposeMessageActivity} for user 0 :
I/PackageManager( 1016): Adding preferred activity ComponentInfo{com.android.mms/com.android.mms.ui.ComposeMessageActivity} for user 0 :
I/PackageManager( 1016): Adding preferred activity ComponentInfo{com.android.mms/com.android.mms.ui.ComposeMessageActivity} for user 0 :
I/PackageManager( 1016): Adding preferred activity ComponentInfo{com.android.mms/com.android.mms.ui.ComposeMessageActivity} for user 0 :
I/PackageManager( 1016): Adding preferred activity ComponentInfo{com.android.mms/com.android.mms.ui.ComposeMessageActivity} for user 0 :
I/ActivityManager( 1016): Start proc com.android.keychain for broadcast com.android.keychain/.KeyChainBroadcastReceiver: pid=4427 uid=1000 gids={41000, 1028, 1015, 3002, 3001, 3003, 1021, 3004, 3005, 1000, 3009, 1023, 1010, 1004, 2002, 3006}
W/ContextImpl( 4427): Calling a method in the system process without a qualified user: android.app.ContextImpl.startService:1608 android.content.ContextWrapper.startService:494 android.content.ContextWrapper.startService:494 com.android.keychain.KeyChainBroadcastReceiver.onReceive:12 android.app.ActivityThread.handleReceiver:2434 
I/ActivityManager( 1016): Start proc com.facebook.katana:dash for broadcast com.facebook.katana/com.facebook.dash.receivers.DashPackageUninstallReceiver: pid=4446 uid=10110 gids={50110, 1028, 1015, 3003}
I/ActivityManager( 1016): Process com.facebook.katana (pid 1558) has died.
W/ActivityManager( 1016): Scheduling restart of crashed service com.facebook.katana/com.facebook.push.mqtt.service.MqttPushService in 1000ms
D/WifiService( 1016): Client connection lost with reason: 4
--------- beginning of /dev/log/main
D/dalvikvm( 4446): Trying to load lib /data/app-lib/com.facebook.katana-1/libsigmux.so 0x4278efb8
