E/cutils  (  261): Failed to mkdirat(/storage/sdcard1/Android): Read-only file system
W/Vold    (  261): Returning OperationFailed - no handler for errno 30
W/ContextImpl( 1134): Failed to ensure directory: /storage/sdcard1/Android/data/com.google.android.apps.magazines/files
V/WebViewChromiumFactoryProvider( 1134): Binding Chromium to main looper Looper (main, tid 1) {42787da8}
I/LibraryLoader( 1134): Expected native library version number "",actual native library version number ""
I/chromium( 1134): [INFO:library_loader_hooks.cc(116)] Chromium logging enabled: level = 0, default verbosity = 0
I/BrowserStartupController( 1134): Initializing chromium process, renderers=0
E/AudioManagerAndroid( 1134): BLUETOOTH permission is missing!
I/Adreno-EGL( 1134): <qeglDrvAPI_eglInitialize:410>: EGL 1.4 QUALCOMM build: AU_LINUX_ANDROID_LNX.LA.3.5.1_RB1.04.04.02.048.018_msm8226_LNX.LA.3.5.1_RB1__release_AU ()
I/Adreno-EGL( 1134): OpenGL ES Shader Compiler Version: E031.24.00.08
I/Adreno-EGL( 1134): Build Date: 03/07/14 Fri
I/Adreno-EGL( 1134): Local Branch: 
I/Adreno-EGL( 1134): Remote Branch: quic/LNX.LA.3.5.1_RB1.1
I/Adreno-EGL( 1134): Local Patches: NONE
I/Adreno-EGL( 1134): Reconstruct Branch: AU_LINUX_ANDROID_LNX.LA.3.5.1_RB1.04.04.02.048.018 + f2fd134 +  NOTHING
I/SFPerfTracer(  278):      triggers: (rate: 147:79526) (226173 sw vsyncs) (168295 skipped) (19:749497 vsyncs) (21:1069530)
I/NSApplication( 1134): Starting up...
I/CheckinRequestBuilder(20182): Classify the device as Phone.
I/ActivityManager( 1016): Start proc com.android.chrome for broadcast com.android.chrome/com.google.android.apps.chrome.precache.PrecacheServiceLauncher: pid=1191 uid=10057 gids={50057, 3003, 1028, 1015}
I/ActivityManager( 1016): Killing 768:com.devexpert.weather/u0a112 (adj 15): empty #9
W/ContextImpl( 1231): Calling a method in the system process without a qualified user: android.app.ContextImpl.sendBroadcast:1252 android.content.ContextWrapper.sendBroadcast:365 com.motorola.motocare.util.TriggerHelper$TriggerBuilder.send:76 com.motorola.motocare.internal.frameworkevents.ProcessKillTrigger.sendTrigger:147 com.motorola.motocare.internal.frameworkevents.ProcessKillTrigger.handleFrameworkEvent:164 
D/AudioManagerAndroid( 1134): ==> onReceive: s=0, m=1, n=h2w, sb=true
D/AudioManagerAndroid( 1134): reportUpdate: state=0, devices=[Speakerphone, Headset earpiece]
D/dalvikvm( 1102): GC_FOR_ALLOC freed 4298K, 27% free 12721K/17224K, paused 46ms, total 46ms
I/ActivityManager( 1016): Start proc com.rhmsoft.fm:crash.feedback for broadcast com.rhmsoft.fm/com.cleanmaster.fm.receiver.ConnectivityChangeBroadcastReceiver: pid=1208 uid=10105 gids={50105, 3003, 1028, 1015}
I/ActivityManager( 1016): Killing 32654:com.android.vending/u0a39 (adj 15): empty #9
W/ContextImpl( 1231): Calling a method in the system process without a qualified user: android.app.ContextImpl.sendBroadcast:1252 android.content.ContextWrapper.sendBroadcast:365 com.motorola.motocare.util.TriggerHelper$TriggerBuilder.send:76 com.motorola.motocare.internal.frameworkevents.ProcessKillTrigger.sendTrigger:147 com.motorola.motocare.internal.frameworkevents.ProcessKillTrigger.handleFrameworkEvent:164 
W/Settings( 1208): Setting android_id has moved from android.provider.Settings.System to android.provider.Settings.Secure, returning read-only value.
E/cutils  (  261): Failed to mkdirat(/storage/sdcard1/Android): Read-only file system
W/Vold    (  261): Returning OperationFailed - no handler for errno 30
W/ContextImpl( 1208): Failed to ensure directory: /storage/sdcard1/Android/data/com.rhmsoft.fm/files
E/cutils  (  261): Failed to mkdirat(/storage/sdcard1/Android): Read-only file system
W/Vold    (  261): Returning OperationFailed - no handler for errno 30
D/dalvikvm( 1208): Trying to load lib /data/data/com.rhmsoft.fm/lib/libkcmutil.so 0x4278e3a0
W/ContextImpl( 1208): Failed to ensure directory: /storage/sdcard1/Android/data/com.rhmsoft.fm/files
I/ActivityManager( 1016): Start proc com.mobisystems.ubreader_west for broadcast com.mobisystems.ubreader_west/com.mobisystems.ubreader.launcher.network.NetworkStateReceiver: pid=1248 uid=10117 gids={50117, 3003, 1028, 1015}
I/ActivityManager( 1016): Killing 957:com.android.mms/u0a31 (adj 15): empty #9
W/ContextImpl( 1231): Calling a method in the system process without a qualified user: android.app.ContextImpl.sendBroadcast:1252 android.content.ContextWrapper.sendBroadcast:365 com.motorola.motocare.util.TriggerHelper$TriggerBuilder.send:76 com.motorola.motocare.internal.frameworkevents.ProcessKillTrigger.sendTrigger:147 com.motorola.motocare.internal.frameworkevents.ProcessKillTrigger.handleFrameworkEvent:164 
E/cutils  (  261): Failed to mkdirat(/storage/sdcard1/Android): Read-only file system
W/Vold    (  261): Returning OperationFailed - no handler for errno 30
W/ContextImpl( 1208): Failed to ensure directory: /storage/sdcard1/Android/data/com.rhmsoft.fm/files
E/cutils  (  261): Failed to mkdirat(/storage/sdcard1/Android): Read-only file system
W/Vold    (  261): Returning OperationFailed - no handler for errno 30
W/linker  ( 1208): libkcmutil.so has text relocations. This is wasting memory and is a security risk. Please fix.
D/dalvikvm( 1208): Added shared lib /data/data/com.rhmsoft.fm/lib/libkcmutil.so 0x4278e3a0
W/ContextImpl( 1208): Failed to ensure directory: /storage/sdcard1/Android/data/com.rhmsoft.fm/files
D/dalvikvm( 1102): GC_CONCURRENT freed 837K, 20% free 13888K/17224K, paused 2ms+3ms, total 39ms
I/ActivityManager( 1016): Killing 987:com.google.android.setupwizard/u0a42 (adj 15): empty #9
W/ContextImpl( 1231): Calling a method in the system process without a qualified user: android.app.ContextImpl.sendBroadcast:1252 android.content.ContextWrapper.sendBroadcast:365 com.motorola.motocare.util.TriggerHelper$TriggerBuilder.send:76 com.motorola.motocare.internal.frameworkevents.ProcessKillTrigger.sendTrigger:147 com.motorola.motocare.internal.frameworkevents.ProcessKillTrigger.handleFrameworkEvent:164 
D/PodcastAddictBroadcastReceiver(28420): Connectivity changed... (android.net.conn.CONNECTIVITY_CHANGE)
D/PodcastAddictBroadcastReceiver(28420): resumeService() - connected
D/PodcastAddictBroadcastReceiver(28420): resumeService() - starting connection change process
I/openssl (26272): Crypto mode not selected, openssl will run on its regular mode.
I/openssl (26272): Crypto mode 0 already enabled
W/PodcastAddictBroadcastReceiver(28420): Network modification detected but ignored... (0)
D/PodcastAddictBroadcastReceiver(28420): resumeService() - finishing connection change process
I/ActivityManager( 1016): Start proc com.android.mms for broadcast com.android.mms/.transaction.MmsSystemEventReceiver: pid=1296 uid=10031 gids={50031, 3003, 1028, 1015}
D/WifiStateMachine( 1016): handleMessage: E msg.what=151572
D/WifiStateMachine( 1016): processMsg: ConnectedState
D/WifiStateMachine( 1016): processMsg: L2ConnectedState
D/WifiStateMachine( 1016): handleMessage: X
V/MmsConfig( 1296): mnc/mcc: 27203
V/MmsConfig( 1296): tag: bool value: enabledMMS - true
V/MmsConfig( 1296): tag: int value: maxMessageSize - 307200
V/MmsConfig( 1296): tag: int value: maxImageHeight - 1944
V/MmsConfig( 1296): tag: int value: maxImageWidth - 2592
V/MmsConfig( 1296): tag: int value: defaultSMSMessagesPerThread - 500
V/MmsConfig( 1296): tag: int value: defaultMMSMessagesPerThread - 50
V/MmsConfig( 1296): tag: int value: minMessageCountPerThread - 10
V/MmsConfig( 1296): tag: int value: maxMessageCountPerThread - 5000
V/MmsConfig( 1296): tag: int value: recipientLimit - 20
V/MmsConfig( 1296): tag: bool value: enableMultipartSMS - true
V/MmsConfig( 1296): tag: int value: smsToMmsTextThreshold - 6
V/MmsConfig( 1296): tag: bool value: enableSlideDuration - true
V/MmsConfig( 1296): tag: int value: maxMessageTextSize - -1
V/MmsConfig( 1296): tag: int value: maxSubjectLength - 80
V/MmsConfig( 1296): tag: bool value: smsForceShowEncodingMenu - true
V/MmsConfig( 1296): tag: bool value: smsForce7BitEncoding - false
V/MmsConfig( 1296): tag: bool value: enableGroupMms - false
E/MmsConfig( 1296): MmsConfig.loadMmsSettings mms_config.xml missing uaProfUrl setting
I/ActivityManager( 1016): Start proc com.google.android.setupwizard for broadcast com.google.android.setupwizard/.MobileConnectivityChangeReceiver: pid=1317 uid=10042 gids={50042, 3003}
I/ActivityManager( 1016): Killing 980:android.process.acore/u0a10 (adj 9): empty #9
W/ContextImpl( 1231): Calling a method in the system process without a qualified user: android.app.ContextImpl.sendBroadcast:1252 android.content.ContextWrapper.sendBroadcast:365 com.motorola.motocare.util.TriggerHelper$TriggerBuilder.send:76 com.motorola.motocare.internal.frameworkevents.ProcessKillTrigger.sendTrigger:147 com.motorola.motocare.internal.frameworkevents.ProcessKillTrigger.handleFrameworkEvent:164 
I/ActivityThread( 1296): Removing dead content provider:android.content.ContentProviderProxy@427e7180
I/ActivityThread( 1296): Removing dead content provider:android.content.ContentProviderProxy@427e7180
D/ConnectivityService( 1016): handleInetConditionHoldEnd: net=1, condition=100, published condition=0
I/ModemStatsDSDetect( 1279): onReceive() -Intent { act=android.net.conn.INET_CONDITION_ACTION flg=0x4000010 (has extras) }
I/SBar.NetworkController( 1078): onReceive: ConnectivityManager.INET_CONDITION_ACTION Received
I/ModemStatsDSDetect( 1279): INET_CONDITION=100 ,activeNet=NetworkInfo: type: WIFI[], state: CONNECTED/CONNECTED, reason: (unspecified), extra: "Moulin Rouge", roaming: false, failover: false, isAvailable: true, isConnectedToProvisioningNetwork: false
I/ModemStatsDSDetect( 1279): Inetcondition changed, white->blue
I/ModemStatsDSDetect( 1279): onReceive() - done, currentInetCondition=100
I/SBar.NetworkController( 1078): the netConditon of netType 1 is updated as 1 by android.net.conn.INET_CONDITION_ACTION,icon color should be blue.
I/SBar.NetworkController( 1078): updateConnectivity: NetworkInfo: NetworkInfo: type: WIFI[], state: CONNECTED/CONNECTED, reason: (unspecified), extra: "Moulin Rouge", roaming: false, failover: false, isAvailable: true, isConnectedToProvisioningNetwork: false, inetCondition= 1
I/ActivityManager( 1016): Start proc android.process.acore for content provider com.android.providers.contacts/.ContactsProvider2: pid=1330 uid=10010 gids={50010, 3003, 1028, 1015, 1023}
I/CheckinTask(20182): Sending checkin request (4986 bytes)
D/MobileConnectivityChangeReceiver( 1317): onReceive Intent { act=android.net.conn.CONNECTIVITY_CHANGE flg=0x4000010 cmp=com.google.android.setupwizard/.MobileConnectivityChangeReceiver (has extras) }
D/MobileConnectivityChangeReceiver( 1317): onReceive CONNECTIVITY_CHANGE networkType=1
E/PhoneMonitor( 1317): onOtaspChanged old =0, new =3
V/PhoneMonitor( 1317): mOtaspPhoneStateListener#onOtaspChanged, mOtaspMode=3
I/ActivityManager( 1016): Killing 1009:com.google.android.apps.plus/u0a90 (adj 15): empty #9
W/ContextImpl( 1231): Calling a method in the system process without a qualified user: android.app.ContextImpl.sendBroadcast:1252 android.content.ContextWrapper.sendBroadcast:365 com.motorola.motocare.util.TriggerHelper$TriggerBuilder.send:76 com.motorola.motocare.internal.frameworkevents.ProcessKillTrigger.sendTrigger:147 com.motorola.motocare.internal.frameworkevents.ProcessKillTrigger.handleFrameworkEvent:164 
I/ActivityManager( 1016): Killing 889:com.android.defcontainer/u0a13 (adj 15): empty #9
W/ContextImpl( 1231): Calling a method in the system process without a qualified user: android.app.ContextImpl.sendBroadcast:1252 android.content.ContextWrapper.sendBroadcast:365 com.motorola.motocare.util.TriggerHelper$TriggerBuilder.send:76 com.motorola.motocare.internal.frameworkevents.ProcessKillTrigger.sendTrigger:147 com.motorola.motocare.internal.frameworkevents.ProcessKillTrigger.handleFrameworkEvent:164 
D/GCM     (31791): GcmService start Intent { act=android.net.conn.CONNECTIVITY_CHANGE flg=0x4000010 cmp=com.google.android.gms/.gcm.GcmService (has extras) } android.net.conn.CONNECTIVITY_CHANGE
I/iu.Environment(20182): update connectivity state; isNetworkMetered? false, isRoaming? false, isBackgroundDataAllowed? true
I/ActivityManager( 1016): Start proc com.google.android.apps.plus for broadcast com.google.android.apps.plus/.service.ConnectivityReceiver: pid=1351 uid=10090 gids={50090, 3003, 3002, 1028, 1015}
E/dalvikvm( 1351): Could not find class 'android.app.Notification$Action$Builder', referenced from method b.a
W/dalvikvm( 1351): VFY: unable to resolve new-instance 302 (Landroid/app/Notification$Action$Builder;) in Lb;
D/dalvikvm( 1351): VFY: replacing opcode 0x22 at 0x0000
E/dalvikvm( 1351): Could not find class 'android.graphics.drawable.RippleDrawable', referenced from method b.a
W/dalvikvm( 1351): VFY: unable to resolve new-instance 462 (Landroid/graphics/drawable/RippleDrawable;) in Lb;
D/dalvikvm( 1351): VFY: replacing opcode 0x22 at 0x000b
W/dalvikvm( 1351): VFY: unable to find class referenced in signature (Lzt;)
W/dalvikvm( 1351): VFY: unable to find class referenced in signature (Lzt;)
W/dalvikvm( 1351): VFY: unable to find class referenced in signature (Lzt;)
W/dalvikvm( 1351): VFY: unable to find class referenced in signature (Lzt;)
W/dalvikvm( 1351): VFY: unable to find class referenced in signature (Lzt;)
W/dalvikvm( 1351): VFY: unable to find class referenced in signature (Lzt;)
W/dalvikvm( 1351): VFY: unable to find class referenced in signature (Lzt;)
E/dalvikvm( 1351): Could not find class 'android.app.Notification$Action$Builder', referenced from method b.a
W/dalvikvm( 1351): VFY: unable to resolve new-instance 302 (Landroid/app/Notification$Action$Builder;) in Lb;
D/dalvikvm( 1351): VFY: replacing opcode 0x22 at 0x0000
W/dalvikvm( 1351): Unable to resolve superclass of Lar; (689)
W/dalvikvm( 1351): Link of class 'Lar;' failed
E/dalvikvm( 1351): Could not find class 'ar', referenced from method b.a
W/dalvikvm( 1351): VFY: unable to resolve new-instance 999 (Lar;) in Lb;
D/dalvikvm( 1351): VFY: replacing opcode 0x22 at 0x0006
W/dalvikvm( 1351): Unable to resolve superclass of Lat; (689)
W/dalvikvm( 1351): Link of class 'Lat;' failed
E/dalvikvm( 1351): Could not find class 'at', referenced from method b.a
W/dalvikvm( 1351): VFY: unable to resolve new-instance 1053 (Lat;) in Lb;
D/dalvikvm( 1351): VFY: replacing opcode 0x22 at 0x002a
I/dalvikvm( 1351): Could not find method android.view.ViewGroup.isTransitionGroup, referenced from method b.a
W/dalvikvm( 1351): VFY: unable to resolve virtual method 4388: Landroid/view/ViewGroup;.isTransitionGroup ()Z
D/dalvikvm( 1351): VFY: replacing opcode 0x6e at 0x000c
I/dalvikvm( 1351): Could not find method android.view.View.getTransitionName, referenced from method b.a
W/dalvikvm( 1351): VFY: unable to resolve virtual method 4205: Landroid/view/View;.getTransitionName ()Ljava/lang/String;
D/dalvikvm( 1351): VFY: replacing opcode 0x6e at 0x0006
I/ContactLocale( 1330): AddressBook Labels [en_GB]: [, A, B, C, D, E, F, G, H, I, J, K, L, M, N, O, P, Q, R, S, T, U, V, W, X, Y, Z, , , , , , , , , , , , , , , , , , , , , , , , , , , , , , , , , , , , , , , , , , , , , , , , , , , , , , , , , , , , , , , , , , , , , , , , , , , , , , , , , , , , , , , , , , , , , , , , , , , , , , , , , , , , , , , , , , , , , , , , , , , , , , , , , , , , , , , , , , , , , , , , , , , , , , , , , , , , , , , , , , , , , , , , , , , , , , , , , , , , , , #, ]
W/dalvikvm( 1351): VFY: unable to find class referenced in signature ([Landroid/app/RemoteInput;)
E/dalvikvm( 1351): Could not find class 'android.app.RemoteInput[]', referenced from method b.a
W/dalvikvm( 1351): VFY: unable to resolve new-array 12606 ([Landroid/app/RemoteInput;) in Lb;
D/dalvikvm( 1351): VFY: replacing opcode 0x23 at 0x0005
D/dalvikvm( 1351): DexOpt: unable to opt direct call 0x0530 at 0x0e in Lb;.a
D/dalvikvm( 1351): DexOpt: unable to opt direct call 0x08a4 at 0x0e in Lb;.a
D/dalvikvm( 1351): DexOpt: unable to opt direct call 0x0530 at 0x0e in Lb;.a
W/dalvikvm( 1351): Unable to resolve superclass of Lar; (689)
W/dalvikvm( 1351): Link of class 'Lar;' failed
D/dalvikvm( 1351): DexOpt: unable to opt direct call 0x177c at 0x08 in Lb;.a
W/dalvikvm( 1351): Unable to resolve superclass of Lat; (689)
W/dalvikvm( 1351): Link of class 'Lat;' failed
D/dalvikvm( 1351): DexOpt: unable to opt direct call 0x1846 at 0x2c in Lb;.a
D/dalvikvm( 1351): DexOpt: unable to opt direct call 0x0587 at 0x13 in Lb;.a
I/CheckinRequestBuilder(20182): Checkin reason type: 8 attempt count: 1
D/dalvikvm( 1351): Trying to load lib /data/app-lib/com.google.android.apps.plus-1/libcrashreporterer.so 0x42797990
D/dalvikvm( 1351): Added shared lib /data/app-lib/com.google.android.apps.plus-1/libcrashreporterer.so 0x42797990
I/dalvikvm( 1351): Could not find method android.content.Context.getDrawable, referenced from method c.a
W/dalvikvm( 1351): VFY: unable to resolve virtual method 1545: Landroid/content/Context;.getDrawable (I)Landroid/graphics/drawable/Drawable;
D/dalvikvm( 1351): VFY: replacing opcode 0x6e at 0x0006
E/cutils  (  261): Failed to mkdirat(/storage/sdcard1/Android): Read-only file system
W/Vold    (  261): Returning OperationFailed - no handler for errno 30
I/ActivityManager( 1016): Killing 1296:com.android.mms/u0a31 (adj 15): empty #9
W/ContextImpl( 1208): Failed to ensure directory: /storage/sdcard1/Android/data/com.rhmsoft.fm/files
W/ContextImpl( 1231): Calling a method in the system process without a qualified user: android.app.ContextImpl.sendBroadcast:1252 android.content.ContextWrapper.sendBroadcast:365 com.motorola.motocare.util.TriggerHelper$TriggerBuilder.send:76 com.motorola.motocare.internal.frameworkevents.ProcessKillTrigger.sendTrigger:147 com.motorola.motocare.internal.frameworkevents.ProcessKillTrigger.handleFrameworkEvent:164 
E/cutils  (  261): Failed to mkdirat(/storage/sdcard1/Android): Read-only file system
W/Vold    (  261): Returning OperationFailed - no handler for errno 30
W/ContextImpl( 1208): Failed to ensure directory: /storage/sdcard1/Android/data/com.rhmsoft.fm/files
D/DEBUG   (31852): Received intent : com.motorola.blur.service.blur.Actions.POLLINGMGR_CONNECTIVITY
W/ContextImpl(31852): Implicit intents with startService are not safe: Intent { act=com.motorola.blur.service.blur.Actions.BIND_WSPROXY_SVC } android.content.ContextWrapper.bindService:517 com.motorola.ccc.notification.GetNotificationsWS.bindWebServices:65 com.motorola.ccc.notification.SundryService.onCreate:1039 
D/GetNotificationsWS(31852): bindWebServices(): registering our AIDL callback...
D/EmailService.MarketingOptInSetter(31852): received com.motorola.blur.service.blur.Actions.POLLINGMGR_CONNECTIVITY
I/SundryService(31852): onHandleIntent(): action=com.motorola.blur.service.blur.Actions.POLLINGMGR_CONNECTIVITY
D/WaitableIntentService(31852): ServiceHandler.handleMessage: mWaitCount=0
D/GetNotificationsWS(31852): onServiceConnected()
D/GetNotificationsWS(31852): onServiceConnected(): Registered for remote service callbacks...
D/DEBUG   (31852): Received intent : com.motorola.blur.service.blur.Actions.POLLINGMGR_CONNECTIVITY
D/GetNotificationsWS(31852): unbindWebServices(): un-registering our AIDL callback...
W/ContextImpl(31852): Implicit intents with startService are not safe: Intent { act=com.motorola.blur.service.blur.Actions.BIND_WSPROXY_SVC } android.content.ContextWrapper.bindService:517 com.motorola.ccc.notification.GetNotificationsWS.bindWebServices:65 com.motorola.ccc.notification.SundryService.onCreate:1039 
D/GetNotificationsWS(31852): bindWebServices(): registering our AIDL callback...
I/SundryService(31852): onHandleIntent(): action=com.motorola.blur.service.blur.Actions.POLLINGMGR_CONNECTIVITY
D/EmailService.MarketingOptInSetter(31852): received com.motorola.blur.service.blur.Actions.POLLINGMGR_CONNECTIVITY
D/WaitableIntentService(31852): ServiceHandler.handleMessage: mWaitCount=0
D/GetNotificationsWS(31852): onServiceConnected()
D/GetNotificationsWS(31852): onServiceConnected(): Registered for remote service callbacks...
D/GetNotificationsWS(31852): unbindWebServices(): un-registering our AIDL callback...
D/GCM     (31791): GcmService start Intent { act=com.google.android.gms.INITIALIZE flg=0x10 pkg=com.google.android.gms cmp=com.google.android.gms/.gcm.GcmService } com.google.android.gms.INITIALIZE
D/AuthorizationBluetoothService(31791): Received GmsCore event: Intent { act=com.google.android.gms.INITIALIZE flg=0x10 pkg=com.google.android.gms cmp=com.google.android.gms/.auth.be.proximity.authorization.bt.AuthorizationBluetoothService$AutoStarter }.
E/AuthorizationBluetoothService(31791): Proximity feature is not enabled.
V/GmsCoreStatsServiceLauncher(20182): Received broadcast intent Intent { act=com.google.android.gms.INITIALIZE flg=0x10 pkg=com.google.android.gms cmp=com.google.android.gms/.common.stats.GmsCoreStatsServiceLauncher }
I/CheckinRequestBuilder(20182): Classify the device as Phone.
D/LocationInitializer(20182): Restart initialization of location
I/CheckinTask(20182): Checkin success: https://android.clients.google.com/checkin (1 requests sent)
E/MDM     (31965): [14065] b.run: Couldn't connect to Google API client: ConnectionResult{statusCode=API_UNAVAILABLE, resolution=null}
I/ActivityManager( 1016): Start proc com.motorola.MotGallery2 for broadcast com.motorola.MotGallery2/com.android.gallery3d.app.PackagesMonitor: pid=1393 uid=10034 gids={50034, 3003, 1028, 1015}
I/CheckinService(20182): Checking schedule, now: 1428169935762 next: 1428209535750
I/CheckinService(20182): active receiver: disabled
D/ConnectivityService( 1016): handleInetConditionHoldEnd: net=1, condition=100, published condition=100
D/dalvikvm(  280): GC_EXPLICIT freed 43K, 48% free 9010K/17224K, paused 2ms+3ms, total 24ms
D/dalvikvm(  280): GC_EXPLICIT freed <1K, 48% free 9010K/17224K, paused 1ms+2ms, total 17ms
I/ModemStatsDSDetect( 1279): onReceive() -Intent { act=android.net.conn.INET_CONDITION_ACTION flg=0x4000010 (has extras) }
I/SBar.NetworkController( 1078): onReceive: ConnectivityManager.INET_CONDITION_ACTION Received
I/SBar.NetworkController( 1078): updateConnectivity: NetworkInfo: NetworkInfo: type: WIFI[], state: CONNECTED/CONNECTED, reason: (unspecified), extra: "Moulin Rouge", roaming: false, failover: false, isAvailable: true, isConnectedToProvisioningNetwork: false, inetCondition= 1
I/ModemStatsDSDetect( 1279): INET_CONDITION=100 ,activeNet=NetworkInfo: type: WIFI[], state: CONNECTED/CONNECTED, reason: (unspecified), extra: "Moulin Rouge", roaming: false, failover: false, isAvailable: true, isConnectedToProvisioningNetwork: false
I/ModemStatsDSDetect( 1279): onReceive() - done, currentInetCondition=100
D/dalvikvm(  280): GC_EXPLICIT freed <1K, 48% free 9010K/17224K, paused 1ms+2ms, total 19ms
I/CheckinService(20182): Checking schedule, now: 1428169935836 next: 1428209535750
I/CheckinService(20182): active receiver: disabled
I/ActivityManager( 1016): Start proc com.android.keychain for broadcast com.android.keychain/.KeyChainBroadcastReceiver: pid=1412 uid=1000 gids={41000, 1028, 1015, 3002, 3001, 3003, 1021, 3004, 3005, 1000, 3009, 1023, 1010, 1004, 2002, 3006}
I/ActivityManager( 1016): Killing 1317:com.google.android.setupwizard/u0a42 (adj 15): empty #9
W/ContextImpl( 1231): Calling a method in the system process without a qualified user: android.app.ContextImpl.sendBroadcast:1252 android.content.ContextWrapper.sendBroadcast:365 com.motorola.motocare.util.TriggerHelper$TriggerBuilder.send:76 com.motorola.motocare.internal.frameworkevents.ProcessKillTrigger.sendTrigger:147 com.motorola.motocare.internal.frameworkevents.ProcessKillTrigger.handleFrameworkEvent:164 
D/dalvikvm(20182): GC_CONCURRENT freed 3082K, 29% free 14287K/19996K, paused 7ms+8ms, total 94ms
W/ContextImpl( 1412): Calling a method in the system process without a qualified user: android.app.ContextImpl.startService:1608 android.content.ContextWrapper.startService:494 android.content.ContextWrapper.startService:494 com.android.keychain.KeyChainBroadcastReceiver.onReceive:12 android.app.ActivityThread.handleReceiver:2434 
I/ActivityManager( 1016): Start proc com.android.vending for broadcast com.android.vending/com.google.android.finsky.receivers.PackageMonitorReceiver$RegisteredReceiver: pid=1429 uid=10039 gids={50039, 3003, 1028, 1015}
I/ActivityManager( 1016): Killing 1351:com.google.android.apps.plus/u0a90 (adj 15): empty #9
W/ContextImpl( 1231): Calling a method in the system process without a qualified user: android.app.ContextImpl.sendBroadcast:1252 android.content.ContextWrapper.sendBroadcast:365 com.motorola.motocare.util.TriggerHelper$TriggerBuilder.send:76 com.motorola.motocare.internal.frameworkevents.ProcessKillTrigger.sendTrigger:147 com.motorola.motocare.internal.frameworkevents.ProcessKillTrigger.handleFrameworkEvent:164 
D/Finsky  ( 1429): [1] FinskyApp.onCreate: Initializing network with DFE https://android.clients.google.com/fdfe/
D/Finsky  ( 1429): [1] DailyHygiene.goMakeHygieneIfDirty: No need to run daily hygiene.
W/Settings( 1429): Setting download_manager_max_bytes_over_mobile has moved from android.provider.Settings.Secure to android.provider.Settings.Global.
W/Settings( 1429): Setting download_manager_recommended_max_bytes_over_mobile has moved from android.provider.Settings.Secure to android.provider.Settings.Global.
I/dalvikvm( 1429): Could not find method com.google.android.play.layout.PlayCardViewBase.setTransitionName, referenced from method com.google.android.finsky.utils.PlayCardUtils.bindCard
W/dalvikvm( 1429): VFY: unable to resolve virtual method 42705: Lcom/google/android/play/layout/PlayCardViewBase;.setTransitionName (Ljava/lang/String;)V
D/dalvikvm( 1429): VFY: replacing opcode 0x6e at 0x00d9
I/dalvikvm( 1429): Could not find method com.google.android.play.layout.PlayCardViewBase.setTransitionGroup, referenced from method com.google.android.finsky.utils.PlayCardUtils.bindCard
W/dalvikvm( 1429): VFY: unable to resolve virtual method 42704: Lcom/google/android/play/layout/PlayCardViewBase;.setTransitionGroup (Z)V
D/dalvikvm( 1429): VFY: replacing opcode 0x6e at 0x0246
D/WifiStateMachine( 1016): handleMessage: E msg.what=151572
D/WifiStateMachine( 1016): processMsg: ConnectedState
D/WifiStateMachine( 1016): processMsg: L2ConnectedState
D/WifiStateMachine( 1016): handleMessage: X
I/dalvikvm( 1429): Could not find method android.view.View.getTransitionName, referenced from method com.google.android.finsky.navigationmanager.NavigationManager.showPage
W/dalvikvm( 1429): VFY: unable to resolve virtual method 9352: Landroid/view/View;.getTransitionName ()Ljava/lang/String;
D/dalvikvm( 1429): VFY: replacing opcode 0x6e at 0x001a
D/dalvikvm( 1016): GC_EXPLICIT freed 1645K, 29% free 28684K/40112K, paused 4ms+13ms, total 138ms
I/ActivityManager( 1016): Killing 1102:com.google.android.talk/u0a71 (adj 15): empty #9
W/ContextImpl( 1231): Calling a method in the system process without a qualified user: android.app.ContextImpl.sendBroadcast:1252 android.content.ContextWrapper.sendBroadcast:365 com.motorola.motocare.util.TriggerHelper$TriggerBuilder.send:76 com.motorola.motocare.internal.frameworkevents.ProcessKillTrigger.sendTrigger:147 com.motorola.motocare.internal.frameworkevents.ProcessKillTrigger.handleFrameworkEvent:164 
E/NetworkScheduler.SchedulerReceiver(31791): Invalid parameter app
E/NetworkScheduler.SchedulerReceiver(31791): Invalid package name : Perhaps you didn't include a PendingIntent in the extras?
D/PackageBroadcastService(20182): Received broadcast action=android.intent.action.PACKAGE_REMOVED and uri=com.giftme.fb_auth
I/ActivityManager( 1016): Start proc com.google.android.apps.plus for broadcast com.google.android.apps.plus/.service.PackagesMediaMonitor: pid=1474 uid=10090 gids={50090, 3003, 3002, 1028, 1015}
D/Finsky  ( 1429): [1] 2.run: Loaded library for account: [gKXbJhL8NA2nPUzZyFpjB6tKi7U]
W/ActivityManager( 1016): Service ServiceRecord{4434f930 u0 com.google.android.talk/com.google.android.libraries.hangouts.video.CallService} in process ProcessRecord{43471d00 1102:com.google.android.talk/u0a71} not same as in map: null
D/Finsky  ( 1429): [1] 2.run: Finished loading 1 libraries.
I/ConfigService(31791): onCreate
I/ConfigService(31791): onBind for Intent { act=com.google.android.gms.config.UPDATE pkg=com.google.android.gms } action com.google.android.gms.config.UPDATE
I/ConfigService(31791): onBind returning update interface
I/ConfigService(31791): onBind for Intent { act=com.google.android.gms.config.START pkg=com.google.android.gms } action com.google.android.gms.config.START
I/ConfigService(31791): onBind returning service broker
I/ConfigFetchService(20182): onStartCommand Intent { act=android.intent.action.PACKAGE_REMOVED dat=package:com.giftme.fb_auth cmp=com.google.android.gms/.config.ConfigFetchService (has extras) }
I/ConfigFetchService(20182): service connected
D/Finsky  ( 1429): [1] GmsCoreHelper.cleanupNlp: result=false type=4
E/dalvikvm( 1474): Could not find class 'android.app.Notification$Action$Builder', referenced from method b.a
W/dalvikvm( 1474): VFY: unable to resolve new-instance 302 (Landroid/app/Notification$Action$Builder;) in Lb;
D/dalvikvm( 1474): VFY: replacing opcode 0x22 at 0x0000
D/Finsky  ( 1429): [1] RestoreTracker.stopServiceIfDone: Restore complete with 0 success and 0 failed.
E/dalvikvm( 1474): Could not find class 'android.graphics.drawable.RippleDrawable', referenced from method b.a
W/dalvikvm( 1474): VFY: unable to resolve new-instance 462 (Landroid/graphics/drawable/RippleDrawable;) in Lb;
D/dalvikvm( 1474): VFY: replacing opcode 0x22 at 0x000b
W/dalvikvm( 1474): VFY: unable to find class referenced in signature (Lzt;)
W/dalvikvm( 1474): VFY: unable to find class referenced in signature (Lzt;)
W/dalvikvm( 1474): VFY: unable to find class referenced in signature (Lzt;)
W/dalvikvm( 1474): VFY: unable to find class referenced in signature (Lzt;)
W/dalvikvm( 1474): VFY: unable to find class referenced in signature (Lzt;)
W/dalvikvm( 1474): VFY: unable to find class referenced in signature (Lzt;)
W/dalvikvm( 1474): VFY: unable to find class referenced in signature (Lzt;)
E/dalvikvm( 1474): Could not find class 'android.app.Notification$Action$Builder', referenced from method b.a
W/dalvikvm( 1474): VFY: unable to resolve new-instance 302 (Landroid/app/Notification$Action$Builder;) in Lb;
D/dalvikvm( 1474): VFY: replacing opcode 0x22 at 0x0000
W/dalvikvm( 1474): Unable to resolve superclass of Lar; (689)
W/dalvikvm( 1474): Link of class 'Lar;' failed
E/dalvikvm( 1474): Could not find class 'ar', referenced from method b.a
W/dalvikvm( 1474): VFY: unable to resolve new-instance 999 (Lar;) in Lb;
D/dalvikvm( 1474): VFY: replacing opcode 0x22 at 0x0006
W/dalvikvm( 1474): Unable to resolve superclass of Lat; (689)
W/dalvikvm( 1474): Link of class 'Lat;' failed
E/dalvikvm( 1474): Could not find class 'at', referenced from method b.a
W/dalvikvm( 1474): VFY: unable to resolve new-instance 1053 (Lat;) in Lb;
D/dalvikvm( 1474): VFY: replacing opcode 0x22 at 0x002a
I/dalvikvm( 1474): Could not find method android.view.ViewGroup.isTransitionGroup, referenced from method b.a
W/dalvikvm( 1474): VFY: unable to resolve virtual method 4388: Landroid/view/ViewGroup;.isTransitionGroup ()Z
D/dalvikvm( 1474): VFY: replacing opcode 0x6e at 0x000c
I/dalvikvm( 1474): Could not find method android.view.View.getTransitionName, referenced from method b.a
W/dalvikvm( 1474): VFY: unable to resolve virtual method 4205: Landroid/view/View;.getTransitionName ()Ljava/lang/String;
D/dalvikvm( 1474): VFY: replacing opcode 0x6e at 0x0006
W/dalvikvm( 1474): VFY: unable to find class referenced in signature ([Landroid/app/RemoteInput;)
E/dalvikvm( 1474): Could not find class 'android.app.RemoteInput[]', referenced from method b.a
W/dalvikvm( 1474): VFY: unable to resolve new-array 12606 ([Landroid/app/RemoteInput;) in Lb;
D/dalvikvm( 1474): VFY: replacing opcode 0x23 at 0x0005
D/dalvikvm( 1474): DexOpt: unable to opt direct call 0x0530 at 0x0e in Lb;.a
D/dalvikvm( 1474): DexOpt: unable to opt direct call 0x08a4 at 0x0e in Lb;.a
D/dalvikvm( 1474): DexOpt: unable to opt direct call 0x0530 at 0x0e in Lb;.a
W/dalvikvm( 1474): Unable to resolve superclass of Lar; (689)
W/dalvikvm( 1474): Link of class 'Lar;' failed
D/dalvikvm( 1474): DexOpt: unable to opt direct call 0x177c at 0x08 in Lb;.a
W/dalvikvm( 1474): Unable to resolve superclass of Lat; (689)
W/dalvikvm( 1474): Link of class 'Lat;' failed
D/dalvikvm( 1474): DexOpt: unable to opt direct call 0x1846 at 0x2c in Lb;.a
D/dalvikvm( 1474): DexOpt: unable to opt direct call 0x0587 at 0x13 in Lb;.a
D/dalvikvm( 1474): Trying to load lib /data/app-lib/com.google.android.apps.plus-1/libcrashreporterer.so 0x42790ee0
D/dalvikvm( 1474): Added shared lib /data/app-lib/com.google.android.apps.plus-1/libcrashreporterer.so 0x42790ee0
I/ActivityManager( 1016): Start proc com.google.android.apps.docs for broadcast com.google.android.apps.docs/.receivers.AppPackageAddRemoveReceiver: pid=1514 uid=10060 gids={50060, 3003, 1028, 1015}
I/ActivityManager( 1016): Killing 1134:com.google.android.apps.magazines/u0a77 (adj 15): empty #9
W/ContextImpl( 1231): Calling a method in the system process without a qualified user: android.app.ContextImpl.sendBroadcast:1252 android.content.ContextWrapper.sendBroadcast:365 com.motorola.motocare.util.TriggerHelper$TriggerBuilder.send:76 com.motorola.motocare.internal.frameworkevents.ProcessKillTrigger.sendTrigger:147 com.motorola.motocare.internal.frameworkevents.ProcessKillTrigger.handleFrameworkEvent:164 
I/dalvikvm( 1514): Could not find method android.app.Activity.finishAfterTransition, referenced from method r.c_
W/dalvikvm( 1514): VFY: unable to resolve virtual method 2773: Landroid/app/Activity;.finishAfterTransition ()V
D/dalvikvm( 1514): VFY: replacing opcode 0x6e at 0x0006
D/WifiStateMachine( 1016): handleMessage: E msg.what=131155
D/WifiStateMachine( 1016): processMsg: ConnectedState
D/WifiStateMachine( 1016): processMsg: L2ConnectedState
D/WifiStateMachine( 1016): handleMessage: X
W/SyncWapiModule( 1514): isPlayServicesEnabled=
W/SyncWapiModule( 1514): isPlayServicesEnabled=
D/WifiStateMachine( 1016): handleMessage: E msg.what=151572
D/WifiStateMachine( 1016): processMsg: ConnectedState
D/WifiStateMachine( 1016): processMsg: L2ConnectedState
D/WifiStateMachine( 1016): handleMessage: X
I/ActivityManager( 1016): Start proc com.google.android.googlequicksearchbox:search for broadcast com.google.android.googlequicksearchbox/com.google.android.search.core.icingsync.IcingCorporaChangedReceiver: pid=1546 uid=10045 gids={50045, 3003, 3001, 1028, 3002, 1015}
I/ActivityManager( 1016): Killing 1191:com.android.chrome/u0a57 (adj 15): empty #9
W/ContextImpl( 1231): Calling a method in the system process without a qualified user: android.app.ContextImpl.sendBroadcast:1252 android.content.ContextWrapper.sendBroadcast:365 com.motorola.motocare.util.TriggerHelper$TriggerBuilder.send:76 com.motorola.motocare.internal.frameworkevents.ProcessKillTrigger.sendTrigger:147 com.motorola.motocare.internal.frameworkevents.ProcessKillTrigger.handleFrameworkEvent:164 
W/GAV2    ( 1514): Thread[main,5,main]: Need to call initialize() and be in fallback mode to start dispatch.
I/ActivityManager( 1016): Start proc com.facebook.katana:dash for broadcast com.facebook.katana/com.facebook.dash.receivers.DashPackageUninstallReceiver: pid=1576 uid=10110 gids={50110, 1028, 1015, 3003}
W/dalvikvm( 1576): VFY: unable to resolve static field 27745 (a) in Lcom/facebook/katana/app/WorkAppTypes;
D/dalvikvm( 1576): VFY: replacing opcode 0x62 at 0x0013
W/dalvikvm( 1576): VFY: unable to resolve static field 27746 (b) in Lcom/facebook/katana/app/WorkAppTypes;
D/dalvikvm( 1576): VFY: replacing opcode 0x62 at 0x001d
E/dalvikvm( 1576): Could not find class 'com.facebook.katana.app.WallpaperFacebookApplicationImpl', referenced from method com.facebook.katana.app.FacebookApplication.a
W/dalvikvm( 1576): VFY: unable to resolve new-instance 427 (Lcom/facebook/katana/app/WallpaperFacebookApplicationImpl;) in Lcom/facebook/katana/app/FacebookApplication;
D/dalvikvm( 1576): VFY: replacing opcode 0x22 at 0x00a9
D/dalvikvm( 1576): DexOpt: unable to opt direct call 0x05a5 at 0xab in Lcom/facebook/katana/app/FacebookApplication;.a
D/CatchMeIfYouCan( 1576): Process (dash) ca: '/data/data/com.facebook.katana/app_cmiyc/0C66B38F48468E96F8008B6D5A2AE33B4A60265E01'
D/CatchMeIfYouCan( 1576): Process (dash) fc: '/data/data/com.facebook.katana/app_cmiyc/0C66B38F48468E96F8008B6D5A2AE33B4A60265E02'
D/CatchMeIfYouCan( 1576): Process (dash) cp: '('dash', 6, 60000, silent [true], restart [true], logout [true])'
D/ACRA    ( 1576): ACRA is enabled for com.facebook.katana, intializing...
D/ACRA    ( 1576): Looking for error files in /data/data/com.facebook.katana/app_acra-reports
D/ACRA    ( 1576): Looking for error files in /data/data/com.facebook.katana/app_minidumps
D/dalvikvm( 1576): Trying to load lib /data/app-lib/com.facebook.katana-1/libgnustl_shared.so 0x42790d38
D/dalvikvm( 1576): Added shared lib /data/app-lib/com.facebook.katana-1/libgnustl_shared.so 0x42790d38
D/dalvikvm( 1576): No JNI_OnLoad found in /data/app-lib/com.facebook.katana-1/libgnustl_shared.so 0x42790d38, skipping init
D/dalvikvm( 1576): Trying to load lib /data/app-lib/com.facebook.katana-1/libfb_breakpad_client.so 0x42790d38
D/dalvikvm( 1576): Added shared lib /data/app-lib/com.facebook.katana-1/libfb_breakpad_client.so 0x42790d38
D/dalvikvm( 1576): No JNI_OnLoad found in /system/lib/libstdc++.so 0x42790d38, skipping init
D/dalvikvm( 1576): Trying to load lib /data/app-lib/com.facebook.katana-1/libsigmux.so 0x42790d38
D/dalvikvm( 1576): Added shared lib /data/app-lib/com.facebook.katana-1/libsigmux.so 0x42790d38
D/dalvikvm( 1576): No JNI_OnLoad found in /data/app-lib/com.facebook.katana-1/libsigmux.so 0x42790d38, skipping init
D/dalvikvm( 1576): Trying to load lib /data/app-lib/com.facebook.katana-1/libdistract.so 0x42790d38
D/dalvikvm( 1576): Added shared lib /data/app-lib/com.facebook.katana-1/libdistract.so 0x42790d38
D/dalvikvm( 1576): No JNI_OnLoad found in /data/app-lib/com.facebook.katana-1/libdistract.so 0x42790d38, skipping init
D/dalvikvm( 1576): Trying to load lib /data/app-lib/com.facebook.katana-1/libfb_dalvik-internals.so 0x42790d38
D/dalvikvm( 1576): Added shared lib /data/app-lib/com.facebook.katana-1/libfb_dalvik-internals.so 0x42790d38
V/DexLibLoader( 1576): about to lock: /data/data/com.facebook.katana/mdex_lock
V/DexLibLoader( 1576): locking /data/data/com.facebook.katana/mdex_lock took 2 ms
V/DexLibLoader( 1576): Secondary program dex metadata: secondary-1.dex.jar.xz c0d34653f435a7e59cc5f46e9bd47feaf68b0041 secondary.dex01.Canary
V/DexLibLoader( 1576): Secondary program dex metadata: secondary-2.dex.jar.xz 3651d03ae513595a1029ff9eae54d36128fdeb5e secondary.dex02.Canary
V/DexLibLoader( 1576): Secondary program dex metadata: secondary-3.dex.jar.xz 020c6d0135a14f0280ede88da3e858d29f1b9ed5 secondary.dex03.Canary
V/DexLibLoader( 1576): Secondary program dex metadata: secondary-4.dex.jar.xz 3cf3244a0d1c3e39128f7b89ad90b4842a36a05f secondary.dex04.Canary
V/DexLibLoader( 1576): Secondary program dex metadata: secondary-5.dex.jar.xz 666d745bfcb3c0496ae90e343db057d6082ce0c3 secondary.dex05.Canary
V/DexLibLoader( 1576): Secondary program dex metadata: secondary-6.dex.jar.xz 0089f1fba5ba3a3fb61d98c516e2bbc2e6adfa05 secondary.dex06.Canary
V/DexLibLoader( 1576): Secondary program dex metadata: secondary-7.dex.jar.xz 7cecb34308ef8d54acae00b06e3ade52d8da6d49 secondary.dex07.Canary
V/DexLibLoader( 1576): directory "/data/data/com.facebook.katana/app_secondary_program_dex" contains "program-c0d34653f435a7e59cc5f46e9bd47feaf68b00416661a1c7.dex.jar" as expected
V/DexLibLoader( 1576): directory "/data/data/com.facebook.katana/app_secondary_program_dex" contains "program-3651d03ae513595a1029ff9eae54d36128fdeb5e6661a1c7.dex.jar" as expected
V/DexLibLoader( 1576): directory "/data/data/com.facebook.katana/app_secondary_program_dex" contains "program-020c6d0135a14f0280ede88da3e858d29f1b9ed56661a1c7.dex.jar" as expected
V/DexLibLoader( 1576): directory "/data/data/com.facebook.katana/app_secondary_program_dex" contains "program-3cf3244a0d1c3e39128f7b89ad90b4842a36a05f6661a1c7.dex.jar" as expected
V/DexLibLoader( 1576): directory "/data/data/com.facebook.katana/app_secondary_program_dex" contains "program-666d745bfcb3c0496ae90e343db057d6082ce0c36661a1c7.dex.jar" as expected
W/GAV2    ( 1514): Thread[main,5,main]: dispatch call queued.  Need to call GAServiceManager.getInstance().initialize().
V/DexLibLoader( 1576): directory "/data/data/com.facebook.katana/app_secondary_program_dex" contains "program-0089f1fba5ba3a3fb61d98c516e2bbc2e6adfa056661a1c7.dex.jar" as expected
V/DexLibLoader( 1576): directory "/data/data/com.facebook.katana/app_secondary_program_dex" contains "program-7cecb34308ef8d54acae00b06e3ade52d8da6d496661a1c7.dex.jar" as expected
D/DexLibLoader( 1576): ignoring file "program-c0d34653f435a7e59cc5f46e9bd47feaf68b00416661a1c7.dex.odex" in "/data/data/com.facebook.katana/app_secondary_program_dex"
I/ActivityManager( 1016): Killing 1208:com.rhmsoft.fm:crash.feedback/u0a105 (adj 15): empty #9
D/DexLibLoader( 1576): ignoring file "program-3651d03ae513595a1029ff9eae54d36128fdeb5e6661a1c7.dex.odex" in "/data/data/com.facebook.katana/app_secondary_program_dex"
W/ContextImpl( 1231): Calling a method in the system process without a qualified user: android.app.ContextImpl.sendBroadcast:1252 android.content.ContextWrapper.sendBroadcast:365 com.motorola.motocare.util.TriggerHelper$TriggerBuilder.send:76 com.motorola.motocare.internal.frameworkevents.ProcessKillTrigger.sendTrigger:147 com.motorola.motocare.internal.frameworkevents.ProcessKillTrigger.handleFrameworkEvent:164 
D/DexLibLoader( 1576): ignoring file "program-020c6d0135a14f0280ede88da3e858d29f1b9ed56661a1c7.dex.odex" in "/data/data/com.facebook.katana/app_secondary_program_dex"
D/DexLibLoader( 1576): ignoring file "program-3cf3244a0d1c3e39128f7b89ad90b4842a36a05f6661a1c7.dex.odex" in "/data/data/com.facebook.katana/app_secondary_program_dex"
D/DexLibLoader( 1576): ignoring file "program-666d745bfcb3c0496ae90e343db057d6082ce0c36661a1c7.dex.odex" in "/data/data/com.facebook.katana/app_secondary_program_dex"
D/DexLibLoader( 1576): ignoring file "program-0089f1fba5ba3a3fb61d98c516e2bbc2e6adfa056661a1c7.dex.odex" in "/data/data/com.facebook.katana/app_secondary_program_dex"
D/DexLibLoader( 1576): ignoring file "program-7cecb34308ef8d54acae00b06e3ade52d8da6d496661a1c7.dex.odex" in "/data/data/com.facebook.katana/app_secondary_program_dex"
D/DexLibLoader( 1576): directory "/data/data/com.facebook.katana/app_secondary_program_dex" is valid
D/DexLibLoader( 1576): ignoring file "primary_deps" in "/data/data/com.facebook.katana/app_secondary_program_dex_opt"
V/DexLibLoader( 1576): directory "/data/data/com.facebook.katana/app_secondary_program_dex_opt" contains "program-c0d34653f435a7e59cc5f46e9bd47feaf68b00416661a1c7.dex.dex" as expected
V/DexLibLoader( 1576): directory "/data/data/com.facebook.katana/app_secondary_program_dex_opt" contains "program-3651d03ae513595a1029ff9eae54d36128fdeb5e6661a1c7.dex.dex" as expected
V/DexLibLoader( 1576): directory "/data/data/com.facebook.katana/app_secondary_program_dex_opt" contains "program-020c6d0135a14f0280ede88da3e858d29f1b9ed56661a1c7.dex.dex" as expected
V/DexLibLoader( 1576): directory "/data/data/com.facebook.katana/app_secondary_program_dex_opt" contains "program-3cf3244a0d1c3e39128f7b89ad90b4842a36a05f6661a1c7.dex.dex" as expected
V/DexLibLoader( 1576): directory "/data/data/com.facebook.katana/app_secondary_program_dex_opt" contains "program-666d745bfcb3c0496ae90e343db057d6082ce0c36661a1c7.dex.dex" as expected
V/DexLibLoader( 1576): directory "/data/data/com.facebook.katana/app_secondary_program_dex_opt" contains "program-0089f1fba5ba3a3fb61d98c516e2bbc2e6adfa056661a1c7.dex.dex" as expected
V/DexLibLoader( 1576): directory "/data/data/com.facebook.katana/app_secondary_program_dex_opt" contains "program-7cecb34308ef8d54acae00b06e3ade52d8da6d496661a1c7.dex.dex" as expected
D/DexLibLoader( 1576): directory "/data/data/com.facebook.katana/app_secondary_program_dex_opt" is valid
D/DexLibLoader( 1576): loading pre-built cross-dex opt odex files
V/dalvik-internals( 1576): hooked dvmResolveClass using jump ()
V/dalvik-internals( 1576): hooked dvmFlushBreakpoints using jump ()
V/MultiDexClassLoader( 1576): installing MultiDexClassLoader before application classloader
I/dalvikvm( 1576): Could not find method dalvik.system.DexFile.loadClassBinaryName, referenced from method com.facebook.common.dextricks.DexFileLoadOld.a
W/dalvikvm( 1576): VFY: unable to resolve virtual method 2807: Ldalvik/system/DexFile;.loadClassBinaryName (Ljava/lang/String;Ljava/lang/ClassLoader;)Ljava/lang/Class;
D/dalvikvm( 1576): VFY: replacing opcode 0x6e at 0x0000
D/DexLibLoader( 1576): released odex store lock
D/DexLibLoader( 1576): DexLibLoader.loadAll took 152 ms
D/MemoryReductionHack( 1576): Marked as initialized entry corresponding to path /data/app/com.facebook.katana-1.apk
V/dalvik-internals( 1576): hooked dvmLinearAlloc using jump ()
V/dalvik-internals( 1576): hooked dvmLinearRealloc using jump ()
V/dalvik-internals( 1576): hooked dvmLinearFree using jump ()
V/dalvik-internals( 1576): hooked dvmLinearStrdup using jump ()
V/dalvik-internals( 1576): hooked dvmLinearAllocContains using jump ()
I/dalvik-internals( 1576): enlarged linearalloc buffer to 33554432 bytes
E/cutils  (  261): Failed to mkdirat(/storage/sdcard1/Android): Read-only file system
W/Vold    (  261): Returning OperationFailed - no handler for errno 30
W/ContextImpl( 1576): Failed to ensure directory: /storage/sdcard1/Android/data/com.facebook.katana/cache
D/dalvikvm( 1576): Trying to load lib /data/app-lib/com.facebook.katana-1/libdextr.so 0x42790d38
D/dalvikvm( 1576): Added shared lib /data/app-lib/com.facebook.katana-1/libdextr.so 0x42790d38
I/Dextr   ( 1576): LogQueue params desc: IIJIIIJJ
D/WifiStateMachine( 1016): handleMessage: E msg.what=151572
D/WifiStateMachine( 1016): processMsg: ConnectedState
D/WifiStateMachine( 1016): processMsg: L2ConnectedState
D/WifiStateMachine( 1016): handleMessage: X
W/StaticBindingVerifier( 1576): Verify
I/dalvikvm( 1576): Could not find method com.facebook.resources.FbResources.getDrawable, referenced from method com.facebook.resources.impl.DownloadedFbResources.getDrawable
W/dalvikvm( 1576): VFY: unable to resolve virtual method 46880: Lcom/facebook/resources/FbResources;.getDrawable (ILandroid/content/res/Resources$Theme;)Landroid/graphics/drawable/Drawable;
D/dalvikvm( 1576): VFY: replacing opcode 0x6f at 0x0031
D/WifiService( 1016): New client listening to asynchronous messages
I/ActivityManager( 1016): Killing 1248:com.mobisystems.ubreader_west/u0a117 (adj 15): empty #9
W/ContextImpl( 1231): Calling a method in the system process without a qualified user: android.app.ContextImpl.sendBroadcast:1252 android.content.ContextWrapper.sendBroadcast:365 com.motorola.motocare.util.TriggerHelper$TriggerBuilder.send:76 com.motorola.motocare.internal.frameworkevents.ProcessKillTrigger.sendTrigger:147 com.motorola.motocare.internal.frameworkevents.ProcessKillTrigger.handleFrameworkEvent:164 
I/ActivityManager( 1016): Start proc com.google.android.partnersetup for broadcast com.google.android.partnersetup/.RlzPingBroadcastReceiver: pid=1610 uid=10025 gids={50025, 3003}
I/ActivityManager( 1016): Killing 1412:com.android.keychain/1000 (adj 15): empty #9
W/ContextImpl( 1231): Calling a method in the system process without a qualified user: android.app.ContextImpl.sendBroadcast:1252 android.content.ContextWrapper.sendBroadcast:365 com.motorola.motocare.util.TriggerHelper$TriggerBuilder.send:76 com.motorola.motocare.internal.frameworkevents.ProcessKillTrigger.sendTrigger:147 com.motorola.motocare.internal.frameworkevents.ProcessKillTrigger.handleFrameworkEvent:164 
D/PackageBroadcastService(20182): Received broadcast action=android.intent.action.PACKAGE_ADDED and uri=com.giftme.fb_auth
I/ConfigFetchService(20182): onStartCommand Intent { act=android.intent.action.PACKAGE_ADDED dat=package:com.giftme.fb_auth cmp=com.google.android.gms/.config.ConfigFetchService (has extras) }
I/ConfigFetchService(20182): launchTask
I/ConfigFetchService(20182): service connected
I/ActivityManager( 1016): Start proc com.imangi.templerun2 for broadcast com.imangi.templerun2/com.amazon.identity.auth.device.authorization.PackageIntentReceiver: pid=1642 uid=10111 gids={50111, 1028, 1015, 3003}
D/ConfigFetchService(20182): ConfigApi connection successful.
I/UpdateIcingCorporaServi( 1546): Updating corpora: APPS=com.giftme.fb_auth, CONTACTS=MAYBE
I/dalvikvm( 1546): Could not find method android.content.pm.PackageManager.getPackageInstaller, referenced from method com.google.android.gms.common.g.m
W/dalvikvm( 1546): VFY: unable to resolve virtual method 902: Landroid/content/pm/PackageManager;.getPackageInstaller ()Landroid/content/pm/PackageInstaller;
D/dalvikvm( 1546): VFY: replacing opcode 0x6e at 0x000d
D/com.amazon.identity.auth.device.utils.MAPLog.PII( 1642): Extracting verison incremental:<obscured>
D/com.amazon.identity.auth.device.utils.MAPLog.PII( 1642): Extracting flavor:<obscured>
I/com.amazon.identity.auth.device.authorization.PackageIntentReceiver( 1642): Package Intent Received. Clearing Service Data. action=android.intent.action.PACKAGE_ADDED
I/com.amazon.identity.auth.device.authorization.ThirdPartyServiceHelper( 1642): Clearing Highest Versioned Service
E/NetworkScheduler.SchedulerReceiver(31791): Invalid parameter app
E/NetworkScheduler.SchedulerReceiver(31791): Invalid package name : Perhaps you didn't include a PendingIntent in the extras?
D/PackageBroadcastService(20182): Received broadcast action=android.intent.action.PACKAGE_REPLACED and uri=com.giftme.fb_auth
