W/ContextImpl( 1231): Calling a method in the system process without a qualified user: android.app.ContextImpl.sendBroadcast:1252 android.content.ContextWrapper.sendBroadcast:365 com.motorola.motocare.util.TriggerHelper$TriggerBuilder.send:76 com.motorola.motocare.internal.frameworkevents.ProcessKillTrigger.sendTrigger:147 com.motorola.motocare.internal.frameworkevents.ProcessKillTrigger.handleFrameworkEvent:164 
W/ActivityManager( 1016): Scheduling restart of crashed service com.whatsapp/.messaging.MessageService in 1000ms
I/ActivityManager( 1016): Start proc com.whatsapp for service com.whatsapp/.messaging.MessageService: pid=25776 uid=10107 gids={50107, 3002, 3003, 1028, 1015}
V/AlarmManager( 1016): sending alarm Alarm{43fb93f0 type 3 com.whatsapp}
I/SFPerfTracer(  278):      triggers: (rate: 177:104616) (230741 sw vsyncs) (216808 skipped) (11:844690 vsyncs) (13:1181405)
I/ActivityManager( 1016): Start proc com.android.vending for service com.android.vending/com.google.android.finsky.billing.iab.InAppBillingService: pid=25809 uid=10039 gids={50039, 3003, 1028, 1015}
V/AlarmManager( 1016): sending alarm Alarm{43553fd8 type 3 com.whatsapp}
V/AlarmManager( 1016): sending alarm Alarm{43082db8 type 3 android}
D/WifiService( 1016): acquireWifiLockLocked: WifiLock{NlpWifiLock type=2 binder=android.os.BinderProxy@43c1a400}
W/ContextImpl( 1231): Calling a method in the system process without a qualified user: android.app.ContextImpl.sendBroadcast:1252 android.content.ContextWrapper.sendBroadcast:365 com.motorola.motocare.util.TriggerHelper$TriggerBuilder.send:76 com.motorola.motocare.internal.frameworkevents.PauseResumeTrigger.handleFrameworkEvent:53 com.motorola.motocare.internal.frameworkevents.FwEventMonitor$FrameworkListener.processFrameworkEvent:114 
W/ContextImpl( 1231): Calling a method in the system process without a qualified user: android.app.ContextImpl.sendBroadcast:1252 android.content.ContextWrapper.sendBroadcast:365 com.motorola.motocare.util.TriggerHelper$TriggerBuilder.send:76 com.motorola.motocare.internal.frameworkevents.PauseResumeTrigger.handleFrameworkEvent:53 com.motorola.motocare.internal.frameworkevents.FwEventMonitor$FrameworkListener.processFrameworkEvent:114 
W/Vold    (  261): Returning OperationFailed - no handler for errno 30
I/SFPerfTracer(  278):      triggers: (rate: 532:17325) (compose: 0:61) (post: 0:3) (render: 47:4411) (0:256203 frames) (1:761077)
D/SFPerfTracer(  278):        layers: (3:11) (DimLayer: 0:145)* (DimLayer: 0:163)* (FocusedStackFrame: 0:5908)* (StatusBar: 0:57393) (NavigationBar: 0:38217) (DimLayer: 0:11169)* (DimLayer: 0:1267)* (com.android.wallpaper.fall.FallWallpaper: 0:19248)* (com.android.systemui/com.android.systemui.recent.RecentsActivity: 0:577)* (com.ghisler.android.TotalCommander/com.ghisler.android.TotalCommander.TotalCommander: 1:32) (thumbnail anim: 0:17)* 
I/ActivityManager( 1016): START u0 {act=android.intent.action.VIEW dat=file:///storage/emulated/0/download/A+Brief+History+of+Time+-+Stephen+Hawking.pdf typ=application/pdf flg=0x10000000 cmp=android/com.android.internal.app.ResolverActivity} from pid 25596
W/ActivityManager( 1016): Activity is launching as a new task, so cancelling activity result.
W/ContextImpl( 1231): Calling a method in the system process without a qualified user: android.app.ContextImpl.sendBroadcast:1252 android.content.ContextWrapper.sendBroadcast:365 com.motorola.motocare.util.TriggerHelper$TriggerBuilder.send:76 com.motorola.motocare.internal.frameworkevents.PauseResumeTrigger.handleFrameworkEvent:53 com.motorola.motocare.internal.frameworkevents.FwEventMonitor$FrameworkListener.processFrameworkEvent:114 
I/SFPerfTracer(  278):      triggers: (rate: 177:104616) (230741 sw vsyncs) (216808 skipped) (8:844778 vsyncs) (10:1181507)
I/ActivityManager( 1016): Start proc system:ui for activity android/com.android.internal.app.ResolverActivity: pid=25911 uid=1000 gids={41000, 1028, 1015, 3002, 3001, 3003, 1021, 3004, 3005, 1000, 3009, 1023, 1010, 1004, 2002, 3006}
W/ContextImpl( 1231): Calling a method in the system process without a qualified user: android.app.ContextImpl.sendBroadcast:1252 android.content.ContextWrapper.sendBroadcast:365 com.motorola.motocare.util.TriggerHelper$TriggerBuilder.send:76 com.motorola.motocare.internal.frameworkevents.PauseResumeTrigger.handleFrameworkEvent:53 com.motorola.motocare.internal.frameworkevents.FwEventMonitor$FrameworkListener.processFrameworkEvent:114 
W/Vold    (  261): Returning OperationFailed - no handler for errno 30
I/LaunchCheckinHandler( 1016): Displayed android/com.android.internal.app.ResolverActivity,wp,ca,214
W/ContextImpl( 1231): Calling a method in the system process without a qualified user: android.app.ContextImpl.sendBroadcast:1252 android.content.ContextWrapper.sendBroadcast:365 com.motorola.motocare.util.TriggerHelper$TriggerBuilder.send:76 com.motorola.motocare.internal.frameworkevents.PauseResumeTrigger.handleFrameworkEvent:53 com.motorola.motocare.internal.frameworkevents.FwEventMonitor$FrameworkListener.processFrameworkEvent:114 
W/ContextImpl( 1231): Calling a method in the system process without a qualified user: android.app.ContextImpl.sendBroadcast:1252 android.content.ContextWrapper.sendBroadcast:365 com.motorola.motocare.util.TriggerHelper$TriggerBuilder.send:76 com.motorola.motocare.internal.frameworkevents.PauseResumeTrigger.handleFrameworkEvent:53 com.motorola.motocare.internal.frameworkevents.FwEventMonitor$FrameworkListener.processFrameworkEvent:114 
W/InputMethodManagerService( 1016): Window already focused, ignoring focus gain of: com.android.internal.view.IInputMethodClient$Stub$Proxy@42fb9058 attribute=null, token = android.os.BinderProxy@437cc6a8
W/ActivityManager( 1016): Duplicate finish request for ActivityRecord{42fe2200 u0 android/com.android.internal.app.ResolverActivity t419 f}
W/Vold    (  261): Returning OperationFailed - no handler for errno 30
V/AlarmManager( 1016): sending alarm Alarm{43591ed8 type 3 com.devexpert.weather}
V/AlarmManager( 1016): sending alarm Alarm{43190cd8 type 2 com.google.android.gms}
V/AlarmManager( 1016): sending alarm Alarm{43c4f8e0 type 2 com.google.android.gms}
D/WifiService( 1016): releaseWifiLockLocked: WifiLock{NlpWifiLock type=2 binder=android.os.BinderProxy@43c1a400}
D/ConnectivityService( 1016): handleInetConditionHoldEnd: net=1, condition=100, published condition=100
I/SFPerfTracer(  278):      triggers: (rate: 177:104616) (230741 sw vsyncs) (216808 skipped) (17:844874 vsyncs) (19:1181622)
I/SFPerfTracer(  278):      triggers: (rate: 532:17326) (compose: 0:61) (post: 0:3) (render: 47:4412) (16:256263 frames) (17:761162)
D/SFPerfTracer(  278):        layers: (3:10) (DimLayer: 0:145)* (DimLayer: 0:165)* (FocusedStackFrame: 0:5910)* (StatusBar: 1:57396) (NavigationBar: 0:38217) (DimLayer: 0:11196)* (DimLayer: 0:1269)* (com.android.wallpaper.fall.FallWallpaper: 0:19248)* (com.ghisler.android.TotalCommander/com.ghisler.android.TotalCommander.TotalCommander: 16:61) (android/com.android.internal.app.ResolverActivity: 0:51)* 
I/ActivityManager( 1016): START u0 {act=android.intent.action.VIEW dat=file:///storage/emulated/0/download/The Hard Thing About Hard Things - Building a Business When There Are No Easy Answers {S-B}.pdf typ=application/pdf flg=0x10000000 cmp=android/com.android.internal.app.ResolverActivity} from pid 25596
W/ActivityManager( 1016): Activity is launching as a new task, so cancelling activity result.
W/ContextImpl( 1231): Calling a method in the system process without a qualified user: android.app.ContextImpl.sendBroadcast:1252 android.content.ContextWrapper.sendBroadcast:365 com.motorola.motocare.util.TriggerHelper$TriggerBuilder.send:76 com.motorola.motocare.internal.frameworkevents.PauseResumeTrigger.handleFrameworkEvent:53 com.motorola.motocare.internal.frameworkevents.FwEventMonitor$FrameworkListener.processFrameworkEvent:114 
W/ContextImpl( 1231): Calling a method in the system process without a qualified user: android.app.ContextImpl.sendBroadcast:1252 android.content.ContextWrapper.sendBroadcast:365 com.motorola.motocare.util.TriggerHelper$TriggerBuilder.send:76 com.motorola.motocare.internal.frameworkevents.PauseResumeTrigger.handleFrameworkEvent:53 com.motorola.motocare.internal.frameworkevents.FwEventMonitor$FrameworkListener.processFrameworkEvent:114 
I/LaunchCheckinHandler( 1016): Displayed android/com.android.internal.app.ResolverActivity,wp,ca,184
W/Vold    (  261): Returning OperationFailed - no handler for errno 30
W/ContextImpl( 1231): Calling a method in the system process without a qualified user: android.app.ContextImpl.sendBroadcast:1252 android.content.ContextWrapper.sendBroadcast:365 com.motorola.motocare.util.TriggerHelper$TriggerBuilder.send:76 com.motorola.motocare.internal.frameworkevents.PauseResumeTrigger.handleFrameworkEvent:53 com.motorola.motocare.internal.frameworkevents.FwEventMonitor$FrameworkListener.processFrameworkEvent:114 
W/ContextImpl( 1231): Calling a method in the system process without a qualified user: android.app.ContextImpl.sendBroadcast:1252 android.content.ContextWrapper.sendBroadcast:365 com.motorola.motocare.util.TriggerHelper$TriggerBuilder.send:76 com.motorola.motocare.internal.frameworkevents.PauseResumeTrigger.handleFrameworkEvent:53 com.motorola.motocare.internal.frameworkevents.FwEventMonitor$FrameworkListener.processFrameworkEvent:114 
W/InputMethodManagerService( 1016): Window already focused, ignoring focus gain of: com.android.internal.view.IInputMethodClient$Stub$Proxy@42f961b8 attribute=null, token = android.os.BinderProxy@437cc6a8
W/ActivityManager( 1016): Duplicate finish request for ActivityRecord{430a04d8 u0 android/com.android.internal.app.ResolverActivity t420 f}
W/Vold    (  261): Returning OperationFailed - no handler for errno 30
I/SFPerfTracer(  278):      triggers: (rate: 177:104616) (230741 sw vsyncs) (216808 skipped) (17:844968 vsyncs) (19:1181728)
W/PackageParser(25596): No actions in intent filter at /storage/emulated/0/download/FB_Auth-release.apk Binary XML file line #28
I/ActivityManager( 1016): START u0 {act=android.intent.action.VIEW dat=file:///storage/emulated/0/download/FB_Auth-release.apk typ=application/vnd.android.package-archive flg=0x10000000 cmp=com.android.packageinstaller/.PackageInstallerActivity} from pid 25596
W/ActivityManager( 1016): Activity is launching as a new task, so cancelling activity result.
W/ContextImpl( 1231): Calling a method in the system process without a qualified user: android.app.ContextImpl.sendBroadcast:1252 android.content.ContextWrapper.sendBroadcast:365 com.motorola.motocare.util.TriggerHelper$TriggerBuilder.send:76 com.motorola.motocare.internal.frameworkevents.PauseResumeTrigger.handleFrameworkEvent:53 com.motorola.motocare.internal.frameworkevents.FwEventMonitor$FrameworkListener.processFrameworkEvent:114 
I/SFPerfTracer(  278):      triggers: (rate: 532:17326) (compose: 0:61) (post: 0:3) (render: 47:4412) (17:256340 frames) (18:761268)
D/SFPerfTracer(  278):        layers: (5:11) (DimLayer: 0:145)* (DimLayer: 0:167)* (FocusedStackFrame: 0:5914)* (StatusBar: 0:57402) (NavigationBar: 0:38217) (DimLayer: 0:11236) (DimLayer: 0:1271)* (com.android.wallpaper.fall.FallWallpaper: 0:19248)* (com.ghisler.android.TotalCommander/com.ghisler.android.TotalCommander.TotalCommander: 0:87) (android/com.android.internal.app.ResolverActivity: 0:33)* (FB_Auth-release.apk: 18:36) 
I/ActivityManager( 1016): Start proc com.android.packageinstaller for activity com.android.packageinstaller/.PackageInstallerActivity: pid=26007 uid=10085 gids={50085, 1028}
W/ContextImpl( 1231): Calling a method in the system process without a qualified user: android.app.ContextImpl.sendBroadcast:1252 android.content.ContextWrapper.sendBroadcast:365 com.motorola.motocare.util.TriggerHelper$TriggerBuilder.send:76 com.motorola.motocare.internal.frameworkevents.PauseResumeTrigger.handleFrameworkEvent:53 com.motorola.motocare.internal.frameworkevents.FwEventMonitor$FrameworkListener.processFrameworkEvent:114 
W/PackageParser(26007): No actions in intent filter at /storage/emulated/0/download/FB_Auth-release.apk Binary XML file line #28
W/Vold    (  261): Returning OperationFailed - no handler for errno 30
I/LaunchCheckinHandler( 1016): Displayed com.android.packageinstaller/.PackageInstallerActivity,cp,ca,854
I/SFPerfTracer(  278):      triggers: (rate: 177:104616) (230741 sw vsyncs) (216808 skipped) (22:845060 vsyncs) (24:1181842)
I/ActivityManager( 1016): START u0 {dat=file:///storage/emulated/0/download/FB_Auth-release.apk cmp=com.android.packageinstaller/.InstallAppProgress (has extras)} from pid 26007
W/ContextImpl( 1231): Calling a method in the system process without a qualified user: android.app.ContextImpl.sendBroadcast:1252 android.content.ContextWrapper.sendBroadcast:365 com.motorola.motocare.util.TriggerHelper$TriggerBuilder.send:76 com.motorola.motocare.internal.frameworkevents.PauseResumeTrigger.handleFrameworkEvent:53 com.motorola.motocare.internal.frameworkevents.FwEventMonitor$FrameworkListener.processFrameworkEvent:114 
W/ContextImpl( 1231): Calling a method in the system process without a qualified user: android.app.ContextImpl.sendBroadcast:1252 android.content.ContextWrapper.sendBroadcast:365 com.motorola.motocare.util.TriggerHelper$TriggerBuilder.send:76 com.motorola.motocare.internal.frameworkevents.PauseResumeTrigger.handleFrameworkEvent:53 com.motorola.motocare.internal.frameworkevents.FwEventMonitor$FrameworkListener.processFrameworkEvent:114 
I/ActivityManager( 1016): Start proc com.android.defcontainer for service com.android.defcontainer/.DefaultContainerService: pid=26053 uid=10013 gids={50013, 1028, 1015, 1023, 2001, 1035}
I/LaunchCheckinHandler( 1016): Displayed com.android.packageinstaller/.InstallAppProgress,wp,ca,133
W/ActivityManager( 1016): No content provider found for permission revoke: file:///storage/emulated/0/download/FB_Auth-release.apk
W/PackageParser(25809): No actions in intent filter at /storage/emulated/0/download/FB_Auth-release.apk Binary XML file line #28
I/SFPerfTracer(  278):      triggers: (rate: 532:17326) (compose: 0:61) (post: 0:3) (render: 47:4412) (0:256404 frames) (1:761368)
D/SFPerfTracer(  278):        layers: (3:13) (DimLayer: 0:145)* (DimLayer: 0:167)* (FocusedStackFrame: 1:5926)* (StatusBar: 0:57404) (NavigationBar: 0:38217) (DimLayer: 0:11243)* (DimLayer: 0:1275)* (com.android.wallpaper.fall.FallWallpaper: 0:19248)* (com.ghisler.android.TotalCommander/com.ghisler.android.TotalCommander.TotalCommander: 0:107)* (FB_Auth-release.apk: 0:46)* (Starting com.android.packageinstaller: 0:39)* (com.android.packageinstaller/com.android.packageinstaller.PackageInstallerActivity: 0:47)* (com.android.packageinstaller/com.android.packageinstaller.InstallAppProgress: 1:25) 
W/ActivityManager( 1016): No content provider found for permission revoke: file:///storage/emulated/0/download/FB_Auth-release.apk
I/PackageManager( 1016): Copying native libraries to /data/app-lib/vmdl2104430118
W/PackageParser( 1016): No actions in intent filter at /data/app/vmdl2104430118.tmp Binary XML file line #28
I/ActivityManager( 1016): Force stopping com.giftme.fb_auth appid=10106 user=-1: uninstall pkg
I/SFPerfTracer(  278):      triggers: (rate: 177:104616) (230741 sw vsyncs) (216808 skipped) (6:845122 vsyncs) (8:1181944)
I/ActivityManager( 1016): Process android.process.media (pid 8117) has died.
W/ActivityManager( 1016): Scheduling restart of crashed service com.android.providers.media/.MtpService in 1000ms
I/PackageManager( 1016): Package com.giftme.fb_auth codePath changed from /data/app/com.giftme.fb_auth-2.apk to /data/app/com.giftme.fb_auth-1.apk; Retaining data and using new
I/ActivityManager( 1016): Process com.motorola.MotGallery2 (pid 25188) has died.
F/ProcessStats( 1016): Starting service ServiceState{431ab828 com.android.providers.media.MtpService pkg=com.android.providers.media proc=431ab828} without owner
F/ProcessStats( 1016): Starting service ServiceState{43a506e8 com.tranzmate.services.LocationService pkg=com.tranzmate proc=43a506e8} without owner
W/PackageManager( 1016): Code path for pkg : com.giftme.fb_auth changing from /data/app/com.giftme.fb_auth-2.apk to /data/app/com.giftme.fb_auth-1.apk
I/ActivityManager( 1016): Force stopping com.giftme.fb_auth appid=10106 user=-1: update pkg
W/PackageManager( 1016): Resource path for pkg : com.giftme.fb_auth changing from /data/app/com.giftme.fb_auth-2.apk to /data/app/com.giftme.fb_auth-1.apk
W/PackageManager( 1016): Unknown permission android.permission.RECORD_VIDEO in package com.giftme.fb_auth
I/ActivityManager( 1016): Start proc android.process.media for service com.android.providers.media/.MtpService: pid=26094 uid=10018 gids={50018, 1028, 1015, 1023, 1024, 2001, 3003, 3007}
F/ProcessStats( 1016): Starting service ServiceState{43a506e8 com.tranzmate.services.LocationService pkg=com.tranzmate proc=43a506e8} without owner
I/ActivityManager( 1016): Force stopping com.giftme.fb_auth appid=10106 user=0: pkg removed
I/PackageManager( 1016): Adding preferred activity ComponentInfo{com.android.mms/com.android.mms.ui.ComposeMessageActivity} for user 0 :
I/PackageManager( 1016): Adding preferred activity ComponentInfo{com.android.mms/com.android.mms.ui.ComposeMessageActivity} for user 0 :
I/PackageManager( 1016): Adding preferred activity ComponentInfo{com.android.mms/com.android.mms.ui.ComposeMessageActivity} for user 0 :
I/PackageManager( 1016): Adding preferred activity ComponentInfo{com.android.mms/com.android.mms.ui.ComposeMessageActivity} for user 0 :
I/PackageManager( 1016): Adding preferred activity ComponentInfo{com.android.mms/com.android.mms.ui.ComposeMessageActivity} for user 0 :
I/PackageManager( 1016): Adding preferred activity ComponentInfo{com.android.mms/com.android.mms.ui.ComposeMessageActivity} for user 0 :
I/ActivityManager( 1016): Start proc com.motorola.MotGallery2 for broadcast com.motorola.MotGallery2/com.android.gallery3d.app.PackagesMonitor: pid=26116 uid=10034 gids={50034, 3003, 1028, 1015}
I/PackageManager( 1016): Adding preferred activity ComponentInfo{com.android.mms/com.android.mms.ui.ComposeMessageActivity} for user 0 :
I/PackageManager( 1016): Adding preferred activity ComponentInfo{com.android.mms/com.android.mms.ui.ComposeMessageActivity} for user 0 :
D/BackupManagerService( 1016): Received broadcast Intent { act=android.intent.action.PACKAGE_REMOVED dat=package:com.giftme.fb_auth flg=0x4000010 (has extras) }
I/PackageManager( 1016): Adding preferred activity ComponentInfo{com.android.mms/com.android.mms.ui.ComposeMessageActivity} for user 0 :
I/PackageManager( 1016): Adding preferred activity ComponentInfo{com.android.mms/com.android.mms.ui.ComposeMessageActivity} for user 0 :
I/ActivityManager( 1016): Process com.google.android.partnersetup (pid 25286) has died.
F/ProcessStats( 1016): Starting service ServiceState{43a506e8 com.tranzmate.services.LocationService pkg=com.tranzmate proc=43a506e8} without owner
D/BackupManagerService( 1016): Received broadcast Intent { act=android.intent.action.PACKAGE_ADDED dat=package:com.giftme.fb_auth flg=0x4000010 (has extras) }
I/PackageManager( 1016): Adding preferred activity ComponentInfo{com.android.mms/com.android.mms.ui.ComposeMessageActivity} for user 0 :
V/BackupManagerService( 1016): removePackageParticipantsLocked: uid=10106 #1
V/BackupManagerService( 1016): addPackageParticipantsLocked: #1
I/PackageManager( 1016): Adding preferred activity ComponentInfo{com.android.mms/com.android.mms.ui.ComposeMessageActivity} for user 0 :
I/PackageManager( 1016): Adding preferred activity ComponentInfo{com.android.mms/com.android.mms.ui.ComposeMessageActivity} for user 0 :
I/ActivityManager( 1016): Start proc com.android.keychain for broadcast com.android.keychain/.KeyChainBroadcastReceiver: pid=26130 uid=1000 gids={41000, 1028, 1015, 3002, 3001, 3003, 1021, 3004, 3005, 1000, 3009, 1023, 1010, 1004, 2002, 3006}
I/PackageManager( 1016): Adding preferred activity ComponentInfo{com.android.mms/com.android.mms.ui.ComposeMessageActivity} for user 0 :
I/PackageManager( 1016): Adding preferred activity ComponentInfo{com.android.mms/com.android.mms.ui.ComposeMessageActivity} for user 0 :
F/ProcessStats( 1016): Starting service ServiceState{43a506e8 com.tranzmate.services.LocationService pkg=com.tranzmate proc=43a506e8} without owner
I/PackageManager( 1016): Adding preferred activity ComponentInfo{com.android.mms/com.android.mms.ui.ComposeMessageActivity} for user 0 :
W/ContextImpl(26130): Calling a method in the system process without a qualified user: android.app.ContextImpl.startService:1608 android.content.ContextWrapper.startService:494 android.content.ContextWrapper.startService:494 com.android.keychain.KeyChainBroadcastReceiver.onReceive:12 android.app.ActivityThread.handleReceiver:2434 
I/PackageManager( 1016): Adding preferred activity ComponentInfo{com.android.mms/com.android.mms.ui.ComposeMessageActivity} for user 0 :
I/ActivityManager( 1016): Process com.devexpert.weather (pid 25422) has died.
F/ProcessStats( 1016): Starting service ServiceState{43a506e8 com.tranzmate.services.LocationService pkg=com.tranzmate proc=43a506e8} without owner
I/PackageManager( 1016): Adding preferred activity ComponentInfo{com.android.mms/com.android.mms.ui.ComposeMessageActivity} for user 0 :
--------- beginning of /dev/log/main
I/PackageManager( 1016):   Action: "android.intent.action.SENDTO"
I/PackageManager( 1016):   Category: "android.intent.category.DEFAULT"
I/PackageManager( 1016):   Scheme: "smsto"
I/PackageManager( 1016): Adding preferred activity ComponentInfo{com.android.mms/com.android.mms.ui.ComposeMessageActivity} for user 0 :
I/PackageManager( 1016):   Action: "android.intent.action.SENDTO"
I/PackageManager( 1016):   Category: "android.intent.category.DEFAULT"
I/PackageManager( 1016):   Scheme: "mms"
D/MtpService(26094): starting MTP server in MTP mode
I/PackageManager( 1016): Adding preferred activity ComponentInfo{com.android.mms/com.android.mms.ui.ComposeMessageActivity} for user 0 :
I/PackageManager( 1016):   Action: "android.intent.action.SENDTO"
I/PackageManager( 1016):   Category: "android.intent.category.DEFAULT"
I/PackageManager( 1016):   Scheme: "mmsto"
D/MtpService(26094): addStorageLocked 65537 /storage/emulated/0
I/PackageManager( 1016): Adding preferred activity ComponentInfo{com.android.mms/com.android.mms.ui.ComposeMessageActivity} for user 0 :
I/PackageManager( 1016):   Action: "android.intent.action.SENDTO"
I/PackageManager( 1016):   Category: "android.intent.category.DEFAULT"
I/PackageManager( 1016):   Scheme: "sms"
D/dalvikvm(26094): No JNI_OnLoad found in /system/lib/libcryptomodes-jni.so 0x4278f758, skipping init
I/openssl (26094): Crypto mode not selected, openssl will run on its regular mode.
I/openssl (26094): Crypto mode 0 already enabled
E/NetworkScheduler.SchedulerReceiver(31791): Invalid parameter app
E/NetworkScheduler.SchedulerReceiver(31791): Invalid package name : Perhaps you didn't include a PendingIntent in the extras?
I/PackageManager( 1016): Adding preferred activity ComponentInfo{com.android.mms/com.android.mms.ui.ComposeMessageActivity} for user 0 :
I/PackageManager( 1016):   Action: "android.intent.action.SENDTO"
I/PackageManager( 1016):   Category: "android.intent.category.DEFAULT"
I/PackageManager( 1016):   Scheme: "smsto"
D/dalvikvm( 1016): GC_EXPLICIT freed 3402K, 31% free 27753K/40112K, paused 5ms+20ms, total 300ms
I/PackageManager( 1016): Adding preferred activity ComponentInfo{com.android.mms/com.android.mms.ui.ComposeMessageActivity} for user 0 :
I/PackageManager( 1016):   Action: "android.intent.action.SENDTO"
I/PackageManager( 1016):   Category: "android.intent.category.DEFAULT"
I/PackageManager( 1016):   Scheme: "mms"
F/ProcessStats( 1016): Starting service ServiceState{43a506e8 com.tranzmate.services.LocationService pkg=com.tranzmate proc=43a506e8} without owner
I/PackageManager( 1016): Adding preferred activity ComponentInfo{com.android.mms/com.android.mms.ui.ComposeMessageActivity} for user 0 :
I/PackageManager( 1016):   Action: "android.intent.action.SENDTO"
I/PackageManager( 1016):   Category: "android.intent.category.DEFAULT"
I/PackageManager( 1016):   Scheme: "mmsto"
D/PackageBroadcastService(20163): Received broadcast action=android.intent.action.PACKAGE_REMOVED and uri=com.giftme.fb_auth
I/ActivityManager( 1016): Start proc com.google.android.apps.plus for broadcast com.google.android.apps.plus/.service.PackagesMediaMonitor: pid=26153 uid=10090 gids={50090, 3003, 3002, 1028, 1015}
I/ConfigService(31791): onCreate
I/ConfigService(31791): onBind for Intent { act=com.google.android.gms.config.UPDATE pkg=com.google.android.gms } action com.google.android.gms.config.UPDATE
D/WifiStateMachine( 1016): handleMessage: E msg.what=151572
D/WifiStateMachine( 1016): processMsg: ConnectedState
D/WifiStateMachine( 1016): processMsg: L2ConnectedState
I/ConfigFetchService(20163): onStartCommand Intent { act=android.intent.action.PACKAGE_REMOVED dat=package:com.giftme.fb_auth cmp=com.google.android.gms/.config.ConfigFetchService (has extras) }
I/ConfigService(31791): onBind returning update interface
I/ConfigService(31791): onBind for Intent { act=com.google.android.gms.config.START pkg=com.google.android.gms } action com.google.android.gms.config.START
I/ConfigService(31791): onBind returning service broker
D/WifiStateMachine( 1016): handleMessage: X
I/ActivityManager( 1016): Process system:ui (pid 25911) has died.
F/ProcessStats( 1016): Starting service ServiceState{43a506e8 com.tranzmate.services.LocationService pkg=com.tranzmate proc=43a506e8} without owner
E/dalvikvm(26153): Could not find class 'android.app.Notification$Action$Builder', referenced from method b.a
W/dalvikvm(26153): VFY: unable to resolve new-instance 302 (Landroid/app/Notification$Action$Builder;) in Lb;
D/dalvikvm(26153): VFY: replacing opcode 0x22 at 0x0000
E/dalvikvm(26153): Could not find class 'android.graphics.drawable.RippleDrawable', referenced from method b.a
W/dalvikvm(26153): VFY: unable to resolve new-instance 462 (Landroid/graphics/drawable/RippleDrawable;) in Lb;
D/dalvikvm(26153): VFY: replacing opcode 0x22 at 0x000b
W/dalvikvm(26153): VFY: unable to find class referenced in signature (Lzt;)
W/dalvikvm(26153): VFY: unable to find class referenced in signature (Lzt;)
W/dalvikvm(26153): VFY: unable to find class referenced in signature (Lzt;)
W/dalvikvm(26153): VFY: unable to find class referenced in signature (Lzt;)
W/dalvikvm(26153): VFY: unable to find class referenced in signature (Lzt;)
W/dalvikvm(26153): VFY: unable to find class referenced in signature (Lzt;)
W/dalvikvm(26153): VFY: unable to find class referenced in signature (Lzt;)
E/dalvikvm(26153): Could not find class 'android.app.Notification$Action$Builder', referenced from method b.a
W/dalvikvm(26153): VFY: unable to resolve new-instance 302 (Landroid/app/Notification$Action$Builder;) in Lb;
D/dalvikvm(26153): VFY: replacing opcode 0x22 at 0x0000
W/dalvikvm(26153): Unable to resolve superclass of Lar; (689)
W/dalvikvm(26153): Link of class 'Lar;' failed
E/dalvikvm(26153): Could not find class 'ar', referenced from method b.a
W/dalvikvm(26153): VFY: unable to resolve new-instance 999 (Lar;) in Lb;
D/dalvikvm(26153): VFY: replacing opcode 0x22 at 0x0006
W/dalvikvm(26153): Unable to resolve superclass of Lat; (689)
W/dalvikvm(26153): Link of class 'Lat;' failed
E/dalvikvm(26153): Could not find class 'at', referenced from method b.a
W/dalvikvm(26153): VFY: unable to resolve new-instance 1053 (Lat;) in Lb;
D/dalvikvm(26153): VFY: replacing opcode 0x22 at 0x002a
I/dalvikvm(26153): Could not find method android.view.ViewGroup.isTransitionGroup, referenced from method b.a
W/dalvikvm(26153): VFY: unable to resolve virtual method 4388: Landroid/view/ViewGroup;.isTransitionGroup ()Z
D/dalvikvm(26153): VFY: replacing opcode 0x6e at 0x000c
I/dalvikvm(26153): Could not find method android.view.View.getTransitionName, referenced from method b.a
W/dalvikvm(26153): VFY: unable to resolve virtual method 4205: Landroid/view/View;.getTransitionName ()Ljava/lang/String;
D/dalvikvm(26153): VFY: replacing opcode 0x6e at 0x0006
W/dalvikvm(26153): VFY: unable to find class referenced in signature ([Landroid/app/RemoteInput;)
E/dalvikvm(26153): Could not find class 'android.app.RemoteInput[]', referenced from method b.a
W/dalvikvm(26153): VFY: unable to resolve new-array 12606 ([Landroid/app/RemoteInput;) in Lb;
D/dalvikvm(26153): VFY: replacing opcode 0x23 at 0x0005
D/dalvikvm(26153): DexOpt: unable to opt direct call 0x0530 at 0x0e in Lb;.a
D/dalvikvm(26153): DexOpt: unable to opt direct call 0x08a4 at 0x0e in Lb;.a
D/dalvikvm(26153): DexOpt: unable to opt direct call 0x0530 at 0x0e in Lb;.a
W/dalvikvm(26153): Unable to resolve superclass of Lar; (689)
W/dalvikvm(26153): Link of class 'Lar;' failed
D/dalvikvm(26153): DexOpt: unable to opt direct call 0x177c at 0x08 in Lb;.a
W/dalvikvm(26153): Unable to resolve superclass of Lat; (689)
W/dalvikvm(26153): Link of class 'Lat;' failed
D/dalvikvm(26153): DexOpt: unable to opt direct call 0x1846 at 0x2c in Lb;.a
D/dalvikvm(26153): DexOpt: unable to opt direct call 0x0587 at 0x13 in Lb;.a
D/dalvikvm(26153): Trying to load lib /data/app-lib/com.google.android.apps.plus-1/libcrashreporterer.so 0x42792ef0
D/dalvikvm(26153): Added shared lib /data/app-lib/com.google.android.apps.plus-1/libcrashreporterer.so 0x42792ef0
I/dalvikvm(26153): Could not find method android.content.Context.getDrawable, referenced from method c.a
W/dalvikvm(26153): VFY: unable to resolve virtual method 1545: Landroid/content/Context;.getDrawable (I)Landroid/graphics/drawable/Drawable;
D/dalvikvm(26153): VFY: replacing opcode 0x6e at 0x0006
I/ActivityManager( 1016): Start proc com.google.android.apps.docs for broadcast com.google.android.apps.docs/.receivers.AppPackageAddRemoveReceiver: pid=26178 uid=10060 gids={50060, 3003, 1028, 1015}
F/ProcessStats( 1016): Starting service ServiceState{43a506e8 com.tranzmate.services.LocationService pkg=com.tranzmate proc=43a506e8} without owner
I/dalvikvm(26178): Could not find method android.app.Activity.finishAfterTransition, referenced from method r.c_
W/dalvikvm(26178): VFY: unable to resolve virtual method 2773: Landroid/app/Activity;.finishAfterTransition ()V
D/dalvikvm(26178): VFY: replacing opcode 0x6e at 0x0006
I/ActivityManager( 1016): Process com.android.defcontainer (pid 26053) has died.
F/ProcessStats( 1016): Starting service ServiceState{43a506e8 com.tranzmate.services.LocationService pkg=com.tranzmate proc=43a506e8} without owner
W/SyncWapiModule(26178): isPlayServicesEnabled=
D/Wiper_jni( 1016): wifiRequestEventCb invoked
D/LBSSystemMonitorService( 1016): handleMessage what - 2
V/GmsNetworkLocationProvi(31965): onSetRequest: ProviderRequestUnbundled, reportLocation is true and interval is 14400000
V/GmsNetworkLocationProvi(31965): SET-REQUEST
V/GmsNetworkLocationProvi(31965): in Handler: ProviderRequestUnbundled, reportLocation is true and interval is 14400000
W/SyncWapiModule(26178): isPlayServicesEnabled=
W/GAV2    (26178): Thread[main,5,main]: Need to call initialize() and be in fallback mode to start dispatch.
I/ActivityManager( 1016): Start proc com.google.android.googlequicksearchbox:search for broadcast com.google.android.googlequicksearchbox/com.google.android.search.core.icingsync.IcingCorporaChangedReceiver: pid=26203 uid=10045 gids={50045, 3003, 3001, 1028, 3002, 1015}
F/ProcessStats( 1016): Starting service ServiceState{43a506e8 com.tranzmate.services.LocationService pkg=com.tranzmate proc=43a506e8} without owner
I/ActivityManager( 1016): Start proc com.facebook.katana:dash for broadcast com.facebook.katana/com.facebook.dash.receivers.DashPackageUninstallReceiver: pid=26215 uid=10110 gids={50110, 1028, 1015, 3003}
I/ActivityManager( 1016): Process com.motorola.MotGallery2 (pid 26116) has died.
F/ProcessStats( 1016): Starting service ServiceState{43a506e8 com.tranzmate.services.LocationService pkg=com.tranzmate proc=43a506e8} without owner
D/WifiStateMachine( 1016): handleMessage: E msg.what=151572
D/WifiStateMachine( 1016): processMsg: ConnectedState
D/WifiStateMachine( 1016): processMsg: L2ConnectedState
D/WifiStateMachine( 1016): handleMessage: X
I/ActivityManager( 1016): START u0 {act=android.intent.action.MAIN cat=[android.intent.category.LAUNCHER] flg=0x10000000 pkg=com.giftme.fb_auth cmp=com.giftme.fb_auth/.FB_Auth} from pid 26007
W/ContextImpl( 1231): Calling a method in the system process without a qualified user: android.app.ContextImpl.sendBroadcast:1252 android.content.ContextWrapper.sendBroadcast:365 com.motorola.motocare.util.TriggerHelper$TriggerBuilder.send:76 com.motorola.motocare.internal.frameworkevents.PauseResumeTrigger.handleFrameworkEvent:53 com.motorola.motocare.internal.frameworkevents.FwEventMonitor$FrameworkListener.processFrameworkEvent:114 
I/ActivityManager( 1016): Start proc com.giftme.fb_auth for activity com.giftme.fb_auth/.FB_Auth: pid=26229 uid=10106 gids={50106, 3003, 1028, 1015}
I/dalvikvm(26229): Enabling JNI app bug workarounds for target SDK version 7...
W/ContextImpl( 1231): Calling a method in the system process without a qualified user: android.app.ContextImpl.sendBroadcast:1252 android.content.ContextWrapper.sendBroadcast:365 com.motorola.motocare.util.TriggerHelper$TriggerBuilder.send:76 com.motorola.motocare.internal.frameworkevents.PauseResumeTrigger.handleFrameworkEvent:53 com.motorola.motocare.internal.frameworkevents.FwEventMonitor$FrameworkListener.processFrameworkEvent:114 
V/PhoneStatusBar( 1078): setLightsOn(true)
I/CordovaLog(26229): Changing log level to DEBUG(3)
D/CordovaActivity(26229): CordovaActivity.init()
I/dalvikvm(26229): Could not find method android.webkit.CookieManager.setAcceptThirdPartyCookies, referenced from method org.apache.cordova.CordovaWebView.initWebViewSettings
W/dalvikvm(26229): VFY: unable to resolve virtual method 6163: Landroid/webkit/CookieManager;.setAcceptThirdPartyCookies (Landroid/webkit/WebView;Z)V
D/dalvikvm(26229): VFY: replacing opcode 0x6e at 0x002a
V/WebViewChromiumFactoryProvider(26229): Binding Chromium to main looper Looper (main, tid 1) {4278e108}
I/LibraryLoader(26229): Expected native library version number "",actual native library version number ""
I/chromium(26229): [INFO:library_loader_hooks.cc(116)] Chromium logging enabled: level = 0, default verbosity = 0
I/BrowserStartupController(26229): Initializing chromium process, renderers=0
W/dalvikvm(26215): VFY: unable to resolve static field 27745 (a) in Lcom/facebook/katana/app/WorkAppTypes;
D/dalvikvm(26215): VFY: replacing opcode 0x62 at 0x0013
W/dalvikvm(26215): VFY: unable to resolve static field 27746 (b) in Lcom/facebook/katana/app/WorkAppTypes;
D/dalvikvm(26215): VFY: replacing opcode 0x62 at 0x001d
E/AudioManagerAndroid(26229): BLUETOOTH permission is missing!
E/dalvikvm(26215): Could not find class 'com.facebook.katana.app.WallpaperFacebookApplicationImpl', referenced from method com.facebook.katana.app.FacebookApplication.a
W/dalvikvm(26215): VFY: unable to resolve new-instance 427 (Lcom/facebook/katana/app/WallpaperFacebookApplicationImpl;) in Lcom/facebook/katana/app/FacebookApplication;
D/dalvikvm(26215): VFY: replacing opcode 0x22 at 0x00a9
D/dalvikvm(26215): DexOpt: unable to opt direct call 0x05a5 at 0xab in Lcom/facebook/katana/app/FacebookApplication;.a
I/Adreno-EGL(26229): <qeglDrvAPI_eglInitialize:410>: EGL 1.4 QUALCOMM build: AU_LINUX_ANDROID_LNX.LA.3.5.1_RB1.04.04.02.048.018_msm8226_LNX.LA.3.5.1_RB1__release_AU ()
I/Adreno-EGL(26229): OpenGL ES Shader Compiler Version: E031.24.00.08
I/Adreno-EGL(26229): Build Date: 03/07/14 Fri
I/Adreno-EGL(26229): Local Branch: 
I/Adreno-EGL(26229): Remote Branch: quic/LNX.LA.3.5.1_RB1.1
I/Adreno-EGL(26229): Local Patches: NONE
I/Adreno-EGL(26229): Reconstruct Branch: AU_LINUX_ANDROID_LNX.LA.3.5.1_RB1.04.04.02.048.018 + f2fd134 +  NOTHING
W/chromium(26229): [WARNING:proxy_service.cc(890)] PAC support disabled because there is no system implementation
D/CatchMeIfYouCan(26215): Process (dash) ca: '/data/data/com.facebook.katana/app_cmiyc/0C66B38F48468E96F8008B6D5A2AE33B4A60265E01'
D/CatchMeIfYouCan(26215): Process (dash) fc: '/data/data/com.facebook.katana/app_cmiyc/0C66B38F48468E96F8008B6D5A2AE33B4A60265E02'
D/CatchMeIfYouCan(26215): Process (dash) cp: '('dash', 6, 60000, silent [true], restart [true], logout [true])'
D/CordovaActivity(26229): CordovaActivity.createViews()
D/ACRA    (26215): ACRA is enabled for com.facebook.katana, intializing...
W/dalvikvm(26229): VFY: unable to find class referenced in signature (Landroid/webkit/ClientCertRequest;)
W/dalvikvm(26229): VFY: unable to find class referenced in signature (Landroid/webkit/ClientCertRequest;)
I/dalvikvm(26229): Could not find method android.webkit.WebViewClient.onReceivedClientCertRequest, referenced from method org.apache.cordova.CordovaWebViewClient.onReceivedClientCertRequest
W/dalvikvm(26229): VFY: unable to resolve virtual method 6235: Landroid/webkit/WebViewClient;.onReceivedClientCertRequest (Landroid/webkit/WebView;Landroid/webkit/ClientCertRequest;)V
D/dalvikvm(26229): VFY: replacing opcode 0x6f at 0x001c
I/dalvikvm(26229): Could not find method android.webkit.WebChromeClient$FileChooserParams.createIntent, referenced from method org.apache.cordova.CordovaChromeClient.onShowFileChooser
W/dalvikvm(26229): VFY: unable to resolve virtual method 6182: Landroid/webkit/WebChromeClient$FileChooserParams;.createIntent ()Landroid/content/Intent;
D/dalvikvm(26229): VFY: replacing opcode 0x6e at 0x0000
D/PluginManager(26229): init()
D/CordovaWebView(26229): CordovaWebView is running on device made by: motorola
D/ACRA    (26215): Looking for error files in /data/data/com.facebook.katana/app_acra-reports
D/ACRA    (26215): Looking for error files in /data/data/com.facebook.katana/app_minidumps
D/CordovaWebView(26229): >>> loadUrl(file:///android_asset/www/index.html)
D/CordovaWebView(26229): >>> loadUrlNow()
D/dalvikvm(26215): Trying to load lib /data/app-lib/com.facebook.katana-1/libgnustl_shared.so 0x42792d48
D/dalvikvm(26215): Added shared lib /data/app-lib/com.facebook.katana-1/libgnustl_shared.so 0x42792d48
D/dalvikvm(26215): No JNI_OnLoad found in /data/app-lib/com.facebook.katana-1/libgnustl_shared.so 0x42792d48, skipping init
D/dalvikvm(26215): Trying to load lib /data/app-lib/com.facebook.katana-1/libfb_breakpad_client.so 0x42792d48
D/dalvikvm(26215): Added shared lib /data/app-lib/com.facebook.katana-1/libfb_breakpad_client.so 0x42792d48
D/CordovaActivity(26229): Resuming the App
D/dalvikvm(26215): No JNI_OnLoad found in /system/lib/libstdc++.so 0x42792d48, skipping init
D/dalvikvm(26215): Trying to load lib /data/app-lib/com.facebook.katana-1/libsigmux.so 0x42792d48
D/dalvikvm(26215): Added shared lib /data/app-lib/com.facebook.katana-1/libsigmux.so 0x42792d48
D/dalvikvm(26215): No JNI_OnLoad found in /data/app-lib/com.facebook.katana-1/libsigmux.so 0x42792d48, skipping init
D/dalvikvm(26215): Trying to load lib /data/app-lib/com.facebook.katana-1/libdistract.so 0x42792d48
D/dalvikvm(26215): Added shared lib /data/app-lib/com.facebook.katana-1/libdistract.so 0x42792d48
D/dalvikvm(26215): No JNI_OnLoad found in /data/app-lib/com.facebook.katana-1/libdistract.so 0x42792d48, skipping init
D/dalvikvm(26215): Trying to load lib /data/app-lib/com.facebook.katana-1/libfb_dalvik-internals.so 0x42792d48
D/dalvikvm(26215): Added shared lib /data/app-lib/com.facebook.katana-1/libfb_dalvik-internals.so 0x42792d48
V/DexLibLoader(26215): about to lock: /data/data/com.facebook.katana/mdex_lock
V/DexLibLoader(26215): locking /data/data/com.facebook.katana/mdex_lock took 1 ms
V/DexLibLoader(26215): Secondary program dex metadata: secondary-1.dex.jar.xz c0d34653f435a7e59cc5f46e9bd47feaf68b0041 secondary.dex01.Canary
V/DexLibLoader(26215): Secondary program dex metadata: secondary-2.dex.jar.xz 3651d03ae513595a1029ff9eae54d36128fdeb5e secondary.dex02.Canary
V/DexLibLoader(26215): Secondary program dex metadata: secondary-3.dex.jar.xz 020c6d0135a14f0280ede88da3e858d29f1b9ed5 secondary.dex03.Canary
V/DexLibLoader(26215): Secondary program dex metadata: secondary-4.dex.jar.xz 3cf3244a0d1c3e39128f7b89ad90b4842a36a05f secondary.dex04.Canary
V/DexLibLoader(26215): Secondary program dex metadata: secondary-5.dex.jar.xz 666d745bfcb3c0496ae90e343db057d6082ce0c3 secondary.dex05.Canary
V/DexLibLoader(26215): Secondary program dex metadata: secondary-6.dex.jar.xz 0089f1fba5ba3a3fb61d98c516e2bbc2e6adfa05 secondary.dex06.Canary
V/DexLibLoader(26215): Secondary program dex metadata: secondary-7.dex.jar.xz 7cecb34308ef8d54acae00b06e3ade52d8da6d49 secondary.dex07.Canary
V/DexLibLoader(26215): directory "/data/data/com.facebook.katana/app_secondary_program_dex" contains "program-c0d34653f435a7e59cc5f46e9bd47feaf68b00416661a1c7.dex.jar" as expected
V/DexLibLoader(26215): directory "/data/data/com.facebook.katana/app_secondary_program_dex" contains "program-3651d03ae513595a1029ff9eae54d36128fdeb5e6661a1c7.dex.jar" as expected
V/DexLibLoader(26215): directory "/data/data/com.facebook.katana/app_secondary_program_dex" contains "program-020c6d0135a14f0280ede88da3e858d29f1b9ed56661a1c7.dex.jar" as expected
V/DexLibLoader(26215): directory "/data/data/com.facebook.katana/app_secondary_program_dex" contains "program-3cf3244a0d1c3e39128f7b89ad90b4842a36a05f6661a1c7.dex.jar" as expected
V/DexLibLoader(26215): directory "/data/data/com.facebook.katana/app_secondary_program_dex" contains "program-666d745bfcb3c0496ae90e343db057d6082ce0c36661a1c7.dex.jar" as expected
V/DexLibLoader(26215): directory "/data/data/com.facebook.katana/app_secondary_program_dex" contains "program-0089f1fba5ba3a3fb61d98c516e2bbc2e6adfa056661a1c7.dex.jar" as expected
V/DexLibLoader(26215): directory "/data/data/com.facebook.katana/app_secondary_program_dex" contains "program-7cecb34308ef8d54acae00b06e3ade52d8da6d496661a1c7.dex.jar" as expected
D/DexLibLoader(26215): ignoring file "program-c0d34653f435a7e59cc5f46e9bd47feaf68b00416661a1c7.dex.odex" in "/data/data/com.facebook.katana/app_secondary_program_dex"
D/DexLibLoader(26215): ignoring file "program-3651d03ae513595a1029ff9eae54d36128fdeb5e6661a1c7.dex.odex" in "/data/data/com.facebook.katana/app_secondary_program_dex"
D/DexLibLoader(26215): ignoring file "program-020c6d0135a14f0280ede88da3e858d29f1b9ed56661a1c7.dex.odex" in "/data/data/com.facebook.katana/app_secondary_program_dex"
D/DexLibLoader(26215): ignoring file "program-3cf3244a0d1c3e39128f7b89ad90b4842a36a05f6661a1c7.dex.odex" in "/data/data/com.facebook.katana/app_secondary_program_dex"
D/DexLibLoader(26215): ignoring file "program-666d745bfcb3c0496ae90e343db057d6082ce0c36661a1c7.dex.odex" in "/data/data/com.facebook.katana/app_secondary_program_dex"
D/DexLibLoader(26215): ignoring file "program-0089f1fba5ba3a3fb61d98c516e2bbc2e6adfa056661a1c7.dex.odex" in "/data/data/com.facebook.katana/app_secondary_program_dex"
D/DexLibLoader(26215): ignoring file "program-7cecb34308ef8d54acae00b06e3ade52d8da6d496661a1c7.dex.odex" in "/data/data/com.facebook.katana/app_secondary_program_dex"
D/DexLibLoader(26215): directory "/data/data/com.facebook.katana/app_secondary_program_dex" is valid
D/AudioManagerAndroid(26229): ==> onReceive: s=0, m=1, n=h2w, sb=true
D/AudioManagerAndroid(26229): reportUpdate: state=0, devices=[Speakerphone, Headset earpiece]
D/DexLibLoader(26215): ignoring file "primary_deps" in "/data/data/com.facebook.katana/app_secondary_program_dex_opt"
V/DexLibLoader(26215): directory "/data/data/com.facebook.katana/app_secondary_program_dex_opt" contains "program-c0d34653f435a7e59cc5f46e9bd47feaf68b00416661a1c7.dex.dex" as expected
V/DexLibLoader(26215): directory "/data/data/com.facebook.katana/app_secondary_program_dex_opt" contains "program-3651d03ae513595a1029ff9eae54d36128fdeb5e6661a1c7.dex.dex" as expected
V/DexLibLoader(26215): directory "/data/data/com.facebook.katana/app_secondary_program_dex_opt" contains "program-020c6d0135a14f0280ede88da3e858d29f1b9ed56661a1c7.dex.dex" as expected
V/DexLibLoader(26215): directory "/data/data/com.facebook.katana/app_secondary_program_dex_opt" contains "program-3cf3244a0d1c3e39128f7b89ad90b4842a36a05f6661a1c7.dex.dex" as expected
V/DexLibLoader(26215): directory "/data/data/com.facebook.katana/app_secondary_program_dex_opt" contains "program-666d745bfcb3c0496ae90e343db057d6082ce0c36661a1c7.dex.dex" as expected
V/DexLibLoader(26215): directory "/data/data/com.facebook.katana/app_secondary_program_dex_opt" contains "program-0089f1fba5ba3a3fb61d98c516e2bbc2e6adfa056661a1c7.dex.dex" as expected
D/SoftKeyboardDetect(26229): Ignore this event
V/DexLibLoader(26215): directory "/data/data/com.facebook.katana/app_secondary_program_dex_opt" contains "program-7cecb34308ef8d54acae00b06e3ade52d8da6d496661a1c7.dex.dex" as expected
D/DexLibLoader(26215): directory "/data/data/com.facebook.katana/app_secondary_program_dex_opt" is valid
D/DexLibLoader(26215): loading pre-built cross-dex opt odex files
V/dalvik-internals(26215): hooked dvmResolveClass using jump ()
V/dalvik-internals(26215): hooked dvmFlushBreakpoints using jump ()
I/SFPerfTracer(  278):      triggers: (rate: 532:17326) (compose: 0:61) (post: 0:3) (render: 47:4412) (0:256420 frames) (1:761468)
D/SFPerfTracer(  278):        layers: (4:10) (DimLayer: 0:145)* (DimLayer: 0:167)* (FocusedStackFrame: 0:5930)* (StatusBar: 0:57407) (NavigationBar: 1:38219) (DimLayer: 0:11243)* (DimLayer: 0:1276) (com.android.wallpaper.fall.FallWallpaper: 0:19248)* (com.android.packageinstaller/com.android.packageinstaller.InstallAppProgress: 0:120)* (Starting com.giftme.fb_auth: 1:6) 
D/OpenGLRenderer(26229): Enabling debug mode 0
V/MultiDexClassLoader(26215): installing MultiDexClassLoader before application classloader
I/dalvikvm(26215): Could not find method dalvik.system.DexFile.loadClassBinaryName, referenced from method com.facebook.common.dextricks.DexFileLoadOld.a
W/dalvikvm(26215): VFY: unable to resolve virtual method 2807: Ldalvik/system/DexFile;.loadClassBinaryName (Ljava/lang/String;Ljava/lang/ClassLoader;)Ljava/lang/Class;
D/dalvikvm(26215): VFY: replacing opcode 0x6e at 0x0000
W/GAV2    (26178): Thread[main,5,main]: dispatch call queued.  Need to call GAServiceManager.getInstance().initialize().
F/ProcessStats( 1016): Starting service ServiceState{43a506e8 com.tranzmate.services.LocationService pkg=com.tranzmate proc=43a506e8} without owner
I/ActivityManager( 1016): Process com.android.keychain (pid 26130) has died.
D/SoftKeyboardDetect(26229): Ignore this event
D/DexLibLoader(26215): released odex store lock
D/DexLibLoader(26215): DexLibLoader.loadAll took 217 ms
D/MemoryReductionHack(26215): Marked as initialized entry corresponding to path /data/app/com.facebook.katana-1.apk
F/ProcessStats( 1016): Starting service ServiceState{43a506e8 com.tranzmate.services.LocationService pkg=com.tranzmate proc=43a506e8} without owner
D/Ulp_jni ( 1016): Location CB invoked
I/LaunchCheckinHandler( 1016): Displayed com.giftme.fb_auth/.FB_Auth,cp,ca,568
I/ActivityManager( 1016): Displayed com.giftme.fb_auth/.FB_Auth: +568ms
V/dalvik-internals(26215): hooked dvmLinearAlloc using jump ()
V/dalvik-internals(26215): hooked dvmLinearRealloc using jump ()
V/dalvik-internals(26215): hooked dvmLinearFree using jump ()
V/dalvik-internals(26215): hooked dvmLinearStrdup using jump ()
V/dalvik-internals(26215): hooked dvmLinearAllocContains using jump ()
I/dalvik-internals(26215): enlarged linearalloc buffer to 33554432 bytes
I/SFPerfTracer(  278):      triggers: (rate: 177:104616) (230741 sw vsyncs) (216808 skipped) (31:845177 vsyncs) (33:1182063)
F/ProcessStats( 1016): Starting service ServiceState{43a506e8 com.tranzmate.services.LocationService pkg=com.tranzmate proc=43a506e8} without owner
E/rsC++   (26007): RS Message thread exiting.
D/CordovaWebViewClient(26229): onPageStarted(file:///android_asset/www/index.html)
D/CordovaActivity(26229): onMessage(onPageStarted,file:///android_asset/www/index.html)
D/WifiStateMachine( 1016): handleMessage: E msg.what=151572
D/WifiStateMachine( 1016): processMsg: ConnectedState
D/WifiStateMachine( 1016): processMsg: L2ConnectedState
D/WifiStateMachine( 1016): handleMessage: X
E/cutils  (  261): Failed to mkdirat(/storage/sdcard1/Android): Read-only file system
W/Vold    (  261): Returning OperationFailed - no handler for errno 30
W/ContextImpl(26215): Failed to ensure directory: /storage/sdcard1/Android/data/com.facebook.katana/cache
I/ActivityManager( 1016): Process com.google.android.apps.plus (pid 26153) has died.
F/ProcessStats( 1016): Starting service ServiceState{43a506e8 com.tranzmate.services.LocationService pkg=com.tranzmate proc=43a506e8} without owner
D/dalvikvm(26215): Trying to load lib /data/app-lib/com.facebook.katana-1/libdextr.so 0x42792d48
D/dalvikvm(26215): Added shared lib /data/app-lib/com.facebook.katana-1/libdextr.so 0x42792d48
I/Dextr   (26215): LogQueue params desc: IIJIIIJJ
D/WifiStateMachine( 1016): handleMessage: E msg.what=131155
D/WifiStateMachine( 1016): processMsg: ConnectedState
D/WifiStateMachine( 1016): processMsg: L2ConnectedState
D/WifiStateMachine( 1016): handleMessage: X
D/JsMessageQueue(26229): Set native->JS mode to OnlineEventsBridgeMode
W/StaticBindingVerifier(26215): Verify
I/dalvikvm(26215): Could not find method com.facebook.resources.FbResources.getDrawable, referenced from method com.facebook.resources.impl.DownloadedFbResources.getDrawable
W/dalvikvm(26215): VFY: unable to resolve virtual method 46880: Lcom/facebook/resources/FbResources;.getDrawable (ILandroid/content/res/Resources$Theme;)Landroid/graphics/drawable/Drawable;
D/dalvikvm(26215): VFY: replacing opcode 0x6f at 0x0031
D/WifiService( 1016): New client listening to asynchronous messages
F/ProcessStats( 1016): Starting service ServiceState{43a506e8 com.tranzmate.services.LocationService pkg=com.tranzmate proc=43a506e8} without owner
