D/WifiStateMachine( 1016): processMsg: ConnectedState
D/WifiStateMachine( 1016): processMsg: L2ConnectedState
D/WifiStateMachine( 1016): processMsg: ConnectModeState
D/WifiStateMachine( 1016): processMsg: DriverStartedState
D/WifiStateMachine( 1016): processMsg: SupplicantStartedState
D/WifiStateMachine( 1016): processMsg: DefaultState
D/WifiStateMachine( 1016): handleMessage: X
D/WifiStateMachine( 1016): handleMessage: E msg.what=131158
D/WifiStateMachine( 1016): processMsg: ConnectedState
D/WifiStateMachine( 1016): processMsg: L2ConnectedState
D/WifiStateMachine( 1016): processMsg: ConnectModeState
D/WifiStateMachine( 1016): processMsg: DriverStartedState
D/WifiStateMachine( 1016): setSuspendOptimizationsNative: 4 true
D/Sensors ( 1016): AccelerationSensor: Set Sensors state 0x0
V/KeyguardHostView( 1078): Initial transport state: 0, pbstate=0
D/audio_hw_primary(  284): adev_set_parameters: enter: screen_state=off
V/msm8974_platform(  284): platform_set_parameters: enter: screen_state=off
V/msm8974_platform(  284): platform_set_parameters: exit with code(-2)
E/audio_a2dp_hw(  284): adev_set_parameters: ERROR: set param called even when stream out is null
D/KeyguardHostView( 1078): showSecurityScreen(None)
D/KeyguardHostView( 1078): getSecurityView(Invalid)
D/KeyguardHostView( 1078): getSecurityView(None)
V/KeyguardHostView( 1078): hide transport, gen:26
V/KeyguardHostView( 1078): music state changed: 0
W/View    ( 1078): requestLayout() improperly called by android.widget.TextClock{42aa87d0 V.ED.... ......ID 104,0-484,213 #7f0a004b app:id/clock_view} during layout: running second layout pass
W/View    ( 1078): requestLayout() improperly called by android.widget.TextClock{42e89528 V.ED.... ......ID 145,0-270,38 #7f0a0050 app:id/date_view} during layout: running second layout pass
W/View    ( 1078): requestLayout() improperly called by android.widget.TextView{42a75dc0 V.ED.... ......ID 286,0-442,38 #7f0a0051 app:id/alarm_status} during layout: running second layout pass
D/WifiStateMachine( 1016): handleMessage: X
I/ActivityManager( 1016): Process com.motorola.MotGallery2 (pid 17019) has died.
I/iu.UploadsManager(30409): End new media; added: 0, uploading: 0, time: 29 ms
D/dalvikvm(16806): GC_EXPLICIT freed 377K, 46% free 9357K/17224K, paused 3ms+5ms, total 47ms
D/MtpServer(16806): path: /storage/emulated/0/Download/FB_Auth-release.apk parent: 8 storageID: 00010001
D/dalvikvm( 1016): GC_EXPLICIT freed 962K, 34% free 26206K/39124K, paused 13ms+10ms, total 129ms
D/WifiStateMachine( 1016): handleMessage: E msg.what=131155
D/WifiStateMachine( 1016): processMsg: ConnectedState
D/WifiStateMachine( 1016): processMsg: L2ConnectedState
D/WifiStateMachine( 1016): handleMessage: X
I/ActivityManager( 1016): Waited long enough for: ServiceRecord{43c5d510 u0 com.google.android.googlequicksearchbox/com.google.android.search.core.service.SearchService}
W/ContextImpl( 1231): Calling a method in the system process without a qualified user: android.app.ContextImpl.startService:1608 android.content.ContextWrapper.startService:494 android.content.ContextWrapper.startService:494 com.motorola.motocare.internal.batterystats.BatteryStatsAction.onReceive:33 android.app.ActivityThread.handleReceiver:2434 
D/dalvikvm( 2456): GC_CONCURRENT freed 1966K, 45% free 9594K/17224K, paused 2ms+2ms, total 17ms
I/AonLTInterfaceService( 1231): AodLT package version: 1000000
I/PowerManagerService( 1016): Waking up from sleep...
D/Sensors ( 1016): AccelerationSensor: Set Sensors state 0x2
D/SurfaceFlinger(  278): Screen acquired, type=0 flinger=0xb7ca1450
D/qdhwcomposer(  278): hwc_blank: Unblanking display: 0
D/Sensors ( 1016): AccelerationSensor: set delay 0
D/Sensors ( 1016): AccelerationSensor: set delay 0
I/AonLTInterfaceService( 1231): AodLT package version: 1000000
V/KeyguardServiceDelegate( 1016): onScreenTurnedOn(showListener = com.android.internal.policy.impl.PhoneWindowManager$20@437ff1f8)
D/KeyguardHostView( 1078): showSecurityScreen(None)
D/KeyguardHostView( 1078): getSecurityView(None)
V/KeyguardServiceDelegate( 1016): **** SHOWN CALLED ****
I/WindowManager( 1016): Lock screen displayed!
D/DisplayPowerController( 1016): Unblocked screen on after 34907691 ms
D/WifiStateMachine( 1016): handleScreenStateChanged: true
D/WifiStateMachine( 1016): handleMessage: E msg.what=131154
D/WifiStateMachine( 1016): processMsg: ConnectedState
D/WifiStateMachine( 1016): processMsg: L2ConnectedState
D/WifiStateMachine( 1016): handleMessage: X
D/WifiStateMachine( 1016): handleMessage: E msg.what=131163
D/WifiStateMachine( 1016): processMsg: ConnectedState
D/WifiStateMachine( 1016): processMsg: L2ConnectedState
D/WifiStateMachine( 1016): processMsg: ConnectModeState
D/WifiStateMachine( 1016): processMsg: DriverStartedState
D/WifiStateMachine( 1016): processMsg: SupplicantStartedState
D/WifiStateMachine( 1016): processMsg: DefaultState
D/WifiStateMachine( 1016): handleMessage: X
D/WifiStateMachine( 1016): handleMessage: E msg.what=131127
D/WifiStateMachine( 1016): processMsg: ConnectedState
D/WifiStateMachine( 1016): processMsg: L2ConnectedState
D/WifiStateMachine( 1016): processMsg: ConnectModeState
D/WifiStateMachine( 1016): handleMessage: X
D/WifiStateMachine( 1016): handleMessage: E msg.what=131158
D/WifiStateMachine( 1016): processMsg: ConnectedState
D/WifiStateMachine( 1016): processMsg: L2ConnectedState
D/WifiStateMachine( 1016): processMsg: ConnectModeState
D/WifiStateMachine( 1016): processMsg: DriverStartedState
D/WifiStateMachine( 1016): setSuspendOptimizationsNative: 4 false
D/WifiStateMachine( 1016): handleMessage: X
D/WifiStateMachine( 1016): handleMessage: E msg.what=151572
D/WifiStateMachine( 1016): processMsg: ConnectedState
D/WifiStateMachine( 1016): processMsg: L2ConnectedState
D/qdhwcomposer(  278): hwc_blank: Done unblanking display: 0
D/SurfaceControl( 1016): Excessive delay in unblankDisplay() while turning screen on: 186ms
D/Sensors ( 1016): AccelerationSensor: Set Sensors state 0x3
D/Sensors ( 1016): AccelerationSensor: set delay 200
D/Sensors ( 1016): AccelerationSensor: set delay 200
I/AonLTInterfaceService( 1231): AodLT package version: 1000000
D/audio_hw_primary(  284): adev_set_parameters: enter: screen_state=on
V/msm8974_platform(  284): platform_set_parameters: enter: screen_state=on
V/msm8974_platform(  284): platform_set_parameters: exit with code(-2)
E/audio_a2dp_hw(  284): adev_set_parameters: ERROR: set param called even when stream out is null
D/WifiStateMachine( 1016): handleMessage: X
D/Ulp_jni ( 1016): JNI:system_update. Event-0
D/WifiStateMachine( 1016): handleMessage: E msg.what=151572
D/WifiStateMachine( 1016): processMsg: ConnectedState
D/WifiStateMachine( 1016): processMsg: L2ConnectedState
D/WifiStateMachine( 1016): handleMessage: X
I/SFPerfTracer(  278):      triggers: (rate: 39:2944) (compose: 0:14) (post: 0:2) (render: 9:449) (60:62079 frames) (61:170144)
D/SFPerfTracer(  278):        layers: (4:11) (DimLayer: 0:65)* (DimLayer: 0:25)* (FocusedStackFrame: 0:1922)* (StatusBar: 0:10308) (NavigationBar: 0:13161) (DimLayer: 0:3197)* (DimLayer: 0:349)* (com.android.wallpaper.fall.FallWallpaper: 17:21267) (com.android.launcher/com.android.launcher2.Launcher: 0:19)* (Keyguard: 59:113) (ElectronBeam: 0:23)* 
D/audio_hw_primary(  284): out_set_parameters: enter: usecase(1: low-latency-playback) kvpairs: routing=2
W/ContextImpl( 1231): Calling a method in the system process without a qualified user: android.app.ContextImpl.sendBroadcast:1252 android.content.ContextWrapper.sendBroadcast:365 com.motorola.motocare.util.TriggerHelper$TriggerBuilder.send:76 com.motorola.motocare.internal.frameworkevents.PauseResumeTrigger.handleFrameworkEvent:53 com.motorola.motocare.internal.frameworkevents.FwEventMonitor$FrameworkListener.processFrameworkEvent:114 
V/msm8974_platform(  284): platform_get_output_snd_device: enter: output devices(0x2)
V/msm8974_platform(  284): platform_get_output_snd_device: exit: snd_device(speaker)
D/audio_hw_primary(  284): select_devices: out_snd_device(2: speaker) in_snd_device(0: )
D/hardware_info(  284): hw_info_append_hw_type : device_name = speaker
V/msm8974_platform(  284): platform_send_audio_calibration: sending audio calibration for snd_device(2) acdb_id(14)
E/AppsCustomizePagedView(30757): Widget ComponentInfo{com.devexpert.weather/com.devexpert.weather.view.WidgetWeather5x1Cur} can not fit on this device (736, 80)
E/AppsCustomizePagedView(30757): Widget ComponentInfo{com.devexpert.weather/com.devexpert.weather.view.WidgetWeather5x1} can not fit on this device (736, 80)
D/3CDM.DeviceAdminPushReceiver(30980): Received an Intent - Action: android.intent.action.USER_PRESENT
D/3CDM.DeviceAdminPushReceiver(30980): Type: null
D/3CDM.DeviceAdminPushReceiver(30980): Data: null
E/AppsCustomizePagedView(30757): Widget ComponentInfo{com.devexpert.weather/com.devexpert.weather.view.WidgetWeather5x2LC} can not fit on this device (736, 220)
E/AppsCustomizePagedView(30757): Widget ComponentInfo{com.devexpert.weather/com.devexpert.weather.view.WidgetWeather5x2} can not fit on this device (736, 220)
E/AppsCustomizePagedView(30757): Widget ComponentInfo{com.devexpert.weather/com.devexpert.weather.view.WidgetWeather5x3} can not fit on this device (736, 330)
D/3CDM.Service(30980): android.intent.action.USER_PRESENT
D/3CDM.Service(30980): Phone was locked and now it is unlocked now.
D/UsbDeviceManager( 1016): MSG_USER_PRESENT
D/PhoneStatusBar( 1078): disable: < expand icons alerts ticker system_info back* home* recent* clock* search >
I/ActivityManager( 1016): Start proc com.devexpert.weather for broadcast com.devexpert.weather/.view.WidgetWeather2x1: pid=17138 uid=10112 gids={50112, 3003, 1028, 1015}
W/InputMethodManagerService( 1016): Window already focused, ignoring focus gain of: com.android.internal.view.IInputMethodClient$Stub$Proxy@42c70598 attribute=android.view.inputmethod.EditorInfo@42c5c0a8, token = android.os.BinderProxy@427cdda0
D/WifiStateMachine( 1016): handleMessage: E msg.what=151572
D/WifiStateMachine( 1016): processMsg: ConnectedState
D/WifiStateMachine( 1016): processMsg: L2ConnectedState
D/WifiStateMachine( 1016): handleMessage: X
W/ContextImpl( 1231): Calling a method in the system process without a qualified user: android.app.ContextImpl.startService:1608 android.content.ContextWrapper.startService:494 android.content.ContextWrapper.startService:494 com.motorola.motocare.internal.batterystats.BatteryStatsAction.onReceive:33 android.app.ActivityThread.handleReceiver:2434 
V/AlarmManager( 1016): sending alarm Alarm{4296a8f8 type 0 com.rhmsoft.fm}
V/AlarmManager( 1016): sending alarm Alarm{4296a6f0 type 0 com.google.android.gms}
D/PWM     (17053): url=http://up.cm.ksmobile.com/filemanager//controller/CloudCfg.php
I/iu.UploadsManager(30409): End new media; added: 0, uploading: 0, time: 35 ms
D/WifiStateMachine( 1016): handleMessage: E msg.what=131155
D/WifiStateMachine( 1016): processMsg: ConnectedState
D/WifiStateMachine( 1016): processMsg: L2ConnectedState
D/WifiStateMachine( 1016): handleMessage: X
D/WifiStateMachine( 1016): handleMessage: E msg.what=151572
D/WifiStateMachine( 1016): processMsg: ConnectedState
D/WifiStateMachine( 1016): processMsg: L2ConnectedState
D/WifiStateMachine( 1016): handleMessage: X
E/AdwareHttpConnector(17053): 200
D/WifiStateMachine( 1016): handleMessage: E msg.what=151572
D/WifiStateMachine( 1016): processMsg: ConnectedState
D/WifiStateMachine( 1016): processMsg: L2ConnectedState
D/WifiStateMachine( 1016): handleMessage: X
D/hardware_info(  284): hw_info_append_hw_type : device_name = speaker
D/WifiStateMachine( 1016): handleMessage: E msg.what=151572
D/WifiStateMachine( 1016): processMsg: ConnectedState
D/WifiStateMachine( 1016): processMsg: L2ConnectedState
D/WifiStateMachine( 1016): handleMessage: X
D/dalvikvm(30757): GC_FOR_ALLOC freed 2174K, 19% free 14361K/17560K, paused 29ms, total 35ms
I/ActivityManager( 1016): START u0 {act=android.intent.action.MAIN cat=[android.intent.category.LAUNCHER] flg=0x10200000 pkg=com.rhmsoft.fm cmp=com.rhmsoft.fm/.FileManager bnds=[200,185][360,385]} from pid 30757
W/ContextImpl( 1231): Calling a method in the system process without a qualified user: android.app.ContextImpl.sendBroadcast:1252 android.content.ContextWrapper.sendBroadcast:365 com.motorola.motocare.util.TriggerHelper$TriggerBuilder.send:76 com.motorola.motocare.internal.frameworkevents.PauseResumeTrigger.handleFrameworkEvent:53 com.motorola.motocare.internal.frameworkevents.FwEventMonitor$FrameworkListener.processFrameworkEvent:114 
I/ActivityManager( 1016): Start proc com.rhmsoft.fm for activity com.rhmsoft.fm/.FileManager: pid=17185 uid=10105 gids={50105, 3003, 1028, 1015}
W/ContextImpl( 1231): Calling a method in the system process without a qualified user: android.app.ContextImpl.sendBroadcast:1252 android.content.ContextWrapper.sendBroadcast:365 com.motorola.motocare.util.TriggerHelper$TriggerBuilder.send:76 com.motorola.motocare.internal.frameworkevents.PauseResumeTrigger.handleFrameworkEvent:53 com.motorola.motocare.internal.frameworkevents.FwEventMonitor$FrameworkListener.processFrameworkEvent:114 
I/SFPerfTracer(  278):      triggers: (rate: 39:2951) (compose: 0:14) (post: 0:2) (render: 9:449) (5:62131 frames) (6:170245)
D/SFPerfTracer(  278):        layers: (4:10) (DimLayer: 0:65)* (DimLayer: 0:25)* (FocusedStackFrame: 0:1924)* (StatusBar: 0:10309) (NavigationBar: 0:13197) (DimLayer: 0:3197)* (DimLayer: 0:349)* (com.android.wallpaper.fall.FallWallpaper: 4:21330) (com.android.launcher/com.android.launcher2.Launcher: 2:37) (Keyguard: 0:136)* 
W/Settings(17185): Setting android_id has moved from android.provider.Settings.System to android.provider.Settings.Secure, returning read-only value.
D/dalvikvm(17185): Trying to load lib /data/data/com.rhmsoft.fm/lib/libkcmutil.so 0x4278d6a8
E/cutils  (  261): Failed to mkdirat(/storage/sdcard1/Android): Read-only file system
W/Vold    (  261): Returning OperationFailed - no handler for errno 30
W/linker  (17185): libkcmutil.so has text relocations. This is wasting memory and is a security risk. Please fix.
D/dalvikvm(17185): Added shared lib /data/data/com.rhmsoft.fm/lib/libkcmutil.so 0x4278d6a8
W/ContextImpl(17185): Failed to ensure directory: /storage/sdcard1/Android/data/com.rhmsoft.fm/files
D/SimpleCloudSwitchManager(17185): Local switch loaded
E/cutils  (  261): Failed to mkdirat(/storage/sdcard1/Android): Read-only file system
W/Vold    (  261): Returning OperationFailed - no handler for errno 30
W/ContextImpl(17185): Failed to ensure directory: /storage/sdcard1/Android/data/com.rhmsoft.fm/cache
E/cutils  (  261): Failed to mkdirat(/storage/sdcard1/Android): Read-only file system
W/Vold    (  261): Returning OperationFailed - no handler for errno 30
W/ContextImpl(17185): Failed to ensure directory: /storage/sdcard1/Android/data/com.rhmsoft.fm/cache
W/ContextImpl(17185): Implicit intents with startService are not safe: Intent { act=com.android.vending.billing.InAppBillingService.BIND } android.content.ContextWrapper.bindService:517 com.rhmsoft.fm.hd.w.run:942 <bottom of call stack> 
W/Settings(17053): Setting android_id has moved from android.provider.Settings.System to android.provider.Settings.Secure, returning read-only value.
W/Settings(17053): Setting android_id has moved from android.provider.Settings.System to android.provider.Settings.Secure, returning read-only value.
D/NativeAdManager(17185): start worker
D/SimpleCloudSwitchManager(17185): update()
D/SimpleCloudSwitchManager(17185): too soon to update cloud switch
D/SimpleCloudSwitchManager(17185): Cloud switch ready.
I/SFPerfTracer(  278):       trigger: vsync rate (-29.090%)	(42.546 vps)	(23.504 ms)* 	(60 drops)	(242 vsyncs)
I/SFPerfTracer(  278):      triggers: (rate: 51:35226) (89650 sw vsyncs) (64903 skipped) (242:180039 vsyncs) (244:292227)
D/Finsky  (14281): [3406] InAppBillingUtils.pickAccount: com.rhmsoft.fm: Account determined from installer data - [gKXbJhL8NA2nPUzZyFpjB6tKi7U]
D/FileManagerHD(17185): ADs in pool: 0
D/Finsky  (14281): [3428] InAppBillingUtils.pickAccount: com.rhmsoft.fm: Account determined from installer data - [gKXbJhL8NA2nPUzZyFpjB6tKi7U]
D/WifiStateMachine( 1016): handleMessage: E msg.what=131155
D/WifiStateMachine( 1016): processMsg: ConnectedState
D/WifiStateMachine( 1016): processMsg: L2ConnectedState
D/WifiStateMachine( 1016): handleMessage: X
D/WifiStateMachine( 1016): handleMessage: E msg.what=151572
D/WifiStateMachine( 1016): processMsg: ConnectedState
D/WifiStateMachine( 1016): processMsg: L2ConnectedState
D/WifiStateMachine( 1016): handleMessage: X
I/ActivityManager( 1016): Process com.google.android.apps.plus (pid 16934) has died.
I/Adreno-EGL(17185): <qeglDrvAPI_eglInitialize:410>: EGL 1.4 QUALCOMM build: AU_LINUX_ANDROID_LNX.LA.3.5.1_RB1.04.04.02.048.018_msm8226_LNX.LA.3.5.1_RB1__release_AU ()
I/Adreno-EGL(17185): OpenGL ES Shader Compiler Version: E031.24.00.08
I/Adreno-EGL(17185): Build Date: 03/07/14 Fri
I/Adreno-EGL(17185): Local Branch: 
I/Adreno-EGL(17185): Remote Branch: quic/LNX.LA.3.5.1_RB1.1
I/Adreno-EGL(17185): Local Patches: NONE
I/Adreno-EGL(17185): Reconstruct Branch: AU_LINUX_ANDROID_LNX.LA.3.5.1_RB1.04.04.02.048.018 + f2fd134 +  NOTHING
D/OpenGLRenderer(17185): Enabling debug mode 0
D/FacebookNativeAdUpdater(17185): update ad:com.facebook.ads.NativeAd@42a47958
D/AdSettings(17185): Test mode device hash: 589adc08a598b720934dcdc94c1d7014
D/AdSettings(17185): When testing your app with Facebook's ad units you must specify the device hashed ID to ensure the delivery of test ads, add the following code before loading an ad: AdSettings.addTestDevice("589adc08a598b720934dcdc94c1d7014");
D/Sensors ( 1016): AccelerationSensor: set delay 200
D/FacebookNativeAdUpdater(17185): update ad:com.facebook.ads.NativeAd@42a5cf68
D/Sensors ( 1016): AccelerationSensor: set delay 200
W/System.err(17185): java.net.MalformedURLException
W/System.err(17185): 	at java.net.URL.<init>(URL.java:152)
W/System.err(17185): 	at java.net.URL.<init>(URL.java:125)
W/System.err(17185): 	at com.cm.a.a.b(AdwareHttpConnector.java:27)
W/System.err(17185): 	at com.cm.a.a.a(AdwareHttpConnector.java:17)
W/System.err(17185): 	at com.cm.a.c.b(CMInfocServerController.java:89)
W/System.err(17185): 	at com.cm.a.c.a(CMInfocServerController.java:12)
W/System.err(17185): 	at com.cm.a.d.a(CMInfocServerController.java:45)
W/System.err(17185): 	at com.cm.a.d.a(CMInfocServerController.java:34)
W/System.err(17185): 	at com.cm.kinfoc.base.b.run(AsyncConsumerTask.java:89)
W/Settings(17185): Setting android_id has moved from android.provider.Settings.System to android.provider.Settings.Secure, returning read-only value.
W/Settings(17185): Setting android_id has moved from android.provider.Settings.System to android.provider.Settings.Secure, returning read-only value.
D/KInfoc  (17185): tableName: fm_ads_nativerequest dataString: adstype=1&adsstatus=1&uptime2=1428095565
W/KInfoc  (17185): The data section count is not equal! table:fm_public, count in format:13, count in data:14.
D/KInfoc  (17185): Post data via network.
D/KInfoc  (17185): Post data on http://infoc2.duba.net/c/
D/KInfoc  (17185): Post data on https://cmdts.ksmobile.com/c/
D/FacebookNativeAdUpdater(17185): update ad:com.facebook.ads.NativeAd@42ad07e8
W/Settings(17185): Setting android_id has moved from android.provider.Settings.System to android.provider.Settings.Secure, returning read-only value.
D/Sensors ( 1016): AccelerationSensor: set delay 200
D/KInfoc  (17185): tableName: fm_ads_nativerequest dataString: adstype=1&adsstatus=1&uptime2=1428095565
W/KInfoc  (17185): The data section count is not equal! table:fm_public, count in format:13, count in data:14.
D/KInfoc  (17185): Post data via network.
D/KInfoc  (17185): Post data on http://infoc2.duba.net/c/
D/KInfoc  (17185): Post data on https://cmdts.ksmobile.com/c/
D/Sensors ( 1016): AccelerationSensor: set delay 200
W/Settings(17185): Setting android_id has moved from android.provider.Settings.System to android.provider.Settings.Secure, returning read-only value.
D/Sensors ( 1016): AccelerationSensor: set delay 200
D/KInfoc  (17185): tableName: fm_ads_nativerequest dataString: adstype=1&adsstatus=1&uptime2=1428095565
W/KInfoc  (17185): The data section count is not equal! table:fm_public, count in format:13, count in data:14.
D/KInfoc  (17185): Post data via network.
D/KInfoc  (17185): Post data on http://infoc2.duba.net/c/
D/KInfoc  (17185): Post data on https://cmdts.ksmobile.com/c/
D/Sensors ( 1016): AccelerationSensor: set delay 200
D/PicksNativeAdUpdater(17185): update()
W/Settings(17185): Setting android_id has moved from android.provider.Settings.System to android.provider.Settings.Secure, returning read-only value.
I/Choreographer(17185): Skipped 30 frames!  The application may be doing too much work on its main thread.
W/Settings(17185): Setting android_id has moved from android.provider.Settings.System to android.provider.Settings.Secure, returning read-only value.
D/KInfoc  (17185): tableName: fm_ads_nativerequest dataString: adstype=2&adsstatus=1&uptime2=1428095565
W/KInfoc  (17185): The data section count is not equal! table:fm_public, count in format:13, count in data:14.
D/KInfoc  (17185): Post data via network.
D/KInfoc  (17185): Post data on http://infoc2.duba.net/c/
D/KInfoc  (17185): Post data on https://cmdts.ksmobile.com/c/
I/LaunchCheckinHandler( 1016): Displayed com.rhmsoft.fm/.FileManager,cp,ca,1271
I/ActivityManager( 1016): Displayed com.rhmsoft.fm/.FileManager: +1s271ms
E/rsC++   (30757): RS Message thread exiting.
D/PicksNativeAdUpdater(17185): onLoadSuccess
D/PicksNativeAdUpdater(17185): onLoadSuccess. 9 ADs
D/FileManagerHD(17185): ADs in pool: 1
D/FileManagerHD(17185): ADs in pool: 2
D/FileManagerHD(17185): ADs in pool: 3
D/FileManagerHD(17185): ADs in pool: 4
D/FileManagerHD(17185): ADs in pool: 5
D/FileManagerHD(17185): ADs in pool: 6
D/FileManagerHD(17185): ADs in pool: 7
D/FileManagerHD(17185): ADs in pool: 8
D/FileManagerHD(17185): ADs in pool: 9
W/Settings(17185): Setting android_id has moved from android.provider.Settings.System to android.provider.Settings.Secure, returning read-only value.
D/KInfoc  (17185): tableName: fm_ads_nativerequest dataString: adstype=2&adsstatus=2&uptime2=1428095566
W/KInfoc  (17185): The data section count is not equal! table:fm_public, count in format:13, count in data:14.
D/KInfoc  (17185): Post data via network.
D/KInfoc  (17185): Post data on http://infoc2.duba.net/c/
D/KInfoc  (17185): Post data on https://cmdts.ksmobile.com/c/
D/adReport(17185): ad.shown: Game of War - Fire Age (picks)
W/Settings(17185): Setting android_id has moved from android.provider.Settings.System to android.provider.Settings.Secure, returning read-only value.
W/Settings(17185): Setting android_id has moved from android.provider.Settings.System to android.provider.Settings.Secure, returning read-only value.
D/KInfoc  (17185): tableName: fm_ads_nativeclick dataString: path=/storage/emulated/0/Download&isclick=2&level=4&page=1&adstype=2&viewtype=1&uptime2=1428095566
W/KInfoc  (17185): The data section count is not equal! table:fm_public, count in format:13, count in data:14.
D/KInfoc  (17185): Post data via network.
D/KInfoc  (17185): Post data on http://infoc2.duba.net/c/
D/KInfoc  (17185): Post data on https://cmdts.ksmobile.com/c/
D/FileManagerHD(17185): ADs in pool: 8
W/PackageParser(17185): No actions in intent filter at /storage/emulated/0/Download/FB_Auth-release.apk Binary XML file line #28
D/WifiStateMachine( 1016): handleMessage: E msg.what=151572
D/WifiStateMachine( 1016): processMsg: ConnectedState
D/WifiStateMachine( 1016): processMsg: L2ConnectedState
D/WifiStateMachine( 1016): handleMessage: X
I/KInfoc  (17185): Post successed, server Priority: 2, table: fm_ads_nativerequest, last time: 1428095566
D/FileManagerHD(17185): ADs in pool: 7
D/FacebookNativeAdUpdater(17185): onAdLoaded, ad:com.facebook.ads.NativeAd@42a47958
D/KInfoc  (17185): tableName: fm_ads_nativerequest dataString: adstype=1&adsstatus=2&uptime2=1428095566
W/KInfoc  (17185): The data section count is not equal! table:fm_public, count in format:13, count in data:14.
D/KInfoc  (17185): Post data via network.
D/KInfoc  (17185): Post data on http://infoc2.duba.net/c/
D/FileManagerHD(17185): ADs in pool: 8
D/KInfoc  (17185): Post data on https://cmdts.ksmobile.com/c/
I/KInfoc  (17185): Post successed, server Priority: 2, table: fm_ads_nativerequest, last time: 1428095566
D/WifiStateMachine( 1016): handleMessage: E msg.what=151572
D/WifiStateMachine( 1016): processMsg: ConnectedState
D/WifiStateMachine( 1016): processMsg: L2ConnectedState
D/WifiStateMachine( 1016): handleMessage: X
I/KInfoc  (17185): Post successed, server Priority: 1, table: fm_ads_nativerequest, last time: 1428095567
I/KInfoc  (17185): Post successed, server Priority: 1, table: fm_ads_nativerequest, last time: 1428095567
I/KInfoc  (17185): Post successed, server Priority: 2, table: fm_ads_nativerequest, last time: 1428095567
I/KInfoc  (17185): Post successed, server Priority: 1, table: fm_ads_nativerequest, last time: 1428095567
E/cutils  (  261): Failed to mkdirat(/storage/sdcard1/Android): Read-only file system
W/Vold    (  261): Returning OperationFailed - no handler for errno 30
W/ContextImpl(17185): Failed to ensure directory: /storage/sdcard1/Android/data/com.rhmsoft.fm/cache
E/cutils  (  261): Failed to mkdirat(/storage/sdcard1/Android): Read-only file system
W/Vold    (  261): Returning OperationFailed - no handler for errno 30
W/ContextImpl(17185): Failed to ensure directory: /storage/sdcard1/Android/data/com.rhmsoft.fm/cache
E/cutils  (  261): Failed to mkdirat(/storage/sdcard1/Android): Read-only file system
W/Vold    (  261): Returning OperationFailed - no handler for errno 30
W/ContextImpl(17185): Failed to ensure directory: /storage/sdcard1/Android/data/com.rhmsoft.fm/cache
E/cutils  (  261): Failed to mkdirat(/storage/sdcard1/Android): Read-only file system
W/Vold    (  261): Returning OperationFailed - no handler for errno 30
W/ContextImpl(17185): Failed to ensure directory: /storage/sdcard1/Android/data/com.rhmsoft.fm/cache
D/FacebookNativeAdUpdater(17185): onAdLoaded, ad:com.facebook.ads.NativeAd@42a5cf68
D/KInfoc  (17185): tableName: fm_ads_nativerequest dataString: adstype=1&adsstatus=2&uptime2=1428095568
W/KInfoc  (17185): The data section count is not equal! table:fm_public, count in format:13, count in data:14.
D/KInfoc  (17185): Post data via network.
D/KInfoc  (17185): Post data on http://infoc2.duba.net/c/
D/KInfoc  (17185): Post data on https://cmdts.ksmobile.com/c/
D/FileManagerHD(17185): ADs in pool: 9
I/KInfoc  (17185): Post successed, server Priority: 1, table: fm_ads_nativerequest, last time: 1428095567
D/WifiStateMachine( 1016): handleMessage: E msg.what=151572
D/WifiStateMachine( 1016): processMsg: ConnectedState
D/WifiStateMachine( 1016): processMsg: L2ConnectedState
D/WifiStateMachine( 1016): handleMessage: X
D/WifiStateMachine( 1016): handleMessage: E msg.what=131155
D/WifiStateMachine( 1016): processMsg: ConnectedState
D/WifiStateMachine( 1016): processMsg: L2ConnectedState
D/WifiStateMachine( 1016): handleMessage: X
I/KInfoc  (17185): Post successed, server Priority: 1, table: fm_ads_nativerequest, last time: 1428095568
I/KInfoc  (17185): Post successed, server Priority: 2, table: fm_ads_nativerequest, last time: 1428095568
I/KInfoc  (17185): Post successed, server Priority: 1, table: fm_ads_nativeclick, last time: 1428095568
D/KInfoc  (17185): tableName: fm_fileopen dataString: file_size=3&open_source=1&file_path=/storage/emulated/0/Download&file_type=apk&uptime2=1428095568
W/KInfoc  (17185): The data section count is not equal! table:fm_public, count in format:13, count in data:14.
W/KInfoc  (17185): The data section count is not equal! table:fm_public, count in format:13, count in data:14.
D/KInfoc  (17185): SAVE ICH : ALL=136 startOffset=90 HL=90 DL=46
W/KInfoc  (17185): The data section count is not equal! table:fm_public, count in format:13, count in data:14.
D/KInfoc  (17185): SAVE ICH : ALL=136 startOffset=90 HL=90 DL=46
I/ActivityManager( 1016): START u0 {act=android.intent.action.VIEW cat=[android.intent.category.DEFAULT] dat=file:///storage/emulated/0/Download/FB_Auth-release.apk typ=application/vnd.android.package-archive flg=0x10000 cmp=com.android.packageinstaller/.PackageInstallerActivity} from pid 17185
W/ContextImpl( 1231): Calling a method in the system process without a qualified user: android.app.ContextImpl.sendBroadcast:1252 android.content.ContextWrapper.sendBroadcast:365 com.motorola.motocare.util.TriggerHelper$TriggerBuilder.send:76 com.motorola.motocare.internal.frameworkevents.PauseResumeTrigger.handleFrameworkEvent:53 com.motorola.motocare.internal.frameworkevents.FwEventMonitor$FrameworkListener.processFrameworkEvent:114 
I/ActivityManager( 1016): Start proc com.android.packageinstaller for activity com.android.packageinstaller/.PackageInstallerActivity: pid=17302 uid=10085 gids={50085, 1028}
W/ContextImpl( 1231): Calling a method in the system process without a qualified user: android.app.ContextImpl.sendBroadcast:1252 android.content.ContextWrapper.sendBroadcast:365 com.motorola.motocare.util.TriggerHelper$TriggerBuilder.send:76 com.motorola.motocare.internal.frameworkevents.PauseResumeTrigger.handleFrameworkEvent:53 com.motorola.motocare.internal.frameworkevents.FwEventMonitor$FrameworkListener.processFrameworkEvent:114 
I/KInfoc  (17185): Post successed, server Priority: 1, table: fm_ads_nativerequest, last time: 1428095568
W/PackageParser(17302): No actions in intent filter at /storage/emulated/0/Download/FB_Auth-release.apk Binary XML file line #28
D/dalvikvm(17185): GC_CONCURRENT freed 4872K, 30% free 12189K/17224K, paused 3ms+5ms, total 36ms
I/KInfoc  (17185): Post successed, server Priority: 1, table: fm_ads_nativerequest, last time: 1428095568
I/AppSecurityPermissions(17302): Ignoring unknown permission:android.permission.RECORD_VIDEO
D/MDMCTBK (  276): reply_len: 40 reply is = IFNAME=wlan0 <3>CTRL-EVENT-STATE-CHANGE 
D/MDMCTBK (  276): Event received = CTRL-EVENT-STATE-CHANGE 
I/wpa_supplicant( 1178): wlan0: WPA: Group rekeying completed with 70:54:d2:ae:26:93 [GTK=TKIP]
D/MDMCTBK (  276): reply_len: 40 reply is = IFNAME=wlan0 <3>WPA: Group rekeying comp
D/MDMCTBK (  276): Event received = WPA: Group rekeying comp
D/MDMCTBK (  276): reply_len: 40 reply is = IFNAME=wlan0 <3>CTRL-EVENT-STATE-CHANGE 
D/MDMCTBK (  276): Event received = CTRL-EVENT-STATE-CHANGE 
D/WifiStateMachine( 1016): handleMessage: E msg.what=147462
D/WifiStateMachine( 1016): processMsg: ConnectedState
D/WifiStateMachine( 1016): processMsg: L2ConnectedState
D/WifiStateMachine( 1016): processMsg: ConnectModeState
D/WifiStateMachine( 1016): handleMessage: X
D/WifiStateMachine( 1016): handleMessage: E msg.what=147462
D/WifiStateMachine( 1016): processMsg: ConnectedState
D/WifiStateMachine( 1016): processMsg: L2ConnectedState
D/WifiStateMachine( 1016): processMsg: ConnectModeState
D/WifiStateMachine( 1016): handleMessage: X
D/FacebookNativeAdUpdater(17185): onAdLoaded, ad:com.facebook.ads.NativeAd@42ad07e8
D/FileManagerHD(17185): ADs in pool: 10
D/KInfoc  (17185): tableName: fm_ads_nativerequest dataString: adstype=1&adsstatus=2&uptime2=1428095569
W/KInfoc  (17185): The data section count is not equal! table:fm_public, count in format:13, count in data:14.
D/KInfoc  (17185): Post data via network.
D/KInfoc  (17185): Post data on http://infoc2.duba.net/c/
D/KInfoc  (17185): Post data on https://cmdts.ksmobile.com/c/
I/KInfoc  (17185): Post successed, server Priority: 1, table: fm_ads_nativerequest, last time: 1428095569
I/Adreno-EGL(17302): <qeglDrvAPI_eglInitialize:410>: EGL 1.4 QUALCOMM build: AU_LINUX_ANDROID_LNX.LA.3.5.1_RB1.04.04.02.048.018_msm8226_LNX.LA.3.5.1_RB1__release_AU ()
I/Adreno-EGL(17302): OpenGL ES Shader Compiler Version: E031.24.00.08
I/Adreno-EGL(17302): Build Date: 03/07/14 Fri
I/Adreno-EGL(17302): Local Branch: 
I/Adreno-EGL(17302): Remote Branch: quic/LNX.LA.3.5.1_RB1.1
I/Adreno-EGL(17302): Local Patches: NONE
I/Adreno-EGL(17302): Reconstruct Branch: AU_LINUX_ANDROID_LNX.LA.3.5.1_RB1.04.04.02.048.018 + f2fd134 +  NOTHING
D/OpenGLRenderer(17302): Enabling debug mode 0
D/WifiStateMachine( 1016): handleMessage: E msg.what=151572
D/WifiStateMachine( 1016): processMsg: ConnectedState
D/WifiStateMachine( 1016): processMsg: L2ConnectedState
D/WifiStateMachine( 1016): handleMessage: X
V/RenderScript(17302): 0x60526af0 Launching thread(s), CPUs 4
I/KInfoc  (17185): Post successed, server Priority: 2, table: fm_ads_nativerequest, last time: 1428095569
I/LaunchCheckinHandler( 1016): Displayed com.android.packageinstaller/.PackageInstallerActivity,cp,ca,627
I/ActivityManager( 1016): Displayed com.android.packageinstaller/.PackageInstallerActivity: +627ms
D/NativeAdManager(17185): stop worker
I/ActivityManager( 1016): Process android.process.acore (pid 16953) has died.
W/ManagedEGLContext(14867): doTerminate failed: EGL count is 2 but managed count is 1
D/KInfoc  (17185): tableName: fm_act_0 dataString: s=0&s=0&themestyle=1&homepagestyle=1&uptime2=1428095570
W/KInfoc  (17185): The data section count is not equal! table:fm_public, count in format:13, count in data:14.
W/KInfoc  (17185): The data section count is not equal! table:fm_act_0, count in format:4, count in data:5.
D/KInfoc  (17185): Post data via network.
D/KInfoc  (17185): Post data on http://infoc2.duba.net/c/
D/KInfoc  (17185): Post data on https://cmdts.ksmobile.com/c/
I/KInfoc  (17185): Post successed, server Priority: 2, table: fm_ads_nativeclick, last time: 1428095569
I/KInfoc  (17185): Post successed, server Priority: 1, table: fm_act_0, last time: 1428095570
D/WifiStateMachine( 1016): handleMessage: E msg.what=151572
D/WifiStateMachine( 1016): processMsg: ConnectedState
D/WifiStateMachine( 1016): processMsg: L2ConnectedState
D/WifiStateMachine( 1016): handleMessage: X
I/SFPerfTracer(  278):      triggers: (rate: 39:2951) (compose: 0:14) (post: 0:2) (render: 9:449) (0:62164 frames) (1:170345)
D/SFPerfTracer(  278):        layers: (3:13) (DimLayer: 0:65)* (DimLayer: 0:25)* (FocusedStackFrame: 0:1928)* (StatusBar: 0:10329) (NavigationBar: 0:13216) (DimLayer: 0:3197)* (DimLayer: 0:349)* (com.android.wallpaper.fall.FallWallpaper: 0:21335)* (com.android.launcher/com.android.launcher2.Launcher: 0:37)* (Starting com.rhmsoft.fm: 0:32)* (com.rhmsoft.fm/com.rhmsoft.fm.FileManager: 0:45)* (Starting com.android.packageinstaller: 0:14)* (com.android.packageinstaller/com.android.packageinstaller.PackageInstallerActivity: 1:7) 
I/ActivityManager( 1016): START u0 {dat=file:///storage/emulated/0/Download/FB_Auth-release.apk cmp=com.android.packageinstaller/.InstallAppProgress (has extras)} from pid 17302
W/ContextImpl( 1231): Calling a method in the system process without a qualified user: android.app.ContextImpl.sendBroadcast:1252 android.content.ContextWrapper.sendBroadcast:365 com.motorola.motocare.util.TriggerHelper$TriggerBuilder.send:76 com.motorola.motocare.internal.frameworkevents.PauseResumeTrigger.handleFrameworkEvent:53 com.motorola.motocare.internal.frameworkevents.FwEventMonitor$FrameworkListener.processFrameworkEvent:114 
W/ContextImpl( 1231): Calling a method in the system process without a qualified user: android.app.ContextImpl.sendBroadcast:1252 android.content.ContextWrapper.sendBroadcast:365 com.motorola.motocare.util.TriggerHelper$TriggerBuilder.send:76 com.motorola.motocare.internal.frameworkevents.PauseResumeTrigger.handleFrameworkEvent:53 com.motorola.motocare.internal.frameworkevents.FwEventMonitor$FrameworkListener.processFrameworkEvent:114 
W/InstallAppProgress(17302): Replacing package:com.giftme.fb_auth
I/ActivityManager( 1016): Start proc com.android.defcontainer for service com.android.defcontainer/.DefaultContainerService: pid=17342 uid=10013 gids={50013, 1028, 1015, 1023, 2001, 1035}
I/LaunchCheckinHandler( 1016): Displayed com.android.packageinstaller/.InstallAppProgress,wp,ca,124
I/ActivityManager( 1016): Displayed com.android.packageinstaller/.InstallAppProgress: +125ms
W/ActivityManager( 1016): No content provider found for permission revoke: file:///storage/emulated/0/Download/FB_Auth-release.apk
W/ManagedEGLContext(13115): doTerminate failed: EGL count is 2 but managed count is 1
D/Finsky  (14281): [1] PackageVerificationReceiver.onReceive: Verification requested, id = 35
D/Finsky  (14281): [1] WorkerTask.onPreExecute: Verification Requested for id = 35, data=file:///storage/emulated/0/Download/FB_Auth-release.apk flags=18 fromVerificationActivity=false
W/PackageParser(14281): No actions in intent filter at /storage/emulated/0/Download/FB_Auth-release.apk Binary XML file line #28
D/dalvikvm(14281): GC_CONCURRENT freed 1137K, 19% free 15255K/18628K, paused 4ms+13ms, total 57ms
I/SFPerfTracer(  278):      triggers: (rate: 51:35226) (89650 sw vsyncs) (64903 skipped) (25:180135 vsyncs) (27:292354)
I/KInfoc  (17185): Post successed, server Priority: 2, table: fm_ads_nativerequest, last time: 1428095570
D/WifiStateMachine( 1016): handleMessage: E msg.what=151572
D/WifiStateMachine( 1016): processMsg: ConnectedState
D/WifiStateMachine( 1016): processMsg: L2ConnectedState
D/WifiStateMachine( 1016): handleMessage: X
D/WifiStateMachine( 1016): handleMessage: E msg.what=131155
D/WifiStateMachine( 1016): processMsg: ConnectedState
D/WifiStateMachine( 1016): processMsg: L2ConnectedState
D/WifiStateMachine( 1016): handleMessage: X
I/dalvikvm(14281): Jit: resizing JitTable from 4096 to 8192
D/dalvikvm(14281): GC_FOR_ALLOC freed 1795K, 19% free 15249K/18628K, paused 28ms, total 29ms
I/qtaguid (14281): Failed write_ctrl(u 83) res=-1 errno=22
I/qtaguid (14281): Untagging socket 83 failed errno=-22
W/NetworkManagementSocketTagger(14281): untagSocket(83) failed with errno -22
D/Finsky  (14281): [1] 2.onResponse: Verification id=35 response=0
D/Finsky  (14281): [1] PackageVerificationReceiver.onReceive: Verification requested, id = 35
W/ActivityManager( 1016): No content provider found for permission revoke: file:///storage/emulated/0/Download/FB_Auth-release.apk
I/PackageManager( 1016): Copying native libraries to /data/app-lib/vmdl-615024012
W/PackageParser( 1016): No actions in intent filter at /data/app/vmdl-615024012.tmp Binary XML file line #28
I/KInfoc  (17185): Post successed, server Priority: 2, table: fm_ads_nativerequest, last time: 1428095571
I/ActivityManager( 1016): Force stopping com.giftme.fb_auth appid=10106 user=-1: uninstall pkg
I/ActivityManager( 1016): Killing 13115:com.giftme.fb_auth/u0a106 (adj 10): stop com.giftme.fb_auth
I/ActivityManager( 1016):   Force finishing activity ActivityRecord{42fedba0 u0 com.giftme.fb_auth/.FB_Auth t122}
W/ContextImpl( 1231): Calling a method in the system process without a qualified user: android.app.ContextImpl.sendBroadcast:1252 android.content.ContextWrapper.sendBroadcast:365 com.motorola.motocare.util.TriggerHelper$TriggerBuilder.send:76 com.motorola.motocare.internal.frameworkevents.ProcessKillTrigger.sendTrigger:147 com.motorola.motocare.internal.frameworkevents.ProcessKillTrigger.handleFrameworkEvent:164 
D/WifiStateMachine( 1016): handleMessage: E msg.what=151572
D/WifiStateMachine( 1016): processMsg: ConnectedState
D/WifiStateMachine( 1016): processMsg: L2ConnectedState
I/WindowState( 1016): WIN DEATH: Window{42fe6458 u0 com.giftme.fb_auth/com.giftme.fb_auth.FB_Auth}
D/WifiStateMachine( 1016): handleMessage: X
I/PackageManager( 1016): Package com.giftme.fb_auth codePath changed from /data/app/com.giftme.fb_auth-2.apk to /data/app/com.giftme.fb_auth-1.apk; Retaining data and using new
I/PackageManager( 1016): Running dexopt on: com.giftme.fb_auth
I/KInfoc  (17185): Post successed, server Priority: 2, table: fm_ads_nativerequest, last time: 1428095572
I/KInfoc  (17053): Auto Post
W/Settings(17053): Setting android_id has moved from android.provider.Settings.System to android.provider.Settings.Secure, returning read-only value.
D/KInfoc  (17053): set batch timer
D/dalvikvm(17374): DexOpt: load 105ms, verify+opt 379ms, 1767204 bytes
I/ActivityManager( 1016): Force stopping com.giftme.fb_auth appid=10106 user=-1: update pkg
W/PackageManager( 1016): Code path for pkg : com.giftme.fb_auth changing from /data/app/com.giftme.fb_auth-2.apk to /data/app/com.giftme.fb_auth-1.apk
W/PackageManager( 1016): Resource path for pkg : com.giftme.fb_auth changing from /data/app/com.giftme.fb_auth-2.apk to /data/app/com.giftme.fb_auth-1.apk
D/WifiStateMachine( 1016): handleMessage: E msg.what=151572
D/WifiStateMachine( 1016): processMsg: ConnectedState
D/WifiStateMachine( 1016): processMsg: L2ConnectedState
D/WifiStateMachine( 1016): handleMessage: X
W/PackageManager( 1016): Unknown permission android.permission.RECORD_VIDEO in package com.giftme.fb_auth
I/ActivityManager( 1016): Force stopping com.giftme.fb_auth appid=10106 user=0: pkg removed
D/dalvikvm( 2456): GC_EXPLICIT freed 1463K, 45% free 9501K/17224K, paused 2ms+3ms, total 26ms
I/SFPerfTracer(  278):      triggers: (rate: 51:35226) (89650 sw vsyncs) (64903 skipped) (0:180153 vsyncs) (2:292456)
D/dalvikvm(30757): GC_EXPLICIT freed 521K, 19% free 14360K/17560K, paused 2ms+5ms, total 80ms
I/KInfoc  (17185): Post successed, server Priority: 2, table: fm_act_0, last time: 1428095573
D/dalvikvm( 1078): GC_EXPLICIT freed 2606K, 35% free 12968K/19700K, paused 2ms+7ms, total 40ms
D/dalvikvm( 1016): GC_CONCURRENT freed 4154K, 33% free 26350K/39124K, paused 3ms+15ms, total 134ms
D/dalvikvm( 1016): WAIT_FOR_CONCURRENT_GC blocked 47ms
I/InputReader( 1016): Reconfiguring input devices.  changes=0x00000010
I/InputReader( 1016): Reconfiguring input devices.  changes=0x00000010
I/Launcher(30757): Deferring update until onResume
I/PackageManager( 1016): Adding preferred activity ComponentInfo{com.android.mms/com.android.mms.ui.ComposeMessageActivity} for user 0 :
I/PackageManager( 1016):   Action: "android.intent.action.SENDTO"
I/PackageManager( 1016):   Category: "android.intent.category.DEFAULT"
I/PackageManager( 1016):   Scheme: "sms"
I/PackageManager( 1016): Adding preferred activity ComponentInfo{com.android.mms/com.android.mms.ui.ComposeMessageActivity} for user 0 :
I/PackageManager( 1016):   Action: "android.intent.action.SENDTO"
I/PackageManager( 1016):   Category: "android.intent.category.DEFAULT"
I/PackageManager( 1016):   Scheme: "smsto"
I/InputReader( 1016): Reconfiguring input devices.  changes=0x00000010
I/ActivityManager( 1016): Start proc android.process.acore for broadcast com.android.providers.contacts/.PackageIntentReceiver: pid=17387 uid=10010 gids={50010, 3003, 1028, 1015, 1023}
I/SFPerfTracer(  278):      triggers: (rate: 39:2951) (compose: 0:14) (post: 0:2) (render: 9:449) (0:62181 frames) (1:170445)
D/SFPerfTracer(  278):        layers: (3:10) (DimLayer: 0:65)* (DimLayer: 0:25)* (FocusedStackFrame: 0:1934)* (StatusBar: 0:10329) (NavigationBar: 0:13216) (DimLayer: 0:3197)* (DimLayer: 0:351)* (com.android.wallpaper.fall.FallWallpaper: 0:21335)* (com.android.packageinstaller/com.android.packageinstaller.PackageInstallerActivity: 0:38)* (com.android.packageinstaller/com.android.packageinstaller.InstallAppProgress: 1:87) 
I/PackageManager( 1016): Adding preferred activity ComponentInfo{com.android.mms/com.android.mms.ui.ComposeMessageActivity} for user 0 :
I/PackageManager( 1016):   Action: "android.intent.action.SENDTO"
I/PackageManager( 1016):   Category: "android.intent.category.DEFAULT"
I/PackageManager( 1016):   Scheme: "mms"
I/PackageManager( 1016): Adding preferred activity ComponentInfo{com.android.mms/com.android.mms.ui.ComposeMessageActivity} for user 0 :
I/PackageManager( 1016):   Action: "android.intent.action.SENDTO"
I/PackageManager( 1016):   Category: "android.intent.category.DEFAULT"
I/PackageManager( 1016):   Scheme: "mmsto"
D/dalvikvm( 1016): GC_EXPLICIT freed 838K, 34% free 25882K/39124K, paused 4ms+14ms, total 137ms
D/dalvikvm( 1016): WAIT_FOR_CONCURRENT_GC blocked 96ms
I/PackageManager( 1016): Adding preferred activity ComponentInfo{com.android.mms/com.android.mms.ui.ComposeMessageActivity} for user 0 :
I/PackageManager( 1016):   Action: "android.intent.action.SENDTO"
I/PackageManager( 1016):   Category: "android.intent.category.DEFAULT"
I/PackageManager( 1016):   Scheme: "sms"
I/PackageManager( 1016): Adding preferred activity ComponentInfo{com.android.mms/com.android.mms.ui.ComposeMessageActivity} for user 0 :
I/PackageManager( 1016):   Action: "android.intent.action.SENDTO"
I/PackageManager( 1016):   Category: "android.intent.category.DEFAULT"
I/PackageManager( 1016):   Scheme: "smsto"
I/PackageManager( 1016): Adding preferred activity ComponentInfo{com.android.mms/com.android.mms.ui.ComposeMessageActivity} for user 0 :
I/PackageManager( 1016):   Action: "android.intent.action.SENDTO"
I/PackageManager( 1016):   Category: "android.intent.category.DEFAULT"
I/PackageManager( 1016):   Scheme: "mms"
D/dalvikvm( 1255): GC_CONCURRENT freed 1908K, 45% free 9540K/17224K, paused 3ms+3ms, total 41ms
I/Launcher(30757): Deferring update until onResume
I/PackageManager( 1016): Adding preferred activity ComponentInfo{com.android.mms/com.android.mms.ui.ComposeMessageActivity} for user 0 :
I/PackageManager( 1016):   Action: "android.intent.action.SENDTO"
I/PackageManager( 1016):   Category: "android.intent.category.DEFAULT"
I/PackageManager( 1016):   Scheme: "mmsto"
I/PackageManager( 1016): Adding preferred activity ComponentInfo{com.android.mms/com.android.mms.ui.ComposeMessageActivity} for user 0 :
I/PackageManager( 1016):   Action: "android.intent.action.SENDTO"
I/PackageManager( 1016):   Category: "android.intent.category.DEFAULT"
I/PackageManager( 1016):   Scheme: "sms"
I/ActivityManager( 1016): Start proc com.motorola.MotGallery2 for broadcast com.motorola.MotGallery2/com.android.gallery3d.app.PackagesMonitor: pid=17403 uid=10034 gids={50034, 3003, 1028, 1015}
I/PackageManager( 1016): Adding preferred activity ComponentInfo{com.android.mms/com.android.mms.ui.ComposeMessageActivity} for user 0 :
I/PackageManager( 1016):   Action: "android.intent.action.SENDTO"
I/PackageManager( 1016):   Category: "android.intent.category.DEFAULT"
I/PackageManager( 1016):   Scheme: "smsto"
D/BackupManagerService( 1016): Received broadcast Intent { act=android.intent.action.PACKAGE_REMOVED dat=package:com.giftme.fb_auth flg=0x4000010 (has extras) }
I/PackageManager( 1016): Adding preferred activity ComponentInfo{com.android.mms/com.android.mms.ui.ComposeMessageActivity} for user 0 :
I/PackageManager( 1016):   Action: "android.intent.action.SENDTO"
I/PackageManager( 1016):   Category: "android.intent.category.DEFAULT"
I/PackageManager( 1016):   Scheme: "mms"
I/PackageManager( 1016): Adding preferred activity ComponentInfo{com.android.mms/com.android.mms.ui.ComposeMessageActivity} for user 0 :
I/PackageManager( 1016):   Action: "android.intent.action.SENDTO"
I/PackageManager( 1016):   Category: "android.intent.category.DEFAULT"
I/PackageManager( 1016):   Scheme: "mmsto"
I/PackageManager( 1016): Adding preferred activity ComponentInfo{com.android.mms/com.android.mms.ui.ComposeMessageActivity} for user 0 :
I/PackageManager( 1016):   Action: "android.intent.action.SENDTO"
I/PackageManager( 1016):   Category: "android.intent.category.DEFAULT"
I/PackageManager( 1016):   Scheme: "sms"
D/BackupManagerService( 1016): Received broadcast Intent { act=android.intent.action.PACKAGE_ADDED dat=package:com.giftme.fb_auth flg=0x4000010 (has extras) }
V/BackupManagerService( 1016): removePackageParticipantsLocked: uid=10106 #1
V/BackupManagerService( 1016): addPackageParticipantsLocked: #1
I/PackageManager( 1016): Adding preferred activity ComponentInfo{com.android.mms/com.android.mms.ui.ComposeMessageActivity} for user 0 :
I/PackageManager( 1016):   Action: "android.intent.action.SENDTO"
I/PackageManager( 1016):   Category: "android.intent.category.DEFAULT"
I/PackageManager( 1016):   Scheme: "smsto"
D/dalvikvm( 1016): GC_EXPLICIT freed 643K, 34% free 25964K/39124K, paused 7ms+18ms, total 215ms
I/PackageManager( 1016): Adding preferred activity ComponentInfo{com.android.mms/com.android.mms.ui.ComposeMessageActivity} for user 0 :
I/PackageManager( 1016):   Action: "android.intent.action.SENDTO"
I/PackageManager( 1016):   Category: "android.intent.category.DEFAULT"
I/PackageManager( 1016):   Scheme: "mms"
I/PackageManager( 1016): Adding preferred activity ComponentInfo{com.android.mms/com.android.mms.ui.ComposeMessageActivity} for user 0 :
I/PackageManager( 1016):   Action: "android.intent.action.SENDTO"
I/PackageManager( 1016):   Category: "android.intent.category.DEFAULT"
I/PackageManager( 1016):   Scheme: "mmsto"
I/PackageManager( 1016): Adding preferred activity ComponentInfo{com.android.mms/com.android.mms.ui.ComposeMessageActivity} for user 0 :
I/PackageManager( 1016):   Action: "android.intent.action.SENDTO"
I/PackageManager( 1016):   Category: "android.intent.category.DEFAULT"
I/PackageManager( 1016):   Scheme: "sms"
I/ActivityManager( 1016): Start proc com.google.android.apps.docs for broadcast com.google.android.apps.docs/.receivers.AppPackageAddRemoveReceiver: pid=17420 uid=10060 gids={50060, 3003, 1028, 1015}
I/PackageManager( 1016): Adding preferred activity ComponentInfo{com.android.mms/com.android.mms.ui.ComposeMessageActivity} for user 0 :
I/PackageManager( 1016):   Action: "android.intent.action.SENDTO"
I/PackageManager( 1016):   Category: "android.intent.category.DEFAULT"
I/PackageManager( 1016):   Scheme: "smsto"
I/ContactLocale(17387): AddressBook Labels [en_GB]: [, A, B, C, D, E, F, G, H, I, J, K, L, M, N, O, P, Q, R, S, T, U, V, W, X, Y, Z, , , , , , , , , , , , , , , , , , , , , , , , , , , , , , , , , , , , , , , , , , , , , , , , , , , , , , , , , , , , , , , , , , , , , , , , , , , , , , , , , , , , , , , , , , , , , , , , , , , , , , , , , , , , , , , , , , , , , , , , , , , , , , , , , , , , , , , , , , , , , , , , , , , , , , , , , , , , , , , , , , , , , , , , , , , , , , , , , , , , , , #, ]
