D/dalvikvm( 5844): DexOpt: load 95ms, verify+opt 371ms, 1767204 bytes
I/SFPerfTracer(  278):      triggers: (rate: 41:29997) (88753 sw vsyncs) (54766 skipped) (0:161126 vsyncs) (2:270436)
W/PackageManager( 1016): Code path for pkg : com.giftme.fb_auth changing from /data/app/com.giftme.fb_auth-2.apk to /data/app/com.giftme.fb_auth-1.apk
W/PackageManager( 1016): Resource path for pkg : com.giftme.fb_auth changing from /data/app/com.giftme.fb_auth-2.apk to /data/app/com.giftme.fb_auth-1.apk
I/ActivityManager( 1016): Force stopping com.giftme.fb_auth appid=10106 user=-1: update pkg
D/dalvikvm( 1016): GC_CONCURRENT freed 3866K, 34% free 26015K/39124K, paused 3ms+10ms, total 101ms
D/dalvikvm( 1016): WAIT_FOR_CONCURRENT_GC blocked 44ms
W/PackageManager( 1016): Unknown permission android.permission.RECORD_VIDEO in package com.giftme.fb_auth
I/ActivityManager( 1016): Force stopping com.giftme.fb_auth appid=10106 user=0: pkg removed
D/dalvikvm(30757): GC_EXPLICIT freed 1491K, 20% free 14135K/17560K, paused 2ms+6ms, total 43ms
D/dalvikvm( 2456): GC_EXPLICIT freed 434K, 46% free 9366K/17224K, paused 2ms+3ms, total 24ms
D/dalvikvm( 1078): GC_EXPLICIT freed 3534K, 39% free 12928K/20996K, paused 2ms+8ms, total 35ms
D/dalvikvm(32378): GC_EXPLICIT freed 260K, 44% free 9745K/17224K, paused 11ms+14ms, total 64ms
I/InputReader( 1016): Reconfiguring input devices.  changes=0x00000010
I/InputReader( 1016): Reconfiguring input devices.  changes=0x00000010
I/InputReader( 1016): Reconfiguring input devices.  changes=0x00000010
I/PackageManager( 1016): Adding preferred activity ComponentInfo{com.android.mms/com.android.mms.ui.ComposeMessageActivity} for user 0 :
I/PackageManager( 1016):   Action: "android.intent.action.SENDTO"
I/PackageManager( 1016):   Category: "android.intent.category.DEFAULT"
I/PackageManager( 1016):   Scheme: "sms"
I/ActivityManager( 1016): Start proc android.process.acore for broadcast com.android.providers.contacts/.PackageIntentReceiver: pid=5849 uid=10010 gids={50010, 3003, 1028, 1015, 1023}
I/Launcher(30757): Deferring update until onResume
I/PackageManager( 1016): Adding preferred activity ComponentInfo{com.android.mms/com.android.mms.ui.ComposeMessageActivity} for user 0 :
I/PackageManager( 1016):   Action: "android.intent.action.SENDTO"
I/PackageManager( 1016):   Category: "android.intent.category.DEFAULT"
I/PackageManager( 1016):   Scheme: "smsto"
I/PackageManager( 1016): Adding preferred activity ComponentInfo{com.android.mms/com.android.mms.ui.ComposeMessageActivity} for user 0 :
I/PackageManager( 1016):   Action: "android.intent.action.SENDTO"
I/PackageManager( 1016):   Category: "android.intent.category.DEFAULT"
I/PackageManager( 1016):   Scheme: "mms"
I/PackageManager( 1016): Adding preferred activity ComponentInfo{com.android.mms/com.android.mms.ui.ComposeMessageActivity} for user 0 :
I/PackageManager( 1016):   Action: "android.intent.action.SENDTO"
I/PackageManager( 1016):   Category: "android.intent.category.DEFAULT"
I/PackageManager( 1016):   Scheme: "mmsto"
I/PackageManager( 1016): Adding preferred activity ComponentInfo{com.android.mms/com.android.mms.ui.ComposeMessageActivity} for user 0 :
I/PackageManager( 1016):   Action: "android.intent.action.SENDTO"
I/PackageManager( 1016):   Category: "android.intent.category.DEFAULT"
I/PackageManager( 1016):   Scheme: "sms"
D/dalvikvm(18319): GC_EXPLICIT freed 3434K, 27% free 30803K/41880K, paused 3ms+9ms, total 192ms
I/Launcher(30757): Deferring update until onResume
D/WifiStateMachine( 1016): handleMessage: E msg.what=151572
D/WifiStateMachine( 1016): processMsg: ConnectedState
D/WifiStateMachine( 1016): processMsg: L2ConnectedState
I/PackageManager( 1016): Adding preferred activity ComponentInfo{com.android.mms/com.android.mms.ui.ComposeMessageActivity} for user 0 :
I/PackageManager( 1016):   Action: "android.intent.action.SENDTO"
I/PackageManager( 1016):   Category: "android.intent.category.DEFAULT"
I/PackageManager( 1016):   Scheme: "smsto"
D/BackupManagerService( 1016): Received broadcast Intent { act=android.intent.action.PACKAGE_REMOVED dat=package:com.giftme.fb_auth flg=0x4000010 (has extras) }
D/WifiStateMachine( 1016): handleMessage: X
I/PackageManager( 1016): Adding preferred activity ComponentInfo{com.android.mms/com.android.mms.ui.ComposeMessageActivity} for user 0 :
I/PackageManager( 1016):   Action: "android.intent.action.SENDTO"
I/PackageManager( 1016):   Category: "android.intent.category.DEFAULT"
I/PackageManager( 1016):   Scheme: "mms"
I/PackageManager( 1016): Adding preferred activity ComponentInfo{com.android.mms/com.android.mms.ui.ComposeMessageActivity} for user 0 :
I/PackageManager( 1016):   Action: "android.intent.action.SENDTO"
I/PackageManager( 1016):   Category: "android.intent.category.DEFAULT"
I/PackageManager( 1016):   Scheme: "mmsto"
D/BackupManagerService( 1016): Received broadcast Intent { act=android.intent.action.PACKAGE_ADDED dat=package:com.giftme.fb_auth flg=0x4000010 (has extras) }
V/BackupManagerService( 1016): removePackageParticipantsLocked: uid=10106 #1
V/BackupManagerService( 1016): addPackageParticipantsLocked: #1
I/PackageManager( 1016): Adding preferred activity ComponentInfo{com.android.mms/com.android.mms.ui.ComposeMessageActivity} for user 0 :
I/PackageManager( 1016):   Action: "android.intent.action.SENDTO"
I/PackageManager( 1016):   Category: "android.intent.category.DEFAULT"
I/PackageManager( 1016):   Scheme: "sms"
I/PackageManager( 1016): Adding preferred activity ComponentInfo{com.android.mms/com.android.mms.ui.ComposeMessageActivity} for user 0 :
I/PackageManager( 1016):   Action: "android.intent.action.SENDTO"
I/PackageManager( 1016):   Category: "android.intent.category.DEFAULT"
I/PackageManager( 1016):   Scheme: "smsto"
D/dalvikvm( 1016): GC_EXPLICIT freed 1379K, 34% free 25875K/39124K, paused 6ms+15ms, total 176ms
I/PackageManager( 1016): Adding preferred activity ComponentInfo{com.android.mms/com.android.mms.ui.ComposeMessageActivity} for user 0 :
I/PackageManager( 1016):   Action: "android.intent.action.SENDTO"
I/PackageManager( 1016):   Category: "android.intent.category.DEFAULT"
I/PackageManager( 1016):   Scheme: "mms"
I/PackageManager( 1016): Adding preferred activity ComponentInfo{com.android.mms/com.android.mms.ui.ComposeMessageActivity} for user 0 :
I/PackageManager( 1016):   Action: "android.intent.action.SENDTO"
I/PackageManager( 1016):   Category: "android.intent.category.DEFAULT"
I/PackageManager( 1016):   Scheme: "mmsto"
I/PackageManager( 1016): Adding preferred activity ComponentInfo{com.android.mms/com.android.mms.ui.ComposeMessageActivity} for user 0 :
I/PackageManager( 1016):   Action: "android.intent.action.SENDTO"
I/PackageManager( 1016):   Category: "android.intent.category.DEFAULT"
I/PackageManager( 1016):   Scheme: "sms"
I/ActivityManager( 1016): Start proc com.motorola.MotGallery2 for broadcast com.motorola.MotGallery2/com.android.gallery3d.app.PackagesMonitor: pid=5870 uid=10034 gids={50034, 3003, 1028, 1015}
I/PackageManager( 1016): Adding preferred activity ComponentInfo{com.android.mms/com.android.mms.ui.ComposeMessageActivity} for user 0 :
I/PackageManager( 1016):   Action: "android.intent.action.SENDTO"
I/PackageManager( 1016):   Category: "android.intent.category.DEFAULT"
I/PackageManager( 1016):   Scheme: "smsto"
I/PackageManager( 1016): Adding preferred activity ComponentInfo{com.android.mms/com.android.mms.ui.ComposeMessageActivity} for user 0 :
I/PackageManager( 1016):   Action: "android.intent.action.SENDTO"
I/PackageManager( 1016):   Category: "android.intent.category.DEFAULT"
I/PackageManager( 1016):   Scheme: "mms"
I/PackageManager( 1016): Adding preferred activity ComponentInfo{com.android.mms/com.android.mms.ui.ComposeMessageActivity} for user 0 :
I/PackageManager( 1016):   Action: "android.intent.action.SENDTO"
I/PackageManager( 1016):   Category: "android.intent.category.DEFAULT"
I/PackageManager( 1016):   Scheme: "mmsto"
I/PackageManager( 1016): Adding preferred activity ComponentInfo{com.android.mms/com.android.mms.ui.ComposeMessageActivity} for user 0 :
I/PackageManager( 1016):   Action: "android.intent.action.SENDTO"
I/PackageManager( 1016):   Category: "android.intent.category.DEFAULT"
I/PackageManager( 1016):   Scheme: "sms"
I/PackageManager( 1016): Adding preferred activity ComponentInfo{com.android.mms/com.android.mms.ui.ComposeMessageActivity} for user 0 :
I/PackageManager( 1016):   Action: "android.intent.action.SENDTO"
I/PackageManager( 1016):   Category: "android.intent.category.DEFAULT"
I/PackageManager( 1016):   Scheme: "smsto"
I/PackageManager( 1016): Adding preferred activity ComponentInfo{com.android.mms/com.android.mms.ui.ComposeMessageActivity} for user 0 :
I/PackageManager( 1016):   Action: "android.intent.action.SENDTO"
I/PackageManager( 1016):   Category: "android.intent.category.DEFAULT"
I/PackageManager( 1016):   Scheme: "mms"
I/PackageManager( 1016): Adding preferred activity ComponentInfo{com.android.mms/com.android.mms.ui.ComposeMessageActivity} for user 0 :
I/PackageManager( 1016):   Action: "android.intent.action.SENDTO"
I/PackageManager( 1016):   Category: "android.intent.category.DEFAULT"
I/PackageManager( 1016):   Scheme: "mmsto"
I/PackageManager( 1016): Adding preferred activity ComponentInfo{com.android.mms/com.android.mms.ui.ComposeMessageActivity} for user 0 :
I/PackageManager( 1016):   Action: "android.intent.action.SENDTO"
I/PackageManager( 1016):   Category: "android.intent.category.DEFAULT"
I/PackageManager( 1016):   Scheme: "sms"
I/ActivityManager( 1016): Start proc com.google.android.apps.docs for broadcast com.google.android.apps.docs/.receivers.AppPackageAddRemoveReceiver: pid=5885 uid=10060 gids={50060, 3003, 1028, 1015}
I/PackageManager( 1016): Adding preferred activity ComponentInfo{com.android.mms/com.android.mms.ui.ComposeMessageActivity} for user 0 :
I/PackageManager( 1016):   Action: "android.intent.action.SENDTO"
I/PackageManager( 1016):   Category: "android.intent.category.DEFAULT"
I/PackageManager( 1016):   Scheme: "smsto"
I/PackageManager( 1016): Adding preferred activity ComponentInfo{com.android.mms/com.android.mms.ui.ComposeMessageActivity} for user 0 :
I/PackageManager( 1016):   Action: "android.intent.action.SENDTO"
I/PackageManager( 1016):   Category: "android.intent.category.DEFAULT"
I/PackageManager( 1016):   Scheme: "mms"
I/PackageManager( 1016): Adding preferred activity ComponentInfo{com.android.mms/com.android.mms.ui.ComposeMessageActivity} for user 0 :
I/PackageManager( 1016):   Action: "android.intent.action.SENDTO"
I/PackageManager( 1016):   Category: "android.intent.category.DEFAULT"
I/PackageManager( 1016):   Scheme: "mmsto"
I/ActivityManager( 1016): Process com.facebook.katana (pid 4487) has died.
D/WifiService( 1016): Client connection lost with reason: 4
W/ActivityManager( 1016): Scheduling restart of crashed service com.facebook.katana/com.facebook.push.mqtt.service.MqttPushService in 1000ms
I/ContactLocale( 5849): AddressBook Labels [en_GB]: [, A, B, C, D, E, F, G, H, I, J, K, L, M, N, O, P, Q, R, S, T, U, V, W, X, Y, Z, , , , , , , , , , , , , , , , , , , , , , , , , , , , , , , , , , , , , , , , , , , , , , , , , , , , , , , , , , , , , , , , , , , , , , , , , , , , , , , , , , , , , , , , , , , , , , , , , , , , , , , , , , , , , , , , , , , , , , , , , , , , , , , , , , , , , , , , , , , , , , , , , , , , , , , , , , , , , , , , , , , , , , , , , , , , , , , , , , , , , , #, ]
D/WifiStateMachine( 1016): handleMessage: E msg.what=131155
D/WifiStateMachine( 1016): processMsg: ConnectedState
D/WifiStateMachine( 1016): processMsg: L2ConnectedState
D/WifiStateMachine( 1016): handleMessage: X
W/ActiveOrDefaultContextProvider( 5885): Missing scope.enter somewhere. Returning default context
W/GAV2    ( 5885): Thread[main,5,main]: Need to call initialize() and be in fallback mode to start dispatch.
I/ActivityManager( 1016): Start proc com.android.keychain for broadcast com.android.keychain/.KeyChainBroadcastReceiver: pid=5916 uid=1000 gids={41000, 1028, 1015, 3002, 3001, 3003, 1021, 3004, 3005, 1000, 3009, 1023, 1010, 1004, 2002, 3006}
W/ContextImpl( 5916): Calling a method in the system process without a qualified user: android.app.ContextImpl.startService:1608 android.content.ContextWrapper.startService:494 android.content.ContextWrapper.startService:494 com.android.keychain.KeyChainBroadcastReceiver.onReceive:12 android.app.ActivityThread.handleReceiver:2434 
I/ActivityManager( 1016): Start proc com.google.android.apps.plus for broadcast com.google.android.apps.plus/.service.PackagesMediaMonitor: pid=5928 uid=10090 gids={50090, 3003, 3002, 1028, 1015}
E/NetworkScheduler.SchedulerReceiver(30376): Invalid parameter app
E/NetworkScheduler.SchedulerReceiver(30376): Invalid package name : Perhaps you didn't include a PendingIntent in the extras?
D/PackageBroadcastService(30409): Received broadcast action=android.intent.action.PACKAGE_REMOVED and uri=com.giftme.fb_auth
I/ActivityManager( 1016): Start proc com.facebook.katana:dash for broadcast com.facebook.katana/com.facebook.dash.receivers.DashPackageUninstallReceiver: pid=5948 uid=10110 gids={50110, 1028, 1015, 3003}
I/ConfigService(30376): onCreate
I/ConfigService(30376): onBind for Intent { act=com.google.android.gms.config.UPDATE pkg=com.google.android.gms } action com.google.android.gms.config.UPDATE
I/ConfigService(30376): onBind returning update interface
I/ConfigFetchService(30409): onStartCommand Intent { act=android.intent.action.PACKAGE_REMOVED dat=package:com.giftme.fb_auth cmp=com.google.android.gms/.config.ConfigFetchService (has extras) }
I/ConfigService(30376): onBind for Intent { act=com.google.android.gms.config.START pkg=com.google.android.gms } action com.google.android.gms.config.START
I/ConfigService(30376): onBind returning service broker
I/ConfigFetchService(30409): service connected
I/iu.UploadsManager( 5928): #reloadSettings(); account: null; pageID: none; IU: disabled; IS: disabled; photoWiFi: true; videoWiFi: true; roam: false; battery: true; size: FULL; maxMobile: 157286400
I/iu.UploadsManager( 5928): End new media; added: 0, uploading: 0, time: 25 ms
I/iu.Environment( 5928): update battery state; isPlugged? true*
I/iu.Environment( 5928): update connectivity state; isNetworkMetered? false, isRoaming? false, isBackgroundDataAllowed? true*
I/iu.FingerprintManager( 5928): Start processing all media
I/iu.FingerprintManager( 5928): Start processing media store URI: content://media/external/images/media
I/iu.FingerprintManager( 5928): Start processing media store URI: content://media/external/video/media
I/iu.FingerprintManager( 5928): Start processing media store URI: content://media/phoneStorage/images/media
I/iu.FingerprintManager( 5928): Start processing media store URI: content://media/phoneStorage/video/media
I/ActivityManager( 1016): START u0 {act=android.intent.action.MAIN cat=[android.intent.category.LAUNCHER] flg=0x10000000 pkg=com.giftme.fb_auth cmp=com.giftme.fb_auth/.FB_Auth} from pid 4316
I/iu.FingerprintManager( 5928): Finished generating fingerprints; 0.017 seconds
I/iu.FingerprintManager( 5928):   numSeen=0 numGenerated=0 numDeleted=0 numFailed=0
W/ContextImpl( 1231): Calling a method in the system process without a qualified user: android.app.ContextImpl.sendBroadcast:1252 android.content.ContextWrapper.sendBroadcast:365 com.motorola.motocare.util.TriggerHelper$TriggerBuilder.send:76 com.motorola.motocare.internal.frameworkevents.PauseResumeTrigger.handleFrameworkEvent:53 com.motorola.motocare.internal.frameworkevents.FwEventMonitor$FrameworkListener.processFrameworkEvent:114 
W/dalvikvm( 5948): VFY: unable to resolve static field 27745 (a) in Lcom/facebook/katana/app/WorkAppTypes;
D/dalvikvm( 5948): VFY: replacing opcode 0x62 at 0x0013
W/dalvikvm( 5948): VFY: unable to resolve static field 27746 (b) in Lcom/facebook/katana/app/WorkAppTypes;
D/dalvikvm( 5948): VFY: replacing opcode 0x62 at 0x001d
E/dalvikvm( 5948): Could not find class 'com.facebook.katana.app.WallpaperFacebookApplicationImpl', referenced from method com.facebook.katana.app.FacebookApplication.a
W/dalvikvm( 5948): VFY: unable to resolve new-instance 427 (Lcom/facebook/katana/app/WallpaperFacebookApplicationImpl;) in Lcom/facebook/katana/app/FacebookApplication;
D/dalvikvm( 5948): VFY: replacing opcode 0x22 at 0x00a9
D/dalvikvm( 5948): DexOpt: unable to opt direct call 0x05a5 at 0xab in Lcom/facebook/katana/app/FacebookApplication;.a
I/ActivityManager( 1016): Start proc com.giftme.fb_auth for activity com.giftme.fb_auth/.FB_Auth: pid=5975 uid=10106 gids={50106, 3003, 1028, 1015}
W/GAV2    ( 5885): Thread[main,5,main]: dispatch call queued.  Need to call GAServiceManager.getInstance().initialize().
I/dalvikvm( 5975): Enabling JNI app bug workarounds for target SDK version 7...
D/WifiStateMachine( 1016): handleMessage: E msg.what=151572
D/WifiStateMachine( 1016): processMsg: ConnectedState
D/WifiStateMachine( 1016): processMsg: L2ConnectedState
W/ContextImpl( 1231): Calling a method in the system process without a qualified user: android.app.ContextImpl.sendBroadcast:1252 android.content.ContextWrapper.sendBroadcast:365 com.motorola.motocare.util.TriggerHelper$TriggerBuilder.send:76 com.motorola.motocare.internal.frameworkevents.PauseResumeTrigger.handleFrameworkEvent:53 com.motorola.motocare.internal.frameworkevents.FwEventMonitor$FrameworkListener.processFrameworkEvent:114 
V/PhoneStatusBar( 1078): setLightsOn(true)
D/WifiStateMachine( 1016): handleMessage: X
I/CordovaLog( 5975): Changing log level to DEBUG(3)
D/CordovaActivity( 5975): CordovaActivity.init()
I/dalvikvm( 5975): Could not find method android.webkit.CookieManager.setAcceptThirdPartyCookies, referenced from method org.apache.cordova.CordovaWebView.initWebViewSettings
W/dalvikvm( 5975): VFY: unable to resolve virtual method 6163: Landroid/webkit/CookieManager;.setAcceptThirdPartyCookies (Landroid/webkit/WebView;Z)V
D/dalvikvm( 5975): VFY: replacing opcode 0x6e at 0x002a
D/CatchMeIfYouCan( 5948): Process (dash) ca: '/data/data/com.facebook.katana/app_cmiyc/0C66B38F48468E96F8008B6D5A2AE33B4A60265E01'
D/CatchMeIfYouCan( 5948): Process (dash) fc: '/data/data/com.facebook.katana/app_cmiyc/0C66B38F48468E96F8008B6D5A2AE33B4A60265E02'
D/CatchMeIfYouCan( 5948): Process (dash) cp: '('dash', 6, 60000, silent [true], restart [true], logout [true])'
D/ACRA    ( 5948): ACRA is enabled for com.facebook.katana, intializing...
V/WebViewChromiumFactoryProvider( 5975): Binding Chromium to main looper Looper (main, tid 1) {4278d298}
I/LibraryLoader( 5975): Expected native library version number "",actual native library version number ""
I/chromium( 5975): [INFO:library_loader_hooks.cc(116)] Chromium logging enabled: level = 0, default verbosity = 0
I/BrowserStartupController( 5975): Initializing chromium process, renderers=0
D/ACRA    ( 5948): Looking for error files in /data/data/com.facebook.katana/app_acra-reports
D/ACRA    ( 5948): Looking for error files in /data/data/com.facebook.katana/app_minidumps
E/AudioManagerAndroid( 5975): BLUETOOTH permission is missing!
D/dalvikvm( 5948): Trying to load lib /data/app-lib/com.facebook.katana-1/libgnustl_shared.so 0x42791ea0
D/dalvikvm( 5948): Added shared lib /data/app-lib/com.facebook.katana-1/libgnustl_shared.so 0x42791ea0
D/dalvikvm( 5948): No JNI_OnLoad found in /data/app-lib/com.facebook.katana-1/libgnustl_shared.so 0x42791ea0, skipping init
D/dalvikvm( 5948): Trying to load lib /data/app-lib/com.facebook.katana-1/libfb_breakpad_client.so 0x42791ea0
D/dalvikvm( 5948): Added shared lib /data/app-lib/com.facebook.katana-1/libfb_breakpad_client.so 0x42791ea0
D/dalvikvm( 5948): No JNI_OnLoad found in /system/lib/libstdc++.so 0x42791ea0, skipping init
D/dalvikvm( 5948): Trying to load lib /data/app-lib/com.facebook.katana-1/libsigmux.so 0x42791ea0
D/dalvikvm( 5948): Added shared lib /data/app-lib/com.facebook.katana-1/libsigmux.so 0x42791ea0
D/dalvikvm( 5948): No JNI_OnLoad found in /data/app-lib/com.facebook.katana-1/libsigmux.so 0x42791ea0, skipping init
D/dalvikvm( 5948): Trying to load lib /data/app-lib/com.facebook.katana-1/libdistract.so 0x42791ea0
D/dalvikvm( 5948): Added shared lib /data/app-lib/com.facebook.katana-1/libdistract.so 0x42791ea0
D/dalvikvm( 5948): No JNI_OnLoad found in /data/app-lib/com.facebook.katana-1/libdistract.so 0x42791ea0, skipping init
D/dalvikvm( 5948): Trying to load lib /data/app-lib/com.facebook.katana-1/libfb_dalvik-internals.so 0x42791ea0
D/dalvikvm( 5948): Added shared lib /data/app-lib/com.facebook.katana-1/libfb_dalvik-internals.so 0x42791ea0
V/DexLibLoader( 5948): about to lock: /data/data/com.facebook.katana/mdex_lock
V/DexLibLoader( 5948): locking /data/data/com.facebook.katana/mdex_lock took 0 ms
I/Adreno-EGL( 5975): <qeglDrvAPI_eglInitialize:410>: EGL 1.4 QUALCOMM build: AU_LINUX_ANDROID_LNX.LA.3.5.1_RB1.04.04.02.048.018_msm8226_LNX.LA.3.5.1_RB1__release_AU ()
I/Adreno-EGL( 5975): OpenGL ES Shader Compiler Version: E031.24.00.08
I/Adreno-EGL( 5975): Build Date: 03/07/14 Fri
I/Adreno-EGL( 5975): Local Branch: 
I/Adreno-EGL( 5975): Remote Branch: quic/LNX.LA.3.5.1_RB1.1
I/Adreno-EGL( 5975): Local Patches: NONE
I/Adreno-EGL( 5975): Reconstruct Branch: AU_LINUX_ANDROID_LNX.LA.3.5.1_RB1.04.04.02.048.018 + f2fd134 +  NOTHING
V/DexLibLoader( 5948): Secondary program dex metadata: secondary-1.dex.jar.xz c0d34653f435a7e59cc5f46e9bd47feaf68b0041 secondary.dex01.Canary
V/DexLibLoader( 5948): Secondary program dex metadata: secondary-2.dex.jar.xz 3651d03ae513595a1029ff9eae54d36128fdeb5e secondary.dex02.Canary
V/DexLibLoader( 5948): Secondary program dex metadata: secondary-3.dex.jar.xz 020c6d0135a14f0280ede88da3e858d29f1b9ed5 secondary.dex03.Canary
V/DexLibLoader( 5948): Secondary program dex metadata: secondary-4.dex.jar.xz 3cf3244a0d1c3e39128f7b89ad90b4842a36a05f secondary.dex04.Canary
V/DexLibLoader( 5948): Secondary program dex metadata: secondary-5.dex.jar.xz 666d745bfcb3c0496ae90e343db057d6082ce0c3 secondary.dex05.Canary
V/DexLibLoader( 5948): Secondary program dex metadata: secondary-6.dex.jar.xz 0089f1fba5ba3a3fb61d98c516e2bbc2e6adfa05 secondary.dex06.Canary
V/DexLibLoader( 5948): Secondary program dex metadata: secondary-7.dex.jar.xz 7cecb34308ef8d54acae00b06e3ade52d8da6d49 secondary.dex07.Canary
V/DexLibLoader( 5948): directory "/data/data/com.facebook.katana/app_secondary_program_dex" contains "program-c0d34653f435a7e59cc5f46e9bd47feaf68b00416661a1c7.dex.jar" as expected
V/DexLibLoader( 5948): directory "/data/data/com.facebook.katana/app_secondary_program_dex" contains "program-3651d03ae513595a1029ff9eae54d36128fdeb5e6661a1c7.dex.jar" as expected
V/DexLibLoader( 5948): directory "/data/data/com.facebook.katana/app_secondary_program_dex" contains "program-020c6d0135a14f0280ede88da3e858d29f1b9ed56661a1c7.dex.jar" as expected
V/DexLibLoader( 5948): directory "/data/data/com.facebook.katana/app_secondary_program_dex" contains "program-3cf3244a0d1c3e39128f7b89ad90b4842a36a05f6661a1c7.dex.jar" as expected
V/DexLibLoader( 5948): directory "/data/data/com.facebook.katana/app_secondary_program_dex" contains "program-666d745bfcb3c0496ae90e343db057d6082ce0c36661a1c7.dex.jar" as expected
V/DexLibLoader( 5948): directory "/data/data/com.facebook.katana/app_secondary_program_dex" contains "program-0089f1fba5ba3a3fb61d98c516e2bbc2e6adfa056661a1c7.dex.jar" as expected
V/DexLibLoader( 5948): directory "/data/data/com.facebook.katana/app_secondary_program_dex" contains "program-7cecb34308ef8d54acae00b06e3ade52d8da6d496661a1c7.dex.jar" as expected
D/DexLibLoader( 5948): ignoring file "program-c0d34653f435a7e59cc5f46e9bd47feaf68b00416661a1c7.dex.odex" in "/data/data/com.facebook.katana/app_secondary_program_dex"
D/DexLibLoader( 5948): ignoring file "program-3651d03ae513595a1029ff9eae54d36128fdeb5e6661a1c7.dex.odex" in "/data/data/com.facebook.katana/app_secondary_program_dex"
D/DexLibLoader( 5948): ignoring file "program-020c6d0135a14f0280ede88da3e858d29f1b9ed56661a1c7.dex.odex" in "/data/data/com.facebook.katana/app_secondary_program_dex"
D/DexLibLoader( 5948): ignoring file "program-3cf3244a0d1c3e39128f7b89ad90b4842a36a05f6661a1c7.dex.odex" in "/data/data/com.facebook.katana/app_secondary_program_dex"
D/DexLibLoader( 5948): ignoring file "program-666d745bfcb3c0496ae90e343db057d6082ce0c36661a1c7.dex.odex" in "/data/data/com.facebook.katana/app_secondary_program_dex"
D/DexLibLoader( 5948): ignoring file "program-0089f1fba5ba3a3fb61d98c516e2bbc2e6adfa056661a1c7.dex.odex" in "/data/data/com.facebook.katana/app_secondary_program_dex"
D/DexLibLoader( 5948): ignoring file "program-7cecb34308ef8d54acae00b06e3ade52d8da6d496661a1c7.dex.odex" in "/data/data/com.facebook.katana/app_secondary_program_dex"
D/DexLibLoader( 5948): directory "/data/data/com.facebook.katana/app_secondary_program_dex" is valid
D/DexLibLoader( 5948): ignoring file "primary_deps" in "/data/data/com.facebook.katana/app_secondary_program_dex_opt"
V/DexLibLoader( 5948): directory "/data/data/com.facebook.katana/app_secondary_program_dex_opt" contains "program-c0d34653f435a7e59cc5f46e9bd47feaf68b00416661a1c7.dex.dex" as expected
V/DexLibLoader( 5948): directory "/data/data/com.facebook.katana/app_secondary_program_dex_opt" contains "program-3651d03ae513595a1029ff9eae54d36128fdeb5e6661a1c7.dex.dex" as expected
V/DexLibLoader( 5948): directory "/data/data/com.facebook.katana/app_secondary_program_dex_opt" contains "program-020c6d0135a14f0280ede88da3e858d29f1b9ed56661a1c7.dex.dex" as expected
V/DexLibLoader( 5948): directory "/data/data/com.facebook.katana/app_secondary_program_dex_opt" contains "program-3cf3244a0d1c3e39128f7b89ad90b4842a36a05f6661a1c7.dex.dex" as expected
V/DexLibLoader( 5948): directory "/data/data/com.facebook.katana/app_secondary_program_dex_opt" contains "program-666d745bfcb3c0496ae90e343db057d6082ce0c36661a1c7.dex.dex" as expected
V/DexLibLoader( 5948): directory "/data/data/com.facebook.katana/app_secondary_program_dex_opt" contains "program-0089f1fba5ba3a3fb61d98c516e2bbc2e6adfa056661a1c7.dex.dex" as expected
V/DexLibLoader( 5948): directory "/data/data/com.facebook.katana/app_secondary_program_dex_opt" contains "program-7cecb34308ef8d54acae00b06e3ade52d8da6d496661a1c7.dex.dex" as expected
D/DexLibLoader( 5948): directory "/data/data/com.facebook.katana/app_secondary_program_dex_opt" is valid
D/DexLibLoader( 5948): loading pre-built cross-dex opt odex files
V/dalvik-internals( 5948): hooked dvmResolveClass using jump ()
V/dalvik-internals( 5948): hooked dvmFlushBreakpoints using jump ()
V/MultiDexClassLoader( 5948): installing MultiDexClassLoader before application classloader
I/dalvikvm( 5948): Could not find method dalvik.system.DexFile.loadClassBinaryName, referenced from method com.facebook.common.dextricks.DexFileLoadOld.a
W/dalvikvm( 5948): VFY: unable to resolve virtual method 2807: Ldalvik/system/DexFile;.loadClassBinaryName (Ljava/lang/String;Ljava/lang/ClassLoader;)Ljava/lang/Class;
D/dalvikvm( 5948): VFY: replacing opcode 0x6e at 0x0000
D/DexLibLoader( 5948): released odex store lock
D/DexLibLoader( 5948): DexLibLoader.loadAll took 30 ms
D/MemoryReductionHack( 5948): Marked as initialized entry corresponding to path /data/app/com.facebook.katana-1.apk
V/dalvik-internals( 5948): hooked dvmLinearAlloc using jump ()
V/dalvik-internals( 5948): hooked dvmLinearRealloc using jump ()
V/dalvik-internals( 5948): hooked dvmLinearFree using jump ()
V/dalvik-internals( 5948): hooked dvmLinearStrdup using jump ()
V/dalvik-internals( 5948): hooked dvmLinearAllocContains using jump ()
I/dalvik-internals( 5948): enlarged linearalloc buffer to 33554432 bytes
W/chromium( 5975): [WARNING:proxy_service.cc(890)] PAC support disabled because there is no system implementation
D/CordovaActivity( 5975): CordovaActivity.createViews()
W/dalvikvm( 5975): VFY: unable to find class referenced in signature (Landroid/webkit/ClientCertRequest;)
W/dalvikvm( 5975): VFY: unable to find class referenced in signature (Landroid/webkit/ClientCertRequest;)
I/dalvikvm( 5975): Could not find method android.webkit.WebViewClient.onReceivedClientCertRequest, referenced from method org.apache.cordova.CordovaWebViewClient.onReceivedClientCertRequest
W/dalvikvm( 5975): VFY: unable to resolve virtual method 6235: Landroid/webkit/WebViewClient;.onReceivedClientCertRequest (Landroid/webkit/WebView;Landroid/webkit/ClientCertRequest;)V
D/dalvikvm( 5975): VFY: replacing opcode 0x6f at 0x001c
E/cutils  (  261): Failed to mkdirat(/storage/sdcard1/Android): Read-only file system
W/Vold    (  261): Returning OperationFailed - no handler for errno 30
I/dalvikvm( 5975): Could not find method android.webkit.WebChromeClient$FileChooserParams.createIntent, referenced from method org.apache.cordova.CordovaChromeClient.onShowFileChooser
W/dalvikvm( 5975): VFY: unable to resolve virtual method 6182: Landroid/webkit/WebChromeClient$FileChooserParams;.createIntent ()Landroid/content/Intent;
D/dalvikvm( 5975): VFY: replacing opcode 0x6e at 0x0000
W/ContextImpl( 5948): Failed to ensure directory: /storage/sdcard1/Android/data/com.facebook.katana/cache
D/PluginManager( 5975): init()
D/CordovaWebView( 5975): CordovaWebView is running on device made by: motorola
D/CordovaWebView( 5975): >>> loadUrl(file:///android_asset/www/index.html)
D/CordovaWebView( 5975): >>> loadUrlNow()
D/CordovaActivity( 5975): Resuming the App
D/dalvikvm( 5948): Trying to load lib /data/app-lib/com.facebook.katana-1/libdextr.so 0x42791ea0
D/dalvikvm( 5948): Added shared lib /data/app-lib/com.facebook.katana-1/libdextr.so 0x42791ea0
I/Dextr   ( 5948): LogQueue params desc: IIJIIIJJ
D/SoftKeyboardDetect( 5975): Ignore this event
D/OpenGLRenderer( 5975): Enabling debug mode 0
D/SoftKeyboardDetect( 5975): Ignore this event
W/StaticBindingVerifier( 5948): Verify
I/ActivityManager( 1016): Start proc com.facebook.katana for service com.facebook.katana/com.facebook.push.mqtt.service.MqttPushService: pid=6021 uid=10110 gids={50110, 1028, 1015, 3003}
I/LaunchCheckinHandler( 1016): Displayed com.giftme.fb_auth/.FB_Auth,cp,ca,351
I/ActivityManager( 1016): Displayed com.giftme.fb_auth/.FB_Auth: +351ms
D/CordovaWebViewClient( 5975): onPageStarted(file:///android_asset/www/index.html)
D/CordovaActivity( 5975): onMessage(onPageStarted,file:///android_asset/www/index.html)
I/dalvikvm( 5948): Could not find method com.facebook.resources.FbResources.getDrawable, referenced from method com.facebook.resources.impl.DownloadedFbResources.getDrawable
W/dalvikvm( 5948): VFY: unable to resolve virtual method 46880: Lcom/facebook/resources/FbResources;.getDrawable (ILandroid/content/res/Resources$Theme;)Landroid/graphics/drawable/Drawable;
D/dalvikvm( 5948): VFY: replacing opcode 0x6f at 0x0031
D/WifiService( 1016): New client listening to asynchronous messages
I/ActivityManager( 1016): Start proc com.google.android.partnersetup for broadcast com.google.android.partnersetup/.RlzPingBroadcastReceiver: pid=6055 uid=10025 gids={50025, 3003}
I/ActivityManager( 1016): Killing 5133:com.google.android.apps.magazines/u0a77 (adj 15): empty #9
W/ContextImpl( 1231): Calling a method in the system process without a qualified user: android.app.ContextImpl.sendBroadcast:1252 android.content.ContextWrapper.sendBroadcast:365 com.motorola.motocare.util.TriggerHelper$TriggerBuilder.send:76 com.motorola.motocare.internal.frameworkevents.ProcessKillTrigger.sendTrigger:147 com.motorola.motocare.internal.frameworkevents.ProcessKillTrigger.handleFrameworkEvent:164 
W/dalvikvm( 6021): VFY: unable to resolve static field 27745 (a) in Lcom/facebook/katana/app/WorkAppTypes;
D/dalvikvm( 6021): VFY: replacing opcode 0x62 at 0x0013
W/dalvikvm( 6021): VFY: unable to resolve static field 27746 (b) in Lcom/facebook/katana/app/WorkAppTypes;
D/dalvikvm( 6021): VFY: replacing opcode 0x62 at 0x001d
E/dalvikvm( 6021): Could not find class 'com.facebook.katana.app.WallpaperFacebookApplicationImpl', referenced from method com.facebook.katana.app.FacebookApplication.a
W/dalvikvm( 6021): VFY: unable to resolve new-instance 427 (Lcom/facebook/katana/app/WallpaperFacebookApplicationImpl;) in Lcom/facebook/katana/app/FacebookApplication;
D/dalvikvm( 6021): VFY: replacing opcode 0x22 at 0x00a9
D/JsMessageQueue( 5975): Set native->JS mode to OnlineEventsBridgeMode
D/dalvikvm( 6021): DexOpt: unable to opt direct call 0x05a5 at 0xab in Lcom/facebook/katana/app/FacebookApplication;.a
I/InternalIcingCorporaPro(32378): Updating corpora: APPS=com.giftme.fb_auth, CONTACTS=MAYBE
I/InternalIcingCorporaPro(32378): UpdateCorporaTask done [took 35 ms] updated apps [took 35 ms] 
D/CatchMeIfYouCan( 6021): Process (<default>) ca: '/data/data/com.facebook.katana/app_cmiyc/A1657CCD543F12E66E587EE52ED9D802E22AAC4701'
D/CatchMeIfYouCan( 6021): Process (<default>) fc: '/data/data/com.facebook.katana/app_cmiyc/A1657CCD543F12E66E587EE52ED9D802E22AAC4702'
D/CatchMeIfYouCan( 6021): Process (<default>) cp: '('default', 3, 120000, silent [true], restart [false], logout [false])'
D/ACRA    ( 6021): ACRA is enabled for com.facebook.katana, intializing...
D/ACRA    ( 6021): Looking for error files in /data/data/com.facebook.katana/app_acra-reports
D/ACRA    ( 6021): Looking for error files in /data/data/com.facebook.katana/app_minidumps
D/dalvikvm( 6021): Trying to load lib /data/app-lib/com.facebook.katana-1/libgnustl_shared.so 0x427a0028
D/dalvikvm( 6021): Added shared lib /data/app-lib/com.facebook.katana-1/libgnustl_shared.so 0x427a0028
D/dalvikvm( 6021): No JNI_OnLoad found in /data/app-lib/com.facebook.katana-1/libgnustl_shared.so 0x427a0028, skipping init
D/dalvikvm( 6021): Trying to load lib /data/app-lib/com.facebook.katana-1/libfb_breakpad_client.so 0x427a0028
D/dalvikvm( 6021): Added shared lib /data/app-lib/com.facebook.katana-1/libfb_breakpad_client.so 0x427a0028
D/dalvikvm( 6021): No JNI_OnLoad found in /system/lib/libstdc++.so 0x427a0028, skipping init
D/dalvikvm( 6021): Trying to load lib /data/app-lib/com.facebook.katana-1/libsigmux.so 0x427a0028
D/dalvikvm( 6021): Added shared lib /data/app-lib/com.facebook.katana-1/libsigmux.so 0x427a0028
D/dalvikvm( 6021): No JNI_OnLoad found in /data/app-lib/com.facebook.katana-1/libsigmux.so 0x427a0028, skipping init
D/dalvikvm( 6021): Trying to load lib /data/app-lib/com.facebook.katana-1/libdistract.so 0x427a0028
I/ActivityManager( 1016): Killing 5569:com.devexpert.weather/u0a112 (adj 15): empty #9
W/ContextImpl( 1231): Calling a method in the system process without a qualified user: android.app.ContextImpl.sendBroadcast:1252 android.content.ContextWrapper.sendBroadcast:365 com.motorola.motocare.util.TriggerHelper$TriggerBuilder.send:76 com.motorola.motocare.internal.frameworkevents.ProcessKillTrigger.sendTrigger:147 com.motorola.motocare.internal.frameworkevents.ProcessKillTrigger.handleFrameworkEvent:164 
D/dalvikvm( 6021): Added shared lib /data/app-lib/com.facebook.katana-1/libdistract.so 0x427a0028
D/dalvikvm( 6021): No JNI_OnLoad found in /data/app-lib/com.facebook.katana-1/libdistract.so 0x427a0028, skipping init
D/dalvikvm( 6021): Trying to load lib /data/app-lib/com.facebook.katana-1/libfb_dalvik-internals.so 0x427a0028
D/dalvikvm( 6021): Added shared lib /data/app-lib/com.facebook.katana-1/libfb_dalvik-internals.so 0x427a0028
V/DexLibLoader( 6021): about to lock: /data/data/com.facebook.katana/mdex_lock
V/DexLibLoader( 6021): locking /data/data/com.facebook.katana/mdex_lock took 7 ms
V/DexLibLoader( 6021): Secondary program dex metadata: secondary-1.dex.jar.xz c0d34653f435a7e59cc5f46e9bd47feaf68b0041 secondary.dex01.Canary
V/DexLibLoader( 6021): Secondary program dex metadata: secondary-2.dex.jar.xz 3651d03ae513595a1029ff9eae54d36128fdeb5e secondary.dex02.Canary
V/DexLibLoader( 6021): Secondary program dex metadata: secondary-3.dex.jar.xz 020c6d0135a14f0280ede88da3e858d29f1b9ed5 secondary.dex03.Canary
V/DexLibLoader( 6021): Secondary program dex metadata: secondary-4.dex.jar.xz 3cf3244a0d1c3e39128f7b89ad90b4842a36a05f secondary.dex04.Canary
V/DexLibLoader( 6021): Secondary program dex metadata: secondary-5.dex.jar.xz 666d745bfcb3c0496ae90e343db057d6082ce0c3 secondary.dex05.Canary
V/DexLibLoader( 6021): Secondary program dex metadata: secondary-6.dex.jar.xz 0089f1fba5ba3a3fb61d98c516e2bbc2e6adfa05 secondary.dex06.Canary
V/DexLibLoader( 6021): Secondary program dex metadata: secondary-7.dex.jar.xz 7cecb34308ef8d54acae00b06e3ade52d8da6d49 secondary.dex07.Canary
I/ActivityManager( 1016): Killing 5822:com.android.defcontainer/u0a13 (adj 15): empty #9
W/ContextImpl( 1231): Calling a method in the system process without a qualified user: android.app.ContextImpl.sendBroadcast:1252 android.content.ContextWrapper.sendBroadcast:365 com.motorola.motocare.util.TriggerHelper$TriggerBuilder.send:76 com.motorola.motocare.internal.frameworkevents.ProcessKillTrigger.sendTrigger:147 com.motorola.motocare.internal.frameworkevents.ProcessKillTrigger.handleFrameworkEvent:164 
V/DexLibLoader( 6021): directory "/data/data/com.facebook.katana/app_secondary_program_dex" contains "program-c0d34653f435a7e59cc5f46e9bd47feaf68b00416661a1c7.dex.jar" as expected
V/DexLibLoader( 6021): directory "/data/data/com.facebook.katana/app_secondary_program_dex" contains "program-3651d03ae513595a1029ff9eae54d36128fdeb5e6661a1c7.dex.jar" as expected
V/DexLibLoader( 6021): directory "/data/data/com.facebook.katana/app_secondary_program_dex" contains "program-020c6d0135a14f0280ede88da3e858d29f1b9ed56661a1c7.dex.jar" as expected
V/DexLibLoader( 6021): directory "/data/data/com.facebook.katana/app_secondary_program_dex" contains "program-3cf3244a0d1c3e39128f7b89ad90b4842a36a05f6661a1c7.dex.jar" as expected
D/PackageBroadcastService(30409): Received broadcast action=android.intent.action.PACKAGE_ADDED and uri=com.giftme.fb_auth
V/DexLibLoader( 6021): directory "/data/data/com.facebook.katana/app_secondary_program_dex" contains "program-666d745bfcb3c0496ae90e343db057d6082ce0c36661a1c7.dex.jar" as expected
V/DexLibLoader( 6021): directory "/data/data/com.facebook.katana/app_secondary_program_dex" contains "program-0089f1fba5ba3a3fb61d98c516e2bbc2e6adfa056661a1c7.dex.jar" as expected
V/DexLibLoader( 6021): directory "/data/data/com.facebook.katana/app_secondary_program_dex" contains "program-7cecb34308ef8d54acae00b06e3ade52d8da6d496661a1c7.dex.jar" as expected
D/DexLibLoader( 6021): ignoring file "program-c0d34653f435a7e59cc5f46e9bd47feaf68b00416661a1c7.dex.odex" in "/data/data/com.facebook.katana/app_secondary_program_dex"
D/DexLibLoader( 6021): ignoring file "program-3651d03ae513595a1029ff9eae54d36128fdeb5e6661a1c7.dex.odex" in "/data/data/com.facebook.katana/app_secondary_program_dex"
D/DexLibLoader( 6021): ignoring file "program-020c6d0135a14f0280ede88da3e858d29f1b9ed56661a1c7.dex.odex" in "/data/data/com.facebook.katana/app_secondary_program_dex"
D/DexLibLoader( 6021): ignoring file "program-3cf3244a0d1c3e39128f7b89ad90b4842a36a05f6661a1c7.dex.odex" in "/data/data/com.facebook.katana/app_secondary_program_dex"
I/ActivityManager( 1016): Start proc com.imangi.templerun2 for broadcast com.imangi.templerun2/com.amazon.identity.auth.device.authorization.PackageIntentReceiver: pid=6082 uid=10111 gids={50111, 1028, 1015, 3003}
D/DexLibLoader( 6021): ignoring file "program-666d745bfcb3c0496ae90e343db057d6082ce0c36661a1c7.dex.odex" in "/data/data/com.facebook.katana/app_secondary_program_dex"
D/DexLibLoader( 6021): ignoring file "program-0089f1fba5ba3a3fb61d98c516e2bbc2e6adfa056661a1c7.dex.odex" in "/data/data/com.facebook.katana/app_secondary_program_dex"
D/DexLibLoader( 6021): ignoring file "program-7cecb34308ef8d54acae00b06e3ade52d8da6d496661a1c7.dex.odex" in "/data/data/com.facebook.katana/app_secondary_program_dex"
D/DexLibLoader( 6021): directory "/data/data/com.facebook.katana/app_secondary_program_dex" is valid
D/DexLibLoader( 6021): ignoring file "primary_deps" in "/data/data/com.facebook.katana/app_secondary_program_dex_opt"
V/DexLibLoader( 6021): directory "/data/data/com.facebook.katana/app_secondary_program_dex_opt" contains "program-c0d34653f435a7e59cc5f46e9bd47feaf68b00416661a1c7.dex.dex" as expected
V/DexLibLoader( 6021): directory "/data/data/com.facebook.katana/app_secondary_program_dex_opt" contains "program-3651d03ae513595a1029ff9eae54d36128fdeb5e6661a1c7.dex.dex" as expected
V/DexLibLoader( 6021): directory "/data/data/com.facebook.katana/app_secondary_program_dex_opt" contains "program-020c6d0135a14f0280ede88da3e858d29f1b9ed56661a1c7.dex.dex" as expected
V/DexLibLoader( 6021): directory "/data/data/com.facebook.katana/app_secondary_program_dex_opt" contains "program-3cf3244a0d1c3e39128f7b89ad90b4842a36a05f6661a1c7.dex.dex" as expected
V/DexLibLoader( 6021): directory "/data/data/com.facebook.katana/app_secondary_program_dex_opt" contains "program-666d745bfcb3c0496ae90e343db057d6082ce0c36661a1c7.dex.dex" as expected
V/DexLibLoader( 6021): directory "/data/data/com.facebook.katana/app_secondary_program_dex_opt" contains "program-0089f1fba5ba3a3fb61d98c516e2bbc2e6adfa056661a1c7.dex.dex" as expected
V/DexLibLoader( 6021): directory "/data/data/com.facebook.katana/app_secondary_program_dex_opt" contains "program-7cecb34308ef8d54acae00b06e3ade52d8da6d496661a1c7.dex.dex" as expected
D/DexLibLoader( 6021): directory "/data/data/com.facebook.katana/app_secondary_program_dex_opt" is valid
D/DexLibLoader( 6021): loading pre-built cross-dex opt odex files
V/dalvik-internals( 6021): hooked dvmResolveClass using jump ()
V/dalvik-internals( 6021): hooked dvmFlushBreakpoints using jump ()
V/MultiDexClassLoader( 6021): installing MultiDexClassLoader before application classloader
D/dalvikvm(  280): GC_EXPLICIT freed 43K, 48% free 9010K/17224K, paused 2ms+3ms, total 21ms
D/dalvikvm(  280): GC_EXPLICIT freed <1K, 48% free 9010K/17224K, paused 2ms+3ms, total 18ms
D/dalvikvm(  280): GC_EXPLICIT freed <1K, 48% free 9010K/17224K, paused 2ms+3ms, total 19ms
I/dalvikvm( 6021): Could not find method dalvik.system.DexFile.loadClassBinaryName, referenced from method com.facebook.common.dextricks.DexFileLoadOld.a
W/dalvikvm( 6021): VFY: unable to resolve virtual method 2807: Ldalvik/system/DexFile;.loadClassBinaryName (Ljava/lang/String;Ljava/lang/ClassLoader;)Ljava/lang/Class;
D/dalvikvm( 6021): VFY: replacing opcode 0x6e at 0x0000
D/DexLibLoader( 6021): released odex store lock
D/DexLibLoader( 6021): DexLibLoader.loadAll took 144 ms
D/MemoryReductionHack( 6021): Marked as initialized entry corresponding to path /data/app/com.facebook.katana-1.apk
D/GcOptimizer( 6021): Enabled
V/dalvik-internals( 6021): hooked dvmLinearAlloc using jump ()
V/dalvik-internals( 6021): hooked dvmLinearRealloc using jump ()
V/dalvik-internals( 6021): hooked dvmLinearFree using jump ()
V/dalvik-internals( 6021): hooked dvmLinearStrdup using jump ()
V/dalvik-internals( 6021): hooked dvmLinearAllocContains using jump ()
I/dalvik-internals( 6021): enlarged linearalloc buffer to 33554432 bytes
I/ConfigFetchService(30409): onStartCommand Intent { act=android.intent.action.PACKAGE_ADDED dat=package:com.giftme.fb_auth cmp=com.google.android.gms/.config.ConfigFetchService (has extras) }
I/ConfigFetchService(30409): launchTask
I/ConfigFetchService(30409): service connected
V/ConfigFetchTask(30409): ConfigFetchTask getDeviceDataVersionInfo(): ABFEt1XKD3GaXxZKThzkQBtuB0PRXLaM1CFhzGUyaTtOj1IBc5SVgHA7mRakUBUeGRvtQ_HT943Amt1bBZa_Pqx5RdT_PbH_qlt2K0VmZWbZYmXUx3vmZ2qCN9X_-2CUzQ__rbyreBq6ZNJNThpklozj8r99XHyh2cNdbgjwuH2oRygqv7OHG3vs12--PnTU9xppSHOwbCKxiJ87Q3l-8bW6hqKV_itxNWyRNryE8mzzkA9j8YN46FbF1HXW9rIeE9I9hkPKAvw--Lg8IQDtPVw_6avcpbX9IoHDtDjKVm5N9utKZ3eBktQ
I/PeopleContactsSync(30409): CP2 sync disabled
D/com.amazon.identity.auth.device.utils.MAPLog.PII( 6082): Extracting verison incremental:<obscured>
D/com.amazon.identity.auth.device.utils.MAPLog.PII( 6082): Extracting flavor:<obscured>
I/com.amazon.identity.auth.device.authorization.PackageIntentReceiver( 6082): Package Intent Received. Clearing Service Data. action=android.intent.action.PACKAGE_ADDED
I/com.amazon.identity.auth.device.authorization.ThirdPartyServiceHelper( 6082): Clearing Highest Versioned Service
I/ActivityManager( 1016): Killing 5916:com.android.keychain/1000 (adj 15): empty #9
W/ContextImpl( 1231): Calling a method in the system process without a qualified user: android.app.ContextImpl.sendBroadcast:1252 android.content.ContextWrapper.sendBroadcast:365 com.motorola.motocare.util.TriggerHelper$TriggerBuilder.send:76 com.motorola.motocare.internal.frameworkevents.ProcessKillTrigger.sendTrigger:147 com.motorola.motocare.internal.frameworkevents.ProcessKillTrigger.handleFrameworkEvent:164 
D/ConfigFetchService(30409): ConfigApi connection successful.
I/ActivityManager( 1016): Start proc com.google.android.apps.magazines for broadcast com.google.android.apps.magazines/com.google.apps.dots.android.app.receiver.FirstInstallNotificationReceiver: pid=6098 uid=10077 gids={50077, 3003, 1028, 1015}
I/GoogleURLConnFactory(30409): Using platform SSLCertificateSocketFactory
D/WifiStateMachine( 1016): handleMessage: E msg.what=151572
D/WifiStateMachine( 1016): processMsg: ConnectedState
D/WifiStateMachine( 1016): processMsg: L2ConnectedState
D/WifiStateMachine( 1016): handleMessage: X
D/dalvikvm( 1016): GC_EXPLICIT freed 1778K, 34% free 25877K/39124K, paused 5ms+11ms, total 111ms
V/WebViewChromiumFactoryProvider( 6098): Binding Chromium to main looper Looper (main, tid 1) {42785920}
I/LibraryLoader( 6098): Expected native library version number "",actual native library version number ""
I/chromium( 6098): [INFO:library_loader_hooks.cc(116)] Chromium logging enabled: level = 0, default verbosity = 0
I/BrowserStartupController( 6098): Initializing chromium process, renderers=0
I/ConfigFetchService(30409): fetch service done; releasing wakelock
I/ConfigFetchService(30409): stopping self
E/cutils  (  261): Failed to mkdirat(/storage/sdcard1/Android): Read-only file system
W/Vold    (  261): Returning OperationFailed - no handler for errno 30
W/ContextImpl( 6021): Failed to ensure directory: /storage/sdcard1/Android/data/com.facebook.katana/cache
E/AudioManagerAndroid( 6098): BLUETOOTH permission is missing!
D/dalvikvm( 6021): Trying to load lib /data/app-lib/com.facebook.katana-1/libdextr.so 0x427a0028
D/dalvikvm( 6021): Added shared lib /data/app-lib/com.facebook.katana-1/libdextr.so 0x427a0028
I/Dextr   ( 6021): LogQueue params desc: IIJIIIJJ
I/Adreno-EGL( 6098): <qeglDrvAPI_eglInitialize:410>: EGL 1.4 QUALCOMM build: AU_LINUX_ANDROID_LNX.LA.3.5.1_RB1.04.04.02.048.018_msm8226_LNX.LA.3.5.1_RB1__release_AU ()
I/Adreno-EGL( 6098): OpenGL ES Shader Compiler Version: E031.24.00.08
I/Adreno-EGL( 6098): Build Date: 03/07/14 Fri
I/Adreno-EGL( 6098): Local Branch: 
I/Adreno-EGL( 6098): Remote Branch: quic/LNX.LA.3.5.1_RB1.1
I/Adreno-EGL( 6098): Local Patches: NONE
I/Adreno-EGL( 6098): Reconstruct Branch: AU_LINUX_ANDROID_LNX.LA.3.5.1_RB1.04.04.02.048.018 + f2fd134 +  NOTHING
W/chromium( 6098): [WARNING:proxy_service.cc(890)] PAC support disabled because there is no system implementation
D/CordovaLog( 5975): file:///android_asset/www/js/app.js: Line 44 : Service initialized
I/chromium( 5975): [INFO:CONSOLE(44)] "Service initialized", source: file:///android_asset/www/js/app.js (44)
D/CordovaLog( 5975): file:///android_asset/www/js/LoginView.js: Line 35 : FB NOT READY
I/chromium( 5975): [INFO:CONSOLE(35)] "FB NOT READY", source: file:///android_asset/www/js/LoginView.js (35)
W/GAV2    ( 6098): Thread[main,5,main]: Need to call initialize() and be in fallback mode to start dispatch.
E/cutils  (  261): Failed to mkdirat(/storage/sdcard1/Android): Read-only file system
W/Vold    (  261): Returning OperationFailed - no handler for errno 30
W/ContextImpl( 6098): Failed to ensure directory: /storage/sdcard1/Android/data/com.google.android.apps.magazines/cache
D/CordovaLog( 5975): https://js.stripe.com/v2/: Line 2 : You are using Stripe.js in live mode over an insecure connection. This is considered unsafe. Please conduct live requests only on sites served over https. For more info, see https://stripe.com/help/ssl
I/chromium( 5975): [INFO:CONSOLE(2)] "You are using Stripe.js in live mode over an insecure connection. This is considered unsafe. Please conduct live requests only on sites served over https. For more info, see https://stripe.com/help/ssl", source: https://js.stripe.com/v2/ (2)
W/StaticBindingVerifier( 6021): Verify
I/dalvikvm( 6021): Could not find method com.facebook.resources.FbResources.getDrawable, referenced from method com.facebook.resources.impl.DownloadedFbResources.getDrawable
W/dalvikvm( 6021): VFY: unable to resolve virtual method 46880: Lcom/facebook/resources/FbResources;.getDrawable (ILandroid/content/res/Resources$Theme;)Landroid/graphics/drawable/Drawable;
D/dalvikvm( 6021): VFY: replacing opcode 0x6f at 0x0031
D/WifiService( 1016): New client listening to asynchronous messages
D/CordovaLog( 5975): file:///android_asset/www/js/LoginView.js: Line 14 : Success
I/chromium( 5975): [INFO:CONSOLE(14)] "Success", source: file:///android_asset/www/js/LoginView.js (14)
I/NSApplication( 6098): Starting up...
I/ActivityManager( 1016): Killing 5948:com.facebook.katana:dash/u0a110 (adj 15): empty #9
W/ContextImpl( 1231): Calling a method in the system process without a qualified user: android.app.ContextImpl.sendBroadcast:1252 android.content.ContextWrapper.sendBroadcast:365 com.motorola.motocare.util.TriggerHelper$TriggerBuilder.send:76 com.motorola.motocare.internal.frameworkevents.ProcessKillTrigger.sendTrigger:147 com.motorola.motocare.internal.frameworkevents.ProcessKillTrigger.handleFrameworkEvent:164 
E/NetworkScheduler.SchedulerReceiver(30376): Invalid parameter app
E/NetworkScheduler.SchedulerReceiver(30376): Invalid package name : Perhaps you didn't include a PendingIntent in the extras?
D/PackageBroadcastService(30409): Received broadcast action=android.intent.action.PACKAGE_REPLACED and uri=com.giftme.fb_auth
D/CordovaActivity( 5975): onMessage(spinner,stop)
I/PeopleContactsSync(30409): CP2 sync disabled
D/WifiService( 1016): Client connection lost with reason: 4
