W/ContextImpl( 1231): Calling a method in the system process without a qualified user: android.app.ContextImpl.bindService:1672 android.content.ContextWrapper.bindService:517 com.motorola.ccc.main.CCCMainService.doBindService:93 com.motorola.ccc.main.CCCMainService.onStartCommand:80 android.app.ActivityThread.handleServiceArgs:2715 
I/ActivityManager( 1016): Start proc com.motorola.context for broadcast com.motorola.context/.ccc.UpdateModelReceiver: pid=31870 uid=10011 gids={50011, 3001, 3002, 3003}
W/ContextImpl( 1231): Calling a method in the system process without a qualified user: android.app.ContextImpl.sendBroadcast:1252 android.content.ContextWrapper.sendBroadcast:365 com.motorola.motocare.util.TriggerHelper$TriggerBuilder.send:76 com.motorola.motocare.internal.frameworkevents.ProcessKillTrigger.sendTrigger:147 com.motorola.motocare.internal.frameworkevents.ProcessKillTrigger.handleLmkKill:337 
W/ContextImpl( 1231): Calling a method in the system process without a qualified user: android.app.ContextImpl.sendBroadcast:1252 android.content.ContextWrapper.sendBroadcast:365 com.motorola.motocare.util.TriggerHelper$TriggerBuilder.send:76 com.motorola.motocare.internal.frameworkevents.ProcessKillTrigger.sendTrigger:147 com.motorola.motocare.internal.frameworkevents.ProcessKillTrigger.handleLmkKill:337 
W/ContextImpl( 1231): Calling a method in the system process without a qualified user: android.app.ContextImpl.sendBroadcast:1252 android.content.ContextWrapper.sendBroadcast:365 com.motorola.motocare.util.TriggerHelper$TriggerBuilder.send:76 com.motorola.motocare.internal.frameworkevents.ProcessKillTrigger.sendTrigger:147 com.motorola.motocare.internal.frameworkevents.ProcessKillTrigger.handleLmkKill:337 
W/ContextImpl( 1231): Calling a method in the system process without a qualified user: android.app.ContextImpl.sendBroadcast:1252 android.content.ContextWrapper.sendBroadcast:365 com.motorola.motocare.util.TriggerHelper$TriggerBuilder.send:76 com.motorola.motocare.internal.frameworkevents.ProcessKillTrigger.sendTrigger:147 com.motorola.motocare.internal.frameworkevents.ProcessKillTrigger.handleLmkKill:337 
W/ContextImpl( 1231): Calling a method in the system process without a qualified user: android.app.ContextImpl.sendBroadcast:1252 android.content.ContextWrapper.sendBroadcast:365 com.motorola.motocare.util.TriggerHelper$TriggerBuilder.send:76 com.motorola.motocare.internal.frameworkevents.ProcessKillTrigger.sendTrigger:147 com.motorola.motocare.internal.frameworkevents.ProcessKillTrigger.handleLmkKill:337 
W/ContextImpl( 1231): Calling a method in the system process without a qualified user: android.app.ContextImpl.sendBroadcast:1252 android.content.ContextWrapper.sendBroadcast:365 com.motorola.motocare.util.TriggerHelper$TriggerBuilder.send:76 com.motorola.motocare.internal.frameworkevents.ProcessKillTrigger.sendTrigger:147 com.motorola.motocare.internal.frameworkevents.ProcessKillTrigger.handleLmkKill:337 
W/ContextImpl( 1231): Calling a method in the system process without a qualified user: android.app.ContextImpl.sendBroadcast:1252 android.content.ContextWrapper.sendBroadcast:365 com.motorola.motocare.util.TriggerHelper$TriggerBuilder.send:76 com.motorola.motocare.internal.frameworkevents.ProcessKillTrigger.sendTrigger:147 com.motorola.motocare.internal.frameworkevents.ProcessKillTrigger.handleLmkKill:337 
W/ContextImpl( 1231): Calling a method in the system process without a qualified user: android.app.ContextImpl.sendBroadcast:1252 android.content.ContextWrapper.sendBroadcast:365 com.motorola.motocare.util.TriggerHelper$TriggerBuilder.send:76 com.motorola.motocare.internal.frameworkevents.ProcessKillTrigger.sendTrigger:147 com.motorola.motocare.internal.frameworkevents.ProcessKillTrigger.handleLmkKill:337 
I/ActivityManager( 1016): Start proc com.google.android.gms.wearable for service com.google.android.gms/.wearable.service.WearableService: pid=31885 uid=10022 gids={50022, 3003, 1007, 1028, 1015, 3002, 3001, 3007, 2001, 3006}
W/ContextImpl( 1231): Calling a method in the system process without a qualified user: android.app.ContextImpl.sendBroadcast:1252 android.content.ContextWrapper.sendBroadcast:365 com.motorola.motocare.util.TriggerHelper$TriggerBuilder.send:76 com.motorola.motocare.internal.frameworkevents.ProcessKillTrigger.sendTrigger:147 com.motorola.motocare.internal.frameworkevents.ProcessKillTrigger.handleLmkKill:337 
W/ContextImpl( 1231): Calling a method in the system process without a qualified user: android.app.ContextImpl.sendBroadcast:1252 android.content.ContextWrapper.sendBroadcast:365 com.motorola.motocare.util.TriggerHelper$TriggerBuilder.send:76 com.motorola.motocare.internal.frameworkevents.ProcessKillTrigger.sendTrigger:147 com.motorola.motocare.internal.frameworkevents.ProcessKillTrigger.handleLmkKill:337 
W/ContextImpl( 1231): Calling a method in the system process without a qualified user: android.app.ContextImpl.sendBroadcast:1252 android.content.ContextWrapper.sendBroadcast:365 com.motorola.motocare.util.TriggerHelper$TriggerBuilder.send:76 com.motorola.motocare.internal.frameworkevents.ProcessKillTrigger.sendTrigger:147 com.motorola.motocare.internal.frameworkevents.ProcessKillTrigger.handleLmkKill:337 
W/ContextImpl( 1231): Calling a method in the system process without a qualified user: android.app.ContextImpl.sendBroadcast:1252 android.content.ContextWrapper.sendBroadcast:365 com.motorola.motocare.util.TriggerHelper$TriggerBuilder.send:76 com.motorola.motocare.internal.frameworkevents.ProcessKillTrigger.sendTrigger:147 com.motorola.motocare.internal.frameworkevents.ProcessKillTrigger.handleLmkKill:337 
W/ContextImpl( 1231): Calling a method in the system process without a qualified user: android.app.ContextImpl.sendBroadcast:1252 android.content.ContextWrapper.sendBroadcast:365 com.motorola.motocare.util.TriggerHelper$TriggerBuilder.send:76 com.motorola.motocare.internal.frameworkevents.ProcessKillTrigger.sendTrigger:147 com.motorola.motocare.internal.frameworkevents.ProcessKillTrigger.handleLmkKill:337 
I/ActivityManager( 1016): Process com.motorola.ccc.sso (pid 31804) has died.
W/ContextImpl( 1231): Calling a method in the system process without a qualified user: android.app.ContextImpl.sendBroadcast:1252 android.content.ContextWrapper.sendBroadcast:365 com.motorola.motocare.util.TriggerHelper$TriggerBuilder.send:76 com.motorola.motocare.internal.frameworkevents.ProcessKillTrigger.sendTrigger:147 com.motorola.motocare.internal.frameworkevents.ProcessKillTrigger.handleLmkKill:337 
W/ContextImpl( 1231): Calling a method in the system process without a qualified user: android.app.ContextImpl.sendBroadcast:1252 android.content.ContextWrapper.sendBroadcast:365 com.motorola.motocare.util.TriggerHelper$TriggerBuilder.send:76 com.motorola.motocare.internal.frameworkevents.ProcessKillTrigger.sendTrigger:147 com.motorola.motocare.internal.frameworkevents.ProcessKillTrigger.handleLmkKill:337 
W/ContextImpl( 1231): Calling a method in the system process without a qualified user: android.app.ContextImpl.sendBroadcast:1252 android.content.ContextWrapper.sendBroadcast:365 com.motorola.motocare.util.TriggerHelper$TriggerBuilder.send:76 com.motorola.motocare.internal.frameworkevents.ProcessKillTrigger.sendTrigger:147 com.motorola.motocare.internal.frameworkevents.ProcessKillTrigger.handleLmkKill:337 
W/ContextImpl( 1231): Calling a method in the system process without a qualified user: android.app.ContextImpl.sendBroadcast:1252 android.content.ContextWrapper.sendBroadcast:365 com.motorola.motocare.util.TriggerHelper$TriggerBuilder.send:76 com.motorola.motocare.internal.frameworkevents.ProcessKillTrigger.sendTrigger:147 com.motorola.motocare.internal.frameworkevents.ProcessKillTrigger.handleLmkKill:337 
W/ContextImpl( 1231): Calling a method in the system process without a qualified user: android.app.ContextImpl.sendBroadcast:1252 android.content.ContextWrapper.sendBroadcast:365 com.motorola.motocare.util.TriggerHelper$TriggerBuilder.send:76 com.motorola.motocare.internal.frameworkevents.ProcessKillTrigger.sendTrigger:147 com.motorola.motocare.internal.frameworkevents.ProcessKillTrigger.handleLmkKill:337 
W/ContextImpl( 1231): Calling a method in the system process without a qualified user: android.app.ContextImpl.sendBroadcast:1252 android.content.ContextWrapper.sendBroadcast:365 com.motorola.motocare.util.TriggerHelper$TriggerBuilder.send:76 com.motorola.motocare.internal.frameworkevents.ProcessKillTrigger.sendTrigger:147 com.motorola.motocare.internal.frameworkevents.ProcessKillTrigger.handleLmkKill:337 
W/ContextImpl( 1231): Calling a method in the system process without a qualified user: android.app.ContextImpl.sendBroadcast:1252 android.content.ContextWrapper.sendBroadcast:365 com.motorola.motocare.util.TriggerHelper$TriggerBuilder.send:76 com.motorola.motocare.internal.frameworkevents.ProcessKillTrigger.sendTrigger:147 com.motorola.motocare.internal.frameworkevents.ProcessKillTrigger.handleLmkKill:337 
W/ActivityThread(31791): ClassLoader.loadClass: The class loader returned by Thread.getContextClassLoader() may fail for processes that host multiple applications. You should explicitly specify a context class loader. For example: Thread.setContextClassLoader(getClass().getClassLoader());
W/ContextImpl( 1231): Calling a method in the system process without a qualified user: android.app.ContextImpl.sendBroadcast:1252 android.content.ContextWrapper.sendBroadcast:365 com.motorola.motocare.util.TriggerHelper$TriggerBuilder.send:76 com.motorola.motocare.internal.frameworkevents.ProcessKillTrigger.sendTrigger:147 com.motorola.motocare.internal.frameworkevents.ProcessKillTrigger.handleLmkKill:337 
W/ContextImpl( 1231): Calling a method in the system process without a qualified user: android.app.ContextImpl.sendBroadcast:1252 android.content.ContextWrapper.sendBroadcast:365 com.motorola.motocare.util.TriggerHelper$TriggerBuilder.send:76 com.motorola.motocare.internal.frameworkevents.ProcessKillTrigger.sendTrigger:147 com.motorola.motocare.internal.frameworkevents.ProcessKillTrigger.handleLmkKill:337 
W/ContextImpl( 1231): Calling a method in the system process without a qualified user: android.app.ContextImpl.sendBroadcast:1252 android.content.ContextWrapper.sendBroadcast:365 com.motorola.motocare.util.TriggerHelper$TriggerBuilder.send:76 com.motorola.motocare.internal.frameworkevents.ProcessKillTrigger.sendTrigger:147 com.motorola.motocare.internal.frameworkevents.ProcessKillTrigger.handleLmkKill:337 
W/Vold    (  261): Returning OperationFailed - no handler for errno 30
W/ContextImpl( 1231): Calling a method in the system process without a qualified user: android.app.ContextImpl.sendBroadcast:1252 android.content.ContextWrapper.sendBroadcast:365 com.motorola.motocare.util.TriggerHelper$TriggerBuilder.send:76 com.motorola.motocare.internal.frameworkevents.ProcessKillTrigger.sendTrigger:147 com.motorola.motocare.internal.frameworkevents.ProcessKillTrigger.handleLmkKill:337 
W/ContextImpl( 1231): Calling a method in the system process without a qualified user: android.app.ContextImpl.sendBroadcast:1252 android.content.ContextWrapper.sendBroadcast:365 com.motorola.motocare.util.TriggerHelper$TriggerBuilder.send:76 com.motorola.motocare.internal.frameworkevents.ProcessKillTrigger.sendTrigger:147 com.motorola.motocare.internal.frameworkevents.ProcessKillTrigger.handleLmkKill:337 
W/ContextImpl( 1231): Calling a method in the system process without a qualified user: android.app.ContextImpl.sendBroadcast:1252 android.content.ContextWrapper.sendBroadcast:365 com.motorola.motocare.util.TriggerHelper$TriggerBuilder.send:76 com.motorola.motocare.internal.frameworkevents.ProcessKillTrigger.sendTrigger:147 com.motorola.motocare.internal.frameworkevents.ProcessKillTrigger.handleLmkKill:337 
W/ContextImpl( 1231): Calling a method in the system process without a qualified user: android.app.ContextImpl.sendBroadcast:1252 android.content.ContextWrapper.sendBroadcast:365 com.motorola.motocare.util.TriggerHelper$TriggerBuilder.send:76 com.motorola.motocare.internal.frameworkevents.ProcessKillTrigger.sendTrigger:147 com.motorola.motocare.internal.frameworkevents.ProcessKillTrigger.handleLmkKill:337 
W/ContextImpl( 1231): Calling a method in the system process without a qualified user: android.app.ContextImpl.sendBroadcast:1252 android.content.ContextWrapper.sendBroadcast:365 com.motorola.motocare.util.TriggerHelper$TriggerBuilder.send:76 com.motorola.motocare.internal.frameworkevents.ProcessKillTrigger.sendTrigger:147 com.motorola.motocare.internal.frameworkevents.ProcessKillTrigger.handleLmkKill:337 
V/AlarmManager( 1016): sending alarm Alarm{434c74b0 type 2 com.google.android.gms}
W/ContextImpl( 1231): Calling a method in the system process without a qualified user: android.app.ContextImpl.sendBroadcast:1252 android.content.ContextWrapper.sendBroadcast:365 com.motorola.motocare.util.TriggerHelper$TriggerBuilder.send:76 com.motorola.motocare.internal.frameworkevents.ProcessKillTrigger.sendTrigger:147 com.motorola.motocare.internal.frameworkevents.ProcessKillTrigger.handleLmkKill:337 
W/ContextImpl( 1231): Calling a method in the system process without a qualified user: android.app.ContextImpl.sendBroadcast:1252 android.content.ContextWrapper.sendBroadcast:365 com.motorola.motocare.util.TriggerHelper$TriggerBuilder.send:76 com.motorola.motocare.internal.frameworkevents.ProcessKillTrigger.sendTrigger:147 com.motorola.motocare.internal.frameworkevents.ProcessKillTrigger.handleLmkKill:337 
W/ContextImpl( 1231): Calling a method in the system process without a qualified user: android.app.ContextImpl.sendBroadcast:1252 android.content.ContextWrapper.sendBroadcast:365 com.motorola.motocare.util.TriggerHelper$TriggerBuilder.send:76 com.motorola.motocare.internal.frameworkevents.ProcessKillTrigger.sendTrigger:147 com.motorola.motocare.internal.frameworkevents.ProcessKillTrigger.handleLmkKill:337 
W/ContextImpl( 1231): Calling a method in the system process without a qualified user: android.app.ContextImpl.sendBroadcast:1252 android.content.ContextWrapper.sendBroadcast:365 com.motorola.motocare.util.TriggerHelper$TriggerBuilder.send:76 com.motorola.motocare.internal.frameworkevents.ProcessKillTrigger.sendTrigger:147 com.motorola.motocare.internal.frameworkevents.ProcessKillTrigger.handleLmkKill:337 
W/ContextImpl( 1231): Calling a method in the system process without a qualified user: android.app.ContextImpl.sendBroadcast:1252 android.content.ContextWrapper.sendBroadcast:365 com.motorola.motocare.util.TriggerHelper$TriggerBuilder.send:76 com.motorola.motocare.internal.frameworkevents.ProcessKillTrigger.sendTrigger:147 com.motorola.motocare.internal.frameworkevents.ProcessKillTrigger.handleLmkKill:337 
W/ContextImpl( 1231): Calling a method in the system process without a qualified user: android.app.ContextImpl.sendBroadcast:1252 android.content.ContextWrapper.sendBroadcast:365 com.motorola.motocare.util.TriggerHelper$TriggerBuilder.send:76 com.motorola.motocare.internal.frameworkevents.ProcessKillTrigger.sendTrigger:147 com.motorola.motocare.internal.frameworkevents.ProcessKillTrigger.handleLmkKill:337 
W/ContextImpl( 1231): Calling a method in the system process without a qualified user: android.app.ContextImpl.sendBroadcast:1252 android.content.ContextWrapper.sendBroadcast:365 com.motorola.motocare.util.TriggerHelper$TriggerBuilder.send:76 com.motorola.motocare.internal.frameworkevents.ProcessKillTrigger.sendTrigger:147 com.motorola.motocare.internal.frameworkevents.ProcessKillTrigger.handleLmkKill:337 
W/ContextImpl( 1231): Calling a method in the system process without a qualified user: android.app.ContextImpl.sendBroadcast:1252 android.content.ContextWrapper.sendBroadcast:365 com.motorola.motocare.util.TriggerHelper$TriggerBuilder.send:76 com.motorola.motocare.internal.frameworkevents.ProcessKillTrigger.sendTrigger:147 com.motorola.motocare.internal.frameworkevents.ProcessKillTrigger.handleLmkKill:337 
W/ContextImpl( 1231): Calling a method in the system process without a qualified user: android.app.ContextImpl.sendBroadcast:1252 android.content.ContextWrapper.sendBroadcast:365 com.motorola.motocare.util.TriggerHelper$TriggerBuilder.send:76 com.motorola.motocare.internal.frameworkevents.ProcessKillTrigger.sendTrigger:147 com.motorola.motocare.internal.frameworkevents.ProcessKillTrigger.handleLmkKill:337 
W/ContextImpl( 1231): Calling a method in the system process without a qualified user: android.app.ContextImpl.sendBroadcast:1252 android.content.ContextWrapper.sendBroadcast:365 com.motorola.motocare.util.TriggerHelper$TriggerBuilder.send:76 com.motorola.motocare.internal.frameworkevents.ProcessKillTrigger.sendTrigger:147 com.motorola.motocare.internal.frameworkevents.ProcessKillTrigger.handleLmkKill:337 
W/ContextImpl( 1231): Calling a method in the system process without a qualified user: android.app.ContextImpl.sendBroadcast:1252 android.content.ContextWrapper.sendBroadcast:365 com.motorola.motocare.util.TriggerHelper$TriggerBuilder.send:76 com.motorola.motocare.internal.frameworkevents.ProcessKillTrigger.sendTrigger:147 com.motorola.motocare.internal.frameworkevents.ProcessKillTrigger.handleLmkKill:337 
W/ContextImpl( 1231): Calling a method in the system process without a qualified user: android.app.ContextImpl.sendBroadcast:1252 android.content.ContextWrapper.sendBroadcast:365 com.motorola.motocare.util.TriggerHelper$TriggerBuilder.send:76 com.motorola.motocare.internal.frameworkevents.ProcessKillTrigger.sendTrigger:147 com.motorola.motocare.internal.frameworkevents.ProcessKillTrigger.handleLmkKill:337 
W/ContextImpl( 1231): Calling a method in the system process without a qualified user: android.app.ContextImpl.sendBroadcast:1252 android.content.ContextWrapper.sendBroadcast:365 com.motorola.motocare.util.TriggerHelper$TriggerBuilder.send:76 com.motorola.motocare.internal.frameworkevents.ProcessKillTrigger.sendTrigger:147 com.motorola.motocare.internal.frameworkevents.ProcessKillTrigger.handleLmkKill:337 
W/ContextImpl( 1231): Calling a method in the system process without a qualified user: android.app.ContextImpl.sendBroadcast:1252 android.content.ContextWrapper.sendBroadcast:365 com.motorola.motocare.util.TriggerHelper$TriggerBuilder.send:76 com.motorola.motocare.internal.frameworkevents.ProcessKillTrigger.sendTrigger:147 com.motorola.motocare.internal.frameworkevents.ProcessKillTrigger.handleLmkKill:337 
W/ContextImpl( 1231): Calling a method in the system process without a qualified user: android.app.ContextImpl.sendBroadcast:1252 android.content.ContextWrapper.sendBroadcast:365 com.motorola.motocare.util.TriggerHelper$TriggerBuilder.send:76 com.motorola.motocare.internal.frameworkevents.ProcessKillTrigger.sendTrigger:147 com.motorola.motocare.internal.frameworkevents.ProcessKillTrigger.handleLmkKill:337 
W/ContextImpl( 1231): Calling a method in the system process without a qualified user: android.app.ContextImpl.sendBroadcast:1252 android.content.ContextWrapper.sendBroadcast:365 com.motorola.motocare.util.TriggerHelper$TriggerBuilder.send:76 com.motorola.motocare.internal.frameworkevents.ProcessKillTrigger.sendTrigger:147 com.motorola.motocare.internal.frameworkevents.ProcessKillTrigger.handleLmkKill:337 
W/ContextImpl( 1231): Calling a method in the system process without a qualified user: android.app.ContextImpl.sendBroadcast:1252 android.content.ContextWrapper.sendBroadcast:365 com.motorola.motocare.util.TriggerHelper$TriggerBuilder.send:76 com.motorola.motocare.internal.frameworkevents.ProcessKillTrigger.sendTrigger:147 com.motorola.motocare.internal.frameworkevents.ProcessKillTrigger.handleLmkKill:337 
W/ContextImpl( 1231): Calling a method in the system process without a qualified user: android.app.ContextImpl.sendBroadcast:1252 android.content.ContextWrapper.sendBroadcast:365 com.motorola.motocare.util.TriggerHelper$TriggerBuilder.send:76 com.motorola.motocare.internal.frameworkevents.ProcessKillTrigger.sendTrigger:147 com.motorola.motocare.internal.frameworkevents.ProcessKillTrigger.handleLmkKill:337 
W/ContextImpl( 1231): Calling a method in the system process without a qualified user: android.app.ContextImpl.sendBroadcast:1252 android.content.ContextWrapper.sendBroadcast:365 com.motorola.motocare.util.TriggerHelper$TriggerBuilder.send:76 com.motorola.motocare.internal.frameworkevents.ProcessKillTrigger.sendTrigger:147 com.motorola.motocare.internal.frameworkevents.ProcessKillTrigger.handleLmkKill:337 
W/ContextImpl( 1231): Calling a method in the system process without a qualified user: android.app.ContextImpl.sendBroadcast:1252 android.content.ContextWrapper.sendBroadcast:365 com.motorola.motocare.util.TriggerHelper$TriggerBuilder.send:76 com.motorola.motocare.internal.frameworkevents.ProcessKillTrigger.sendTrigger:147 com.motorola.motocare.internal.frameworkevents.ProcessKillTrigger.handleLmkKill:337 
W/ContextImpl( 1231): Calling a method in the system process without a qualified user: android.app.ContextImpl.sendBroadcast:1252 android.content.ContextWrapper.sendBroadcast:365 com.motorola.motocare.util.TriggerHelper$TriggerBuilder.send:76 com.motorola.motocare.internal.frameworkevents.ProcessKillTrigger.sendTrigger:147 com.motorola.motocare.internal.frameworkevents.ProcessKillTrigger.handleLmkKill:337 
W/ContextImpl( 1231): Calling a method in the system process without a qualified user: android.app.ContextImpl.sendBroadcast:1252 android.content.ContextWrapper.sendBroadcast:365 com.motorola.motocare.util.TriggerHelper$TriggerBuilder.send:76 com.motorola.motocare.internal.frameworkevents.ProcessKillTrigger.sendTrigger:147 com.motorola.motocare.internal.frameworkevents.ProcessKillTrigger.handleLmkKill:337 
W/ContextImpl( 1231): Calling a method in the system process without a qualified user: android.app.ContextImpl.sendBroadcast:1252 android.content.ContextWrapper.sendBroadcast:365 com.motorola.motocare.util.TriggerHelper$TriggerBuilder.send:76 com.motorola.motocare.internal.frameworkevents.ProcessKillTrigger.sendTrigger:147 com.motorola.motocare.internal.frameworkevents.ProcessKillTrigger.handleLmkKill:337 
W/ContextImpl( 1231): Calling a method in the system process without a qualified user: android.app.ContextImpl.sendBroadcast:1252 android.content.ContextWrapper.sendBroadcast:365 com.motorola.motocare.util.TriggerHelper$TriggerBuilder.send:76 com.motorola.motocare.internal.frameworkevents.ProcessKillTrigger.sendTrigger:147 com.motorola.motocare.internal.frameworkevents.ProcessKillTrigger.handleLmkKill:337 
W/ContextImpl( 1231): Calling a method in the system process without a qualified user: android.app.ContextImpl.sendBroadcast:1252 android.content.ContextWrapper.sendBroadcast:365 com.motorola.motocare.util.TriggerHelper$TriggerBuilder.send:76 com.motorola.motocare.internal.frameworkevents.ProcessKillTrigger.sendTrigger:147 com.motorola.motocare.internal.frameworkevents.ProcessKillTrigger.handleLmkKill:337 
I/ActivityManager( 1016): Process com.rhmsoft.fm:service (pid 31817) has died.
W/ActivityManager( 1016): Scheduling restart of crashed service com.rhmsoft.fm/com.cleanmaster.fm.service.BackgroundService in 542560609795833856ms
W/ContextImpl( 1231): Calling a method in the system process without a qualified user: android.app.ContextImpl.sendBroadcast:1252 android.content.ContextWrapper.sendBroadcast:365 com.motorola.motocare.util.TriggerHelper$TriggerBuilder.send:76 com.motorola.motocare.internal.frameworkevents.ProcessKillTrigger.sendTrigger:147 com.motorola.motocare.internal.frameworkevents.ProcessKillTrigger.handleLmkKill:337 
W/ContextImpl( 1231): Calling a method in the system process without a qualified user: android.app.ContextImpl.sendBroadcast:1252 android.content.ContextWrapper.sendBroadcast:365 com.motorola.motocare.util.TriggerHelper$TriggerBuilder.send:76 com.motorola.motocare.internal.frameworkevents.ProcessKillTrigger.sendTrigger:147 com.motorola.motocare.internal.frameworkevents.ProcessKillTrigger.handleLmkKill:337 
W/ContextImpl( 1231): Calling a method in the system process without a qualified user: android.app.ContextImpl.sendBroadcast:1252 android.content.ContextWrapper.sendBroadcast:365 com.motorola.motocare.util.TriggerHelper$TriggerBuilder.send:76 com.motorola.motocare.internal.frameworkevents.ProcessKillTrigger.sendTrigger:147 com.motorola.motocare.internal.frameworkevents.ProcessKillTrigger.handleLmkKill:337 
W/ContextImpl( 1231): Calling a method in the system process without a qualified user: android.app.ContextImpl.sendBroadcast:1252 android.content.ContextWrapper.sendBroadcast:365 com.motorola.motocare.util.TriggerHelper$TriggerBuilder.send:76 com.motorola.motocare.internal.frameworkevents.ProcessKillTrigger.sendTrigger:147 com.motorola.motocare.internal.frameworkevents.ProcessKillTrigger.handleLmkKill:337 
W/ContextImpl( 1231): Calling a method in the system process without a qualified user: android.app.ContextImpl.sendBroadcast:1252 android.content.ContextWrapper.sendBroadcast:365 com.motorola.motocare.util.TriggerHelper$TriggerBuilder.send:76 com.motorola.motocare.internal.frameworkevents.ProcessKillTrigger.sendTrigger:147 com.motorola.motocare.internal.frameworkevents.ProcessKillTrigger.handleLmkKill:337 
W/ContextImpl( 1231): Calling a method in the system process without a qualified user: android.app.ContextImpl.sendBroadcast:1252 android.content.ContextWrapper.sendBroadcast:365 com.motorola.motocare.util.TriggerHelper$TriggerBuilder.send:76 com.motorola.motocare.internal.frameworkevents.ProcessKillTrigger.sendTrigger:147 com.motorola.motocare.internal.frameworkevents.ProcessKillTrigger.handleLmkKill:337 
W/ContextImpl( 1231): Calling a method in the system process without a qualified user: android.app.ContextImpl.sendBroadcast:1252 android.content.ContextWrapper.sendBroadcast:365 com.motorola.motocare.util.TriggerHelper$TriggerBuilder.send:76 com.motorola.motocare.internal.frameworkevents.ProcessKillTrigger.sendTrigger:147 com.motorola.motocare.internal.frameworkevents.ProcessKillTrigger.handleLmkKill:337 
W/ContextImpl( 1231): Calling a method in the system process without a qualified user: android.app.ContextImpl.sendBroadcast:1252 android.content.ContextWrapper.sendBroadcast:365 com.motorola.motocare.util.TriggerHelper$TriggerBuilder.send:76 com.motorola.motocare.internal.frameworkevents.ProcessKillTrigger.sendTrigger:147 com.motorola.motocare.internal.frameworkevents.ProcessKillTrigger.handleLmkKill:337 
W/ContextImpl( 1231): Calling a method in the system process without a qualified user: android.app.ContextImpl.sendBroadcast:1252 android.content.ContextWrapper.sendBroadcast:365 com.motorola.motocare.util.TriggerHelper$TriggerBuilder.send:76 com.motorola.motocare.internal.frameworkevents.ProcessKillTrigger.sendTrigger:147 com.motorola.motocare.internal.frameworkevents.ProcessKillTrigger.handleLmkKill:337 
W/ContextImpl( 1231): Calling a method in the system process without a qualified user: android.app.ContextImpl.sendBroadcast:1252 android.content.ContextWrapper.sendBroadcast:365 com.motorola.motocare.util.TriggerHelper$TriggerBuilder.send:76 com.motorola.motocare.internal.frameworkevents.ProcessKillTrigger.sendTrigger:147 com.motorola.motocare.internal.frameworkevents.ProcessKillTrigger.handleLmkKill:337 
W/ContextImpl( 1231): Calling a method in the system process without a qualified user: android.app.ContextImpl.sendBroadcast:1252 android.content.ContextWrapper.sendBroadcast:365 com.motorola.motocare.util.TriggerHelper$TriggerBuilder.send:76 com.motorola.motocare.internal.frameworkevents.ProcessKillTrigger.sendTrigger:147 com.motorola.motocare.internal.frameworkevents.ProcessKillTrigger.handleLmkKill:337 
W/ContextImpl( 1231): Calling a method in the system process without a qualified user: android.app.ContextImpl.sendBroadcast:1252 android.content.ContextWrapper.sendBroadcast:365 com.motorola.motocare.util.TriggerHelper$TriggerBuilder.send:76 com.motorola.motocare.internal.frameworkevents.ProcessKillTrigger.sendTrigger:147 com.motorola.motocare.internal.frameworkevents.ProcessKillTrigger.handleLmkKill:337 
W/ContextImpl( 1231): Calling a method in the system process without a qualified user: android.app.ContextImpl.sendBroadcast:1252 android.content.ContextWrapper.sendBroadcast:365 com.motorola.motocare.util.TriggerHelper$TriggerBuilder.send:76 com.motorola.motocare.internal.frameworkevents.ProcessKillTrigger.sendTrigger:147 com.motorola.motocare.internal.frameworkevents.ProcessKillTrigger.handleLmkKill:337 
W/ContextImpl( 1231): Calling a method in the system process without a qualified user: android.app.ContextImpl.sendBroadcast:1252 android.content.ContextWrapper.sendBroadcast:365 com.motorola.motocare.util.TriggerHelper$TriggerBuilder.send:76 com.motorola.motocare.internal.frameworkevents.ProcessKillTrigger.sendTrigger:147 com.motorola.motocare.internal.frameworkevents.ProcessKillTrigger.handleLmkKill:337 
W/ContextImpl( 1231): Calling a method in the system process without a qualified user: android.app.ContextImpl.sendBroadcast:1252 android.content.ContextWrapper.sendBroadcast:365 com.motorola.motocare.util.TriggerHelper$TriggerBuilder.send:76 com.motorola.motocare.internal.frameworkevents.ProcessKillTrigger.sendTrigger:147 com.motorola.motocare.internal.frameworkevents.ProcessKillTrigger.handleLmkKill:337 
I/ActivityManager( 1016): Process com.google.android.gms (pid 31719) has died.
W/ActivityManager( 1016): Scheduling restart of crashed service com.google.android.gms/.ads.identifier.service.AdvertisingIdService in 369920ms
W/ActivityManager( 1016): Scheduling restart of crashed service com.google.android.gms/.analytics.service.AnalyticsService in 2737907098464550912ms
W/ActivityManager( 1016): Scheduling restart of crashed service com.google.android.gms/.icing.service.IndexService in 19617ms
W/ActivityManager( 1016): Scheduling restart of crashed service com.google.android.gms/.icing.service.IndexWorkerService in 1444440ms
W/ContextImpl( 1231): Calling a method in the system process without a qualified user: android.app.ContextImpl.sendBroadcast:1252 android.content.ContextWrapper.sendBroadcast:365 com.motorola.motocare.util.TriggerHelper$TriggerBuilder.send:76 com.motorola.motocare.internal.frameworkevents.ProcessKillTrigger.sendTrigger:147 com.motorola.motocare.internal.frameworkevents.ProcessKillTrigger.handleLmkKill:337 
W/ContextImpl( 1231): Calling a method in the system process without a qualified user: android.app.ContextImpl.sendBroadcast:1252 android.content.ContextWrapper.sendBroadcast:365 com.motorola.motocare.util.TriggerHelper$TriggerBuilder.send:76 com.motorola.motocare.internal.frameworkevents.ProcessKillTrigger.sendTrigger:147 com.motorola.motocare.internal.frameworkevents.ProcessKillTrigger.handleLmkKill:337 
I/ActivityManager( 1016): Start proc com.google.android.gms for service com.google.android.gms/.icing.service.IndexService: pid=31905 uid=10022 gids={50022, 3003, 1007, 1028, 1015, 3002, 3001, 3007, 2001, 3006}
W/ContextImpl( 1231): Calling a method in the system process without a qualified user: android.app.ContextImpl.sendBroadcast:1252 android.content.ContextWrapper.sendBroadcast:365 com.motorola.motocare.util.TriggerHelper$TriggerBuilder.send:76 com.motorola.motocare.internal.frameworkevents.ProcessKillTrigger.sendTrigger:147 com.motorola.motocare.internal.frameworkevents.ProcessKillTrigger.handleLmkKill:337 
W/ContextImpl( 1231): Calling a method in the system process without a qualified user: android.app.ContextImpl.sendBroadcast:1252 android.content.ContextWrapper.sendBroadcast:365 com.motorola.motocare.util.TriggerHelper$TriggerBuilder.send:76 com.motorola.motocare.internal.frameworkevents.ProcessKillTrigger.sendTrigger:147 com.motorola.motocare.internal.frameworkevents.ProcessKillTrigger.handleLmkKill:337 
W/ContextImpl( 1231): Calling a method in the system process without a qualified user: android.app.ContextImpl.sendBroadcast:1252 android.content.ContextWrapper.sendBroadcast:365 com.motorola.motocare.util.TriggerHelper$TriggerBuilder.send:76 com.motorola.motocare.internal.frameworkevents.ProcessKillTrigger.sendTrigger:147 com.motorola.motocare.internal.frameworkevents.ProcessKillTrigger.handleLmkKill:337 
W/ContextImpl( 1231): Calling a method in the system process without a qualified user: android.app.ContextImpl.sendBroadcast:1252 android.content.ContextWrapper.sendBroadcast:365 com.motorola.motocare.util.TriggerHelper$TriggerBuilder.send:76 com.motorola.motocare.internal.frameworkevents.ProcessKillTrigger.sendTrigger:147 com.motorola.motocare.internal.frameworkevents.ProcessKillTrigger.handleLmkKill:337 
W/ContextImpl( 1231): Calling a method in the system process without a qualified user: android.app.ContextImpl.sendBroadcast:1252 android.content.ContextWrapper.sendBroadcast:365 com.motorola.motocare.util.TriggerHelper$TriggerBuilder.send:76 com.motorola.motocare.internal.frameworkevents.ProcessKillTrigger.sendTrigger:147 com.motorola.motocare.internal.frameworkevents.ProcessKillTrigger.handleLmkKill:337 
W/ContextImpl( 1231): Calling a method in the system process without a qualified user: android.app.ContextImpl.sendBroadcast:1252 android.content.ContextWrapper.sendBroadcast:365 com.motorola.motocare.util.TriggerHelper$TriggerBuilder.send:76 com.motorola.motocare.internal.frameworkevents.ProcessKillTrigger.sendTrigger:147 com.motorola.motocare.internal.frameworkevents.ProcessKillTrigger.handleLmkKill:337 
W/ContextImpl( 1231): Calling a method in the system process without a qualified user: android.app.ContextImpl.sendBroadcast:1252 android.content.ContextWrapper.sendBroadcast:365 com.motorola.motocare.util.TriggerHelper$TriggerBuilder.send:76 com.motorola.motocare.internal.frameworkevents.ProcessKillTrigger.sendTrigger:147 com.motorola.motocare.internal.frameworkevents.ProcessKillTrigger.handleLmkKill:337 
W/ContextImpl( 1231): Calling a method in the system process without a qualified user: android.app.ContextImpl.sendBroadcast:1252 android.content.ContextWrapper.sendBroadcast:365 com.motorola.motocare.util.TriggerHelper$TriggerBuilder.send:76 com.motorola.motocare.internal.frameworkevents.ProcessKillTrigger.sendTrigger:147 com.motorola.motocare.internal.frameworkevents.ProcessKillTrigger.handleLmkKill:337 
W/ContextImpl( 1231): Calling a method in the system process without a qualified user: android.app.ContextImpl.sendBroadcast:1252 android.content.ContextWrapper.sendBroadcast:365 com.motorola.motocare.util.TriggerHelper$TriggerBuilder.send:76 com.motorola.motocare.internal.frameworkevents.ProcessKillTrigger.sendTrigger:147 com.motorola.motocare.internal.frameworkevents.ProcessKillTrigger.handleLmkKill:337 
W/ContextImpl( 1231): Calling a method in the system process without a qualified user: android.app.ContextImpl.sendBroadcast:1252 android.content.ContextWrapper.sendBroadcast:365 com.motorola.motocare.util.TriggerHelper$TriggerBuilder.send:76 com.motorola.motocare.internal.frameworkevents.ProcessKillTrigger.sendTrigger:147 com.motorola.motocare.internal.frameworkevents.ProcessKillTrigger.handleLmkKill:337 
W/ContextImpl( 1231): Calling a method in the system process without a qualified user: android.app.ContextImpl.sendBroadcast:1252 android.content.ContextWrapper.sendBroadcast:365 com.motorola.motocare.util.TriggerHelper$TriggerBuilder.send:76 com.motorola.motocare.internal.frameworkevents.ProcessKillTrigger.sendTrigger:147 com.motorola.motocare.internal.frameworkevents.ProcessKillTrigger.handleLmkKill:337 
W/ContextImpl( 1231): Calling a method in the system process without a qualified user: android.app.ContextImpl.sendBroadcast:1252 android.content.ContextWrapper.sendBroadcast:365 com.motorola.motocare.util.TriggerHelper$TriggerBuilder.send:76 com.motorola.motocare.internal.frameworkevents.ProcessKillTrigger.sendTrigger:147 com.motorola.motocare.internal.frameworkevents.ProcessKillTrigger.handleLmkKill:337 
W/ContextImpl( 1231): Calling a method in the system process without a qualified user: android.app.ContextImpl.sendBroadcast:1252 android.content.ContextWrapper.sendBroadcast:365 com.motorola.motocare.util.TriggerHelper$TriggerBuilder.send:76 com.motorola.motocare.internal.frameworkevents.ProcessKillTrigger.sendTrigger:147 com.motorola.motocare.internal.frameworkevents.ProcessKillTrigger.handleLmkKill:337 
W/ContextImpl( 1231): Calling a method in the system process without a qualified user: android.app.ContextImpl.sendBroadcast:1252 android.content.ContextWrapper.sendBroadcast:365 com.motorola.motocare.util.TriggerHelper$TriggerBuilder.send:76 com.motorola.motocare.internal.frameworkevents.ProcessKillTrigger.sendTrigger:147 com.motorola.motocare.internal.frameworkevents.ProcessKillTrigger.handleLmkKill:337 
W/ContextImpl( 1231): Calling a method in the system process without a qualified user: android.app.ContextImpl.sendBroadcast:1252 android.content.ContextWrapper.sendBroadcast:365 com.motorola.motocare.util.TriggerHelper$TriggerBuilder.send:76 com.motorola.motocare.internal.frameworkevents.ProcessKillTrigger.sendTrigger:147 com.motorola.motocare.internal.frameworkevents.ProcessKillTrigger.handleLmkKill:337 
W/ContextImpl( 1231): Calling a method in the system process without a qualified user: android.app.ContextImpl.sendBroadcast:1252 android.content.ContextWrapper.sendBroadcast:365 com.motorola.motocare.util.TriggerHelper$TriggerBuilder.send:76 com.motorola.motocare.internal.frameworkevents.ProcessKillTrigger.sendTrigger:147 com.motorola.motocare.internal.frameworkevents.ProcessKillTrigger.handleLmkKill:337 
W/ContextImpl( 1231): Calling a method in the system process without a qualified user: android.app.ContextImpl.sendBroadcast:1252 android.content.ContextWrapper.sendBroadcast:365 com.motorola.motocare.util.TriggerHelper$TriggerBuilder.send:76 com.motorola.motocare.internal.frameworkevents.ProcessKillTrigger.sendTrigger:147 com.motorola.motocare.internal.frameworkevents.ProcessKillTrigger.handleLmkKill:337 
W/ContextImpl( 1231): Calling a method in the system process without a qualified user: android.app.ContextImpl.sendBroadcast:1252 android.content.ContextWrapper.sendBroadcast:365 com.motorola.motocare.util.TriggerHelper$TriggerBuilder.send:76 com.motorola.motocare.internal.frameworkevents.ProcessKillTrigger.sendTrigger:147 com.motorola.motocare.internal.frameworkevents.ProcessKillTrigger.handleLmkKill:337 
W/ContextImpl( 1231): Calling a method in the system process without a qualified user: android.app.ContextImpl.sendBroadcast:1252 android.content.ContextWrapper.sendBroadcast:365 com.motorola.motocare.util.TriggerHelper$TriggerBuilder.send:76 com.motorola.motocare.internal.frameworkevents.ProcessKillTrigger.sendTrigger:147 com.motorola.motocare.internal.frameworkevents.ProcessKillTrigger.handleLmkKill:337 
W/ContextImpl( 1231): Calling a method in the system process without a qualified user: android.app.ContextImpl.sendBroadcast:1252 android.content.ContextWrapper.sendBroadcast:365 com.motorola.motocare.util.TriggerHelper$TriggerBuilder.send:76 com.motorola.motocare.internal.frameworkevents.ProcessKillTrigger.sendTrigger:147 com.motorola.motocare.internal.frameworkevents.ProcessKillTrigger.handleLmkKill:337 
W/ContextImpl( 1231): Calling a method in the system process without a qualified user: android.app.ContextImpl.sendBroadcast:1252 android.content.ContextWrapper.sendBroadcast:365 com.motorola.motocare.util.TriggerHelper$TriggerBuilder.send:76 com.motorola.motocare.internal.frameworkevents.ProcessKillTrigger.sendTrigger:147 com.motorola.motocare.internal.frameworkevents.ProcessKillTrigger.handleLmkKill:337 
W/ContextImpl( 1231): Calling a method in the system process without a qualified user: android.app.ContextImpl.sendBroadcast:1252 android.content.ContextWrapper.sendBroadcast:365 com.motorola.motocare.util.TriggerHelper$TriggerBuilder.send:76 com.motorola.motocare.internal.frameworkevents.ProcessKillTrigger.sendTrigger:147 com.motorola.motocare.internal.frameworkevents.ProcessKillTrigger.handleLmkKill:337 
W/ContextImpl( 1231): Calling a method in the system process without a qualified user: android.app.ContextImpl.sendBroadcast:1252 android.content.ContextWrapper.sendBroadcast:365 com.motorola.motocare.util.TriggerHelper$TriggerBuilder.send:76 com.motorola.motocare.internal.frameworkevents.ProcessKillTrigger.sendTrigger:147 com.motorola.motocare.internal.frameworkevents.ProcessKillTrigger.handleLmkKill:337 
W/ContextImpl( 1231): Calling a method in the system process without a qualified user: android.app.ContextImpl.sendBroadcast:1252 android.content.ContextWrapper.sendBroadcast:365 com.motorola.motocare.util.TriggerHelper$TriggerBuilder.send:76 com.motorola.motocare.internal.frameworkevents.ProcessKillTrigger.sendTrigger:147 com.motorola.motocare.internal.frameworkevents.ProcessKillTrigger.handleLmkKill:337 
W/ContextImpl( 1231): Calling a method in the system process without a qualified user: android.app.ContextImpl.sendBroadcast:1252 android.content.ContextWrapper.sendBroadcast:365 com.motorola.motocare.util.TriggerHelper$TriggerBuilder.send:76 com.motorola.motocare.internal.frameworkevents.ProcessKillTrigger.sendTrigger:147 com.motorola.motocare.internal.frameworkevents.ProcessKillTrigger.handleLmkKill:337 
W/ContextImpl( 1231): Calling a method in the system process without a qualified user: android.app.ContextImpl.sendBroadcast:1252 android.content.ContextWrapper.sendBroadcast:365 com.motorola.motocare.util.TriggerHelper$TriggerBuilder.send:76 com.motorola.motocare.internal.frameworkevents.ProcessKillTrigger.sendTrigger:147 com.motorola.motocare.internal.frameworkevents.ProcessKillTrigger.handleLmkKill:337 
W/ContextImpl( 1231): Calling a method in the system process without a qualified user: android.app.ContextImpl.sendBroadcast:1252 android.content.ContextWrapper.sendBroadcast:365 com.motorola.motocare.util.TriggerHelper$TriggerBuilder.send:76 com.motorola.motocare.internal.frameworkevents.ProcessKillTrigger.sendTrigger:147 com.motorola.motocare.internal.frameworkevents.ProcessKillTrigger.handleLmkKill:337 
W/ContextImpl( 1231): Calling a method in the system process without a qualified user: android.app.ContextImpl.sendBroadcast:1252 android.content.ContextWrapper.sendBroadcast:365 com.motorola.motocare.util.TriggerHelper$TriggerBuilder.send:76 com.motorola.motocare.internal.frameworkevents.ProcessKillTrigger.sendTrigger:147 com.motorola.motocare.internal.frameworkevents.ProcessKillTrigger.handleLmkKill:337 
W/ContextImpl( 1231): Calling a method in the system process without a qualified user: android.app.ContextImpl.sendBroadcast:1252 android.content.ContextWrapper.sendBroadcast:365 com.motorola.motocare.util.TriggerHelper$TriggerBuilder.send:76 com.motorola.motocare.internal.frameworkevents.ProcessKillTrigger.sendTrigger:147 com.motorola.motocare.internal.frameworkevents.ProcessKillTrigger.handleLmkKill:337 
W/ContextImpl( 1231): Calling a method in the system process without a qualified user: android.app.ContextImpl.sendBroadcast:1252 android.content.ContextWrapper.sendBroadcast:365 com.motorola.motocare.util.TriggerHelper$TriggerBuilder.send:76 com.motorola.motocare.internal.frameworkevents.ProcessKillTrigger.sendTrigger:147 com.motorola.motocare.internal.frameworkevents.ProcessKillTrigger.handleLmkKill:337 
W/ContextImpl( 1231): Calling a method in the system process without a qualified user: android.app.ContextImpl.sendBroadcast:1252 android.content.ContextWrapper.sendBroadcast:365 com.motorola.motocare.util.TriggerHelper$TriggerBuilder.send:76 com.motorola.motocare.internal.frameworkevents.ProcessKillTrigger.sendTrigger:147 com.motorola.motocare.internal.frameworkevents.ProcessKillTrigger.handleLmkKill:337 
W/ContextImpl( 1231): Calling a method in the system process without a qualified user: android.app.ContextImpl.sendBroadcast:1252 android.content.ContextWrapper.sendBroadcast:365 com.motorola.motocare.util.TriggerHelper$TriggerBuilder.send:76 com.motorola.motocare.internal.frameworkevents.ProcessKillTrigger.sendTrigger:147 com.motorola.motocare.internal.frameworkevents.ProcessKillTrigger.handleLmkKill:337 
W/ContextImpl( 1231): Calling a method in the system process without a qualified user: android.app.ContextImpl.sendBroadcast:1252 android.content.ContextWrapper.sendBroadcast:365 com.motorola.motocare.util.TriggerHelper$TriggerBuilder.send:76 com.motorola.motocare.internal.frameworkevents.ProcessKillTrigger.sendTrigger:147 com.motorola.motocare.internal.frameworkevents.ProcessKillTrigger.handleLmkKill:337 
W/ContextImpl( 1231): Calling a method in the system process without a qualified user: android.app.ContextImpl.sendBroadcast:1252 android.content.ContextWrapper.sendBroadcast:365 com.motorola.motocare.util.TriggerHelper$TriggerBuilder.send:76 com.motorola.motocare.internal.frameworkevents.ProcessKillTrigger.sendTrigger:147 com.motorola.motocare.internal.frameworkevents.ProcessKillTrigger.handleLmkKill:337 
W/ContextImpl( 1231): Calling a method in the system process without a qualified user: android.app.ContextImpl.sendBroadcast:1252 android.content.ContextWrapper.sendBroadcast:365 com.motorola.motocare.util.TriggerHelper$TriggerBuilder.send:76 com.motorola.motocare.internal.frameworkevents.ProcessKillTrigger.sendTrigger:147 com.motorola.motocare.internal.frameworkevents.ProcessKillTrigger.handleLmkKill:337 
W/ContextImpl( 1231): Calling a method in the system process without a qualified user: android.app.ContextImpl.sendBroadcast:1252 android.content.ContextWrapper.sendBroadcast:365 com.motorola.motocare.util.TriggerHelper$TriggerBuilder.send:76 com.motorola.motocare.internal.frameworkevents.ProcessKillTrigger.sendTrigger:147 com.motorola.motocare.internal.frameworkevents.ProcessKillTrigger.handleLmkKill:337 
W/ContextImpl( 1231): Calling a method in the system process without a qualified user: android.app.ContextImpl.sendBroadcast:1252 android.content.ContextWrapper.sendBroadcast:365 com.motorola.motocare.util.TriggerHelper$TriggerBuilder.send:76 com.motorola.motocare.internal.frameworkevents.ProcessKillTrigger.sendTrigger:147 com.motorola.motocare.internal.frameworkevents.ProcessKillTrigger.handleLmkKill:337 
W/ContextImpl( 1231): Calling a method in the system process without a qualified user: android.app.ContextImpl.sendBroadcast:1252 android.content.ContextWrapper.sendBroadcast:365 com.motorola.motocare.util.TriggerHelper$TriggerBuilder.send:76 com.motorola.motocare.internal.frameworkevents.ProcessKillTrigger.sendTrigger:147 com.motorola.motocare.internal.frameworkevents.ProcessKillTrigger.handleLmkKill:337 
W/ContextImpl( 1231): Calling a method in the system process without a qualified user: android.app.ContextImpl.sendBroadcast:1252 android.content.ContextWrapper.sendBroadcast:365 com.motorola.motocare.util.TriggerHelper$TriggerBuilder.send:76 com.motorola.motocare.internal.frameworkevents.ProcessKillTrigger.sendTrigger:147 com.motorola.motocare.internal.frameworkevents.ProcessKillTrigger.handleLmkKill:337 
W/ContextImpl( 1231): Calling a method in the system process without a qualified user: android.app.ContextImpl.sendBroadcast:1252 android.content.ContextWrapper.sendBroadcast:365 com.motorola.motocare.util.TriggerHelper$TriggerBuilder.send:76 com.motorola.motocare.internal.frameworkevents.ProcessKillTrigger.sendTrigger:147 com.motorola.motocare.internal.frameworkevents.ProcessKillTrigger.handleLmkKill:337 
W/ContextImpl( 1231): Calling a method in the system process without a qualified user: android.app.ContextImpl.sendBroadcast:1252 android.content.ContextWrapper.sendBroadcast:365 com.motorola.motocare.util.TriggerHelper$TriggerBuilder.send:76 com.motorola.motocare.internal.frameworkevents.ProcessKillTrigger.sendTrigger:147 com.motorola.motocare.internal.frameworkevents.ProcessKillTrigger.handleLmkKill:337 
W/ContextImpl( 1231): Calling a method in the system process without a qualified user: android.app.ContextImpl.sendBroadcast:1252 android.content.ContextWrapper.sendBroadcast:365 com.motorola.motocare.util.TriggerHelper$TriggerBuilder.send:76 com.motorola.motocare.internal.frameworkevents.ProcessKillTrigger.sendTrigger:147 com.motorola.motocare.internal.frameworkevents.ProcessKillTrigger.handleLmkKill:337 
W/ContextImpl( 1231): Calling a method in the system process without a qualified user: android.app.ContextImpl.sendBroadcast:1252 android.content.ContextWrapper.sendBroadcast:365 com.motorola.motocare.util.TriggerHelper$TriggerBuilder.send:76 com.motorola.motocare.internal.frameworkevents.ProcessKillTrigger.sendTrigger:147 com.motorola.motocare.internal.frameworkevents.ProcessKillTrigger.handleLmkKill:337 
W/ContextImpl( 1231): Calling a method in the system process without a qualified user: android.app.ContextImpl.sendBroadcast:1252 android.content.ContextWrapper.sendBroadcast:365 com.motorola.motocare.util.TriggerHelper$TriggerBuilder.send:76 com.motorola.motocare.internal.frameworkevents.ProcessKillTrigger.sendTrigger:147 com.motorola.motocare.internal.frameworkevents.ProcessKillTrigger.handleLmkKill:337 
W/ContextImpl( 1231): Calling a method in the system process without a qualified user: android.app.ContextImpl.sendBroadcast:1252 android.content.ContextWrapper.sendBroadcast:365 com.motorola.motocare.util.TriggerHelper$TriggerBuilder.send:76 com.motorola.motocare.internal.frameworkevents.ProcessKillTrigger.sendTrigger:147 com.motorola.motocare.internal.frameworkevents.ProcessKillTrigger.handleLmkKill:337 
W/ContextImpl( 1231): Calling a method in the system process without a qualified user: android.app.ContextImpl.sendBroadcast:1252 android.content.ContextWrapper.sendBroadcast:365 com.motorola.motocare.util.TriggerHelper$TriggerBuilder.send:76 com.motorola.motocare.internal.frameworkevents.ProcessKillTrigger.sendTrigger:147 com.motorola.motocare.internal.frameworkevents.ProcessKillTrigger.handleLmkKill:337 
