--------- beginning of /dev/log/system
I/LaunchCheckinHandler( 1016): Displayed com.android.systemui/.recent.RecentsActivity,wp,wa,303
I/ActivityManager( 1016): Process com.google.android.apps.plus (pid 30462) has died.
I/SFPerfTracer(  278):      triggers: (rate: 36:29457) (88108 sw vsyncs) (53132 skipped) (48:151911 vsyncs) (50:258926)
I/ActivityManager( 1016): Killing 30719:com.giftme.fb_auth/u0a106 (adj 9): remove task
W/ContextImpl( 1231): Calling a method in the system process without a qualified user: android.app.ContextImpl.sendBroadcast:1252 android.content.ContextWrapper.sendBroadcast:365 com.motorola.motocare.util.TriggerHelper$TriggerBuilder.send:76 com.motorola.motocare.internal.frameworkevents.ProcessKillTrigger.sendTrigger:147 com.motorola.motocare.internal.frameworkevents.ProcessKillTrigger.handleFrameworkEvent:164 
I/WindowState( 1016): WIN DEATH: Window{43993078 u0 com.giftme.fb_auth/com.giftme.fb_auth.FB_Auth}
W/ContextImpl( 1231): Calling a method in the system process without a qualified user: android.app.ContextImpl.sendBroadcast:1252 android.content.ContextWrapper.sendBroadcast:365 com.motorola.motocare.util.TriggerHelper$TriggerBuilder.send:76 com.motorola.motocare.internal.frameworkevents.PauseResumeTrigger.handleFrameworkEvent:53 com.motorola.motocare.internal.frameworkevents.FwEventMonitor$FrameworkListener.processFrameworkEvent:114 
W/ContextImpl( 1231): Calling a method in the system process without a qualified user: android.app.ContextImpl.sendBroadcast:1252 android.content.ContextWrapper.sendBroadcast:365 com.motorola.motocare.util.TriggerHelper$TriggerBuilder.send:76 com.motorola.motocare.internal.frameworkevents.PauseResumeTrigger.handleFrameworkEvent:53 com.motorola.motocare.internal.frameworkevents.FwEventMonitor$FrameworkListener.processFrameworkEvent:114 
I/SFPerfTracer(  278):      triggers: (rate: 38:2810) (compose: 0:14) (post: 0:2) (render: 9:419) (0:55713 frames) (1:149541)
D/SFPerfTracer(  278):        layers: (3:13) (DimLayer: 0:65)* (DimLayer: 0:25)* (FocusedStackFrame: 0:1538)* (StatusBar: 0:8607) (NavigationBar: 0:10736) (DimLayer: 0:2624)* (DimLayer: 0:271)* (com.android.wallpaper.fall.FallWallpaper: 0:17296)* (com.giftme.fb_auth/com.giftme.fb_auth.FB_Auth: 0:104)* (com.android.systemui/com.android.systemui.recent.RecentsActivity: 0:66)* (thumbnail anim: 0:18)* (com.rhmsoft.fm/com.rhmsoft.fm.FileManager: 1:33) (thumbnail anim: 0:17)* 
I/ActivityManager( 1016): START u0 {act=com.android.systemui.recent.action.TOGGLE_RECENTS flg=0x10800000 cmp=com.android.systemui/.recent.RecentsActivity (has extras)} from pid 1078
W/ContextImpl( 1231): Calling a method in the system process without a qualified user: android.app.ContextImpl.sendBroadcast:1252 android.content.ContextWrapper.sendBroadcast:365 com.motorola.motocare.util.TriggerHelper$TriggerBuilder.send:76 com.motorola.motocare.internal.frameworkevents.PauseResumeTrigger.handleFrameworkEvent:53 com.motorola.motocare.internal.frameworkevents.FwEventMonitor$FrameworkListener.processFrameworkEvent:114 
W/ContextImpl( 1231): Calling a method in the system process without a qualified user: android.app.ContextImpl.sendBroadcast:1252 android.content.ContextWrapper.sendBroadcast:365 com.motorola.motocare.util.TriggerHelper$TriggerBuilder.send:76 com.motorola.motocare.internal.frameworkevents.PauseResumeTrigger.handleFrameworkEvent:53 com.motorola.motocare.internal.frameworkevents.FwEventMonitor$FrameworkListener.processFrameworkEvent:114 
I/LaunchCheckinHandler( 1016): Displayed com.android.systemui/.recent.RecentsActivity,wp,wa,281
I/ActivityManager( 1016): START u0 {act=android.intent.action.MAIN cat=[android.intent.category.HOME] flg=0x10200000 cmp=com.android.launcher/com.android.launcher2.Launcher} from pid 1016
W/ContextImpl( 1231): Calling a method in the system process without a qualified user: android.app.ContextImpl.sendBroadcast:1252 android.content.ContextWrapper.sendBroadcast:365 com.motorola.motocare.util.TriggerHelper$TriggerBuilder.send:76 com.motorola.motocare.internal.frameworkevents.PauseResumeTrigger.handleFrameworkEvent:53 com.motorola.motocare.internal.frameworkevents.FwEventMonitor$FrameworkListener.processFrameworkEvent:114 
W/ContextImpl( 1231): Calling a method in the system process without a qualified user: android.app.ContextImpl.sendBroadcast:1252 android.content.ContextWrapper.sendBroadcast:365 com.motorola.motocare.util.TriggerHelper$TriggerBuilder.send:76 com.motorola.motocare.internal.frameworkevents.PauseResumeTrigger.handleFrameworkEvent:53 com.motorola.motocare.internal.frameworkevents.FwEventMonitor$FrameworkListener.processFrameworkEvent:114 
I/LaunchCheckinHandler( 1016): Displayed com.android.launcher/com.android.launcher2.Launcher,wp,wa,248
I/SFPerfTracer(  278):      triggers: (rate: 38:2810) (compose: 0:14) (post: 0:2) (render: 9:419) (0:55744 frames) (1:149641)
D/SFPerfTracer(  278):        layers: (4:12) (DimLayer: 0:65)* (DimLayer: 0:25)* (FocusedStackFrame: 0:1542)* (StatusBar: 0:8626) (NavigationBar: 0:10784) (DimLayer: 0:2624)* (DimLayer: 0:271)* (com.android.wallpaper.fall.FallWallpaper: 0:17309) (com.rhmsoft.fm/com.rhmsoft.fm.FileManager: 0:53)* (com.android.systemui/com.android.systemui.recent.RecentsActivity: 0:40)* (thumbnail anim: 0:18)* (com.android.launcher/com.android.launcher2.Launcher: 1:40) 
I/ActivityManager( 1016): START u0 {act=android.intent.action.MAIN cat=[android.intent.category.LAUNCHER] flg=0x10200000 cmp=com.giftme.fb_auth/.FB_Auth bnds=[360,385][520,585]} from pid 30757
W/ContextImpl( 1231): Calling a method in the system process without a qualified user: android.app.ContextImpl.sendBroadcast:1252 android.content.ContextWrapper.sendBroadcast:365 com.motorola.motocare.util.TriggerHelper$TriggerBuilder.send:76 com.motorola.motocare.internal.frameworkevents.PauseResumeTrigger.handleFrameworkEvent:53 com.motorola.motocare.internal.frameworkevents.FwEventMonitor$FrameworkListener.processFrameworkEvent:114 
I/ActivityManager( 1016): Start proc com.giftme.fb_auth for activity com.giftme.fb_auth/.FB_Auth: pid=30957 uid=10106 gids={50106, 3003, 1028, 1015}
W/ContextImpl( 1231): Calling a method in the system process without a qualified user: android.app.ContextImpl.sendBroadcast:1252 android.content.ContextWrapper.sendBroadcast:365 com.motorola.motocare.util.TriggerHelper$TriggerBuilder.send:76 com.motorola.motocare.internal.frameworkevents.PauseResumeTrigger.handleFrameworkEvent:53 com.motorola.motocare.internal.frameworkevents.FwEventMonitor$FrameworkListener.processFrameworkEvent:114 
I/LaunchCheckinHandler( 1016): Displayed com.giftme.fb_auth/.FB_Auth,cp,ca,372
I/SFPerfTracer(  278):       trigger: vsync rate (-26.229%)	(44.263 vps)	(22.592 ms)* 	(50 drops)	(194 vsyncs)
I/SFPerfTracer(  278):      triggers: (rate: 37:29507) (88108 sw vsyncs) (53269 skipped) (194:152188 vsyncs) (196:259219)
I/ActivityManager( 1016): START u0 {act=SSO_WITH_FALLBACK cmp=com.giftme.fb_auth/com.facebook.LoginActivity (has extras)} from pid 30957
W/ContextImpl( 1231): Calling a method in the system process without a qualified user: android.app.ContextImpl.sendBroadcast:1252 android.content.ContextWrapper.sendBroadcast:365 com.motorola.motocare.util.TriggerHelper$TriggerBuilder.send:76 com.motorola.motocare.internal.frameworkevents.PauseResumeTrigger.handleFrameworkEvent:53 com.motorola.motocare.internal.frameworkevents.FwEventMonitor$FrameworkListener.processFrameworkEvent:114 
W/ContextImpl( 1231): Calling a method in the system process without a qualified user: android.app.ContextImpl.sendBroadcast:1252 android.content.ContextWrapper.sendBroadcast:365 com.motorola.motocare.util.TriggerHelper$TriggerBuilder.send:76 com.motorola.motocare.internal.frameworkevents.PauseResumeTrigger.handleFrameworkEvent:53 com.motorola.motocare.internal.frameworkevents.FwEventMonitor$FrameworkListener.processFrameworkEvent:114 
I/SFPerfTracer(  278):      triggers: (rate: 38:2811) (compose: 0:14) (post: 0:2) (render: 9:419) (18:55784 frames) (19:149747)
D/SFPerfTracer(  278):        layers: (3:11) (DimLayer: 0:65)* (DimLayer: 0:25)* (FocusedStackFrame: 0:1546)* (StatusBar: 0:8645) (NavigationBar: 0:10821) (DimLayer: 0:2624)* (DimLayer: 0:271)* (com.android.wallpaper.fall.FallWallpaper: 0:17343)* (com.android.launcher/com.android.launcher2.Launcher: 0:63)* (Starting com.giftme.fb_auth: 0:31)* (com.giftme.fb_auth/com.giftme.fb_auth.FB_Auth: 19:26) 
I/LaunchCheckinHandler( 1016): Displayed com.giftme.fb_auth/com.facebook.LoginActivity,wp,ca,97
W/ProcessCpuTracker( 1016): Skipping unknown process pid 30973
W/ProcessCpuTracker( 1016): Skipping unknown process pid 30976
W/ContextImpl( 1231): Calling a method in the system process without a qualified user: android.app.ContextImpl.sendBroadcast:1252 android.content.ContextWrapper.sendBroadcast:365 com.motorola.motocare.util.TriggerHelper$TriggerBuilder.send:76 com.motorola.motocare.internal.frameworkevents.PauseResumeTrigger.handleFrameworkEvent:53 com.motorola.motocare.internal.frameworkevents.FwEventMonitor$FrameworkListener.processFrameworkEvent:114 
W/ContextImpl( 1231): Calling a method in the system process without a qualified user: android.app.ContextImpl.sendBroadcast:1252 android.content.ContextWrapper.sendBroadcast:365 com.motorola.motocare.util.TriggerHelper$TriggerBuilder.send:76 com.motorola.motocare.internal.frameworkevents.PauseResumeTrigger.handleFrameworkEvent:53 com.motorola.motocare.internal.frameworkevents.FwEventMonitor$FrameworkListener.processFrameworkEvent:114 
W/WindowManager( 1016): Rebuild removed 9 windows but added 8
W/WindowManager( 1016): java.lang.RuntimeException: here
W/WindowManager( 1016): 	at com.android.server.wm.WindowManagerService.rebuildAppWindowListLocked(WindowManagerService.java:8096)
W/WindowManager( 1016): 	at com.android.server.wm.WindowManagerService.rebuildAppWindowListLocked(WindowManagerService.java:8032)
W/WindowManager( 1016): 	at com.android.server.wm.WindowManagerService.handleAnimatingStoppedAndTransitionLocked(WindowManagerService.java:8776)
W/WindowManager( 1016): 	at com.android.server.wm.WindowManagerService.performLayoutAndPlaceSurfacesLockedInner(WindowManagerService.java:9311)
W/WindowManager( 1016): 	at com.android.server.wm.WindowManagerService.performLayoutAndPlaceSurfacesLockedLoop(WindowManagerService.java:8248)
W/WindowManager( 1016): 	at com.android.server.wm.WindowManagerService.performLayoutAndPlaceSurfacesLocked(WindowManagerService.java:8190)
W/WindowManager( 1016): 	at com.android.server.wm.WindowManagerService.access$300(WindowManagerService.java:165)
W/WindowManager( 1016): 	at com.android.server.wm.WindowManagerService$H.handleMessage(WindowManagerService.java:7224)
W/WindowManager( 1016): 	at android.os.Handler.dispatchMessage(Handler.java:102)
W/WindowManager( 1016): 	at android.os.Looper.loop(Looper.java:136)
W/WindowManager( 1016): 	at android.os.HandlerThread.run(HandlerThread.java:61)
W/WindowManager( 1016): This window was lost: Window{43050b28 u0 com.giftme.fb_auth/com.facebook.LoginActivity}
W/WindowManager( 1016): mDisplayId=0 mSession=Session{430be828 30957:u0a10106} mClient=android.os.BinderProxy@4286d128
W/WindowManager( 1016): mOwnerUid=10106 mShowToOwnerOnly=true package=com.giftme.fb_auth appop=NONE
W/WindowManager( 1016): mAttrs=WM.LayoutParams{(0,0)(fillxfill) sim=#120 ty=1 fl=#41010100 pfl=0x8 fmt=-2 wanim=0x1030000}
W/WindowManager( 1016): Requested w=720 h=1184 mLayoutSeq=6863
W/WindowManager( 1016): mBaseLayer=21000 mSubLayer=0 mAnimLayer=21045+1000=21045 mLastLayer=22045
W/WindowManager( 1016): mToken=AppWindowToken{438d9d78 token=Token{427b7b88 ActivityRecord{42a9ccc8 u0 com.giftme.fb_auth/com.facebook.LoginActivity t104}}}
W/WindowManager( 1016): mRootToken=AppWindowToken{438d9d78 token=Token{427b7b88 ActivityRecord{42a9ccc8 u0 com.giftme.fb_auth/com.facebook.LoginActivity t104}}}
W/WindowManager( 1016): mAppToken=AppWindowToken{438d9d78 token=Token{427b7b88 ActivityRecord{42a9ccc8 u0 com.giftme.fb_auth/com.facebook.LoginActivity t104}}}
W/WindowManager( 1016): mViewVisibility=0x8 mHaveFrame=true mObscured=false
W/WindowManager( 1016): mSeq=0 mSystemUiVisibility=0x0
W/WindowManager( 1016): mGivenContentInsets=[0,0][0,0] mGivenVisibleInsets=[0,0][0,0]
W/WindowManager( 1016): mConfiguration={1.0 ?mcc?mnc en_GB ldltr sw360dp w360dp h567dp 320dpi nrml port finger -keyb/v/h -nav/h s.18?spn}
W/WindowManager( 1016): mHasSurface=true mShownFrame=[70.875,116.54999][790.875,1300.55] isReadyForDisplay()=false
W/WindowManager( 1016): mFrame=[0,0][720,1184] last=[0,0][720,1184]
W/WindowManager( 1016): mSystemDecorRect=[0,50][720,1184] last=[0,50][720,1184]
W/WindowManager( 1016): Frames: containing=[0,0][720,1184] parent=[0,0][720,1184]
W/WindowManager( 1016):     display=[0,0][720,1184] overscan=[0,0][720,1280]
W/WindowManager( 1016):     content=[0,50][720,1184] visible=[0,50][720,1184]
W/WindowManager( 1016):     decor=[0,50][720,1184]
W/WindowManager( 1016): Cur insets: overscan=[0,0][0,0] content=[0,50][0,0] visible=[0,50][0,0]
W/WindowManager( 1016): Lst insets: overscan=[0,0][0,0] content=[0,50][0,0] visible=[0,50][0,0]
W/WindowManager( 1016): WindowStateAnimator{43ca3108 com.giftme.fb_auth/com.facebook.LoginActivity}:
W/WindowManager( 1016):   mSurface=Surface(name=com.giftme.fb_auth/com.facebook.LoginActivity)
W/WindowManager( 1016):   mDrawState=HAS_DRAWN mLastHidden=true
W/WindowManager( 1016):   Surface: shown=false layer=22045 alpha=0.015625 rect=(70.875,116.54999) 720.0 x 1184.0
W/WindowManager( 1016):   mShownAlpha=0.015625 mAlpha=1.0 mLastAlpha=0.015625
W/WindowManager( 1016):   mGlobalScale=1.0 mDsDx=0.803125 mDtDx=0.0 mDsDy=0.0 mDtDy=0.803125
W/WindowManager( 1016): mExiting=false mRemoveOnExit=false mDestroying=true mRemoved=false
W/WindowManager( 1016): Current app token list:
V/WindowManager( 1016):   Display 0
V/WindowManager( 1016):   #9: Token{4283c5b8 ActivityRecord{42a9a7d0 u0 com.giftme.fb_auth/.FB_Auth t104}}
V/WindowManager( 1016):   #8: Token{428b0a30 ActivityRecord{430c5710 u0 com.android.launcher/com.android.launcher2.Launcher t39}}
V/WindowManager( 1016):   #7: Token{42992de8 ActivityRecord{42992c88 u0 com.android.systemui/.recent.RecentsActivity t29}}
V/WindowManager( 1016):   #6: Token{42b595c8 ActivityRecord{42907368 u0 com.rhmsoft.fm/.FileManager t22}}
V/WindowManager( 1016):   #5: Token{42a987a8 ActivityRecord{42d15960 u0 com.android.vending/com.google.android.finsky.activities.MainActivity t76}}
V/WindowManager( 1016):   #4: Token{42f88f68 ActivityRecord{4298fc60 u0 com.rhmsoft.fm/.hd.FileManagerHD t90}}
V/WindowManager( 1016):   #3: Token{4286f6e0 ActivityRecord{42929d28 u0 com.android.deskclock/.DeskClock t90}}
V/WindowManager( 1016):   #2: Token{42c4c5e8 ActivityRecord{4287c7b0 u0 com.google.android.play.games/com.google.android.gms.games.ui.destination.games.GameDetailActivity t72}}
V/WindowManager( 1016):   #1: Token{430db658 ActivityRecord{428d4d48 u0 com.google.android.play.games/com.google.android.gms.games.ui.destination.games.ShopGamesListActivity t72}}
V/WindowManager( 1016):   #0: Token{43485d38 ActivityRecord{4306fa58 u0 com.google.android.play.games/com.google.android.gms.games.ui.destination.main.MainActivity t72}}
W/WindowManager( 1016): Final window list:
V/WindowManager( 1016):   #0: Window{427ba5e0 u0 SearchPanel}
V/WindowManager( 1016):   #1: Window{4287c4e0 u0 NavigationBar}
V/WindowManager( 1016):   #2: Window{42950648 u0 StatusBar}
V/WindowManager( 1016):   #3: Window{42fc43e8 u0 Keyguard}
V/WindowManager( 1016):   #4: Window{42bade60 u0 KeyguardScrim}
V/WindowManager( 1016):   #5: Window{42864cc0 u0 InputMethod}
V/WindowManager( 1016):   #6: Window{43052b20 u0 com.giftme.fb_auth/com.giftme.fb_auth.FB_Auth}
V/WindowManager( 1016):   #7: Window{42fea0b0 u0 com.giftme.fb_auth/com.giftme.fb_auth.FB_Auth}
V/WindowManager( 1016):   #8: Window{43222de0 u0 com.android.launcher/com.android.launcher2.Launcher}
V/WindowManager( 1016):   #9: Window{427c2a38 u0 com.android.systemui/com.android.systemui.recent.RecentsActivity}
V/WindowManager( 1016):   #10: Window{443411b0 u0 com.rhmsoft.fm/com.rhmsoft.fm.FileManager}
V/WindowManager( 1016):   #11: Window{437b5900 u0 com.android.vending/com.google.android.finsky.activities.MainActivity}
V/WindowManager( 1016):   #12: Window{428efe48 u0 com.rhmsoft.fm/com.rhmsoft.fm.hd.FileManagerHD}
V/WindowManager( 1016):   #13: Window{42fe9488 u0 com.android.deskclock/com.android.deskclock.DeskClock}
V/WindowManager( 1016):   #14: Window{4358b788 u0 com.android.wallpaper.fall.FallWallpaper}
I/SFPerfTracer(  278):      triggers: (rate: 37:29507) (88108 sw vsyncs) (53269 skipped) (17:152275 vsyncs) (19:259334)
I/SFPerfTracer(  278):      triggers: (rate: 37:29507) (88108 sw vsyncs) (53269 skipped) (5:152363 vsyncs) (7:259438)
V/AlarmManager( 1016): sending alarm Alarm{42b02130 type 3 android}
V/AlarmManager( 1016): sending alarm Alarm{42af92c0 type 3 com.devexpert.weather}
V/AlarmManager( 1016): sending alarm Alarm{42aedfe0 type 0 com.google.android.gms}
W/ContextImpl( 1231): Calling a method in the system process without a qualified user: android.app.ContextImpl.sendBroadcast:1252 android.content.ContextWrapper.sendBroadcast:365 com.motorola.motocare.util.TriggerHelper$TriggerBuilder.send:76 com.motorola.motocare.internal.frameworkevents.ProcessKillTrigger.sendTrigger:147 com.motorola.motocare.internal.frameworkevents.ProcessKillTrigger.handleLmkKill:337 
W/ContextImpl( 1231): Calling a method in the system process without a qualified user: android.app.ContextImpl.sendBroadcast:1252 android.content.ContextWrapper.sendBroadcast:365 com.motorola.motocare.util.TriggerHelper$TriggerBuilder.send:76 com.motorola.motocare.internal.frameworkevents.ProcessKillTrigger.sendTrigger:147 com.motorola.motocare.internal.frameworkevents.ProcessKillTrigger.handleLmkKill:337 
W/ContextImpl( 1231): Calling a method in the system process without a qualified user: android.app.ContextImpl.sendBroadcast:1252 android.content.ContextWrapper.sendBroadcast:365 com.motorola.motocare.util.TriggerHelper$TriggerBuilder.send:76 com.motorola.motocare.internal.frameworkevents.ProcessKillTrigger.sendTrigger:147 com.motorola.motocare.internal.frameworkevents.ProcessKillTrigger.handleLmkKill:337 
I/SFPerfTracer(  278):      triggers: (rate: 37:29507) (88108 sw vsyncs) (53269 skipped) (5:152451 vsyncs) (7:259543)
V/AlarmManager( 1016): sending alarm Alarm{429489a0 type 3 android}
V/AlarmManager( 1016): sending alarm Alarm{42942cb0 type 2 android}
D/ConnectivityService( 1016): Sampling interval elapsed, updating statistics ..
V/AlarmManager( 1016): sending alarm Alarm{4293e728 type 3 com.devexpert.weather}
V/AlarmManager( 1016): sending alarm Alarm{4293e4a0 type 2 com.google.android.gms}
D/ConnectivityService( 1016): Done.
D/ConnectivityService( 1016): Setting timer for 720seconds
D/ConnectivityService( 1016): handleInetConditionHoldEnd: net=1, condition=100, published condition=100
I/SFPerfTracer(  278):      triggers: (rate: 37:29507) (88108 sw vsyncs) (53269 skipped) (5:152539 vsyncs) (7:259648)
I/PowerManagerService( 1016): Nap time...
I/PowerManagerService( 1016): Going to sleep due to screen timeout...
W/ContextImpl( 1231): Calling a method in the system process without a qualified user: android.app.ContextImpl.sendBroadcast:1252 android.content.ContextWrapper.sendBroadcast:365 com.motorola.motocare.util.TriggerHelper$TriggerBuilder.send:76 com.motorola.motocare.internal.frameworkevents.PauseResumeTrigger.handleFrameworkEvent:53 com.motorola.motocare.internal.frameworkevents.FwEventMonitor$FrameworkListener.processFrameworkEvent:114 
W/ContextImpl( 1231): Calling a method in the system process without a qualified user: android.app.ContextImpl.startService:1608 android.content.ContextWrapper.startService:494 android.content.ContextWrapper.startService:494 com.motorola.motocare.internal.batterystats.BatteryStatsAction.onReceive:33 android.app.ActivityThread.handleReceiver:2434 
V/AlarmManager( 1016): sending alarm Alarm{4289e3c0 type 2 com.android.keyguard}
V/AlarmManager( 1016): sending alarm Alarm{428a3340 type 0 com.facebook.katana}
V/AlarmManager( 1016): sending alarm Alarm{428a3390 type 3 android}
V/AlarmManager( 1016): sending alarm Alarm{428a3450 type 3 com.devexpert.weather}
V/AlarmManager( 1016): sending alarm Alarm{428b0cb0 type 2 com.google.android.gms}
V/AlarmManager( 1016): sending alarm Alarm{428b0d00 type 2 com.google.android.gsf}
V/AlarmManager( 1016): sending alarm Alarm{428ee048 type 3 android}
V/AlarmManager( 1016): sending alarm Alarm{428ee120 type 3 com.devexpert.weather}
V/AlarmManager( 1016): sending alarm Alarm{428f61c8 type 2 android}
D/WifiP2pService( 1016): InactiveState{ when=-3ms what=143375 arg1=1 arg2=196615 obj=android.net.DhcpStateMachine@4290d258 target=com.android.internal.util.StateMachine$SmHandler }
D/WifiP2pService( 1016): P2pEnabledState{ when=-3ms what=143375 arg1=1 arg2=196615 obj=android.net.DhcpStateMachine@4290d258 target=com.android.internal.util.StateMachine$SmHandler }
D/WifiP2pService( 1016): InactiveState{ when=0 what=143375 target=com.android.internal.util.StateMachine$SmHandler }
D/WifiP2pService( 1016): P2pEnabledState{ when=0 what=143375 target=com.android.internal.util.StateMachine$SmHandler }
I/ActivityManager( 1016): Start proc com.motorola.genie for broadcast com.motorola.genie/.prefetch.WiFiStatusReceiver: pid=31204 uid=10026 gids={50026, 3003, 1028, 1015}
D/ConnectivityService( 1016): Captive portal check NetworkInfo: type: WIFI[], state: CONNECTING/CAPTIVE_PORTAL_CHECK, reason: (unspecified), extra: "Moulin Rouge", roaming: false, failover: false, isAvailable: true, isConnectedToProvisioningNetwork: false
D/ConnectivityService( 1016): handleCaptivePortalTrackerCheck: call captivePortalCheckComplete ni=NetworkInfo: type: WIFI[], state: CONNECTING/CAPTIVE_PORTAL_CHECK, reason: (unspecified), extra: "Moulin Rouge", roaming: false, failover: false, isAvailable: true, isConnectedToProvisioningNetwork: false
D/ConnectivityService( 1016): Captive portal check NetworkInfo: type: WIFI[], state: CONNECTING/CAPTIVE_PORTAL_CHECK, reason: (unspecified), extra: "Moulin Rouge", roaming: false, failover: false, isAvailable: true, isConnectedToProvisioningNetwork: false
D/ConnectivityService( 1016): handleCaptivePortalTrackerCheck: call captivePortalCheckComplete ni=NetworkInfo: type: WIFI[], state: CONNECTING/CAPTIVE_PORTAL_CHECK, reason: (unspecified), extra: "Moulin Rouge", roaming: false, failover: false, isAvailable: true, isConnectedToProvisioningNetwork: false
D/ConnectivityService( 1016): ConnectivityChange for WIFI: CONNECTED/CONNECTED
V/ConnectivityService( 1016): WiFi NOT Tethered!
E/ConnectivityService( 1016): Unexpected mtu value: android.net.wifi.WifiStateTracker@42f7b6f8
D/ConnectivityService( 1016): handleConnectivityChange: address are the same reset per doReset linkProperty[1]: resetMask=0
D/Nat464Xlat( 1016): requiresClat: netType=1, hasIPv4Address=true
D/ConnectivityService( 1016): ConnectivityChange for WIFI: CONNECTED/CONNECTED
V/ConnectivityService( 1016): WiFi NOT Tethered!
E/ConnectivityService( 1016): Unexpected mtu value: android.net.wifi.WifiStateTracker@42f7b6f8
D/ConnectivityService( 1016): handleConnectivityChange: address are the same reset per doReset linkProperty[1]: resetMask=0
D/Nat464Xlat( 1016): requiresClat: netType=1, hasIPv4Address=true
D/ConnectivityService( 1016): NetTransition Wakelock for ConnectedState released by timeout
E/ActivityThread(30980): Failed to find provider info for com.motorola.blur.setupprovider
E/ActivityThread(30980): Failed to find provider info for com.motorola.blur.setupprovider
I/openssl (25837): Crypto mode not selected, openssl will run on its regular mode.
I/openssl (25837): Crypto mode 0 already enabled
I/ActivityManager( 1016): Start proc com.android.mms for broadcast com.android.mms/.transaction.MmsSystemEventReceiver: pid=31284 uid=10031 gids={50031, 3003, 1028, 1015}
I/ActivityManager( 1016): Start proc com.google.android.apps.plus for service com.google.android.apps.plus/.service.EsSyncAdapterService: pid=31300 uid=10090 gids={50090, 3003, 3002, 1028, 1015}
I/ActivityManager( 1016): Process android.process.acore (pid 30344) has died.
I/ActivityManager( 1016): Start proc com.google.android.setupwizard for broadcast com.google.android.setupwizard/.MobileConnectivityChangeReceiver: pid=31322 uid=10042 gids={50042, 3003}
I/ActivityManager( 1016): Process com.motorola.MotGallery2 (pid 30368) has died.
I/ActivityManager( 1016): Start proc android.process.acore for content provider com.android.providers.contacts/.ContactsProvider2: pid=31337 uid=10010 gids={50010, 3003, 1028, 1015, 1023}
I/ActivityManager( 1016): Start proc com.android.chrome for broadcast com.android.chrome/com.google.android.apps.chrome.precache.PrecacheServiceLauncher: pid=31350 uid=10057 gids={50057, 3003, 1028, 1015}
I/ActivityManager( 1016): Start proc com.google.android.apps.magazines for broadcast com.google.android.apps.magazines/com.google.apps.dots.android.newsstand.appwidget.NewsWidgetProvider: pid=31369 uid=10077 gids={50077, 3003, 1028, 1015}
I/ActivityManager( 1016): Process com.facebook.katana (pid 24241) has died.
D/WifiService( 1016): Client connection lost with reason: 4
W/ActivityManager( 1016): Scheduling restart of crashed service com.facebook.katana/com.facebook.push.mqtt.service.MqttPushService in 1000ms
W/ActivityManager( 1016): Service ServiceRecord{42965088 u0 com.facebook.katana/com.facebook.fbservice.service.DefaultBlueService} in process ProcessRecord{42fb67b0 24241:com.facebook.katana/u0a110} not same as in map: null
W/Vold    (  261): Returning OperationFailed - no handler for errno 30
I/ActivityManager( 1016): Killing 30609:com.imangi.templerun2/u0a111 (adj 15): empty #9
W/ContextImpl( 1231): Calling a method in the system process without a qualified user: android.app.ContextImpl.sendBroadcast:1252 android.content.ContextWrapper.sendBroadcast:365 com.motorola.motocare.util.TriggerHelper$TriggerBuilder.send:76 com.motorola.motocare.internal.frameworkevents.ProcessKillTrigger.sendTrigger:147 com.motorola.motocare.internal.frameworkevents.ProcessKillTrigger.handleFrameworkEvent:164 
I/ActivityManager( 1016): Start proc com.rhmsoft.fm:crash.feedback for broadcast com.rhmsoft.fm/com.cleanmaster.fm.receiver.ConnectivityChangeBroadcastReceiver: pid=31415 uid=10105 gids={50105, 3003, 1028, 1015}
I/ActivityManager( 1016): Killing 29065:com.android.packageinstaller/u0a85 (adj 15): empty #9
W/ContextImpl( 1231): Calling a method in the system process without a qualified user: android.app.ContextImpl.sendBroadcast:1252 android.content.ContextWrapper.sendBroadcast:365 com.motorola.motocare.util.TriggerHelper$TriggerBuilder.send:76 com.motorola.motocare.internal.frameworkevents.ProcessKillTrigger.sendTrigger:147 com.motorola.motocare.internal.frameworkevents.ProcessKillTrigger.handleFrameworkEvent:164 
I/openssl (25837): Crypto mode not selected, openssl will run on its regular mode.
I/openssl (25837): Crypto mode 0 already enabled
W/Vold    (  261): Returning OperationFailed - no handler for errno 30
W/Vold    (  261): Returning OperationFailed - no handler for errno 30
W/Vold    (  261): Returning OperationFailed - no handler for errno 30
W/Vold    (  261): Returning OperationFailed - no handler for errno 30
I/ActivityManager( 1016): Start proc com.google.android.gms.unstable for service com.google.android.gms/.droidguard.DroidGuardService: pid=31438 uid=10022 gids={50022, 3003, 1007, 1028, 1015, 3002, 3001, 3007, 2001, 3006}
W/Vold    (  261): Returning OperationFailed - no handler for errno 30
W/Vold    (  261): Returning OperationFailed - no handler for errno 30
I/ActivityManager( 1016): Start proc com.facebook.katana for service com.facebook.katana/com.facebook.push.mqtt.service.MqttPushService: pid=31464 uid=10110 gids={50110, 1028, 1015, 3003}
W/Vold    (  261): Returning OperationFailed - no handler for errno 30
D/WifiService( 1016): New client listening to asynchronous messages
D/ConnectivityService( 1016): handleInetConditionHoldEnd: net=1, condition=100, published condition=0
I/ActivityManager( 1016): Killing 30691:com.devexpert.weather/u0a112 (adj 15): empty #9
W/ContextImpl( 1231): Calling a method in the system process without a qualified user: android.app.ContextImpl.sendBroadcast:1252 android.content.ContextWrapper.sendBroadcast:365 com.motorola.motocare.util.TriggerHelper$TriggerBuilder.send:76 com.motorola.motocare.internal.frameworkevents.ProcessKillTrigger.sendTrigger:147 com.motorola.motocare.internal.frameworkevents.ProcessKillTrigger.handleFrameworkEvent:164 
I/ActivityManager( 1016): Process com.motorola.genie (pid 31204) has died.
I/ActivityManager( 1016): Process android.process.acore (pid 31337) has died.
W/BroadcastQueue( 1016): Permission Denial: broadcasting Intent { act=android.net.conn.INET_CONDITION_ACTION flg=0x4000010 (has extras) } from null (pid=-1, uid=-1) requires com.facebook.permission.prod.FB_APP_COMMUNICATION due to registered receiver BroadcastFilter{434269c0 u0 ReceiverList{43450f88 31464 com.facebook.katana/10110/u0 remote:4299e450}}
W/BroadcastQueue( 1016): Permission Denial: broadcasting Intent { act=android.net.conn.CONNECTIVITY_CHANGE flg=0x4000010 (has extras) } from null (pid=-1, uid=-1) requires com.facebook.permission.prod.FB_APP_COMMUNICATION due to registered receiver BroadcastFilter{434269c0 u0 ReceiverList{43450f88 31464 com.facebook.katana/10110/u0 remote:4299e450}}
W/BroadcastQueue( 1016): Permission Denial: broadcasting Intent { act=android.net.conn.CONNECTIVITY_CHANGE flg=0x4000010 (has extras) } from null (pid=-1, uid=-1) requires com.facebook.permission.prod.FB_APP_COMMUNICATION due to registered receiver BroadcastFilter{43001188 u0 ReceiverList{430a5950 31464 com.facebook.katana/10110/u0 remote:4280ba20}}
I/ActivityManager( 1016): Start proc com.google.android.talk for broadcast com.google.android.talk/com.google.android.apps.babel.phone.PackageReplacedReceiver: pid=31600 uid=10071 gids={50071, 3003, 1028, 1015, 3002}
I/PackageManager( 1016): Adding preferred activity ComponentInfo{com.android.mms/com.android.mms.ui.ComposeMessageActivity} for user 0 :
I/PackageManager( 1016): Adding preferred activity ComponentInfo{com.android.mms/com.android.mms.ui.ComposeMessageActivity} for user 0 :
I/PackageManager( 1016): Adding preferred activity ComponentInfo{com.android.mms/com.android.mms.ui.ComposeMessageActivity} for user 0 :
I/PackageManager( 1016): Adding preferred activity ComponentInfo{com.android.mms/com.android.mms.ui.ComposeMessageActivity} for user 0 :
I/PackageManager( 1016): Adding preferred activity ComponentInfo{com.android.mms/com.android.mms.ui.ComposeMessageActivity} for user 0 :
I/PackageManager( 1016): Adding preferred activity ComponentInfo{com.android.mms/com.android.mms.ui.ComposeMessageActivity} for user 0 :
I/PackageManager( 1016): Adding preferred activity ComponentInfo{com.android.mms/com.android.mms.ui.ComposeMessageActivity} for user 0 :
I/PackageManager( 1016): Adding preferred activity ComponentInfo{com.android.mms/com.android.mms.ui.ComposeMessageActivity} for user 0 :
D/WifiService( 1016): acquireWifiLockLocked: WifiLock{NlpWifiLock type=2 binder=android.os.BinderProxy@43104d60}
I/ActivityManager( 1016): Start proc android.process.acore for broadcast com.android.providers.contacts/.PackageIntentReceiver: pid=31640 uid=10010 gids={50010, 3003, 1028, 1015, 1023}
I/ActivityManager( 1016): Start proc com.motorola.MotGallery2 for broadcast com.motorola.MotGallery2/com.android.gallery3d.app.PackagesMonitor: pid=31662 uid=10034 gids={50034, 3003, 1028, 1015}
I/ActivityManager( 1016): Killing 31284:com.android.mms/u0a31 (adj 15): empty #9
W/ContextImpl( 1231): Calling a method in the system process without a qualified user: android.app.ContextImpl.sendBroadcast:1252 android.content.ContextWrapper.sendBroadcast:365 com.motorola.motocare.util.TriggerHelper$TriggerBuilder.send:76 com.motorola.motocare.internal.frameworkevents.ProcessKillTrigger.sendTrigger:147 com.motorola.motocare.internal.frameworkevents.ProcessKillTrigger.handleFrameworkEvent:164 
I/ActivityManager( 1016): Killing 31322:com.google.android.setupwizard/u0a42 (adj 15): empty #9
W/ContextImpl( 1231): Calling a method in the system process without a qualified user: android.app.ContextImpl.sendBroadcast:1252 android.content.ContextWrapper.sendBroadcast:365 com.motorola.motocare.util.TriggerHelper$TriggerBuilder.send:76 com.motorola.motocare.internal.frameworkevents.ProcessKillTrigger.sendTrigger:147 com.motorola.motocare.internal.frameworkevents.ProcessKillTrigger.handleFrameworkEvent:164 
I/ActivityManager( 1016): Process com.google.android.gms.unstable (pid 31438) has died.
I/ActivityManager( 1016): Process com.google.android.apps.magazines (pid 31369) has died.
I/ActivityManager( 1016): Process com.google.android.talk (pid 31600) has died.
D/WifiService( 1016): releaseWifiLockLocked: WifiLock{NlpWifiLock type=2 binder=android.os.BinderProxy@43104d60}
V/AlarmManager( 1016): sending alarm Alarm{428795d8 type 2 com.facebook.katana}
V/AlarmManager( 1016): sending alarm Alarm{42879570 type 2 com.google.android.gms}
V/AlarmManager( 1016): sending alarm Alarm{42fa33c0 type 2 android}
D/WifiService( 1016): acquireWifiLockLocked: WifiLock{NlpWifiLock type=2 binder=android.os.BinderProxy@43104d60}
D/WifiService( 1016): releaseWifiLockLocked: WifiLock{NlpWifiLock type=2 binder=android.os.BinderProxy@43104d60}
V/AlarmManager( 1016): sending alarm Alarm{42850f10 type 3 android}
V/AlarmManager( 1016): sending alarm Alarm{427c2560 type 1 com.android.deskclock}
V/AlarmManager( 1016): sending alarm Alarm{42860f10 type 3 com.devexpert.weather}
I/ActivityManager( 1016): Start proc com.devexpert.weather for broadcast com.devexpert.weather/.view.WidgetWeather2x1: pid=31712 uid=10112 gids={50112, 3003, 1028, 1015}
W/ContextImpl( 1231): Calling a method in the system process without a qualified user: android.app.ContextImpl.sendBroadcast:1252 android.content.ContextWrapper.sendBroadcast:365 com.motorola.motocare.util.TriggerHelper$TriggerBuilder.send:76 com.motorola.motocare.internal.frameworkevents.ProcessKillTrigger.sendTrigger:147 com.motorola.motocare.internal.frameworkevents.ProcessKillTrigger.handleLmkKill:337 
W/ContextImpl( 1231): Calling a method in the system process without a qualified user: android.app.ContextImpl.sendBroadcast:1252 android.content.ContextWrapper.sendBroadcast:365 com.motorola.motocare.util.TriggerHelper$TriggerBuilder.send:76 com.motorola.motocare.internal.frameworkevents.ProcessKillTrigger.sendTrigger:147 com.motorola.motocare.internal.frameworkevents.ProcessKillTrigger.handleLmkKill:337 
W/ContextImpl( 1231): Calling a method in the system process without a qualified user: android.app.ContextImpl.sendBroadcast:1252 android.content.ContextWrapper.sendBroadcast:365 com.motorola.motocare.util.TriggerHelper$TriggerBuilder.send:76 com.motorola.motocare.internal.frameworkevents.ProcessKillTrigger.sendTrigger:147 com.motorola.motocare.internal.frameworkevents.ProcessKillTrigger.handleLmkKill:337 
W/ContextImpl( 1231): Calling a method in the system process without a qualified user: android.app.ContextImpl.sendBroadcast:1252 android.content.ContextWrapper.sendBroadcast:365 com.motorola.motocare.util.TriggerHelper$TriggerBuilder.send:76 com.motorola.motocare.internal.frameworkevents.ProcessKillTrigger.sendTrigger:147 com.motorola.motocare.internal.frameworkevents.ProcessKillTrigger.handleLmkKill:337 
W/ContextImpl( 1231): Calling a method in the system process without a qualified user: android.app.ContextImpl.sendBroadcast:1252 android.content.ContextWrapper.sendBroadcast:365 com.motorola.motocare.util.TriggerHelper$TriggerBuilder.send:76 com.motorola.motocare.internal.frameworkevents.ProcessKillTrigger.sendTrigger:147 com.motorola.motocare.internal.frameworkevents.ProcessKillTrigger.handleLmkKill:337 
W/ContextImpl( 1231): Calling a method in the system process without a qualified user: android.app.ContextImpl.sendBroadcast:1252 android.content.ContextWrapper.sendBroadcast:365 com.motorola.motocare.util.TriggerHelper$TriggerBuilder.send:76 com.motorola.motocare.internal.frameworkevents.ProcessKillTrigger.sendTrigger:147 com.motorola.motocare.internal.frameworkevents.ProcessKillTrigger.handleLmkKill:337 
W/ContextImpl( 1231): Calling a method in the system process without a qualified user: android.app.ContextImpl.sendBroadcast:1252 android.content.ContextWrapper.sendBroadcast:365 com.motorola.motocare.util.TriggerHelper$TriggerBuilder.send:76 com.motorola.motocare.internal.frameworkevents.ProcessKillTrigger.sendTrigger:147 com.motorola.motocare.internal.frameworkevents.ProcessKillTrigger.handleLmkKill:337 
W/ContextImpl( 1231): Calling a method in the system process without a qualified user: android.app.ContextImpl.sendBroadcast:1252 android.content.ContextWrapper.sendBroadcast:365 com.motorola.motocare.util.TriggerHelper$TriggerBuilder.send:76 com.motorola.motocare.internal.frameworkevents.ProcessKillTrigger.sendTrigger:147 com.motorola.motocare.internal.frameworkevents.ProcessKillTrigger.handleLmkKill:337 
I/PowerManagerService( 1016): Waking up from sleep...
I/WindowManager( 1016): Lock screen displayed!
D/DisplayPowerController( 1016): Unblocked screen on after 26092002 ms
I/SFPerfTracer(  278):      triggers: (rate: 38:2811) (compose: 0:14) (post: 0:2) (render: 9:419) (0:55835 frames) (1:149847)
D/SFPerfTracer(  278):        layers: (0:13) (DimLayer: 0:65)* (DimLayer: 0:25)* (FocusedStackFrame: 1:1552)* (StatusBar: 0:8647)* (NavigationBar: 0:10821)* (DimLayer: 0:2651)* (DimLayer: 0:271)* (com.android.wallpaper.fall.FallWallpaper: 1:17344)* (com.giftme.fb_auth/com.giftme.fb_auth.FB_Auth: 1:58)* (com.giftme.fb_auth/com.facebook.LoginActivity: 0:27)* (com.giftme.fb_auth/com.giftme.fb_auth.FB_Auth: 0:33)* (ElectronBeam: 0:27)* (Keyguard: 1:4)* 
I/SFPerfTracer(  278):      triggers: (rate: 37:29507) (88239 sw vsyncs) (53269 skipped) (0:152604 vsyncs) (131:259851)
I/ActivityManager( 1016): Process android.process.acore (pid 31640) has died.
W/ContextImpl( 1231): Calling a method in the system process without a qualified user: android.app.ContextImpl.sendBroadcast:1252 android.content.ContextWrapper.sendBroadcast:365 com.motorola.motocare.util.TriggerHelper$TriggerBuilder.send:76 com.motorola.motocare.internal.frameworkevents.PauseResumeTrigger.handleFrameworkEvent:53 com.motorola.motocare.internal.frameworkevents.FwEventMonitor$FrameworkListener.processFrameworkEvent:114 
D/UsbDeviceManager( 1016): MSG_USER_PRESENT
W/InputMethodManagerService( 1016): Window already focused, ignoring focus gain of: com.android.internal.view.IInputMethodClient$Stub$Proxy@43088e58 attribute=android.view.inputmethod.EditorInfo@42fdffa0, token = android.os.BinderProxy@42981e38
I/SFPerfTracer(  278):      triggers: (rate: 38:2816) (compose: 0:14) (post: 0:2) (render: 9:420) (66:55901 frames) (67:149915)
D/SFPerfTracer(  278):        layers: (4:10) (DimLayer: 0:65)* (DimLayer: 0:25)* (FocusedStackFrame: 0:1552)* (StatusBar: 0:8648) (NavigationBar: 1:10823) (DimLayer: 0:2651)* (DimLayer: 0:271)* (com.android.wallpaper.fall.FallWallpaper: 19:17363) (com.giftme.fb_auth/com.giftme.fb_auth.FB_Auth: 0:59)* (Keyguard: 61:66) 
W/ContextImpl( 1231): Calling a method in the system process without a qualified user: android.app.ContextImpl.startService:1608 android.content.ContextWrapper.startService:494 android.content.ContextWrapper.startService:494 com.motorola.motocare.internal.batterystats.BatteryStatsAction.onReceive:33 android.app.ActivityThread.handleReceiver:2434 
I/SFPerfTracer(  278):      triggers: (rate: 37:29508) (88239 sw vsyncs) (53336 skipped) (153:152757 vsyncs) (155:260006)
V/AlarmManager( 1016): sending alarm Alarm{43be6d70 type 3 android}
V/AlarmManager( 1016): sending alarm Alarm{43be6e00 type 3 com.devexpert.weather}
V/AlarmManager( 1016): sending alarm Alarm{43c34998 type 2 com.google.android.gms}
D/ConnectivityService( 1016): handleInetConditionHoldEnd: net=1, condition=100, published condition=100
W/ContextImpl( 1231): Calling a method in the system process without a qualified user: android.app.ContextImpl.sendBroadcast:1252 android.content.ContextWrapper.sendBroadcast:365 com.motorola.motocare.util.TriggerHelper$TriggerBuilder.send:76 com.motorola.motocare.internal.frameworkevents.ProcessKillTrigger.sendTrigger:147 com.motorola.motocare.internal.frameworkevents.ProcessKillTrigger.handleLmkKill:337 
V/AlarmManager( 1016): sending alarm Alarm{43497840 type 3 android}
V/AlarmManager( 1016): sending alarm Alarm{43490838 type 2 com.google.android.talk}
V/AlarmManager( 1016): sending alarm Alarm{4348fda0 type 3 com.devexpert.weather}
I/PowerManagerService( 1016): Nap time...
I/PowerManagerService( 1016): Going to sleep due to screen timeout...
W/ContextImpl( 1231): Calling a method in the system process without a qualified user: android.app.ContextImpl.sendBroadcast:1252 android.content.ContextWrapper.sendBroadcast:365 com.motorola.motocare.util.TriggerHelper$TriggerBuilder.send:76 com.motorola.motocare.internal.frameworkevents.PauseResumeTrigger.handleFrameworkEvent:53 com.motorola.motocare.internal.frameworkevents.FwEventMonitor$FrameworkListener.processFrameworkEvent:114 
W/ContextImpl( 1231): Calling a method in the system process without a qualified user: android.app.ContextImpl.startService:1608 android.content.ContextWrapper.startService:494 android.content.ContextWrapper.startService:494 com.motorola.motocare.internal.batterystats.BatteryStatsAction.onReceive:33 android.app.ActivityThread.handleReceiver:2434 
V/AlarmManager( 1016): sending alarm Alarm{42d16688 type 2 com.android.keyguard}
V/AlarmManager( 1016): sending alarm Alarm{42c511f0 type 0 com.facebook.katana}
V/AlarmManager( 1016): sending alarm Alarm{42c33270 type 3 android}
V/AlarmManager( 1016): sending alarm Alarm{42b83808 type 3 com.devexpert.weather}
V/AlarmManager( 1016): sending alarm Alarm{42ae5d78 type 2 com.google.android.gms}
V/AlarmManager( 1016): sending alarm Alarm{42ad2318 type 2 com.google.android.gsf}
V/AlarmManager( 1016): sending alarm Alarm{42bf4ac8 type 3 android}
V/AlarmManager( 1016): sending alarm Alarm{42b70a30 type 3 com.devexpert.weather}
V/AlarmManager( 1016): sending alarm Alarm{42cfb590 type 2 com.facebook.katana}
V/AlarmManager( 1016): sending alarm Alarm{4308edd8 type 3 android}
V/AlarmManager( 1016): sending alarm Alarm{43058638 type 3 com.devexpert.weather}
V/AlarmManager( 1016): sending alarm Alarm{4303c4e0 type 2 com.google.android.gms}
D/ConnectivityService( 1016): handleInetConditionHoldEnd: net=1, condition=100, published condition=100
V/AlarmManager( 1016): sending alarm Alarm{428656e0 type 2 android}
V/AlarmManager( 1016): sending alarm Alarm{42865770 type 3 android}
V/AlarmManager( 1016): sending alarm Alarm{4286beb8 type 2 com.google.android.gms}
V/AlarmManager( 1016): sending alarm Alarm{42879590 type 3 com.devexpert.weather}
D/WifiService( 1016): acquireWifiLockLocked: WifiLock{NlpWifiLock type=2 binder=android.os.BinderProxy@43bfc358}
D/WifiService( 1016): releaseWifiLockLocked: WifiLock{NlpWifiLock type=2 binder=android.os.BinderProxy@43bfc358}
V/AlarmManager( 1016): sending alarm Alarm{434fa558 type 2 com.google.android.gms}
V/AlarmManager( 1016): sending alarm Alarm{43c87cd0 type 2 com.google.android.gms}
V/AlarmManager( 1016): sending alarm Alarm{44035f18 type 3 android}
V/AlarmManager( 1016): sending alarm Alarm{44017798 type 3 com.devexpert.weather}
V/AlarmManager( 1016): sending alarm Alarm{42fdc980 type 3 android}
V/AlarmManager( 1016): sending alarm Alarm{4431a490 type 3 com.devexpert.weather}
V/AlarmManager( 1016): sending alarm Alarm{42fc5c20 type 3 android}
V/AlarmManager( 1016): sending alarm Alarm{43485e68 type 3 com.devexpert.weather}
V/AlarmManager( 1016): sending alarm Alarm{43cbb940 type 3 android}
V/AlarmManager( 1016): sending alarm Alarm{442d3ad8 type 2 android}
D/ConnectivityService( 1016): Sampling interval elapsed, updating statistics ..
V/AlarmManager( 1016): sending alarm Alarm{4431b7f8 type 2 com.google.android.gms}
V/AlarmManager( 1016): sending alarm Alarm{428f46b0 type 3 com.devexpert.weather}
V/AlarmManager( 1016): sending alarm Alarm{4431b848 type 1 com.google.android.inputmethod.latin}
D/ConnectivityService( 1016): Done.
D/ConnectivityService( 1016): Setting timer for 720seconds
V/AlarmManager( 1016): sending alarm Alarm{43c32f58 type 3 android}
V/AlarmManager( 1016): sending alarm Alarm{43a897b8 type 3 com.devexpert.weather}
V/AlarmManager( 1016): sending alarm Alarm{43c5c158 type 2 com.google.android.gms}
D/ConnectivityService( 1016): handleInetConditionHoldEnd: net=1, condition=0, published condition=100
V/AlarmManager( 1016): sending alarm Alarm{43a82958 type 2 com.google.android.gms}
D/ConnectivityService( 1016): handleInetConditionHoldEnd: net=1, condition=100, published condition=0
V/AlarmManager( 1016): sending alarm Alarm{43c19980 type 3 android}
V/AlarmManager( 1016): sending alarm Alarm{43bf09e8 type 3 com.devexpert.weather}
V/AlarmManager( 1016): sending alarm Alarm{43c224e0 type 2 com.motorola.ccc.cce}
V/AlarmManager( 1016): sending alarm Alarm{43a88498 type 3 android}
V/AlarmManager( 1016): sending alarm Alarm{430461c0 type 3 com.devexpert.weather}
D/WifiService( 1016): acquireWifiLockLocked: WifiLock{NlpWifiLock type=2 binder=android.os.BinderProxy@43a8e9c8}
D/WifiService( 1016): releaseWifiLockLocked: WifiLock{NlpWifiLock type=2 binder=android.os.BinderProxy@43a8e9c8}
V/AlarmManager( 1016): sending alarm Alarm{43fb6738 type 3 android}
V/AlarmManager( 1016): sending alarm Alarm{43fb67f8 type 3 com.devexpert.weather}
V/AlarmManager( 1016): sending alarm Alarm{4431a720 type 2 com.facebook.katana}
V/AlarmManager( 1016): sending alarm Alarm{443cb7e0 type 3 android}
V/AlarmManager( 1016): sending alarm Alarm{443ecb80 type 1 com.android.deskclock}
V/AlarmManager( 1016): sending alarm Alarm{443cb6c0 type 2 com.facebook.katana}
V/AlarmManager( 1016): sending alarm Alarm{440156d0 type 3 com.devexpert.weather}
V/AlarmManager( 1016): sending alarm Alarm{44015780 type 2 com.facebook.katana}
V/AlarmManager( 1016): sending alarm Alarm{440157d0 type 2 com.google.android.gms}
D/ConnectivityService( 1016): handleInetConditionHoldEnd: net=1, condition=100, published condition=100
V/AlarmManager( 1016): sending alarm Alarm{443b73d0 type 3 android}
V/AlarmManager( 1016): sending alarm Alarm{4347c818 type 3 com.devexpert.weather}
V/AlarmManager( 1016): sending alarm Alarm{4347c8c8 type 3 android}
V/AlarmManager( 1016): sending alarm Alarm{42fb0a90 type 3 android}
V/AlarmManager( 1016): sending alarm Alarm{430cb060 type 3 com.devexpert.weather}
V/AlarmManager( 1016): sending alarm Alarm{42f7faf0 type 3 android}
V/AlarmManager( 1016): sending alarm Alarm{430104e8 type 3 com.devexpert.weather}
V/AlarmManager( 1016): sending alarm Alarm{42fed768 type 3 android}
V/AlarmManager( 1016): sending alarm Alarm{4384d7e8 type 3 com.devexpert.weather}
V/AlarmManager( 1016): sending alarm Alarm{430601c8 type 3 android}
V/AlarmManager( 1016): sending alarm Alarm{4358fb60 type 3 com.devexpert.weather}
V/AlarmManager( 1016): sending alarm Alarm{43002468 type 3 android}
V/AlarmManager( 1016): sending alarm Alarm{43094ef0 type 3 com.devexpert.weather}
V/AlarmManager( 1016): sending alarm Alarm{4346a030 type 3 android}
V/AlarmManager( 1016): sending alarm Alarm{4347c918 type 2 com.google.android.gms}
V/AlarmManager( 1016): sending alarm Alarm{43fc31a8 type 3 com.devexpert.weather}
V/AlarmManager( 1016): sending alarm Alarm{4347c9f0 type 2 android}
I/ProcessStatsService( 1016): Prepared write state in 11ms
D/ConnectivityService( 1016): Sampling interval elapsed, updating statistics ..
D/ConnectivityService( 1016): Done.
D/ConnectivityService( 1016): Setting timer for 720seconds
V/AlarmManager( 1016): sending alarm Alarm{434b1530 type 3 android}
V/AlarmManager( 1016): sending alarm Alarm{434b1608 type 2 com.google.android.gms}
V/AlarmManager( 1016): sending alarm Alarm{434b16e0 type 3 com.devexpert.weather}
D/WifiService( 1016): acquireWifiLockLocked: WifiLock{NlpWifiLock type=2 binder=android.os.BinderProxy@443c02e0}
D/WifiService( 1016): releaseWifiLockLocked: WifiLock{NlpWifiLock type=2 binder=android.os.BinderProxy@443c02e0}
V/AlarmManager( 1016): sending alarm Alarm{439b89e0 type 2 com.google.android.gms}
D/ConnectivityService( 1016): handleInetConditionHoldEnd: net=1, condition=0, published condition=100
V/AlarmManager( 1016): sending alarm Alarm{42fff290 type 2 com.google.android.gms}
D/ConnectivityService( 1016): handleInetConditionHoldEnd: net=1, condition=100, published condition=0
V/AlarmManager( 1016): sending alarm Alarm{434824b8 type 3 android}
V/AlarmManager( 1016): sending alarm Alarm{438683c8 type 3 com.devexpert.weather}
V/AlarmManager( 1016): sending alarm Alarm{439a9b58 type 3 android}
V/AlarmManager( 1016): sending alarm Alarm{43524018 type 3 com.devexpert.weather}
V/AlarmManager( 1016): sending alarm Alarm{443c2b78 type 3 android}
V/AlarmManager( 1016): sending alarm Alarm{443cadf8 type 3 com.devexpert.weather}
V/AlarmManager( 1016): sending alarm Alarm{43cba040 type 3 android}
V/AlarmManager( 1016): sending alarm Alarm{43502538 type 3 com.devexpert.weather}
V/AlarmManager( 1016): sending alarm Alarm{438684a0 type 2 com.google.android.gms}
V/AlarmManager( 1016): sending alarm Alarm{43868578 type 2 android}
V/AlarmManager( 1016): sending alarm Alarm{438685c8 type 0 com.google.android.gms}
D/WifiP2pService( 1016): InactiveState{ when=0 what=143375 arg1=1 arg2=196615 obj=android.net.DhcpStateMachine@4290d258 target=com.android.internal.util.StateMachine$SmHandler }
D/WifiP2pService( 1016): P2pEnabledState{ when=-2ms what=143375 arg1=1 arg2=196615 obj=android.net.DhcpStateMachine@4290d258 target=com.android.internal.util.StateMachine$SmHandler }
D/ConnectivityService( 1016): handleInetConditionHoldEnd: net=1, condition=100, published condition=100
