D/WifiStateMachine( 1016): handleMessage: E msg.what=151572
D/WifiStateMachine( 1016): processMsg: ConnectedState
D/WifiStateMachine( 1016): processMsg: L2ConnectedState
D/WifiStateMachine( 1016): handleMessage: X
E/AndroidProtocolHandler(10207): Unable to open asset URL: file:///android_asset/www/fonts/ratchicons.woff
D/JsMessageQueue(10207): Set native->JS mode to OnlineEventsBridgeMode
I/SFPerfTracer(  278):      triggers: (rate: 11:9988) (86223 sw vsyncs) (17232 skipped) (236:100199 vsyncs) (238:199555)
E/AndroidProtocolHandler(10207): Unable to open asset URL: file:///android_asset/www/fonts/ratchicons.ttf
D/CordovaLog(10207): file:///android_asset/www/js/app.js: Line 19 : Service initialized
I/chromium(10207): [INFO:CONSOLE(19)] "Service initialized", source: file:///android_asset/www/js/app.js (19)
D/CordovaLog(10207): file:///android_asset/www/js/LoginView.js: Line 25 : Uncaught TypeError: Cannot call method 'login' of undefined
I/chromium(10207): [INFO:CONSOLE(25)] "Uncaught TypeError: Cannot call method 'login' of undefined", source: file:///android_asset/www/js/LoginView.js (25)
E/AndroidProtocolHandler(10207): Unable to open asset URL: file:///android_asset/www/fonts/ratchicons.svg#svgFontName
D/CordovaActivity(10207): onMessage(spinner,stop)
D/CordovaLog(10207): file:///android_asset/www/js/LoginView.js: Line 14 : Success
I/chromium(10207): [INFO:CONSOLE(14)] "Success", source: file:///android_asset/www/js/LoginView.js (14)
D/CordovaWebViewClient(10207): onPageFinished(file:///android_asset/www/index.html)
D/CordovaActivity(10207): onMessage(onPageFinished,file:///android_asset/www/index.html)
D/WifiStateMachine( 1016): handleMessage: E msg.what=151572
D/WifiStateMachine( 1016): processMsg: ConnectedState
D/WifiStateMachine( 1016): processMsg: L2ConnectedState
D/WifiStateMachine( 1016): handleMessage: X
D/WifiStateMachine( 1016): handleMessage: E msg.what=151572
D/WifiStateMachine( 1016): processMsg: ConnectedState
D/WifiStateMachine( 1016): processMsg: L2ConnectedState
D/WifiStateMachine( 1016): handleMessage: X
D/WifiStateMachine( 1016): handleMessage: E msg.what=131155
D/WifiStateMachine( 1016): processMsg: ConnectedState
D/WifiStateMachine( 1016): processMsg: L2ConnectedState
D/WifiStateMachine( 1016): handleMessage: X
D/WifiStateMachine( 1016): handleMessage: E msg.what=151572
D/WifiStateMachine( 1016): processMsg: ConnectedState
D/WifiStateMachine( 1016): processMsg: L2ConnectedState
D/WifiStateMachine( 1016): handleMessage: X
D/WifiStateMachine( 1016): handleMessage: E msg.what=151572
D/WifiStateMachine( 1016): processMsg: ConnectedState
D/WifiStateMachine( 1016): processMsg: L2ConnectedState
D/WifiStateMachine( 1016): handleMessage: X
D/WifiStateMachine( 1016): handleMessage: E msg.what=151572
D/WifiStateMachine( 1016): processMsg: ConnectedState
D/WifiStateMachine( 1016): processMsg: L2ConnectedState
D/WifiStateMachine( 1016): handleMessage: X
D/WifiStateMachine( 1016): handleMessage: E msg.what=131155
D/WifiStateMachine( 1016): processMsg: ConnectedState
D/WifiStateMachine( 1016): processMsg: L2ConnectedState
D/WifiStateMachine( 1016): handleMessage: X
D/WifiStateMachine( 1016): handleMessage: E msg.what=151572
D/WifiStateMachine( 1016): processMsg: ConnectedState
D/WifiStateMachine( 1016): processMsg: L2ConnectedState
D/WifiStateMachine( 1016): handleMessage: X
D/dalvikvm( 1016): GC_FOR_ALLOC freed 3388K, 41% free 23407K/39124K, paused 98ms, total 98ms
D/dalvikvm( 1078): GC_FOR_ALLOC freed 2471K, 32% free 14423K/20944K, paused 21ms, total 21ms
I/ActivityManager( 1016): START u0 {act=com.android.systemui.recent.action.TOGGLE_RECENTS flg=0x10800000 cmp=com.android.systemui/.recent.RecentsActivity (has extras)} from pid 1078
D/CordovaActivity(10207): Paused the application!
D/CordovaWebView(10207): Handle the pause
W/ContextImpl( 1231): Calling a method in the system process without a qualified user: android.app.ContextImpl.sendBroadcast:1252 android.content.ContextWrapper.sendBroadcast:365 com.motorola.motocare.util.TriggerHelper$TriggerBuilder.send:76 com.motorola.motocare.internal.frameworkevents.PauseResumeTrigger.handleFrameworkEvent:53 com.motorola.motocare.internal.frameworkevents.FwEventMonitor$FrameworkListener.processFrameworkEvent:114 
D/WifiStateMachine( 1016): handleMessage: E msg.what=151572
D/WifiStateMachine( 1016): processMsg: ConnectedState
W/ContextImpl( 1231): Calling a method in the system process without a qualified user: android.app.ContextImpl.sendBroadcast:1252 android.content.ContextWrapper.sendBroadcast:365 com.motorola.motocare.util.TriggerHelper$TriggerBuilder.send:76 com.motorola.motocare.internal.frameworkevents.PauseResumeTrigger.handleFrameworkEvent:53 com.motorola.motocare.internal.frameworkevents.FwEventMonitor$FrameworkListener.processFrameworkEvent:114 
D/WifiStateMachine( 1016): processMsg: L2ConnectedState
D/dalvikvm( 1078): GC_CONCURRENT freed 392K, 32% free 14443K/20944K, paused 3ms+11ms, total 37ms
D/WifiStateMachine( 1016): handleMessage: X
I/LaunchCheckinHandler( 1016): Displayed com.android.systemui/.recent.RecentsActivity,wp,wa,100
W/IInputConnectionWrapper(10207): showStatusIcon on inactive InputConnection
I/SFPerfTracer(  278):      triggers: (rate: 32:2525) (compose: 0:9) (post: 0:2) (render: 7:341) (0:31948 frames) (1:95976)
D/SFPerfTracer(  278):        layers: (3:13) (DimLayer: 0:65)* (DimLayer: 0:21)* (FocusedStackFrame: 0:819)* (StatusBar: 0:5450) (NavigationBar: 0:6448) (DimLayer: 0:776)* (DimLayer: 0:143)* (com.android.wallpaper.fall.FallWallpaper: 0:5130)* (com.android.launcher/com.android.launcher2.Launcher: 0:323)* (Starting com.giftme.fb_auth: 0:30)* (com.giftme.fb_auth/com.giftme.fb_auth.FB_Auth: 0:46)* (com.android.systemui/com.android.systemui.recent.RecentsActivity: 1:13) (thumbnail anim: 0:17)* 
D/WifiStateMachine( 1016): handleMessage: E msg.what=151572
D/WifiStateMachine( 1016): processMsg: ConnectedState
D/WifiStateMachine( 1016): processMsg: L2ConnectedState
D/WifiStateMachine( 1016): handleMessage: X
D/CordovaActivity(10207): CordovaActivity.onDestroy()
D/CordovaWebView(10207): >>> loadUrlNow()
I/ActivityManager( 1016): Killing 10207:com.giftme.fb_auth/u0a106 (adj 11): remove task
W/ContextImpl( 1231): Calling a method in the system process without a qualified user: android.app.ContextImpl.sendBroadcast:1252 android.content.ContextWrapper.sendBroadcast:365 com.motorola.motocare.util.TriggerHelper$TriggerBuilder.send:76 com.motorola.motocare.internal.frameworkevents.ProcessKillTrigger.sendTrigger:147 com.motorola.motocare.internal.frameworkevents.ProcessKillTrigger.handleFrameworkEvent:164 
I/WindowState( 1016): WIN DEATH: Window{42fb4000 u0 com.giftme.fb_auth/com.giftme.fb_auth.FB_Auth}
D/WifiStateMachine( 1016): handleMessage: E msg.what=131155
D/WifiStateMachine( 1016): processMsg: ConnectedState
D/WifiStateMachine( 1016): processMsg: L2ConnectedState
D/WifiStateMachine( 1016): handleMessage: X
I/SFPerfTracer(  278):      triggers: (rate: 11:9988) (86223 sw vsyncs) (17232 skipped) (47:100330 vsyncs) (49:199701)
I/ActivityManager( 1016): START u0 {act=android.intent.action.MAIN cat=[android.intent.category.HOME] flg=0x10200000 cmp=com.android.launcher/com.android.launcher2.Launcher} from pid 1016
W/ContextImpl( 1231): Calling a method in the system process without a qualified user: android.app.ContextImpl.sendBroadcast:1252 android.content.ContextWrapper.sendBroadcast:365 com.motorola.motocare.util.TriggerHelper$TriggerBuilder.send:76 com.motorola.motocare.internal.frameworkevents.PauseResumeTrigger.handleFrameworkEvent:53 com.motorola.motocare.internal.frameworkevents.FwEventMonitor$FrameworkListener.processFrameworkEvent:114 
W/ContextImpl( 1231): Calling a method in the system process without a qualified user: android.app.ContextImpl.sendBroadcast:1252 android.content.ContextWrapper.sendBroadcast:365 com.motorola.motocare.util.TriggerHelper$TriggerBuilder.send:76 com.motorola.motocare.internal.frameworkevents.PauseResumeTrigger.handleFrameworkEvent:53 com.motorola.motocare.internal.frameworkevents.FwEventMonitor$FrameworkListener.processFrameworkEvent:114 
D/WifiStateMachine( 1016): handleMessage: E msg.what=151572
D/WifiStateMachine( 1016): processMsg: ConnectedState
D/WifiStateMachine( 1016): processMsg: L2ConnectedState
D/WifiStateMachine( 1016): handleMessage: X
I/LaunchCheckinHandler( 1016): Displayed com.android.launcher/com.android.launcher2.Launcher,wp,wa,159
I/SFPerfTracer(  278):      triggers: (rate: 32:2525) (compose: 0:9) (post: 0:2) (render: 7:341) (0:31965 frames) (1:96076)
D/SFPerfTracer(  278):        layers: (4:10) (DimLayer: 0:65)* (DimLayer: 0:21)* (FocusedStackFrame: 0:819)* (StatusBar: 0:5469) (NavigationBar: 0:6477) (DimLayer: 0:776)* (DimLayer: 0:143)* (com.android.wallpaper.fall.FallWallpaper: 1:5146) (com.android.systemui/com.android.systemui.recent.RecentsActivity: 0:76)* (com.android.launcher/com.android.launcher2.Launcher: 1:43) 
D/WifiStateMachine( 1016): handleMessage: E msg.what=151572
D/WifiStateMachine( 1016): processMsg: ConnectedState
D/WifiStateMachine( 1016): processMsg: L2ConnectedState
D/WifiStateMachine( 1016): handleMessage: X
D/WifiStateMachine( 1016): handleMessage: E msg.what=151572
D/WifiStateMachine( 1016): processMsg: ConnectedState
D/WifiStateMachine( 1016): processMsg: L2ConnectedState
D/WifiStateMachine( 1016): handleMessage: X
D/WifiStateMachine( 1016): handleMessage: E msg.what=131155
D/WifiStateMachine( 1016): processMsg: ConnectedState
D/WifiStateMachine( 1016): processMsg: L2ConnectedState
D/WifiStateMachine( 1016): handleMessage: X
D/WifiStateMachine( 1016): handleMessage: E msg.what=151572
D/WifiStateMachine( 1016): processMsg: ConnectedState
D/WifiStateMachine( 1016): processMsg: L2ConnectedState
D/WifiStateMachine( 1016): handleMessage: X
D/WifiStateMachine( 1016): handleMessage: E msg.what=151572
D/WifiStateMachine( 1016): processMsg: ConnectedState
D/WifiStateMachine( 1016): processMsg: L2ConnectedState
D/WifiStateMachine( 1016): handleMessage: X
D/WifiStateMachine( 1016): handleMessage: E msg.what=151572
D/WifiStateMachine( 1016): processMsg: ConnectedState
D/WifiStateMachine( 1016): processMsg: L2ConnectedState
D/WifiStateMachine( 1016): handleMessage: X
D/WifiStateMachine( 1016): handleMessage: E msg.what=131155
D/WifiStateMachine( 1016): processMsg: ConnectedState
D/WifiStateMachine( 1016): processMsg: L2ConnectedState
D/WifiStateMachine( 1016): handleMessage: X
D/WifiStateMachine( 1016): handleMessage: E msg.what=151572
D/WifiStateMachine( 1016): processMsg: ConnectedState
D/WifiStateMachine( 1016): processMsg: L2ConnectedState
D/WifiStateMachine( 1016): handleMessage: X
D/KInfoc  (30608): clear batch timer
D/KInfoc  (30608): set batch timer
D/KInfoc  (30608):  BATCH REPORTER STARTED ........
V/AlarmManager( 1016): sending alarm Alarm{434f51e0 type 2 android}
I/SFPerfTracer(  278):      triggers: (rate: 32:2525) (compose: 0:9) (post: 0:2) (render: 7:341) (0:31965 frames) (1:96176)
D/SFPerfTracer(  278):        layers: (4:9) (DimLayer: 0:65)* (DimLayer: 0:21)* (FocusedStackFrame: 0:819)* (StatusBar: 0:5469) (NavigationBar: 0:6477) (DimLayer: 0:776)* (DimLayer: 0:143)* (com.android.wallpaper.fall.FallWallpaper: 1:5231) (com.android.launcher/com.android.launcher2.Launcher: 0:63) 
D/WifiStateMachine( 1016): handleMessage: E msg.what=151572
D/WifiStateMachine( 1016): processMsg: ConnectedState
D/WifiStateMachine( 1016): processMsg: L2ConnectedState
D/WifiStateMachine( 1016): handleMessage: X
V/AlarmManager( 1016): sending alarm Alarm{434ea348 type 3 android}
D/WifiStateMachine( 1016): handleMessage: E msg.what=151572
D/WifiStateMachine( 1016): processMsg: ConnectedState
D/WifiStateMachine( 1016): processMsg: L2ConnectedState
D/WifiStateMachine( 1016): handleMessage: X
D/WifiStateMachine( 1016): handleMessage: E msg.what=131155
D/WifiStateMachine( 1016): processMsg: ConnectedState
D/WifiStateMachine( 1016): processMsg: L2ConnectedState
D/WifiStateMachine( 1016): handleMessage: X
D/WifiStateMachine( 1016): handleMessage: E msg.what=151572
D/WifiStateMachine( 1016): processMsg: ConnectedState
D/WifiStateMachine( 1016): processMsg: L2ConnectedState
D/WifiStateMachine( 1016): handleMessage: X
D/WifiStateMachine( 1016): handleMessage: E msg.what=151572
D/WifiStateMachine( 1016): processMsg: ConnectedState
D/WifiStateMachine( 1016): processMsg: L2ConnectedState
D/WifiStateMachine( 1016): handleMessage: X
D/WifiStateMachine( 1016): handleMessage: E msg.what=151572
D/WifiStateMachine( 1016): processMsg: ConnectedState
D/WifiStateMachine( 1016): processMsg: L2ConnectedState
D/WifiStateMachine( 1016): handleMessage: X
D/WifiStateMachine( 1016): handleMessage: E msg.what=131155
D/WifiStateMachine( 1016): processMsg: ConnectedState
D/WifiStateMachine( 1016): processMsg: L2ConnectedState
D/WifiStateMachine( 1016): handleMessage: X
D/WifiStateMachine( 1016): handleMessage: E msg.what=151572
D/WifiStateMachine( 1016): processMsg: ConnectedState
D/WifiStateMachine( 1016): processMsg: L2ConnectedState
D/WifiStateMachine( 1016): handleMessage: X
D/dalvikvm(30757): GC_FOR_ALLOC freed 693K, 22% free 14751K/18728K, paused 19ms, total 20ms
I/ActivityManager( 1016): START u0 {act=android.intent.action.MAIN cat=[android.intent.category.LAUNCHER] flg=0x10200000 cmp=com.giftme.fb_auth/.FB_Auth bnds=[360,385][520,585]} from pid 30757
W/ContextImpl( 1231): Calling a method in the system process without a qualified user: android.app.ContextImpl.sendBroadcast:1252 android.content.ContextWrapper.sendBroadcast:365 com.motorola.motocare.util.TriggerHelper$TriggerBuilder.send:76 com.motorola.motocare.internal.frameworkevents.PauseResumeTrigger.handleFrameworkEvent:53 com.motorola.motocare.internal.frameworkevents.FwEventMonitor$FrameworkListener.processFrameworkEvent:114 
I/ActivityManager( 1016): Start proc com.giftme.fb_auth for activity com.giftme.fb_auth/.FB_Auth: pid=10341 uid=10106 gids={50106, 3003, 1028, 1015}
I/dalvikvm(10341): Enabling JNI app bug workarounds for target SDK version 7...
W/ContextImpl( 1231): Calling a method in the system process without a qualified user: android.app.ContextImpl.sendBroadcast:1252 android.content.ContextWrapper.sendBroadcast:365 com.motorola.motocare.util.TriggerHelper$TriggerBuilder.send:76 com.motorola.motocare.internal.frameworkevents.PauseResumeTrigger.handleFrameworkEvent:53 com.motorola.motocare.internal.frameworkevents.FwEventMonitor$FrameworkListener.processFrameworkEvent:114 
V/PhoneStatusBar( 1078): setLightsOn(true)
I/CordovaLog(10341): Changing log level to DEBUG(3)
D/CordovaActivity(10341): CordovaActivity.init()
I/dalvikvm(10341): Could not find method android.webkit.CookieManager.setAcceptThirdPartyCookies, referenced from method org.apache.cordova.CordovaWebView.initWebViewSettings
W/dalvikvm(10341): VFY: unable to resolve virtual method 6163: Landroid/webkit/CookieManager;.setAcceptThirdPartyCookies (Landroid/webkit/WebView;Z)V
D/dalvikvm(10341): VFY: replacing opcode 0x6e at 0x002a
V/WebViewChromiumFactoryProvider(10341): Binding Chromium to main looper Looper (main, tid 1) {42787b48}
I/LibraryLoader(10341): Expected native library version number "",actual native library version number ""
I/chromium(10341): [INFO:library_loader_hooks.cc(116)] Chromium logging enabled: level = 0, default verbosity = 0
I/BrowserStartupController(10341): Initializing chromium process, renderers=0
E/AudioManagerAndroid(10341): BLUETOOTH permission is missing!
I/Adreno-EGL(10341): <qeglDrvAPI_eglInitialize:410>: EGL 1.4 QUALCOMM build: AU_LINUX_ANDROID_LNX.LA.3.5.1_RB1.04.04.02.048.018_msm8226_LNX.LA.3.5.1_RB1__release_AU ()
I/Adreno-EGL(10341): OpenGL ES Shader Compiler Version: E031.24.00.08
I/Adreno-EGL(10341): Build Date: 03/07/14 Fri
I/Adreno-EGL(10341): Local Branch: 
I/Adreno-EGL(10341): Remote Branch: quic/LNX.LA.3.5.1_RB1.1
I/Adreno-EGL(10341): Local Patches: NONE
I/Adreno-EGL(10341): Reconstruct Branch: AU_LINUX_ANDROID_LNX.LA.3.5.1_RB1.04.04.02.048.018 + f2fd134 +  NOTHING
W/chromium(10341): [WARNING:proxy_service.cc(890)] PAC support disabled because there is no system implementation
D/CordovaActivity(10341): CordovaActivity.createViews()
W/dalvikvm(10341): VFY: unable to find class referenced in signature (Landroid/webkit/ClientCertRequest;)
W/dalvikvm(10341): VFY: unable to find class referenced in signature (Landroid/webkit/ClientCertRequest;)
I/dalvikvm(10341): Could not find method android.webkit.WebViewClient.onReceivedClientCertRequest, referenced from method org.apache.cordova.CordovaWebViewClient.onReceivedClientCertRequest
W/dalvikvm(10341): VFY: unable to resolve virtual method 6235: Landroid/webkit/WebViewClient;.onReceivedClientCertRequest (Landroid/webkit/WebView;Landroid/webkit/ClientCertRequest;)V
D/dalvikvm(10341): VFY: replacing opcode 0x6f at 0x001c
I/dalvikvm(10341): Could not find method android.webkit.WebChromeClient$FileChooserParams.createIntent, referenced from method org.apache.cordova.CordovaChromeClient.onShowFileChooser
W/dalvikvm(10341): VFY: unable to resolve virtual method 6182: Landroid/webkit/WebChromeClient$FileChooserParams;.createIntent ()Landroid/content/Intent;
D/dalvikvm(10341): VFY: replacing opcode 0x6e at 0x0000
D/PluginManager(10341): init()
D/CordovaWebView(10341): CordovaWebView is running on device made by: motorola
D/CordovaWebView(10341): >>> loadUrl(file:///android_asset/www/index.html)
D/CordovaWebView(10341): >>> loadUrlNow()
D/CordovaActivity(10341): Resuming the App
D/SoftKeyboardDetect(10341): Ignore this event
I/SFPerfTracer(  278):      triggers: (rate: 32:2525) (compose: 0:9) (post: 0:2) (render: 7:341) (11:31976 frames) (12:96281)
D/SFPerfTracer(  278):        layers: (5:10) (DimLayer: 0:65)* (DimLayer: 0:21)* (FocusedStackFrame: 0:820)* (StatusBar: 12:5482) (NavigationBar: 11:6488) (DimLayer: 0:776)* (DimLayer: 0:143)* (com.android.wallpaper.fall.FallWallpaper: 3:5324) (com.android.launcher/com.android.launcher2.Launcher: 0:65) (Starting com.giftme.fb_auth: 12:15) 
D/OpenGLRenderer(10341): Enabling debug mode 0
D/SoftKeyboardDetect(10341): Ignore this event
I/LaunchCheckinHandler( 1016): Displayed com.giftme.fb_auth/.FB_Auth,cp,ca,371
I/ActivityManager( 1016): Displayed com.giftme.fb_auth/.FB_Auth: +371ms
D/CordovaWebViewClient(10341): onPageStarted(file:///android_asset/www/index.html)
D/CordovaActivity(10341): onMessage(onPageStarted,file:///android_asset/www/index.html)
D/WifiStateMachine( 1016): handleMessage: E msg.what=151572
D/WifiStateMachine( 1016): processMsg: ConnectedState
D/WifiStateMachine( 1016): processMsg: L2ConnectedState
D/WifiStateMachine( 1016): handleMessage: X
E/AndroidProtocolHandler(10341): Unable to open asset URL: file:///android_asset/www/fonts/ratchicons.woff
I/chromium(10341): [INFO:simple_index_file.cc(437)] Simple Cache Index is being restored from disk.
D/JsMessageQueue(10341): Set native->JS mode to OnlineEventsBridgeMode
E/AndroidProtocolHandler(10341): Unable to open asset URL: file:///android_asset/www/fonts/ratchicons.ttf
I/SFPerfTracer(  278):       trigger: vsync rate (-60.038%)	(23.977 vps)	(41.706 ms)* 	(318 drops)	(322 vsyncs)
I/SFPerfTracer(  278):      triggers: (rate: 12:10306) (86223 sw vsyncs) (17812 skipped) (322:100654 vsyncs) (324:200029)
D/CordovaLog(10341): file:///android_asset/www/js/app.js: Line 19 : Service initialized
I/chromium(10341): [INFO:CONSOLE(19)] "Service initialized", source: file:///android_asset/www/js/app.js (19)
D/CordovaLog(10341): file:///android_asset/www/js/LoginView.js: Line 25 : Uncaught TypeError: Cannot call method 'login' of undefined
I/chromium(10341): [INFO:CONSOLE(25)] "Uncaught TypeError: Cannot call method 'login' of undefined", source: file:///android_asset/www/js/LoginView.js (25)
E/AndroidProtocolHandler(10341): Unable to open asset URL: file:///android_asset/www/fonts/ratchicons.svg#svgFontName
D/CordovaActivity(10341): onMessage(spinner,stop)
D/CordovaLog(10341): file:///android_asset/www/js/LoginView.js: Line 14 : Success
I/chromium(10341): [INFO:CONSOLE(14)] "Success", source: file:///android_asset/www/js/LoginView.js (14)
D/CordovaWebViewClient(10341): onPageFinished(file:///android_asset/www/index.html)
D/CordovaActivity(10341): onMessage(onPageFinished,file:///android_asset/www/index.html)
D/WifiStateMachine( 1016): handleMessage: E msg.what=151572
D/WifiStateMachine( 1016): processMsg: ConnectedState
D/WifiStateMachine( 1016): processMsg: L2ConnectedState
D/WifiStateMachine( 1016): handleMessage: X
D/WifiStateMachine( 1016): handleMessage: E msg.what=131155
D/WifiStateMachine( 1016): processMsg: ConnectedState
D/WifiStateMachine( 1016): processMsg: L2ConnectedState
D/WifiStateMachine( 1016): handleMessage: X
D/WifiStateMachine( 1016): handleMessage: E msg.what=151572
D/WifiStateMachine( 1016): processMsg: ConnectedState
D/WifiStateMachine( 1016): processMsg: L2ConnectedState
D/WifiStateMachine( 1016): handleMessage: X
D/WifiStateMachine( 1016): handleMessage: E msg.what=151572
D/WifiStateMachine( 1016): processMsg: ConnectedState
D/WifiStateMachine( 1016): processMsg: L2ConnectedState
D/WifiStateMachine( 1016): handleMessage: X
