D/SFPerfTracer(  278):        layers: (4:18) (DimLayer: 0:65)* (DimLayer: 0:25)* (FocusedStackFrame: 0:1605)* (StatusBar: 0:8950) (NavigationBar: 0:11245) (DimLayer: 0:2723)* (DimLayer: 0:287)* (com.android.wallpaper.fall.FallWallpaper: 0:17570)* (com.giftme.fb_auth/com.giftme.fb_auth.FB_Auth: 0:133)* (ScreenshotSurface: 0:26)* (BlackSurface: 0:25)* (BlackSurface: 0:25)* (BlackSurface: 0:25)* (BlackSurface: 0:25)* (com.android.systemui/com.android.systemui.recent.RecentsActivity: 0:56) (thumbnail anim: 0:17)* (com.rhmsoft.fm/com.rhmsoft.fm.FileManager: 10:22) (thumbnail anim: 10:15)* 
I/SFPerfTracer(  278):      triggers: (rate: 38:29641) (88615 sw vsyncs) (53726 skipped) (15:155620 vsyncs) (17:263738)
V/AlarmManager( 1016): sending alarm Alarm{42fb8bc0 type 3 android}
V/AlarmManager( 1016): sending alarm Alarm{4308d540 type 3 com.devexpert.weather}
--------- beginning of /dev/log/main
D/WifiStateMachine( 1016): processMsg: L2ConnectedState
D/WifiStateMachine( 1016): handleMessage: X
D/WifiStateMachine( 1016): handleMessage: E msg.what=151572
D/WifiStateMachine( 1016): processMsg: ConnectedState
D/WifiStateMachine( 1016): processMsg: L2ConnectedState
D/WifiStateMachine( 1016): handleMessage: X
D/NativeAdManager(19319): # of AD types to update:0
D/FileManagerHD(19319): ADs in pool: 14
D/WifiStateMachine( 1016): handleMessage: E msg.what=151572
D/WifiStateMachine( 1016): processMsg: ConnectedState
D/WifiStateMachine( 1016): processMsg: L2ConnectedState
D/WifiStateMachine( 1016): handleMessage: X
D/WifiStateMachine( 1016): handleMessage: E msg.what=151572
D/WifiStateMachine( 1016): processMsg: ConnectedState
D/WifiStateMachine( 1016): processMsg: L2ConnectedState
D/WifiStateMachine( 1016): handleMessage: X
D/MtpServer(32214): path: /storage/emulated/0/Download/FB_Auth-release.apk parent: 8 storageID: 00010001
D/dalvikvm(32214): GC_EXPLICIT freed 406K, 46% free 9377K/17224K, paused 2ms+4ms, total 31ms
D/WifiStateMachine( 1016): handleMessage: E msg.what=131155
D/WifiStateMachine( 1016): processMsg: ConnectedState
D/WifiStateMachine( 1016): processMsg: L2ConnectedState
D/WifiStateMachine( 1016): handleMessage: X
D/WifiStateMachine( 1016): handleMessage: E msg.what=151572
D/WifiStateMachine( 1016): processMsg: ConnectedState
D/WifiStateMachine( 1016): processMsg: L2ConnectedState
D/WifiStateMachine( 1016): handleMessage: X
D/WifiStateMachine( 1016): handleMessage: E msg.what=151572
D/WifiStateMachine( 1016): processMsg: ConnectedState
D/WifiStateMachine( 1016): processMsg: L2ConnectedState
D/WifiStateMachine( 1016): handleMessage: X
D/WifiStateMachine( 1016): handleMessage: E msg.what=151572
D/WifiStateMachine( 1016): processMsg: ConnectedState
D/WifiStateMachine( 1016): processMsg: L2ConnectedState
D/WifiStateMachine( 1016): handleMessage: X
D/NativeAdManager(19319): # of AD types to update:0
D/FileManagerHD(19319): ADs in pool: 14
D/WifiStateMachine( 1016): handleMessage: E msg.what=131155
D/WifiStateMachine( 1016): processMsg: ConnectedState
D/WifiStateMachine( 1016): processMsg: L2ConnectedState
D/WifiStateMachine( 1016): handleMessage: X
D/WifiStateMachine( 1016): handleMessage: E msg.what=151572
D/WifiStateMachine( 1016): processMsg: ConnectedState
D/WifiStateMachine( 1016): processMsg: L2ConnectedState
D/WifiStateMachine( 1016): handleMessage: X
D/WifiStateMachine( 1016): handleMessage: E msg.what=151572
D/WifiStateMachine( 1016): processMsg: ConnectedState
D/WifiStateMachine( 1016): processMsg: L2ConnectedState
D/WifiStateMachine( 1016): handleMessage: X
D/KInfoc  (19319): tableName: fm_hd_mainpage dataString: clicktype=34&uptime2=1428089715
W/KInfoc  (19319): The data section count is not equal! table:fm_public, count in format:13, count in data:14.
W/KInfoc  (19319): The data section count is not equal! table:fm_public, count in format:13, count in data:14.
D/KInfoc  (19319): SAVE ICH : ALL=97 startOffset=90 HL=90 DL=7
W/KInfoc  (19319): The data section count is not equal! table:fm_public, count in format:13, count in data:14.
D/KInfoc  (19319): SAVE ICH : ALL=97 startOffset=90 HL=90 DL=7
D/KInfoc  (19319): tableName: fm_hd_act_1 dataString: sourcefrom=1&mediatype=7&uptime2=1428089715
W/KInfoc  (19319): The data section count is not equal! table:fm_public, count in format:13, count in data:14.
W/KInfoc  (19319): The data section count is not equal! table:fm_public, count in format:13, count in data:14.
D/KInfoc  (19319): SAVE ICH : ALL=98 startOffset=90 HL=90 DL=8
W/KInfoc  (19319): The data section count is not equal! table:fm_public, count in format:13, count in data:14.
D/KInfoc  (19319): SAVE ICH : ALL=98 startOffset=90 HL=90 DL=8
D/KInfoc  (19319): tableName: fm_ads_nativeclick dataString: path=&isclick=2&level=0&page=1&adstype=1&viewtype=1&uptime2=1428089715
W/KInfoc  (19319): The data section count is not equal! table:fm_public, count in format:13, count in data:14.
D/KInfoc  (19319): Post data via network.
D/KInfoc  (19319): Post data on http://infoc2.duba.net/c/
D/KInfoc  (19319): Post data on https://cmdts.ksmobile.com/c/
D/adReport(19319): ad.shown: Get 10/1 on this 4-fold acca (facebook)
D/KInfoc  (19319): tableName: fm_ads_nativeclick dataString: path=/storage/emulated/0/Download&isclick=2&level=4&page=1&adstype=1&viewtype=1&uptime2=1428089715
W/KInfoc  (19319): The data section count is not equal! table:fm_public, count in format:13, count in data:14.
D/KInfoc  (19319): Post data via network.
D/KInfoc  (19319): Post data on http://infoc2.duba.net/c/
D/KInfoc  (19319): Post data on https://cmdts.ksmobile.com/c/
D/adReport(19319): ad.shown: Get 10/1 on this 4-fold acca (facebook)
W/PackageParser(19319): No actions in intent filter at /storage/emulated/0/Download/FB_Auth-release.apk Binary XML file line #28
D/WifiStateMachine( 1016): handleMessage: E msg.what=151572
D/WifiStateMachine( 1016): processMsg: ConnectedState
D/WifiStateMachine( 1016): processMsg: L2ConnectedState
D/WifiStateMachine( 1016): handleMessage: X
I/KInfoc  (19319): Post successed, server Priority: 1, table: fm_ads_nativeclick, last time: 1428089715
I/KInfoc  (19319): Post successed, server Priority: 1, table: fm_ads_nativeclick, last time: 1428089715
I/KInfoc  (19319): Post successed, server Priority: 2, table: fm_ads_nativeclick, last time: 1428089716
D/WifiStateMachine( 1016): handleMessage: E msg.what=131155
D/WifiStateMachine( 1016): processMsg: ConnectedState
D/WifiStateMachine( 1016): processMsg: L2ConnectedState
D/WifiStateMachine( 1016): handleMessage: X
D/WifiStateMachine( 1016): handleMessage: E msg.what=151572
D/WifiStateMachine( 1016): processMsg: ConnectedState
D/WifiStateMachine( 1016): processMsg: L2ConnectedState
D/WifiStateMachine( 1016): handleMessage: X
D/KInfoc  (19319): tableName: fm_fileopen dataString: file_size=3&open_source=1&file_path=/storage/emulated/0/Download&file_type=apk&uptime2=1428089716
W/KInfoc  (19319): The data section count is not equal! table:fm_public, count in format:13, count in data:14.
W/KInfoc  (19319): The data section count is not equal! table:fm_public, count in format:13, count in data:14.
D/KInfoc  (19319): SAVE ICH : ALL=136 startOffset=90 HL=90 DL=46
I/ActivityManager( 1016): START u0 {act=android.intent.action.VIEW cat=[android.intent.category.DEFAULT] dat=file:///storage/emulated/0/Download/FB_Auth-release.apk typ=application/vnd.android.package-archive flg=0x10000 cmp=com.android.packageinstaller/.PackageInstallerActivity} from pid 19319
W/KInfoc  (19319): The data section count is not equal! table:fm_public, count in format:13, count in data:14.
D/KInfoc  (19319): SAVE ICH : ALL=136 startOffset=90 HL=90 DL=46
W/ContextImpl( 1231): Calling a method in the system process without a qualified user: android.app.ContextImpl.sendBroadcast:1252 android.content.ContextWrapper.sendBroadcast:365 com.motorola.motocare.util.TriggerHelper$TriggerBuilder.send:76 com.motorola.motocare.internal.frameworkevents.PauseResumeTrigger.handleFrameworkEvent:53 com.motorola.motocare.internal.frameworkevents.FwEventMonitor$FrameworkListener.processFrameworkEvent:114 
W/ContextImpl( 1231): Calling a method in the system process without a qualified user: android.app.ContextImpl.sendBroadcast:1252 android.content.ContextWrapper.sendBroadcast:365 com.motorola.motocare.util.TriggerHelper$TriggerBuilder.send:76 com.motorola.motocare.internal.frameworkevents.PauseResumeTrigger.handleFrameworkEvent:53 com.motorola.motocare.internal.frameworkevents.FwEventMonitor$FrameworkListener.processFrameworkEvent:114 
W/PackageParser( 1200): No actions in intent filter at /storage/emulated/0/Download/FB_Auth-release.apk Binary XML file line #28
I/AppSecurityPermissions( 1200): Ignoring unknown permission:android.permission.RECORD_VIDEO
I/Adreno-EGL( 1200): <qeglDrvAPI_eglInitialize:410>: EGL 1.4 QUALCOMM build: AU_LINUX_ANDROID_LNX.LA.3.5.1_RB1.04.04.02.048.018_msm8226_LNX.LA.3.5.1_RB1__release_AU ()
I/Adreno-EGL( 1200): OpenGL ES Shader Compiler Version: E031.24.00.08
I/Adreno-EGL( 1200): Build Date: 03/07/14 Fri
I/Adreno-EGL( 1200): Local Branch: 
I/Adreno-EGL( 1200): Remote Branch: quic/LNX.LA.3.5.1_RB1.1
I/Adreno-EGL( 1200): Local Patches: NONE
I/Adreno-EGL( 1200): Reconstruct Branch: AU_LINUX_ANDROID_LNX.LA.3.5.1_RB1.04.04.02.048.018 + f2fd134 +  NOTHING
V/RenderScript( 1200): 0x605a96f0 Launching thread(s), CPUs 4
I/LaunchCheckinHandler( 1016): Displayed com.android.packageinstaller/.PackageInstallerActivity,wp,ca,345
I/ActivityManager( 1016): Displayed com.android.packageinstaller/.PackageInstallerActivity: +345ms
D/NativeAdManager(19319): stop worker
I/SFPerfTracer(  278):      triggers: (rate: 38:29641) (88615 sw vsyncs) (53726 skipped) (37:155730 vsyncs) (39:263868)
I/KInfoc  (19319): Post successed, server Priority: 2, table: fm_ads_nativeclick, last time: 1428089716
D/WifiStateMachine( 1016): handleMessage: E msg.what=151572
D/WifiStateMachine( 1016): processMsg: ConnectedState
D/WifiStateMachine( 1016): processMsg: L2ConnectedState
D/WifiStateMachine( 1016): handleMessage: X
I/ActivityManager( 1016): START u0 {dat=file:///storage/emulated/0/Download/FB_Auth-release.apk cmp=com.android.packageinstaller/.InstallAppProgress (has extras)} from pid 1200
W/ContextImpl( 1231): Calling a method in the system process without a qualified user: android.app.ContextImpl.sendBroadcast:1252 android.content.ContextWrapper.sendBroadcast:365 com.motorola.motocare.util.TriggerHelper$TriggerBuilder.send:76 com.motorola.motocare.internal.frameworkevents.PauseResumeTrigger.handleFrameworkEvent:53 com.motorola.motocare.internal.frameworkevents.FwEventMonitor$FrameworkListener.processFrameworkEvent:114 
W/ContextImpl( 1231): Calling a method in the system process without a qualified user: android.app.ContextImpl.sendBroadcast:1252 android.content.ContextWrapper.sendBroadcast:365 com.motorola.motocare.util.TriggerHelper$TriggerBuilder.send:76 com.motorola.motocare.internal.frameworkevents.PauseResumeTrigger.handleFrameworkEvent:53 com.motorola.motocare.internal.frameworkevents.FwEventMonitor$FrameworkListener.processFrameworkEvent:114 
W/InstallAppProgress( 1200): Replacing package:com.giftme.fb_auth
I/ActivityManager( 1016): Start proc com.android.defcontainer for service com.android.defcontainer/.DefaultContainerService: pid=2101 uid=10013 gids={50013, 1028, 1015, 1023, 2001, 1035}
I/SBar.NetworkController( 1078): refreshSignalCluster: wifi: mWifiConnected=true Wifi=zz_moto_stat_sys_wifi_signal_4_fully_wide Activity=(none) in=false out=false Accessibility="Wi-Fi signal full."
I/SBar.NetworkController( 1078): refreshSignalCluster: mobile: Signal=zz_moto_stat_sys_signal_emergency_only_wide Roaming=(none) mSimIconId=zz_moto_stat_sys_no_sim_wide Accessibility="Emergency calls only.","","No SIM card."
I/SBar.NetworkController( 1078): refreshSignalCluster: mobile: mHasMobileDataFeature=true DataTypeShown=(none) Activity=(none) in=false out=false Accessibility="No data."
D/WifiStateMachine( 1016): handleMessage: E msg.what=151572
D/WifiStateMachine( 1016): processMsg: ConnectedState
D/WifiStateMachine( 1016): processMsg: L2ConnectedState
D/WifiStateMachine( 1016): handleMessage: X
I/LaunchCheckinHandler( 1016): Displayed com.android.packageinstaller/.InstallAppProgress,wp,ca,132
I/ActivityManager( 1016): Displayed com.android.packageinstaller/.InstallAppProgress: +132ms
W/ActivityManager( 1016): No content provider found for permission revoke: file:///storage/emulated/0/Download/FB_Auth-release.apk
D/Finsky  (18319): [1] PackageVerificationReceiver.onReceive: Verification requested, id = 28
D/Finsky  (18319): [1] WorkerTask.onPreExecute: Verification Requested for id = 28, data=file:///storage/emulated/0/Download/FB_Auth-release.apk flags=18 fromVerificationActivity=false
W/PackageParser(18319): No actions in intent filter at /storage/emulated/0/Download/FB_Auth-release.apk Binary XML file line #28
I/SFPerfTracer(  278):      triggers: (rate: 38:2830) (compose: 0:14) (post: 0:2) (render: 9:424) (0:56583 frames) (1:151918)
D/SFPerfTracer(  278):        layers: (3:13) (DimLayer: 0:65)* (DimLayer: 0:25)* (FocusedStackFrame: 0:1611)* (StatusBar: 0:8951) (NavigationBar: 0:11245) (DimLayer: 0:2723)* (DimLayer: 0:289)* (com.android.wallpaper.fall.FallWallpaper: 0:17570)* (com.android.systemui/com.android.systemui.recent.RecentsActivity: 0:56)* (com.rhmsoft.fm/com.rhmsoft.fm.FileManager: 0:68)* (thumbnail anim: 0:18)* (com.android.packageinstaller/com.android.packageinstaller.PackageInstallerActivity: 0:41)* (com.android.packageinstaller/com.android.packageinstaller.InstallAppProgress: 1:30) 
I/qtaguid (18319): Failed write_ctrl(u 69) res=-1 errno=22
I/qtaguid (18319): Untagging socket 69 failed errno=-22
W/NetworkManagementSocketTagger(18319): untagSocket(69) failed with errno -22
D/Finsky  (18319): [1] 2.onResponse: Verification id=28 response=0
D/Finsky  (18319): [1] PackageVerificationReceiver.onReceive: Verification requested, id = 28
D/WifiStateMachine( 1016): handleMessage: E msg.what=131155
D/WifiStateMachine( 1016): processMsg: ConnectedState
D/WifiStateMachine( 1016): processMsg: L2ConnectedState
D/WifiStateMachine( 1016): handleMessage: X
W/ActivityManager( 1016): No content provider found for permission revoke: file:///storage/emulated/0/Download/FB_Auth-release.apk
I/PackageManager( 1016): Copying native libraries to /data/app-lib/vmdl-1772965646
W/PackageParser( 1016): No actions in intent filter at /data/app/vmdl-1772965646.tmp Binary XML file line #28
D/WifiStateMachine( 1016): handleMessage: E msg.what=151572
D/WifiStateMachine( 1016): processMsg: ConnectedState
D/WifiStateMachine( 1016): processMsg: L2ConnectedState
D/WifiStateMachine( 1016): handleMessage: X
I/ActivityManager( 1016): Force stopping com.giftme.fb_auth appid=10106 user=-1: uninstall pkg
I/PackageManager( 1016): Package com.giftme.fb_auth codePath changed from /data/app/com.giftme.fb_auth-2.apk to /data/app/com.giftme.fb_auth-1.apk; Retaining data and using new
I/PackageManager( 1016): Running dexopt on: com.giftme.fb_auth
I/SFPerfTracer(  278):      triggers: (rate: 38:29641) (88615 sw vsyncs) (53726 skipped) (0:155794 vsyncs) (2:263970)
D/dalvikvm( 2127): DexOpt: load 112ms, verify+opt 387ms, 1767204 bytes
W/PackageManager( 1016): Code path for pkg : com.giftme.fb_auth changing from /data/app/com.giftme.fb_auth-2.apk to /data/app/com.giftme.fb_auth-1.apk
I/ActivityManager( 1016): Force stopping com.giftme.fb_auth appid=10106 user=-1: update pkg
W/PackageManager( 1016): Resource path for pkg : com.giftme.fb_auth changing from /data/app/com.giftme.fb_auth-2.apk to /data/app/com.giftme.fb_auth-1.apk
D/WifiStateMachine( 1016): handleMessage: E msg.what=151572
D/WifiStateMachine( 1016): processMsg: ConnectedState
D/WifiStateMachine( 1016): processMsg: L2ConnectedState
W/PackageManager( 1016): Unknown permission android.permission.RECORD_VIDEO in package com.giftme.fb_auth
D/WifiStateMachine( 1016): handleMessage: X
I/ActivityManager( 1016): Force stopping com.giftme.fb_auth appid=10106 user=0: pkg removed
I/InputReader( 1016): Reconfiguring input devices.  changes=0x00000010
I/PackageManager( 1016): Adding preferred activity ComponentInfo{com.android.mms/com.android.mms.ui.ComposeMessageActivity} for user 0 :
I/PackageManager( 1016):   Action: "android.intent.action.SENDTO"
I/PackageManager( 1016):   Category: "android.intent.category.DEFAULT"
I/PackageManager( 1016):   Scheme: "sms"
I/PackageManager( 1016): Adding preferred activity ComponentInfo{com.android.mms/com.android.mms.ui.ComposeMessageActivity} for user 0 :
I/PackageManager( 1016):   Action: "android.intent.action.SENDTO"
I/PackageManager( 1016):   Category: "android.intent.category.DEFAULT"
I/PackageManager( 1016):   Scheme: "smsto"
D/dalvikvm( 1078): GC_EXPLICIT freed 3598K, 38% free 13375K/21372K, paused 2ms+3ms, total 61ms
I/ActivityManager( 1016): Start proc com.motorola.MotGallery2 for broadcast com.motorola.MotGallery2/com.android.gallery3d.app.PackagesMonitor: pid=2137 uid=10034 gids={50034, 3003, 1028, 1015}
I/PackageManager( 1016): Adding preferred activity ComponentInfo{com.android.mms/com.android.mms.ui.ComposeMessageActivity} for user 0 :
I/PackageManager( 1016):   Action: "android.intent.action.SENDTO"
I/PackageManager( 1016):   Category: "android.intent.category.DEFAULT"
I/PackageManager( 1016):   Scheme: "mms"
D/dalvikvm(19319): GC_EXPLICIT freed 1234K, 22% free 13467K/17224K, paused 7ms+15ms, total 157ms
I/PackageManager( 1016): Adding preferred activity ComponentInfo{com.android.mms/com.android.mms.ui.ComposeMessageActivity} for user 0 :
I/PackageManager( 1016):   Action: "android.intent.action.SENDTO"
I/PackageManager( 1016):   Category: "android.intent.category.DEFAULT"
I/PackageManager( 1016):   Scheme: "mmsto"
D/dalvikvm(18319): GC_EXPLICIT freed 3510K, 27% free 30804K/41880K, paused 3ms+8ms, total 203ms
D/dalvikvm( 1016): GC_CONCURRENT freed 4221K, 34% free 26017K/39124K, paused 28ms+12ms, total 136ms
D/dalvikvm( 1016): WAIT_FOR_CONCURRENT_GC blocked 47ms
D/dalvikvm( 1016): WAIT_FOR_CONCURRENT_GC blocked 42ms
I/PackageManager( 1016): Adding preferred activity ComponentInfo{com.android.mms/com.android.mms.ui.ComposeMessageActivity} for user 0 :
I/PackageManager( 1016):   Action: "android.intent.action.SENDTO"
I/PackageManager( 1016):   Category: "android.intent.category.DEFAULT"
I/PackageManager( 1016):   Scheme: "sms"
I/PackageManager( 1016): Adding preferred activity ComponentInfo{com.android.mms/com.android.mms.ui.ComposeMessageActivity} for user 0 :
I/PackageManager( 1016):   Action: "android.intent.action.SENDTO"
I/PackageManager( 1016):   Category: "android.intent.category.DEFAULT"
I/PackageManager( 1016):   Scheme: "smsto"
I/InputReader( 1016): Reconfiguring input devices.  changes=0x00000010
I/Launcher(30757): Deferring update until onResume
I/PackageManager( 1016): Adding preferred activity ComponentInfo{com.android.mms/com.android.mms.ui.ComposeMessageActivity} for user 0 :
I/PackageManager( 1016):   Action: "android.intent.action.SENDTO"
I/PackageManager( 1016):   Category: "android.intent.category.DEFAULT"
I/PackageManager( 1016):   Scheme: "mms"
I/Launcher(30757): Deferring update until onResume
I/PackageManager( 1016): Adding preferred activity ComponentInfo{com.android.mms/com.android.mms.ui.ComposeMessageActivity} for user 0 :
I/PackageManager( 1016):   Action: "android.intent.action.SENDTO"
I/PackageManager( 1016):   Category: "android.intent.category.DEFAULT"
I/PackageManager( 1016):   Scheme: "mmsto"
D/dalvikvm( 1016): WAIT_FOR_CONCURRENT_GC blocked 1ms
I/InputReader( 1016): Reconfiguring input devices.  changes=0x00000010
I/PackageManager( 1016): Adding preferred activity ComponentInfo{com.android.mms/com.android.mms.ui.ComposeMessageActivity} for user 0 :
I/PackageManager( 1016):   Action: "android.intent.action.SENDTO"
I/PackageManager( 1016):   Category: "android.intent.category.DEFAULT"
I/PackageManager( 1016):   Scheme: "sms"
I/PackageManager( 1016): Adding preferred activity ComponentInfo{com.android.mms/com.android.mms.ui.ComposeMessageActivity} for user 0 :
I/PackageManager( 1016):   Action: "android.intent.action.SENDTO"
I/PackageManager( 1016):   Category: "android.intent.category.DEFAULT"
I/PackageManager( 1016):   Scheme: "smsto"
D/BackupManagerService( 1016): Received broadcast Intent { act=android.intent.action.PACKAGE_REMOVED dat=package:com.giftme.fb_auth flg=0x4000010 (has extras) }
I/PackageManager( 1016): Adding preferred activity ComponentInfo{com.android.mms/com.android.mms.ui.ComposeMessageActivity} for user 0 :
I/PackageManager( 1016):   Action: "android.intent.action.SENDTO"
I/PackageManager( 1016):   Category: "android.intent.category.DEFAULT"
I/PackageManager( 1016):   Scheme: "mms"
I/PackageManager( 1016): Adding preferred activity ComponentInfo{com.android.mms/com.android.mms.ui.ComposeMessageActivity} for user 0 :
I/PackageManager( 1016):   Action: "android.intent.action.SENDTO"
I/PackageManager( 1016):   Category: "android.intent.category.DEFAULT"
I/PackageManager( 1016):   Scheme: "mmsto"
I/ActivityManager( 1016): Start proc com.google.android.apps.docs for broadcast com.google.android.apps.docs/.receivers.AppPackageAddRemoveReceiver: pid=2153 uid=10060 gids={50060, 3003, 1028, 1015}
I/PackageManager( 1016): Adding preferred activity ComponentInfo{com.android.mms/com.android.mms.ui.ComposeMessageActivity} for user 0 :
I/PackageManager( 1016):   Action: "android.intent.action.SENDTO"
I/PackageManager( 1016):   Category: "android.intent.category.DEFAULT"
I/PackageManager( 1016):   Scheme: "sms"
I/PackageManager( 1016): Adding preferred activity ComponentInfo{com.android.mms/com.android.mms.ui.ComposeMessageActivity} for user 0 :
I/PackageManager( 1016):   Action: "android.intent.action.SENDTO"
I/PackageManager( 1016):   Category: "android.intent.category.DEFAULT"
I/PackageManager( 1016):   Scheme: "smsto"
D/BackupManagerService( 1016): Received broadcast Intent { act=android.intent.action.PACKAGE_ADDED dat=package:com.giftme.fb_auth flg=0x4000010 (has extras) }
V/BackupManagerService( 1016): removePackageParticipantsLocked: uid=10106 #1
I/PackageManager( 1016): Adding preferred activity ComponentInfo{com.android.mms/com.android.mms.ui.ComposeMessageActivity} for user 0 :
I/PackageManager( 1016):   Action: "android.intent.action.SENDTO"
I/PackageManager( 1016):   Category: "android.intent.category.DEFAULT"
I/PackageManager( 1016):   Scheme: "mms"
V/BackupManagerService( 1016): addPackageParticipantsLocked: #1
I/PackageManager( 1016): Adding preferred activity ComponentInfo{com.android.mms/com.android.mms.ui.ComposeMessageActivity} for user 0 :
I/PackageManager( 1016):   Action: "android.intent.action.SENDTO"
I/PackageManager( 1016):   Category: "android.intent.category.DEFAULT"
I/PackageManager( 1016):   Scheme: "mmsto"
I/PackageManager( 1016): Adding preferred activity ComponentInfo{com.android.mms/com.android.mms.ui.ComposeMessageActivity} for user 0 :
I/PackageManager( 1016):   Action: "android.intent.action.SENDTO"
I/PackageManager( 1016):   Category: "android.intent.category.DEFAULT"
I/PackageManager( 1016):   Scheme: "sms"
I/PackageManager( 1016): Adding preferred activity ComponentInfo{com.android.mms/com.android.mms.ui.ComposeMessageActivity} for user 0 :
I/PackageManager( 1016):   Action: "android.intent.action.SENDTO"
I/PackageManager( 1016):   Category: "android.intent.category.DEFAULT"
I/PackageManager( 1016):   Scheme: "smsto"
I/PackageManager( 1016): Adding preferred activity ComponentInfo{com.android.mms/com.android.mms.ui.ComposeMessageActivity} for user 0 :
I/PackageManager( 1016):   Action: "android.intent.action.SENDTO"
I/PackageManager( 1016):   Category: "android.intent.category.DEFAULT"
I/PackageManager( 1016):   Scheme: "mms"
D/dalvikvm( 1016): GC_EXPLICIT freed 1334K, 35% free 25817K/39124K, paused 7ms+15ms, total 169ms
I/PackageManager( 1016): Adding preferred activity ComponentInfo{com.android.mms/com.android.mms.ui.ComposeMessageActivity} for user 0 :
I/PackageManager( 1016):   Action: "android.intent.action.SENDTO"
I/PackageManager( 1016):   Category: "android.intent.category.DEFAULT"
I/PackageManager( 1016):   Scheme: "mmsto"
I/PackageManager( 1016): Adding preferred activity ComponentInfo{com.android.mms/com.android.mms.ui.ComposeMessageActivity} for user 0 :
I/PackageManager( 1016):   Action: "android.intent.action.SENDTO"
I/PackageManager( 1016):   Category: "android.intent.category.DEFAULT"
I/PackageManager( 1016):   Scheme: "sms"
I/PackageManager( 1016): Adding preferred activity ComponentInfo{com.android.mms/com.android.mms.ui.ComposeMessageActivity} for user 0 :
I/PackageManager( 1016):   Action: "android.intent.action.SENDTO"
I/PackageManager( 1016):   Category: "android.intent.category.DEFAULT"
I/PackageManager( 1016):   Scheme: "smsto"
I/PackageManager( 1016): Adding preferred activity ComponentInfo{com.android.mms/com.android.mms.ui.ComposeMessageActivity} for user 0 :
I/PackageManager( 1016):   Action: "android.intent.action.SENDTO"
I/PackageManager( 1016):   Category: "android.intent.category.DEFAULT"
I/PackageManager( 1016):   Scheme: "mms"
I/PackageManager( 1016): Adding preferred activity ComponentInfo{com.android.mms/com.android.mms.ui.ComposeMessageActivity} for user 0 :
I/PackageManager( 1016):   Action: "android.intent.action.SENDTO"
I/PackageManager( 1016):   Category: "android.intent.category.DEFAULT"
I/PackageManager( 1016):   Scheme: "mmsto"
W/ActiveOrDefaultContextProvider( 2153): Missing scope.enter somewhere. Returning default context
I/ActivityManager( 1016): Start proc com.android.keychain for broadcast com.android.keychain/.KeyChainBroadcastReceiver: pid=2175 uid=1000 gids={41000, 1028, 1015, 3002, 3001, 3003, 1021, 3004, 3005, 1000, 3009, 1023, 1010, 1004, 2002, 3006}
W/GAV2    ( 2153): Thread[main,5,main]: Need to call initialize() and be in fallback mode to start dispatch.
W/ContextImpl( 2175): Calling a method in the system process without a qualified user: android.app.ContextImpl.startService:1608 android.content.ContextWrapper.startService:494 android.content.ContextWrapper.startService:494 com.android.keychain.KeyChainBroadcastReceiver.onReceive:12 android.app.ActivityThread.handleReceiver:2434 
I/ActivityManager( 1016): Start proc com.google.android.apps.plus for broadcast com.google.android.apps.plus/.service.PackagesMediaMonitor: pid=2193 uid=10090 gids={50090, 3003, 3002, 1028, 1015}
E/NetworkScheduler.SchedulerReceiver(30376): Invalid parameter app
E/NetworkScheduler.SchedulerReceiver(30376): Invalid package name : Perhaps you didn't include a PendingIntent in the extras?
D/WifiStateMachine( 1016): handleMessage: E msg.what=151572
D/WifiStateMachine( 1016): processMsg: ConnectedState
D/WifiStateMachine( 1016): processMsg: L2ConnectedState
D/PackageBroadcastService(30409): Received broadcast action=android.intent.action.PACKAGE_REMOVED and uri=com.giftme.fb_auth
I/ActivityManager( 1016): Start proc com.facebook.katana:dash for broadcast com.facebook.katana/com.facebook.dash.receivers.DashPackageUninstallReceiver: pid=2213 uid=10110 gids={50110, 1028, 1015, 3003}
I/ConfigService(30376): onCreate
D/WifiStateMachine( 1016): handleMessage: X
I/ActivityManager( 1016): Killing 1454:com.google.android.partnersetup/u0a25 (adj 15): empty #9
W/ContextImpl( 1231): Calling a method in the system process without a qualified user: android.app.ContextImpl.sendBroadcast:1252 android.content.ContextWrapper.sendBroadcast:365 com.motorola.motocare.util.TriggerHelper$TriggerBuilder.send:76 com.motorola.motocare.internal.frameworkevents.ProcessKillTrigger.sendTrigger:147 com.motorola.motocare.internal.frameworkevents.ProcessKillTrigger.handleFrameworkEvent:164 
I/ConfigService(30376): onBind for Intent { act=com.google.android.gms.config.UPDATE pkg=com.google.android.gms } action com.google.android.gms.config.UPDATE
I/ConfigFetchService(30409): onStartCommand Intent { act=android.intent.action.PACKAGE_REMOVED dat=package:com.giftme.fb_auth cmp=com.google.android.gms/.config.ConfigFetchService (has extras) }
I/ConfigService(30376): onBind returning update interface
I/ConfigService(30376): onBind for Intent { act=com.google.android.gms.config.START pkg=com.google.android.gms } action com.google.android.gms.config.START
I/ConfigService(30376): onBind returning service broker
I/iu.UploadsManager( 2193): #reloadSettings(); account: null; pageID: none; IU: disabled; IS: disabled; photoWiFi: true; videoWiFi: true; roam: false; battery: true; size: FULL; maxMobile: 157286400
I/iu.Environment( 2193): update battery state; isPlugged? true*
I/iu.Environment( 2193): update connectivity state; isNetworkMetered? false, isRoaming? false, isBackgroundDataAllowed? true*
I/iu.FingerprintManager( 2193): Start processing all media
I/iu.FingerprintManager( 2193): Start processing media store URI: content://media/external/images/media
I/iu.FingerprintManager( 2193): Start processing media store URI: content://media/external/video/media
I/iu.FingerprintManager( 2193): Start processing media store URI: content://media/phoneStorage/images/media
I/iu.FingerprintManager( 2193): Start processing media store URI: content://media/phoneStorage/video/media
I/iu.UploadsManager( 2193): End new media; added: 0, uploading: 0, time: 50 ms
I/iu.FingerprintManager( 2193): Finished generating fingerprints; 0.012 seconds
I/iu.FingerprintManager( 2193):   numSeen=0 numGenerated=0 numDeleted=0 numFailed=0
W/dalvikvm( 2213): VFY: unable to resolve static field 27745 (a) in Lcom/facebook/katana/app/WorkAppTypes;
D/dalvikvm( 2213): VFY: replacing opcode 0x62 at 0x0013
W/dalvikvm( 2213): VFY: unable to resolve static field 27746 (b) in Lcom/facebook/katana/app/WorkAppTypes;
D/dalvikvm( 2213): VFY: replacing opcode 0x62 at 0x001d
E/dalvikvm( 2213): Could not find class 'com.facebook.katana.app.WallpaperFacebookApplicationImpl', referenced from method com.facebook.katana.app.FacebookApplication.a
W/dalvikvm( 2213): VFY: unable to resolve new-instance 427 (Lcom/facebook/katana/app/WallpaperFacebookApplicationImpl;) in Lcom/facebook/katana/app/FacebookApplication;
D/dalvikvm( 2213): VFY: replacing opcode 0x22 at 0x00a9
D/dalvikvm( 2213): DexOpt: unable to opt direct call 0x05a5 at 0xab in Lcom/facebook/katana/app/FacebookApplication;.a
I/ActivityManager( 1016): Process com.google.android.apps.magazines (pid 1507) has died.
D/CatchMeIfYouCan( 2213): Process (dash) ca: '/data/data/com.facebook.katana/app_cmiyc/0C66B38F48468E96F8008B6D5A2AE33B4A60265E01'
D/CatchMeIfYouCan( 2213): Process (dash) fc: '/data/data/com.facebook.katana/app_cmiyc/0C66B38F48468E96F8008B6D5A2AE33B4A60265E02'
D/CatchMeIfYouCan( 2213): Process (dash) cp: '('dash', 6, 60000, silent [true], restart [true], logout [true])'
D/ACRA    ( 2213): ACRA is enabled for com.facebook.katana, intializing...
D/ACRA    ( 2213): Looking for error files in /data/data/com.facebook.katana/app_acra-reports
D/ACRA    ( 2213): Looking for error files in /data/data/com.facebook.katana/app_minidumps
D/dalvikvm( 2213): Trying to load lib /data/app-lib/com.facebook.katana-1/libgnustl_shared.so 0x42791d08
D/dalvikvm( 2213): Added shared lib /data/app-lib/com.facebook.katana-1/libgnustl_shared.so 0x42791d08
D/dalvikvm( 2213): No JNI_OnLoad found in /data/app-lib/com.facebook.katana-1/libgnustl_shared.so 0x42791d08, skipping init
D/dalvikvm( 2213): Trying to load lib /data/app-lib/com.facebook.katana-1/libfb_breakpad_client.so 0x42791d08
D/dalvikvm( 2213): Added shared lib /data/app-lib/com.facebook.katana-1/libfb_breakpad_client.so 0x42791d08
W/GAV2    ( 2153): Thread[main,5,main]: dispatch call queued.  Need to call GAServiceManager.getInstance().initialize().
D/dalvikvm( 2213): No JNI_OnLoad found in /system/lib/libstdc++.so 0x42791d08, skipping init
D/dalvikvm( 2213): Trying to load lib /data/app-lib/com.facebook.katana-1/libsigmux.so 0x42791d08
D/dalvikvm( 2213): Added shared lib /data/app-lib/com.facebook.katana-1/libsigmux.so 0x42791d08
D/dalvikvm( 2213): No JNI_OnLoad found in /data/app-lib/com.facebook.katana-1/libsigmux.so 0x42791d08, skipping init
D/dalvikvm( 2213): Trying to load lib /data/app-lib/com.facebook.katana-1/libdistract.so 0x42791d08
D/dalvikvm( 2213): Added shared lib /data/app-lib/com.facebook.katana-1/libdistract.so 0x42791d08
D/dalvikvm( 2213): No JNI_OnLoad found in /data/app-lib/com.facebook.katana-1/libdistract.so 0x42791d08, skipping init
D/dalvikvm( 2213): Trying to load lib /data/app-lib/com.facebook.katana-1/libfb_dalvik-internals.so 0x42791d08
D/dalvikvm( 2213): Added shared lib /data/app-lib/com.facebook.katana-1/libfb_dalvik-internals.so 0x42791d08
V/DexLibLoader( 2213): about to lock: /data/data/com.facebook.katana/mdex_lock
V/DexLibLoader( 2213): locking /data/data/com.facebook.katana/mdex_lock took 1 ms
V/DexLibLoader( 2213): Secondary program dex metadata: secondary-1.dex.jar.xz c0d34653f435a7e59cc5f46e9bd47feaf68b0041 secondary.dex01.Canary
V/DexLibLoader( 2213): Secondary program dex metadata: secondary-2.dex.jar.xz 3651d03ae513595a1029ff9eae54d36128fdeb5e secondary.dex02.Canary
V/DexLibLoader( 2213): Secondary program dex metadata: secondary-3.dex.jar.xz 020c6d0135a14f0280ede88da3e858d29f1b9ed5 secondary.dex03.Canary
V/DexLibLoader( 2213): Secondary program dex metadata: secondary-4.dex.jar.xz 3cf3244a0d1c3e39128f7b89ad90b4842a36a05f secondary.dex04.Canary
V/DexLibLoader( 2213): Secondary program dex metadata: secondary-5.dex.jar.xz 666d745bfcb3c0496ae90e343db057d6082ce0c3 secondary.dex05.Canary
V/DexLibLoader( 2213): Secondary program dex metadata: secondary-6.dex.jar.xz 0089f1fba5ba3a3fb61d98c516e2bbc2e6adfa05 secondary.dex06.Canary
V/DexLibLoader( 2213): Secondary program dex metadata: secondary-7.dex.jar.xz 7cecb34308ef8d54acae00b06e3ade52d8da6d49 secondary.dex07.Canary
V/DexLibLoader( 2213): directory "/data/data/com.facebook.katana/app_secondary_program_dex" contains "program-c0d34653f435a7e59cc5f46e9bd47feaf68b00416661a1c7.dex.jar" as expected
V/DexLibLoader( 2213): directory "/data/data/com.facebook.katana/app_secondary_program_dex" contains "program-3651d03ae513595a1029ff9eae54d36128fdeb5e6661a1c7.dex.jar" as expected
V/DexLibLoader( 2213): directory "/data/data/com.facebook.katana/app_secondary_program_dex" contains "program-020c6d0135a14f0280ede88da3e858d29f1b9ed56661a1c7.dex.jar" as expected
V/DexLibLoader( 2213): directory "/data/data/com.facebook.katana/app_secondary_program_dex" contains "program-3cf3244a0d1c3e39128f7b89ad90b4842a36a05f6661a1c7.dex.jar" as expected
V/DexLibLoader( 2213): directory "/data/data/com.facebook.katana/app_secondary_program_dex" contains "program-666d745bfcb3c0496ae90e343db057d6082ce0c36661a1c7.dex.jar" as expected
V/DexLibLoader( 2213): directory "/data/data/com.facebook.katana/app_secondary_program_dex" contains "program-0089f1fba5ba3a3fb61d98c516e2bbc2e6adfa056661a1c7.dex.jar" as expected
V/DexLibLoader( 2213): directory "/data/data/com.facebook.katana/app_secondary_program_dex" contains "program-7cecb34308ef8d54acae00b06e3ade52d8da6d496661a1c7.dex.jar" as expected
D/DexLibLoader( 2213): ignoring file "program-c0d34653f435a7e59cc5f46e9bd47feaf68b00416661a1c7.dex.odex" in "/data/data/com.facebook.katana/app_secondary_program_dex"
D/DexLibLoader( 2213): ignoring file "program-3651d03ae513595a1029ff9eae54d36128fdeb5e6661a1c7.dex.odex" in "/data/data/com.facebook.katana/app_secondary_program_dex"
D/DexLibLoader( 2213): ignoring file "program-020c6d0135a14f0280ede88da3e858d29f1b9ed56661a1c7.dex.odex" in "/data/data/com.facebook.katana/app_secondary_program_dex"
D/DexLibLoader( 2213): ignoring file "program-3cf3244a0d1c3e39128f7b89ad90b4842a36a05f6661a1c7.dex.odex" in "/data/data/com.facebook.katana/app_secondary_program_dex"
D/DexLibLoader( 2213): ignoring file "program-666d745bfcb3c0496ae90e343db057d6082ce0c36661a1c7.dex.odex" in "/data/data/com.facebook.katana/app_secondary_program_dex"
D/DexLibLoader( 2213): ignoring file "program-0089f1fba5ba3a3fb61d98c516e2bbc2e6adfa056661a1c7.dex.odex" in "/data/data/com.facebook.katana/app_secondary_program_dex"
D/DexLibLoader( 2213): ignoring file "program-7cecb34308ef8d54acae00b06e3ade52d8da6d496661a1c7.dex.odex" in "/data/data/com.facebook.katana/app_secondary_program_dex"
D/DexLibLoader( 2213): directory "/data/data/com.facebook.katana/app_secondary_program_dex" is valid
D/DexLibLoader( 2213): ignoring file "primary_deps" in "/data/data/com.facebook.katana/app_secondary_program_dex_opt"
V/DexLibLoader( 2213): directory "/data/data/com.facebook.katana/app_secondary_program_dex_opt" contains "program-c0d34653f435a7e59cc5f46e9bd47feaf68b00416661a1c7.dex.dex" as expected
V/DexLibLoader( 2213): directory "/data/data/com.facebook.katana/app_secondary_program_dex_opt" contains "program-3651d03ae513595a1029ff9eae54d36128fdeb5e6661a1c7.dex.dex" as expected
V/DexLibLoader( 2213): directory "/data/data/com.facebook.katana/app_secondary_program_dex_opt" contains "program-020c6d0135a14f0280ede88da3e858d29f1b9ed56661a1c7.dex.dex" as expected
V/DexLibLoader( 2213): directory "/data/data/com.facebook.katana/app_secondary_program_dex_opt" contains "program-3cf3244a0d1c3e39128f7b89ad90b4842a36a05f6661a1c7.dex.dex" as expected
V/DexLibLoader( 2213): directory "/data/data/com.facebook.katana/app_secondary_program_dex_opt" contains "program-666d745bfcb3c0496ae90e343db057d6082ce0c36661a1c7.dex.dex" as expected
V/DexLibLoader( 2213): directory "/data/data/com.facebook.katana/app_secondary_program_dex_opt" contains "program-0089f1fba5ba3a3fb61d98c516e2bbc2e6adfa056661a1c7.dex.dex" as expected
V/DexLibLoader( 2213): directory "/data/data/com.facebook.katana/app_secondary_program_dex_opt" contains "program-7cecb34308ef8d54acae00b06e3ade52d8da6d496661a1c7.dex.dex" as expected
D/DexLibLoader( 2213): directory "/data/data/com.facebook.katana/app_secondary_program_dex_opt" is valid
D/DexLibLoader( 2213): loading pre-built cross-dex opt odex files
V/dalvik-internals( 2213): hooked dvmResolveClass using jump ()
V/dalvik-internals( 2213): hooked dvmFlushBreakpoints using jump ()
V/MultiDexClassLoader( 2213): installing MultiDexClassLoader before application classloader
I/dalvikvm( 2213): Could not find method dalvik.system.DexFile.loadClassBinaryName, referenced from method com.facebook.common.dextricks.DexFileLoadOld.a
W/dalvikvm( 2213): VFY: unable to resolve virtual method 2807: Ldalvik/system/DexFile;.loadClassBinaryName (Ljava/lang/String;Ljava/lang/ClassLoader;)Ljava/lang/Class;
D/dalvikvm( 2213): VFY: replacing opcode 0x6e at 0x0000
D/DexLibLoader( 2213): released odex store lock
D/DexLibLoader( 2213): DexLibLoader.loadAll took 21 ms
D/MemoryReductionHack( 2213): Marked as initialized entry corresponding to path /data/app/com.facebook.katana-1.apk
V/dalvik-internals( 2213): hooked dvmLinearAlloc using jump ()
V/dalvik-internals( 2213): hooked dvmLinearRealloc using jump ()
V/dalvik-internals( 2213): hooked dvmLinearFree using jump ()
V/dalvik-internals( 2213): hooked dvmLinearStrdup using jump ()
V/dalvik-internals( 2213): hooked dvmLinearAllocContains using jump ()
I/dalvik-internals( 2213): enlarged linearalloc buffer to 33554432 bytes
E/cutils  (  261): Failed to mkdirat(/storage/sdcard1/Android): Read-only file system
W/Vold    (  261): Returning OperationFailed - no handler for errno 30
W/ContextImpl( 2213): Failed to ensure directory: /storage/sdcard1/Android/data/com.facebook.katana/cache
D/dalvikvm( 2213): Trying to load lib /data/app-lib/com.facebook.katana-1/libdextr.so 0x42791d08
D/dalvikvm( 2213): Added shared lib /data/app-lib/com.facebook.katana-1/libdextr.so 0x42791d08
I/Dextr   ( 2213): LogQueue params desc: IIJIIIJJ
I/ActivityManager( 1016): Process com.google.android.apps.docs (pid 2153) has died.
W/ProcessCpuTracker( 1016): Skipping unknown process pid 2232
W/ProcessCpuTracker( 1016): Skipping unknown process pid 2235
W/StaticBindingVerifier( 2213): Verify
I/dalvikvm( 2213): Could not find method com.facebook.resources.FbResources.getDrawable, referenced from method com.facebook.resources.impl.DownloadedFbResources.getDrawable
W/dalvikvm( 2213): VFY: unable to resolve virtual method 46880: Lcom/facebook/resources/FbResources;.getDrawable (ILandroid/content/res/Resources$Theme;)Landroid/graphics/drawable/Drawable;
D/dalvikvm( 2213): VFY: replacing opcode 0x6f at 0x0031
D/WifiService( 1016): New client listening to asynchronous messages
I/ActivityManager( 1016): Start proc com.google.android.partnersetup for broadcast com.google.android.partnersetup/.RlzPingBroadcastReceiver: pid=2257 uid=10025 gids={50025, 3003}
V/DeadZone( 1078): consuming errant click: (486.32455,5.071045)
I/InternalIcingCorporaPro(32378): Updating corpora: APPS=com.giftme.fb_auth, CONTACTS=MAYBE
I/ActivityManager( 1016): Start proc com.google.android.apps.docs for broadcast com.google.android.apps.docs/.receivers.AppPackageAddRemoveReceiver: pid=2282 uid=10060 gids={50060, 3003, 1028, 1015}
I/ActivityManager( 1016): Killing 1487:com.imangi.templerun2/u0a111 (adj 15): empty #9
W/ContextImpl( 1231): Calling a method in the system process without a qualified user: android.app.ContextImpl.sendBroadcast:1252 android.content.ContextWrapper.sendBroadcast:365 com.motorola.motocare.util.TriggerHelper$TriggerBuilder.send:76 com.motorola.motocare.internal.frameworkevents.ProcessKillTrigger.sendTrigger:147 com.motorola.motocare.internal.frameworkevents.ProcessKillTrigger.handleFrameworkEvent:164 
I/InternalIcingCorporaPro(32378): UpdateCorporaTask done [took 40 ms] updated apps [took 40 ms] 
I/ActivityManager( 1016): Process com.facebook.katana:dash (pid 2213) has died.
D/WifiService( 1016): Client connection lost with reason: 4
D/WifiStateMachine( 1016): handleMessage: E msg.what=131155
D/WifiStateMachine( 1016): processMsg: ConnectedState
D/WifiStateMachine( 1016): processMsg: L2ConnectedState
D/WifiStateMachine( 1016): handleMessage: X
W/ActiveOrDefaultContextProvider( 2282): Missing scope.enter somewhere. Returning default context
W/GAV2    ( 2282): Thread[main,5,main]: Need to call initialize() and be in fallback mode to start dispatch.
D/WifiStateMachine( 1016): handleMessage: E msg.what=151572
D/WifiStateMachine( 1016): processMsg: ConnectedState
D/WifiStateMachine( 1016): processMsg: L2ConnectedState
D/WifiStateMachine( 1016): handleMessage: X
D/PackageBroadcastService(30409): Received broadcast action=android.intent.action.PACKAGE_ADDED and uri=com.giftme.fb_auth
I/ActivityManager( 1016): Start proc com.imangi.templerun2 for broadcast com.imangi.templerun2/com.amazon.identity.auth.device.authorization.PackageIntentReceiver: pid=2315 uid=10111 gids={50111, 1028, 1015, 3003}
I/ConfigFetchService(30409): onStartCommand Intent { act=android.intent.action.PACKAGE_ADDED dat=package:com.giftme.fb_auth cmp=com.google.android.gms/.config.ConfigFetchService (has extras) }
I/ConfigFetchService(30409): launchTask
I/ConfigFetchService(30409): service connected
V/ConfigFetchTask(30409): ConfigFetchTask getDeviceDataVersionInfo(): ABFEt1WmXlYLzve84Xq5uWxUIn-SKBsIVWY6v4B4Ta0qnQdyJSQ9iB460rUd_TbuFOG-dY9Z3Ora_hccIxO4tDnv2Twk6b6UPoAlEnbV_wsaM1WuSHjUu8CqtEB4CG0U2e4_QwBvm_R5RKvBF13yiZtAgtsb_T8IiudvwwGqJ-Lnf1h0kr6DH5aDEdWaHfxjmDweXG4_hY52Jum0BNZ4PwFCesHoAD5aQa5RIw6b5LNMpm_vGws-W3kvWeFAinFDpjIkCmst8npupoWEQvCWSEJNgRqsoCfJA-L6muj8ozEn9JcDoHfCoQA
I/PeopleContactsSync(30409): CP2 sync disabled
D/ConfigFetchService(30409): ConfigApi connection successful.
I/GoogleURLConnFactory(30409): Using platform SSLCertificateSocketFactory
D/com.amazon.identity.auth.device.utils.MAPLog.PII( 2315): Extracting verison incremental:<obscured>
D/com.amazon.identity.auth.device.utils.MAPLog.PII( 2315): Extracting flavor:<obscured>
I/com.amazon.identity.auth.device.authorization.PackageIntentReceiver( 2315): Package Intent Received. Clearing Service Data. action=android.intent.action.PACKAGE_ADDED
I/com.amazon.identity.auth.device.authorization.ThirdPartyServiceHelper( 2315): Clearing Highest Versioned Service
I/ActivityManager( 1016): Start proc com.google.android.apps.magazines for broadcast com.google.android.apps.magazines/com.google.apps.dots.android.app.receiver.FirstInstallNotificationReceiver: pid=2341 uid=10077 gids={50077, 3003, 1028, 1015}
I/ActivityManager( 1016): Process com.google.android.apps.plus (pid 2193) has died.
D/dalvikvm(  280): GC_EXPLICIT freed 43K, 48% free 9010K/17224K, paused 1ms+2ms, total 20ms
D/dalvikvm(  280): GC_EXPLICIT freed <1K, 48% free 9010K/17224K, paused 2ms+2ms, total 18ms
V/WebViewChromiumFactoryProvider( 2341): Binding Chromium to main looper Looper (main, tid 1) {4278feb8}
I/LibraryLoader( 2341): Expected native library version number "",actual native library version number ""
I/chromium( 2341): [INFO:library_loader_hooks.cc(116)] Chromium logging enabled: level = 0, default verbosity = 0
I/BrowserStartupController( 2341): Initializing chromium process, renderers=0
E/AudioManagerAndroid( 2341): BLUETOOTH permission is missing!
D/dalvikvm(  280): GC_EXPLICIT freed <1K, 48% free 9010K/17224K, paused 1ms+3ms, total 17ms
I/Adreno-EGL( 2341): <qeglDrvAPI_eglInitialize:410>: EGL 1.4 QUALCOMM build: AU_LINUX_ANDROID_LNX.LA.3.5.1_RB1.04.04.02.048.018_msm8226_LNX.LA.3.5.1_RB1__release_AU ()
I/Adreno-EGL( 2341): OpenGL ES Shader Compiler Version: E031.24.00.08
I/Adreno-EGL( 2341): Build Date: 03/07/14 Fri
I/Adreno-EGL( 2341): Local Branch: 
I/Adreno-EGL( 2341): Remote Branch: quic/LNX.LA.3.5.1_RB1.1
I/Adreno-EGL( 2341): Local Patches: NONE
I/Adreno-EGL( 2341): Reconstruct Branch: AU_LINUX_ANDROID_LNX.LA.3.5.1_RB1.04.04.02.048.018 + f2fd134 +  NOTHING
W/chromium( 2341): [WARNING:proxy_service.cc(890)] PAC support disabled because there is no system implementation
I/ConfigFetchService(30409): fetch service done; releasing wakelock
I/ConfigFetchService(30409): stopping self
W/GAV2    ( 2341): Thread[main,5,main]: Need to call initialize() and be in fallback mode to start dispatch.
E/cutils  (  261): Failed to mkdirat(/storage/sdcard1/Android): Read-only file system
W/Vold    (  261): Returning OperationFailed - no handler for errno 30
W/ContextImpl( 2341): Failed to ensure directory: /storage/sdcard1/Android/data/com.google.android.apps.magazines/cache
W/GAV2    ( 2282): Thread[main,5,main]: dispatch call queued.  Need to call GAServiceManager.getInstance().initialize().
I/NSApplication( 2341): Starting up...
I/ActivityManager( 1016): Killing 1928:com.devexpert.weather/u0a112 (adj 15): empty #9
W/ContextImpl( 1231): Calling a method in the system process without a qualified user: android.app.ContextImpl.sendBroadcast:1252 android.content.ContextWrapper.sendBroadcast:365 com.motorola.motocare.util.TriggerHelper$TriggerBuilder.send:76 com.motorola.motocare.internal.frameworkevents.ProcessKillTrigger.sendTrigger:147 com.motorola.motocare.internal.frameworkevents.ProcessKillTrigger.handleFrameworkEvent:164 
E/NetworkScheduler.SchedulerReceiver(30376): Invalid parameter app
E/NetworkScheduler.SchedulerReceiver(30376): Invalid package name : Perhaps you didn't include a PendingIntent in the extras?
D/PackageBroadcastService(30409): Received broadcast action=android.intent.action.PACKAGE_REPLACED and uri=com.giftme.fb_auth
I/ActivityManager( 1016): START u0 {act=android.intent.action.MAIN cat=[android.intent.category.LAUNCHER] flg=0x10000000 pkg=com.giftme.fb_auth cmp=com.giftme.fb_auth/.FB_Auth} from pid 1200
I/PeopleContactsSync(30409): CP2 sync disabled
W/ContextImpl( 1231): Calling a method in the system process without a qualified user: android.app.ContextImpl.sendBroadcast:1252 android.content.ContextWrapper.sendBroadcast:365 com.motorola.motocare.util.TriggerHelper$TriggerBuilder.send:76 com.motorola.motocare.internal.frameworkevents.PauseResumeTrigger.handleFrameworkEvent:53 com.motorola.motocare.internal.frameworkevents.FwEventMonitor$FrameworkListener.processFrameworkEvent:114 
I/ActivityManager( 1016): Start proc com.giftme.fb_auth for activity com.giftme.fb_auth/.FB_Auth: pid=2387 uid=10106 gids={50106, 3003, 1028, 1015}
I/dalvikvm( 2387): Enabling JNI app bug workarounds for target SDK version 7...
W/ContextImpl( 1231): Calling a method in the system process without a qualified user: android.app.ContextImpl.sendBroadcast:1252 android.content.ContextWrapper.sendBroadcast:365 com.motorola.motocare.util.TriggerHelper$TriggerBuilder.send:76 com.motorola.motocare.internal.frameworkevents.PauseResumeTrigger.handleFrameworkEvent:53 com.motorola.motocare.internal.frameworkevents.FwEventMonitor$FrameworkListener.processFrameworkEvent:114 
I/ActivityManager( 1016): Process com.google.android.apps.docs (pid 2282) has died.
I/CordovaLog( 2387): Changing log level to DEBUG(3)
D/CordovaActivity( 2387): CordovaActivity.init()
V/PhoneStatusBar( 1078): setLightsOn(true)
I/dalvikvm( 2387): Could not find method android.webkit.CookieManager.setAcceptThirdPartyCookies, referenced from method org.apache.cordova.CordovaWebView.initWebViewSettings
W/dalvikvm( 2387): VFY: unable to resolve virtual method 6163: Landroid/webkit/CookieManager;.setAcceptThirdPartyCookies (Landroid/webkit/WebView;Z)V
D/dalvikvm( 2387): VFY: replacing opcode 0x6e at 0x002a
V/WebViewChromiumFactoryProvider( 2387): Binding Chromium to main looper Looper (main, tid 1) {427858b0}
I/LibraryLoader( 2387): Expected native library version number "",actual native library version number ""
I/chromium( 2387): [INFO:library_loader_hooks.cc(116)] Chromium logging enabled: level = 0, default verbosity = 0
I/BrowserStartupController( 2387): Initializing chromium process, renderers=0
E/AudioManagerAndroid( 2387): BLUETOOTH permission is missing!
I/Adreno-EGL( 2387): <qeglDrvAPI_eglInitialize:410>: EGL 1.4 QUALCOMM build: AU_LINUX_ANDROID_LNX.LA.3.5.1_RB1.04.04.02.048.018_msm8226_LNX.LA.3.5.1_RB1__release_AU ()
I/Adreno-EGL( 2387): OpenGL ES Shader Compiler Version: E031.24.00.08
I/Adreno-EGL( 2387): Build Date: 03/07/14 Fri
I/Adreno-EGL( 2387): Local Branch: 
I/Adreno-EGL( 2387): Remote Branch: quic/LNX.LA.3.5.1_RB1.1
I/Adreno-EGL( 2387): Local Patches: NONE
I/Adreno-EGL( 2387): Reconstruct Branch: AU_LINUX_ANDROID_LNX.LA.3.5.1_RB1.04.04.02.048.018 + f2fd134 +  NOTHING
