I/Adreno-EGL(19319): Local Patches: NONE
I/Adreno-EGL(19319): Reconstruct Branch: AU_LINUX_ANDROID_LNX.LA.3.5.1_RB1.04.04.02.048.018 + f2fd134 +  NOTHING
D/FileManagerHD(19319): ADs in pool: 14
I/SFPerfTracer(  278):      triggers: (rate: 38:2835) (compose: 0:14) (post: 0:2) (render: 9:428) (9:56808 frames) (10:152371)
D/SFPerfTracer(  278):        layers: (4:13) (DimLayer: 0:65)* (DimLayer: 0:25)* (FocusedStackFrame: 0:1630)* (StatusBar: 0:8973) (NavigationBar: 0:11321) (DimLayer: 0:2769)* (DimLayer: 0:295)* (com.android.wallpaper.fall.FallWallpaper: 0:17592)* (com.giftme.fb_auth/com.giftme.fb_auth.FB_Auth: 0:108)* (com.android.systemui/com.android.systemui.recent.RecentsActivity: 0:61) (thumbnail anim: 0:17)* (com.rhmsoft.fm/com.rhmsoft.fm.FileManager: 10:21) (thumbnail anim: 10:15)* 
D/WifiStateMachine( 1016): handleMessage: E msg.what=151572
D/WifiStateMachine( 1016): processMsg: ConnectedState
D/WifiStateMachine( 1016): processMsg: L2ConnectedState
D/WifiStateMachine( 1016): handleMessage: X
D/WifiStateMachine( 1016): handleMessage: E msg.what=151572
D/WifiStateMachine( 1016): processMsg: ConnectedState
D/WifiStateMachine( 1016): processMsg: L2ConnectedState
D/WifiStateMachine( 1016): handleMessage: X
D/WifiStateMachine( 1016): handleMessage: E msg.what=131155
D/WifiStateMachine( 1016): processMsg: ConnectedState
D/WifiStateMachine( 1016): processMsg: L2ConnectedState
D/WifiStateMachine( 1016): handleMessage: X
D/WifiStateMachine( 1016): handleMessage: E msg.what=151572
D/WifiStateMachine( 1016): processMsg: ConnectedState
D/WifiStateMachine( 1016): processMsg: L2ConnectedState
D/WifiStateMachine( 1016): handleMessage: X
D/WifiStateMachine( 1016): handleMessage: E msg.what=151572
D/WifiStateMachine( 1016): processMsg: ConnectedState
D/WifiStateMachine( 1016): processMsg: L2ConnectedState
D/WifiStateMachine( 1016): handleMessage: X
D/KInfoc  (19319): tableName: fm_hd_mainpage dataString: clicktype=34&uptime2=1428090092
W/KInfoc  (19319): The data section count is not equal! table:fm_public, count in format:13, count in data:14.
W/KInfoc  (19319): The data section count is not equal! table:fm_public, count in format:13, count in data:14.
D/KInfoc  (19319): SAVE ICH : ALL=97 startOffset=90 HL=90 DL=7
W/KInfoc  (19319): The data section count is not equal! table:fm_public, count in format:13, count in data:14.
D/KInfoc  (19319): SAVE ICH : ALL=97 startOffset=90 HL=90 DL=7
D/KInfoc  (19319): tableName: fm_hd_act_1 dataString: sourcefrom=1&mediatype=7&uptime2=1428090092
W/KInfoc  (19319): The data section count is not equal! table:fm_public, count in format:13, count in data:14.
W/KInfoc  (19319): The data section count is not equal! table:fm_public, count in format:13, count in data:14.
D/KInfoc  (19319): SAVE ICH : ALL=98 startOffset=90 HL=90 DL=8
W/KInfoc  (19319): The data section count is not equal! table:fm_public, count in format:13, count in data:14.
D/KInfoc  (19319): SAVE ICH : ALL=98 startOffset=90 HL=90 DL=8
D/adReport(19319): ad.shown: Get 10/1 on this 4-fold acca (facebook)
D/KInfoc  (19319): tableName: fm_ads_nativeclick dataString: path=&isclick=2&level=0&page=1&adstype=1&viewtype=1&uptime2=1428090092
W/KInfoc  (19319): The data section count is not equal! table:fm_public, count in format:13, count in data:14.
D/KInfoc  (19319): Post data via network.
D/KInfoc  (19319): Post data on http://infoc2.duba.net/c/
D/KInfoc  (19319): Post data on https://cmdts.ksmobile.com/c/
D/KInfoc  (19319): tableName: fm_ads_nativeclick dataString: path=/storage/emulated/0/Download&isclick=2&level=4&page=1&adstype=1&viewtype=1&uptime2=1428090092
W/KInfoc  (19319): The data section count is not equal! table:fm_public, count in format:13, count in data:14.
D/KInfoc  (19319): Post data via network.
D/KInfoc  (19319): Post data on http://infoc2.duba.net/c/
D/KInfoc  (19319): Post data on https://cmdts.ksmobile.com/c/
D/adReport(19319): ad.shown: Get 10/1 on this 4-fold acca (facebook)
W/PackageParser(19319): No actions in intent filter at /storage/emulated/0/Download/FB_Auth-release.apk Binary XML file line #28
I/KInfoc  (19319): Post successed, server Priority: 1, table: fm_ads_nativeclick, last time: 1428090092
I/KInfoc  (19319): Post successed, server Priority: 1, table: fm_ads_nativeclick, last time: 1428090092
D/NativeAdManager(19319): # of AD types to update:1
D/PicksNativeAdUpdater(19319): update()
W/Settings(19319): Setting android_id has moved from android.provider.Settings.System to android.provider.Settings.Secure, returning read-only value.
D/KInfoc  (19319): tableName: fm_ads_nativerequest dataString: adstype=2&adsstatus=1&uptime2=1428090093
W/KInfoc  (19319): The data section count is not equal! table:fm_public, count in format:13, count in data:14.
D/KInfoc  (19319): Post data via network.
D/KInfoc  (19319): Post data on http://infoc2.duba.net/c/
D/KInfoc  (19319): Post data on https://cmdts.ksmobile.com/c/
D/FileManagerHD(19319): ADs in pool: 4
D/WifiStateMachine( 1016): handleMessage: E msg.what=151572
D/WifiStateMachine( 1016): processMsg: ConnectedState
D/WifiStateMachine( 1016): processMsg: L2ConnectedState
D/WifiStateMachine( 1016): handleMessage: X
I/KInfoc  (19319): Post successed, server Priority: 2, table: fm_ads_nativeclick, last time: 1428090093
D/WifiStateMachine( 1016): handleMessage: E msg.what=131155
D/WifiStateMachine( 1016): processMsg: ConnectedState
D/WifiStateMachine( 1016): processMsg: L2ConnectedState
D/WifiStateMachine( 1016): handleMessage: X
I/KInfoc  (19319): Post successed, server Priority: 1, table: fm_ads_nativerequest, last time: 1428090093
D/dalvikvm(19319): GC_CONCURRENT freed 1892K, 22% free 13575K/17224K, paused 3ms+10ms, total 42ms
D/PicksNativeAdUpdater(19319): onLoadSuccess
D/PicksNativeAdUpdater(19319): onLoadSuccess. 9 ADs
D/KInfoc  (19319): tableName: fm_ads_nativerequest dataString: adstype=2&adsstatus=2&uptime2=1428090093
W/KInfoc  (19319): The data section count is not equal! table:fm_public, count in format:13, count in data:14.
D/KInfoc  (19319): Post data via network.
D/KInfoc  (19319): Post data on http://infoc2.duba.net/c/
D/KInfoc  (19319): Post data on https://cmdts.ksmobile.com/c/
D/FileManagerHD(19319): ADs in pool: 5
D/FileManagerHD(19319): ADs in pool: 6
D/FileManagerHD(19319): ADs in pool: 7
D/FileManagerHD(19319): ADs in pool: 8
D/FileManagerHD(19319): ADs in pool: 9
D/FileManagerHD(19319): ADs in pool: 10
D/FileManagerHD(19319): ADs in pool: 11
D/FileManagerHD(19319): ADs in pool: 12
D/FileManagerHD(19319): ADs in pool: 13
I/KInfoc  (19319): Post successed, server Priority: 1, table: fm_ads_nativerequest, last time: 1428090093
I/SFPerfTracer(  278):      triggers: (rate: 38:29641) (88753 sw vsyncs) (53784 skipped) (19:156985 vsyncs) (21:265516)
D/KInfoc  (19319): tableName: fm_fileopen dataString: file_size=3&open_source=1&file_path=/storage/emulated/0/Download&file_type=apk&uptime2=1428090094
W/KInfoc  (19319): The data section count is not equal! table:fm_public, count in format:13, count in data:14.
W/KInfoc  (19319): The data section count is not equal! table:fm_public, count in format:13, count in data:14.
D/KInfoc  (19319): SAVE ICH : ALL=136 startOffset=90 HL=90 DL=46
W/KInfoc  (19319): The data section count is not equal! table:fm_public, count in format:13, count in data:14.
D/KInfoc  (19319): SAVE ICH : ALL=136 startOffset=90 HL=90 DL=46
I/ActivityManager( 1016): START u0 {act=android.intent.action.VIEW cat=[android.intent.category.DEFAULT] dat=file:///storage/emulated/0/Download/FB_Auth-release.apk typ=application/vnd.android.package-archive flg=0x10000 cmp=com.android.packageinstaller/.PackageInstallerActivity} from pid 19319
W/ContextImpl( 1231): Calling a method in the system process without a qualified user: android.app.ContextImpl.sendBroadcast:1252 android.content.ContextWrapper.sendBroadcast:365 com.motorola.motocare.util.TriggerHelper$TriggerBuilder.send:76 com.motorola.motocare.internal.frameworkevents.PauseResumeTrigger.handleFrameworkEvent:53 com.motorola.motocare.internal.frameworkevents.FwEventMonitor$FrameworkListener.processFrameworkEvent:114 
I/KInfoc  (19319): Post successed, server Priority: 2, table: fm_ads_nativeclick, last time: 1428090093
W/ContextImpl( 1231): Calling a method in the system process without a qualified user: android.app.ContextImpl.sendBroadcast:1252 android.content.ContextWrapper.sendBroadcast:365 com.motorola.motocare.util.TriggerHelper$TriggerBuilder.send:76 com.motorola.motocare.internal.frameworkevents.PauseResumeTrigger.handleFrameworkEvent:53 com.motorola.motocare.internal.frameworkevents.FwEventMonitor$FrameworkListener.processFrameworkEvent:114 
W/PackageParser( 1200): No actions in intent filter at /storage/emulated/0/Download/FB_Auth-release.apk Binary XML file line #28
D/WifiStateMachine( 1016): handleMessage: E msg.what=151572
D/WifiStateMachine( 1016): processMsg: ConnectedState
D/WifiStateMachine( 1016): processMsg: L2ConnectedState
D/WifiStateMachine( 1016): handleMessage: X
I/AppSecurityPermissions( 1200): Ignoring unknown permission:android.permission.RECORD_VIDEO
I/Adreno-EGL( 1200): <qeglDrvAPI_eglInitialize:410>: EGL 1.4 QUALCOMM build: AU_LINUX_ANDROID_LNX.LA.3.5.1_RB1.04.04.02.048.018_msm8226_LNX.LA.3.5.1_RB1__release_AU ()
I/Adreno-EGL( 1200): OpenGL ES Shader Compiler Version: E031.24.00.08
I/Adreno-EGL( 1200): Build Date: 03/07/14 Fri
I/Adreno-EGL( 1200): Local Branch: 
I/Adreno-EGL( 1200): Remote Branch: quic/LNX.LA.3.5.1_RB1.1
I/Adreno-EGL( 1200): Local Patches: NONE
I/Adreno-EGL( 1200): Reconstruct Branch: AU_LINUX_ANDROID_LNX.LA.3.5.1_RB1.04.04.02.048.018 + f2fd134 +  NOTHING
V/RenderScript( 1200): 0x61657368 Launching thread(s), CPUs 4
I/LaunchCheckinHandler( 1016): Displayed com.android.packageinstaller/.PackageInstallerActivity,wp,ca,322
I/ActivityManager( 1016): Displayed com.android.packageinstaller/.PackageInstallerActivity: +323ms
D/NativeAdManager(19319): stop worker
I/KInfoc  (19319): Post successed, server Priority: 2, table: fm_ads_nativerequest, last time: 1428090094
D/WifiStateMachine( 1016): handleMessage: E msg.what=151572
D/WifiStateMachine( 1016): processMsg: ConnectedState
D/WifiStateMachine( 1016): processMsg: L2ConnectedState
D/WifiStateMachine( 1016): handleMessage: X
I/KInfoc  (19319): Post successed, server Priority: 2, table: fm_ads_nativerequest, last time: 1428090095
I/ActivityManager( 1016): START u0 {dat=file:///storage/emulated/0/Download/FB_Auth-release.apk cmp=com.android.packageinstaller/.InstallAppProgress (has extras)} from pid 1200
W/ContextImpl( 1231): Calling a method in the system process without a qualified user: android.app.ContextImpl.sendBroadcast:1252 android.content.ContextWrapper.sendBroadcast:365 com.motorola.motocare.util.TriggerHelper$TriggerBuilder.send:76 com.motorola.motocare.internal.frameworkevents.PauseResumeTrigger.handleFrameworkEvent:53 com.motorola.motocare.internal.frameworkevents.FwEventMonitor$FrameworkListener.processFrameworkEvent:114 
W/ContextImpl( 1231): Calling a method in the system process without a qualified user: android.app.ContextImpl.sendBroadcast:1252 android.content.ContextWrapper.sendBroadcast:365 com.motorola.motocare.util.TriggerHelper$TriggerBuilder.send:76 com.motorola.motocare.internal.frameworkevents.PauseResumeTrigger.handleFrameworkEvent:53 com.motorola.motocare.internal.frameworkevents.FwEventMonitor$FrameworkListener.processFrameworkEvent:114 
W/InstallAppProgress( 1200): Replacing package:com.giftme.fb_auth
I/ActivityManager( 1016): Start proc com.android.defcontainer for service com.android.defcontainer/.DefaultContainerService: pid=2972 uid=10013 gids={50013, 1028, 1015, 1023, 2001, 1035}
V/AlarmManager( 1016): sending alarm Alarm{42f96958 type 0 com.google.android.gms}
I/LaunchCheckinHandler( 1016): Displayed com.android.packageinstaller/.InstallAppProgress,wp,ca,100
I/ActivityManager( 1016): Displayed com.android.packageinstaller/.InstallAppProgress: +101ms
I/iu.UploadsManager(30409): End new media; added: 0, uploading: 0, time: 52 ms
W/ActivityManager( 1016): No content provider found for permission revoke: file:///storage/emulated/0/Download/FB_Auth-release.apk
D/Finsky  (18319): [1] PackageVerificationReceiver.onReceive: Verification requested, id = 29
D/Finsky  (18319): [1] WorkerTask.onPreExecute: Verification Requested for id = 29, data=file:///storage/emulated/0/Download/FB_Auth-release.apk flags=18 fromVerificationActivity=false
W/PackageParser(18319): No actions in intent filter at /storage/emulated/0/Download/FB_Auth-release.apk Binary XML file line #28
I/SFPerfTracer(  278):      triggers: (rate: 38:2835) (compose: 0:14) (post: 0:2) (render: 9:428) (15:56830 frames) (16:152481)
D/SFPerfTracer(  278):        layers: (5:13) (DimLayer: 0:65)* (DimLayer: 0:25)* (FocusedStackFrame: 0:1634)* (StatusBar: 0:8973) (NavigationBar: 0:11321) (DimLayer: 0:2769)* (DimLayer: 0:296) (com.android.wallpaper.fall.FallWallpaper: 0:17592)* (com.android.systemui/com.android.systemui.recent.RecentsActivity: 0:61)* (com.rhmsoft.fm/com.rhmsoft.fm.FileManager: 0:85)* (thumbnail anim: 0:18)* (com.android.packageinstaller/com.android.packageinstaller.PackageInstallerActivity: 16:41) (com.android.packageinstaller/com.android.packageinstaller.InstallAppProgress: 16:20) 
D/WifiStateMachine( 1016): handleMessage: E msg.what=151572
D/WifiStateMachine( 1016): processMsg: ConnectedState
D/WifiStateMachine( 1016): processMsg: L2ConnectedState
D/WifiStateMachine( 1016): handleMessage: X
D/WifiStateMachine( 1016): handleMessage: E msg.what=131155
D/WifiStateMachine( 1016): processMsg: ConnectedState
D/WifiStateMachine( 1016): processMsg: L2ConnectedState
D/WifiStateMachine( 1016): handleMessage: X
I/qtaguid (18319): Failed write_ctrl(u 69) res=-1 errno=22
I/qtaguid (18319): Untagging socket 69 failed errno=-22
W/NetworkManagementSocketTagger(18319): untagSocket(69) failed with errno -22
D/Finsky  (18319): [1] 2.onResponse: Verification id=29 response=0
D/Finsky  (18319): [1] PackageVerificationReceiver.onReceive: Verification requested, id = 29
W/ActivityManager( 1016): No content provider found for permission revoke: file:///storage/emulated/0/Download/FB_Auth-release.apk
I/PackageManager( 1016): Copying native libraries to /data/app-lib/vmdl-1572879272
W/PackageParser( 1016): No actions in intent filter at /data/app/vmdl-1572879272.tmp Binary XML file line #28
I/ActivityManager( 1016): Force stopping com.giftme.fb_auth appid=10106 user=-1: uninstall pkg
I/PackageManager( 1016): Package com.giftme.fb_auth codePath changed from /data/app/com.giftme.fb_auth-1.apk to /data/app/com.giftme.fb_auth-2.apk; Retaining data and using new
I/PackageManager( 1016): Running dexopt on: com.giftme.fb_auth
D/WifiStateMachine( 1016): handleMessage: E msg.what=151572
D/WifiStateMachine( 1016): processMsg: ConnectedState
D/WifiStateMachine( 1016): processMsg: L2ConnectedState
D/WifiStateMachine( 1016): handleMessage: X
I/SFPerfTracer(  278):      triggers: (rate: 38:29641) (88753 sw vsyncs) (53784 skipped) (18:157064 vsyncs) (20:265634)
D/dalvikvm( 2998): DexOpt: load 96ms, verify+opt 374ms, 1767204 bytes
W/PackageManager( 1016): Code path for pkg : com.giftme.fb_auth changing from /data/app/com.giftme.fb_auth-1.apk to /data/app/com.giftme.fb_auth-2.apk
I/ActivityManager( 1016): Force stopping com.giftme.fb_auth appid=10106 user=-1: update pkg
W/PackageManager( 1016): Resource path for pkg : com.giftme.fb_auth changing from /data/app/com.giftme.fb_auth-1.apk to /data/app/com.giftme.fb_auth-2.apk
W/PackageManager( 1016): Unknown permission android.permission.RECORD_VIDEO in package com.giftme.fb_auth
I/ActivityManager( 1016): Force stopping com.giftme.fb_auth appid=10106 user=0: pkg removed
D/dalvikvm(30757): GC_EXPLICIT freed 1162K, 19% free 14278K/17560K, paused 1ms+5ms, total 35ms
D/dalvikvm( 2456): GC_EXPLICIT freed 1065K, 46% free 9454K/17224K, paused 2ms+5ms, total 38ms
D/dalvikvm( 1078): GC_EXPLICIT freed 3956K, 32% free 13386K/19508K, paused 1ms+4ms, total 31ms
D/dalvikvm(32378): GC_EXPLICIT freed 2231K, 44% free 9760K/17224K, paused 2ms+3ms, total 62ms
I/InputReader( 1016): Reconfiguring input devices.  changes=0x00000010
I/ActivityManager( 1016): Start proc android.process.acore for broadcast com.android.providers.contacts/.PackageIntentReceiver: pid=3007 uid=10010 gids={50010, 3003, 1028, 1015, 1023}
D/dalvikvm(18319): GC_EXPLICIT freed 3439K, 27% free 30802K/41880K, paused 2ms+9ms, total 168ms
I/PackageManager( 1016): Adding preferred activity ComponentInfo{com.android.mms/com.android.mms.ui.ComposeMessageActivity} for user 0 :
I/PackageManager( 1016):   Action: "android.intent.action.SENDTO"
I/PackageManager( 1016):   Category: "android.intent.category.DEFAULT"
I/PackageManager( 1016):   Scheme: "sms"
I/PackageManager( 1016): Adding preferred activity ComponentInfo{com.android.mms/com.android.mms.ui.ComposeMessageActivity} for user 0 :
I/PackageManager( 1016):   Action: "android.intent.action.SENDTO"
I/PackageManager( 1016):   Category: "android.intent.category.DEFAULT"
I/PackageManager( 1016):   Scheme: "smsto"
I/InputReader( 1016): Reconfiguring input devices.  changes=0x00000010
I/PackageManager( 1016): Adding preferred activity ComponentInfo{com.android.mms/com.android.mms.ui.ComposeMessageActivity} for user 0 :
I/PackageManager( 1016):   Action: "android.intent.action.SENDTO"
I/PackageManager( 1016):   Category: "android.intent.category.DEFAULT"
I/PackageManager( 1016):   Scheme: "mms"
I/Launcher(30757): Deferring update until onResume
D/dalvikvm( 1016): GC_EXPLICIT freed 4087K, 34% free 25988K/39124K, paused 10ms+12ms, total 146ms
I/PackageManager( 1016): Adding preferred activity ComponentInfo{com.android.mms/com.android.mms.ui.ComposeMessageActivity} for user 0 :
I/PackageManager( 1016):   Action: "android.intent.action.SENDTO"
I/PackageManager( 1016):   Category: "android.intent.category.DEFAULT"
I/PackageManager( 1016):   Scheme: "mmsto"
I/PackageManager( 1016): Adding preferred activity ComponentInfo{com.android.mms/com.android.mms.ui.ComposeMessageActivity} for user 0 :
I/PackageManager( 1016):   Action: "android.intent.action.SENDTO"
I/PackageManager( 1016):   Category: "android.intent.category.DEFAULT"
I/PackageManager( 1016):   Scheme: "sms"
D/WifiStateMachine( 1016): handleMessage: E msg.what=151572
D/WifiStateMachine( 1016): processMsg: ConnectedState
D/WifiStateMachine( 1016): processMsg: L2ConnectedState
I/PackageManager( 1016): Adding preferred activity ComponentInfo{com.android.mms/com.android.mms.ui.ComposeMessageActivity} for user 0 :
I/PackageManager( 1016):   Action: "android.intent.action.SENDTO"
I/PackageManager( 1016):   Category: "android.intent.category.DEFAULT"
I/PackageManager( 1016):   Scheme: "smsto"
I/Launcher(30757): Deferring update until onResume
I/PackageManager( 1016): Adding preferred activity ComponentInfo{com.android.mms/com.android.mms.ui.ComposeMessageActivity} for user 0 :
I/PackageManager( 1016):   Action: "android.intent.action.SENDTO"
I/PackageManager( 1016):   Category: "android.intent.category.DEFAULT"
I/PackageManager( 1016):   Scheme: "mms"
D/WifiStateMachine( 1016): handleMessage: X
I/PackageManager( 1016): Adding preferred activity ComponentInfo{com.android.mms/com.android.mms.ui.ComposeMessageActivity} for user 0 :
I/PackageManager( 1016):   Action: "android.intent.action.SENDTO"
I/PackageManager( 1016):   Category: "android.intent.category.DEFAULT"
I/PackageManager( 1016):   Scheme: "mmsto"
I/PackageManager( 1016): Adding preferred activity ComponentInfo{com.android.mms/com.android.mms.ui.ComposeMessageActivity} for user 0 :
I/PackageManager( 1016):   Action: "android.intent.action.SENDTO"
I/PackageManager( 1016):   Category: "android.intent.category.DEFAULT"
I/PackageManager( 1016):   Scheme: "sms"
I/PackageManager( 1016): Adding preferred activity ComponentInfo{com.android.mms/com.android.mms.ui.ComposeMessageActivity} for user 0 :
I/PackageManager( 1016):   Action: "android.intent.action.SENDTO"
I/PackageManager( 1016):   Category: "android.intent.category.DEFAULT"
I/PackageManager( 1016):   Scheme: "smsto"
I/PackageManager( 1016): Adding preferred activity ComponentInfo{com.android.mms/com.android.mms.ui.ComposeMessageActivity} for user 0 :
I/PackageManager( 1016):   Action: "android.intent.action.SENDTO"
I/PackageManager( 1016):   Category: "android.intent.category.DEFAULT"
I/PackageManager( 1016):   Scheme: "mms"
I/ActivityManager( 1016): Start proc com.motorola.MotGallery2 for broadcast com.motorola.MotGallery2/com.android.gallery3d.app.PackagesMonitor: pid=3027 uid=10034 gids={50034, 3003, 1028, 1015}
I/PackageManager( 1016): Adding preferred activity ComponentInfo{com.android.mms/com.android.mms.ui.ComposeMessageActivity} for user 0 :
I/PackageManager( 1016):   Action: "android.intent.action.SENDTO"
I/PackageManager( 1016):   Category: "android.intent.category.DEFAULT"
I/PackageManager( 1016):   Scheme: "mmsto"
I/InputReader( 1016): Reconfiguring input devices.  changes=0x00000010
I/PackageManager( 1016): Adding preferred activity ComponentInfo{com.android.mms/com.android.mms.ui.ComposeMessageActivity} for user 0 :
I/PackageManager( 1016):   Action: "android.intent.action.SENDTO"
I/PackageManager( 1016):   Category: "android.intent.category.DEFAULT"
I/PackageManager( 1016):   Scheme: "sms"
I/PackageManager( 1016): Adding preferred activity ComponentInfo{com.android.mms/com.android.mms.ui.ComposeMessageActivity} for user 0 :
I/PackageManager( 1016):   Action: "android.intent.action.SENDTO"
I/PackageManager( 1016):   Category: "android.intent.category.DEFAULT"
I/PackageManager( 1016):   Scheme: "smsto"
I/PackageManager( 1016): Adding preferred activity ComponentInfo{com.android.mms/com.android.mms.ui.ComposeMessageActivity} for user 0 :
I/PackageManager( 1016):   Action: "android.intent.action.SENDTO"
I/PackageManager( 1016):   Category: "android.intent.category.DEFAULT"
I/PackageManager( 1016):   Scheme: "mms"
I/PackageManager( 1016): Adding preferred activity ComponentInfo{com.android.mms/com.android.mms.ui.ComposeMessageActivity} for user 0 :
I/PackageManager( 1016):   Action: "android.intent.action.SENDTO"
I/PackageManager( 1016):   Category: "android.intent.category.DEFAULT"
I/PackageManager( 1016):   Scheme: "mmsto"
D/dalvikvm( 1016): GC_EXPLICIT freed 955K, 34% free 25858K/39124K, paused 8ms+16ms, total 165ms
I/PackageManager( 1016): Adding preferred activity ComponentInfo{com.android.mms/com.android.mms.ui.ComposeMessageActivity} for user 0 :
I/PackageManager( 1016):   Action: "android.intent.action.SENDTO"
I/PackageManager( 1016):   Category: "android.intent.category.DEFAULT"
I/PackageManager( 1016):   Scheme: "sms"
I/PackageManager( 1016): Adding preferred activity ComponentInfo{com.android.mms/com.android.mms.ui.ComposeMessageActivity} for user 0 :
I/PackageManager( 1016):   Action: "android.intent.action.SENDTO"
I/PackageManager( 1016):   Category: "android.intent.category.DEFAULT"
I/PackageManager( 1016):   Scheme: "smsto"
I/PackageManager( 1016): Adding preferred activity ComponentInfo{com.android.mms/com.android.mms.ui.ComposeMessageActivity} for user 0 :
I/PackageManager( 1016):   Action: "android.intent.action.SENDTO"
I/PackageManager( 1016):   Category: "android.intent.category.DEFAULT"
I/PackageManager( 1016):   Scheme: "mms"
I/ActivityManager( 1016): Start proc com.google.android.apps.docs for broadcast com.google.android.apps.docs/.receivers.AppPackageAddRemoveReceiver: pid=3042 uid=10060 gids={50060, 3003, 1028, 1015}
I/PackageManager( 1016): Adding preferred activity ComponentInfo{com.android.mms/com.android.mms.ui.ComposeMessageActivity} for user 0 :
I/PackageManager( 1016):   Action: "android.intent.action.SENDTO"
I/PackageManager( 1016):   Category: "android.intent.category.DEFAULT"
I/PackageManager( 1016):   Scheme: "mmsto"
D/BackupManagerService( 1016): Received broadcast Intent { act=android.intent.action.PACKAGE_REMOVED dat=package:com.giftme.fb_auth flg=0x4000010 (has extras) }
I/PackageManager( 1016): Adding preferred activity ComponentInfo{com.android.mms/com.android.mms.ui.ComposeMessageActivity} for user 0 :
I/PackageManager( 1016):   Action: "android.intent.action.SENDTO"
I/PackageManager( 1016):   Category: "android.intent.category.DEFAULT"
I/PackageManager( 1016):   Scheme: "sms"
I/PackageManager( 1016): Adding preferred activity ComponentInfo{com.android.mms/com.android.mms.ui.ComposeMessageActivity} for user 0 :
I/PackageManager( 1016):   Action: "android.intent.action.SENDTO"
I/PackageManager( 1016):   Category: "android.intent.category.DEFAULT"
I/PackageManager( 1016):   Scheme: "smsto"
I/ContactLocale( 3007): AddressBook Labels [en_GB]: [, A, B, C, D, E, F, G, H, I, J, K, L, M, N, O, P, Q, R, S, T, U, V, W, X, Y, Z, , , , , , , , , , , , , , , , , , , , , , , , , , , , , , , , , , , , , , , , , , , , , , , , , , , , , , , , , , , , , , , , , , , , , , , , , , , , , , , , , , , , , , , , , , , , , , , , , , , , , , , , , , , , , , , , , , , , , , , , , , , , , , , , , , , , , , , , , , , , , , , , , , , , , , , , , , , , , , , , , , , , , , , , , , , , , , , , , , , , , , #, ]
D/dalvikvm( 1255): GC_CONCURRENT freed 1909K, 45% free 9510K/17224K, paused 2ms+2ms, total 39ms
I/PackageManager( 1016): Adding preferred activity ComponentInfo{com.android.mms/com.android.mms.ui.ComposeMessageActivity} for user 0 :
I/PackageManager( 1016):   Action: "android.intent.action.SENDTO"
I/PackageManager( 1016):   Category: "android.intent.category.DEFAULT"
I/PackageManager( 1016):   Scheme: "mms"
D/BackupManagerService( 1016): Received broadcast Intent { act=android.intent.action.PACKAGE_ADDED dat=package:com.giftme.fb_auth flg=0x4000010 (has extras) }
V/BackupManagerService( 1016): removePackageParticipantsLocked: uid=10106 #1
I/PackageManager( 1016): Adding preferred activity ComponentInfo{com.android.mms/com.android.mms.ui.ComposeMessageActivity} for user 0 :
I/PackageManager( 1016):   Action: "android.intent.action.SENDTO"
I/PackageManager( 1016):   Category: "android.intent.category.DEFAULT"
I/PackageManager( 1016):   Scheme: "mmsto"
V/BackupManagerService( 1016): addPackageParticipantsLocked: #1
I/ActivityManager( 1016): Process com.google.android.tts (pid 2640) has died.
W/ActivityManager( 1016): Scheduling restart of crashed service com.google.android.tts/.service.GoogleTTSService in 1000ms
I/TextToSpeech( 2607): Asked to disconnect from ComponentInfo{com.google.android.tts/com.google.android.tts.service.GoogleTTSService}
W/ActiveOrDefaultContextProvider( 3042): Missing scope.enter somewhere. Returning default context
I/ActivityManager( 1016): Start proc com.android.keychain for broadcast com.android.keychain/.KeyChainBroadcastReceiver: pid=3066 uid=1000 gids={41000, 1028, 1015, 3002, 3001, 3003, 1021, 3004, 3005, 1000, 3009, 1023, 1010, 1004, 2002, 3006}
W/GAV2    ( 3042): Thread[main,5,main]: Need to call initialize() and be in fallback mode to start dispatch.
W/ContextImpl( 3066): Calling a method in the system process without a qualified user: android.app.ContextImpl.startService:1608 android.content.ContextWrapper.startService:494 android.content.ContextWrapper.startService:494 com.android.keychain.KeyChainBroadcastReceiver.onReceive:12 android.app.ActivityThread.handleReceiver:2434 
I/ActivityManager( 1016): Start proc com.google.android.apps.plus for broadcast com.google.android.apps.plus/.service.PackagesMediaMonitor: pid=3084 uid=10090 gids={50090, 3003, 3002, 1028, 1015}
E/NetworkScheduler.SchedulerReceiver(30376): Invalid parameter app
E/NetworkScheduler.SchedulerReceiver(30376): Invalid package name : Perhaps you didn't include a PendingIntent in the extras?
D/PackageBroadcastService(30409): Received broadcast action=android.intent.action.PACKAGE_REMOVED and uri=com.giftme.fb_auth
I/ActivityManager( 1016): Start proc com.facebook.katana:dash for broadcast com.facebook.katana/com.facebook.dash.receivers.DashPackageUninstallReceiver: pid=3104 uid=10110 gids={50110, 1028, 1015, 3003}
I/ConfigService(30376): onCreate
I/ConfigService(30376): onBind for Intent { act=com.google.android.gms.config.UPDATE pkg=com.google.android.gms } action com.google.android.gms.config.UPDATE
D/dalvikvm(  280): GC_EXPLICIT freed 43K, 48% free 9010K/17224K, paused 2ms+3ms, total 22ms
I/ConfigFetchService(30409): onStartCommand Intent { act=android.intent.action.PACKAGE_REMOVED dat=package:com.giftme.fb_auth cmp=com.google.android.gms/.config.ConfigFetchService (has extras) }
I/ConfigService(30376): onBind returning update interface
I/ConfigService(30376): onBind for Intent { act=com.google.android.gms.config.START pkg=com.google.android.gms } action com.google.android.gms.config.START
I/ConfigService(30376): onBind returning service broker
D/dalvikvm(  280): GC_EXPLICIT freed <1K, 48% free 9010K/17224K, paused 1ms+3ms, total 18ms
D/dalvikvm(  280): GC_EXPLICIT freed <1K, 48% free 9010K/17224K, paused 2ms+2ms, total 18ms
I/iu.UploadsManager( 3084): #reloadSettings(); account: null; pageID: none; IU: disabled; IS: disabled; photoWiFi: true; videoWiFi: true; roam: false; battery: true; size: FULL; maxMobile: 157286400
I/iu.UploadsManager( 3084): End new media; added: 0, uploading: 0, time: 32 ms
I/iu.Environment( 3084): update battery state; isPlugged? true*
I/iu.Environment( 3084): update connectivity state; isNetworkMetered? false, isRoaming? false, isBackgroundDataAllowed? true*
I/iu.FingerprintManager( 3084): Start processing all media
I/iu.FingerprintManager( 3084): Start processing media store URI: content://media/external/images/media
I/iu.FingerprintManager( 3084): Start processing media store URI: content://media/external/video/media
I/iu.FingerprintManager( 3084): Start processing media store URI: content://media/phoneStorage/images/media
I/iu.FingerprintManager( 3084): Start processing media store URI: content://media/phoneStorage/video/media
I/iu.FingerprintManager( 3084): Finished generating fingerprints; 0.016 seconds
I/iu.FingerprintManager( 3084):   numSeen=0 numGenerated=0 numDeleted=0 numFailed=0
W/dalvikvm( 3104): VFY: unable to resolve static field 27745 (a) in Lcom/facebook/katana/app/WorkAppTypes;
D/dalvikvm( 3104): VFY: replacing opcode 0x62 at 0x0013
W/dalvikvm( 3104): VFY: unable to resolve static field 27746 (b) in Lcom/facebook/katana/app/WorkAppTypes;
D/dalvikvm( 3104): VFY: replacing opcode 0x62 at 0x001d
E/dalvikvm( 3104): Could not find class 'com.facebook.katana.app.WallpaperFacebookApplicationImpl', referenced from method com.facebook.katana.app.FacebookApplication.a
W/dalvikvm( 3104): VFY: unable to resolve new-instance 427 (Lcom/facebook/katana/app/WallpaperFacebookApplicationImpl;) in Lcom/facebook/katana/app/FacebookApplication;
D/dalvikvm( 3104): VFY: replacing opcode 0x22 at 0x00a9
D/dalvikvm( 3104): DexOpt: unable to opt direct call 0x05a5 at 0xab in Lcom/facebook/katana/app/FacebookApplication;.a
D/CatchMeIfYouCan( 3104): Process (dash) ca: '/data/data/com.facebook.katana/app_cmiyc/0C66B38F48468E96F8008B6D5A2AE33B4A60265E01'
D/CatchMeIfYouCan( 3104): Process (dash) fc: '/data/data/com.facebook.katana/app_cmiyc/0C66B38F48468E96F8008B6D5A2AE33B4A60265E02'
D/CatchMeIfYouCan( 3104): Process (dash) cp: '('dash', 6, 60000, silent [true], restart [true], logout [true])'
D/ACRA    ( 3104): ACRA is enabled for com.facebook.katana, intializing...
D/WifiStateMachine( 1016): handleMessage: E msg.what=151572
D/WifiStateMachine( 1016): processMsg: ConnectedState
D/WifiStateMachine( 1016): processMsg: L2ConnectedState
D/ACRA    ( 3104): Looking for error files in /data/data/com.facebook.katana/app_acra-reports
D/WifiStateMachine( 1016): handleMessage: X
D/ACRA    ( 3104): Looking for error files in /data/data/com.facebook.katana/app_minidumps
D/dalvikvm( 3104): Trying to load lib /data/app-lib/com.facebook.katana-1/libgnustl_shared.so 0x42795908
W/GAV2    ( 3042): Thread[main,5,main]: dispatch call queued.  Need to call GAServiceManager.getInstance().initialize().
D/dalvikvm( 3104): Added shared lib /data/app-lib/com.facebook.katana-1/libgnustl_shared.so 0x42795908
D/dalvikvm( 3104): No JNI_OnLoad found in /data/app-lib/com.facebook.katana-1/libgnustl_shared.so 0x42795908, skipping init
D/dalvikvm( 3104): Trying to load lib /data/app-lib/com.facebook.katana-1/libfb_breakpad_client.so 0x42795908
D/dalvikvm( 3104): Added shared lib /data/app-lib/com.facebook.katana-1/libfb_breakpad_client.so 0x42795908
D/dalvikvm( 3104): No JNI_OnLoad found in /system/lib/libstdc++.so 0x42795908, skipping init
D/dalvikvm( 3104): Trying to load lib /data/app-lib/com.facebook.katana-1/libsigmux.so 0x42795908
D/dalvikvm( 3104): Added shared lib /data/app-lib/com.facebook.katana-1/libsigmux.so 0x42795908
D/dalvikvm( 3104): No JNI_OnLoad found in /data/app-lib/com.facebook.katana-1/libsigmux.so 0x42795908, skipping init
D/dalvikvm( 3104): Trying to load lib /data/app-lib/com.facebook.katana-1/libdistract.so 0x42795908
D/dalvikvm( 3104): Added shared lib /data/app-lib/com.facebook.katana-1/libdistract.so 0x42795908
D/dalvikvm( 3104): No JNI_OnLoad found in /data/app-lib/com.facebook.katana-1/libdistract.so 0x42795908, skipping init
D/dalvikvm( 3104): Trying to load lib /data/app-lib/com.facebook.katana-1/libfb_dalvik-internals.so 0x42795908
D/dalvikvm( 3104): Added shared lib /data/app-lib/com.facebook.katana-1/libfb_dalvik-internals.so 0x42795908
V/DexLibLoader( 3104): about to lock: /data/data/com.facebook.katana/mdex_lock
V/DexLibLoader( 3104): locking /data/data/com.facebook.katana/mdex_lock took 0 ms
V/DexLibLoader( 3104): Secondary program dex metadata: secondary-1.dex.jar.xz c0d34653f435a7e59cc5f46e9bd47feaf68b0041 secondary.dex01.Canary
V/DexLibLoader( 3104): Secondary program dex metadata: secondary-2.dex.jar.xz 3651d03ae513595a1029ff9eae54d36128fdeb5e secondary.dex02.Canary
V/DexLibLoader( 3104): Secondary program dex metadata: secondary-3.dex.jar.xz 020c6d0135a14f0280ede88da3e858d29f1b9ed5 secondary.dex03.Canary
V/DexLibLoader( 3104): Secondary program dex metadata: secondary-4.dex.jar.xz 3cf3244a0d1c3e39128f7b89ad90b4842a36a05f secondary.dex04.Canary
V/DexLibLoader( 3104): Secondary program dex metadata: secondary-5.dex.jar.xz 666d745bfcb3c0496ae90e343db057d6082ce0c3 secondary.dex05.Canary
V/DexLibLoader( 3104): Secondary program dex metadata: secondary-6.dex.jar.xz 0089f1fba5ba3a3fb61d98c516e2bbc2e6adfa05 secondary.dex06.Canary
V/DexLibLoader( 3104): Secondary program dex metadata: secondary-7.dex.jar.xz 7cecb34308ef8d54acae00b06e3ade52d8da6d49 secondary.dex07.Canary
V/DexLibLoader( 3104): directory "/data/data/com.facebook.katana/app_secondary_program_dex" contains "program-c0d34653f435a7e59cc5f46e9bd47feaf68b00416661a1c7.dex.jar" as expected
V/DexLibLoader( 3104): directory "/data/data/com.facebook.katana/app_secondary_program_dex" contains "program-3651d03ae513595a1029ff9eae54d36128fdeb5e6661a1c7.dex.jar" as expected
V/DexLibLoader( 3104): directory "/data/data/com.facebook.katana/app_secondary_program_dex" contains "program-020c6d0135a14f0280ede88da3e858d29f1b9ed56661a1c7.dex.jar" as expected
V/DexLibLoader( 3104): directory "/data/data/com.facebook.katana/app_secondary_program_dex" contains "program-3cf3244a0d1c3e39128f7b89ad90b4842a36a05f6661a1c7.dex.jar" as expected
V/DexLibLoader( 3104): directory "/data/data/com.facebook.katana/app_secondary_program_dex" contains "program-666d745bfcb3c0496ae90e343db057d6082ce0c36661a1c7.dex.jar" as expected
V/DexLibLoader( 3104): directory "/data/data/com.facebook.katana/app_secondary_program_dex" contains "program-0089f1fba5ba3a3fb61d98c516e2bbc2e6adfa056661a1c7.dex.jar" as expected
V/DexLibLoader( 3104): directory "/data/data/com.facebook.katana/app_secondary_program_dex" contains "program-7cecb34308ef8d54acae00b06e3ade52d8da6d496661a1c7.dex.jar" as expected
D/DexLibLoader( 3104): ignoring file "program-c0d34653f435a7e59cc5f46e9bd47feaf68b00416661a1c7.dex.odex" in "/data/data/com.facebook.katana/app_secondary_program_dex"
D/DexLibLoader( 3104): ignoring file "program-3651d03ae513595a1029ff9eae54d36128fdeb5e6661a1c7.dex.odex" in "/data/data/com.facebook.katana/app_secondary_program_dex"
D/DexLibLoader( 3104): ignoring file "program-020c6d0135a14f0280ede88da3e858d29f1b9ed56661a1c7.dex.odex" in "/data/data/com.facebook.katana/app_secondary_program_dex"
D/DexLibLoader( 3104): ignoring file "program-3cf3244a0d1c3e39128f7b89ad90b4842a36a05f6661a1c7.dex.odex" in "/data/data/com.facebook.katana/app_secondary_program_dex"
D/DexLibLoader( 3104): ignoring file "program-666d745bfcb3c0496ae90e343db057d6082ce0c36661a1c7.dex.odex" in "/data/data/com.facebook.katana/app_secondary_program_dex"
D/DexLibLoader( 3104): ignoring file "program-0089f1fba5ba3a3fb61d98c516e2bbc2e6adfa056661a1c7.dex.odex" in "/data/data/com.facebook.katana/app_secondary_program_dex"
D/DexLibLoader( 3104): ignoring file "program-7cecb34308ef8d54acae00b06e3ade52d8da6d496661a1c7.dex.odex" in "/data/data/com.facebook.katana/app_secondary_program_dex"
D/DexLibLoader( 3104): directory "/data/data/com.facebook.katana/app_secondary_program_dex" is valid
D/DexLibLoader( 3104): ignoring file "primary_deps" in "/data/data/com.facebook.katana/app_secondary_program_dex_opt"
V/DexLibLoader( 3104): directory "/data/data/com.facebook.katana/app_secondary_program_dex_opt" contains "program-c0d34653f435a7e59cc5f46e9bd47feaf68b00416661a1c7.dex.dex" as expected
V/DexLibLoader( 3104): directory "/data/data/com.facebook.katana/app_secondary_program_dex_opt" contains "program-3651d03ae513595a1029ff9eae54d36128fdeb5e6661a1c7.dex.dex" as expected
V/DexLibLoader( 3104): directory "/data/data/com.facebook.katana/app_secondary_program_dex_opt" contains "program-020c6d0135a14f0280ede88da3e858d29f1b9ed56661a1c7.dex.dex" as expected
V/DexLibLoader( 3104): directory "/data/data/com.facebook.katana/app_secondary_program_dex_opt" contains "program-3cf3244a0d1c3e39128f7b89ad90b4842a36a05f6661a1c7.dex.dex" as expected
V/DexLibLoader( 3104): directory "/data/data/com.facebook.katana/app_secondary_program_dex_opt" contains "program-666d745bfcb3c0496ae90e343db057d6082ce0c36661a1c7.dex.dex" as expected
V/DexLibLoader( 3104): directory "/data/data/com.facebook.katana/app_secondary_program_dex_opt" contains "program-0089f1fba5ba3a3fb61d98c516e2bbc2e6adfa056661a1c7.dex.dex" as expected
V/DexLibLoader( 3104): directory "/data/data/com.facebook.katana/app_secondary_program_dex_opt" contains "program-7cecb34308ef8d54acae00b06e3ade52d8da6d496661a1c7.dex.dex" as expected
D/DexLibLoader( 3104): directory "/data/data/com.facebook.katana/app_secondary_program_dex_opt" is valid
D/DexLibLoader( 3104): loading pre-built cross-dex opt odex files
V/dalvik-internals( 3104): hooked dvmResolveClass using jump ()
V/dalvik-internals( 3104): hooked dvmFlushBreakpoints using jump ()
V/MultiDexClassLoader( 3104): installing MultiDexClassLoader before application classloader
I/dalvikvm( 3104): Could not find method dalvik.system.DexFile.loadClassBinaryName, referenced from method com.facebook.common.dextricks.DexFileLoadOld.a
W/dalvikvm( 3104): VFY: unable to resolve virtual method 2807: Ldalvik/system/DexFile;.loadClassBinaryName (Ljava/lang/String;Ljava/lang/ClassLoader;)Ljava/lang/Class;
D/dalvikvm( 3104): VFY: replacing opcode 0x6e at 0x0000
D/DexLibLoader( 3104): released odex store lock
D/DexLibLoader( 3104): DexLibLoader.loadAll took 23 ms
D/MemoryReductionHack( 3104): Marked as initialized entry corresponding to path /data/app/com.facebook.katana-1.apk
V/dalvik-internals( 3104): hooked dvmLinearAlloc using jump ()
V/dalvik-internals( 3104): hooked dvmLinearRealloc using jump ()
V/dalvik-internals( 3104): hooked dvmLinearFree using jump ()
V/dalvik-internals( 3104): hooked dvmLinearStrdup using jump ()
V/dalvik-internals( 3104): hooked dvmLinearAllocContains using jump ()
I/dalvik-internals( 3104): enlarged linearalloc buffer to 33554432 bytes
E/cutils  (  261): Failed to mkdirat(/storage/sdcard1/Android): Read-only file system
W/Vold    (  261): Returning OperationFailed - no handler for errno 30
W/ContextImpl( 3104): Failed to ensure directory: /storage/sdcard1/Android/data/com.facebook.katana/cache
D/WifiStateMachine( 1016): handleMessage: E msg.what=131155
D/WifiStateMachine( 1016): processMsg: ConnectedState
D/WifiStateMachine( 1016): processMsg: L2ConnectedState
D/WifiStateMachine( 1016): handleMessage: X
D/dalvikvm( 3104): Trying to load lib /data/app-lib/com.facebook.katana-1/libdextr.so 0x42795908
D/dalvikvm( 3104): Added shared lib /data/app-lib/com.facebook.katana-1/libdextr.so 0x42795908
I/Dextr   ( 3104): LogQueue params desc: IIJIIIJJ
I/ActivityManager( 1016): Process com.google.android.apps.maps (pid 2607) has died.
W/ActivityManager( 1016): Service ServiceRecord{43052010 u0 com.google.android.apps.maps/com.google.android.apps.gmm.prefetch.PrefetcherService} in process ProcessRecord{4304bd70 2607:com.google.android.apps.maps/u0a64} not same as in map: null
D/WifiService( 1016): Client connection lost with reason: 4
W/StaticBindingVerifier( 3104): Verify
I/dalvikvm( 3104): Could not find method com.facebook.resources.FbResources.getDrawable, referenced from method com.facebook.resources.impl.DownloadedFbResources.getDrawable
W/dalvikvm( 3104): VFY: unable to resolve virtual method 46880: Lcom/facebook/resources/FbResources;.getDrawable (ILandroid/content/res/Resources$Theme;)Landroid/graphics/drawable/Drawable;
D/dalvikvm( 3104): VFY: replacing opcode 0x6f at 0x0031
D/WifiService( 1016): New client listening to asynchronous messages
I/ActivityManager( 1016): Start proc com.google.android.partnersetup for broadcast com.google.android.partnersetup/.RlzPingBroadcastReceiver: pid=3145 uid=10025 gids={50025, 3003}
I/ActivityManager( 1016): START u0 {act=android.intent.action.MAIN cat=[android.intent.category.LAUNCHER] flg=0x10000000 pkg=com.giftme.fb_auth cmp=com.giftme.fb_auth/.FB_Auth} from pid 1200
W/ContextImpl( 1231): Calling a method in the system process without a qualified user: android.app.ContextImpl.sendBroadcast:1252 android.content.ContextWrapper.sendBroadcast:365 com.motorola.motocare.util.TriggerHelper$TriggerBuilder.send:76 com.motorola.motocare.internal.frameworkevents.PauseResumeTrigger.handleFrameworkEvent:53 com.motorola.motocare.internal.frameworkevents.FwEventMonitor$FrameworkListener.processFrameworkEvent:114 
D/WifiService( 1016): Client connection lost with reason: 4
I/ActivityManager( 1016): Process com.facebook.katana:dash (pid 3104) has died.
I/ActivityManager( 1016): Start proc com.giftme.fb_auth for activity com.giftme.fb_auth/.FB_Auth: pid=3164 uid=10106 gids={50106, 3003, 1028, 1015}
I/dalvikvm( 3164): Enabling JNI app bug workarounds for target SDK version 7...
W/ContextImpl( 1231): Calling a method in the system process without a qualified user: android.app.ContextImpl.sendBroadcast:1252 android.content.ContextWrapper.sendBroadcast:365 com.motorola.motocare.util.TriggerHelper$TriggerBuilder.send:76 com.motorola.motocare.internal.frameworkevents.PauseResumeTrigger.handleFrameworkEvent:53 com.motorola.motocare.internal.frameworkevents.FwEventMonitor$FrameworkListener.processFrameworkEvent:114 
V/PhoneStatusBar( 1078): setLightsOn(true)
I/InternalIcingCorporaPro(32378): Updating corpora: APPS=com.giftme.fb_auth, CONTACTS=MAYBE
I/CordovaLog( 3164): Changing log level to DEBUG(3)
D/CordovaActivity( 3164): CordovaActivity.init()
I/dalvikvm( 3164): Could not find method android.webkit.CookieManager.setAcceptThirdPartyCookies, referenced from method org.apache.cordova.CordovaWebView.initWebViewSettings
W/dalvikvm( 3164): VFY: unable to resolve virtual method 6163: Landroid/webkit/CookieManager;.setAcceptThirdPartyCookies (Landroid/webkit/WebView;Z)V
D/dalvikvm( 3164): VFY: replacing opcode 0x6e at 0x002a
V/WebViewChromiumFactoryProvider( 3164): Binding Chromium to main looper Looper (main, tid 1) {42786c10}
I/LibraryLoader( 3164): Expected native library version number "",actual native library version number ""
I/chromium( 3164): [INFO:library_loader_hooks.cc(116)] Chromium logging enabled: level = 0, default verbosity = 0
I/BrowserStartupController( 3164): Initializing chromium process, renderers=0
E/AudioManagerAndroid( 3164): BLUETOOTH permission is missing!
I/InternalIcingCorporaPro(32378): UpdateCorporaTask done [took 41 ms] updated apps [took 40 ms] 
I/Adreno-EGL( 3164): <qeglDrvAPI_eglInitialize:410>: EGL 1.4 QUALCOMM build: AU_LINUX_ANDROID_LNX.LA.3.5.1_RB1.04.04.02.048.018_msm8226_LNX.LA.3.5.1_RB1__release_AU ()
I/Adreno-EGL( 3164): OpenGL ES Shader Compiler Version: E031.24.00.08
I/Adreno-EGL( 3164): Build Date: 03/07/14 Fri
I/Adreno-EGL( 3164): Local Branch: 
I/Adreno-EGL( 3164): Remote Branch: quic/LNX.LA.3.5.1_RB1.1
I/Adreno-EGL( 3164): Local Patches: NONE
I/Adreno-EGL( 3164): Reconstruct Branch: AU_LINUX_ANDROID_LNX.LA.3.5.1_RB1.04.04.02.048.018 + f2fd134 +  NOTHING
D/PackageBroadcastService(30409): Received broadcast action=android.intent.action.PACKAGE_ADDED and uri=com.giftme.fb_auth
I/ActivityManager( 1016): Start proc com.imangi.templerun2 for broadcast com.imangi.templerun2/com.amazon.identity.auth.device.authorization.PackageIntentReceiver: pid=3198 uid=10111 gids={50111, 1028, 1015, 3003}
W/chromium( 3164): [WARNING:proxy_service.cc(890)] PAC support disabled because there is no system implementation
I/ConfigFetchService(30409): onStartCommand Intent { act=android.intent.action.PACKAGE_ADDED dat=package:com.giftme.fb_auth cmp=com.google.android.gms/.config.ConfigFetchService (has extras) }
I/ConfigFetchService(30409): launchTask
D/CordovaActivity( 3164): CordovaActivity.createViews()
W/dalvikvm( 3164): VFY: unable to find class referenced in signature (Landroid/webkit/ClientCertRequest;)
I/PeopleContactsSync(30409): CP2 sync disabled
W/dalvikvm( 3164): VFY: unable to find class referenced in signature (Landroid/webkit/ClientCertRequest;)
I/dalvikvm( 3164): Could not find method android.webkit.WebViewClient.onReceivedClientCertRequest, referenced from method org.apache.cordova.CordovaWebViewClient.onReceivedClientCertRequest
I/ConfigFetchService(30409): service connected
W/dalvikvm( 3164): VFY: unable to resolve virtual method 6235: Landroid/webkit/WebViewClient;.onReceivedClientCertRequest (Landroid/webkit/WebView;Landroid/webkit/ClientCertRequest;)V
D/dalvikvm( 3164): VFY: replacing opcode 0x6f at 0x001c
D/com.amazon.identity.auth.device.utils.MAPLog.PII( 3198): Extracting verison incremental:<obscured>
D/com.amazon.identity.auth.device.utils.MAPLog.PII( 3198): Extracting flavor:<obscured>
I/com.amazon.identity.auth.device.authorization.PackageIntentReceiver( 3198): Package Intent Received. Clearing Service Data. action=android.intent.action.PACKAGE_ADDED
I/com.amazon.identity.auth.device.authorization.ThirdPartyServiceHelper( 3198): Clearing Highest Versioned Service
I/dalvikvm( 3164): Could not find method android.webkit.WebChromeClient$FileChooserParams.createIntent, referenced from method org.apache.cordova.CordovaChromeClient.onShowFileChooser
W/dalvikvm( 3164): VFY: unable to resolve virtual method 6182: Landroid/webkit/WebChromeClient$FileChooserParams;.createIntent ()Landroid/content/Intent;
D/dalvikvm( 3164): VFY: replacing opcode 0x6e at 0x0000
I/ActivityManager( 1016): Killing 2555:com.devexpert.weather/u0a112 (adj 15): empty #9
D/PluginManager( 3164): init()
D/ConfigFetchService(30409): ConfigApi connection successful.
W/ContextImpl( 1231): Calling a method in the system process without a qualified user: android.app.ContextImpl.sendBroadcast:1252 android.content.ContextWrapper.sendBroadcast:365 com.motorola.motocare.util.TriggerHelper$TriggerBuilder.send:76 com.motorola.motocare.internal.frameworkevents.ProcessKillTrigger.sendTrigger:147 com.motorola.motocare.internal.frameworkevents.ProcessKillTrigger.handleFrameworkEvent:164 
D/CordovaWebView( 3164): CordovaWebView is running on device made by: motorola
D/CordovaWebView( 3164): >>> loadUrl(file:///android_asset/www/index.html)
D/CordovaWebView( 3164): >>> loadUrlNow()
I/ActivityManager( 1016): Start proc com.google.android.apps.magazines for broadcast com.google.android.apps.magazines/com.google.apps.dots.android.app.receiver.FirstInstallNotificationReceiver: pid=3224 uid=10077 gids={50077, 3003, 1028, 1015}
D/CordovaActivity( 3164): Resuming the App
D/SoftKeyboardDetect( 3164): Ignore this event
V/WebViewChromiumFactoryProvider( 3224): Binding Chromium to main looper Looper (main, tid 1) {427889c0}
I/LibraryLoader( 3224): Expected native library version number "",actual native library version number ""
I/chromium( 3224): [INFO:library_loader_hooks.cc(116)] Chromium logging enabled: level = 0, default verbosity = 0
I/BrowserStartupController( 3224): Initializing chromium process, renderers=0
E/AudioManagerAndroid( 3224): BLUETOOTH permission is missing!
D/OpenGLRenderer( 3164): Enabling debug mode 0
I/Adreno-EGL( 3224): <qeglDrvAPI_eglInitialize:410>: EGL 1.4 QUALCOMM build: AU_LINUX_ANDROID_LNX.LA.3.5.1_RB1.04.04.02.048.018_msm8226_LNX.LA.3.5.1_RB1__release_AU ()
I/Adreno-EGL( 3224): OpenGL ES Shader Compiler Version: E031.24.00.08
I/Adreno-EGL( 3224): Build Date: 03/07/14 Fri
I/Adreno-EGL( 3224): Local Branch: 
I/Adreno-EGL( 3224): Remote Branch: quic/LNX.LA.3.5.1_RB1.1
I/Adreno-EGL( 3224): Local Patches: NONE
I/Adreno-EGL( 3224): Reconstruct Branch: AU_LINUX_ANDROID_LNX.LA.3.5.1_RB1.04.04.02.048.018 + f2fd134 +  NOTHING
D/SoftKeyboardDetect( 3164): Ignore this event
W/chromium( 3224): [WARNING:proxy_service.cc(890)] PAC support disabled because there is no system implementation
I/LaunchCheckinHandler( 1016): Displayed com.giftme.fb_auth/.FB_Auth,cp,ca,412
I/ActivityManager( 1016): Displayed com.giftme.fb_auth/.FB_Auth: +412ms
D/CordovaWebViewClient( 3164): onPageStarted(file:///android_asset/www/index.html)
D/CordovaActivity( 3164): onMessage(onPageStarted,file:///android_asset/www/index.html)
W/GAV2    ( 3224): Thread[main,5,main]: Need to call initialize() and be in fallback mode to start dispatch.
E/cutils  (  261): Failed to mkdirat(/storage/sdcard1/Android): Read-only file system
W/Vold    (  261): Returning OperationFailed - no handler for errno 30
