--------- beginning of /dev/log/system
D/WifiP2pService( 1016): P2pEnabledState{ when=-3ms what=143375 arg1=1 arg2=196615 obj=android.net.DhcpStateMachine@4290d258 target=com.android.internal.util.StateMachine$SmHandler }
V/AlarmManager( 1016): sending alarm Alarm{437b0c80 type 3 android}
D/ConnectivityService( 1016): handleInetConditionHoldEnd: net=1, condition=100, published condition=100
D/WifiP2pService( 1016): InactiveState{ when=0 what=143375 target=com.android.internal.util.StateMachine$SmHandler }
D/WifiP2pService( 1016): P2pEnabledState{ when=-1ms what=143375 target=com.android.internal.util.StateMachine$SmHandler }
I/ActivityManager( 1016): Start proc com.motorola.genie for broadcast com.motorola.genie/.prefetch.WiFiStatusReceiver: pid=10521 uid=10026 gids={50026, 3003, 1028, 1015}
D/ConnectivityService( 1016): Captive portal check NetworkInfo: type: WIFI[], state: CONNECTING/CAPTIVE_PORTAL_CHECK, reason: (unspecified), extra: "Moulin Rouge", roaming: false, failover: false, isAvailable: true, isConnectedToProvisioningNetwork: false
D/ConnectivityService( 1016): handleCaptivePortalTrackerCheck: call captivePortalCheckComplete ni=NetworkInfo: type: WIFI[], state: CONNECTING/CAPTIVE_PORTAL_CHECK, reason: (unspecified), extra: "Moulin Rouge", roaming: false, failover: false, isAvailable: true, isConnectedToProvisioningNetwork: false
D/ConnectivityService( 1016): Captive portal check NetworkInfo: type: WIFI[], state: CONNECTING/CAPTIVE_PORTAL_CHECK, reason: (unspecified), extra: "Moulin Rouge", roaming: false, failover: false, isAvailable: true, isConnectedToProvisioningNetwork: false
D/ConnectivityService( 1016): handleCaptivePortalTrackerCheck: call captivePortalCheckComplete ni=NetworkInfo: type: WIFI[], state: CONNECTING/CAPTIVE_PORTAL_CHECK, reason: (unspecified), extra: "Moulin Rouge", roaming: false, failover: false, isAvailable: true, isConnectedToProvisioningNetwork: false
D/ConnectivityService( 1016): ConnectivityChange for WIFI: CONNECTED/CONNECTED
V/ConnectivityService( 1016): WiFi NOT Tethered!
E/ConnectivityService( 1016): Unexpected mtu value: android.net.wifi.WifiStateTracker@42f7b6f8
D/ConnectivityService( 1016): handleConnectivityChange: address are the same reset per doReset linkProperty[1]: resetMask=0
D/Nat464Xlat( 1016): requiresClat: netType=1, hasIPv4Address=true
D/ConnectivityService( 1016): ConnectivityChange for WIFI: CONNECTED/CONNECTED
V/ConnectivityService( 1016): WiFi NOT Tethered!
E/ConnectivityService( 1016): Unexpected mtu value: android.net.wifi.WifiStateTracker@42f7b6f8
D/ConnectivityService( 1016): handleConnectivityChange: address are the same reset per doReset linkProperty[1]: resetMask=0
D/Nat464Xlat( 1016): requiresClat: netType=1, hasIPv4Address=true
D/ConnectivityService( 1016): NetTransition Wakelock for ConnectedState released by timeout
E/ActivityThread(30980): Failed to find provider info for com.motorola.blur.setupprovider
I/openssl (30698): Crypto mode not selected, openssl will run on its regular mode.
I/openssl (30698): Crypto mode 0 already enabled
E/ActivityThread(30980): Failed to find provider info for com.motorola.blur.setupprovider
I/ActivityManager( 1016): Start proc com.android.mms for broadcast com.android.mms/.transaction.MmsSystemEventReceiver: pid=10589 uid=10031 gids={50031, 3003, 1028, 1015}
I/ActivityManager( 1016): Start proc com.google.android.setupwizard for broadcast com.google.android.setupwizard/.MobileConnectivityChangeReceiver: pid=10614 uid=10042 gids={50042, 3003}
I/ActivityManager( 1016): Start proc com.android.chrome for broadcast com.android.chrome/com.google.android.apps.chrome.precache.PrecacheServiceLauncher: pid=10627 uid=10057 gids={50057, 3003, 1028, 1015}
I/ActivityManager( 1016): Start proc com.google.android.apps.magazines for broadcast com.google.android.apps.magazines/com.google.apps.dots.android.newsstand.appwidget.NewsWidgetProvider: pid=10641 uid=10077 gids={50077, 3003, 1028, 1015}
W/Vold    (  261): Returning OperationFailed - no handler for errno 30
I/ActivityManager( 1016): Start proc com.google.android.gms.unstable for service com.google.android.gms/.droidguard.DroidGuardService: pid=10677 uid=10022 gids={50022, 3003, 1007, 1028, 1015, 3002, 3001, 3007, 2001, 3006}
I/ActivityManager( 1016): Start proc com.google.android.apps.plus for broadcast com.google.android.apps.plus/.service.ConnectivityReceiver: pid=10695 uid=10090 gids={50090, 3003, 3002, 1028, 1015}
I/ActivityManager( 1016): Killing 8118:com.google.android.partnersetup/u0a25 (adj 15): empty #9
W/ContextImpl( 1231): Calling a method in the system process without a qualified user: android.app.ContextImpl.sendBroadcast:1252 android.content.ContextWrapper.sendBroadcast:365 com.motorola.motocare.util.TriggerHelper$TriggerBuilder.send:76 com.motorola.motocare.internal.frameworkevents.ProcessKillTrigger.sendTrigger:147 com.motorola.motocare.internal.frameworkevents.ProcessKillTrigger.handleFrameworkEvent:164 
I/ActivityManager( 1016): Killing 8678:com.google.android.play.games/u0a89 (adj 15): empty #9
W/ContextImpl( 1231): Calling a method in the system process without a qualified user: android.app.ContextImpl.sendBroadcast:1252 android.content.ContextWrapper.sendBroadcast:365 com.motorola.motocare.util.TriggerHelper$TriggerBuilder.send:76 com.motorola.motocare.internal.frameworkevents.ProcessKillTrigger.sendTrigger:147 com.motorola.motocare.internal.frameworkevents.ProcessKillTrigger.handleFrameworkEvent:164 
I/ActivityManager( 1016): Start proc com.rhmsoft.fm:crash.feedback for broadcast com.rhmsoft.fm/com.cleanmaster.fm.receiver.ConnectivityChangeBroadcastReceiver: pid=10716 uid=10105 gids={50105, 3003, 1028, 1015}
W/Vold    (  261): Returning OperationFailed - no handler for errno 30
I/ActivityManager( 1016): Killing 9866:com.android.vending/u0a39 (adj 10): empty #9
W/ContextImpl( 1231): Calling a method in the system process without a qualified user: android.app.ContextImpl.sendBroadcast:1252 android.content.ContextWrapper.sendBroadcast:365 com.motorola.motocare.util.TriggerHelper$TriggerBuilder.send:76 com.motorola.motocare.internal.frameworkevents.ProcessKillTrigger.sendTrigger:147 com.motorola.motocare.internal.frameworkevents.ProcessKillTrigger.handleFrameworkEvent:164 
W/Vold    (  261): Returning OperationFailed - no handler for errno 30
W/Vold    (  261): Returning OperationFailed - no handler for errno 30
W/Vold    (  261): Returning OperationFailed - no handler for errno 30
I/openssl (30698): Crypto mode not selected, openssl will run on its regular mode.
I/openssl (30698): Crypto mode 0 already enabled
W/ActivityManager( 1016): Scheduling restart of crashed service com.android.vending/com.google.android.finsky.billing.iab.InAppBillingService in 1000ms
W/Vold    (  261): Returning OperationFailed - no handler for errno 30
W/Vold    (  261): Returning OperationFailed - no handler for errno 30
I/ActivityManager( 1016): Start proc com.android.vending for service com.android.vending/com.google.android.finsky.billing.iab.InAppBillingService: pid=10757 uid=10039 gids={50039, 3003, 1028, 1015}
V/AlarmManager( 1016): sending alarm Alarm{43be9248 type 2 com.facebook.katana}
I/ActivityManager( 1016): Killing 8654:com.android.deskclock/u0a15 (adj 15): empty #9
W/ContextImpl( 1231): Calling a method in the system process without a qualified user: android.app.ContextImpl.sendBroadcast:1252 android.content.ContextWrapper.sendBroadcast:365 com.motorola.motocare.util.TriggerHelper$TriggerBuilder.send:76 com.motorola.motocare.internal.frameworkevents.ProcessKillTrigger.sendTrigger:147 com.motorola.motocare.internal.frameworkevents.ProcessKillTrigger.handleFrameworkEvent:164 
D/ConnectivityService( 1016): handleInetConditionHoldEnd: net=1, condition=100, published condition=0
I/ActivityManager( 1016): Killing 10521:com.motorola.genie/u0a26 (adj 15): empty #9
W/ContextImpl( 1231): Calling a method in the system process without a qualified user: android.app.ContextImpl.sendBroadcast:1252 android.content.ContextWrapper.sendBroadcast:365 com.motorola.motocare.util.TriggerHelper$TriggerBuilder.send:76 com.motorola.motocare.internal.frameworkevents.ProcessKillTrigger.sendTrigger:147 com.motorola.motocare.internal.frameworkevents.ProcessKillTrigger.handleFrameworkEvent:164 
I/ActivityManager( 1016): Killing 8017:android.process.acore/u0a10 (adj 15): empty #9
W/ContextImpl( 1231): Calling a method in the system process without a qualified user: android.app.ContextImpl.sendBroadcast:1252 android.content.ContextWrapper.sendBroadcast:365 com.motorola.motocare.util.TriggerHelper$TriggerBuilder.send:76 com.motorola.motocare.internal.frameworkevents.ProcessKillTrigger.sendTrigger:147 com.motorola.motocare.internal.frameworkevents.ProcessKillTrigger.handleFrameworkEvent:164 
I/ActivityManager( 1016): Start proc com.google.android.talk for broadcast com.google.android.talk/com.google.android.apps.babel.phone.PackageReplacedReceiver: pid=10822 uid=10071 gids={50071, 3003, 1028, 1015, 3002}
I/PackageManager( 1016): Adding preferred activity ComponentInfo{com.android.mms/com.android.mms.ui.ComposeMessageActivity} for user 0 :
I/PackageManager( 1016): Adding preferred activity ComponentInfo{com.android.mms/com.android.mms.ui.ComposeMessageActivity} for user 0 :
I/PackageManager( 1016): Adding preferred activity ComponentInfo{com.android.mms/com.android.mms.ui.ComposeMessageActivity} for user 0 :
I/PackageManager( 1016): Adding preferred activity ComponentInfo{com.android.mms/com.android.mms.ui.ComposeMessageActivity} for user 0 :
I/PackageManager( 1016): Adding preferred activity ComponentInfo{com.android.mms/com.android.mms.ui.ComposeMessageActivity} for user 0 :
I/PackageManager( 1016): Adding preferred activity ComponentInfo{com.android.mms/com.android.mms.ui.ComposeMessageActivity} for user 0 :
I/PackageManager( 1016): Adding preferred activity ComponentInfo{com.android.mms/com.android.mms.ui.ComposeMessageActivity} for user 0 :
I/PackageManager( 1016): Adding preferred activity ComponentInfo{com.android.mms/com.android.mms.ui.ComposeMessageActivity} for user 0 :
I/ActivityManager( 1016): Start proc android.process.acore for broadcast com.android.providers.contacts/.PackageIntentReceiver: pid=10858 uid=10010 gids={50010, 3003, 1028, 1015, 1023}
D/WifiService( 1016): acquireWifiLockLocked: WifiLock{NlpWifiLock type=2 binder=android.os.BinderProxy@42f77790}
I/ActivityManager( 1016): Killing 10589:com.android.mms/u0a31 (adj 15): empty #9
W/ContextImpl( 1231): Calling a method in the system process without a qualified user: android.app.ContextImpl.sendBroadcast:1252 android.content.ContextWrapper.sendBroadcast:365 com.motorola.motocare.util.TriggerHelper$TriggerBuilder.send:76 com.motorola.motocare.internal.frameworkevents.ProcessKillTrigger.sendTrigger:147 com.motorola.motocare.internal.frameworkevents.ProcessKillTrigger.handleFrameworkEvent:164 
I/ActivityManager( 1016): Start proc com.motorola.MotGallery2 for broadcast com.motorola.MotGallery2/com.android.gallery3d.app.PackagesMonitor: pid=10880 uid=10034 gids={50034, 3003, 1028, 1015}
I/ActivityManager( 1016): Killing 10614:com.google.android.setupwizard/u0a42 (adj 15): empty #9
W/ContextImpl( 1231): Calling a method in the system process without a qualified user: android.app.ContextImpl.sendBroadcast:1252 android.content.ContextWrapper.sendBroadcast:365 com.motorola.motocare.util.TriggerHelper$TriggerBuilder.send:76 com.motorola.motocare.internal.frameworkevents.ProcessKillTrigger.sendTrigger:147 com.motorola.motocare.internal.frameworkevents.ProcessKillTrigger.handleFrameworkEvent:164 
I/ActivityManager( 1016): Start proc com.google.android.googlequicksearchbox:search for broadcast com.google.android.googlequicksearchbox/com.google.android.search.core.summons.icing.InternalIcingCorporaProvider$CorporaChangedReceiver: pid=10894 uid=10045 gids={50045, 3003, 1028, 3002, 1015}
I/ActivityManager( 1016): Killing 10627:com.android.chrome/u0a57 (adj 15): empty #9
W/ContextImpl( 1231): Calling a method in the system process without a qualified user: android.app.ContextImpl.sendBroadcast:1252 android.content.ContextWrapper.sendBroadcast:365 com.motorola.motocare.util.TriggerHelper$TriggerBuilder.send:76 com.motorola.motocare.internal.frameworkevents.ProcessKillTrigger.sendTrigger:147 com.motorola.motocare.internal.frameworkevents.ProcessKillTrigger.handleFrameworkEvent:164 
I/ActivityManager( 1016): Start proc com.google.android.partnersetup for content provider com.google.android.partnersetup/.RlzAppProvider: pid=10913 uid=10025 gids={50025, 3003}
I/ActivityManager( 1016): Killing 10641:com.google.android.apps.magazines/u0a77 (adj 15): empty #9
W/ContextImpl( 1231): Calling a method in the system process without a qualified user: android.app.ContextImpl.sendBroadcast:1252 android.content.ContextWrapper.sendBroadcast:365 com.motorola.motocare.util.TriggerHelper$TriggerBuilder.send:76 com.motorola.motocare.internal.frameworkevents.ProcessKillTrigger.sendTrigger:147 com.motorola.motocare.internal.frameworkevents.ProcessKillTrigger.handleFrameworkEvent:164 
D/WifiService( 1016): releaseWifiLockLocked: WifiLock{NlpWifiLock type=2 binder=android.os.BinderProxy@42f77790}
I/ActivityManager( 1016): Killing 10716:com.rhmsoft.fm:crash.feedback/u0a105 (adj 15): empty #9
W/ContextImpl( 1231): Calling a method in the system process without a qualified user: android.app.ContextImpl.sendBroadcast:1252 android.content.ContextWrapper.sendBroadcast:365 com.motorola.motocare.util.TriggerHelper$TriggerBuilder.send:76 com.motorola.motocare.internal.frameworkevents.ProcessKillTrigger.sendTrigger:147 com.motorola.motocare.internal.frameworkevents.ProcessKillTrigger.handleFrameworkEvent:164 
V/AlarmManager( 1016): sending alarm Alarm{443575d8 type 3 android}
V/AlarmManager( 1016): sending alarm Alarm{438492b8 type 3 android}
V/AlarmManager( 1016): sending alarm Alarm{437f8650 type 3 android}
V/AlarmManager( 1016): sending alarm Alarm{437e6688 type 3 android}
V/AlarmManager( 1016): sending alarm Alarm{437e27d0 type 3 android}
V/AlarmManager( 1016): sending alarm Alarm{437decf8 type 3 android}
V/AlarmManager( 1016): sending alarm Alarm{44355ad8 type 2 com.google.android.talk}
V/AlarmManager( 1016): sending alarm Alarm{44348ed0 type 2 com.google.android.gms}
V/AlarmManager( 1016): sending alarm Alarm{44340498 type 2 android}
V/AlarmManager( 1016): sending alarm Alarm{44017e28 type 2 com.motorola.ccc.cce}
D/ConnectivityService( 1016): Sampling interval elapsed, updating statistics ..
D/ConnectivityService( 1016): Done.
D/ConnectivityService( 1016): Setting timer for 720seconds
V/AlarmManager( 1016): sending alarm Alarm{4342e180 type 3 android}
D/WifiService( 1016): acquireWifiLockLocked: WifiLock{NlpWifiLock type=2 binder=android.os.BinderProxy@42c259a8}
D/WifiService( 1016): releaseWifiLockLocked: WifiLock{NlpWifiLock type=2 binder=android.os.BinderProxy@42c259a8}
V/AlarmManager( 1016): sending alarm Alarm{42b0d0e8 type 2 com.google.android.gms}
D/ConnectivityService( 1016): handleInetConditionHoldEnd: net=1, condition=0, published condition=100
V/AlarmManager( 1016): sending alarm Alarm{428a7f90 type 2 com.google.android.gms}
D/ConnectivityService( 1016): handleInetConditionHoldEnd: net=1, condition=100, published condition=0
V/AlarmManager( 1016): sending alarm Alarm{430e4640 type 3 android}
V/AlarmManager( 1016): sending alarm Alarm{42f94d08 type 3 android}
V/AlarmManager( 1016): sending alarm Alarm{42f8f848 type 3 android}
V/AlarmManager( 1016): sending alarm Alarm{430d9238 type 2 com.facebook.katana}
V/AlarmManager( 1016): sending alarm Alarm{430d7308 type 1 com.android.deskclock}
I/ActivityManager( 1016): Start proc com.android.deskclock for broadcast com.android.deskclock/com.android.alarmclock.DigitalAppWidgetProvider: pid=10976 uid=10015 gids={50015, 1028}
I/ActivityManager( 1016): Killing 10677:com.google.android.gms.unstable/u0a22 (adj 15): empty #9
W/ContextImpl( 1231): Calling a method in the system process without a qualified user: android.app.ContextImpl.sendBroadcast:1252 android.content.ContextWrapper.sendBroadcast:365 com.motorola.motocare.util.TriggerHelper$TriggerBuilder.send:76 com.motorola.motocare.internal.frameworkevents.ProcessKillTrigger.sendTrigger:147 com.motorola.motocare.internal.frameworkevents.ProcessKillTrigger.handleFrameworkEvent:164 
V/AlarmManager( 1016): sending alarm Alarm{42f7eef8 type 3 android}
V/AlarmManager( 1016): sending alarm Alarm{42f7f990 type 2 com.facebook.katana}
V/AlarmManager( 1016): sending alarm Alarm{42fb8508 type 2 com.facebook.katana}
V/AlarmManager( 1016): sending alarm Alarm{42fb7bd0 type 3 android}
V/AlarmManager( 1016): sending alarm Alarm{42fb76c0 type 2 com.google.android.gms}
V/AlarmManager( 1016): sending alarm Alarm{42fb6258 type 1 com.motorola.motocare}
W/ContextImpl( 1231): Calling a method in the system process without a qualified user: android.app.ContextImpl.startService:1608 android.content.ContextWrapper.startService:494 android.content.ContextWrapper.startService:494 com.motorola.motocare.internal.batterystats.BatteryStatsAction.onReceive:33 android.app.ActivityThread.handleReceiver:2434 
D/ConnectivityService( 1016): handleInetConditionHoldEnd: net=1, condition=100, published condition=100
V/AlarmManager( 1016): sending alarm Alarm{42fe8870 type 3 android}
V/AlarmManager( 1016): sending alarm Alarm{42fe0988 type 3 android}
V/AlarmManager( 1016): sending alarm Alarm{429955a0 type 3 android}
I/PowerManagerService( 1016): Waking up from sleep...
I/WindowManager( 1016): Lock screen displayed!
D/DisplayPowerController( 1016): Unblocked screen on after 18234501 ms
I/SFPerfTracer(  278):      triggers: (rate: 12:10306) (86393 sw vsyncs) (17812 skipped) (0:100873 vsyncs) (170:200455)
D/WifiService( 1016): acquireWifiLockLocked: WifiLock{NlpWifiLock type=2 binder=android.os.BinderProxy@42f77790}
I/SFPerfTracer(  278):      triggers: (rate: 32:2525) (compose: 0:9) (post: 0:2) (render: 7:341) (0:32033 frames) (1:96381)
D/SFPerfTracer(  278):        layers: (4:13) (DimLayer: 0:65)* (DimLayer: 0:21)* (FocusedStackFrame: 0:823)* (StatusBar: 0:5492) (NavigationBar: 0:6516) (DimLayer: 0:776)* (DimLayer: 0:143)* (com.android.wallpaper.fall.FallWallpaper: 0:5331) (com.android.launcher/com.android.launcher2.Launcher: 0:65)* (Starting com.giftme.fb_auth: 0:31)* (com.giftme.fb_auth/com.giftme.fb_auth.FB_Auth: 0:32)* (ElectronBeam: 0:27)* (Keyguard: 1:14) 
D/WifiService( 1016): releaseWifiLockLocked: WifiLock{NlpWifiLock type=2 binder=android.os.BinderProxy@42f77790}
W/ContextImpl( 1231): Calling a method in the system process without a qualified user: android.app.ContextImpl.startService:1608 android.content.ContextWrapper.startService:494 android.content.ContextWrapper.startService:494 com.motorola.motocare.internal.batterystats.BatteryStatsAction.onReceive:33 android.app.ActivityThread.handleReceiver:2434 
I/SFPerfTracer(  278):      triggers: (rate: 32:2525) (compose: 0:9) (post: 0:2) (render: 7:341) (0:32033 frames) (1:96481)
D/SFPerfTracer(  278):        layers: (4:10) (DimLayer: 0:65)* (DimLayer: 0:21)* (FocusedStackFrame: 0:823)* (StatusBar: 0:5492) (NavigationBar: 0:6516) (DimLayer: 0:776)* (DimLayer: 0:143)* (com.android.wallpaper.fall.FallWallpaper: 1:5393) (com.giftme.fb_auth/com.giftme.fb_auth.FB_Auth: 0:32)* (Keyguard: 0:65) 
W/ContextImpl( 1231): Calling a method in the system process without a qualified user: android.app.ContextImpl.sendBroadcast:1252 android.content.ContextWrapper.sendBroadcast:365 com.motorola.motocare.util.TriggerHelper$TriggerBuilder.send:76 com.motorola.motocare.internal.frameworkevents.PauseResumeTrigger.handleFrameworkEvent:53 com.motorola.motocare.internal.frameworkevents.FwEventMonitor$FrameworkListener.processFrameworkEvent:114 
D/UsbDeviceManager( 1016): MSG_USER_PRESENT
W/InputMethodManagerService( 1016): Window already focused, ignoring focus gain of: com.android.internal.view.IInputMethodClient$Stub$Proxy@43505bd0 attribute=android.view.inputmethod.EditorInfo@43c16d90, token = android.os.BinderProxy@42d55278
I/SFPerfTracer(  278):       trigger: vsync rate (-38.025%)	(37.185 vps)	(26.893 ms)* 	(93 drops)	(235 vsyncs)
I/SFPerfTracer(  278):      triggers: (rate: 13:10399) (86393 sw vsyncs) (18043 skipped) (235:101108 vsyncs) (237:200692)
V/AlarmManager( 1016): sending alarm Alarm{42f89c38 type 3 android}
W/ContextImpl( 1231): Calling a method in the system process without a qualified user: android.app.ContextImpl.sendBroadcast:1252 android.content.ContextWrapper.sendBroadcast:365 com.motorola.motocare.util.TriggerHelper$TriggerBuilder.send:76 com.motorola.motocare.internal.frameworkevents.PauseResumeTrigger.handleFrameworkEvent:53 com.motorola.motocare.internal.frameworkevents.FwEventMonitor$FrameworkListener.processFrameworkEvent:114 
W/ContextImpl( 1231): Calling a method in the system process without a qualified user: android.app.ContextImpl.sendBroadcast:1252 android.content.ContextWrapper.sendBroadcast:365 com.motorola.motocare.util.TriggerHelper$TriggerBuilder.send:76 com.motorola.motocare.internal.frameworkevents.PauseResumeTrigger.handleFrameworkEvent:53 com.motorola.motocare.internal.frameworkevents.FwEventMonitor$FrameworkListener.processFrameworkEvent:114 
I/ActivityManager( 1016): Killing 10822:com.google.android.talk/u0a71 (adj 15): empty #9
W/ContextImpl( 1231): Calling a method in the system process without a qualified user: android.app.ContextImpl.sendBroadcast:1252 android.content.ContextWrapper.sendBroadcast:365 com.motorola.motocare.util.TriggerHelper$TriggerBuilder.send:76 com.motorola.motocare.internal.frameworkevents.ProcessKillTrigger.sendTrigger:147 com.motorola.motocare.internal.frameworkevents.ProcessKillTrigger.handleFrameworkEvent:164 
I/SFPerfTracer(  278):      triggers: (rate: 32:2525) (compose: 0:9) (post: 0:2) (render: 7:341) (0:32091 frames) (1:96581)
D/SFPerfTracer(  278):        layers: (4:11) (DimLayer: 0:65)* (DimLayer: 0:21)* (FocusedStackFrame: 1:829)* (StatusBar: 0:5532) (NavigationBar: 0:6589) (DimLayer: 0:776)* (DimLayer: 0:147)* (com.android.wallpaper.fall.FallWallpaper: 1:5414) (com.giftme.fb_auth/com.giftme.fb_auth.FB_Auth: 0:70)* (Keyguard: 0:90)* (com.android.launcher/com.android.launcher2.Launcher: 1:5) 
I/SFPerfTracer(  278):      triggers: (rate: 32:2525) (compose: 0:9) (post: 0:2) (render: 7:341) (0:32091 frames) (1:96681)
D/SFPerfTracer(  278):        layers: (4:9) (DimLayer: 0:65)* (DimLayer: 0:21)* (FocusedStackFrame: 0:829)* (StatusBar: 0:5532) (NavigationBar: 0:6589) (DimLayer: 0:776)* (DimLayer: 0:147)* (com.android.wallpaper.fall.FallWallpaper: 1:5513) (com.android.launcher/com.android.launcher2.Launcher: 0:6) 
I/SFPerfTracer(  278):      triggers: (rate: 32:2525) (compose: 0:9) (post: 0:2) (render: 7:341) (0:32091 frames) (1:96781)
D/SFPerfTracer(  278):        layers: (4:9) (DimLayer: 0:65)* (DimLayer: 0:21)* (FocusedStackFrame: 0:829)* (StatusBar: 0:5532) (NavigationBar: 0:6589) (DimLayer: 0:776)* (DimLayer: 0:147)* (com.android.wallpaper.fall.FallWallpaper: 1:5613) (com.android.launcher/com.android.launcher2.Launcher: 0:6) 
I/SFPerfTracer(  278):      triggers: (rate: 32:2525) (compose: 0:9) (post: 0:2) (render: 7:341) (0:32091 frames) (1:96881)
D/SFPerfTracer(  278):        layers: (4:9) (DimLayer: 0:65)* (DimLayer: 0:21)* (FocusedStackFrame: 0:829)* (StatusBar: 0:5532) (NavigationBar: 0:6589) (DimLayer: 0:776)* (DimLayer: 0:147)* (com.android.wallpaper.fall.FallWallpaper: 1:5713) (com.android.launcher/com.android.launcher2.Launcher: 0:6) 
I/SFPerfTracer(  278):      triggers: (rate: 32:2525) (compose: 0:9) (post: 0:2) (render: 7:341) (0:32091 frames) (1:96981)
D/SFPerfTracer(  278):        layers: (4:9) (DimLayer: 0:65)* (DimLayer: 0:21)* (FocusedStackFrame: 0:829)* (StatusBar: 0:5532) (NavigationBar: 0:6589) (DimLayer: 0:776)* (DimLayer: 0:147)* (com.android.wallpaper.fall.FallWallpaper: 1:5813) (com.android.launcher/com.android.launcher2.Launcher: 0:6) 
I/SFPerfTracer(  278):      triggers: (rate: 32:2525) (compose: 0:9) (post: 0:2) (render: 7:341) (0:32091 frames) (1:97081)
D/SFPerfTracer(  278):        layers: (4:9) (DimLayer: 0:65)* (DimLayer: 0:21)* (FocusedStackFrame: 0:829)* (StatusBar: 0:5532) (NavigationBar: 0:6589) (DimLayer: 0:776)* (DimLayer: 0:147)* (com.android.wallpaper.fall.FallWallpaper: 1:5913) (com.android.launcher/com.android.launcher2.Launcher: 0:6) 
I/SFPerfTracer(  278):      triggers: (rate: 32:2525) (compose: 0:9) (post: 0:2) (render: 7:341) (0:32091 frames) (1:97181)
D/SFPerfTracer(  278):        layers: (4:9) (DimLayer: 0:65)* (DimLayer: 0:21)* (FocusedStackFrame: 0:829)* (StatusBar: 0:5532) (NavigationBar: 0:6589) (DimLayer: 0:776)* (DimLayer: 0:147)* (com.android.wallpaper.fall.FallWallpaper: 1:6013) (com.android.launcher/com.android.launcher2.Launcher: 0:6) 
I/SFPerfTracer(  278):      triggers: (rate: 32:2525) (compose: 0:9) (post: 0:2) (render: 7:341) (0:32091 frames) (1:97281)
D/SFPerfTracer(  278):        layers: (4:9) (DimLayer: 0:65)* (DimLayer: 0:21)* (FocusedStackFrame: 0:829)* (StatusBar: 0:5532) (NavigationBar: 0:6589) (DimLayer: 0:776)* (DimLayer: 0:147)* (com.android.wallpaper.fall.FallWallpaper: 1:6113) (com.android.launcher/com.android.launcher2.Launcher: 0:6) 
V/AlarmManager( 1016): sending alarm Alarm{430b73a8 type 3 android}
I/ProcessStatsService( 1016): Prepared write state in 21ms
I/SFPerfTracer(  278):      triggers: (rate: 32:2525) (compose: 0:9) (post: 0:2) (render: 7:341) (0:32091 frames) (1:97381)
D/SFPerfTracer(  278):        layers: (4:9) (DimLayer: 0:65)* (DimLayer: 0:21)* (FocusedStackFrame: 0:829)* (StatusBar: 0:5533) (NavigationBar: 0:6589) (DimLayer: 0:776)* (DimLayer: 0:147)* (com.android.wallpaper.fall.FallWallpaper: 1:6212) (com.android.launcher/com.android.launcher2.Launcher: 0:6) 
I/SFPerfTracer(  278):      triggers: (rate: 32:2525) (compose: 0:9) (post: 0:2) (render: 7:341) (0:32091 frames) (1:97481)
D/SFPerfTracer(  278):        layers: (4:9) (DimLayer: 0:65)* (DimLayer: 0:21)* (FocusedStackFrame: 0:829)* (StatusBar: 0:5533) (NavigationBar: 0:6589) (DimLayer: 0:776)* (DimLayer: 0:147)* (com.android.wallpaper.fall.FallWallpaper: 1:6312) (com.android.launcher/com.android.launcher2.Launcher: 0:6) 
I/SFPerfTracer(  278):      triggers: (rate: 32:2525) (compose: 0:9) (post: 0:2) (render: 7:341) (0:32091 frames) (1:97581)
D/SFPerfTracer(  278):        layers: (4:9) (DimLayer: 0:65)* (DimLayer: 0:21)* (FocusedStackFrame: 0:829)* (StatusBar: 0:5533) (NavigationBar: 0:6589) (DimLayer: 0:776)* (DimLayer: 0:147)* (com.android.wallpaper.fall.FallWallpaper: 1:6412) (com.android.launcher/com.android.launcher2.Launcher: 0:6) 
V/AlarmManager( 1016): sending alarm Alarm{42f89d10 type 2 com.google.android.gms}
V/AlarmManager( 1016): sending alarm Alarm{42f8d628 type 2 com.google.android.apps.maps}
I/ActivityManager( 1016): Start proc com.google.android.apps.maps for service com.google.android.apps.maps/com.google.android.apps.gmm.prefetch.PrefetcherService: pid=11150 uid=10064 gids={50064, 3003, 1028, 1015}
W/ActivityThread(11150): ClassLoader.loadClass: The class loader returned by Thread.getContextClassLoader() may fail for processes that host multiple applications. You should explicitly specify a context class loader. For example: Thread.setContextClassLoader(getClass().getClassLoader());
I/ActivityManager( 1016): Start proc com.google.android.tts for service com.google.android.tts/.service.GoogleTTSService: pid=11182 uid=10068 gids={50068, 3003, 1028, 1015}
D/WifiService( 1016): New client listening to asynchronous messages
I/SFPerfTracer(  278):      triggers: (rate: 32:2525) (compose: 0:9) (post: 0:2) (render: 7:341) (0:32091 frames) (1:97681)
D/SFPerfTracer(  278):        layers: (4:9) (DimLayer: 0:65)* (DimLayer: 0:21)* (FocusedStackFrame: 0:829)* (StatusBar: 0:5533) (NavigationBar: 0:6589) (DimLayer: 0:776)* (DimLayer: 0:147)* (com.android.wallpaper.fall.FallWallpaper: 1:6512) (com.android.launcher/com.android.launcher2.Launcher: 0:6) 
D/ConnectivityService( 1016): handleInetConditionHoldEnd: net=1, condition=100, published condition=100
I/ActivityManager( 1016): Killing 10880:com.motorola.MotGallery2/u0a34 (adj 15): empty #9
W/ContextImpl( 1231): Calling a method in the system process without a qualified user: android.app.ContextImpl.sendBroadcast:1252 android.content.ContextWrapper.sendBroadcast:365 com.motorola.motocare.util.TriggerHelper$TriggerBuilder.send:76 com.motorola.motocare.internal.frameworkevents.ProcessKillTrigger.sendTrigger:147 com.motorola.motocare.internal.frameworkevents.ProcessKillTrigger.handleFrameworkEvent:164 
I/ActivityManager( 1016): Killing 10858:android.process.acore/u0a10 (adj 15): empty #10
W/ContextImpl( 1231): Calling a method in the system process without a qualified user: android.app.ContextImpl.sendBroadcast:1252 android.content.ContextWrapper.sendBroadcast:365 com.motorola.motocare.util.TriggerHelper$TriggerBuilder.send:76 com.motorola.motocare.internal.frameworkevents.ProcessKillTrigger.sendTrigger:147 com.motorola.motocare.internal.frameworkevents.ProcessKillTrigger.handleFrameworkEvent:164 
I/SFPerfTracer(  278):      triggers: (rate: 32:2525) (compose: 0:9) (post: 0:2) (render: 7:341) (0:32091 frames) (1:97781)
D/SFPerfTracer(  278):        layers: (4:9) (DimLayer: 0:65)* (DimLayer: 0:21)* (FocusedStackFrame: 0:829)* (StatusBar: 0:5533) (NavigationBar: 0:6589) (DimLayer: 0:776)* (DimLayer: 0:147)* (com.android.wallpaper.fall.FallWallpaper: 1:6612) (com.android.launcher/com.android.launcher2.Launcher: 0:6) 
I/SFPerfTracer(  278):      triggers: (rate: 32:2525) (compose: 0:9) (post: 0:2) (render: 7:341) (0:32091 frames) (1:97881)
D/SFPerfTracer(  278):        layers: (4:9) (DimLayer: 0:65)* (DimLayer: 0:21)* (FocusedStackFrame: 0:829)* (StatusBar: 0:5533) (NavigationBar: 0:6589) (DimLayer: 0:776)* (DimLayer: 0:147)* (com.android.wallpaper.fall.FallWallpaper: 1:6712) (com.android.launcher/com.android.launcher2.Launcher: 0:6) 
I/SFPerfTracer(  278):      triggers: (rate: 32:2525) (compose: 0:9) (post: 0:2) (render: 7:341) (0:32091 frames) (1:97981)
D/SFPerfTracer(  278):        layers: (4:9) (DimLayer: 0:65)* (DimLayer: 0:21)* (FocusedStackFrame: 0:829)* (StatusBar: 0:5533) (NavigationBar: 0:6589) (DimLayer: 0:776)* (DimLayer: 0:147)* (com.android.wallpaper.fall.FallWallpaper: 1:6812) (com.android.launcher/com.android.launcher2.Launcher: 0:6) 
I/SFPerfTracer(  278):      triggers: (rate: 32:2525) (compose: 0:9) (post: 0:2) (render: 7:341) (0:32091 frames) (1:98081)
D/SFPerfTracer(  278):        layers: (4:9) (DimLayer: 0:65)* (DimLayer: 0:21)* (FocusedStackFrame: 0:829)* (StatusBar: 0:5533) (NavigationBar: 0:6589) (DimLayer: 0:776)* (DimLayer: 0:147)* (com.android.wallpaper.fall.FallWallpaper: 1:6912) (com.android.launcher/com.android.launcher2.Launcher: 0:6) 
I/SFPerfTracer(  278):      triggers: (rate: 32:2525) (compose: 0:9) (post: 0:2) (render: 7:341) (0:32091 frames) (1:98181)
D/SFPerfTracer(  278):        layers: (4:9) (DimLayer: 0:65)* (DimLayer: 0:21)* (FocusedStackFrame: 0:829)* (StatusBar: 0:5534) (NavigationBar: 0:6589) (DimLayer: 0:776)* (DimLayer: 0:147)* (com.android.wallpaper.fall.FallWallpaper: 1:7012) (com.android.launcher/com.android.launcher2.Launcher: 0:6) 
V/AlarmManager( 1016): sending alarm Alarm{435a3260 type 3 android}
I/SFPerfTracer(  278):      triggers: (rate: 32:2525) (compose: 0:9) (post: 0:2) (render: 7:341) (0:32091 frames) (1:98281)
D/SFPerfTracer(  278):        layers: (4:9) (DimLayer: 0:65)* (DimLayer: 0:21)* (FocusedStackFrame: 0:829)* (StatusBar: 0:5535) (NavigationBar: 0:6589) (DimLayer: 0:776)* (DimLayer: 0:147)* (com.android.wallpaper.fall.FallWallpaper: 1:7111) (com.android.launcher/com.android.launcher2.Launcher: 0:6) 
I/PowerManagerService( 1016): Nap time...
I/PowerManagerService( 1016): Going to sleep due to screen timeout...
I/SFPerfTracer(  278):       trigger: vsync rate (-73.135%)	(16.119 vps)	(62.040 ms)* 	(3518 drops)	(1941 vsyncs)
I/SFPerfTracer(  278):      triggers: (rate: 14:13917) (86394 sw vsyncs) (23452 skipped) (1941:103066 vsyncs) (1943:202655)
I/SFPerfTracer(  278):      triggers: (rate: 32:2525) (compose: 0:9) (post: 0:2) (render: 7:341) (20:32111 frames) (21:98396)
D/SFPerfTracer(  278):        layers: (5:10) (DimLayer: 0:65)* (DimLayer: 0:21)* (FocusedStackFrame: 0:829)* (StatusBar: 0:5535) (NavigationBar: 0:6589) (DimLayer: 0:776)* (DimLayer: 0:147)* (com.android.wallpaper.fall.FallWallpaper: 6:7209) (com.android.launcher/com.android.launcher2.Launcher: 0:6) (ElectronBeam: 21:23) 
W/ContextImpl( 1231): Calling a method in the system process without a qualified user: android.app.ContextImpl.sendBroadcast:1252 android.content.ContextWrapper.sendBroadcast:365 com.motorola.motocare.util.TriggerHelper$TriggerBuilder.send:76 com.motorola.motocare.internal.frameworkevents.PauseResumeTrigger.handleFrameworkEvent:53 com.motorola.motocare.internal.frameworkevents.FwEventMonitor$FrameworkListener.processFrameworkEvent:114 
W/ContextImpl( 1231): Calling a method in the system process without a qualified user: android.app.ContextImpl.startService:1608 android.content.ContextWrapper.startService:494 android.content.ContextWrapper.startService:494 com.motorola.motocare.internal.batterystats.BatteryStatsAction.onReceive:33 android.app.ActivityThread.handleReceiver:2434 
V/AlarmManager( 1016): sending alarm Alarm{43813560 type 2 com.android.keyguard}
V/AlarmManager( 1016): sending alarm Alarm{43813638 type 0 com.facebook.katana}
V/AlarmManager( 1016): sending alarm Alarm{43813688 type 2 com.google.android.gms}
V/AlarmManager( 1016): sending alarm Alarm{43813760 type 2 com.google.android.gsf}
V/AlarmManager( 1016): sending alarm Alarm{43a0a830 type 3 android}
V/AlarmManager( 1016): sending alarm Alarm{434f7030 type 3 android}
V/AlarmManager( 1016): sending alarm Alarm{430387c8 type 2 android}
V/AlarmManager( 1016): sending alarm Alarm{43020df0 type 0 com.google.android.gms}
V/AlarmManager( 1016): sending alarm Alarm{43038870 type 2 com.facebook.katana}
D/ConnectivityService( 1016): Sampling interval elapsed, updating statistics ..
D/ConnectivityService( 1016): Done.
D/ConnectivityService( 1016): Setting timer for 720seconds
V/AlarmManager( 1016): sending alarm Alarm{428acac0 type 3 android}
V/AlarmManager( 1016): sending alarm Alarm{428a9e78 type 2 com.google.android.gms}
V/AlarmManager( 1016): sending alarm Alarm{428a9000 type 2 com.google.android.gms}
D/WifiService( 1016): acquireWifiLockLocked: WifiLock{NlpWifiLock type=2 binder=android.os.BinderProxy@430acaa0}
D/WifiService( 1016): releaseWifiLockLocked: WifiLock{NlpWifiLock type=2 binder=android.os.BinderProxy@430acaa0}
D/ConnectivityService( 1016): handleInetConditionHoldEnd: net=1, condition=100, published condition=100
V/AlarmManager( 1016): sending alarm Alarm{439863c0 type 3 android}
V/AlarmManager( 1016): sending alarm Alarm{42aa0338 type 3 android}
V/AlarmManager( 1016): sending alarm Alarm{434bdb80 type 3 android}
V/AlarmManager( 1016): sending alarm Alarm{42c75210 type 3 android}
V/AlarmManager( 1016): sending alarm Alarm{43c3b340 type 3 android}
V/AlarmManager( 1016): sending alarm Alarm{4391ec98 type 2 com.google.android.gms}
V/AlarmManager( 1016): sending alarm Alarm{438a2be0 type 1 com.android.deskclock}
D/ConnectivityService( 1016): handleInetConditionHoldEnd: net=1, condition=100, published condition=100
V/AlarmManager( 1016): sending alarm Alarm{43536060 type 3 android}
V/AlarmManager( 1016): sending alarm Alarm{43217460 type 3 android}
V/AlarmManager( 1016): sending alarm Alarm{42837730 type 3 android}
V/AlarmManager( 1016): sending alarm Alarm{43500800 type 2 com.facebook.katana}
V/AlarmManager( 1016): sending alarm Alarm{43500850 type 2 android}
D/WifiP2pService( 1016): InactiveState{ when=0 what=143375 arg1=1 arg2=196615 obj=android.net.DhcpStateMachine@4290d258 target=com.android.internal.util.StateMachine$SmHandler }
D/WifiP2pService( 1016): P2pEnabledState{ when=0 what=143375 arg1=1 arg2=196615 obj=android.net.DhcpStateMachine@4290d258 target=com.android.internal.util.StateMachine$SmHandler }
D/WifiP2pService( 1016): InactiveState{ when=0 what=143375 target=com.android.internal.util.StateMachine$SmHandler }
D/WifiP2pService( 1016): P2pEnabledState{ when=-1ms what=143375 target=com.android.internal.util.StateMachine$SmHandler }
I/ActivityManager( 1016): Start proc com.motorola.genie for broadcast com.motorola.genie/.prefetch.WiFiStatusReceiver: pid=11371 uid=10026 gids={50026, 3003, 1028, 1015}
D/ConnectivityService( 1016): Captive portal check NetworkInfo: type: WIFI[], state: CONNECTING/CAPTIVE_PORTAL_CHECK, reason: (unspecified), extra: "Moulin Rouge", roaming: false, failover: false, isAvailable: true, isConnectedToProvisioningNetwork: false
D/ConnectivityService( 1016): handleCaptivePortalTrackerCheck: call captivePortalCheckComplete ni=NetworkInfo: type: WIFI[], state: CONNECTING/CAPTIVE_PORTAL_CHECK, reason: (unspecified), extra: "Moulin Rouge", roaming: false, failover: false, isAvailable: true, isConnectedToProvisioningNetwork: false
D/ConnectivityService( 1016): Captive portal check NetworkInfo: type: WIFI[], state: CONNECTING/CAPTIVE_PORTAL_CHECK, reason: (unspecified), extra: "Moulin Rouge", roaming: false, failover: false, isAvailable: true, isConnectedToProvisioningNetwork: false
D/ConnectivityService( 1016): handleCaptivePortalTrackerCheck: call captivePortalCheckComplete ni=NetworkInfo: type: WIFI[], state: CONNECTING/CAPTIVE_PORTAL_CHECK, reason: (unspecified), extra: "Moulin Rouge", roaming: false, failover: false, isAvailable: true, isConnectedToProvisioningNetwork: false
D/ConnectivityService( 1016): ConnectivityChange for WIFI: CONNECTED/CONNECTED
V/ConnectivityService( 1016): WiFi NOT Tethered!
E/ConnectivityService( 1016): Unexpected mtu value: android.net.wifi.WifiStateTracker@42f7b6f8
D/ConnectivityService( 1016): handleConnectivityChange: address are the same reset per doReset linkProperty[1]: resetMask=0
D/Nat464Xlat( 1016): requiresClat: netType=1, hasIPv4Address=true
D/ConnectivityService( 1016): ConnectivityChange for WIFI: CONNECTED/CONNECTED
V/ConnectivityService( 1016): WiFi NOT Tethered!
E/ConnectivityService( 1016): Unexpected mtu value: android.net.wifi.WifiStateTracker@42f7b6f8
D/ConnectivityService( 1016): handleConnectivityChange: address are the same reset per doReset linkProperty[1]: resetMask=0
D/Nat464Xlat( 1016): requiresClat: netType=1, hasIPv4Address=true
D/ConnectivityService( 1016): NetTransition Wakelock for ConnectedState released by timeout
E/ActivityThread(30980): Failed to find provider info for com.motorola.blur.setupprovider
E/ActivityThread(30980): Failed to find provider info for com.motorola.blur.setupprovider
I/openssl (30698): Crypto mode not selected, openssl will run on its regular mode.
I/openssl (30698): Crypto mode 0 already enabled
I/ActivityManager( 1016): Start proc com.android.mms for broadcast com.android.mms/.transaction.MmsSystemEventReceiver: pid=11450 uid=10031 gids={50031, 3003, 1028, 1015}
I/ActivityManager( 1016): Start proc com.google.android.setupwizard for broadcast com.google.android.setupwizard/.MobileConnectivityChangeReceiver: pid=11475 uid=10042 gids={50042, 3003}
I/ActivityManager( 1016): Killing 10894:com.google.android.googlequicksearchbox:search/u0a45 (adj 15): empty #9
W/ContextImpl( 1231): Calling a method in the system process without a qualified user: android.app.ContextImpl.sendBroadcast:1252 android.content.ContextWrapper.sendBroadcast:365 com.motorola.motocare.util.TriggerHelper$TriggerBuilder.send:76 com.motorola.motocare.internal.frameworkevents.ProcessKillTrigger.sendTrigger:147 com.motorola.motocare.internal.frameworkevents.ProcessKillTrigger.handleFrameworkEvent:164 
I/ActivityManager( 1016): Start proc com.android.chrome for broadcast com.android.chrome/com.google.android.apps.chrome.precache.PrecacheServiceLauncher: pid=11489 uid=10057 gids={50057, 3003, 1028, 1015}
I/ActivityManager( 1016): Killing 10695:com.google.android.apps.plus/u0a90 (adj 15): empty #9
W/ContextImpl( 1231): Calling a method in the system process without a qualified user: android.app.ContextImpl.sendBroadcast:1252 android.content.ContextWrapper.sendBroadcast:365 com.motorola.motocare.util.TriggerHelper$TriggerBuilder.send:76 com.motorola.motocare.internal.frameworkevents.ProcessKillTrigger.sendTrigger:147 com.motorola.motocare.internal.frameworkevents.ProcessKillTrigger.handleFrameworkEvent:164 
I/ActivityManager( 1016): Start proc com.google.android.apps.magazines for broadcast com.google.android.apps.magazines/com.google.apps.dots.android.newsstand.appwidget.NewsWidgetProvider: pid=11504 uid=10077 gids={50077, 3003, 1028, 1015}
I/ActivityManager( 1016): Killing 10757:com.android.vending/u0a39 (adj 10): empty #9
W/ContextImpl( 1231): Calling a method in the system process without a qualified user: android.app.ContextImpl.sendBroadcast:1252 android.content.ContextWrapper.sendBroadcast:365 com.motorola.motocare.util.TriggerHelper$TriggerBuilder.send:76 com.motorola.motocare.internal.frameworkevents.ProcessKillTrigger.sendTrigger:147 com.motorola.motocare.internal.frameworkevents.ProcessKillTrigger.handleFrameworkEvent:164 
W/ActivityManager( 1016): Scheduling restart of crashed service com.android.vending/com.google.android.finsky.billing.iab.InAppBillingService in 1000ms
W/Vold    (  261): Returning OperationFailed - no handler for errno 30
I/ActivityManager( 1016): Start proc com.google.android.apps.plus for broadcast com.google.android.apps.plus/.service.ConnectivityReceiver: pid=11547 uid=10090 gids={50090, 3003, 3002, 1028, 1015}
I/ActivityManager( 1016): Killing 10913:com.google.android.partnersetup/u0a25 (adj 15): empty #9
W/ContextImpl( 1231): Calling a method in the system process without a qualified user: android.app.ContextImpl.sendBroadcast:1252 android.content.ContextWrapper.sendBroadcast:365 com.motorola.motocare.util.TriggerHelper$TriggerBuilder.send:76 com.motorola.motocare.internal.frameworkevents.ProcessKillTrigger.sendTrigger:147 com.motorola.motocare.internal.frameworkevents.ProcessKillTrigger.handleFrameworkEvent:164 
I/ActivityManager( 1016): Start proc android.process.acore for content provider com.android.providers.contacts/.ContactsProvider2: pid=11568 uid=10010 gids={50010, 3003, 1028, 1015, 1023}
I/ActivityManager( 1016): Killing 11182:com.google.android.tts/u0a68 (adj 15): empty #9
I/ActivityManager( 1016): Killing 10341:com.giftme.fb_auth/u0a106 (adj 15): empty #10
W/ContextImpl( 1231): Calling a method in the system process without a qualified user: android.app.ContextImpl.sendBroadcast:1252 android.content.ContextWrapper.sendBroadcast:365 com.motorola.motocare.util.TriggerHelper$TriggerBuilder.send:76 com.motorola.motocare.internal.frameworkevents.ProcessKillTrigger.sendTrigger:147 com.motorola.motocare.internal.frameworkevents.ProcessKillTrigger.handleFrameworkEvent:164 
W/ContextImpl( 1231): Calling a method in the system process without a qualified user: android.app.ContextImpl.sendBroadcast:1252 android.content.ContextWrapper.sendBroadcast:365 com.motorola.motocare.util.TriggerHelper$TriggerBuilder.send:76 com.motorola.motocare.internal.frameworkevents.ProcessKillTrigger.sendTrigger:147 com.motorola.motocare.internal.frameworkevents.ProcessKillTrigger.handleFrameworkEvent:164 
W/ActivityManager( 1016): Scheduling restart of crashed service com.google.android.tts/.service.GoogleTTSService in 10563ms
I/ActivityManager( 1016): Start proc com.rhmsoft.fm:crash.feedback for broadcast com.rhmsoft.fm/com.cleanmaster.fm.receiver.ConnectivityChangeBroadcastReceiver: pid=11581 uid=10105 gids={50105, 3003, 1028, 1015}
I/ActivityManager( 1016): Killing 11150:com.google.android.apps.maps/u0a64 (adj 15): empty #9
W/ContextImpl( 1231): Calling a method in the system process without a qualified user: android.app.ContextImpl.sendBroadcast:1252 android.content.ContextWrapper.sendBroadcast:365 com.motorola.motocare.util.TriggerHelper$TriggerBuilder.send:76 com.motorola.motocare.internal.frameworkevents.ProcessKillTrigger.sendTrigger:147 com.motorola.motocare.internal.frameworkevents.ProcessKillTrigger.handleFrameworkEvent:164 
W/Vold    (  261): Returning OperationFailed - no handler for errno 30
W/Vold    (  261): Returning OperationFailed - no handler for errno 30
W/Vold    (  261): Returning OperationFailed - no handler for errno 30
I/openssl (30698): Crypto mode not selected, openssl will run on its regular mode.
I/openssl (30698): Crypto mode 0 already enabled
W/Vold    (  261): Returning OperationFailed - no handler for errno 30
D/WifiService( 1016): Client connection lost with reason: 4
W/ActivityManager( 1016): Service ServiceRecord{43846c10 u0 com.google.android.apps.maps/com.google.android.apps.gmm.prefetch.PrefetcherService} in process ProcessRecord{43127430 11150:com.google.android.apps.maps/u0a64} not same as in map: null
W/Vold    (  261): Returning OperationFailed - no handler for errno 30
W/Vold    (  261): Returning OperationFailed - no handler for errno 30
I/ActivityManager( 1016): Start proc com.google.android.gms.unstable for service com.google.android.gms/.droidguard.DroidGuardService: pid=11613 uid=10022 gids={50022, 3003, 1007, 1028, 1015, 3002, 3001, 3007, 2001, 3006}
I/ActivityManager( 1016): Start proc com.android.vending for service com.android.vending/com.google.android.finsky.billing.iab.InAppBillingService: pid=11633 uid=10039 gids={50039, 3003, 1028, 1015}
I/ActivityManager( 1016): Killing 10976:com.android.deskclock/u0a15 (adj 15): empty #9
W/ContextImpl( 1231): Calling a method in the system process without a qualified user: android.app.ContextImpl.sendBroadcast:1252 android.content.ContextWrapper.sendBroadcast:365 com.motorola.motocare.util.TriggerHelper$TriggerBuilder.send:76 com.motorola.motocare.internal.frameworkevents.ProcessKillTrigger.sendTrigger:147 com.motorola.motocare.internal.frameworkevents.ProcessKillTrigger.handleFrameworkEvent:164 
D/ConnectivityService( 1016): handleInetConditionHoldEnd: net=1, condition=100, published condition=0
I/ActivityManager( 1016): Killing 11371:com.motorola.genie/u0a26 (adj 15): empty #9
W/ContextImpl( 1231): Calling a method in the system process without a qualified user: android.app.ContextImpl.sendBroadcast:1252 android.content.ContextWrapper.sendBroadcast:365 com.motorola.motocare.util.TriggerHelper$TriggerBuilder.send:76 com.motorola.motocare.internal.frameworkevents.ProcessKillTrigger.sendTrigger:147 com.motorola.motocare.internal.frameworkevents.ProcessKillTrigger.handleFrameworkEvent:164 
V/AlarmManager( 1016): sending alarm Alarm{4289ff98 type 3 android}
I/ActivityManager( 1016): Killing 11568:android.process.acore/u0a10 (adj 15): empty #9
W/ContextImpl( 1231): Calling a method in the system process without a qualified user: android.app.ContextImpl.sendBroadcast:1252 android.content.ContextWrapper.sendBroadcast:365 com.motorola.motocare.util.TriggerHelper$TriggerBuilder.send:76 com.motorola.motocare.internal.frameworkevents.ProcessKillTrigger.sendTrigger:147 com.motorola.motocare.internal.frameworkevents.ProcessKillTrigger.handleFrameworkEvent:164 
V/AlarmManager( 1016): sending alarm Alarm{4289cda8 type 2 com.google.android.gms}
D/ConnectivityService( 1016): handleInetConditionHoldEnd: net=1, condition=100, published condition=100
I/PackageManager( 1016): Adding preferred activity ComponentInfo{com.android.mms/com.android.mms.ui.ComposeMessageActivity} for user 0 :
I/PackageManager( 1016): Adding preferred activity ComponentInfo{com.android.mms/com.android.mms.ui.ComposeMessageActivity} for user 0 :
I/ActivityManager( 1016): Start proc com.google.android.talk for broadcast com.google.android.talk/com.google.android.apps.babel.phone.PackageReplacedReceiver: pid=11699 uid=10071 gids={50071, 3003, 1028, 1015, 3002}
I/PackageManager( 1016): Adding preferred activity ComponentInfo{com.android.mms/com.android.mms.ui.ComposeMessageActivity} for user 0 :
I/PackageManager( 1016): Adding preferred activity ComponentInfo{com.android.mms/com.android.mms.ui.ComposeMessageActivity} for user 0 :
I/PackageManager( 1016): Adding preferred activity ComponentInfo{com.android.mms/com.android.mms.ui.ComposeMessageActivity} for user 0 :
I/PackageManager( 1016): Adding preferred activity ComponentInfo{com.android.mms/com.android.mms.ui.ComposeMessageActivity} for user 0 :
I/PackageManager( 1016): Adding preferred activity ComponentInfo{com.android.mms/com.android.mms.ui.ComposeMessageActivity} for user 0 :
I/PackageManager( 1016): Adding preferred activity ComponentInfo{com.android.mms/com.android.mms.ui.ComposeMessageActivity} for user 0 :
I/ActivityManager( 1016): Start proc android.process.acore for broadcast com.android.providers.contacts/.PackageIntentReceiver: pid=11731 uid=10010 gids={50010, 3003, 1028, 1015, 1023}
D/WifiService( 1016): acquireWifiLockLocked: WifiLock{NlpWifiLock type=2 binder=android.os.BinderProxy@43c0d2a0}
I/ActivityManager( 1016): Killing 11450:com.android.mms/u0a31 (adj 15): empty #9
W/ContextImpl( 1231): Calling a method in the system process without a qualified user: android.app.ContextImpl.sendBroadcast:1252 android.content.ContextWrapper.sendBroadcast:365 com.motorola.motocare.util.TriggerHelper$TriggerBuilder.send:76 com.motorola.motocare.internal.frameworkevents.ProcessKillTrigger.sendTrigger:147 com.motorola.motocare.internal.frameworkevents.ProcessKillTrigger.handleFrameworkEvent:164 
I/ActivityManager( 1016): Killing 11475:com.google.android.setupwizard/u0a42 (adj 15): empty #9
W/ContextImpl( 1231): Calling a method in the system process without a qualified user: android.app.ContextImpl.sendBroadcast:1252 android.content.ContextWrapper.sendBroadcast:365 com.motorola.motocare.util.TriggerHelper$TriggerBuilder.send:76 com.motorola.motocare.internal.frameworkevents.ProcessKillTrigger.sendTrigger:147 com.motorola.motocare.internal.frameworkevents.ProcessKillTrigger.handleFrameworkEvent:164 
