I/ModemStatsDSDetect( 1279): INET_CONDITION=100 ,activeNet=NetworkInfo: type: WIFI[], state: CONNECTED/CONNECTED, reason: (unspecified), extra: "Moulin Rouge", roaming: false, failover: false, isAvailable: true, isConnectedToProvisioningNetwork: false
I/ModemStatsDSDetect( 1279): onReceive() - done, currentInetCondition=100
D/KInfoc  (25740): clear batch timer
D/KInfoc  (25740): set batch timer
D/KInfoc  (25740):  BATCH REPORTER STARTED ........
V/AlarmManager( 1016): sending alarm Alarm{428656e0 type 2 android}
V/AlarmManager( 1016): sending alarm Alarm{42865770 type 3 android}
V/AlarmManager( 1016): sending alarm Alarm{4286beb8 type 2 com.google.android.gms}
V/AlarmManager( 1016): sending alarm Alarm{42879590 type 3 com.devexpert.weather}
D/WifiService( 1016): acquireWifiLockLocked: WifiLock{NlpWifiLock type=2 binder=android.os.BinderProxy@43bfc358}
D/WifiService( 1016): releaseWifiLockLocked: WifiLock{NlpWifiLock type=2 binder=android.os.BinderProxy@43bfc358}
D/Sensors ( 1016): AccelerationSensor: Set Sensors state 0x1
D/Sensors ( 1016): AccelerationSensor: set delay 200
D/Sensors ( 1016): AccelerationSensor: set delay 20
D/Sensors ( 1016): AccelerationSensor: Set Sensors state 0x0
V/AlarmManager( 1016): sending alarm Alarm{434fa558 type 2 com.google.android.gms}
D/Sensors ( 1016): AccelerationSensor: Set Sensors state 0x1
D/Sensors ( 1016): AccelerationSensor: set delay 20
D/Sensors ( 1016): AccelerationSensor: set delay 20
D/Sensors ( 1016): AccelerationSensor: Set Sensors state 0x0
V/AlarmManager( 1016): sending alarm Alarm{43c87cd0 type 2 com.google.android.gms}
D/Sensors ( 1016): AccelerationSensor: Set Sensors state 0x1
D/Sensors ( 1016): AccelerationSensor: set delay 20
D/Sensors ( 1016): AccelerationSensor: set delay 20
D/Sensors ( 1016): AccelerationSensor: Set Sensors state 0x0
V/AlarmManager( 1016): sending alarm Alarm{44035f18 type 3 android}
I/IsUpdateNow(31712): 60:60
I/distance(31712): 6.921343803405762
D/dalvikvm(31712): GC_EXPLICIT freed 851K, 46% free 9309K/17224K, paused 1ms+5ms, total 33ms
D/dalvikvm(31712): GC_FOR_ALLOC freed 1203K, 44% free 9790K/17224K, paused 13ms, total 15ms
D/dalvikvm(31712): GC_FOR_ALLOC freed 1487K, 43% free 9947K/17224K, paused 11ms, total 11ms
V/AlarmManager( 1016): sending alarm Alarm{44017798 type 3 com.devexpert.weather}
D/dalvikvm(31712): GC_CONCURRENT freed 1719K, 41% free 10168K/17224K, paused 1ms+3ms, total 23ms
D/dalvikvm(31712): GC_EXPLICIT freed 1802K, 45% free 9549K/17224K, paused 5ms+3ms, total 34ms
I/chromium(30409): [INFO:CONSOLE(0)] "Application Cache Checking event", source: https://googleads.g.doubleclick.net/mads/static/mad/sdk/native/sdk-core-v40-loader.html (0)
I/chromium(30409): [INFO:CONSOLE(0)] "Application Cache NoUpdate event", source: https://googleads.g.doubleclick.net/mads/static/mad/sdk/native/sdk-core-v40-loader.html (0)
V/AlarmManager( 1016): sending alarm Alarm{42fdc980 type 3 android}
V/AlarmManager( 1016): sending alarm Alarm{4431a490 type 3 com.devexpert.weather}
D/KInfoc  (25740): clear batch timer
D/KInfoc  (25740): set batch timer
D/KInfoc  (25740):  BATCH REPORTER STARTED ........
V/AlarmManager( 1016): sending alarm Alarm{42fc5c20 type 3 android}
V/AlarmManager( 1016): sending alarm Alarm{43485e68 type 3 com.devexpert.weather}
V/AlarmManager( 1016): sending alarm Alarm{43cbb940 type 3 android}
V/AlarmManager( 1016): sending alarm Alarm{442d3ad8 type 2 android}
D/ConnectivityService( 1016): Sampling interval elapsed, updating statistics ..
V/AlarmManager( 1016): sending alarm Alarm{4431b7f8 type 2 com.google.android.gms}
V/AlarmManager( 1016): sending alarm Alarm{428f46b0 type 3 com.devexpert.weather}
V/AlarmManager( 1016): sending alarm Alarm{4431b848 type 1 com.google.android.inputmethod.latin}
D/ConnectivityService( 1016): Done.
D/ConnectivityService( 1016): Setting timer for 720seconds
V/AlarmManager( 1016): sending alarm Alarm{43c32f58 type 3 android}
D/KInfoc  (25740): clear batch timer
D/KInfoc  (25740): set batch timer
D/KInfoc  (25740):  BATCH REPORTER STARTED ........
V/AlarmManager( 1016): sending alarm Alarm{43a897b8 type 3 com.devexpert.weather}
V/AlarmManager( 1016): sending alarm Alarm{43c5c158 type 2 com.google.android.gms}
W/GCM     (30376): Heartbeat timeout, GCM connection reset
D/ConnectivityService( 1016): handleInetConditionHoldEnd: net=1, condition=0, published condition=100
I/SBar.NetworkController( 1078): onReceive: ConnectivityManager.INET_CONDITION_ACTION Received
I/SBar.NetworkController( 1078): the netConditon of netType 1 is updated as 0 by android.net.conn.INET_CONDITION_ACTION,icon color should be white.
I/SBar.NetworkController( 1078): updateConnectivity: NetworkInfo: NetworkInfo: type: WIFI[], state: CONNECTED/CONNECTED, reason: (unspecified), extra: "Moulin Rouge", roaming: false, failover: false, isAvailable: true, isConnectedToProvisioningNetwork: false, inetCondition= 0
I/ModemStatsDSDetect( 1279): onReceive() -Intent { act=android.net.conn.INET_CONDITION_ACTION flg=0x4000010 (has extras) }
I/ModemStatsDSDetect( 1279): INET_CONDITION=0 ,activeNet=NetworkInfo: type: WIFI[], state: CONNECTED/CONNECTED, reason: (unspecified), extra: "Moulin Rouge", roaming: false, failover: false, isAvailable: true, isConnectedToProvisioningNetwork: false
I/ModemStatsDSDetect( 1279): Inetcondition changed, blue->white
I/ModemStatsDSDetect( 1279): onReceive() - done, currentInetCondition=0
V/AlarmManager( 1016): sending alarm Alarm{43a82958 type 2 com.google.android.gms}
D/GCM     (30376): Connected
I/GCM     (30376): GCM message com.google.android.gsf.gtalkservice 
D/GCM     (30376): Message class com.google.f.a.a.r
D/ConnectivityService( 1016): handleInetConditionHoldEnd: net=1, condition=100, published condition=0
I/ModemStatsDSDetect( 1279): onReceive() -Intent { act=android.net.conn.INET_CONDITION_ACTION flg=0x4000010 (has extras) }
I/SBar.NetworkController( 1078): onReceive: ConnectivityManager.INET_CONDITION_ACTION Received
I/SBar.NetworkController( 1078): the netConditon of netType 1 is updated as 1 by android.net.conn.INET_CONDITION_ACTION,icon color should be blue.
I/SBar.NetworkController( 1078): updateConnectivity: NetworkInfo: NetworkInfo: type: WIFI[], state: CONNECTED/CONNECTED, reason: (unspecified), extra: "Moulin Rouge", roaming: false, failover: false, isAvailable: true, isConnectedToProvisioningNetwork: false, inetCondition= 1
I/ModemStatsDSDetect( 1279): INET_CONDITION=100 ,activeNet=NetworkInfo: type: WIFI[], state: CONNECTED/CONNECTED, reason: (unspecified), extra: "Moulin Rouge", roaming: false, failover: false, isAvailable: true, isConnectedToProvisioningNetwork: false
I/ModemStatsDSDetect( 1279): Inetcondition changed, white->blue
I/ModemStatsDSDetect( 1279): onReceive() - done, currentInetCondition=100
V/AlarmManager( 1016): sending alarm Alarm{43c19980 type 3 android}
V/AlarmManager( 1016): sending alarm Alarm{43bf09e8 type 3 com.devexpert.weather}
V/AlarmManager( 1016): sending alarm Alarm{43c224e0 type 2 com.motorola.ccc.cce}
D/CCE     (30980): Registering with Alarm Manager to restart CCE
V/AlarmManager( 1016): sending alarm Alarm{43a88498 type 3 android}
V/AlarmManager( 1016): sending alarm Alarm{430461c0 type 3 com.devexpert.weather}
I/MDMCTBK (  276): NetlinkHandler, power_supply subsys
I/MDMCTBK (  276): NetlinkHandler, usbChargerStateChanged
I/MDMCTBK (  276): checkDefaultInst, current pid is = 276
I/MDMCTBK (  276): checkDefaultInst, pid match
I/MDMCTBK (  276): MdmCutbackHndler,readFromFile = /sys/class/power_supply/usb/online
I/MDMCTBK (  276): MdmCutbackHndler,readFromFile = 
E/MDMCTBK (  276): MdmCutbackHndler,Could not open ''
I/MDMCTBK (  276): NetlinkHandler, power_supply subsys
I/MDMCTBK (  276): NetlinkHandler, usbChargerStateChanged
I/MDMCTBK (  276): checkDefaultInst, current pid is = 276
I/MDMCTBK (  276): checkDefaultInst, pid match
I/MDMCTBK (  276): MdmCutbackHndler,readFromFile = /sys/class/power_supply/usb/online
I/MDMCTBK (  276): MdmCutbackHndler,readFromFile = 
E/MDMCTBK (  276): MdmCutbackHndler,Could not open ''
D/WifiService( 1016): acquireWifiLockLocked: WifiLock{NlpWifiLock type=2 binder=android.os.BinderProxy@43a8e9c8}
I/MDMCTBK (  276): NetlinkHandler, power_supply subsys
I/MDMCTBK (  276): NetlinkHandler, usbChargerStateChanged
I/MDMCTBK (  276): checkDefaultInst, current pid is = 276
I/MDMCTBK (  276): checkDefaultInst, pid match
I/MDMCTBK (  276): MdmCutbackHndler,readFromFile = /sys/class/power_supply/usb/online
I/MDMCTBK (  276): MdmCutbackHndler,readFromFile = 
E/MDMCTBK (  276): MdmCutbackHndler,Could not open ''
I/MDMCTBK (  276): NetlinkHandler, power_supply subsys
I/MDMCTBK (  276): NetlinkHandler, usbChargerStateChanged
I/MDMCTBK (  276): checkDefaultInst, current pid is = 276
I/MDMCTBK (  276): checkDefaultInst, pid match
I/MDMCTBK (  276): MdmCutbackHndler,readFromFile = /sys/class/power_supply/usb/online
I/MDMCTBK (  276): MdmCutbackHndler,readFromFile = 
E/MDMCTBK (  276): MdmCutbackHndler,Could not open ''
D/dalvikvm(30429): GC_CONCURRENT freed 2067K, 38% free 10849K/17224K, paused 4ms+4ms, total 42ms
I/MDMCTBK (  276): NetlinkHandler, power_supply subsys
I/MDMCTBK (  276): NetlinkHandler, usbChargerStateChanged
I/MDMCTBK (  276): checkDefaultInst, current pid is = 276
I/MDMCTBK (  276): checkDefaultInst, pid match
I/MDMCTBK (  276): MdmCutbackHndler,readFromFile = /sys/class/power_supply/usb/online
I/MDMCTBK (  276): MdmCutbackHndler,readFromFile = 
E/MDMCTBK (  276): MdmCutbackHndler,Could not open ''
D/WifiService( 1016): releaseWifiLockLocked: WifiLock{NlpWifiLock type=2 binder=android.os.BinderProxy@43a8e9c8}
I/MDMCTBK (  276): NetlinkHandler, power_supply subsys
I/MDMCTBK (  276): NetlinkHandler, usbChargerStateChanged
I/MDMCTBK (  276): checkDefaultInst, current pid is = 276
I/MDMCTBK (  276): checkDefaultInst, pid match
I/MDMCTBK (  276): MdmCutbackHndler,readFromFile = /sys/class/power_supply/usb/online
I/MDMCTBK (  276): MdmCutbackHndler,readFromFile = 
E/MDMCTBK (  276): MdmCutbackHndler,Could not open ''
I/MDMCTBK (  276): NetlinkHandler, power_supply subsys
I/MDMCTBK (  276): NetlinkHandler, usbChargerStateChanged
I/MDMCTBK (  276): checkDefaultInst, current pid is = 276
I/MDMCTBK (  276): checkDefaultInst, pid match
I/MDMCTBK (  276): MdmCutbackHndler,readFromFile = /sys/class/power_supply/usb/online
I/MDMCTBK (  276): MdmCutbackHndler,readFromFile = 
E/MDMCTBK (  276): MdmCutbackHndler,Could not open ''
I/MDMCTBK (  276): NetlinkHandler, power_supply subsys
I/MDMCTBK (  276): NetlinkHandler, usbChargerStateChanged
I/MDMCTBK (  276): checkDefaultInst, current pid is = 276
I/MDMCTBK (  276): checkDefaultInst, pid match
I/MDMCTBK (  276): MdmCutbackHndler,readFromFile = /sys/class/power_supply/usb/online
I/MDMCTBK (  276): MdmCutbackHndler,readFromFile = 
E/MDMCTBK (  276): MdmCutbackHndler,Could not open ''
V/AlarmManager( 1016): sending alarm Alarm{43fb6738 type 3 android}
I/MDMCTBK (  276): NetlinkHandler, power_supply subsys
I/MDMCTBK (  276): NetlinkHandler, usbChargerStateChanged
I/MDMCTBK (  276): checkDefaultInst, current pid is = 276
I/MDMCTBK (  276): checkDefaultInst, pid match
I/MDMCTBK (  276): MdmCutbackHndler,readFromFile = /sys/class/power_supply/usb/online
I/MDMCTBK (  276): MdmCutbackHndler,readFromFile = 
E/MDMCTBK (  276): MdmCutbackHndler,Could not open ''
V/AlarmManager( 1016): sending alarm Alarm{43fb67f8 type 3 com.devexpert.weather}
V/AlarmManager( 1016): sending alarm Alarm{4431a720 type 2 com.facebook.katana}
D/KInfoc  (25740): clear batch timer
D/KInfoc  (25740): set batch timer
D/KInfoc  (25740):  BATCH REPORTER STARTED ........
V/AlarmManager( 1016): sending alarm Alarm{443cb7e0 type 3 android}
V/AlarmManager( 1016): sending alarm Alarm{443ecb80 type 1 com.android.deskclock}
V/AlarmManager( 1016): sending alarm Alarm{443cb6c0 type 2 com.facebook.katana}
V/AlarmManager( 1016): sending alarm Alarm{440156d0 type 3 com.devexpert.weather}
V/AlarmManager( 1016): sending alarm Alarm{44015780 type 2 com.facebook.katana}
V/AlarmManager( 1016): sending alarm Alarm{440157d0 type 2 com.google.android.gms}
D/GCM     (30376): Message class com.google.f.a.a.i
D/ConnectivityService( 1016): handleInetConditionHoldEnd: net=1, condition=100, published condition=100
I/ModemStatsDSDetect( 1279): onReceive() -Intent { act=android.net.conn.INET_CONDITION_ACTION flg=0x4000010 (has extras) }
I/ModemStatsDSDetect( 1279): INET_CONDITION=100 ,activeNet=NetworkInfo: type: WIFI[], state: CONNECTED/CONNECTED, reason: (unspecified), extra: "Moulin Rouge", roaming: false, failover: false, isAvailable: true, isConnectedToProvisioningNetwork: false
I/ModemStatsDSDetect( 1279): onReceive() - done, currentInetCondition=100
I/SBar.NetworkController( 1078): onReceive: ConnectivityManager.INET_CONDITION_ACTION Received
I/SBar.NetworkController( 1078): updateConnectivity: NetworkInfo: NetworkInfo: type: WIFI[], state: CONNECTED/CONNECTED, reason: (unspecified), extra: "Moulin Rouge", roaming: false, failover: false, isAvailable: true, isConnectedToProvisioningNetwork: false, inetCondition= 1
V/AlarmManager( 1016): sending alarm Alarm{443b73d0 type 3 android}
V/AlarmManager( 1016): sending alarm Alarm{4347c818 type 3 com.devexpert.weather}
V/AlarmManager( 1016): sending alarm Alarm{4347c8c8 type 3 android}
V/AlarmManager( 1016): sending alarm Alarm{42fb0a90 type 3 android}
V/AlarmManager( 1016): sending alarm Alarm{430cb060 type 3 com.devexpert.weather}
D/KInfoc  (25740): clear batch timer
D/KInfoc  (25740): set batch timer
D/KInfoc  (25740):  BATCH REPORTER STARTED ........
V/AlarmManager( 1016): sending alarm Alarm{42f7faf0 type 3 android}
V/AlarmManager( 1016): sending alarm Alarm{430104e8 type 3 com.devexpert.weather}
V/AlarmManager( 1016): sending alarm Alarm{42fed768 type 3 android}
V/AlarmManager( 1016): sending alarm Alarm{4384d7e8 type 3 com.devexpert.weather}
V/AlarmManager( 1016): sending alarm Alarm{430601c8 type 3 android}
V/AlarmManager( 1016): sending alarm Alarm{4358fb60 type 3 com.devexpert.weather}
D/KInfoc  (25740): clear batch timer
D/KInfoc  (25740): set batch timer
D/KInfoc  (25740):  BATCH REPORTER STARTED ........
V/AlarmManager( 1016): sending alarm Alarm{43002468 type 3 android}
V/AlarmManager( 1016): sending alarm Alarm{43094ef0 type 3 com.devexpert.weather}
V/AlarmManager( 1016): sending alarm Alarm{4346a030 type 3 android}
V/AlarmManager( 1016): sending alarm Alarm{4347c918 type 2 com.google.android.gms}
V/AlarmManager( 1016): sending alarm Alarm{43fc31a8 type 3 com.devexpert.weather}
V/AlarmManager( 1016): sending alarm Alarm{4347c9f0 type 2 android}
I/ProcessStatsService( 1016): Prepared write state in 11ms
D/ConnectivityService( 1016): Sampling interval elapsed, updating statistics ..
D/ConnectivityService( 1016): Done.
D/ConnectivityService( 1016): Setting timer for 720seconds
I/GoogleURLConnFactory(30376): Using platform SSLCertificateSocketFactory
W/Uploader(30376): No account for auth token provided
W/Uploader(30376): No account for auth token provided
V/AlarmManager( 1016): sending alarm Alarm{434b1530 type 3 android}
V/AlarmManager( 1016): sending alarm Alarm{434b1608 type 2 com.google.android.gms}
V/AlarmManager( 1016): sending alarm Alarm{434b16e0 type 3 com.devexpert.weather}
D/WifiService( 1016): acquireWifiLockLocked: WifiLock{NlpWifiLock type=2 binder=android.os.BinderProxy@443c02e0}
D/WifiService( 1016): releaseWifiLockLocked: WifiLock{NlpWifiLock type=2 binder=android.os.BinderProxy@443c02e0}
V/AlarmManager( 1016): sending alarm Alarm{439b89e0 type 2 com.google.android.gms}
W/GCM     (30376): Heartbeat timeout, GCM connection reset
D/ConnectivityService( 1016): handleInetConditionHoldEnd: net=1, condition=0, published condition=100
I/SBar.NetworkController( 1078): onReceive: ConnectivityManager.INET_CONDITION_ACTION Received
I/ModemStatsDSDetect( 1279): onReceive() -Intent { act=android.net.conn.INET_CONDITION_ACTION flg=0x4000010 (has extras) }
I/SBar.NetworkController( 1078): the netConditon of netType 1 is updated as 0 by android.net.conn.INET_CONDITION_ACTION,icon color should be white.
I/SBar.NetworkController( 1078): updateConnectivity: NetworkInfo: NetworkInfo: type: WIFI[], state: CONNECTED/CONNECTED, reason: (unspecified), extra: "Moulin Rouge", roaming: false, failover: false, isAvailable: true, isConnectedToProvisioningNetwork: false, inetCondition= 0
I/ModemStatsDSDetect( 1279): INET_CONDITION=0 ,activeNet=NetworkInfo: type: WIFI[], state: CONNECTED/CONNECTED, reason: (unspecified), extra: "Moulin Rouge", roaming: false, failover: false, isAvailable: true, isConnectedToProvisioningNetwork: false
I/ModemStatsDSDetect( 1279): Inetcondition changed, blue->white
I/ModemStatsDSDetect( 1279): onReceive() - done, currentInetCondition=0
D/KInfoc  (25740): clear batch timer
D/KInfoc  (25740): set batch timer
D/KInfoc  (25740):  BATCH REPORTER STARTED ........
V/AlarmManager( 1016): sending alarm Alarm{42fff290 type 2 com.google.android.gms}
D/GCM     (30376): Connected
I/GCM     (30376): GCM message com.google.android.gsf.gtalkservice 
D/GCM     (30376): Message class com.google.f.a.a.r
D/ConnectivityService( 1016): handleInetConditionHoldEnd: net=1, condition=100, published condition=0
I/ModemStatsDSDetect( 1279): onReceive() -Intent { act=android.net.conn.INET_CONDITION_ACTION flg=0x4000010 (has extras) }
I/SBar.NetworkController( 1078): onReceive: ConnectivityManager.INET_CONDITION_ACTION Received
I/SBar.NetworkController( 1078): the netConditon of netType 1 is updated as 1 by android.net.conn.INET_CONDITION_ACTION,icon color should be blue.
I/ModemStatsDSDetect( 1279): INET_CONDITION=100 ,activeNet=NetworkInfo: type: WIFI[], state: CONNECTED/CONNECTED, reason: (unspecified), extra: "Moulin Rouge", roaming: false, failover: false, isAvailable: true, isConnectedToProvisioningNetwork: false
I/ModemStatsDSDetect( 1279): Inetcondition changed, white->blue
I/ModemStatsDSDetect( 1279): onReceive() - done, currentInetCondition=100
I/SBar.NetworkController( 1078): updateConnectivity: NetworkInfo: NetworkInfo: type: WIFI[], state: CONNECTED/CONNECTED, reason: (unspecified), extra: "Moulin Rouge", roaming: false, failover: false, isAvailable: true, isConnectedToProvisioningNetwork: false, inetCondition= 1
V/AlarmManager( 1016): sending alarm Alarm{434824b8 type 3 android}
V/AlarmManager( 1016): sending alarm Alarm{438683c8 type 3 com.devexpert.weather}
V/AlarmManager( 1016): sending alarm Alarm{439a9b58 type 3 android}
V/AlarmManager( 1016): sending alarm Alarm{43524018 type 3 com.devexpert.weather}
V/AlarmManager( 1016): sending alarm Alarm{443c2b78 type 3 android}
V/AlarmManager( 1016): sending alarm Alarm{443cadf8 type 3 com.devexpert.weather}
D/KInfoc  (25740): clear batch timer
D/KInfoc  (25740): set batch timer
D/KInfoc  (25740):  BATCH REPORTER STARTED ........
V/AlarmManager( 1016): sending alarm Alarm{43cba040 type 3 android}
V/AlarmManager( 1016): sending alarm Alarm{43502538 type 3 com.devexpert.weather}
V/AlarmManager( 1016): sending alarm Alarm{438684a0 type 2 com.google.android.gms}
V/AlarmManager( 1016): sending alarm Alarm{43868578 type 2 android}
V/AlarmManager( 1016): sending alarm Alarm{438685c8 type 0 com.google.android.gms}
D/WifiStateMachine( 1016): handleMessage: E msg.what=196612
D/WifiStateMachine( 1016): processMsg: ConnectedState
D/WifiStateMachine( 1016): processMsg: L2ConnectedState
D/WifiStateMachine( 1016): setSuspendOptimizationsNative: 1 false
I/EventLogService(30409): Aggregate from 1428086650890 (log), 1428086461880 (data)
E/WifiStateMachine( 1016): Unexpected BatchedScanResults :OK
D/WifiP2pService( 1016): InactiveState{ when=0 what=143375 arg1=1 arg2=196615 obj=android.net.DhcpStateMachine@4290d258 target=com.android.internal.util.StateMachine$SmHandler }
D/WifiP2pService( 1016): P2pEnabledState{ when=-2ms what=143375 arg1=1 arg2=196615 obj=android.net.DhcpStateMachine@4290d258 target=com.android.internal.util.StateMachine$SmHandler }
D/WifiStateMachine( 1016): handleMessage: X
D/GCM     (30376): Message class com.google.f.a.a.i
D/ConnectivityService( 1016): handleInetConditionHoldEnd: net=1, condition=100, published condition=100
I/ModemStatsDSDetect( 1279): onReceive() -Intent { act=android.net.conn.INET_CONDITION_ACTION flg=0x4000010 (has extras) }
I/ModemStatsDSDetect( 1279): INET_CONDITION=100 ,activeNet=NetworkInfo: type: WIFI[], state: CONNECTED/CONNECTED, reason: (unspecified), extra: "Moulin Rouge", roaming: false, failover: false, isAvailable: true, isConnectedToProvisioningNetwork: false
I/ModemStatsDSDetect( 1279): onReceive() - done, currentInetCondition=100
I/SBar.NetworkController( 1078): onReceive: ConnectivityManager.INET_CONDITION_ACTION Received
I/SBar.NetworkController( 1078): updateConnectivity: NetworkInfo: NetworkInfo: type: WIFI[], state: CONNECTED/CONNECTED, reason: (unspecified), extra: "Moulin Rouge", roaming: false, failover: false, isAvailable: true, isConnectedToProvisioningNetwork: false, inetCondition= 1
D/WifiStateMachine( 1016): handleMessage: E msg.what=196613
D/WifiStateMachine( 1016): processMsg: ConnectedState
D/WifiStateMachine( 1016): processMsg: L2ConnectedState
D/WifiStateMachine( 1016): setSuspendOptimizationsNative: 1 true
D/WifiP2pService( 1016): InactiveState{ when=0 what=143375 target=com.android.internal.util.StateMachine$SmHandler }
D/WifiP2pService( 1016): P2pEnabledState{ when=-1ms what=143375 target=com.android.internal.util.StateMachine$SmHandler }
D/WifiStateMachine( 1016): DHCP successful
D/WifiStateMachine( 1016): Calling ARP set with IP = 192.168.1.13
D/WifiStateMachine( 1016): transitionTo: destState=VerifyingLinkState
D/WifiStateMachine( 1016): handleMessage: new destination call exit/enter
D/WifiStateMachine( 1016): setupTempStateStackWithStatesToEnter: X mTempStateStackCount=1,curStateInfo: state=L2ConnectedState,active=true,parent=ConnectModeState
D/WifiStateMachine( 1016): invokeExitMethods: ConnectedState
D/WifiStateMachine( 1016): moveTempStackToStateStack: i=0,j=5
D/WifiStateMachine( 1016): moveTempStackToStateStack: X mStateStackTop=5,startingIndex=5,Top=VerifyingLinkState
D/WifiStateMachine( 1016): invokeEnterMethods: VerifyingLinkState
D/WifiStateMachine( 1016): VerifyingLinkState enter
D/WifiStateMachine( 1016): setDetailed state, old =CONNECTED and new state=VERIFYING_POOR_LINK
I/SBar.NetworkController( 1078): onReceive: WifiManager.NETWORK_STATE_CHANGED_ACTION Received
I/ActivityManager( 1016): Start proc com.motorola.genie for broadcast com.motorola.genie/.prefetch.WiFiStatusReceiver: pid=32053 uid=10026 gids={50026, 3003, 1028, 1015}
I/SBar.NetworkController( 1078): refreshSignalCluster: wifi: mWifiConnected=false Wifi=zz_moto_stat_sys_wifi_signal_null_wide Activity=(none) in=false out=false Accessibility="Wi-Fi disconnected."
I/SBar.NetworkController( 1078): refreshSignalCluster: mobile: Signal=zz_moto_stat_sys_signal_emergency_only_wide Roaming=(none) mSimIconId=zz_moto_stat_sys_no_sim_wide Accessibility="Emergency calls only.","","No SIM card."
I/SBar.NetworkController( 1078): refreshSignalCluster: mobile: mHasMobileDataFeature=true DataTypeShown=(none) Activity=(none) in=false out=false Accessibility="No data."
D/WifiStateMachine( 1016): moveDeferredMessageAtFrontOfQueue; what=131152
D/WifiStateMachine( 1016): moveDeferredMessageAtFrontOfQueue; what=131152
D/WifiStateMachine( 1016): moveDeferredMessageAtFrontOfQueue; what=131152
D/WifiStateMachine( 1016): moveDeferredMessageAtFrontOfQueue; what=131152
D/WifiStateMachine( 1016): moveDeferredMessageAtFrontOfQueue; what=131152
D/WifiStateMachine( 1016): moveDeferredMessageAtFrontOfQueue; what=131152
D/WifiStateMachine( 1016): moveDeferredMessageAtFrontOfQueue; what=131152
D/WifiStateMachine( 1016): moveDeferredMessageAtFrontOfQueue; what=131152
D/WifiStateMachine( 1016): handleMessage: X
D/WifiStateMachine( 1016): handleMessage: E msg.what=131152
D/WifiStateMachine( 1016): processMsg: VerifyingLinkState
D/WifiStateMachine( 1016): VerifyingLinkState what=131152 NOT_HANDLED
D/WifiStateMachine( 1016): processMsg: L2ConnectedState
D/WifiStateMachine( 1016): deferMessage: msg=131152
D/WifiStateMachine( 1016): handleMessage: X
D/WifiStateMachine( 1016): handleMessage: E msg.what=131152
D/WifiStateMachine( 1016): processMsg: VerifyingLinkState
D/WifiStateMachine( 1016): VerifyingLinkState what=131152 NOT_HANDLED
D/WifiStateMachine( 1016): processMsg: L2ConnectedState
D/WifiStateMachine( 1016): deferMessage: msg=131152
D/WifiStateMachine( 1016): handleMessage: X
D/WifiStateMachine( 1016): handleMessage: E msg.what=131152
D/WifiStateMachine( 1016): processMsg: VerifyingLinkState
D/WifiStateMachine( 1016): VerifyingLinkState what=131152 NOT_HANDLED
D/WifiStateMachine( 1016): processMsg: L2ConnectedState
D/WifiStateMachine( 1016): deferMessage: msg=131152
D/WifiStateMachine( 1016): handleMessage: X
D/WifiStateMachine( 1016): handleMessage: E msg.what=131152
D/WifiStateMachine( 1016): processMsg: VerifyingLinkState
D/WifiStateMachine( 1016): VerifyingLinkState what=131152 NOT_HANDLED
D/WifiStateMachine( 1016): processMsg: L2ConnectedState
D/WifiStateMachine( 1016): deferMessage: msg=131152
D/WifiStateMachine( 1016): handleMessage: X
D/WifiStateMachine( 1016): handleMessage: E msg.what=131152
D/WifiStateMachine( 1016): processMsg: VerifyingLinkState
D/WifiStateMachine( 1016): VerifyingLinkState what=131152 NOT_HANDLED
D/WifiStateMachine( 1016): processMsg: L2ConnectedState
D/WifiStateMachine( 1016): deferMessage: msg=131152
D/WifiStateMachine( 1016): handleMessage: X
D/WifiStateMachine( 1016): handleMessage: E msg.what=131152
D/WifiStateMachine( 1016): processMsg: VerifyingLinkState
D/WifiStateMachine( 1016): VerifyingLinkState what=131152 NOT_HANDLED
D/WifiStateMachine( 1016): processMsg: L2ConnectedState
D/WifiStateMachine( 1016): deferMessage: msg=131152
D/WifiStateMachine( 1016): handleMessage: X
D/WifiStateMachine( 1016): handleMessage: E msg.what=131152
D/WifiStateMachine( 1016): processMsg: VerifyingLinkState
D/WifiStateMachine( 1016): VerifyingLinkState what=131152 NOT_HANDLED
D/WifiStateMachine( 1016): processMsg: L2ConnectedState
D/WifiStateMachine( 1016): deferMessage: msg=131152
D/WifiStateMachine( 1016): handleMessage: X
D/WifiStateMachine( 1016): handleMessage: E msg.what=131152
D/WifiStateMachine( 1016): processMsg: VerifyingLinkState
D/WifiStateMachine( 1016): VerifyingLinkState what=131152 NOT_HANDLED
D/WifiStateMachine( 1016): processMsg: L2ConnectedState
D/WifiStateMachine( 1016): deferMessage: msg=131152
D/WifiStateMachine( 1016): handleMessage: X
D/WifiStateMachine( 1016): handleMessage: E msg.what=151572
D/WifiStateMachine( 1016): processMsg: VerifyingLinkState
D/WifiStateMachine( 1016): VerifyingLinkState what=151572 NOT_HANDLED
D/WifiStateMachine( 1016): processMsg: L2ConnectedState
I/SBar.NetworkController( 1078): onReceive: WifiManager.RSSI_CHANGED_ACTION Received
D/WifiStateMachine( 1016): handleMessage: X
D/WifiStateMachine( 1016): handleMessage: E msg.what=135190
D/WifiStateMachine( 1016): processMsg: VerifyingLinkState
D/WifiStateMachine( 1016): VerifyingLinkState GOOD_LINK_DETECTED: transition to captive portal check
D/WifiStateMachine( 1016): transitionTo: destState=CaptivePortalCheckState
D/WifiStateMachine( 1016): handleMessage: new destination call exit/enter
D/WifiStateMachine( 1016): setupTempStateStackWithStatesToEnter: X mTempStateStackCount=1,curStateInfo: state=L2ConnectedState,active=true,parent=ConnectModeState
D/WifiStateMachine( 1016): invokeExitMethods: VerifyingLinkState
D/WifiStateMachine( 1016): moveTempStackToStateStack: i=0,j=5
D/WifiStateMachine( 1016): moveTempStackToStateStack: X mStateStackTop=5,startingIndex=5,Top=CaptivePortalCheckState
D/WifiStateMachine( 1016): invokeEnterMethods: CaptivePortalCheckState
D/WifiStateMachine( 1016): CaptivePortalCheckState enter
D/WifiStateMachine( 1016): setDetailed state, old =VERIFYING_POOR_LINK and new state=CAPTIVE_PORTAL_CHECK
I/SBar.NetworkController( 1078): onReceive: WifiManager.NETWORK_STATE_CHANGED_ACTION Received
D/WifiStateMachine( 1016): moveDeferredMessageAtFrontOfQueue; what=131152
D/WifiStateMachine( 1016): moveDeferredMessageAtFrontOfQueue; what=131152
D/WifiStateMachine( 1016): moveDeferredMessageAtFrontOfQueue; what=131152
D/WifiStateMachine( 1016): moveDeferredMessageAtFrontOfQueue; what=131152
D/WifiStateMachine( 1016): moveDeferredMessageAtFrontOfQueue; what=131152
D/ConnectivityService( 1016): Captive portal check NetworkInfo: type: WIFI[], state: CONNECTING/CAPTIVE_PORTAL_CHECK, reason: (unspecified), extra: "Moulin Rouge", roaming: false, failover: false, isAvailable: true, isConnectedToProvisioningNetwork: false
D/WifiStateMachine( 1016): moveDeferredMessageAtFrontOfQueue; what=131152
D/WifiStateMachine( 1016): moveDeferredMessageAtFrontOfQueue; what=131152
D/ConnectivityService( 1016): handleCaptivePortalTrackerCheck: call captivePortalCheckComplete ni=NetworkInfo: type: WIFI[], state: CONNECTING/CAPTIVE_PORTAL_CHECK, reason: (unspecified), extra: "Moulin Rouge", roaming: false, failover: false, isAvailable: true, isConnectedToProvisioningNetwork: false
D/WifiStateMachine( 1016): moveDeferredMessageAtFrontOfQueue; what=131152
D/WifiStateMachine( 1016): handleMessage: X
D/WifiStateMachine( 1016): handleMessage: E msg.what=131152
D/WifiStateMachine( 1016): processMsg: CaptivePortalCheckState
D/WifiStateMachine( 1016): processMsg: L2ConnectedState
D/ConnectivityService( 1016): Captive portal check NetworkInfo: type: WIFI[], state: CONNECTING/CAPTIVE_PORTAL_CHECK, reason: (unspecified), extra: "Moulin Rouge", roaming: false, failover: false, isAvailable: true, isConnectedToProvisioningNetwork: false
D/WifiStateMachine( 1016): deferMessage: msg=131152
D/WifiStateMachine( 1016): handleMessage: X
D/ConnectivityService( 1016): handleCaptivePortalTrackerCheck: call captivePortalCheckComplete ni=NetworkInfo: type: WIFI[], state: CONNECTING/CAPTIVE_PORTAL_CHECK, reason: (unspecified), extra: "Moulin Rouge", roaming: false, failover: false, isAvailable: true, isConnectedToProvisioningNetwork: false
D/WifiStateMachine( 1016): handleMessage: E msg.what=131152
D/WifiStateMachine( 1016): processMsg: CaptivePortalCheckState
D/WifiStateMachine( 1016): processMsg: L2ConnectedState
D/WifiStateMachine( 1016): deferMessage: msg=131152
D/WifiStateMachine( 1016): handleMessage: X
D/WifiStateMachine( 1016): handleMessage: E msg.what=131152
D/WifiStateMachine( 1016): processMsg: CaptivePortalCheckState
D/WifiStateMachine( 1016): processMsg: L2ConnectedState
D/WifiStateMachine( 1016): deferMessage: msg=131152
D/WifiStateMachine( 1016): handleMessage: X
D/WifiStateMachine( 1016): handleMessage: E msg.what=131152
D/WifiStateMachine( 1016): processMsg: CaptivePortalCheckState
D/WifiStateMachine( 1016): processMsg: L2ConnectedState
D/WifiStateMachine( 1016): deferMessage: msg=131152
D/WifiStateMachine( 1016): handleMessage: X
D/WifiStateMachine( 1016): handleMessage: E msg.what=131152
D/WifiStateMachine( 1016): processMsg: CaptivePortalCheckState
D/WifiStateMachine( 1016): processMsg: L2ConnectedState
D/WifiStateMachine( 1016): deferMessage: msg=131152
D/WifiStateMachine( 1016): handleMessage: X
D/WifiStateMachine( 1016): handleMessage: E msg.what=131152
D/WifiStateMachine( 1016): processMsg: CaptivePortalCheckState
D/WifiStateMachine( 1016): processMsg: L2ConnectedState
D/WifiStateMachine( 1016): deferMessage: msg=131152
D/WifiStateMachine( 1016): handleMessage: X
D/WifiStateMachine( 1016): handleMessage: E msg.what=131152
D/WifiStateMachine( 1016): processMsg: CaptivePortalCheckState
D/WifiStateMachine( 1016): processMsg: L2ConnectedState
D/WifiStateMachine( 1016): deferMessage: msg=131152
D/WifiStateMachine( 1016): handleMessage: X
D/WifiStateMachine( 1016): handleMessage: E msg.what=131152
D/WifiStateMachine( 1016): processMsg: CaptivePortalCheckState
D/WifiStateMachine( 1016): processMsg: L2ConnectedState
D/WifiStateMachine( 1016): deferMessage: msg=131152
D/WifiStateMachine( 1016): handleMessage: X
D/WifiStateMachine( 1016): handleMessage: E msg.what=131092
D/WifiStateMachine( 1016): processMsg: CaptivePortalCheckState
D/WifiStateMachine( 1016): CaptivePortalCheckState CMD_CAPTIVE_CHECK_COMPLETE
D/WifiStateMachine( 1016): setDetailed state, old =CAPTIVE_PORTAL_CHECK and new state=CONNECTED
D/Checkin ( 1016): publish the event [tag = MOT_WIFI_L1 event name = CONNECT]
D/ConnectivityService( 1016): ConnectivityChange for WIFI: CONNECTED/CONNECTED
V/ConnectivityService( 1016): WiFi NOT Tethered!
I/SBar.NetworkController( 1078): onReceive: WifiManager.NETWORK_STATE_CHANGED_ACTION Received
E/ConnectivityService( 1016): Unexpected mtu value: android.net.wifi.WifiStateTracker@42f7b6f8
D/WifiStateMachine( 1016): transitionTo: destState=ConnectedState
D/WifiStateMachine( 1016): handleMessage: new destination call exit/enter
D/WifiStateMachine( 1016): setupTempStateStackWithStatesToEnter: X mTempStateStackCount=1,curStateInfo: state=L2ConnectedState,active=true,parent=ConnectModeState
D/WifiStateMachine( 1016): invokeExitMethods: CaptivePortalCheckState
D/WifiStateMachine( 1016): moveTempStackToStateStack: i=0,j=5
D/WifiStateMachine( 1016): moveTempStackToStateStack: X mStateStackTop=5,startingIndex=5,Top=ConnectedState
D/WifiStateMachine( 1016): invokeEnterMethods: ConnectedState
D/WifiStateMachine( 1016): moveDeferredMessageAtFrontOfQueue; what=131152
D/WifiStateMachine( 1016): moveDeferredMessageAtFrontOfQueue; what=131152
D/WifiStateMachine( 1016): moveDeferredMessageAtFrontOfQueue; what=131152
D/WifiStateMachine( 1016): moveDeferredMessageAtFrontOfQueue; what=131152
D/WifiStateMachine( 1016): moveDeferredMessageAtFrontOfQueue; what=131152
D/WifiStateMachine( 1016): moveDeferredMessageAtFrontOfQueue; what=131152
D/WifiStateMachine( 1016): moveDeferredMessageAtFrontOfQueue; what=131152
D/WifiStateMachine( 1016): moveDeferredMessageAtFrontOfQueue; what=131152
D/WifiStateMachine( 1016): handleMessage: X
D/WifiStateMachine( 1016): handleMessage: E msg.what=131152
D/WifiStateMachine( 1016): processMsg: ConnectedState
D/WifiStateMachine( 1016): processMsg: L2ConnectedState
D/WifiStateMachine( 1016): deferMessage: msg=131152
D/WifiStateMachine( 1016): handleMessage: X
D/WifiStateMachine( 1016): handleMessage: E msg.what=131152
D/WifiStateMachine( 1016): processMsg: ConnectedState
D/WifiStateMachine( 1016): processMsg: L2ConnectedState
D/WifiStateMachine( 1016): deferMessage: msg=131152
D/WifiStateMachine( 1016): handleMessage: X
D/ConnectivityService( 1016): handleConnectivityChange: address are the same reset per doReset linkProperty[1]: resetMask=0
I/SBar.NetworkController( 1078): refreshSignalCluster: wifi: mWifiConnected=true Wifi=zz_moto_stat_sys_wifi_signal_0_wide Activity=(none) in=false out=false Accessibility="Wi-Fi disconnected."
D/Nat464Xlat( 1016): requiresClat: netType=1, hasIPv4Address=true
D/WifiStateMachine( 1016): handleMessage: E msg.what=131152
D/WifiStateMachine( 1016): processMsg: ConnectedState
D/WifiStateMachine( 1016): processMsg: L2ConnectedState
D/WifiStateMachine( 1016): deferMessage: msg=131152
D/WifiStateMachine( 1016): handleMessage: X
D/WifiStateMachine( 1016): handleMessage: E msg.what=131152
D/WifiStateMachine( 1016): processMsg: ConnectedState
D/WifiStateMachine( 1016): processMsg: L2ConnectedState
D/WifiStateMachine( 1016): deferMessage: msg=131152
D/WifiStateMachine( 1016): handleMessage: X
D/WifiStateMachine( 1016): handleMessage: E msg.what=131152
D/WifiStateMachine( 1016): processMsg: ConnectedState
D/WifiStateMachine( 1016): processMsg: L2ConnectedState
D/WifiStateMachine( 1016): deferMessage: msg=131152
I/SBar.NetworkController( 1078): onReceive: WifiManager.RSSI_CHANGED_ACTION Received
D/WifiStateMachine( 1016): handleMessage: X
D/WifiStateMachine( 1016): handleMessage: E msg.what=131152
D/WifiStateMachine( 1016): processMsg: ConnectedState
D/WifiStateMachine( 1016): processMsg: L2ConnectedState
D/WifiStateMachine( 1016): deferMessage: msg=131152
D/WifiStateMachine( 1016): handleMessage: X
D/WifiStateMachine( 1016): handleMessage: E msg.what=131152
D/WifiStateMachine( 1016): processMsg: ConnectedState
D/WifiStateMachine( 1016): processMsg: L2ConnectedState
D/WifiStateMachine( 1016): deferMessage: msg=131152
D/WifiStateMachine( 1016): handleMessage: X
D/WifiStateMachine( 1016): handleMessage: E msg.what=131152
D/WifiStateMachine( 1016): processMsg: ConnectedState
D/WifiStateMachine( 1016): processMsg: L2ConnectedState
D/WifiStateMachine( 1016): deferMessage: msg=131152
D/WifiStateMachine( 1016): handleMessage: X
D/WifiStateMachine( 1016): handleMessage: E msg.what=131092
D/WifiStateMachine( 1016): processMsg: ConnectedState
D/WifiStateMachine( 1016): processMsg: L2ConnectedState
D/WifiStateMachine( 1016): processMsg: ConnectModeState
D/WifiStateMachine( 1016): processMsg: DriverStartedState
D/WifiStateMachine( 1016): processMsg: SupplicantStartedState
D/WifiStateMachine( 1016): processMsg: DefaultState
D/WifiStateMachine( 1016): handleMessage: X
I/SBar.NetworkController( 1078): refreshSignalCluster: wifi: mWifiConnected=true Wifi=zz_moto_stat_sys_wifi_signal_4_fully_wide Activity=(none) in=false out=false Accessibility="Wi-Fi signal full."
D/ConnectivityService( 1016): ConnectivityChange for WIFI: CONNECTED/CONNECTED
V/ConnectivityService( 1016): WiFi NOT Tethered!
E/ConnectivityService( 1016): Unexpected mtu value: android.net.wifi.WifiStateTracker@42f7b6f8
I/ModemStatsDSDetect( 1279): onReceive() -Intent { act=android.net.conn.CONNECTIVITY_CHANGE_IMMEDIATE flg=0x4000010 (has extras) }
I/ModemStatsDSDetect( 1279): INET_CONDITION=0 ,activeNet=NetworkInfo: type: WIFI[], state: CONNECTED/CONNECTED, reason: (unspecified), extra: "Moulin Rouge", roaming: false, failover: false, isAvailable: true, isConnectedToProvisioningNetwork: false
I/ModemStatsDSDetect( 1279): Inetcondition changed, blue->white
I/ModemStatsDSDetect( 1279): onReceive() - done, currentInetCondition=0
D/ConnectivityService( 1016): handleConnectivityChange: address are the same reset per doReset linkProperty[1]: resetMask=0
D/Nat464Xlat( 1016): requiresClat: netType=1, hasIPv4Address=true
I/ModemStatsDSDetect( 1279): onReceive() -Intent { act=android.net.conn.CONNECTIVITY_CHANGE_IMMEDIATE flg=0x4000010 (has extras) }
I/ModemStatsDSDetect( 1279): INET_CONDITION=0 ,activeNet=NetworkInfo: type: WIFI[], state: CONNECTED/CONNECTED, reason: (unspecified), extra: "Moulin Rouge", roaming: false, failover: false, isAvailable: true, isConnectedToProvisioningNetwork: false
I/ModemStatsDSDetect( 1279): onReceive() - done, currentInetCondition=0
I/GCoreUlr(30429): Wifi connected, attempting upload
I/GCoreUlr(30429): Starting service, intent=Intent { act=com.google.android.location.reporting.WIFI_TRIGGERED_UPLOAD cmp=com.google.android.gms/com.google.android.location.reporting.service.DispatchingService }, extras=null
D/CCE     (30980): App motocare requested CCE to send settings
I/GCoreUlr(30429): DispatchingService.onCreate()
W/GCoreUlr(30429): DispatchingService ignoring Intent { act=com.google.android.location.reporting.WIFI_TRIGGERED_UPLOAD cmp=com.google.android.gms/com.google.android.location.reporting.service.DispatchingService } because ULR inactive
I/GCoreUlr(30429): DispatchingService.onDestroy()
I/GCoreUlr(30429): Unbound from all location providers
D/ConnectivityService( 1016): NetTransition Wakelock for ConnectedState released by timeout
D/Tethering( 1016): MasterInitialState.processMessage what=3
I/SBar.NetworkController( 1078): onReceive: ConnectivityManager.CONNECTIVITY_ACTION Received
W/XTWiFiOS( 1267): No entry in secure settings for enhanced location services: false
D/PollingManager(30980): connectivity_action: NetworkInfo: type: WIFI[], state: CONNECTED/CONNECTED, reason: (unspecified), extra: "Moulin Rouge", roaming: false, failover: false, isAvailable: true, isConnectedToProvisioningNetwork: false
I/SBar.NetworkController( 1078): the netConditon of netType 1 is updated as 0 by android.net.conn.CONNECTIVITY_CHANGE,icon color should be white.
I/SBar.NetworkController( 1078): updateConnectivity: NetworkInfo: NetworkInfo: type: WIFI[], state: CONNECTED/CONNECTED, reason: (unspecified), extra: "Moulin Rouge", roaming: false, failover: false, isAvailable: true, isConnectedToProvisioningNetwork: false, inetCondition= 0
D/PollingManager(30980): now: 27728233 ,futureTime: 51904822
D/PollingManager(30980): Polling alarm set to expire at: 51904822 Current Time: 27728233
D/TelephonyProvider( 1255): Column apn id key is 'apn_id'
I/SBar.NetworkController( 1078): onReceive: ConnectivityManager.CONNECTIVITY_ACTION Received
W/XTWiFiOS( 1267): No entry in secure settings for enhanced location services: false
I/SBar.NetworkController( 1078): updateConnectivity: NetworkInfo: NetworkInfo: type: WIFI[], state: CONNECTED/CONNECTED, reason: (unspecified), extra: "Moulin Rouge", roaming: false, failover: false, isAvailable: true, isConnectedToProvisioningNetwork: false, inetCondition= 0
D/Tethering( 1016): MasterInitialState.processMessage what=3
D/TelephonyProvider( 1255): Column apn id key is 'apn_id'
I/openssl (25837): Crypto mode not selected, openssl will run on its regular mode.
I/openssl (25837): Crypto mode 0 already enabled
E/ActivityThread(30980): Failed to find provider info for com.motorola.blur.setupprovider
D/PollingManager(30980): connectivity_action: NetworkInfo: type: WIFI[], state: CONNECTED/CONNECTED, reason: (unspecified), extra: "Moulin Rouge", roaming: false, failover: false, isAvailable: true, isConnectedToProvisioningNetwork: false
D/OtaApp  (30980): [debug] > AndroidClientUpgradeService.handleIntent: com.motorola.blur.service.blur.Actions.POLLINGMGR_CONNECTIVITY
D/OtaApp  (30980): [debug] > CusSM.onRadioUp
D/OtaApp  (30980): [debug] > CusSM.sendUpgradeStatus: no unlogged events.
D/PollingManager(30980): now: 27728289 ,futureTime: 51904822
D/PollingManager(30980): Polling alarm set to expire at: 51904822 Current Time: 27728289
D/OtaApp  (30980): [debug] > Description is null
D/OtaApp  (30980): [debug] > CusSM.runStateMachine: no versions found in database
I/ActivityManager( 1016): Start proc com.android.mms for broadcast com.android.mms/.transaction.MmsSystemEventReceiver: pid=32118 uid=10031 gids={50031, 3003, 1028, 1015}
D/TelephonyProvider( 1255): Column apn id key is 'apn_id'
I/ActivityManager( 1016): Process com.google.android.googlequicksearchbox:search (pid 28468) has died.
W/ActivityManager( 1016): Scheduling restart of crashed service com.google.android.googlequicksearchbox/com.google.android.search.core.service.SearchService in 1000ms
D/dalvikvm( 1016): JIT code cache reset in 3 ms (1535720 bytes 8/0)
D/dalvikvm( 1016): GC_EXPLICIT freed 3439K, 34% free 25912K/39124K, paused 6ms+15ms, total 123ms
E/ActivityThread(30980): Failed to find provider info for com.motorola.blur.setupprovider
D/OtaApp  (30980): [debug] > AndroidClientUpgradeService.handleIntent: com.motorola.blur.service.blur.Actions.POLLINGMGR_CONNECTIVITY
D/OtaApp  (30980): [debug] > CusSM.onRadioUp
D/OtaApp  (30980): [debug] > CusSM.sendUpgradeStatus: no unlogged events.
D/OtaApp  (30980): [debug] > Description is null
D/OtaApp  (30980): [debug] > CusSM.runStateMachine: no versions found in database
V/AlarmManager( 1016): sending alarm Alarm{4301b8e8 type 3 android}
D/TelephonyProvider( 1255): Column apn id key is 'apn_id'
I/Fitness (30429): sync: Account {name=timcallagy@gmail.com, type=com.google}, extras: Bundle[{sync_periodic=true}]
D/dalvikvm( 1078): GC_CONCURRENT freed 1172K, 19% free 15015K/18396K, paused 2ms+5ms, total 31ms
V/MmsConfig(32118): mnc/mcc: 
V/MmsConfig(32118): tag: bool value: enabledMMS - true
V/MmsConfig(32118): tag: int value: maxMessageSize - 307200
V/MmsConfig(32118): tag: int value: maxImageHeight - 1944
V/MmsConfig(32118): tag: int value: maxImageWidth - 2592
V/MmsConfig(32118): tag: int value: defaultSMSMessagesPerThread - 500
V/MmsConfig(32118): tag: int value: defaultMMSMessagesPerThread - 50
V/MmsConfig(32118): tag: int value: minMessageCountPerThread - 10
V/MmsConfig(32118): tag: int value: maxMessageCountPerThread - 5000
V/MmsConfig(32118): tag: int value: recipientLimit - 20
V/MmsConfig(32118): tag: bool value: enableMultipartSMS - true
V/MmsConfig(32118): tag: int value: smsToMmsTextThreshold - 6
V/MmsConfig(32118): tag: bool value: enableSlideDuration - true
V/MmsConfig(32118): tag: int value: maxMessageTextSize - -1
V/MmsConfig(32118): tag: int value: maxSubjectLength - 80
V/MmsConfig(32118): tag: bool value: smsForceShowEncodingMenu - true
V/MmsConfig(32118): tag: bool value: smsForce7BitEncoding - false
V/MmsConfig(32118): tag: bool value: enableGroupMms - false
E/MmsConfig(32118): MmsConfig.loadMmsSettings mms_config.xml missing uaProfUrl setting
I/ActivityManager( 1016): Start proc com.google.android.setupwizard for broadcast com.google.android.setupwizard/.MobileConnectivityChangeReceiver: pid=32142 uid=10042 gids={50042, 3003}
D/MobileConnectivityChangeReceiver(32142): onReceive Intent { act=android.net.conn.CONNECTIVITY_CHANGE flg=0x4000010 cmp=com.google.android.setupwizard/.MobileConnectivityChangeReceiver (has extras) }
D/MobileConnectivityChangeReceiver(32142): onReceive CONNECTIVITY_CHANGE networkType=1
E/PhoneMonitor(32142): onOtaspChanged old =0, new =3
V/PhoneMonitor(32142): mOtaspPhoneStateListener#onOtaspChanged, mOtaspMode=3
I/ActivityManager( 1016): Start proc com.google.android.apps.magazines for broadcast com.google.android.apps.magazines/com.google.apps.dots.android.newsstand.appwidget.NewsWidgetProvider: pid=32155 uid=10077 gids={50077, 3003, 1028, 1015}
I/CheckinService(30409): Checking schedule, now: 1428088380169 next: 1428086683725
I/CheckinService(30409): active receiver: enabled
I/CheckinService(30409): Preparing to send checkin request
I/EventLogService(30409): Accumulating logs since 1428088375300
W/GLSUser (30376): [DeviceKeyStore] Cannot load key: Device key file not found.
V/GLSUser (30376): [AppCertService] DeviceKey is turned off
W/GmsApplication(30429): Using Auth Proxy for data requests.
V/WebViewChromiumFactoryProvider(32155): Binding Chromium to main looper Looper (main, tid 1) {4278ad40}
I/LibraryLoader(32155): Expected native library version number "",actual native library version number ""
I/chromium(32155): [INFO:library_loader_hooks.cc(116)] Chromium logging enabled: level = 0, default verbosity = 0
I/BrowserStartupController(32155): Initializing chromium process, renderers=0
E/AudioManagerAndroid(32155): BLUETOOTH permission is missing!
I/Adreno-EGL(32155): <qeglDrvAPI_eglInitialize:410>: EGL 1.4 QUALCOMM build: AU_LINUX_ANDROID_LNX.LA.3.5.1_RB1.04.04.02.048.018_msm8226_LNX.LA.3.5.1_RB1__release_AU ()
I/Adreno-EGL(32155): OpenGL ES Shader Compiler Version: E031.24.00.08
I/Adreno-EGL(32155): Build Date: 03/07/14 Fri
I/Adreno-EGL(32155): Local Branch: 
I/Adreno-EGL(32155): Remote Branch: quic/LNX.LA.3.5.1_RB1.1
I/Adreno-EGL(32155): Local Patches: NONE
I/Adreno-EGL(32155): Reconstruct Branch: AU_LINUX_ANDROID_LNX.LA.3.5.1_RB1.04.04.02.048.018 + f2fd134 +  NOTHING
I/GoogleURLConnFactory(30409): Using platform SSLCertificateSocketFactory
I/CheckinRequestBuilder(30409): Checkin reason type: 8 attempt count: 1
W/chromium(32155): [WARNING:proxy_service.cc(890)] PAC support disabled because there is no system implementation
W/GAV2    (32155): Thread[main,5,main]: Need to call initialize() and be in fallback mode to start dispatch.
E/cutils  (  261): Failed to mkdirat(/storage/sdcard1/Android): Read-only file system
W/Vold    (  261): Returning OperationFailed - no handler for errno 30
W/ContextImpl(32155): Failed to ensure directory: /storage/sdcard1/Android/data/com.google.android.apps.magazines/cache
I/ActivityManager( 1016): Start proc com.google.android.gms.unstable for service com.google.android.gms/.droidguard.DroidGuardService: pid=32192 uid=10022 gids={50022, 3003, 1007, 1028, 1015, 3002, 3001, 3007, 2001, 3006}
W/dalvikvm(32192): VFY: unable to resolve static field 658 (PR_SET_DUMPABLE) in Landroid/system/OsConstants;
D/dalvikvm(32192): VFY: replacing opcode 0x60 at 0x000b
I/MultiDex(32192): VM with version 1.6.0 does not have multidex support
I/MultiDex(32192): install
I/MultiDex(32192): MultiDexExtractor.load(/data/app/com.google.android.gms-1.apk, false)
I/MultiDex(32192): loading existing secondary dex files
I/MultiDex(32192): load found 3 secondary dex files
I/MultiDex(32192): install done
I/NSApplication(32155): Starting up...
I/iu.Environment(31300): update connectivity state; isNetworkMetered? false, isRoaming? false, isBackgroundDataAllowed? true
D/GCM     (30376): GcmService start Intent { act=android.net.conn.CONNECTIVITY_CHANGE flg=0x4000010 cmp=com.google.android.gms/.gcm.GcmService (has extras) } android.net.conn.CONNECTIVITY_CHANGE
I/iu.Environment(30409): update connectivity state; isNetworkMetered? false, isRoaming? false, isBackgroundDataAllowed? true
I/ActivityManager( 1016): Process android.process.media (pid 25837) has died.
W/ActivityManager( 1016): Scheduling restart of crashed service com.android.providers.media/.MtpService in 1000ms
I/ProviderInstaller(32192): Insert disabled by gate 'gms:security:enable_conscrypt_in_gms_application'
D/DEBUG   (30980): Received intent : com.motorola.blur.service.blur.Actions.POLLINGMGR_CONNECTIVITY
E/cutils  (  261): Failed to mkdirat(/storage/sdcard1/Android): Read-only file system
W/Vold    (  261): Returning OperationFailed - no handler for errno 30
W/ContextImpl(30980): Implicit intents with startService are not safe: Intent { act=com.motorola.blur.service.blur.Actions.BIND_WSPROXY_SVC } android.content.ContextWrapper.bindService:517 com.motorola.ccc.notification.GetNotificationsWS.bindWebServices:65 com.motorola.ccc.notification.SundryService.onCreate:1039 
W/ContextImpl(31415): Failed to ensure directory: /storage/sdcard1/Android/data/com.rhmsoft.fm/files
D/GetNotificationsWS(30980): bindWebServices(): registering our AIDL callback...
D/EmailService.MarketingOptInSetter(30980): received com.motorola.blur.service.blur.Actions.POLLINGMGR_CONNECTIVITY
D/GetNotificationsWS(30980): onServiceConnected()
