D/SFPerfTracer(  278):        layers: (3:11) (DimLayer: 0:65)* (DimLayer: 0:21)* (FocusedStackFrame: 0:866)* (StatusBar: 0:5621) (NavigationBar: 0:6819) (DimLayer: 0:856)* (DimLayer: 0:155)* (com.android.wallpaper.fall.FallWallpaper: 0:8328)* (com.android.launcher/com.android.launcher2.Launcher: 0:64)* (Starting com.android.settings: 0:33)* (com.android.settings/com.android.settings.Settings: 1:49) 
I/ActivityManager( 1016): START u0 {act=android.intent.action.MAIN cmp=com.android.settings/.SubSettings (has extras)} from pid 12751
W/ContextImpl( 1231): Calling a method in the system process without a qualified user: android.app.ContextImpl.sendBroadcast:1252 android.content.ContextWrapper.sendBroadcast:365 com.motorola.motocare.util.TriggerHelper$TriggerBuilder.send:76 com.motorola.motocare.internal.frameworkevents.PauseResumeTrigger.handleFrameworkEvent:53 com.motorola.motocare.internal.frameworkevents.FwEventMonitor$FrameworkListener.processFrameworkEvent:114 
W/ContextImpl( 1231): Calling a method in the system process without a qualified user: android.app.ContextImpl.sendBroadcast:1252 android.content.ContextWrapper.sendBroadcast:365 com.motorola.motocare.util.TriggerHelper$TriggerBuilder.send:76 com.motorola.motocare.internal.frameworkevents.PauseResumeTrigger.handleFrameworkEvent:53 com.motorola.motocare.internal.frameworkevents.FwEventMonitor$FrameworkListener.processFrameworkEvent:114 
I/LaunchCheckinHandler( 1016): Displayed com.android.settings/.SubSettings,wp,ca,214
V/AlarmManager( 1016): sending alarm Alarm{42976a78 type 3 android}
I/SFPerfTracer(  278):      triggers: (rate: 16:15577) (86719 sw vsyncs) (26801 skipped) (43:106234 vsyncs) (45:206462)
I/SFPerfTracer(  278):      triggers: (rate: 32:2538) (compose: 0:9) (post: 0:2) (render: 7:343) (16:33142 frames) (17:101040)
D/SFPerfTracer(  278):        layers: (5:10) (DimLayer: 0:65)* (DimLayer: 0:21)* (FocusedStackFrame: 0:869)* (StatusBar: 1:5622) (NavigationBar: 0:6819) (DimLayer: 0:856)* (DimLayer: 0:156) (com.android.wallpaper.fall.FallWallpaper: 0:8328)* (com.android.settings/com.android.settings.Settings: 17:95) (com.android.settings/com.android.settings.SubSettings: 17:25) 
W/ContextImpl( 1231): Calling a method in the system process without a qualified user: android.app.ContextImpl.sendBroadcast:1252 android.content.ContextWrapper.sendBroadcast:365 com.motorola.motocare.util.TriggerHelper$TriggerBuilder.send:76 com.motorola.motocare.internal.frameworkevents.PauseResumeTrigger.handleFrameworkEvent:53 com.motorola.motocare.internal.frameworkevents.FwEventMonitor$FrameworkListener.processFrameworkEvent:114 
W/ContextImpl( 1231): Calling a method in the system process without a qualified user: android.app.ContextImpl.sendBroadcast:1252 android.content.ContextWrapper.sendBroadcast:365 com.motorola.motocare.util.TriggerHelper$TriggerBuilder.send:76 com.motorola.motocare.internal.frameworkevents.PauseResumeTrigger.handleFrameworkEvent:53 com.motorola.motocare.internal.frameworkevents.FwEventMonitor$FrameworkListener.processFrameworkEvent:114 
I/SFPerfTracer(  278):      triggers: (rate: 32:2538) (compose: 0:9) (post: 0:2) (render: 7:343) (0:33162 frames) (1:101140)
D/SFPerfTracer(  278):        layers: (3:11) (DimLayer: 0:65)* (DimLayer: 0:21)* (FocusedStackFrame: 0:872)* (StatusBar: 0:5622) (NavigationBar: 0:6854) (DimLayer: 0:856)* (DimLayer: 0:157)* (com.android.wallpaper.fall.FallWallpaper: 0:8328)* (com.android.settings/com.android.settings.Settings: 0:96)* (com.android.settings/com.android.settings.SubSettings: 0:65)* (com.android.settings/com.android.settings.Settings: 1:51) 
I/SFPerfTracer(  278):      triggers: (rate: 16:15577) (86719 sw vsyncs) (26801 skipped) (61:106360 vsyncs) (63:206598)
I/ActivityManager( 1016): START u0 {act=android.intent.action.MAIN cmp=com.android.settings/.SubSettings (has extras)} from pid 12751
W/ContextImpl( 1231): Calling a method in the system process without a qualified user: android.app.ContextImpl.sendBroadcast:1252 android.content.ContextWrapper.sendBroadcast:365 com.motorola.motocare.util.TriggerHelper$TriggerBuilder.send:76 com.motorola.motocare.internal.frameworkevents.PauseResumeTrigger.handleFrameworkEvent:53 com.motorola.motocare.internal.frameworkevents.FwEventMonitor$FrameworkListener.processFrameworkEvent:114 
W/ContextImpl( 1231): Calling a method in the system process without a qualified user: android.app.ContextImpl.sendBroadcast:1252 android.content.ContextWrapper.sendBroadcast:365 com.motorola.motocare.util.TriggerHelper$TriggerBuilder.send:76 com.motorola.motocare.internal.frameworkevents.PauseResumeTrigger.handleFrameworkEvent:53 com.motorola.motocare.internal.frameworkevents.FwEventMonitor$FrameworkListener.processFrameworkEvent:114 
I/ActivityManager( 1016): Start proc com.motorola.deviceauthenticator for content provider com.motorola.deviceauthenticator/.AuthDynamicPrefsProvider: pid=12858 uid=10016 gids={50016, 3002}
I/ActivityManager( 1016): Killing 11751:com.motorola.MotGallery2/u0a34 (adj 15): empty #9
W/ContextImpl( 1231): Calling a method in the system process without a qualified user: android.app.ContextImpl.sendBroadcast:1252 android.content.ContextWrapper.sendBroadcast:365 com.motorola.motocare.util.TriggerHelper$TriggerBuilder.send:76 com.motorola.motocare.internal.frameworkevents.ProcessKillTrigger.sendTrigger:147 com.motorola.motocare.internal.frameworkevents.ProcessKillTrigger.handleFrameworkEvent:164 
I/LaunchCheckinHandler( 1016): Displayed com.android.settings/.SubSettings,wp,ca,315
I/ActivityManager( 1016): START u0 {act=android.intent.action.MAIN cmp=com.android.settings/.SubSettings (has extras)} from pid 12751
W/ContextImpl( 1231): Calling a method in the system process without a qualified user: android.app.ContextImpl.sendBroadcast:1252 android.content.ContextWrapper.sendBroadcast:365 com.motorola.motocare.util.TriggerHelper$TriggerBuilder.send:76 com.motorola.motocare.internal.frameworkevents.PauseResumeTrigger.handleFrameworkEvent:53 com.motorola.motocare.internal.frameworkevents.FwEventMonitor$FrameworkListener.processFrameworkEvent:114 
W/ContextImpl( 1231): Calling a method in the system process without a qualified user: android.app.ContextImpl.sendBroadcast:1252 android.content.ContextWrapper.sendBroadcast:365 com.motorola.motocare.util.TriggerHelper$TriggerBuilder.send:76 com.motorola.motocare.internal.frameworkevents.PauseResumeTrigger.handleFrameworkEvent:53 com.motorola.motocare.internal.frameworkevents.FwEventMonitor$FrameworkListener.processFrameworkEvent:114 
I/LaunchCheckinHandler( 1016): Displayed com.android.settings/.SubSettings,wp,ca,186
I/SFPerfTracer(  278):      triggers: (rate: 32:2538) (compose: 0:9) (post: 0:2) (render: 7:343) (14:33201 frames) (15:101243)
D/SFPerfTracer(  278):        layers: (5:11) (DimLayer: 0:65)* (DimLayer: 0:21)* (FocusedStackFrame: 0:879)* (StatusBar: 0:5622) (NavigationBar: 0:6854) (DimLayer: 0:856)* (DimLayer: 0:160) (com.android.wallpaper.fall.FallWallpaper: 0:8328)* (com.android.settings/com.android.settings.Settings: 0:103)* (com.android.settings/com.android.settings.SubSettings: 15:64) (com.android.settings/com.android.settings.SubSettings: 15:21) 
V/AlarmManager( 1016): sending alarm Alarm{42feb6a8 type 2 com.google.android.gms}
I/SFPerfTracer(  278):      triggers: (rate: 16:15577) (86719 sw vsyncs) (26801 skipped) (14:106458 vsyncs) (16:206709)
I/ActivityManager( 1016): START u0 {flg=0x2000000 cmp=com.android.settings/.ChooseLockPattern (has extras)} from pid 12751
W/ContextImpl( 1231): Calling a method in the system process without a qualified user: android.app.ContextImpl.sendBroadcast:1252 android.content.ContextWrapper.sendBroadcast:365 com.motorola.motocare.util.TriggerHelper$TriggerBuilder.send:76 com.motorola.motocare.internal.frameworkevents.PauseResumeTrigger.handleFrameworkEvent:53 com.motorola.motocare.internal.frameworkevents.FwEventMonitor$FrameworkListener.processFrameworkEvent:114 
W/ContextImpl( 1231): Calling a method in the system process without a qualified user: android.app.ContextImpl.sendBroadcast:1252 android.content.ContextWrapper.sendBroadcast:365 com.motorola.motocare.util.TriggerHelper$TriggerBuilder.send:76 com.motorola.motocare.internal.frameworkevents.PauseResumeTrigger.handleFrameworkEvent:53 com.motorola.motocare.internal.frameworkevents.FwEventMonitor$FrameworkListener.processFrameworkEvent:114 
I/LaunchCheckinHandler( 1016): Displayed com.android.settings/.ChooseLockPattern,wp,ca,149
I/SFPerfTracer(  278):      triggers: (rate: 16:15577) (86719 sw vsyncs) (26801 skipped) (33:106564 vsyncs) (35:206833)
I/SFPerfTracer(  278):      triggers: (rate: 32:2538) (compose: 0:9) (post: 0:2) (render: 7:343) (0:33221 frames) (1:101343)
D/SFPerfTracer(  278):        layers: (3:11) (DimLayer: 0:65)* (DimLayer: 0:21)* (FocusedStackFrame: 0:884)* (StatusBar: 0:5622) (NavigationBar: 0:6854) (DimLayer: 0:856)* (DimLayer: 0:163)* (com.android.wallpaper.fall.FallWallpaper: 0:8328)* (com.android.settings/com.android.settings.SubSettings: 0:67)* (com.android.settings/com.android.settings.SubSettings: 0:62)* (com.android.settings/com.android.settings.ChooseLockPattern: 1:73) 
W/ContextImpl(12751): Calling a method in the system process without a qualified user: android.app.ContextImpl.sendBroadcast:1252 android.content.ContextWrapper.sendBroadcast:365 com.android.internal.widget.LockPatternUtils.deleteFingerprints:569 com.android.internal.widget.LockPatternUtils.saveLockPattern:687 com.android.settings.ChooseLockPattern$ChooseLockPatternFragment.saveChosenPatternAndFinish:559 
W/ContextImpl( 1231): Calling a method in the system process without a qualified user: android.app.ContextImpl.sendBroadcast:1266 android.content.ContextWrapper.sendBroadcast:370 com.motorola.authentication.MotAuthenticationService.sendPolicyChangeIntent:829 com.motorola.authentication.MotAuthenticationService.handleDevicePolicyCheck:688 com.motorola.authentication.MotAuthenticationService.access$1400:60 
W/ContextImpl( 1231): Calling a method in the system process without a qualified user: android.app.ContextImpl.sendBroadcast:1266 android.content.ContextWrapper.sendBroadcast:370 com.motorola.authentication.MotAuthenticationService.sendPolicyChangeIntent:829 com.motorola.authentication.MotAuthenticationService.handleDevicePolicyCheck:688 com.motorola.authentication.MotAuthenticationService.access$1400:60 
W/ContextImpl( 1231): Calling a method in the system process without a qualified user: android.app.ContextImpl.sendBroadcast:1266 android.content.ContextWrapper.sendBroadcast:370 com.motorola.authentication.MotAuthenticationService.sendPolicyChangeIntent:829 com.motorola.authentication.MotAuthenticationService.handleDevicePolicyCheck:688 com.motorola.authentication.MotAuthenticationService.access$1400:60 
W/ContextImpl( 1231): Calling a method in the system process without a qualified user: android.app.ContextImpl.sendBroadcast:1252 android.content.ContextWrapper.sendBroadcast:365 com.motorola.motocare.util.TriggerHelper$TriggerBuilder.send:76 com.motorola.motocare.internal.frameworkevents.PauseResumeTrigger.handleFrameworkEvent:53 com.motorola.motocare.internal.frameworkevents.FwEventMonitor$FrameworkListener.processFrameworkEvent:114 
W/ContextImpl( 1231): Calling a method in the system process without a qualified user: android.app.ContextImpl.sendBroadcast:1252 android.content.ContextWrapper.sendBroadcast:365 com.motorola.motocare.util.TriggerHelper$TriggerBuilder.send:76 com.motorola.motocare.internal.frameworkevents.PauseResumeTrigger.handleFrameworkEvent:53 com.motorola.motocare.internal.frameworkevents.FwEventMonitor$FrameworkListener.processFrameworkEvent:114 
W/ContextImpl( 1231): Calling a method in the system process without a qualified user: android.app.ContextImpl.sendBroadcast:1252 android.content.ContextWrapper.sendBroadcast:365 com.motorola.motocare.util.TriggerHelper$TriggerBuilder.send:76 com.motorola.motocare.internal.frameworkevents.PauseResumeTrigger.handleFrameworkEvent:53 com.motorola.motocare.internal.frameworkevents.FwEventMonitor$FrameworkListener.processFrameworkEvent:114 
W/ContextImpl( 1231): Calling a method in the system process without a qualified user: android.app.ContextImpl.sendBroadcast:1252 android.content.ContextWrapper.sendBroadcast:365 com.motorola.motocare.util.TriggerHelper$TriggerBuilder.send:76 com.motorola.motocare.internal.frameworkevents.PauseResumeTrigger.handleFrameworkEvent:53 com.motorola.motocare.internal.frameworkevents.FwEventMonitor$FrameworkListener.processFrameworkEvent:114 
I/SFPerfTracer(  278):      triggers: (rate: 16:15577) (86719 sw vsyncs) (26801 skipped) (36:106674 vsyncs) (38:206963)
D/ConnectivityService( 1016): handleInetConditionHoldEnd: net=1, condition=100, published condition=100
I/ActivityManager( 1016): START u0 {act=android.intent.action.MAIN cat=[android.intent.category.HOME] flg=0x10200000 cmp=com.android.launcher/com.android.launcher2.Launcher} from pid 1016
W/ContextImpl( 1231): Calling a method in the system process without a qualified user: android.app.ContextImpl.sendBroadcast:1252 android.content.ContextWrapper.sendBroadcast:365 com.motorola.motocare.util.TriggerHelper$TriggerBuilder.send:76 com.motorola.motocare.internal.frameworkevents.PauseResumeTrigger.handleFrameworkEvent:53 com.motorola.motocare.internal.frameworkevents.FwEventMonitor$FrameworkListener.processFrameworkEvent:114 
W/ContextImpl( 1231): Calling a method in the system process without a qualified user: android.app.ContextImpl.sendBroadcast:1252 android.content.ContextWrapper.sendBroadcast:365 com.motorola.motocare.util.TriggerHelper$TriggerBuilder.send:76 com.motorola.motocare.internal.frameworkevents.PauseResumeTrigger.handleFrameworkEvent:53 com.motorola.motocare.internal.frameworkevents.FwEventMonitor$FrameworkListener.processFrameworkEvent:114 
W/InputMethodManagerService( 1016): Starting input on non-focused client com.android.internal.view.IInputMethodClient$Stub$Proxy@42947ed8 (uid=1000 pid=12751)
I/LaunchCheckinHandler( 1016): Displayed com.android.launcher/com.android.launcher2.Launcher,wp,wa,109
I/SFPerfTracer(  278):      triggers: (rate: 32:2538) (compose: 0:9) (post: 0:2) (render: 7:343) (0:33266 frames) (1:101443)
D/SFPerfTracer(  278):        layers: (4:11) (DimLayer: 0:65)* (DimLayer: 0:21)* (FocusedStackFrame: 0:887)* (StatusBar: 0:5644) (NavigationBar: 0:6883) (DimLayer: 0:856)* (DimLayer: 0:163)* (com.android.wallpaper.fall.FallWallpaper: 0:8337) (com.android.settings/com.android.settings.ChooseLockPattern: 0:109)* (com.android.settings/com.android.settings.SubSettings: 0:47)* (com.android.launcher/com.android.launcher2.Launcher: 1:6) 
I/PowerManagerService( 1016): Going to sleep by user request...
I/SFPerfTracer(  278):      triggers: (rate: 16:15581) (86719 sw vsyncs) (26882 skipped) (103:106816 vsyncs) (105:207115)
W/ContextImpl( 1231): Calling a method in the system process without a qualified user: android.app.ContextImpl.sendBroadcast:1252 android.content.ContextWrapper.sendBroadcast:365 com.motorola.motocare.util.TriggerHelper$TriggerBuilder.send:76 com.motorola.motocare.internal.frameworkevents.PauseResumeTrigger.handleFrameworkEvent:53 com.motorola.motocare.internal.frameworkevents.FwEventMonitor$FrameworkListener.processFrameworkEvent:114 
D/UsbDeviceManager( 1016): MSG_USER_LOCKED
I/PowerManagerService( 1016): Waking up from sleep...
I/WindowManager( 1016): Lock screen displayed!
D/DisplayPowerController( 1016): Unblocked screen on after 20098826 ms
W/ContextImpl( 1231): Calling a method in the system process without a qualified user: android.app.ContextImpl.startService:1608 android.content.ContextWrapper.startService:494 android.content.ContextWrapper.startService:494 com.motorola.motocare.internal.batterystats.BatteryStatsAction.onReceive:33 android.app.ActivityThread.handleReceiver:2434 
I/SFPerfTracer(  278):      triggers: (rate: 32:2538) (compose: 0:9) (post: 0:2) (render: 7:343) (0:33297 frames) (1:101543)
D/SFPerfTracer(  278):        layers: (4:11) (DimLayer: 0:65)* (DimLayer: 0:21)* (FocusedStackFrame: 0:887)* (StatusBar: 0:5645) (NavigationBar: 0:6885) (DimLayer: 0:856)* (DimLayer: 0:163)* (com.android.wallpaper.fall.FallWallpaper: 1:8379) (com.android.launcher/com.android.launcher2.Launcher: 0:50)* (ElectronBeam: 0:27)* (Keyguard: 0:6) 
W/ContextImpl( 1231): Calling a method in the system process without a qualified user: android.app.ContextImpl.startService:1608 android.content.ContextWrapper.startService:494 android.content.ContextWrapper.startService:494 com.motorola.motocare.internal.batterystats.BatteryStatsAction.onReceive:33 android.app.ActivityThread.handleReceiver:2434 
I/SFPerfTracer(  278):      triggers: (rate: 32:2538) (compose: 0:9) (post: 0:2) (render: 7:343) (0:33297 frames) (1:101643)
D/SFPerfTracer(  278):        layers: (4:10) (DimLayer: 0:65)* (DimLayer: 0:21)* (FocusedStackFrame: 0:887)* (StatusBar: 0:5645) (NavigationBar: 0:6885) (DimLayer: 0:856)* (DimLayer: 0:163)* (com.android.wallpaper.fall.FallWallpaper: 0:8436) (com.android.launcher/com.android.launcher2.Launcher: 0:50)* (Keyguard: 1:63) 
W/ContextImpl( 1231): Calling a method in the system process without a qualified user: android.app.ContextImpl.sendBroadcast:1252 android.content.ContextWrapper.sendBroadcast:365 com.motorola.motocare.util.TriggerHelper$TriggerBuilder.send:76 com.motorola.motocare.internal.frameworkevents.PauseResumeTrigger.handleFrameworkEvent:53 com.motorola.motocare.internal.frameworkevents.FwEventMonitor$FrameworkListener.processFrameworkEvent:114 
D/UsbDeviceManager( 1016): MSG_USER_PRESENT
W/InputMethodManagerService( 1016): Window already focused, ignoring focus gain of: com.android.internal.view.IInputMethodClient$Stub$Proxy@42986060 attribute=android.view.inputmethod.EditorInfo@42fca0d8, token = android.os.BinderProxy@427cdda0
I/SFPerfTracer(  278):      triggers: (rate: 32:2538) (compose: 0:9) (post: 0:2) (render: 7:343) (11:33308 frames) (12:101743)
D/SFPerfTracer(  278):        layers: (4:10) (DimLayer: 0:65)* (DimLayer: 0:21)* (FocusedStackFrame: 0:887)* (StatusBar: 1:5646) (NavigationBar: 11:6896) (DimLayer: 0:856)* (DimLayer: 0:163)* (com.android.wallpaper.fall.FallWallpaper: 4:8495) (com.android.launcher/com.android.launcher2.Launcher: 1:52)* (Keyguard: 12:120) 
V/AlarmManager( 1016): sending alarm Alarm{43c00ff0 type 3 android}
I/PowerManagerService( 1016): Going to sleep by user request...
I/SFPerfTracer(  278):       trigger: vsync rate (-56.162%)	(26.303 vps)	(38.018 ms)* 	(290 drops)	(344 vsyncs)
I/SFPerfTracer(  278):      triggers: (rate: 17:15871) (86786 sw vsyncs) (27508 skipped) (344:107165 vsyncs) (346:207534)
I/SFPerfTracer(  278):      triggers: (rate: 32:2539) (compose: 0:9) (post: 0:2) (render: 7:343) (18:33351 frames) (19:101847)
D/SFPerfTracer(  278):        layers: (5:11) (DimLayer: 0:65)* (DimLayer: 0:21)* (FocusedStackFrame: 0:887)* (StatusBar: 0:5647) (NavigationBar: 0:6921) (DimLayer: 0:856)* (DimLayer: 0:163)* (com.android.wallpaper.fall.FallWallpaper: 6:8565) (com.android.launcher/com.android.launcher2.Launcher: 0:65) (Keyguard: 0:121)* (ElectronBeam: 19:21) 
W/ContextImpl( 1231): Calling a method in the system process without a qualified user: android.app.ContextImpl.sendBroadcast:1252 android.content.ContextWrapper.sendBroadcast:365 com.motorola.motocare.util.TriggerHelper$TriggerBuilder.send:76 com.motorola.motocare.internal.frameworkevents.PauseResumeTrigger.handleFrameworkEvent:53 com.motorola.motocare.internal.frameworkevents.FwEventMonitor$FrameworkListener.processFrameworkEvent:114 
I/ProcessStatsService( 1016): Prepared write state in 52ms
I/ProcessStatsService( 1016): Prepared write state in 24ms
D/UsbDeviceManager( 1016): MSG_USER_LOCKED
I/PowerManagerService( 1016): Waking up from sleep...
I/WindowManager( 1016): Lock screen displayed!
D/DisplayPowerController( 1016): Unblocked screen on after 20114494 ms
W/ContextImpl( 1231): Calling a method in the system process without a qualified user: android.app.ContextImpl.startService:1608 android.content.ContextWrapper.startService:494 android.content.ContextWrapper.startService:494 com.motorola.motocare.internal.batterystats.BatteryStatsAction.onReceive:33 android.app.ActivityThread.handleReceiver:2434 
W/ContextImpl( 1231): Calling a method in the system process without a qualified user: android.app.ContextImpl.sendBroadcast:1252 android.content.ContextWrapper.sendBroadcast:365 com.motorola.motocare.util.TriggerHelper$TriggerBuilder.send:76 com.motorola.motocare.internal.frameworkevents.PauseResumeTrigger.handleFrameworkEvent:53 com.motorola.motocare.internal.frameworkevents.FwEventMonitor$FrameworkListener.processFrameworkEvent:114 
D/UsbDeviceManager( 1016): MSG_USER_PRESENT
W/InputMethodManagerService( 1016): Window already focused, ignoring focus gain of: com.android.internal.view.IInputMethodClient$Stub$Proxy@4301fbd8 attribute=android.view.inputmethod.EditorInfo@42fb5098, token = android.os.BinderProxy@427cdda0
W/ContextImpl( 1231): Calling a method in the system process without a qualified user: android.app.ContextImpl.startService:1608 android.content.ContextWrapper.startService:494 android.content.ContextWrapper.startService:494 com.motorola.motocare.internal.batterystats.BatteryStatsAction.onReceive:33 android.app.ActivityThread.handleReceiver:2434 
I/SFPerfTracer(  278):      triggers: (rate: 32:2542) (compose: 0:9) (post: 0:2) (render: 7:343) (24:33398 frames) (25:101970)
D/SFPerfTracer(  278):        layers: (4:11) (DimLayer: 0:65)* (DimLayer: 0:21)* (FocusedStackFrame: 0:887)* (StatusBar: 0:5649) (NavigationBar: 24:6959) (DimLayer: 0:856)* (DimLayer: 0:163)* (com.android.wallpaper.fall.FallWallpaper: 7:8615) (com.android.launcher/com.android.launcher2.Launcher: 12:82) (ElectronBeam: 0:23)* (Keyguard: 0:66)* 
I/ActivityManager( 1016): Process com.google.android.apps.plus (pid 11547) has died.
I/SFPerfTracer(  278):      triggers: (rate: 32:2542) (compose: 0:9) (post: 0:2) (render: 7:343) (0:33398 frames) (1:102070)
D/SFPerfTracer(  278):        layers: (4:9) (DimLayer: 0:65)* (DimLayer: 0:21)* (FocusedStackFrame: 0:887)* (StatusBar: 0:5649) (NavigationBar: 0:6959) (DimLayer: 0:856)* (DimLayer: 0:163)* (com.android.wallpaper.fall.FallWallpaper: 1:8715) (com.android.launcher/com.android.launcher2.Launcher: 0:82) 
I/ActivityManager( 1016): START u0 {act=android.intent.action.MAIN cat=[android.intent.category.LAUNCHER] flg=0x10200000 pkg=com.rhmsoft.fm cmp=com.rhmsoft.fm/.FileManager bnds=[200,185][360,385]} from pid 30757
W/ContextImpl( 1231): Calling a method in the system process without a qualified user: android.app.ContextImpl.sendBroadcast:1252 android.content.ContextWrapper.sendBroadcast:365 com.motorola.motocare.util.TriggerHelper$TriggerBuilder.send:76 com.motorola.motocare.internal.frameworkevents.PauseResumeTrigger.handleFrameworkEvent:53 com.motorola.motocare.internal.frameworkevents.FwEventMonitor$FrameworkListener.processFrameworkEvent:114 
W/ContextImpl( 1231): Calling a method in the system process without a qualified user: android.app.ContextImpl.sendBroadcast:1252 android.content.ContextWrapper.sendBroadcast:365 com.motorola.motocare.util.TriggerHelper$TriggerBuilder.send:76 com.motorola.motocare.internal.frameworkevents.PauseResumeTrigger.handleFrameworkEvent:53 com.motorola.motocare.internal.frameworkevents.FwEventMonitor$FrameworkListener.processFrameworkEvent:114 
I/LaunchCheckinHandler( 1016): Displayed com.rhmsoft.fm/.FileManager,wp,wa,212
I/SFPerfTracer(  278):       trigger: vsync rate (-61.586%)	(23.048 vps)	(43.387 ms)* 	(274 drops)	(260 vsyncs)
I/SFPerfTracer(  278):      triggers: (rate: 18:16145) (86852 sw vsyncs) (28061 skipped) (260:107432 vsyncs) (262:207875)
I/ActivityManager( 1016): START u0 {act=android.intent.action.VIEW cat=[android.intent.category.DEFAULT] dat=file:///storage/emulated/0/Download/FB_Auth-release.apk typ=application/vnd.android.package-archive flg=0x10000 cmp=com.android.packageinstaller/.PackageInstallerActivity} from pid 852
W/ContextImpl( 1231): Calling a method in the system process without a qualified user: android.app.ContextImpl.sendBroadcast:1252 android.content.ContextWrapper.sendBroadcast:365 com.motorola.motocare.util.TriggerHelper$TriggerBuilder.send:76 com.motorola.motocare.internal.frameworkevents.PauseResumeTrigger.handleFrameworkEvent:53 com.motorola.motocare.internal.frameworkevents.FwEventMonitor$FrameworkListener.processFrameworkEvent:114 
W/ContextImpl( 1231): Calling a method in the system process without a qualified user: android.app.ContextImpl.sendBroadcast:1252 android.content.ContextWrapper.sendBroadcast:365 com.motorola.motocare.util.TriggerHelper$TriggerBuilder.send:76 com.motorola.motocare.internal.frameworkevents.PauseResumeTrigger.handleFrameworkEvent:53 com.motorola.motocare.internal.frameworkevents.FwEventMonitor$FrameworkListener.processFrameworkEvent:114 
W/PackageParser(12125): No actions in intent filter at /storage/emulated/0/Download/FB_Auth-release.apk Binary XML file line #28
I/LaunchCheckinHandler( 1016): Displayed com.android.packageinstaller/.PackageInstallerActivity,wp,ca,279
I/ActivityManager( 1016): START u0 {dat=file:///storage/emulated/0/Download/FB_Auth-release.apk cmp=com.android.packageinstaller/.InstallAppProgress (has extras)} from pid 12125
W/ContextImpl( 1231): Calling a method in the system process without a qualified user: android.app.ContextImpl.sendBroadcast:1252 android.content.ContextWrapper.sendBroadcast:365 com.motorola.motocare.util.TriggerHelper$TriggerBuilder.send:76 com.motorola.motocare.internal.frameworkevents.PauseResumeTrigger.handleFrameworkEvent:53 com.motorola.motocare.internal.frameworkevents.FwEventMonitor$FrameworkListener.processFrameworkEvent:114 
W/ContextImpl( 1231): Calling a method in the system process without a qualified user: android.app.ContextImpl.sendBroadcast:1252 android.content.ContextWrapper.sendBroadcast:365 com.motorola.motocare.util.TriggerHelper$TriggerBuilder.send:76 com.motorola.motocare.internal.frameworkevents.PauseResumeTrigger.handleFrameworkEvent:53 com.motorola.motocare.internal.frameworkevents.FwEventMonitor$FrameworkListener.processFrameworkEvent:114 
I/ActivityManager( 1016): Start proc com.android.defcontainer for service com.android.defcontainer/.DefaultContainerService: pid=13191 uid=10013 gids={50013, 1028, 1015, 1023, 2001, 1035}
I/LaunchCheckinHandler( 1016): Displayed com.android.packageinstaller/.InstallAppProgress,wp,ca,158
W/ActivityManager( 1016): No content provider found for permission revoke: file:///storage/emulated/0/Download/FB_Auth-release.apk
W/PackageParser(11633): No actions in intent filter at /storage/emulated/0/Download/FB_Auth-release.apk Binary XML file line #28
I/SFPerfTracer(  278):      triggers: (rate: 32:2546) (compose: 0:9) (post: 0:2) (render: 7:343) (2:33438 frames) (3:102172)
D/SFPerfTracer(  278):        layers: (4:12) (DimLayer: 0:65)* (DimLayer: 0:21)* (FocusedStackFrame: 0:891)* (StatusBar: 0:5668) (NavigationBar: 0:6978) (DimLayer: 0:856)* (DimLayer: 0:164) (com.android.wallpaper.fall.FallWallpaper: 0:8750)* (com.android.launcher/com.android.launcher2.Launcher: 0:85)* (com.rhmsoft.fm/com.rhmsoft.fm.FileManager: 0:40)* (com.android.packageinstaller/com.android.packageinstaller.PackageInstallerActivity: 3:26)* (com.android.packageinstaller/com.android.packageinstaller.InstallAppProgress: 3:23) 
I/SFPerfTracer(  278):      triggers: (rate: 18:16145) (86852 sw vsyncs) (28061 skipped) (31:107526 vsyncs) (33:207986)
W/ActivityManager( 1016): No content provider found for permission revoke: file:///storage/emulated/0/Download/FB_Auth-release.apk
I/PackageManager( 1016): Copying native libraries to /data/app-lib/vmdl2137070289
W/PackageParser( 1016): No actions in intent filter at /data/app/vmdl2137070289.tmp Binary XML file line #28
I/ActivityManager( 1016): Force stopping com.giftme.fb_auth appid=10106 user=-1: uninstall pkg
I/ActivityManager( 1016): Killing 12340:com.giftme.fb_auth/u0a106 (adj 10): stop com.giftme.fb_auth
W/ContextImpl( 1231): Calling a method in the system process without a qualified user: android.app.ContextImpl.sendBroadcast:1252 android.content.ContextWrapper.sendBroadcast:365 com.motorola.motocare.util.TriggerHelper$TriggerBuilder.send:76 com.motorola.motocare.internal.frameworkevents.ProcessKillTrigger.sendTrigger:147 com.motorola.motocare.internal.frameworkevents.ProcessKillTrigger.handleFrameworkEvent:164 
I/ActivityManager( 1016):   Force finishing activity ActivityRecord{42848310 u0 com.giftme.fb_auth/.FB_Auth t61}
I/WindowState( 1016): WIN DEATH: Window{42967180 u0 com.giftme.fb_auth/com.giftme.fb_auth.FB_Auth}
I/PackageManager( 1016): Package com.giftme.fb_auth codePath changed from /data/app/com.giftme.fb_auth-1.apk to /data/app/com.giftme.fb_auth-2.apk; Retaining data and using new
I/ActivityManager( 1016): Force stopping com.giftme.fb_auth appid=10106 user=-1: update pkg
W/PackageManager( 1016): Code path for pkg : com.giftme.fb_auth changing from /data/app/com.giftme.fb_auth-1.apk to /data/app/com.giftme.fb_auth-2.apk
W/PackageManager( 1016): Resource path for pkg : com.giftme.fb_auth changing from /data/app/com.giftme.fb_auth-1.apk to /data/app/com.giftme.fb_auth-2.apk
W/PackageManager( 1016): Unknown permission android.permission.RECORD_VIDEO in package com.giftme.fb_auth
I/ActivityManager( 1016): Force stopping com.giftme.fb_auth appid=10106 user=0: pkg removed
I/PackageManager( 1016): Adding preferred activity ComponentInfo{com.android.mms/com.android.mms.ui.ComposeMessageActivity} for user 0 :
I/PackageManager( 1016): Adding preferred activity ComponentInfo{com.android.mms/com.android.mms.ui.ComposeMessageActivity} for user 0 :
I/PackageManager( 1016): Adding preferred activity ComponentInfo{com.android.mms/com.android.mms.ui.ComposeMessageActivity} for user 0 :
I/PackageManager( 1016): Adding preferred activity ComponentInfo{com.android.mms/com.android.mms.ui.ComposeMessageActivity} for user 0 :
I/PackageManager( 1016): Adding preferred activity ComponentInfo{com.android.mms/com.android.mms.ui.ComposeMessageActivity} for user 0 :
I/PackageManager( 1016): Adding preferred activity ComponentInfo{com.android.mms/com.android.mms.ui.ComposeMessageActivity} for user 0 :
I/ActivityManager( 1016): Start proc com.motorola.MotGallery2 for broadcast com.motorola.MotGallery2/com.android.gallery3d.app.PackagesMonitor: pid=13230 uid=10034 gids={50034, 3003, 1028, 1015}
I/PackageManager( 1016): Adding preferred activity ComponentInfo{com.android.mms/com.android.mms.ui.ComposeMessageActivity} for user 0 :
I/PackageManager( 1016): Adding preferred activity ComponentInfo{com.android.mms/com.android.mms.ui.ComposeMessageActivity} for user 0 :
I/PackageManager( 1016): Adding preferred activity ComponentInfo{com.android.mms/com.android.mms.ui.ComposeMessageActivity} for user 0 :
I/PackageManager( 1016): Adding preferred activity ComponentInfo{com.android.mms/com.android.mms.ui.ComposeMessageActivity} for user 0 :
I/PackageManager( 1016): Adding preferred activity ComponentInfo{com.android.mms/com.android.mms.ui.ComposeMessageActivity} for user 0 :
I/PackageManager( 1016): Adding preferred activity ComponentInfo{com.android.mms/com.android.mms.ui.ComposeMessageActivity} for user 0 :
I/PackageManager( 1016): Adding preferred activity ComponentInfo{com.android.mms/com.android.mms.ui.ComposeMessageActivity} for user 0 :
I/PackageManager( 1016): Adding preferred activity ComponentInfo{com.android.mms/com.android.mms.ui.ComposeMessageActivity} for user 0 :
I/ActivityManager( 1016): Start proc com.android.keychain for broadcast com.android.keychain/.KeyChainBroadcastReceiver: pid=13248 uid=1000 gids={41000, 1028, 1015, 3002, 3001, 3003, 1021, 3004, 3005, 1000, 3009, 1023, 1010, 1004, 2002, 3006}
D/BackupManagerService( 1016): Received broadcast Intent { act=android.intent.action.PACKAGE_REMOVED dat=package:com.giftme.fb_auth flg=0x4000010 (has extras) }
I/PackageManager( 1016): Adding preferred activity ComponentInfo{com.android.mms/com.android.mms.ui.ComposeMessageActivity} for user 0 :
I/PackageManager( 1016): Adding preferred activity ComponentInfo{com.android.mms/com.android.mms.ui.ComposeMessageActivity} for user 0 :
I/PackageManager( 1016): Adding preferred activity ComponentInfo{com.android.mms/com.android.mms.ui.ComposeMessageActivity} for user 0 :
W/ContextImpl(13248): Calling a method in the system process without a qualified user: android.app.ContextImpl.startService:1608 android.content.ContextWrapper.startService:494 android.content.ContextWrapper.startService:494 com.android.keychain.KeyChainBroadcastReceiver.onReceive:12 android.app.ActivityThread.handleReceiver:2434 
I/PackageManager( 1016): Adding preferred activity ComponentInfo{com.android.mms/com.android.mms.ui.ComposeMessageActivity} for user 0 :
I/PackageManager( 1016): Adding preferred activity ComponentInfo{com.android.mms/com.android.mms.ui.ComposeMessageActivity} for user 0 :
I/ActivityManager( 1016): Start proc com.google.android.apps.plus for broadcast com.google.android.apps.plus/.service.PackagesMediaMonitor: pid=13260 uid=10090 gids={50090, 3003, 3002, 1028, 1015}
I/PackageManager( 1016): Adding preferred activity ComponentInfo{com.android.mms/com.android.mms.ui.ComposeMessageActivity} for user 0 :
D/BackupManagerService( 1016): Received broadcast Intent { act=android.intent.action.PACKAGE_ADDED dat=package:com.giftme.fb_auth flg=0x4000010 (has extras) }
V/BackupManagerService( 1016): removePackageParticipantsLocked: uid=10106 #1
V/BackupManagerService( 1016): addPackageParticipantsLocked: #1
I/PackageManager( 1016): Adding preferred activity ComponentInfo{com.android.mms/com.android.mms.ui.ComposeMessageActivity} for user 0 :
I/PackageManager( 1016): Adding preferred activity ComponentInfo{com.android.mms/com.android.mms.ui.ComposeMessageActivity} for user 0 :
I/PackageManager( 1016): Adding preferred activity ComponentInfo{com.android.mms/com.android.mms.ui.ComposeMessageActivity} for user 0 :
I/PackageManager( 1016): Adding preferred activity ComponentInfo{com.android.mms/com.android.mms.ui.ComposeMessageActivity} for user 0 :
I/SFPerfTracer(  278):      triggers: (rate: 18:16145) (86852 sw vsyncs) (28061 skipped) (0:107568 vsyncs) (2:208088)
I/ActivityManager( 1016): Start proc com.facebook.katana:dash for broadcast com.facebook.katana/com.facebook.dash.receivers.DashPackageUninstallReceiver: pid=13282 uid=10110 gids={50110, 1028, 1015, 3003}
I/ActivityManager( 1016): Killing 12324:com.google.android.apps.magazines/u0a77 (adj 15): empty #9
W/ContextImpl( 1231): Calling a method in the system process without a qualified user: android.app.ContextImpl.sendBroadcast:1252 android.content.ContextWrapper.sendBroadcast:365 com.motorola.motocare.util.TriggerHelper$TriggerBuilder.send:76 com.motorola.motocare.internal.frameworkevents.ProcessKillTrigger.sendTrigger:147 com.motorola.motocare.internal.frameworkevents.ProcessKillTrigger.handleFrameworkEvent:164 
W/Vold    (  261): Returning OperationFailed - no handler for errno 30
D/WifiService( 1016): New client listening to asynchronous messages
I/ActivityManager( 1016): Start proc com.google.android.partnersetup for broadcast com.google.android.partnersetup/.RlzPingBroadcastReceiver: pid=13318 uid=10025 gids={50025, 3003}
I/ActivityManager( 1016): Killing 12858:com.motorola.deviceauthenticator/u0a16 (adj 15): empty #9
W/ContextImpl( 1231): Calling a method in the system process without a qualified user: android.app.ContextImpl.sendBroadcast:1252 android.content.ContextWrapper.sendBroadcast:365 com.motorola.motocare.util.TriggerHelper$TriggerBuilder.send:76 com.motorola.motocare.internal.frameworkevents.ProcessKillTrigger.sendTrigger:147 com.motorola.motocare.internal.frameworkevents.ProcessKillTrigger.handleFrameworkEvent:164 
I/ActivityManager( 1016): Killing 13191:com.android.defcontainer/u0a13 (adj 15): empty #9
W/ContextImpl( 1231): Calling a method in the system process without a qualified user: android.app.ContextImpl.sendBroadcast:1252 android.content.ContextWrapper.sendBroadcast:365 com.motorola.motocare.util.TriggerHelper$TriggerBuilder.send:76 com.motorola.motocare.internal.frameworkevents.ProcessKillTrigger.sendTrigger:147 com.motorola.motocare.internal.frameworkevents.ProcessKillTrigger.handleFrameworkEvent:164 
I/ActivityManager( 1016): Start proc com.google.android.apps.magazines for broadcast com.google.android.apps.magazines/com.google.apps.dots.android.app.receiver.FirstInstallNotificationReceiver: pid=13350 uid=10077 gids={50077, 3003, 1028, 1015}
W/BroadcastQueue( 1016): Permission Denial: broadcasting Intent { act=android.net.conn.INET_CONDITION_ACTION flg=0x4000010 (has extras) } from null (pid=-1, uid=-1) requires com.facebook.permission.prod.FB_APP_COMMUNICATION due to registered receiver BroadcastFilter{437a92e0 u0 ReceiverList{437e8058 13282 com.facebook.katana:dash/10110/u0 remote:4390dff8}}
W/BroadcastQueue( 1016): Permission Denial: broadcasting Intent { act=android.net.conn.CONNECTIVITY_CHANGE flg=0x4000010 (has extras) } from null (pid=-1, uid=-1) requires com.facebook.permission.prod.FB_APP_COMMUNICATION due to registered receiver BroadcastFilter{437a92e0 u0 ReceiverList{437e8058 13282 com.facebook.katana:dash/10110/u0 remote:4390dff8}}
W/Vold    (  261): Returning OperationFailed - no handler for errno 30
I/ActivityManager( 1016): START u0 {act=android.intent.action.MAIN cat=[android.intent.category.LAUNCHER] flg=0x10000000 pkg=com.giftme.fb_auth cmp=com.giftme.fb_auth/.FB_Auth} from pid 12125
W/ContextImpl( 1231): Calling a method in the system process without a qualified user: android.app.ContextImpl.sendBroadcast:1252 android.content.ContextWrapper.sendBroadcast:365 com.motorola.motocare.util.TriggerHelper$TriggerBuilder.send:76 com.motorola.motocare.internal.frameworkevents.PauseResumeTrigger.handleFrameworkEvent:53 com.motorola.motocare.internal.frameworkevents.FwEventMonitor$FrameworkListener.processFrameworkEvent:114 
I/ActivityManager( 1016): Start proc com.giftme.fb_auth for activity com.giftme.fb_auth/.FB_Auth: pid=13395 uid=10106 gids={50106, 3003, 1028, 1015}
W/ContextImpl( 1231): Calling a method in the system process without a qualified user: android.app.ContextImpl.sendBroadcast:1252 android.content.ContextWrapper.sendBroadcast:365 com.motorola.motocare.util.TriggerHelper$TriggerBuilder.send:76 com.motorola.motocare.internal.frameworkevents.PauseResumeTrigger.handleFrameworkEvent:53 com.motorola.motocare.internal.frameworkevents.FwEventMonitor$FrameworkListener.processFrameworkEvent:114 
W/BroadcastQueue( 1016): Permission Denial: broadcasting Intent { act=android.net.conn.CONNECTIVITY_CHANGE flg=0x4000010 (has extras) } from null (pid=-1, uid=-1) requires com.facebook.permission.prod.FB_APP_COMMUNICATION due to registered receiver BroadcastFilter{439cd968 u0 ReceiverList{4359a158 13282 com.facebook.katana:dash/10110/u0 remote:4356ed70}}
I/ActivityManager( 1016): Killing 13248:com.android.keychain/1000 (adj 15): empty #9
W/ContextImpl( 1231): Calling a method in the system process without a qualified user: android.app.ContextImpl.sendBroadcast:1252 android.content.ContextWrapper.sendBroadcast:365 com.motorola.motocare.util.TriggerHelper$TriggerBuilder.send:76 com.motorola.motocare.internal.frameworkevents.ProcessKillTrigger.sendTrigger:147 com.motorola.motocare.internal.frameworkevents.ProcessKillTrigger.handleFrameworkEvent:164 
I/LaunchCheckinHandler( 1016): Displayed com.giftme.fb_auth/.FB_Auth,cp,ca,552
I/SFPerfTracer(  278):      triggers: (rate: 32:2546) (compose: 0:9) (post: 0:2) (render: 7:343) (9:33471 frames) (10:102277)
D/SFPerfTracer(  278):        layers: (5:11) (DimLayer: 0:65)* (DimLayer: 0:21)* (FocusedStackFrame: 1:898)* (StatusBar: 0:5668) (NavigationBar: 7:6997) (DimLayer: 0:856)* (DimLayer: 0:166) (com.android.wallpaper.fall.FallWallpaper: 0:8750)* (com.android.packageinstaller/com.android.packageinstaller.InstallAppProgress: 0:104)* (Starting com.giftme.fb_auth: 10:25) (com.giftme.fb_auth/com.giftme.fb_auth.FB_Auth: 10:18) 
I/ActivityManager( 1016): Killing 13282:com.facebook.katana:dash/u0a110 (adj 15): empty #9
W/ContextImpl( 1231): Calling a method in the system process without a qualified user: android.app.ContextImpl.sendBroadcast:1252 android.content.ContextWrapper.sendBroadcast:365 com.motorola.motocare.util.TriggerHelper$TriggerBuilder.send:76 com.motorola.motocare.internal.frameworkevents.ProcessKillTrigger.sendTrigger:147 com.motorola.motocare.internal.frameworkevents.ProcessKillTrigger.handleFrameworkEvent:164 
D/WifiService( 1016): Client connection lost with reason: 4
W/ProcessCpuTracker( 1016): Skipping unknown process pid 13460
W/ProcessCpuTracker( 1016): Skipping unknown process pid 13461
I/SFPerfTracer(  278):      triggers: (rate: 18:16145) (86852 sw vsyncs) (28061 skipped) (28:107667 vsyncs) (30:208201)
I/ActivityManager( 1016): START u0 {act=com.android.systemui.recent.action.TOGGLE_RECENTS flg=0x10800000 cmp=com.android.systemui/.recent.RecentsActivity (has extras)} from pid 1078
W/ContextImpl( 1231): Calling a method in the system process without a qualified user: android.app.ContextImpl.sendBroadcast:1252 android.content.ContextWrapper.sendBroadcast:365 com.motorola.motocare.util.TriggerHelper$TriggerBuilder.send:76 com.motorola.motocare.internal.frameworkevents.PauseResumeTrigger.handleFrameworkEvent:53 com.motorola.motocare.internal.frameworkevents.FwEventMonitor$FrameworkListener.processFrameworkEvent:114 
W/ContextImpl( 1231): Calling a method in the system process without a qualified user: android.app.ContextImpl.sendBroadcast:1252 android.content.ContextWrapper.sendBroadcast:365 com.motorola.motocare.util.TriggerHelper$TriggerBuilder.send:76 com.motorola.motocare.internal.frameworkevents.PauseResumeTrigger.handleFrameworkEvent:53 com.motorola.motocare.internal.frameworkevents.FwEventMonitor$FrameworkListener.processFrameworkEvent:114 
I/LaunchCheckinHandler( 1016): Displayed com.android.systemui/.recent.RecentsActivity,wp,wa,221
I/ActivityManager( 1016): Killing 13318:com.google.android.partnersetup/u0a25 (adj 15): empty #9
W/ContextImpl( 1231): Calling a method in the system process without a qualified user: android.app.ContextImpl.sendBroadcast:1252 android.content.ContextWrapper.sendBroadcast:365 com.motorola.motocare.util.TriggerHelper$TriggerBuilder.send:76 com.motorola.motocare.internal.frameworkevents.ProcessKillTrigger.sendTrigger:147 com.motorola.motocare.internal.frameworkevents.ProcessKillTrigger.handleFrameworkEvent:164 
I/ActivityManager( 1016): Killing 13230:com.motorola.MotGallery2/u0a34 (adj 15): empty #9
W/ContextImpl( 1231): Calling a method in the system process without a qualified user: android.app.ContextImpl.sendBroadcast:1252 android.content.ContextWrapper.sendBroadcast:365 com.motorola.motocare.util.TriggerHelper$TriggerBuilder.send:76 com.motorola.motocare.internal.frameworkevents.ProcessKillTrigger.sendTrigger:147 com.motorola.motocare.internal.frameworkevents.ProcessKillTrigger.handleFrameworkEvent:164 
I/ActivityManager( 1016): Killing 13395:com.giftme.fb_auth/u0a106 (adj 9): remove task
W/ContextImpl( 1231): Calling a method in the system process without a qualified user: android.app.ContextImpl.sendBroadcast:1252 android.content.ContextWrapper.sendBroadcast:365 com.motorola.motocare.util.TriggerHelper$TriggerBuilder.send:76 com.motorola.motocare.internal.frameworkevents.ProcessKillTrigger.sendTrigger:147 com.motorola.motocare.internal.frameworkevents.ProcessKillTrigger.handleFrameworkEvent:164 
I/SFPerfTracer(  278):      triggers: (rate: 18:16145) (86852 sw vsyncs) (28061 skipped) (28:107770 vsyncs) (30:208318)
I/WindowState( 1016): WIN DEATH: Window{42982b20 u0 com.giftme.fb_auth/com.giftme.fb_auth.FB_Auth}
I/SFPerfTracer(  278):      triggers: (rate: 32:2546) (compose: 0:9) (post: 0:2) (render: 7:343) (0:33489 frames) (1:102377)
D/SFPerfTracer(  278):        layers: (3:13) (DimLayer: 0:65)* (DimLayer: 0:21)* (FocusedStackFrame: 0:901)* (StatusBar: 0:5668) (NavigationBar: 0:7016) (DimLayer: 0:856)* (DimLayer: 0:167)* (com.android.wallpaper.fall.FallWallpaper: 0:8750)* (com.android.packageinstaller/com.android.packageinstaller.InstallAppProgress: 0:104)* (Starting com.giftme.fb_auth: 0:28)* (com.giftme.fb_auth/com.giftme.fb_auth.FB_Auth: 0:59)* (com.android.systemui/com.android.systemui.recent.RecentsActivity: 1:59) (thumbnail anim: 0:18)* 
W/ContextImpl( 1231): Calling a method in the system process without a qualified user: android.app.ContextImpl.sendBroadcast:1252 android.content.ContextWrapper.sendBroadcast:365 com.motorola.motocare.util.TriggerHelper$TriggerBuilder.send:76 com.motorola.motocare.internal.frameworkevents.PauseResumeTrigger.handleFrameworkEvent:53 com.motorola.motocare.internal.frameworkevents.FwEventMonitor$FrameworkListener.processFrameworkEvent:114 
W/ContextImpl( 1231): Calling a method in the system process without a qualified user: android.app.ContextImpl.sendBroadcast:1252 android.content.ContextWrapper.sendBroadcast:365 com.motorola.motocare.util.TriggerHelper$TriggerBuilder.send:76 com.motorola.motocare.internal.frameworkevents.PauseResumeTrigger.handleFrameworkEvent:53 com.motorola.motocare.internal.frameworkevents.FwEventMonitor$FrameworkListener.processFrameworkEvent:114 
V/AlarmManager( 1016): sending alarm Alarm{427c1518 type 0 com.android.vending}
I/SFPerfTracer(  278):      triggers: (rate: 18:16145) (86852 sw vsyncs) (28061 skipped) (5:107858 vsyncs) (7:208419)
W/PackageParser(  852): No actions in intent filter at /storage/emulated/0/Download/FB_Auth-release.apk Binary XML file line #28
I/ActivityManager( 1016): START u0 {act=android.intent.action.VIEW cat=[android.intent.category.DEFAULT] dat=file:///storage/emulated/0/Download/FB_Auth-release.apk typ=application/vnd.android.package-archive flg=0x10000 cmp=com.android.packageinstaller/.PackageInstallerActivity} from pid 852
W/ContextImpl( 1231): Calling a method in the system process without a qualified user: android.app.ContextImpl.sendBroadcast:1252 android.content.ContextWrapper.sendBroadcast:365 com.motorola.motocare.util.TriggerHelper$TriggerBuilder.send:76 com.motorola.motocare.internal.frameworkevents.PauseResumeTrigger.handleFrameworkEvent:53 com.motorola.motocare.internal.frameworkevents.FwEventMonitor$FrameworkListener.processFrameworkEvent:114 
W/ContextImpl( 1231): Calling a method in the system process without a qualified user: android.app.ContextImpl.sendBroadcast:1252 android.content.ContextWrapper.sendBroadcast:365 com.motorola.motocare.util.TriggerHelper$TriggerBuilder.send:76 com.motorola.motocare.internal.frameworkevents.PauseResumeTrigger.handleFrameworkEvent:53 com.motorola.motocare.internal.frameworkevents.FwEventMonitor$FrameworkListener.processFrameworkEvent:114 
W/PackageParser(12125): No actions in intent filter at /storage/emulated/0/Download/FB_Auth-release.apk Binary XML file line #28
I/LaunchCheckinHandler( 1016): Displayed com.android.packageinstaller/.PackageInstallerActivity,wp,ca,302
I/ActivityManager( 1016): START u0 {dat=file:///storage/emulated/0/Download/FB_Auth-release.apk cmp=com.android.packageinstaller/.InstallAppProgress (has extras)} from pid 12125
W/ContextImpl( 1231): Calling a method in the system process without a qualified user: android.app.ContextImpl.sendBroadcast:1252 android.content.ContextWrapper.sendBroadcast:365 com.motorola.motocare.util.TriggerHelper$TriggerBuilder.send:76 com.motorola.motocare.internal.frameworkevents.PauseResumeTrigger.handleFrameworkEvent:53 com.motorola.motocare.internal.frameworkevents.FwEventMonitor$FrameworkListener.processFrameworkEvent:114 
W/ContextImpl( 1231): Calling a method in the system process without a qualified user: android.app.ContextImpl.sendBroadcast:1252 android.content.ContextWrapper.sendBroadcast:365 com.motorola.motocare.util.TriggerHelper$TriggerBuilder.send:76 com.motorola.motocare.internal.frameworkevents.PauseResumeTrigger.handleFrameworkEvent:53 com.motorola.motocare.internal.frameworkevents.FwEventMonitor$FrameworkListener.processFrameworkEvent:114 
I/ActivityManager( 1016): Start proc com.android.defcontainer for service com.android.defcontainer/.DefaultContainerService: pid=13554 uid=10013 gids={50013, 1028, 1015, 1023, 2001, 1035}
I/LaunchCheckinHandler( 1016): Displayed com.android.packageinstaller/.InstallAppProgress,wp,ca,162
W/ActivityManager( 1016): No content provider found for permission revoke: file:///storage/emulated/0/Download/FB_Auth-release.apk
W/PackageParser(11633): No actions in intent filter at /storage/emulated/0/Download/FB_Auth-release.apk Binary XML file line #28
I/SFPerfTracer(  278):      triggers: (rate: 32:2546) (compose: 0:9) (post: 0:2) (render: 7:343) (0:33521 frames) (1:102477)
D/SFPerfTracer(  278):        layers: (3:13) (DimLayer: 0:65)* (DimLayer: 0:21)* (FocusedStackFrame: 0:907)* (StatusBar: 0:5668) (NavigationBar: 0:7016) (DimLayer: 0:856)* (DimLayer: 0:169)* (com.android.wallpaper.fall.FallWallpaper: 0:8750)* (com.android.systemui/com.android.systemui.recent.RecentsActivity: 0:64)* (com.rhmsoft.fm/com.rhmsoft.fm.FileManager: 0:62)* (thumbnail anim: 0:18)* (com.android.packageinstaller/com.android.packageinstaller.PackageInstallerActivity: 0:25)* (com.android.packageinstaller/com.android.packageinstaller.InstallAppProgress: 1:25) 
W/ActivityManager( 1016): No content provider found for permission revoke: file:///storage/emulated/0/Download/FB_Auth-release.apk
I/PackageManager( 1016): Copying native libraries to /data/app-lib/vmdl963810755
W/PackageParser( 1016): No actions in intent filter at /data/app/vmdl963810755.tmp Binary XML file line #28
I/SFPerfTracer(  278):      triggers: (rate: 18:16145) (86852 sw vsyncs) (28061 skipped) (0:107918 vsyncs) (2:208520)
I/ActivityManager( 1016): Force stopping com.giftme.fb_auth appid=10106 user=-1: uninstall pkg
