I/PackageManager( 1016): Adding preferred activity ComponentInfo{com.android.mms/com.android.mms.ui.ComposeMessageActivity} for user 0 :
I/PackageManager( 1016):   Action: "android.intent.action.SENDTO"
I/PackageManager( 1016):   Category: "android.intent.category.DEFAULT"
I/PackageManager( 1016):   Scheme: "mms"
I/PackageManager( 1016): Adding preferred activity ComponentInfo{com.android.mms/com.android.mms.ui.ComposeMessageActivity} for user 0 :
I/PackageManager( 1016):   Action: "android.intent.action.SENDTO"
I/PackageManager( 1016):   Category: "android.intent.category.DEFAULT"
I/PackageManager( 1016):   Scheme: "mmsto"
I/PackageManager( 1016): Adding preferred activity ComponentInfo{com.android.mms/com.android.mms.ui.ComposeMessageActivity} for user 0 :
I/PackageManager( 1016):   Action: "android.intent.action.SENDTO"
I/PackageManager( 1016):   Category: "android.intent.category.DEFAULT"
I/PackageManager( 1016):   Scheme: "sms"
I/PackageManager( 1016): Adding preferred activity ComponentInfo{com.android.mms/com.android.mms.ui.ComposeMessageActivity} for user 0 :
I/PackageManager( 1016):   Action: "android.intent.action.SENDTO"
I/PackageManager( 1016):   Category: "android.intent.category.DEFAULT"
I/PackageManager( 1016):   Scheme: "smsto"
I/PackageManager( 1016): Adding preferred activity ComponentInfo{com.android.mms/com.android.mms.ui.ComposeMessageActivity} for user 0 :
I/PackageManager( 1016):   Action: "android.intent.action.SENDTO"
I/PackageManager( 1016):   Category: "android.intent.category.DEFAULT"
I/PackageManager( 1016):   Scheme: "mms"
I/PackageManager( 1016): Adding preferred activity ComponentInfo{com.android.mms/com.android.mms.ui.ComposeMessageActivity} for user 0 :
I/PackageManager( 1016):   Action: "android.intent.action.SENDTO"
I/PackageManager( 1016):   Category: "android.intent.category.DEFAULT"
I/PackageManager( 1016):   Scheme: "mmsto"
D/WifiStateMachine( 1016): handleMessage: E msg.what=151572
D/WifiStateMachine( 1016): processMsg: ConnectedState
D/WifiStateMachine( 1016): processMsg: L2ConnectedState
D/WifiStateMachine( 1016): handleMessage: X
D/WifiStateMachine( 1016): handleMessage: E msg.what=131155
D/WifiStateMachine( 1016): processMsg: ConnectedState
D/WifiStateMachine( 1016): processMsg: L2ConnectedState
D/WifiStateMachine( 1016): handleMessage: X
W/ActiveOrDefaultContextProvider(17420): Missing scope.enter somewhere. Returning default context
W/GAV2    (17420): Thread[main,5,main]: Need to call initialize() and be in fallback mode to start dispatch.
I/ActivityManager( 1016): Start proc com.android.keychain for broadcast com.android.keychain/.KeyChainBroadcastReceiver: pid=17450 uid=1000 gids={41000, 1028, 1015, 3002, 3001, 3003, 1021, 3004, 3005, 1000, 3009, 1023, 1010, 1004, 2002, 3006}
I/ActivityManager( 1016): Process android.process.acore (pid 17387) has died.
W/ContextImpl(17450): Calling a method in the system process without a qualified user: android.app.ContextImpl.startService:1608 android.content.ContextWrapper.startService:494 android.content.ContextWrapper.startService:494 com.android.keychain.KeyChainBroadcastReceiver.onReceive:12 android.app.ActivityThread.handleReceiver:2434 
E/NetworkScheduler.SchedulerReceiver(30376): Invalid parameter app
E/NetworkScheduler.SchedulerReceiver(30376): Invalid package name : Perhaps you didn't include a PendingIntent in the extras?
D/PackageBroadcastService(30409): Received broadcast action=android.intent.action.PACKAGE_REMOVED and uri=com.giftme.fb_auth
I/ActivityManager( 1016): Start proc com.google.android.apps.plus for broadcast com.google.android.apps.plus/.service.PackagesMediaMonitor: pid=17467 uid=10090 gids={50090, 3003, 3002, 1028, 1015}
I/ConfigService(30376): onCreate
I/ConfigFetchService(30409): onStartCommand Intent { act=android.intent.action.PACKAGE_REMOVED dat=package:com.giftme.fb_auth cmp=com.google.android.gms/.config.ConfigFetchService (has extras) }
I/ConfigService(30376): onBind for Intent { act=com.google.android.gms.config.UPDATE pkg=com.google.android.gms } action com.google.android.gms.config.UPDATE
D/dalvikvm(  280): GC_EXPLICIT freed 43K, 48% free 9010K/17224K, paused 3ms+4ms, total 24ms
I/ConfigService(30376): onBind returning update interface
I/ConfigService(30376): onBind for Intent { act=com.google.android.gms.config.START pkg=com.google.android.gms } action com.google.android.gms.config.START
I/ConfigService(30376): onBind returning service broker
D/dalvikvm(  280): GC_EXPLICIT freed <1K, 48% free 9010K/17224K, paused 2ms+2ms, total 21ms
D/dalvikvm(  280): GC_EXPLICIT freed <1K, 48% free 9010K/17224K, paused 2ms+3ms, total 18ms
E/dalvikvm(17467): Could not find class 'android.app.Notification$Action$Builder', referenced from method b.a
W/dalvikvm(17467): VFY: unable to resolve new-instance 302 (Landroid/app/Notification$Action$Builder;) in Lb;
D/dalvikvm(17467): VFY: replacing opcode 0x22 at 0x0000
E/dalvikvm(17467): Could not find class 'android.graphics.drawable.RippleDrawable', referenced from method b.a
W/dalvikvm(17467): VFY: unable to resolve new-instance 462 (Landroid/graphics/drawable/RippleDrawable;) in Lb;
D/dalvikvm(17467): VFY: replacing opcode 0x22 at 0x000b
D/Finsky  (14281): [1] InstallPolicies.captureEverExternallyHosted: Presetting external-hosting status for uninstalled com.andrewshu.android.reddit
W/dalvikvm(17467): VFY: unable to find class referenced in signature (Lzt;)
W/dalvikvm(17467): VFY: unable to find class referenced in signature (Lzt;)
W/dalvikvm(17467): VFY: unable to find class referenced in signature (Lzt;)
W/dalvikvm(17467): VFY: unable to find class referenced in signature (Lzt;)
W/dalvikvm(17467): VFY: unable to find class referenced in signature (Lzt;)
W/dalvikvm(17467): VFY: unable to find class referenced in signature (Lzt;)
W/dalvikvm(17467): VFY: unable to find class referenced in signature (Lzt;)
E/dalvikvm(17467): Could not find class 'android.app.Notification$Action$Builder', referenced from method b.a
W/dalvikvm(17467): VFY: unable to resolve new-instance 302 (Landroid/app/Notification$Action$Builder;) in Lb;
D/dalvikvm(17467): VFY: replacing opcode 0x22 at 0x0000
W/dalvikvm(17467): Unable to resolve superclass of Lar; (689)
W/dalvikvm(17467): Link of class 'Lar;' failed
E/dalvikvm(17467): Could not find class 'ar', referenced from method b.a
W/dalvikvm(17467): VFY: unable to resolve new-instance 999 (Lar;) in Lb;
D/dalvikvm(17467): VFY: replacing opcode 0x22 at 0x0006
W/dalvikvm(17467): Unable to resolve superclass of Lat; (689)
W/dalvikvm(17467): Link of class 'Lat;' failed
E/dalvikvm(17467): Could not find class 'at', referenced from method b.a
W/dalvikvm(17467): VFY: unable to resolve new-instance 1053 (Lat;) in Lb;
D/dalvikvm(17467): VFY: replacing opcode 0x22 at 0x002a
I/dalvikvm(17467): Could not find method android.view.ViewGroup.isTransitionGroup, referenced from method b.a
W/dalvikvm(17467): VFY: unable to resolve virtual method 4388: Landroid/view/ViewGroup;.isTransitionGroup ()Z
D/dalvikvm(17467): VFY: replacing opcode 0x6e at 0x000c
I/dalvikvm(17467): Could not find method android.view.View.getTransitionName, referenced from method b.a
W/dalvikvm(17467): VFY: unable to resolve virtual method 4205: Landroid/view/View;.getTransitionName ()Ljava/lang/String;
D/dalvikvm(17467): VFY: replacing opcode 0x6e at 0x0006
W/dalvikvm(17467): VFY: unable to find class referenced in signature ([Landroid/app/RemoteInput;)
E/dalvikvm(17467): Could not find class 'android.app.RemoteInput[]', referenced from method b.a
W/dalvikvm(17467): VFY: unable to resolve new-array 12606 ([Landroid/app/RemoteInput;) in Lb;
D/dalvikvm(17467): VFY: replacing opcode 0x23 at 0x0005
W/GAV2    (17420): Thread[main,5,main]: dispatch call queued.  Need to call GAServiceManager.getInstance().initialize().
D/dalvikvm(17467): DexOpt: unable to opt direct call 0x0530 at 0x0e in Lb;.a
D/dalvikvm(17467): DexOpt: unable to opt direct call 0x08a4 at 0x0e in Lb;.a
D/dalvikvm(17467): DexOpt: unable to opt direct call 0x0530 at 0x0e in Lb;.a
W/dalvikvm(17467): Unable to resolve superclass of Lar; (689)
W/dalvikvm(17467): Link of class 'Lar;' failed
D/dalvikvm(17467): DexOpt: unable to opt direct call 0x177c at 0x08 in Lb;.a
W/dalvikvm(17467): Unable to resolve superclass of Lat; (689)
W/dalvikvm(17467): Link of class 'Lat;' failed
D/dalvikvm(17467): DexOpt: unable to opt direct call 0x1846 at 0x2c in Lb;.a
D/dalvikvm(17467): DexOpt: unable to opt direct call 0x0587 at 0x13 in Lb;.a
I/ActivityManager( 1016): Process com.google.android.apps.docs (pid 17420) has died.
W/ManagedEGLContext(14867): doTerminate failed: EGL count is 2 but managed count is 1
I/ActivityManager( 1016): Process com.devexpert.weather (pid 17138) has died.
D/dalvikvm(17467): Trying to load lib /data/app-lib/com.google.android.apps.plus-1/libcrashreporterer.so 0x42798930
D/dalvikvm(17467): Added shared lib /data/app-lib/com.google.android.apps.plus-1/libcrashreporterer.so 0x42798930
I/ActivityManager( 1016): Start proc android.process.acore for content provider com.android.providers.contacts/.ContactsProvider2: pid=17494 uid=10010 gids={50010, 3003, 1028, 1015, 1023}
I/dalvikvm(17467): Could not find method android.content.Context.getDrawable, referenced from method c.a
W/dalvikvm(17467): VFY: unable to resolve virtual method 1545: Landroid/content/Context;.getDrawable (I)Landroid/graphics/drawable/Drawable;
D/dalvikvm(17467): VFY: replacing opcode 0x6e at 0x0006
I/ActivityManager( 1016): Start proc com.facebook.katana:dash for broadcast com.facebook.katana/com.facebook.dash.receivers.DashPackageUninstallReceiver: pid=17508 uid=10110 gids={50110, 1028, 1015, 3003}
W/dalvikvm(17508): VFY: unable to resolve static field 27745 (a) in Lcom/facebook/katana/app/WorkAppTypes;
D/dalvikvm(17508): VFY: replacing opcode 0x62 at 0x0013
W/dalvikvm(17508): VFY: unable to resolve static field 27746 (b) in Lcom/facebook/katana/app/WorkAppTypes;
D/dalvikvm(17508): VFY: replacing opcode 0x62 at 0x001d
E/dalvikvm(17508): Could not find class 'com.facebook.katana.app.WallpaperFacebookApplicationImpl', referenced from method com.facebook.katana.app.FacebookApplication.a
W/dalvikvm(17508): VFY: unable to resolve new-instance 427 (Lcom/facebook/katana/app/WallpaperFacebookApplicationImpl;) in Lcom/facebook/katana/app/FacebookApplication;
D/dalvikvm(17508): VFY: replacing opcode 0x22 at 0x00a9
D/dalvikvm(17508): DexOpt: unable to opt direct call 0x05a5 at 0xab in Lcom/facebook/katana/app/FacebookApplication;.a
I/ActivityManager( 1016): Process android.process.acore (pid 17494) has died.
W/ManagedEGLContext(14867): doTerminate failed: EGL count is 2 but managed count is 1
D/dalvikvm(17467): GC_FOR_ALLOC freed 6351K, 46% free 9383K/17224K, paused 18ms, total 19ms
D/CatchMeIfYouCan(17508): Process (dash) ca: '/data/data/com.facebook.katana/app_cmiyc/0C66B38F48468E96F8008B6D5A2AE33B4A60265E01'
D/CatchMeIfYouCan(17508): Process (dash) fc: '/data/data/com.facebook.katana/app_cmiyc/0C66B38F48468E96F8008B6D5A2AE33B4A60265E02'
D/CatchMeIfYouCan(17508): Process (dash) cp: '('dash', 6, 60000, silent [true], restart [true], logout [true])'
D/ACRA    (17508): ACRA is enabled for com.facebook.katana, intializing...
D/ACRA    (17508): Looking for error files in /data/data/com.facebook.katana/app_acra-reports
D/ACRA    (17508): Looking for error files in /data/data/com.facebook.katana/app_minidumps
D/dalvikvm(17508): Trying to load lib /data/app-lib/com.facebook.katana-1/libgnustl_shared.so 0x4278cbb8
D/dalvikvm(17508): Added shared lib /data/app-lib/com.facebook.katana-1/libgnustl_shared.so 0x4278cbb8
D/dalvikvm(17508): No JNI_OnLoad found in /data/app-lib/com.facebook.katana-1/libgnustl_shared.so 0x4278cbb8, skipping init
D/dalvikvm(17508): Trying to load lib /data/app-lib/com.facebook.katana-1/libfb_breakpad_client.so 0x4278cbb8
D/dalvikvm(17508): Added shared lib /data/app-lib/com.facebook.katana-1/libfb_breakpad_client.so 0x4278cbb8
D/dalvikvm(17508): No JNI_OnLoad found in /system/lib/libstdc++.so 0x4278cbb8, skipping init
D/dalvikvm(17508): Trying to load lib /data/app-lib/com.facebook.katana-1/libsigmux.so 0x4278cbb8
D/dalvikvm(17508): Added shared lib /data/app-lib/com.facebook.katana-1/libsigmux.so 0x4278cbb8
D/dalvikvm(17508): No JNI_OnLoad found in /data/app-lib/com.facebook.katana-1/libsigmux.so 0x4278cbb8, skipping init
D/dalvikvm(17508): Trying to load lib /data/app-lib/com.facebook.katana-1/libdistract.so 0x4278cbb8
D/dalvikvm(17508): Added shared lib /data/app-lib/com.facebook.katana-1/libdistract.so 0x4278cbb8
D/dalvikvm(17508): No JNI_OnLoad found in /data/app-lib/com.facebook.katana-1/libdistract.so 0x4278cbb8, skipping init
D/dalvikvm(17508): Trying to load lib /data/app-lib/com.facebook.katana-1/libfb_dalvik-internals.so 0x4278cbb8
D/dalvikvm(17508): Added shared lib /data/app-lib/com.facebook.katana-1/libfb_dalvik-internals.so 0x4278cbb8
V/DexLibLoader(17508): about to lock: /data/data/com.facebook.katana/mdex_lock
V/DexLibLoader(17508): locking /data/data/com.facebook.katana/mdex_lock took 1 ms
V/DexLibLoader(17508): Secondary program dex metadata: secondary-1.dex.jar.xz c0d34653f435a7e59cc5f46e9bd47feaf68b0041 secondary.dex01.Canary
V/DexLibLoader(17508): Secondary program dex metadata: secondary-2.dex.jar.xz 3651d03ae513595a1029ff9eae54d36128fdeb5e secondary.dex02.Canary
V/DexLibLoader(17508): Secondary program dex metadata: secondary-3.dex.jar.xz 020c6d0135a14f0280ede88da3e858d29f1b9ed5 secondary.dex03.Canary
V/DexLibLoader(17508): Secondary program dex metadata: secondary-4.dex.jar.xz 3cf3244a0d1c3e39128f7b89ad90b4842a36a05f secondary.dex04.Canary
V/DexLibLoader(17508): Secondary program dex metadata: secondary-5.dex.jar.xz 666d745bfcb3c0496ae90e343db057d6082ce0c3 secondary.dex05.Canary
V/DexLibLoader(17508): Secondary program dex metadata: secondary-6.dex.jar.xz 0089f1fba5ba3a3fb61d98c516e2bbc2e6adfa05 secondary.dex06.Canary
V/DexLibLoader(17508): Secondary program dex metadata: secondary-7.dex.jar.xz 7cecb34308ef8d54acae00b06e3ade52d8da6d49 secondary.dex07.Canary
V/DexLibLoader(17508): directory "/data/data/com.facebook.katana/app_secondary_program_dex" contains "program-c0d34653f435a7e59cc5f46e9bd47feaf68b00416661a1c7.dex.jar" as expected
V/DexLibLoader(17508): directory "/data/data/com.facebook.katana/app_secondary_program_dex" contains "program-3651d03ae513595a1029ff9eae54d36128fdeb5e6661a1c7.dex.jar" as expected
V/DexLibLoader(17508): directory "/data/data/com.facebook.katana/app_secondary_program_dex" contains "program-020c6d0135a14f0280ede88da3e858d29f1b9ed56661a1c7.dex.jar" as expected
V/DexLibLoader(17508): directory "/data/data/com.facebook.katana/app_secondary_program_dex" contains "program-3cf3244a0d1c3e39128f7b89ad90b4842a36a05f6661a1c7.dex.jar" as expected
V/DexLibLoader(17508): directory "/data/data/com.facebook.katana/app_secondary_program_dex" contains "program-666d745bfcb3c0496ae90e343db057d6082ce0c36661a1c7.dex.jar" as expected
V/DexLibLoader(17508): directory "/data/data/com.facebook.katana/app_secondary_program_dex" contains "program-0089f1fba5ba3a3fb61d98c516e2bbc2e6adfa056661a1c7.dex.jar" as expected
V/DexLibLoader(17508): directory "/data/data/com.facebook.katana/app_secondary_program_dex" contains "program-7cecb34308ef8d54acae00b06e3ade52d8da6d496661a1c7.dex.jar" as expected
D/DexLibLoader(17508): ignoring file "program-c0d34653f435a7e59cc5f46e9bd47feaf68b00416661a1c7.dex.odex" in "/data/data/com.facebook.katana/app_secondary_program_dex"
D/DexLibLoader(17508): ignoring file "program-3651d03ae513595a1029ff9eae54d36128fdeb5e6661a1c7.dex.odex" in "/data/data/com.facebook.katana/app_secondary_program_dex"
D/DexLibLoader(17508): ignoring file "program-020c6d0135a14f0280ede88da3e858d29f1b9ed56661a1c7.dex.odex" in "/data/data/com.facebook.katana/app_secondary_program_dex"
D/DexLibLoader(17508): ignoring file "program-3cf3244a0d1c3e39128f7b89ad90b4842a36a05f6661a1c7.dex.odex" in "/data/data/com.facebook.katana/app_secondary_program_dex"
D/DexLibLoader(17508): ignoring file "program-666d745bfcb3c0496ae90e343db057d6082ce0c36661a1c7.dex.odex" in "/data/data/com.facebook.katana/app_secondary_program_dex"
D/DexLibLoader(17508): ignoring file "program-0089f1fba5ba3a3fb61d98c516e2bbc2e6adfa056661a1c7.dex.odex" in "/data/data/com.facebook.katana/app_secondary_program_dex"
D/DexLibLoader(17508): ignoring file "program-7cecb34308ef8d54acae00b06e3ade52d8da6d496661a1c7.dex.odex" in "/data/data/com.facebook.katana/app_secondary_program_dex"
D/DexLibLoader(17508): directory "/data/data/com.facebook.katana/app_secondary_program_dex" is valid
D/DexLibLoader(17508): ignoring file "primary_deps" in "/data/data/com.facebook.katana/app_secondary_program_dex_opt"
V/DexLibLoader(17508): directory "/data/data/com.facebook.katana/app_secondary_program_dex_opt" contains "program-c0d34653f435a7e59cc5f46e9bd47feaf68b00416661a1c7.dex.dex" as expected
V/DexLibLoader(17508): directory "/data/data/com.facebook.katana/app_secondary_program_dex_opt" contains "program-3651d03ae513595a1029ff9eae54d36128fdeb5e6661a1c7.dex.dex" as expected
V/DexLibLoader(17508): directory "/data/data/com.facebook.katana/app_secondary_program_dex_opt" contains "program-020c6d0135a14f0280ede88da3e858d29f1b9ed56661a1c7.dex.dex" as expected
V/DexLibLoader(17508): directory "/data/data/com.facebook.katana/app_secondary_program_dex_opt" contains "program-3cf3244a0d1c3e39128f7b89ad90b4842a36a05f6661a1c7.dex.dex" as expected
V/DexLibLoader(17508): directory "/data/data/com.facebook.katana/app_secondary_program_dex_opt" contains "program-666d745bfcb3c0496ae90e343db057d6082ce0c36661a1c7.dex.dex" as expected
V/DexLibLoader(17508): directory "/data/data/com.facebook.katana/app_secondary_program_dex_opt" contains "program-0089f1fba5ba3a3fb61d98c516e2bbc2e6adfa056661a1c7.dex.dex" as expected
V/DexLibLoader(17508): directory "/data/data/com.facebook.katana/app_secondary_program_dex_opt" contains "program-7cecb34308ef8d54acae00b06e3ade52d8da6d496661a1c7.dex.dex" as expected
D/DexLibLoader(17508): directory "/data/data/com.facebook.katana/app_secondary_program_dex_opt" is valid
D/DexLibLoader(17508): loading pre-built cross-dex opt odex files
V/dalvik-internals(17508): hooked dvmResolveClass using jump ()
V/dalvik-internals(17508): hooked dvmFlushBreakpoints using jump ()
V/MultiDexClassLoader(17508): installing MultiDexClassLoader before application classloader
I/dalvikvm(17508): Could not find method dalvik.system.DexFile.loadClassBinaryName, referenced from method com.facebook.common.dextricks.DexFileLoadOld.a
W/dalvikvm(17508): VFY: unable to resolve virtual method 2807: Ldalvik/system/DexFile;.loadClassBinaryName (Ljava/lang/String;Ljava/lang/ClassLoader;)Ljava/lang/Class;
D/dalvikvm(17508): VFY: replacing opcode 0x6e at 0x0000
D/WifiStateMachine( 1016): handleMessage: E msg.what=151572
D/WifiStateMachine( 1016): processMsg: ConnectedState
D/WifiStateMachine( 1016): processMsg: L2ConnectedState
D/WifiStateMachine( 1016): handleMessage: X
I/ActivityManager( 1016): Process com.motorola.MotGallery2 (pid 17403) has died.
D/DexLibLoader(17508): released odex store lock
D/DexLibLoader(17508): DexLibLoader.loadAll took 172 ms
D/MemoryReductionHack(17508): Marked as initialized entry corresponding to path /data/app/com.facebook.katana-1.apk
I/ActivityManager( 1016): Process com.android.keychain (pid 17450) has died.
V/dalvik-internals(17508): hooked dvmLinearAlloc using jump ()
V/dalvik-internals(17508): hooked dvmLinearRealloc using jump ()
V/dalvik-internals(17508): hooked dvmLinearFree using jump ()
V/dalvik-internals(17508): hooked dvmLinearStrdup using jump ()
V/dalvik-internals(17508): hooked dvmLinearAllocContains using jump ()
I/dalvik-internals(17508): enlarged linearalloc buffer to 33554432 bytes
E/cutils  (  261): Failed to mkdirat(/storage/sdcard1/Android): Read-only file system
W/Vold    (  261): Returning OperationFailed - no handler for errno 30
W/ContextImpl(17508): Failed to ensure directory: /storage/sdcard1/Android/data/com.facebook.katana/cache
D/dalvikvm(17508): Trying to load lib /data/app-lib/com.facebook.katana-1/libdextr.so 0x4278cbb8
D/dalvikvm(17508): Added shared lib /data/app-lib/com.facebook.katana-1/libdextr.so 0x4278cbb8
I/Dextr   (17508): LogQueue params desc: IIJIIIJJ
W/StaticBindingVerifier(17508): Verify
I/dalvikvm(17508): Could not find method com.facebook.resources.FbResources.getDrawable, referenced from method com.facebook.resources.impl.DownloadedFbResources.getDrawable
W/dalvikvm(17508): VFY: unable to resolve virtual method 46880: Lcom/facebook/resources/FbResources;.getDrawable (ILandroid/content/res/Resources$Theme;)Landroid/graphics/drawable/Drawable;
D/dalvikvm(17508): VFY: replacing opcode 0x6f at 0x0031
D/WifiService( 1016): New client listening to asynchronous messages
I/ActivityManager( 1016): Start proc android.process.acore for broadcast com.android.providers.contacts/.PackageIntentReceiver: pid=17540 uid=10010 gids={50010, 3003, 1028, 1015, 1023}
I/ActivityManager( 1016): Start proc com.google.android.partnersetup for broadcast com.google.android.partnersetup/.RlzPingBroadcastReceiver: pid=17562 uid=10025 gids={50025, 3003}
I/ActivityManager( 1016): Start proc com.motorola.MotGallery2 for broadcast com.motorola.MotGallery2/com.android.gallery3d.app.PackagesMonitor: pid=17580 uid=10034 gids={50034, 3003, 1028, 1015}
I/InternalIcingCorporaPro(16716): Updating corpora: APPS=com.giftme.fb_auth, CONTACTS=MAYBE
I/ActivityManager( 1016): Start proc com.google.android.apps.docs for broadcast com.google.android.apps.docs/.receivers.AppPackageAddRemoveReceiver: pid=17600 uid=10060 gids={50060, 3003, 1028, 1015}
D/WifiStateMachine( 1016): handleMessage: E msg.what=151572
D/WifiStateMachine( 1016): processMsg: ConnectedState
D/WifiStateMachine( 1016): processMsg: L2ConnectedState
I/ActivityManager( 1016): START u0 {act=android.intent.action.MAIN cat=[android.intent.category.LAUNCHER] flg=0x10000000 pkg=com.giftme.fb_auth cmp=com.giftme.fb_auth/.FB_Auth} from pid 17302
D/WifiStateMachine( 1016): handleMessage: X
D/WifiService( 1016): Client connection lost with reason: 4
W/ContextImpl( 1231): Calling a method in the system process without a qualified user: android.app.ContextImpl.sendBroadcast:1252 android.content.ContextWrapper.sendBroadcast:365 com.motorola.motocare.util.TriggerHelper$TriggerBuilder.send:76 com.motorola.motocare.internal.frameworkevents.PauseResumeTrigger.handleFrameworkEvent:53 com.motorola.motocare.internal.frameworkevents.FwEventMonitor$FrameworkListener.processFrameworkEvent:114 
I/ActivityManager( 1016): Process com.facebook.katana:dash (pid 17508) has died.
I/ActivityManager( 1016): Start proc com.giftme.fb_auth for activity com.giftme.fb_auth/.FB_Auth: pid=17613 uid=10106 gids={50106, 3003, 1028, 1015}
I/dalvikvm(17613): Enabling JNI app bug workarounds for target SDK version 7...
I/ContactLocale(17540): AddressBook Labels [en_GB]: [, A, B, C, D, E, F, G, H, I, J, K, L, M, N, O, P, Q, R, S, T, U, V, W, X, Y, Z, , , , , , , , , , , , , , , , , , , , , , , , , , , , , , , , , , , , , , , , , , , , , , , , , , , , , , , , , , , , , , , , , , , , , , , , , , , , , , , , , , , , , , , , , , , , , , , , , , , , , , , , , , , , , , , , , , , , , , , , , , , , , , , , , , , , , , , , , , , , , , , , , , , , , , , , , , , , , , , , , , , , , , , , , , , , , , , , , , , , , , #, ]
I/InternalIcingCorporaPro(16716): UpdateCorporaTask done [took 77 ms] updated apps [took 77 ms] 
W/ContextImpl( 1231): Calling a method in the system process without a qualified user: android.app.ContextImpl.sendBroadcast:1252 android.content.ContextWrapper.sendBroadcast:365 com.motorola.motocare.util.TriggerHelper$TriggerBuilder.send:76 com.motorola.motocare.internal.frameworkevents.PauseResumeTrigger.handleFrameworkEvent:53 com.motorola.motocare.internal.frameworkevents.FwEventMonitor$FrameworkListener.processFrameworkEvent:114 
V/PhoneStatusBar( 1078): setLightsOn(true)
I/CordovaLog(17613): Changing log level to DEBUG(3)
D/CordovaActivity(17613): CordovaActivity.init()
I/ActivityManager( 1016): Process com.google.android.apps.plus (pid 17467) has died.
I/dalvikvm(17613): Could not find method android.webkit.CookieManager.setAcceptThirdPartyCookies, referenced from method org.apache.cordova.CordovaWebView.initWebViewSettings
W/dalvikvm(17613): VFY: unable to resolve virtual method 6163: Landroid/webkit/CookieManager;.setAcceptThirdPartyCookies (Landroid/webkit/WebView;Z)V
D/dalvikvm(17613): VFY: replacing opcode 0x6e at 0x002a
W/ManagedEGLContext(14867): doTerminate failed: EGL count is 2 but managed count is 1
V/WebViewChromiumFactoryProvider(17613): Binding Chromium to main looper Looper (main, tid 1) {4278bca8}
I/LibraryLoader(17613): Expected native library version number "",actual native library version number ""
I/chromium(17613): [INFO:library_loader_hooks.cc(116)] Chromium logging enabled: level = 0, default verbosity = 0
I/BrowserStartupController(17613): Initializing chromium process, renderers=0
E/AudioManagerAndroid(17613): BLUETOOTH permission is missing!
I/Adreno-EGL(17613): <qeglDrvAPI_eglInitialize:410>: EGL 1.4 QUALCOMM build: AU_LINUX_ANDROID_LNX.LA.3.5.1_RB1.04.04.02.048.018_msm8226_LNX.LA.3.5.1_RB1__release_AU ()
I/Adreno-EGL(17613): OpenGL ES Shader Compiler Version: E031.24.00.08
I/Adreno-EGL(17613): Build Date: 03/07/14 Fri
I/Adreno-EGL(17613): Local Branch: 
I/Adreno-EGL(17613): Remote Branch: quic/LNX.LA.3.5.1_RB1.1
I/Adreno-EGL(17613): Local Patches: NONE
I/Adreno-EGL(17613): Reconstruct Branch: AU_LINUX_ANDROID_LNX.LA.3.5.1_RB1.04.04.02.048.018 + f2fd134 +  NOTHING
W/chromium(17613): [WARNING:proxy_service.cc(890)] PAC support disabled because there is no system implementation
D/CordovaActivity(17613): CordovaActivity.createViews()
W/dalvikvm(17613): VFY: unable to find class referenced in signature (Landroid/webkit/ClientCertRequest;)
W/dalvikvm(17613): VFY: unable to find class referenced in signature (Landroid/webkit/ClientCertRequest;)
I/dalvikvm(17613): Could not find method android.webkit.WebViewClient.onReceivedClientCertRequest, referenced from method org.apache.cordova.CordovaWebViewClient.onReceivedClientCertRequest
W/dalvikvm(17613): VFY: unable to resolve virtual method 6235: Landroid/webkit/WebViewClient;.onReceivedClientCertRequest (Landroid/webkit/WebView;Landroid/webkit/ClientCertRequest;)V
D/dalvikvm(17613): VFY: replacing opcode 0x6f at 0x001c
I/dalvikvm(17613): Could not find method android.webkit.WebChromeClient$FileChooserParams.createIntent, referenced from method org.apache.cordova.CordovaChromeClient.onShowFileChooser
W/dalvikvm(17613): VFY: unable to resolve virtual method 6182: Landroid/webkit/WebChromeClient$FileChooserParams;.createIntent ()Landroid/content/Intent;
D/dalvikvm(17613): VFY: replacing opcode 0x6e at 0x0000
D/PluginManager(17613): init()
D/CordovaWebView(17613): CordovaWebView is running on device made by: motorola
D/CordovaWebView(17613): >>> loadUrl(file:///android_asset/www/index.html)
D/CordovaWebView(17613): >>> loadUrlNow()
D/CordovaActivity(17613): Resuming the App
D/SoftKeyboardDetect(17613): Ignore this event
D/OpenGLRenderer(17613): Enabling debug mode 0
I/ActivityManager( 1016): Process android.process.acore (pid 17540) has died.
W/ActiveOrDefaultContextProvider(17600): Missing scope.enter somewhere. Returning default context
W/GAV2    (17600): Thread[main,5,main]: Need to call initialize() and be in fallback mode to start dispatch.
D/SoftKeyboardDetect(17613): Ignore this event
I/LaunchCheckinHandler( 1016): Displayed com.giftme.fb_auth/.FB_Auth,cp,ca,505
I/ActivityManager( 1016): Displayed com.giftme.fb_auth/.FB_Auth: +506ms
I/ActivityManager( 1016): Process com.android.defcontainer (pid 17342) has died.
D/PackageBroadcastService(30409): Received broadcast action=android.intent.action.PACKAGE_ADDED and uri=com.giftme.fb_auth
D/CordovaWebViewClient(17613): onPageStarted(file:///android_asset/www/index.html)
D/CordovaActivity(17613): onMessage(onPageStarted,file:///android_asset/www/index.html)
I/ActivityManager( 1016): Start proc com.google.android.apps.plus for broadcast com.google.android.apps.plus/.service.PackagesMediaMonitor: pid=17666 uid=10090 gids={50090, 3003, 3002, 1028, 1015}
I/ConfigFetchService(30409): onStartCommand Intent { act=android.intent.action.PACKAGE_ADDED dat=package:com.giftme.fb_auth cmp=com.google.android.gms/.config.ConfigFetchService (has extras) }
I/ConfigFetchService(30409): launchTask
I/ConfigFetchService(30409): service connected
D/ConfigFetchService(30409): ConfigApi connection successful.
V/ConfigFetchTask(30409): ConfigFetchTask getDeviceDataVersionInfo(): ABFEt1Udmf40PDeesgO6Yh5FVtDXE95p0H_p4W6qmTP1S5XfexOvOrFrF937ni51x6fxxWaF3gRmb448MBIk6fem0iUg0KhiqOC7G-hGR3FHAEVmfuBPB_khcdoE10WhyCp2HMqHRLygBz-IUgQp0DdjennTaAOqOHcaZc3UnBjquuQ3Fj9j1BFO7TJgpwDOh1A-jtlc0Xd-KfCj1lnDRTOR6jL2o0N8rTGliOs1QSCP0YuaQc16G8kSdD1zakrGgN3o7zshSk0qqFmRTnUxP_v9KtT9V5f7Wyp6eBgOQURsSjY6dMqDvVumsgFL9Zak5XaRvgVKBzHd7rvHY987_jCiFlzMTJgDIK_csBggzpFv3QK0sThhLG0
I/GoogleURLConnFactory(30409): Using platform SSLCertificateSocketFactory
I/ActivityManager( 1016): Process com.google.android.partnersetup (pid 17562) has died.
E/dalvikvm(17666): Could not find class 'android.app.Notification$Action$Builder', referenced from method b.a
W/dalvikvm(17666): VFY: unable to resolve new-instance 302 (Landroid/app/Notification$Action$Builder;) in Lb;
D/dalvikvm(17666): VFY: replacing opcode 0x22 at 0x0000
E/dalvikvm(17666): Could not find class 'android.graphics.drawable.RippleDrawable', referenced from method b.a
W/dalvikvm(17666): VFY: unable to resolve new-instance 462 (Landroid/graphics/drawable/RippleDrawable;) in Lb;
D/dalvikvm(17666): VFY: replacing opcode 0x22 at 0x000b
D/JsMessageQueue(17613): Set native->JS mode to OnlineEventsBridgeMode
I/ConfigFetchService(30409): fetch service done; releasing wakelock
I/ConfigFetchService(30409): stopping self
W/dalvikvm(17666): VFY: unable to find class referenced in signature (Lzt;)
W/dalvikvm(17666): VFY: unable to find class referenced in signature (Lzt;)
W/dalvikvm(17666): VFY: unable to find class referenced in signature (Lzt;)
W/dalvikvm(17666): VFY: unable to find class referenced in signature (Lzt;)
W/dalvikvm(17666): VFY: unable to find class referenced in signature (Lzt;)
W/dalvikvm(17666): VFY: unable to find class referenced in signature (Lzt;)
W/dalvikvm(17666): VFY: unable to find class referenced in signature (Lzt;)
W/GAV2    (17600): Thread[main,5,main]: dispatch call queued.  Need to call GAServiceManager.getInstance().initialize().
E/dalvikvm(17666): Could not find class 'android.app.Notification$Action$Builder', referenced from method b.a
W/dalvikvm(17666): VFY: unable to resolve new-instance 302 (Landroid/app/Notification$Action$Builder;) in Lb;
D/dalvikvm(17666): VFY: replacing opcode 0x22 at 0x0000
W/dalvikvm(17666): Unable to resolve superclass of Lar; (689)
W/dalvikvm(17666): Link of class 'Lar;' failed
E/dalvikvm(17666): Could not find class 'ar', referenced from method b.a
W/dalvikvm(17666): VFY: unable to resolve new-instance 999 (Lar;) in Lb;
D/dalvikvm(17666): VFY: replacing opcode 0x22 at 0x0006
W/dalvikvm(17666): Unable to resolve superclass of Lat; (689)
W/dalvikvm(17666): Link of class 'Lat;' failed
E/dalvikvm(17666): Could not find class 'at', referenced from method b.a
W/dalvikvm(17666): VFY: unable to resolve new-instance 1053 (Lat;) in Lb;
D/dalvikvm(17666): VFY: replacing opcode 0x22 at 0x002a
I/dalvikvm(17666): Could not find method android.view.ViewGroup.isTransitionGroup, referenced from method b.a
W/dalvikvm(17666): VFY: unable to resolve virtual method 4388: Landroid/view/ViewGroup;.isTransitionGroup ()Z
D/dalvikvm(17666): VFY: replacing opcode 0x6e at 0x000c
I/dalvikvm(17666): Could not find method android.view.View.getTransitionName, referenced from method b.a
W/dalvikvm(17666): VFY: unable to resolve virtual method 4205: Landroid/view/View;.getTransitionName ()Ljava/lang/String;
D/dalvikvm(17666): VFY: replacing opcode 0x6e at 0x0006
W/dalvikvm(17666): VFY: unable to find class referenced in signature ([Landroid/app/RemoteInput;)
E/dalvikvm(17666): Could not find class 'android.app.RemoteInput[]', referenced from method b.a
W/dalvikvm(17666): VFY: unable to resolve new-array 12606 ([Landroid/app/RemoteInput;) in Lb;
D/dalvikvm(17666): VFY: replacing opcode 0x23 at 0x0005
D/dalvikvm(17666): DexOpt: unable to opt direct call 0x0530 at 0x0e in Lb;.a
D/dalvikvm(17666): DexOpt: unable to opt direct call 0x08a4 at 0x0e in Lb;.a
D/dalvikvm(17666): DexOpt: unable to opt direct call 0x0530 at 0x0e in Lb;.a
W/dalvikvm(17666): Unable to resolve superclass of Lar; (689)
W/dalvikvm(17666): Link of class 'Lar;' failed
D/dalvikvm(17666): DexOpt: unable to opt direct call 0x177c at 0x08 in Lb;.a
W/dalvikvm(17666): Unable to resolve superclass of Lat; (689)
W/dalvikvm(17666): Link of class 'Lat;' failed
D/dalvikvm(17666): DexOpt: unable to opt direct call 0x1846 at 0x2c in Lb;.a
D/dalvikvm(17666): DexOpt: unable to opt direct call 0x0587 at 0x13 in Lb;.a
D/WifiStateMachine( 1016): handleMessage: E msg.what=151572
D/WifiStateMachine( 1016): processMsg: ConnectedState
D/WifiStateMachine( 1016): processMsg: L2ConnectedState
D/WifiStateMachine( 1016): handleMessage: X
D/WifiStateMachine( 1016): handleMessage: E msg.what=131155
D/WifiStateMachine( 1016): processMsg: ConnectedState
D/WifiStateMachine( 1016): processMsg: L2ConnectedState
D/WifiStateMachine( 1016): handleMessage: X
I/ActivityManager( 1016): Process com.google.android.apps.docs (pid 17600) has died.
D/dalvikvm( 1016): GC_EXPLICIT freed 1640K, 34% free 26028K/39124K, paused 4ms+14ms, total 124ms
D/dalvikvm(17666): Trying to load lib /data/app-lib/com.google.android.apps.plus-1/libcrashreporterer.so 0x427957f0
D/dalvikvm(17666): Added shared lib /data/app-lib/com.google.android.apps.plus-1/libcrashreporterer.so 0x427957f0
I/ActivityManager( 1016): Start proc android.process.acore for content provider com.android.providers.contacts/.ContactsProvider2: pid=17696 uid=10010 gids={50010, 3003, 1028, 1015, 1023}
I/dalvikvm(17666): Could not find method android.content.Context.getDrawable, referenced from method c.a
W/dalvikvm(17666): VFY: unable to resolve virtual method 1545: Landroid/content/Context;.getDrawable (I)Landroid/graphics/drawable/Drawable;
D/dalvikvm(17666): VFY: replacing opcode 0x6e at 0x0006
I/ActivityManager( 1016): Start proc com.imangi.templerun2 for broadcast com.imangi.templerun2/com.amazon.identity.auth.device.authorization.PackageIntentReceiver: pid=17709 uid=10111 gids={50111, 1028, 1015, 3003}
I/ActivityManager( 1016): Process com.android.packageinstaller (pid 17302) has died.
D/com.amazon.identity.auth.device.utils.MAPLog.PII(17709): Extracting verison incremental:<obscured>
D/com.amazon.identity.auth.device.utils.MAPLog.PII(17709): Extracting flavor:<obscured>
I/com.amazon.identity.auth.device.authorization.PackageIntentReceiver(17709): Package Intent Received. Clearing Service Data. action=android.intent.action.PACKAGE_ADDED
I/com.amazon.identity.auth.device.authorization.ThirdPartyServiceHelper(17709): Clearing Highest Versioned Service
I/ActivityManager( 1016): Start proc com.google.android.apps.magazines for broadcast com.google.android.apps.magazines/com.google.apps.dots.android.app.receiver.FirstInstallNotificationReceiver: pid=17723 uid=10077 gids={50077, 3003, 1028, 1015}
D/dalvikvm(  280): GC_EXPLICIT freed 42K, 48% free 9010K/17224K, paused 2ms+3ms, total 21ms
D/dalvikvm(  280): GC_EXPLICIT freed <1K, 48% free 9010K/17224K, paused 2ms+3ms, total 19ms
I/ContactLocale(17696): AddressBook Labels [en_GB]: [, A, B, C, D, E, F, G, H, I, J, K, L, M, N, O, P, Q, R, S, T, U, V, W, X, Y, Z, , , , , , , , , , , , , , , , , , , , , , , , , , , , , , , , , , , , , , , , , , , , , , , , , , , , , , , , , , , , , , , , , , , , , , , , , , , , , , , , , , , , , , , , , , , , , , , , , , , , , , , , , , , , , , , , , , , , , , , , , , , , , , , , , , , , , , , , , , , , , , , , , , , , , , , , , , , , , , , , , , , , , , , , , , , , , , , , , , , , , , #, ]
V/WebViewChromiumFactoryProvider(17723): Binding Chromium to main looper Looper (main, tid 1) {4278fa28}
I/LibraryLoader(17723): Expected native library version number "",actual native library version number ""
D/CordovaLog(17613): file:///android_asset/www/js/app.js: Line 44 : Service initialized
I/chromium(17723): [INFO:library_loader_hooks.cc(116)] Chromium logging enabled: level = 0, default verbosity = 0
I/chromium(17613): [INFO:CONSOLE(44)] "Service initialized", source: file:///android_asset/www/js/app.js (44)
I/BrowserStartupController(17723): Initializing chromium process, renderers=0
D/dalvikvm(  280): GC_EXPLICIT freed <1K, 48% free 9010K/17224K, paused 1ms+3ms, total 19ms
D/CordovaLog(17613): file:///android_asset/www/js/HomeView.js: Line 47 : FB NOT READY
I/chromium(17613): [INFO:CONSOLE(47)] "FB NOT READY", source: file:///android_asset/www/js/HomeView.js (47)
E/AudioManagerAndroid(17723): BLUETOOTH permission is missing!
D/CordovaLog(17613): https://js.stripe.com/v2/: Line 2 : You are using Stripe.js in live mode over an insecure connection. This is considered unsafe. Please conduct live requests only on sites served over https. For more info, see https://stripe.com/help/ssl
I/chromium(17613): [INFO:CONSOLE(2)] "You are using Stripe.js in live mode over an insecure connection. This is considered unsafe. Please conduct live requests only on sites served over https. For more info, see https://stripe.com/help/ssl", source: https://js.stripe.com/v2/ (2)
I/Adreno-EGL(17723): <qeglDrvAPI_eglInitialize:410>: EGL 1.4 QUALCOMM build: AU_LINUX_ANDROID_LNX.LA.3.5.1_RB1.04.04.02.048.018_msm8226_LNX.LA.3.5.1_RB1__release_AU ()
I/Adreno-EGL(17723): OpenGL ES Shader Compiler Version: E031.24.00.08
I/Adreno-EGL(17723): Build Date: 03/07/14 Fri
I/Adreno-EGL(17723): Local Branch: 
I/Adreno-EGL(17723): Remote Branch: quic/LNX.LA.3.5.1_RB1.1
I/Adreno-EGL(17723): Local Patches: NONE
I/Adreno-EGL(17723): Reconstruct Branch: AU_LINUX_ANDROID_LNX.LA.3.5.1_RB1.04.04.02.048.018 + f2fd134 +  NOTHING
W/chromium(17723): [WARNING:proxy_service.cc(890)] PAC support disabled because there is no system implementation
D/CordovaActivity(17613): onMessage(spinner,stop)
W/GAV2    (17723): Thread[main,5,main]: Need to call initialize() and be in fallback mode to start dispatch.
E/cutils  (  261): Failed to mkdirat(/storage/sdcard1/Android): Read-only file system
W/Vold    (  261): Returning OperationFailed - no handler for errno 30
W/ContextImpl(17723): Failed to ensure directory: /storage/sdcard1/Android/data/com.google.android.apps.magazines/cache
I/ActivityManager( 1016): Process com.google.android.apps.plus (pid 17666) has died.
D/CordovaLog(17613): file:///android_asset/www/js/app.js: Line 8 : Uncaught ReferenceError: StatusBar is not defined
I/chromium(17613): [INFO:CONSOLE(8)] "Uncaught ReferenceError: StatusBar is not defined", source: file:///android_asset/www/js/app.js (8)
D/CordovaWebViewClient(17613): onPageFinished(file:///android_asset/www/index.html)
D/CordovaActivity(17613): onMessage(onPageFinished,file:///android_asset/www/index.html)
I/NSApplication(17723): Starting up...
E/NetworkScheduler.SchedulerReceiver(30376): Invalid parameter app
E/NetworkScheduler.SchedulerReceiver(30376): Invalid package name : Perhaps you didn't include a PendingIntent in the extras?
D/PackageBroadcastService(30409): Received broadcast action=android.intent.action.PACKAGE_REPLACED and uri=com.giftme.fb_auth
I/ActivityManager( 1016): Process android.process.acore (pid 17696) has died.
D/CordovaLog(17613): file:///android_asset/www/js/HomeView.js: Line 47 : FB NOT READY
I/chromium(17613): [INFO:CONSOLE(47)] "FB NOT READY", source: file:///android_asset/www/js/HomeView.js (47)
D/WifiStateMachine( 1016): handleMessage: E msg.what=151572
D/WifiStateMachine( 1016): processMsg: ConnectedState
D/WifiStateMachine( 1016): processMsg: L2ConnectedState
D/WifiStateMachine( 1016): handleMessage: X
V/AlarmManager( 1016): sending alarm Alarm{43bd9d30 type 2 android}
V/AlarmManager( 1016): sending alarm Alarm{43a8eff0 type 1 com.rhmsoft.fm}
V/AlarmManager( 1016): sending alarm Alarm{43a8d458 type 1 com.rhmsoft.fm}
W/Settings(17053): Setting android_id has moved from android.provider.Settings.System to android.provider.Settings.Secure, returning read-only value.
W/Settings(17053): Setting android_id has moved from android.provider.Settings.System to android.provider.Settings.Secure, returning read-only value.
I/KInfoc  (17053): Auto Post
W/Settings(17053): Setting android_id has moved from android.provider.Settings.System to android.provider.Settings.Secure, returning read-only value.
D/CordovaLog(17613): file:///android_asset/www/js/HomeView.js: Line 47 : FB NOT READY
I/chromium(17613): [INFO:CONSOLE(47)] "FB NOT READY", source: file:///android_asset/www/js/HomeView.js (47)
D/CordovaLog(17613): file:///android_asset/www/js/HomeView.js: Line 47 : FB NOT READY
I/chromium(17613): [INFO:CONSOLE(47)] "FB NOT READY", source: file:///android_asset/www/js/HomeView.js (47)
D/WifiStateMachine( 1016): handleMessage: E msg.what=151572
D/WifiStateMachine( 1016): processMsg: ConnectedState
D/WifiStateMachine( 1016): processMsg: L2ConnectedState
D/WifiStateMachine( 1016): handleMessage: X
D/CordovaLog(17613): file:///android_asset/www/js/HomeView.js: Line 47 : FB NOT READY
I/chromium(17613): [INFO:CONSOLE(47)] "FB NOT READY", source: file:///android_asset/www/js/HomeView.js (47)
V/AlarmManager( 1016): sending alarm Alarm{43a82210 type 3 android}
I/SFPerfTracer(  278):      triggers: (rate: 51:35226) (89650 sw vsyncs) (64903 skipped) (30:180230 vsyncs) (32:292566)
D/WifiStateMachine( 1016): handleMessage: E msg.what=151572
D/WifiStateMachine( 1016): processMsg: ConnectedState
D/WifiStateMachine( 1016): processMsg: L2ConnectedState
D/CordovaLog(17613): file:///android_asset/www/js/HomeView.js: Line 47 : FB NOT READY
I/chromium(17613): [INFO:CONSOLE(47)] "FB NOT READY", source: file:///android_asset/www/js/HomeView.js (47)
D/WifiStateMachine( 1016): handleMessage: X
D/WifiStateMachine( 1016): handleMessage: E msg.what=131155
D/WifiStateMachine( 1016): processMsg: ConnectedState
D/WifiStateMachine( 1016): processMsg: L2ConnectedState
D/WifiStateMachine( 1016): handleMessage: X
D/CordovaLog(17613): file:///android_asset/www/js/HomeView.js: Line 47 : FB NOT READY
I/chromium(17613): [INFO:CONSOLE(47)] "FB NOT READY", source: file:///android_asset/www/js/HomeView.js (47)
D/WifiStateMachine( 1016): handleMessage: E msg.what=151572
D/WifiStateMachine( 1016): processMsg: ConnectedState
D/WifiStateMachine( 1016): processMsg: L2ConnectedState
D/CordovaLog(17613): file:///android_asset/www/js/HomeView.js: Line 47 : FB NOT READY
I/chromium(17613): [INFO:CONSOLE(47)] "FB NOT READY", source: file:///android_asset/www/js/HomeView.js (47)
D/WifiStateMachine( 1016): handleMessage: X
D/CordovaLog(17613): file:///android_asset/www/js/HomeView.js: Line 47 : FB NOT READY
I/chromium(17613): [INFO:CONSOLE(47)] "FB NOT READY", source: file:///android_asset/www/js/HomeView.js (47)
I/ConfigService(30376): onDestroy
D/WifiStateMachine( 1016): handleMessage: E msg.what=151572
D/WifiStateMachine( 1016): processMsg: ConnectedState
D/WifiStateMachine( 1016): processMsg: L2ConnectedState
D/CordovaLog(17613): file:///android_asset/www/js/HomeView.js: Line 47 : FB NOT READY
I/chromium(17613): [INFO:CONSOLE(47)] "FB NOT READY", source: file:///android_asset/www/js/HomeView.js (47)
D/WifiStateMachine( 1016): handleMessage: X
D/CordovaLog(17613): file:///android_asset/www/js/HomeView.js: Line 47 : FB NOT READY
I/chromium(17613): [INFO:CONSOLE(47)] "FB NOT READY", source: file:///android_asset/www/js/HomeView.js (47)
I/GAV2    (17723): Thread[GAThread,5,main]: No campaign data found.
D/WifiStateMachine( 1016): handleMessage: E msg.what=151572
D/WifiStateMachine( 1016): processMsg: ConnectedState
D/WifiStateMachine( 1016): processMsg: L2ConnectedState
D/CordovaLog(17613): file:///android_asset/www/js/HomeView.js: Line 47 : FB NOT READY
I/chromium(17613): [INFO:CONSOLE(47)] "FB NOT READY", source: file:///android_asset/www/js/HomeView.js (47)
D/WifiStateMachine( 1016): handleMessage: X
D/WifiStateMachine( 1016): handleMessage: E msg.what=131155
D/WifiStateMachine( 1016): processMsg: ConnectedState
D/WifiStateMachine( 1016): processMsg: L2ConnectedState
D/WifiStateMachine( 1016): handleMessage: X
D/CordovaLog(17613): file:///android_asset/www/js/HomeView.js: Line 47 : FB NOT READY
I/chromium(17613): [INFO:CONSOLE(47)] "FB NOT READY", source: file:///android_asset/www/js/HomeView.js (47)
D/WifiStateMachine( 1016): handleMessage: E msg.what=151572
D/WifiStateMachine( 1016): processMsg: ConnectedState
D/WifiStateMachine( 1016): processMsg: L2ConnectedState
D/CordovaLog(17613): file:///android_asset/www/js/HomeView.js: Line 47 : FB NOT READY
I/chromium(17613): [INFO:CONSOLE(47)] "FB NOT READY", source: file:///android_asset/www/js/HomeView.js (47)
D/WifiStateMachine( 1016): handleMessage: X
D/CordovaLog(17613): file:///android_asset/www/js/HomeView.js: Line 47 : FB NOT READY
I/chromium(17613): [INFO:CONSOLE(47)] "FB NOT READY", source: file:///android_asset/www/js/HomeView.js (47)
D/WifiStateMachine( 1016): handleMessage: E msg.what=151572
D/WifiStateMachine( 1016): processMsg: ConnectedState
D/WifiStateMachine( 1016): processMsg: L2ConnectedState
D/WifiStateMachine( 1016): handleMessage: X
D/CordovaLog(17613): file:///android_asset/www/js/HomeView.js: Line 47 : FB NOT READY
I/chromium(17613): [INFO:CONSOLE(47)] "FB NOT READY", source: file:///android_asset/www/js/HomeView.js (47)
D/CordovaLog(17613): file:///android_asset/www/js/HomeView.js: Line 47 : FB NOT READY
I/chromium(17613): [INFO:CONSOLE(47)] "FB NOT READY", source: file:///android_asset/www/js/HomeView.js (47)
D/WifiStateMachine( 1016): handleMessage: E msg.what=151572
D/WifiStateMachine( 1016): processMsg: ConnectedState
D/WifiStateMachine( 1016): processMsg: L2ConnectedState
D/WifiStateMachine( 1016): handleMessage: X
D/CordovaLog(17613): file:///android_asset/www/js/HomeView.js: Line 47 : FB NOT READY
I/chromium(17613): [INFO:CONSOLE(47)] "FB NOT READY", source: file:///android_asset/www/js/HomeView.js (47)
D/WifiStateMachine( 1016): handleMessage: E msg.what=131155
D/WifiStateMachine( 1016): processMsg: ConnectedState
D/WifiStateMachine( 1016): processMsg: L2ConnectedState
D/WifiStateMachine( 1016): handleMessage: X
D/CordovaLog(17613): file:///android_asset/www/js/HomeView.js: Line 47 : FB NOT READY
I/chromium(17613): [INFO:CONSOLE(47)] "FB NOT READY", source: file:///android_asset/www/js/HomeView.js (47)
D/WifiStateMachine( 1016): handleMessage: E msg.what=151572
D/WifiStateMachine( 1016): processMsg: ConnectedState
D/WifiStateMachine( 1016): processMsg: L2ConnectedState
D/WifiStateMachine( 1016): handleMessage: X
D/CordovaLog(17613): file:///android_asset/www/js/HomeView.js: Line 47 : FB NOT READY
I/chromium(17613): [INFO:CONSOLE(47)] "FB NOT READY", source: file:///android_asset/www/js/HomeView.js (47)
D/CordovaLog(17613): file:///android_asset/www/js/HomeView.js: Line 47 : FB NOT READY
I/chromium(17613): [INFO:CONSOLE(47)] "FB NOT READY", source: file:///android_asset/www/js/HomeView.js (47)
D/WifiStateMachine( 1016): handleMessage: E msg.what=151572
D/WifiStateMachine( 1016): processMsg: ConnectedState
D/WifiStateMachine( 1016): processMsg: L2ConnectedState
D/WifiStateMachine( 1016): handleMessage: X
D/CordovaLog(17613): file:///android_asset/www/js/HomeView.js: Line 47 : FB NOT READY
I/chromium(17613): [INFO:CONSOLE(47)] "FB NOT READY", source: file:///android_asset/www/js/HomeView.js (47)
D/CordovaLog(17613): file:///android_asset/www/js/HomeView.js: Line 47 : FB NOT READY
I/chromium(17613): [INFO:CONSOLE(47)] "FB NOT READY", source: file:///android_asset/www/js/HomeView.js (47)
D/WifiStateMachine( 1016): handleMessage: E msg.what=151572
D/WifiStateMachine( 1016): processMsg: ConnectedState
D/WifiStateMachine( 1016): processMsg: L2ConnectedState
D/WifiStateMachine( 1016): handleMessage: X
D/CordovaLog(17613): file:///android_asset/www/js/HomeView.js: Line 47 : FB NOT READY
I/chromium(17613): [INFO:CONSOLE(47)] "FB NOT READY", source: file:///android_asset/www/js/HomeView.js (47)
D/WifiStateMachine( 1016): handleMessage: E msg.what=131155
D/WifiStateMachine( 1016): processMsg: ConnectedState
D/WifiStateMachine( 1016): processMsg: L2ConnectedState
D/WifiStateMachine( 1016): handleMessage: X
D/CordovaLog(17613): file:///android_asset/www/js/HomeView.js: Line 47 : FB NOT READY
I/chromium(17613): [INFO:CONSOLE(47)] "FB NOT READY", source: file:///android_asset/www/js/HomeView.js (47)
D/WifiStateMachine( 1016): handleMessage: E msg.what=151572
D/WifiStateMachine( 1016): processMsg: ConnectedState
D/WifiStateMachine( 1016): processMsg: L2ConnectedState
D/WifiStateMachine( 1016): handleMessage: X
D/CordovaLog(17613): file:///android_asset/www/js/HomeView.js: Line 47 : FB NOT READY
I/chromium(17613): [INFO:CONSOLE(47)] "FB NOT READY", source: file:///android_asset/www/js/HomeView.js (47)
D/CordovaLog(17613): file:///android_asset/www/js/HomeView.js: Line 47 : FB NOT READY
I/chromium(17613): [INFO:CONSOLE(47)] "FB NOT READY", source: file:///android_asset/www/js/HomeView.js (47)
D/WifiStateMachine( 1016): handleMessage: E msg.what=151572
D/WifiStateMachine( 1016): processMsg: ConnectedState
D/WifiStateMachine( 1016): processMsg: L2ConnectedState
D/WifiStateMachine( 1016): handleMessage: X
D/CordovaLog(17613): file:///android_asset/www/js/HomeView.js: Line 47 : FB NOT READY
I/chromium(17613): [INFO:CONSOLE(47)] "FB NOT READY", source: file:///android_asset/www/js/HomeView.js (47)
V/AlarmManager( 1016): sending alarm Alarm{43a7bd18 type 3 com.devexpert.weather}
V/AlarmManager( 1016): sending alarm Alarm{43a351c0 type 0 com.android.vending}
I/ActivityManager( 1016): Start proc com.devexpert.weather for broadcast com.devexpert.weather/.view.WidgetWeather2x1: pid=17792 uid=10112 gids={50112, 3003, 1028, 1015}
